Compilaci├│n iniciada a las 22/04/2025 5:14:51 p.┬ám..
     0>No se us├│ el terminal de Logger porque la salida se est├í redirigiendo a un archivo.
       Proceso: "C:\Program Files\dotnet\dotnet.exe"
       Ruta de acceso al ejecutable de MSBuild: "C:\Program Files\dotnet\sdk\9.0.201\MSBuild.dll"
       Argumentos de la l├¡nea de comandos: "C:\Program Files\dotnet\sdk\9.0.201\MSBuild.dll -maxcpucount -verbosity:m -tlp:default=auto -nologo -restore -consoleloggerparameters:Summary -verbosity:detailed -distributedlogger:Microsoft.DotNet.Tools.MSBuild.MSBuildLogger,C:\Program Files\dotnet\sdk\9.0.201\dotnet.dll*Microsoft.DotNet.Tools.MSBuild.MSBuildForwardingLogger,C:\Program Files\dotnet\sdk\9.0.201\dotnet.dll"
       Directorio actual: "D:\Users\Jhon\Documentos\Mintrabajo\Modulo General usuarios\AuthSystemNew"
       Versi├│n de MSBuild: "17.13.13+1c2026462"
       De acuerdo con la clave del Registro de Windows LongPathsEnabled, la caracter├¡stica LongPaths est├í deshabilitada.
       D:\Users\Jhon\Documentos\Mintrabajo\Modulo General usuarios\AuthSystemNew\AuthSystem.sln.metaproj : message : Propiedad "MSBuildExtensionsPath" con el valor "C:\Program Files\dotnet\sdk\9.0.201\" expandido desde el entorno.
       Ensamblado cargado durante Evaluation: System.Threading.Tasks.Parallel, Version=9.0.0.0, Culture=neutral, PublicKeyToken=b03f5f7f11d50a3a(ubicaci├│n: C:\Program Files\dotnet\shared\Microsoft.NETCore.App\9.0.3\System.Threading.Tasks.Parallel.dll, MVID: 68965ee3-3cc1-479e-ad02-9f1d1109fa63, AssemblyLoadContext: Default)
       Reasignaci├│n de propiedad: $(_GenerateRestoreGraphProjectEntryInputProperties)="
             ExcludeRestorePackageImports=true;
             _RestoreSolutionFileUsed=true;
             SolutionDir=D:\Users\Jhon\Documentos\Mintrabajo\Modulo General usuarios\AuthSystemNew\;
             SolutionName=AuthSystem;
             SolutionFileName=AuthSystem.sln;
             SolutionPath=D:\Users\Jhon\Documentos\Mintrabajo\Modulo General usuarios\AuthSystemNew\AuthSystem.sln;
             SolutionExt=.sln;
           " (valor anterior: "ExcludeRestorePackageImports=true") en C:\Program Files\dotnet\sdk\9.0.201\NuGet.targets (101,5)
       Ensamblado cargado durante Evaluation: System.Numerics.Vectors, Version=9.0.0.0, Culture=neutral, PublicKeyToken=b03f5f7f11d50a3a(ubicaci├│n: C:\Program Files\dotnet\shared\Microsoft.NETCore.App\9.0.3\System.Numerics.Vectors.dll, MVID: 743ade52-2330-46c7-b563-1da9d937525f, AssemblyLoadContext: Default)
       Invalidando el destino "Restore" del proyecto"D:\Users\Jhon\Documentos\Mintrabajo\Modulo General usuarios\AuthSystemNew\AuthSystem.sln.metaproj" con el destino "Restore" del proyecto "C:\Program Files\dotnet\sdk\9.0.201\NuGet.targets".
       El destino "Store" que aparece en un atributo BeforeTargets en "C:\Program Files\dotnet\sdk\9.0.201\Current\SolutionFile\ImportAfter\Microsoft.NET.Sdk.Solution.targets (33,11)" no existe en el proyecto y se omitir├í.
       El destino "VSTest" que aparece en un atributo BeforeTargets en "C:\Program Files\dotnet\sdk\9.0.201\Current\SolutionFile\ImportAfter\Microsoft.NET.Sdk.Solution.targets (33,11)" no existe en el proyecto y se omitir├í.
       El destino "_CheckForInvalidConfigurationAndPlatform" que aparece en un atributo BeforeTargets en "C:\Program Files\dotnet\sdk\9.0.201\NuGet.targets (700,11)" no existe en el proyecto y se omitir├í.
     1>Proyecto "D:\Users\Jhon\Documentos\Mintrabajo\Modulo General usuarios\AuthSystemNew\AuthSystem.sln" en el nodo 1 (Restore destinos).
     1>Destino "ValidateSolutionConfiguration" en el archivo "D:\Users\Jhon\Documentos\Mintrabajo\Modulo General usuarios\AuthSystemNew\AuthSystem.sln.metaproj" del proyecto "D:\Users\Jhon\Documentos\Mintrabajo\Modulo General usuarios\AuthSystemNew\AuthSystem.sln" (punto de entrada):
     1>Se omiti├│ la tarea "Error" debido a una condici├│n falsa (False); (('$(CurrentSolutionConfigurationContents)' == '') and ('$(SkipInvalidConfigurations)' != 'true')) se evalu├│ como (('<SolutionConfiguration>
  <ProjectConfiguration Project="{84B4B2EC-9564-4C68-8821-46DADEE81E7C}" AbsolutePath="D:\Users\Jhon\Documentos\Mintrabajo\Modulo General usuarios\AuthSystemNew\AuthSystem.API\AuthSystem.API.csproj" BuildProjectInSolution="True">Debug|AnyCPU</ProjectConfiguration>
  <ProjectConfiguration Project="{FD2BB2C6-39C5-4826-954E-B677EDD5C48A}" AbsolutePath="D:\Users\Jhon\Documentos\Mintrabajo\Modulo General usuarios\AuthSystemNew\AuthSystem.Domain\AuthSystem.Domain.csproj" BuildProjectInSolution="True">Debug|AnyCPU</ProjectConfiguration>
  <ProjectConfiguration Project="{11F2B1A0-A3CB-4B6E-8E2F-52DA1BA9822A}" AbsolutePath="D:\Users\Jhon\Documentos\Mintrabajo\Modulo General usuarios\AuthSystemNew\AuthSystem.Application\AuthSystem.Application.csproj" BuildProjectInSolution="True">Debug|AnyCPU</ProjectConfiguration>
  <ProjectConfiguration Project="{B058BB52-099C-4EE7-959C-FD5F7560FCDF}" AbsolutePath="D:\Users\Jhon\Documentos\Mintrabajo\Modulo General usuarios\AuthSystemNew\AuthSystem.Infr...' == '') and ('' != 'true')).
       Se omiti├│ la tarea "Warning" debido a una condici├│n falsa (False); (('$(CurrentSolutionConfigurationContents)' == '') and ('$(SkipInvalidConfigurations)' == 'true')) se evalu├│ como (('<SolutionConfiguration>
         <ProjectConfiguration Project="{84B4B2EC-9564-4C68-8821-46DADEE81E7C}" AbsolutePath="D:\Users\Jhon\Documentos\Mintrabajo\Modulo General usuarios\AuthSystemNew\AuthSystem.API\AuthSystem.API.csproj" BuildProjectInSolution="True">Debug|AnyCPU</ProjectConfiguration>
         <ProjectConfiguration Project="{FD2BB2C6-39C5-4826-954E-B677EDD5C48A}" AbsolutePath="D:\Users\Jhon\Documentos\Mintrabajo\Modulo General usuarios\AuthSystemNew\AuthSystem.Domain\AuthSystem.Domain.csproj" BuildProjectInSolution="True">Debug|AnyCPU</ProjectConfiguration>
         <ProjectConfiguration Project="{11F2B1A0-A3CB-4B6E-8E2F-52DA1BA9822A}" AbsolutePath="D:\Users\Jhon\Documentos\Mintrabajo\Modulo General usuarios\AuthSystemNew\AuthSystem.Application\AuthSystem.Application.csproj" BuildProjectInSolution="True">Debug|AnyCPU</ProjectConfiguration>
         <ProjectConfiguration Project="{B058BB52-099C-4EE7-959C-FD5F7560FCDF}" AbsolutePath="D:\Users\Jhon\Documentos\Mintrabajo\Modulo General usuarios\AuthSystemNew\AuthSystem.Infr...' == '') and ('' == 'true')).
       Usando la tarea "Message" del ensamblado "Microsoft.Build.Tasks.Core, Version=15.1.0.0, Culture=neutral, PublicKeyToken=b03f5f7f11d50a3a".
       Tarea "Message"
         Compilando la configuraci├│n de soluciones "Debug|Any CPU".
       Ejecuci├│n de la tarea "Message" terminada.
     1>Compilaci├│n terminada del destino "ValidateSolutionConfiguration" en el proyecto "AuthSystem.sln".
     1>Destino "ValidateToolsVersions" en el archivo "D:\Users\Jhon\Documentos\Mintrabajo\Modulo General usuarios\AuthSystemNew\AuthSystem.sln.metaproj" del proyecto "D:\Users\Jhon\Documentos\Mintrabajo\Modulo General usuarios\AuthSystemNew\AuthSystem.sln" (punto de entrada):
       Se omiti├│ la tarea "Error" debido a una condici├│n falsa (False); ('$(MSBuildToolsVersion)' == '2.0' and ('$(ProjectToolsVersion)' != '2.0' and '$(ProjectToolsVersion)' != '')) se evalu├│ como ('Current' == '2.0' and ('' != '2.0' and '' != '')).
     1>Compilaci├│n terminada del destino "ValidateToolsVersions" en el proyecto "AuthSystem.sln".
     1>Destino "ValidateProjects" en el archivo "D:\Users\Jhon\Documentos\Mintrabajo\Modulo General usuarios\AuthSystemNew\AuthSystem.sln.metaproj" del proyecto "D:\Users\Jhon\Documentos\Mintrabajo\Modulo General usuarios\AuthSystemNew\AuthSystem.sln" (punto de entrada):
     1>Compilaci├│n terminada del destino "ValidateProjects" en el proyecto "AuthSystem.sln".
     1>Destino "_LoadRestoreGraphEntryPoints" en el archivo "C:\Program Files\dotnet\sdk\9.0.201\NuGet.targets" del proyecto "D:\Users\Jhon\Documentos\Mintrabajo\Modulo General usuarios\AuthSystemNew\AuthSystem.sln" (el destino "_FilterRestoreGraphProjectInputItems" depende de ├®l):
       Ensamblado cargado durante TaskRun: NuGet.Build.Tasks, Version=6.13.1.1, Culture=neutral, PublicKeyToken=31bf3856ad364e35(ubicaci├│n: C:\Program Files\dotnet\sdk\9.0.201\NuGet.Build.Tasks.dll, MVID: f47c153b-8005-4f81-a8a8-d24629ca32d6, AssemblyLoadContext: MSBuild plugin C:\Program Files\dotnet\sdk\9.0.201\NuGet.Build.Tasks.dll)
       Ensamblado cargado durante TaskRun: System.Reflection.Metadata, Version=9.0.0.0, Culture=neutral, PublicKeyToken=b03f5f7f11d50a3a(ubicaci├│n: C:\Program Files\dotnet\shared\Microsoft.NETCore.App\9.0.3\System.Reflection.Metadata.dll, MVID: 128be4f1-dda2-4991-a84d-0a8d1358a598, AssemblyLoadContext: Default)
       Ensamblado cargado durante TaskRun: NuGet.Common, Version=6.13.1.1, Culture=neutral, PublicKeyToken=31bf3856ad364e35(ubicaci├│n: C:\Program Files\dotnet\sdk\9.0.201\NuGet.Common.dll, MVID: 82763aec-c67f-4328-8a4d-e89de2a3e4dc, AssemblyLoadContext: MSBuild plugin C:\Program Files\dotnet\sdk\9.0.201\NuGet.Build.Tasks.dll)
       Ensamblado cargado durante TaskRun: NuGet.Commands, Version=6.13.1.1, Culture=neutral, PublicKeyToken=31bf3856ad364e35(ubicaci├│n: C:\Program Files\dotnet\sdk\9.0.201\NuGet.Commands.dll, MVID: 981811bd-2d29-4f1c-a5c8-f5f923154f9b, AssemblyLoadContext: MSBuild plugin C:\Program Files\dotnet\sdk\9.0.201\NuGet.Build.Tasks.dll)
       Ensamblado cargado durante TaskRun: NuGet.ProjectModel, Version=6.13.1.1, Culture=neutral, PublicKeyToken=31bf3856ad364e35(ubicaci├│n: C:\Program Files\dotnet\sdk\9.0.201\NuGet.ProjectModel.dll, MVID: 071ca693-0d22-47ce-a5ae-7406a300b9d2, AssemblyLoadContext: MSBuild plugin C:\Program Files\dotnet\sdk\9.0.201\NuGet.Build.Tasks.dll)
       Usando la tarea "GetRestoreSolutionProjectsTask" del ensamblado "C:\Program Files\dotnet\sdk\9.0.201\NuGet.Build.Tasks.dll".
       Tarea "GetRestoreSolutionProjectsTask"
       Ejecuci├│n de la tarea "GetRestoreSolutionProjectsTask" terminada.
     1>Compilaci├│n terminada del destino "_LoadRestoreGraphEntryPoints" en el proyecto "AuthSystem.sln".
     1>Destino "_FilterRestoreGraphProjectInputItems" en el archivo "C:\Program Files\dotnet\sdk\9.0.201\NuGet.targets" del proyecto "D:\Users\Jhon\Documentos\Mintrabajo\Modulo General usuarios\AuthSystemNew\AuthSystem.sln" (el destino "_GenerateRestoreGraph" depende de ├®l):
       Usando la tarea "RemoveDuplicates" del ensamblado "Microsoft.Build.Tasks.Core, Version=15.1.0.0, Culture=neutral, PublicKeyToken=b03f5f7f11d50a3a".
       Tarea "RemoveDuplicates"
       Ejecuci├│n de la tarea "RemoveDuplicates" terminada.
       Usando la tarea "MSBuild" del ensamblado "Microsoft.Build.Tasks.Core, Version=15.1.0.0, Culture=neutral, PublicKeyToken=b03f5f7f11d50a3a".
       Tarea "MSBuild"
         Propiedades globales:
           ExcludeRestorePackageImports=true
           _RestoreSolutionFileUsed=true
           SolutionDir=D:\Users\Jhon\Documentos\Mintrabajo\Modulo General usuarios\AuthSystemNew\
           SolutionName=AuthSystem
           SolutionFileName=AuthSystem.sln
           SolutionPath=D:\Users\Jhon\Documentos\Mintrabajo\Modulo General usuarios\AuthSystemNew\AuthSystem.sln
           SolutionExt=.sln
         Propiedades adicionales del proyecto "D:\Users\Jhon\Documentos\Mintrabajo\Modulo General usuarios\AuthSystemNew\AuthSystem.API\AuthSystem.API.csproj":
           Configuration=Debug
           Platform=AnyCPU
         Propiedades adicionales del proyecto "D:\Users\Jhon\Documentos\Mintrabajo\Modulo General usuarios\AuthSystemNew\AuthSystem.Domain\AuthSystem.Domain.csproj":
           Configuration=Debug
           Platform=AnyCPU
         Propiedades adicionales del proyecto "D:\Users\Jhon\Documentos\Mintrabajo\Modulo General usuarios\AuthSystemNew\AuthSystem.Application\AuthSystem.Application.csproj":
           Configuration=Debug
           Platform=AnyCPU
         Propiedades adicionales del proyecto "D:\Users\Jhon\Documentos\Mintrabajo\Modulo General usuarios\AuthSystemNew\AuthSystem.Infrastructure\AuthSystem.Infrastructure.csproj":
           Configuration=Debug
           Platform=AnyCPU
         Propiedades adicionales del proyecto "D:\Users\Jhon\Documentos\Mintrabajo\Modulo General usuarios\AuthSystemNew\AuthSystem.UnitTests\AuthSystem.UnitTests.csproj":
           Configuration=Debug
           Platform=AnyCPU
         Propiedades adicionales del proyecto "D:\Users\Jhon\Documentos\Mintrabajo\Modulo General usuarios\AuthSystemNew\AuthSystem.IntegrationTests\AuthSystem.IntegrationTests.csproj":
           Configuration=Debug
           Platform=AnyCPU
     0>El SDK "Microsoft.NET.Sdk.Web" se resolvi├│ correctamente mediante el resolvedor "DefaultSdkResolver" a la ubicaci├│n "C:\Program Files\dotnet\sdk\9.0.201\Sdks\Microsoft.NET.Sdk.Web\Sdk" y la versi├│n "".
       Ensamblado cargado durante Evaluation: NuGet.Frameworks, Version=6.13.1.1, Culture=neutral, PublicKeyToken=31bf3856ad364e35(ubicaci├│n: C:\Program Files\dotnet\sdk\9.0.201\NuGet.Frameworks.dll, MVID: c6731e31-84cf-42b1-a40d-96c2afe511dc, AssemblyLoadContext: Assembly.LoadFile(C:\Program Files\dotnet\sdk\9.0.201\NuGet.Frameworks.dll))
       El SDK "Microsoft.NET.Sdk" se resolvi├│ correctamente mediante el resolvedor "DefaultSdkResolver" a la ubicaci├│n "C:\Program Files\dotnet\sdk\9.0.201\Sdks\Microsoft.NET.Sdk\Sdk" y la versi├│n "".
       C:\Program Files\dotnet\sdk\9.0.201\Sdks\Microsoft.NET.Sdk\Sdk\Sdk.props(49,11): message : Propiedad "MSBuildExtensionsPath" con el valor "C:\Program Files\dotnet\sdk\9.0.201\" expandido desde el entorno.
       Reasignaci├│n de propiedad: $(MSBuildProjectExtensionsPath)="D:\Users\Jhon\Documentos\Mintrabajo\Modulo General usuarios\AuthSystemNew\AuthSystem.API\obj\" (valor anterior: "obj\") en C:\Program Files\dotnet\sdk\9.0.201\Current\Microsoft.Common.props (60,5)
       C:\Program Files\dotnet\sdk\9.0.201\Current\Microsoft.Common.props(84,119): message : Propiedad "MSBuildUserExtensionsPath" con el valor "C:\Users\JHON\AppData\Local\Microsoft\MSBuild" expandido desde el entorno.
       La propiedad "Configuration" es global y no se puede modificar.
       La propiedad "Platform" es global y no se puede modificar.
       La propiedad "Configuration" es global y no se puede modificar.
       La propiedad "Platform" es global y no se puede modificar.
       Reasignaci├│n de propiedad: $(AssemblySearchPaths)="{CandidateAssemblyFiles};{HintPathFromItem}" (valor anterior: "{CandidateAssemblyFiles}") en C:\Program Files\dotnet\sdk\9.0.201\Sdks\Microsoft.NET.Sdk\targets\Microsoft.NET.Sdk.props (90,5)
       Reasignaci├│n de propiedad: $(AssemblySearchPaths)="{CandidateAssemblyFiles};{HintPathFromItem};{TargetFrameworkDirectory}" (valor anterior: "{CandidateAssemblyFiles};{HintPathFromItem}") en C:\Program Files\dotnet\sdk\9.0.201\Sdks\Microsoft.NET.Sdk\targets\Microsoft.NET.Sdk.props (91,5)
       Reasignaci├│n de propiedad: $(AssemblySearchPaths)="{CandidateAssemblyFiles};{HintPathFromItem};{TargetFrameworkDirectory};{RawFileName}" (valor anterior: "{CandidateAssemblyFiles};{HintPathFromItem};{TargetFrameworkDirectory}") en C:\Program Files\dotnet\sdk\9.0.201\Sdks\Microsoft.NET.Sdk\targets\Microsoft.NET.Sdk.props (92,5)
       El solucionador "DefaultSdkResolver" intent├│ resolver el SDK "Microsoft.NET.SDK.WorkloadAutoImportPropsLocator".
       Advertencias: null
       Errores: MSB4276: La resoluci├│n predeterminada del SDK no pudo resolver el SDK "Microsoft.NET.SDK.WorkloadAutoImportPropsLocator" porque el directorio "C:\Program Files\dotnet\sdk\9.0.201\Sdks\Microsoft.NET.SDK.WorkloadAutoImportPropsLocator\Sdk" no exist├¡a.
       Ensamblado cargado durante Evaluation: Microsoft.Build.NuGetSdkResolver, Version=6.13.1.1, Culture=neutral, PublicKeyToken=31bf3856ad364e35(ubicaci├│n: C:\Program Files\dotnet\sdk\9.0.201\Microsoft.Build.NuGetSdkResolver.dll, MVID: 289be7f8-a147-4816-b424-394c9194c8fa, AssemblyLoadContext: MSBuild plugin C:\Program Files\dotnet\sdk\9.0.201\Microsoft.Build.NuGetSdkResolver.dll)
       Ensamblado cargado durante Evaluation: NuGet.Common, Version=6.13.1.1, Culture=neutral, PublicKeyToken=31bf3856ad364e35(ubicaci├│n: C:\Program Files\dotnet\sdk\9.0.201\NuGet.Common.dll, MVID: 82763aec-c67f-4328-8a4d-e89de2a3e4dc, AssemblyLoadContext: MSBuild plugin C:\Program Files\dotnet\sdk\9.0.201\Microsoft.Build.NuGetSdkResolver.dll)
       Ensamblado cargado durante Evaluation: Microsoft.NET.Sdk.WorkloadMSBuildSdkResolver, Version=9.0.201.0, Culture=neutral, PublicKeyToken=31bf3856ad364e35(ubicaci├│n: C:\Program Files\dotnet\sdk\9.0.201\Microsoft.NET.Sdk.WorkloadMSBuildSdkResolver.dll, MVID: adc0c5b4-f18f-4e77-bd43-56f0a1cd4ff2, AssemblyLoadContext: MSBuild plugin C:\Program Files\dotnet\sdk\9.0.201\Microsoft.NET.Sdk.WorkloadMSBuildSdkResolver.dll)
       Ensamblado cargado durante Evaluation: Microsoft.DotNet.Cli.Utils, Version=9.0.201.0, Culture=neutral, PublicKeyToken=adb9793829ddae60(ubicaci├│n: C:\Program Files\dotnet\sdk\9.0.201\Microsoft.DotNet.Cli.Utils.dll, MVID: 5ed1d6ca-9c5e-4b19-8a6e-0365f0cb91de, AssemblyLoadContext: MSBuild plugin C:\Program Files\dotnet\sdk\9.0.201\Microsoft.NET.Sdk.WorkloadMSBuildSdkResolver.dll)
       Ensamblado cargado durante Evaluation: Microsoft.NET.Sdk.WorkloadManifestReader, Version=9.0.201.0, Culture=neutral, PublicKeyToken=adb9793829ddae60(ubicaci├│n: C:\Program Files\dotnet\sdk\9.0.201\Microsoft.NET.Sdk.WorkloadManifestReader.dll, MVID: fe08c29e-479b-47e1-8887-05a026315245, AssemblyLoadContext: MSBuild plugin C:\Program Files\dotnet\sdk\9.0.201\Microsoft.NET.Sdk.WorkloadMSBuildSdkResolver.dll)
       Ensamblado cargado durante Evaluation: Microsoft.Deployment.DotNet.Releases, Version=2.0.0.0, Culture=neutral, PublicKeyToken=31bf3856ad364e35(ubicaci├│n: C:\Program Files\dotnet\sdk\9.0.201\Microsoft.Deployment.DotNet.Releases.dll, MVID: 400d16c0-099c-46d2-bc0e-802a0637399b, AssemblyLoadContext: MSBuild plugin C:\Program Files\dotnet\sdk\9.0.201\Microsoft.NET.Sdk.WorkloadMSBuildSdkResolver.dll)
       El SDK "Microsoft.NET.SDK.WorkloadAutoImportPropsLocator" se resolvi├│ correctamente mediante el resolvedor "Microsoft.DotNet.MSBuildWorkloadSdkResolver" a la ubicaci├│n "C:\Program Files\dotnet\packs\Microsoft.NET.Runtime.WebAssembly.Sdk\9.0.3\Sdk" y la versi├│n "null".
       Reasignaci├│n de propiedad: $(WasmNativeWorkload)="true" (valor anterior: "net9.0") en C:\Program Files\dotnet\packs\Microsoft.NET.Runtime.WebAssembly.Sdk\6.0.36\Sdk\AutoImport.props (3,5)
       Reasignaci├│n de propiedad: $(TargetsForTfmSpecificContentInPackage)=";PackTool;_PackProjectToolValidation" (valor anterior: ";PackTool") en C:\Program Files\dotnet\sdk\9.0.201\Sdks\Microsoft.NET.Sdk\targets\Microsoft.NET.PackProjectTool.props (15,5)
       El SDK "Microsoft.NET.Sdk.Razor" se resolvi├│ correctamente mediante el resolvedor "DefaultSdkResolver" a la ubicaci├│n "C:\Program Files\dotnet\sdk\9.0.201\Sdks\Microsoft.NET.Sdk.Razor\Sdk" y la versi├│n "".
       El SDK "Microsoft.NET.Sdk.StaticWebAssets" se resolvi├│ correctamente mediante el resolvedor "DefaultSdkResolver" a la ubicaci├│n "C:\Program Files\dotnet\sdk\9.0.201\Sdks\Microsoft.NET.Sdk.StaticWebAssets\Sdk" y la versi├│n "".
       Reasignaci├│n de propiedad: $(DefaultItemExcludes)=";**\node_modules\**;node_modules\**;**\jspm_packages\**;jspm_packages\**" (valor anterior: ";**\node_modules\**;node_modules\**") en C:\Program Files\dotnet\sdk\9.0.201\Sdks\Microsoft.NET.Sdk.StaticWebAssets\Sdk\Sdk.StaticWebAssets.StaticAssets.ProjectSystem.props (23,5)
       Reasignaci├│n de propiedad: $(DefaultItemExcludes)=";**\node_modules\**;node_modules\**;**\jspm_packages\**;jspm_packages\**;**\bower_components\**;bower_components\**" (valor anterior: ";**\node_modules\**;node_modules\**;**\jspm_packages\**;jspm_packages\**") en C:\Program Files\dotnet\sdk\9.0.201\Sdks\Microsoft.NET.Sdk.StaticWebAssets\Sdk\Sdk.StaticWebAssets.StaticAssets.ProjectSystem.props (24,5)
       Reasignaci├│n de propiedad: $(DefaultItemExcludes)=";**\node_modules\**;node_modules\**;**\jspm_packages\**;jspm_packages\**;**\bower_components\**;bower_components\**;**\packages.lock.json" (valor anterior: ";**\node_modules\**;node_modules\**;**\jspm_packages\**;jspm_packages\**;**\bower_components\**;bower_components\**") en C:\Program Files\dotnet\sdk\9.0.201\Sdks\Microsoft.NET.Sdk.StaticWebAssets\Sdk\Sdk.StaticWebAssets.StaticAssets.ProjectSystem.props (25,5)
       El SDK "Microsoft.NET.Sdk.Web.ProjectSystem" se resolvi├│ correctamente mediante el resolvedor "DefaultSdkResolver" a la ubicaci├│n "C:\Program Files\dotnet\sdk\9.0.201\Sdks\Microsoft.NET.Sdk.Web.ProjectSystem\Sdk" y la versi├│n "".
       Reasignaci├│n de propiedad: $(OutputType)="Exe" (valor anterior: "Library") en C:\Program Files\dotnet\sdk\9.0.201\Sdks\Microsoft.NET.Sdk.Web.ProjectSystem\targets\Microsoft.NET.Sdk.Web.ProjectSystem.props (16,5)
       El SDK "Microsoft.NET.Sdk.Publish" se resolvi├│ correctamente mediante el resolvedor "DefaultSdkResolver" a la ubicaci├│n "C:\Program Files\dotnet\sdk\9.0.201\Sdks\Microsoft.NET.Sdk.Publish\Sdk" y la versi├│n "".
       La propiedad "Configuration" es global y no se puede modificar.
       La propiedad "Platform" es global y no se puede modificar.
       Reasignaci├│n de propiedad: $(PublishProfileImported)="false" (valor anterior: "true") en C:\Program Files\dotnet\sdk\9.0.201\Sdks\Microsoft.NET.Sdk\targets\Microsoft.NET.Sdk.ImportPublishProfile.targets (28,5)
       Reasignaci├│n de propiedad: $(TargetPlatformVersion)="" (valor anterior: "0.0") en C:\Program Files\dotnet\sdk\9.0.201\Sdks\Microsoft.NET.Sdk\targets\Microsoft.NET.TargetFrameworkInference.targets (69,5)
       Reasignaci├│n de propiedad: $(DefaultItemExcludes)=";**\node_modules\**;node_modules\**;**\jspm_packages\**;jspm_packages\**;**\bower_components\**;bower_components\**;**\packages.lock.json;bin\Debug\/**" (valor anterior: ";**\node_modules\**;node_modules\**;**\jspm_packages\**;jspm_packages\**;**\bower_components\**;bower_components\**;**\packages.lock.json") en C:\Program Files\dotnet\sdk\9.0.201\Sdks\Microsoft.NET.Sdk\targets\Microsoft.NET.DefaultOutputPaths.targets (121,5)
       Reasignaci├│n de propiedad: $(DefaultItemExcludes)=";**\node_modules\**;node_modules\**;**\jspm_packages\**;jspm_packages\**;**\bower_components\**;bower_components\**;**\packages.lock.json;bin\Debug\/**;obj\Debug\/**" (valor anterior: ";**\node_modules\**;node_modules\**;**\jspm_packages\**;jspm_packages\**;**\bower_components\**;bower_components\**;**\packages.lock.json;bin\Debug\/**") en C:\Program Files\dotnet\sdk\9.0.201\Sdks\Microsoft.NET.Sdk\targets\Microsoft.NET.DefaultOutputPaths.targets (122,5)
       Reasignaci├│n de propiedad: $(OutputPath)="bin\Debug\net8.0\" (valor anterior: "bin\Debug\") en C:\Program Files\dotnet\sdk\9.0.201\Sdks\Microsoft.NET.Sdk\targets\Microsoft.NET.DefaultOutputPaths.targets (137,5)
       Reasignaci├│n de propiedad: $(IntermediateOutputPath)="obj\Debug\net8.0\" (valor anterior: "obj\Debug\") en C:\Program Files\dotnet\sdk\9.0.201\Sdks\Microsoft.NET.Sdk\targets\Microsoft.NET.DefaultOutputPaths.targets (142,5)
       El solucionador "DefaultSdkResolver" intent├│ resolver el SDK "Microsoft.NET.SDK.WorkloadManifestTargetsLocator".
       Advertencias: null
       Errores: MSB4276: La resoluci├│n predeterminada del SDK no pudo resolver el SDK "Microsoft.NET.SDK.WorkloadManifestTargetsLocator" porque el directorio "C:\Program Files\dotnet\sdk\9.0.201\Sdks\Microsoft.NET.SDK.WorkloadManifestTargetsLocator\Sdk" no exist├¡a.
       Ensamblado cargado durante Evaluation: System.IO.Pipes, Version=9.0.0.0, Culture=neutral, PublicKeyToken=b03f5f7f11d50a3a(ubicaci├│n: C:\Program Files\dotnet\shared\Microsoft.NETCore.App\9.0.3\System.IO.Pipes.dll, MVID: 2cdcc652-c5eb-4c60-9d44-b3e3686680c6, AssemblyLoadContext: Default)
       Ensamblado cargado durante Evaluation: System.Threading.Overlapped, Version=9.0.0.0, Culture=neutral, PublicKeyToken=b03f5f7f11d50a3a(ubicaci├│n: C:\Program Files\dotnet\shared\Microsoft.NETCore.App\9.0.3\System.Threading.Overlapped.dll, MVID: 64aad6de-64ef-435c-bcb1-0f344a730e8a, AssemblyLoadContext: Default)
       Ensamblado cargado durante Evaluation: System.Security.AccessControl, Version=9.0.0.0, Culture=neutral, PublicKeyToken=b03f5f7f11d50a3a(ubicaci├│n: C:\Program Files\dotnet\shared\Microsoft.NETCore.App\9.0.3\System.Security.AccessControl.dll, MVID: 8a4a2afa-2f82-469b-9ce2-30e5a8d711cc, AssemblyLoadContext: Default)
       El SDK "Microsoft.NET.SDK.WorkloadManifestTargetsLocator" se resolvi├│ correctamente mediante el resolvedor "Microsoft.DotNet.MSBuildWorkloadSdkResolver" a la ubicaci├│n "C:\Program Files\dotnet\sdk-manifests\9.0.100\microsoft.net.sdk.android\35.0.39" y la versi├│n "null".
       Reasignaci├│n de propiedad: $(_FrameworkIdentifierForImplicitDefine)="NET" (valor anterior: "NETCOREAPP") en C:\Program Files\dotnet\sdk\9.0.201\Sdks\Microsoft.NET.Sdk\targets\Microsoft.NET.Sdk.BeforeCommon.targets (187,5)
       Reasignaci├│n de propiedad: $(_FrameworkVersionForImplicitDefine)="8_0" (valor anterior: "8.0") en C:\Program Files\dotnet\sdk\9.0.201\Sdks\Microsoft.NET.Sdk\targets\Microsoft.NET.Sdk.BeforeCommon.targets (192,5)
       Reasignaci├│n de propiedad: $(CommandLineArgsForDesignTimeEvaluation)="-langversion:12.0 -define:TRACE" (valor anterior: "-langversion:12.0") en C:\Program Files\dotnet\sdk\9.0.201\Roslyn\Microsoft.CSharp.Core.targets (200,5)
       La propiedad "Platform" es global y no se puede modificar.
       La propiedad "Configuration" es global y no se puede modificar.
       Reasignaci├│n de propiedad: $(_DebugSymbolsProduced)="true" (valor anterior: "false") en C:\Program Files\dotnet\sdk\9.0.201\Microsoft.Common.CurrentVersion.targets (175,5)
       Reasignaci├│n de propiedad: $(_DocumentationFileProduced)="false" (valor anterior: "true") en C:\Program Files\dotnet\sdk\9.0.201\Microsoft.Common.CurrentVersion.targets (185,5)
       La propiedad "SolutionName" es global y no se puede modificar.
       La propiedad "SolutionFileName" es global y no se puede modificar.
       La propiedad "SolutionPath" es global y no se puede modificar.
       La propiedad "SolutionDir" es global y no se puede modificar.
       La propiedad "SolutionExt" es global y no se puede modificar.
       Reasignaci├│n de propiedad: $(MSBuildCopyMarkerName)="AuthSyst.5283D117" (valor anterior: "AuthSystem.API.csproj") en C:\Program Files\dotnet\sdk\9.0.201\Microsoft.Common.CurrentVersion.targets (392,5)
       Reasignaci├│n de propiedad: $(MSBuildCopyMarkerName)="AuthSyst.5283D117.Up2Date" (valor anterior: "AuthSyst.5283D117") en C:\Program Files\dotnet\sdk\9.0.201\Microsoft.Common.CurrentVersion.targets (393,5)
       Reasignaci├│n de propiedad: $(ProcessorArchitecture)="msil" (valor anterior: "") en C:\Program Files\dotnet\sdk\9.0.201\Microsoft.Common.CurrentVersion.targets (541,5)
       Reasignaci├│n de propiedad: $(DelaySign)="" (valor anterior: "false") en C:\Program Files\dotnet\sdk\9.0.201\Microsoft.Common.CurrentVersion.targets (580,5)
       C:\Program Files\dotnet\sdk\9.0.201\Microsoft.Common.CurrentVersion.targets(2590,5): message : Propiedad "LOCALAPPDATA" con el valor "C:\Users\JHON\AppData\Local" expandido desde el entorno.
       Reasignaci├│n de propiedad: $(_SGenGenerateSerializationAssembliesConfig)="Auto" (valor anterior: "") en C:\Program Files\dotnet\sdk\9.0.201\Microsoft.Common.CurrentVersion.targets (3917,5)
       Reasignaci├│n de propiedad: $(_SGenGenerateSerializationAssembliesConfig)="Off" (valor anterior: "Auto") en C:\Program Files\dotnet\sdk\9.0.201\Microsoft.Common.CurrentVersion.targets (3918,5)
       Reasignaci├│n de propiedad: $(_TargetsThatPrepareProjectReferences)="
             AssignProjectConfiguration;
             _SplitProjectReferencesByFileExistence
           " (valor anterior: "_SplitProjectReferencesByFileExistence") en C:\Program Files\dotnet\sdk\9.0.201\Microsoft.Common.CurrentVersion.targets (5129,5)
       C:\Program Files\dotnet\sdk\9.0.201\Microsoft.Common.CurrentVersion.targets(6924,5): message : Propiedad "MSBuildExtensionsPath32" con el valor "C:\Program Files\dotnet\sdk\9.0.201" expandido desde el entorno.
       La propiedad "_RestoreSolutionFileUsed" es global y no se puede modificar.
       Reasignaci├│n de propiedad: $(_GenerateRestoreGraphProjectEntryInputProperties)="
             ExcludeRestorePackageImports=true;
             _RestoreSolutionFileUsed=true;
             SolutionDir=D:\Users\Jhon\Documentos\Mintrabajo\Modulo General usuarios\AuthSystemNew\;
             SolutionName=AuthSystem;
             SolutionFileName=AuthSystem.sln;
             SolutionPath=D:\Users\Jhon\Documentos\Mintrabajo\Modulo General usuarios\AuthSystemNew\AuthSystem.sln;
             SolutionExt=.sln;
           " (valor anterior: "ExcludeRestorePackageImports=true") en C:\Program Files\dotnet\sdk\9.0.201\NuGet.targets (101,5)
       Reutilizando nodo 3 (PID: 143484).
       Reutilizando nodo 2 (PID: 157532).
       Reutilizando nodo 4 (PID: 142104).
       Reutilizando nodo 5 (PID: 155788).
       Reutilizando nodo 6 (PID: 156300).
       Reasignaci├│n de propiedad: $(ProjectAssetsFile)="D:\Users\Jhon\Documentos\Mintrabajo\Modulo General usuarios\AuthSystemNew\AuthSystem.API\obj\project.assets.json" (valor anterior: "D:\Users\Jhon\Documentos\Mintrabajo\Modulo General usuarios\AuthSystemNew\AuthSystem.API\obj\/project.assets.json") en C:\Program Files\dotnet\sdk\9.0.201\Sdks\Microsoft.NET.Sdk\targets\Microsoft.PackageDependencyResolution.targets (24,5)
       Reasignaci├│n de propiedad: $(ProjectAssetsCacheFile)="D:\Users\Jhon\Documentos\Mintrabajo\Modulo General usuarios\AuthSystemNew\AuthSystem.API\obj\Debug\net8.0\AuthSystem.API.assets.cache" (valor anterior: "obj\Debug\net8.0\AuthSystem.API.assets.cache") en C:\Program Files\dotnet\sdk\9.0.201\Sdks\Microsoft.NET.Sdk\targets\Microsoft.PackageDependencyResolution.targets (29,5)
       Reasignaci├│n de propiedad: $(ResolveAssemblyReferencesDependsOn)="
             
             ResolveProjectReferences;
             FindInvalidProjectReferences;
             GetFrameworkPaths;
             GetReferenceAssemblyPaths;
             PrepareForBuild;
             ResolveSDKReferences;
             ExpandSDKReferences;
           ;
             ResolvePackageDependenciesForBuild;
             _HandlePackageFileConflicts;
           " (valor anterior: "
             ResolveProjectReferences;
             FindInvalidProjectReferences;
             GetFrameworkPaths;
             GetReferenceAssemblyPaths;
             PrepareForBuild;
             ResolveSDKReferences;
             ExpandSDKReferences;
           ") en C:\Program Files\dotnet\sdk\9.0.201\Sdks\Microsoft.NET.Sdk\targets\Microsoft.PackageDependencyResolution.targets (80,5)
       Reasignaci├│n de propiedad: $(PrepareResourcesDependsOn)="
             ResolvePackageDependenciesForBuild;
             _HandlePackageFileConflicts;
             
             ;
             PrepareResourceNames;
             ResGen;
             CompileLicxFiles
           
           " (valor anterior: "
             ;
             PrepareResourceNames;
             ResGen;
             CompileLicxFiles
           ") en C:\Program Files\dotnet\sdk\9.0.201\Sdks\Microsoft.NET.Sdk\targets\Microsoft.PackageDependencyResolution.targets (86,5)
       Reasignaci├│n de propiedad: $(DefaultItemExcludes)=";**\node_modules\**;node_modules\**;**\jspm_packages\**;jspm_packages\**;**\bower_components\**;bower_components\**;**\packages.lock.json;bin\Debug\/**;obj\Debug\/**;bin\/**" (valor anterior: ";**\node_modules\**;node_modules\**;**\jspm_packages\**;jspm_packages\**;**\bower_components\**;bower_components\**;**\packages.lock.json;bin\Debug\/**;obj\Debug\/**") en C:\Program Files\dotnet\sdk\9.0.201\Sdks\Microsoft.NET.Sdk\targets\Microsoft.NET.Sdk.DefaultItems.targets (27,5)
       Reasignaci├│n de propiedad: $(DefaultItemExcludes)=";**\node_modules\**;node_modules\**;**\jspm_packages\**;jspm_packages\**;**\bower_components\**;bower_components\**;**\packages.lock.json;bin\Debug\/**;obj\Debug\/**;bin\/**;obj\/**" (valor anterior: ";**\node_modules\**;node_modules\**;**\jspm_packages\**;jspm_packages\**;**\bower_components\**;bower_components\**;**\packages.lock.json;bin\Debug\/**;obj\Debug\/**;bin\/**") en C:\Program Files\dotnet\sdk\9.0.201\Sdks\Microsoft.NET.Sdk\targets\Microsoft.NET.Sdk.DefaultItems.targets (29,5)
       Reasignaci├│n de propiedad: $(DefaultItemExcludes)=";**\node_modules\**;node_modules\**;**\jspm_packages\**;jspm_packages\**;**\bower_components\**;bower_components\**;**\packages.lock.json;bin\Debug\/**;obj\Debug\/**;bin\/**;obj\/**;**/*.user" (valor anterior: ";**\node_modules\**;node_modules\**;**\jspm_packages\**;jspm_packages\**;**\bower_components\**;bower_components\**;**\packages.lock.json;bin\Debug\/**;obj\Debug\/**;bin\/**;obj\/**") en C:\Program Files\dotnet\sdk\9.0.201\Sdks\Microsoft.NET.Sdk\targets\Microsoft.NET.Sdk.DefaultItems.targets (32,5)
       Reasignaci├│n de propiedad: $(DefaultItemExcludes)=";**\node_modules\**;node_modules\**;**\jspm_packages\**;jspm_packages\**;**\bower_components\**;bower_components\**;**\packages.lock.json;bin\Debug\/**;obj\Debug\/**;bin\/**;obj\/**;**/*.user;**/*.*proj" (valor anterior: ";**\node_modules\**;node_modules\**;**\jspm_packages\**;jspm_packages\**;**\bower_components\**;bower_components\**;**\packages.lock.json;bin\Debug\/**;obj\Debug\/**;bin\/**;obj\/**;**/*.user") en C:\Program Files\dotnet\sdk\9.0.201\Sdks\Microsoft.NET.Sdk\targets\Microsoft.NET.Sdk.DefaultItems.targets (33,5)
       Reasignaci├│n de propiedad: $(DefaultItemExcludes)=";**\node_modules\**;node_modules\**;**\jspm_packages\**;jspm_packages\**;**\bower_components\**;bower_components\**;**\packages.lock.json;bin\Debug\/**;obj\Debug\/**;bin\/**;obj\/**;**/*.user;**/*.*proj;**/*.sln" (valor anterior: ";**\node_modules\**;node_modules\**;**\jspm_packages\**;jspm_packages\**;**\bower_components\**;bower_components\**;**\packages.lock.json;bin\Debug\/**;obj\Debug\/**;bin\/**;obj\/**;**/*.user;**/*.*proj") en C:\Program Files\dotnet\sdk\9.0.201\Sdks\Microsoft.NET.Sdk\targets\Microsoft.NET.Sdk.DefaultItems.targets (34,5)
       Reasignaci├│n de propiedad: $(DefaultItemExcludes)=";**\node_modules\**;node_modules\**;**\jspm_packages\**;jspm_packages\**;**\bower_components\**;bower_components\**;**\packages.lock.json;bin\Debug\/**;obj\Debug\/**;bin\/**;obj\/**;**/*.user;**/*.*proj;**/*.sln;**/*.vssscc" (valor anterior: ";**\node_modules\**;node_modules\**;**\jspm_packages\**;jspm_packages\**;**\bower_components\**;bower_components\**;**\packages.lock.json;bin\Debug\/**;obj\Debug\/**;bin\/**;obj\/**;**/*.user;**/*.*proj;**/*.sln") en C:\Program Files\dotnet\sdk\9.0.201\Sdks\Microsoft.NET.Sdk\targets\Microsoft.NET.Sdk.DefaultItems.targets (35,5)
       Reasignaci├│n de propiedad: $(DefaultItemExcludes)=";**\node_modules\**;node_modules\**;**\jspm_packages\**;jspm_packages\**;**\bower_components\**;bower_components\**;**\packages.lock.json;bin\Debug\/**;obj\Debug\/**;bin\/**;obj\/**;**/*.user;**/*.*proj;**/*.sln;**/*.vssscc;**/.DS_Store" (valor anterior: ";**\node_modules\**;node_modules\**;**\jspm_packages\**;jspm_packages\**;**\bower_components\**;bower_components\**;**\packages.lock.json;bin\Debug\/**;obj\Debug\/**;bin\/**;obj\/**;**/*.user;**/*.*proj;**/*.sln;**/*.vssscc") en C:\Program Files\dotnet\sdk\9.0.201\Sdks\Microsoft.NET.Sdk\targets\Microsoft.NET.Sdk.DefaultItems.targets (36,5)
       Reasignaci├│n de propiedad: $(ResolveAssemblyReferencesDependsOn)="
             
             
             ResolveProjectReferences;
             FindInvalidProjectReferences;
             GetFrameworkPaths;
             GetReferenceAssemblyPaths;
             PrepareForBuild;
             ResolveSDKReferences;
             ExpandSDKReferences;
           ;
             ResolvePackageDependenciesForBuild;
             _HandlePackageFileConflicts;
           ;
             ResolveTargetingPackAssets;
           " (valor anterior: "
             
             ResolveProjectReferences;
             FindInvalidProjectReferences;
             GetFrameworkPaths;
             GetReferenceAssemblyPaths;
             PrepareForBuild;
             ResolveSDKReferences;
             ExpandSDKReferences;
           ;
             ResolvePackageDependenciesForBuild;
             _HandlePackageFileConflicts;
           ") en C:\Program Files\dotnet\sdk\9.0.201\Sdks\Microsoft.NET.Sdk\targets\Microsoft.NET.Sdk.FrameworkReferenceResolution.targets (14,5)
       Reasignaci├│n de propiedad: $(_GenerateRuntimeConfigurationPropertyInputsCache)="D:\Users\Jhon\Documentos\Mintrabajo\Modulo General usuarios\AuthSystemNew\AuthSystem.API\obj\Debug\net8.0\AuthSystem.API.genruntimeconfig.cache" (valor anterior: "obj\Debug\net8.0\AuthSystem.API.genruntimeconfig.cache") en C:\Program Files\dotnet\sdk\9.0.201\Sdks\Microsoft.NET.Sdk\targets\Microsoft.NET.Sdk.targets (44,5)
       Reasignaci├│n de propiedad: $(_GeneratePublishDependencyFilePropertyInputsCache)="D:\Users\Jhon\Documentos\Mintrabajo\Modulo General usuarios\AuthSystemNew\AuthSystem.API\obj\Debug\net8.0\AuthSystem.API.genpublishdeps.cache" (valor anterior: "obj\Debug\net8.0\AuthSystem.API.genpublishdeps.cache") en C:\Program Files\dotnet\sdk\9.0.201\Sdks\Microsoft.NET.Sdk\targets\Microsoft.NET.Sdk.targets (46,5)
       Reasignaci├│n de propiedad: $(_GenerateSingleFileBundlePropertyInputsCache)="D:\Users\Jhon\Documentos\Mintrabajo\Modulo General usuarios\AuthSystemNew\AuthSystem.API\obj\Debug\net8.0\AuthSystem.API.genbundle.cache" (valor anterior: "obj\Debug\net8.0\AuthSystem.API.genbundle.cache") en C:\Program Files\dotnet\sdk\9.0.201\Sdks\Microsoft.NET.Sdk\targets\Microsoft.NET.Sdk.targets (48,5)
       Reasignaci├│n de propiedad: $(GenerateRuntimeConfigDevFile)="false" (valor anterior: "true") en C:\Program Files\dotnet\sdk\9.0.201\Sdks\Microsoft.NET.Sdk\targets\Microsoft.NET.Sdk.targets (81,5)
       C:\Program Files\dotnet\sdk\9.0.201\Sdks\Microsoft.NET.Sdk\targets\Microsoft.NET.Sdk.targets(97,5): message : Propiedad "USERPROFILE" con el valor "C:\Users\JHON" expandido desde el entorno.
       Reasignaci├│n de propiedad: $(_DefaultUserProfileRuntimeStorePath)="C:\Users\JHON" (valor anterior: "") en C:\Program Files\dotnet\sdk\9.0.201\Sdks\Microsoft.NET.Sdk\targets\Microsoft.NET.Sdk.targets (97,5)
       Reasignaci├│n de propiedad: $(_DefaultUserProfileRuntimeStorePath)="C:\Users\JHON\.dotnet\store" (valor anterior: "C:\Users\JHON") en C:\Program Files\dotnet\sdk\9.0.201\Sdks\Microsoft.NET.Sdk\targets\Microsoft.NET.Sdk.targets (98,5)
       Reasignaci├│n de propiedad: $(AvailablePlatforms)="Any CPU,x86,x64,ARM32" (valor anterior: "Any CPU,x86,x64") en C:\Program Files\dotnet\sdk\9.0.201\Sdks\Microsoft.NET.Sdk\targets\Microsoft.NET.Sdk.targets (140,5)
       Reasignaci├│n de propiedad: $(AvailablePlatforms)="Any CPU,x86,x64,ARM32,ARM64" (valor anterior: "Any CPU,x86,x64,ARM32") en C:\Program Files\dotnet\sdk\9.0.201\Sdks\Microsoft.NET.Sdk\targets\Microsoft.NET.Sdk.targets (144,5)
       Reasignaci├│n de propiedad: $(CoreBuildDependsOn)="
             _CheckForBuildWithNoBuild;
             
             BuildOnlySettings;
             PrepareForBuild;
             PreBuildEvent;
             ResolveReferences;
             PrepareResources;
             ResolveKeySource;
             Compile;
             ExportWindowsMDFile;
             UnmanagedUnregistration;
             GenerateSerializationAssemblies;
             CreateSatelliteAssemblies;
             GenerateManifests;
             GetTargetPath;
             PrepareForRun;
             UnmanagedRegistration;
             IncrementalClean;
             PostBuildEvent
           ;
             GenerateBuildDependencyFile;
             GenerateBuildRuntimeConfigurationFiles
           " (valor anterior: "
             BuildOnlySettings;
             PrepareForBuild;
             PreBuildEvent;
             ResolveReferences;
             PrepareResources;
             ResolveKeySource;
             Compile;
             ExportWindowsMDFile;
             UnmanagedUnregistration;
             GenerateSerializationAssemblies;
             CreateSatelliteAssemblies;
             GenerateManifests;
             GetTargetPath;
             PrepareForRun;
             UnmanagedRegistration;
             IncrementalClean;
             PostBuildEvent
           ") en C:\Program Files\dotnet\sdk\9.0.201\Sdks\Microsoft.NET.Sdk\targets\Microsoft.NET.Sdk.targets (201,5)
       Reasignaci├│n de propiedad: $(CoreCleanDependsOn)="
             _SdkBeforeClean;
             
           " (valor anterior: "") en C:\Program Files\dotnet\sdk\9.0.201\Sdks\Microsoft.NET.Sdk\targets\Microsoft.NET.Sdk.targets (210,5)
       Reasignaci├│n de propiedad: $(RebuildDependsOn)="
             _SdkBeforeRebuild;
             
             BeforeRebuild;
             Clean;
             Build;
             AfterRebuild;
           
           " (valor anterior: "
             BeforeRebuild;
             Clean;
             Build;
             AfterRebuild;
           ") en C:\Program Files\dotnet\sdk\9.0.201\Sdks\Microsoft.NET.Sdk\targets\Microsoft.NET.Sdk.targets (217,5)
       Reasignaci├│n de propiedad: $(CompileDependsOn)="
             
             ResolveReferences;
             ResolveKeySource;
             SetWin32ManifestProperties;
             _SetPreferNativeArm64Win32ManifestProperties;
             FindReferenceAssembliesForReferences;
             _GenerateCompileInputs;
             BeforeCompile;
             _TimeStampBeforeCompile;
             _GenerateCompileDependencyCache;
             CoreCompile;
             _TimeStampAfterCompile;
             AfterCompile;
           ;
             _CreateAppHost;
             _CreateComHost;
             _GetIjwHostPaths;
           " (valor anterior: "
             ResolveReferences;
             ResolveKeySource;
             SetWin32ManifestProperties;
             _SetPreferNativeArm64Win32ManifestProperties;
             FindReferenceAssembliesForReferences;
             _GenerateCompileInputs;
             BeforeCompile;
             _TimeStampBeforeCompile;
             _GenerateCompileDependencyCache;
             CoreCompile;
             _TimeStampAfterCompile;
             AfterCompile;
           ") en C:\Program Files\dotnet\sdk\9.0.201\Sdks\Microsoft.NET.Sdk\targets\Microsoft.NET.Sdk.targets (784,5)
       Reasignaci├│n de propiedad: $(CreateSatelliteAssembliesDependsOn)="
             
             ;
             _GenerateSatelliteAssemblyInputs;
             ComputeIntermediateSatelliteAssemblies;
             GenerateSatelliteAssemblies
           ;
             CoreGenerateSatelliteAssemblies
           " (valor anterior: "
             ;
             _GenerateSatelliteAssemblyInputs;
             ComputeIntermediateSatelliteAssemblies;
             GenerateSatelliteAssemblies
           ") en C:\Program Files\dotnet\sdk\9.0.201\Sdks\Microsoft.NET.Sdk\targets\Microsoft.NET.Sdk.targets (1184,5)
       Reasignaci├│n de propiedad: $(SourceLinkUrlInitializerTargets)=";_InitializeGitHubSourceLinkUrl;_InitializeGitLabSourceLinkUrl" (valor anterior: ";_InitializeGitHubSourceLinkUrl") en C:\Program Files\dotnet\sdk\9.0.201\Sdks\Microsoft.SourceLink.GitLab\build\Microsoft.SourceLink.GitLab.targets (12,5)
       Reasignaci├│n de propiedad: $(SourceControlManagerUrlTranslationTargets)=";TranslateGitHubUrlsInSourceControlInformation;TranslateGitLabUrlsInSourceControlInformation" (valor anterior: ";TranslateGitHubUrlsInSourceControlInformation") en C:\Program Files\dotnet\sdk\9.0.201\Sdks\Microsoft.SourceLink.GitLab\build\Microsoft.SourceLink.GitLab.targets (13,5)
       Reasignaci├│n de propiedad: $(SourceLinkUrlInitializerTargets)=";_InitializeGitHubSourceLinkUrl;_InitializeGitLabSourceLinkUrl;_InitializeAzureReposGitSourceLinkUrl" (valor anterior: ";_InitializeGitHubSourceLinkUrl;_InitializeGitLabSourceLinkUrl") en C:\Program Files\dotnet\sdk\9.0.201\Sdks\Microsoft.SourceLink.AzureRepos.Git\build\Microsoft.SourceLink.AzureRepos.Git.targets (12,5)
       Reasignaci├│n de propiedad: $(SourceControlManagerUrlTranslationTargets)=";TranslateGitHubUrlsInSourceControlInformation;TranslateGitLabUrlsInSourceControlInformation;TranslateAzureReposGitUrlsInSourceControlInformation" (valor anterior: ";TranslateGitHubUrlsInSourceControlInformation;TranslateGitLabUrlsInSourceControlInformation") en C:\Program Files\dotnet\sdk\9.0.201\Sdks\Microsoft.SourceLink.AzureRepos.Git\build\Microsoft.SourceLink.AzureRepos.Git.targets (13,5)
       Reasignaci├│n de propiedad: $(SourceLinkUrlInitializerTargets)=";_InitializeGitHubSourceLinkUrl;_InitializeGitLabSourceLinkUrl;_InitializeAzureReposGitSourceLinkUrl;_InitializeBitbucketGitSourceLinkUrl" (valor anterior: ";_InitializeGitHubSourceLinkUrl;_InitializeGitLabSourceLinkUrl;_InitializeAzureReposGitSourceLinkUrl") en C:\Program Files\dotnet\sdk\9.0.201\Sdks\Microsoft.SourceLink.Bitbucket.Git\build\Microsoft.SourceLink.Bitbucket.Git.targets (12,5)
       Reasignaci├│n de propiedad: $(SourceControlManagerUrlTranslationTargets)=";TranslateGitHubUrlsInSourceControlInformation;TranslateGitLabUrlsInSourceControlInformation;TranslateAzureReposGitUrlsInSourceControlInformation;TranslateBitbucketGitUrlsInSourceControlInformation" (valor anterior: ";TranslateGitHubUrlsInSourceControlInformation;TranslateGitLabUrlsInSourceControlInformation;TranslateAzureReposGitUrlsInSourceControlInformation") en C:\Program Files\dotnet\sdk\9.0.201\Sdks\Microsoft.SourceLink.Bitbucket.Git\build\Microsoft.SourceLink.Bitbucket.Git.targets (13,5)
       C:\Program Files\dotnet\sdk\9.0.201\Sdks\Microsoft.NET.Sdk\Sdk\Sdk.props(49,11): message : Propiedad "MSBuildExtensionsPath" con el valor "C:\Program Files\dotnet\sdk\9.0.201\" expandido desde el entorno.
       C:\Program Files\dotnet\sdk\9.0.201\Sdks\Microsoft.NET.Sdk\Sdk\Sdk.props(49,11): message : Propiedad "MSBuildExtensionsPath" con el valor "C:\Program Files\dotnet\sdk\9.0.201\" expandido desde el entorno.
       C:\Program Files\dotnet\sdk\9.0.201\Sdks\Microsoft.NET.Sdk\Sdk\Sdk.props(49,11): message : Propiedad "MSBuildExtensionsPath" con el valor "C:\Program Files\dotnet\sdk\9.0.201\" expandido desde el entorno.
       C:\Program Files\dotnet\sdk\9.0.201\Sdks\Microsoft.NET.Sdk\Sdk\Sdk.props(49,11): message : Propiedad "MSBuildExtensionsPath" con el valor "C:\Program Files\dotnet\sdk\9.0.201\" expandido desde el entorno.
       C:\Program Files\dotnet\sdk\9.0.201\Sdks\Microsoft.NET.Sdk\Sdk\Sdk.props(49,11): message : Propiedad "MSBuildExtensionsPath" con el valor "C:\Program Files\dotnet\sdk\9.0.201\" expandido desde el entorno.
       Reasignaci├│n de propiedad: $(MSBuildProjectExtensionsPath)="D:\Users\Jhon\Documentos\Mintrabajo\Modulo General usuarios\AuthSystemNew\AuthSystem.Infrastructure\obj\" (valor anterior: "obj\") en C:\Program Files\dotnet\sdk\9.0.201\Current\Microsoft.Common.props (60,5)
       Reasignaci├│n de propiedad: $(DesignerRuntimeImplementationProjectOutputGroupDependsOn)="
             
             ;
             
             ;
             BuildOnlySettings;
             PrepareForBuild;
             AssignTargetPaths;
             ResolveReferences
           
           ;
             _GenerateDesignerDepsFile;
             _GenerateDesignerRuntimeConfigFile;
             GetCopyToOutputDirectoryItems;
             _GatherDesignerShadowCopyFiles;
           " (valor anterior: "
             ;
             
             ;
             BuildOnlySettings;
             PrepareForBuild;
             AssignTargetPaths;
             ResolveReferences
           
           ") en C:\Program Files\dotnet\sdk\9.0.201\Sdks\Microsoft.NET.Sdk\targets\Microsoft.NET.DesignerSupport.targets (21,5)
       Reasignaci├│n de propiedad: $(MSBuildProjectExtensionsPath)="D:\Users\Jhon\Documentos\Mintrabajo\Modulo General usuarios\AuthSystemNew\AuthSystem.UnitTests\obj\" (valor anterior: "obj\") en C:\Program Files\dotnet\sdk\9.0.201\Current\Microsoft.Common.props (60,5)
       Reasignaci├│n de propiedad: $(MSBuildProjectExtensionsPath)="D:\Users\Jhon\Documentos\Mintrabajo\Modulo General usuarios\AuthSystemNew\AuthSystem.IntegrationTests\obj\" (valor anterior: "obj\") en C:\Program Files\dotnet\sdk\9.0.201\Current\Microsoft.Common.props (60,5)
       Reasignaci├│n de propiedad: $(MSBuildProjectExtensionsPath)="D:\Users\Jhon\Documentos\Mintrabajo\Modulo General usuarios\AuthSystemNew\AuthSystem.Domain\obj\" (valor anterior: "obj\") en C:\Program Files\dotnet\sdk\9.0.201\Current\Microsoft.Common.props (60,5)
       Reasignaci├│n de propiedad: $(MSBuildProjectExtensionsPath)="D:\Users\Jhon\Documentos\Mintrabajo\Modulo General usuarios\AuthSystemNew\AuthSystem.Application\obj\" (valor anterior: "obj\") en C:\Program Files\dotnet\sdk\9.0.201\Current\Microsoft.Common.props (60,5)
       C:\Program Files\dotnet\sdk\9.0.201\Current\Microsoft.Common.props(84,119): message : Propiedad "MSBuildUserExtensionsPath" con el valor "C:\Users\JHON\AppData\Local\Microsoft\MSBuild" expandido desde el entorno.
       C:\Program Files\dotnet\sdk\9.0.201\Current\Microsoft.Common.props(84,119): message : Propiedad "MSBuildUserExtensionsPath" con el valor "C:\Users\JHON\AppData\Local\Microsoft\MSBuild" expandido desde el entorno.
       C:\Program Files\dotnet\sdk\9.0.201\Current\Microsoft.Common.props(84,119): message : Propiedad "MSBuildUserExtensionsPath" con el valor "C:\Users\JHON\AppData\Local\Microsoft\MSBuild" expandido desde el entorno.
       C:\Program Files\dotnet\sdk\9.0.201\Current\Microsoft.Common.props(84,119): message : Propiedad "MSBuildUserExtensionsPath" con el valor "C:\Users\JHON\AppData\Local\Microsoft\MSBuild" expandido desde el entorno.
       C:\Program Files\dotnet\sdk\9.0.201\Current\Microsoft.Common.props(84,119): message : Propiedad "MSBuildUserExtensionsPath" con el valor "C:\Users\JHON\AppData\Local\Microsoft\MSBuild" expandido desde el entorno.
       La propiedad "Configuration" es global y no se puede modificar.
       La propiedad "Configuration" es global y no se puede modificar.
       La propiedad "Configuration" es global y no se puede modificar.
       La propiedad "Configuration" es global y no se puede modificar.
       La propiedad "Platform" es global y no se puede modificar.
       La propiedad "Platform" es global y no se puede modificar.
       La propiedad "Configuration" es global y no se puede modificar.
       La propiedad "Platform" es global y no se puede modificar.
       La propiedad "Platform" es global y no se puede modificar.
       La propiedad "Configuration" es global y no se puede modificar.
       La propiedad "Configuration" es global y no se puede modificar.
       La propiedad "Configuration" es global y no se puede modificar.
       La propiedad "Platform" es global y no se puede modificar.
       La propiedad "Platform" es global y no se puede modificar.
       La propiedad "Platform" es global y no se puede modificar.
       La propiedad "Configuration" es global y no se puede modificar.
       La propiedad "Platform" es global y no se puede modificar.
       Reasignaci├│n de propiedad: $(AssemblySearchPaths)="{CandidateAssemblyFiles};{HintPathFromItem}" (valor anterior: "{CandidateAssemblyFiles}") en C:\Program Files\dotnet\sdk\9.0.201\Sdks\Microsoft.NET.Sdk\targets\Microsoft.NET.Sdk.props (90,5)
       La propiedad "Configuration" es global y no se puede modificar.
       Reasignaci├│n de propiedad: $(AssemblySearchPaths)="{CandidateAssemblyFiles};{HintPathFromItem}" (valor anterior: "{CandidateAssemblyFiles}") en C:\Program Files\dotnet\sdk\9.0.201\Sdks\Microsoft.NET.Sdk\targets\Microsoft.NET.Sdk.props (90,5)
       Reasignaci├│n de propiedad: $(AssemblySearchPaths)="{CandidateAssemblyFiles};{HintPathFromItem}" (valor anterior: "{CandidateAssemblyFiles}") en C:\Program Files\dotnet\sdk\9.0.201\Sdks\Microsoft.NET.Sdk\targets\Microsoft.NET.Sdk.props (90,5)
       La propiedad "Platform" es global y no se puede modificar.
       Reasignaci├│n de propiedad: $(AssemblySearchPaths)="{CandidateAssemblyFiles};{HintPathFromItem};{TargetFrameworkDirectory}" (valor anterior: "{CandidateAssemblyFiles};{HintPathFromItem}") en C:\Program Files\dotnet\sdk\9.0.201\Sdks\Microsoft.NET.Sdk\targets\Microsoft.NET.Sdk.props (91,5)
       Reasignaci├│n de propiedad: $(AssemblySearchPaths)="{CandidateAssemblyFiles};{HintPathFromItem};{TargetFrameworkDirectory}" (valor anterior: "{CandidateAssemblyFiles};{HintPathFromItem}") en C:\Program Files\dotnet\sdk\9.0.201\Sdks\Microsoft.NET.Sdk\targets\Microsoft.NET.Sdk.props (91,5)
       La propiedad "Platform" es global y no se puede modificar.
       Reasignaci├│n de propiedad: $(AssemblySearchPaths)="{CandidateAssemblyFiles};{HintPathFromItem};{TargetFrameworkDirectory}" (valor anterior: "{CandidateAssemblyFiles};{HintPathFromItem}") en C:\Program Files\dotnet\sdk\9.0.201\Sdks\Microsoft.NET.Sdk\targets\Microsoft.NET.Sdk.props (91,5)
       Reasignaci├│n de propiedad: $(AssemblySearchPaths)="{CandidateAssemblyFiles};{HintPathFromItem};{TargetFrameworkDirectory};{RawFileName}" (valor anterior: "{CandidateAssemblyFiles};{HintPathFromItem};{TargetFrameworkDirectory}") en C:\Program Files\dotnet\sdk\9.0.201\Sdks\Microsoft.NET.Sdk\targets\Microsoft.NET.Sdk.props (92,5)
       Reasignaci├│n de propiedad: $(AssemblySearchPaths)="{CandidateAssemblyFiles};{HintPathFromItem};{TargetFrameworkDirectory};{RawFileName}" (valor anterior: "{CandidateAssemblyFiles};{HintPathFromItem};{TargetFrameworkDirectory}") en C:\Program Files\dotnet\sdk\9.0.201\Sdks\Microsoft.NET.Sdk\targets\Microsoft.NET.Sdk.props (92,5)
       Reasignaci├│n de propiedad: $(AssemblySearchPaths)="{CandidateAssemblyFiles};{HintPathFromItem}" (valor anterior: "{CandidateAssemblyFiles}") en C:\Program Files\dotnet\sdk\9.0.201\Sdks\Microsoft.NET.Sdk\targets\Microsoft.NET.Sdk.props (90,5)
       Reasignaci├│n de propiedad: $(AssemblySearchPaths)="{CandidateAssemblyFiles};{HintPathFromItem}" (valor anterior: "{CandidateAssemblyFiles}") en C:\Program Files\dotnet\sdk\9.0.201\Sdks\Microsoft.NET.Sdk\targets\Microsoft.NET.Sdk.props (90,5)
       Reasignaci├│n de propiedad: $(AssemblySearchPaths)="{CandidateAssemblyFiles};{HintPathFromItem};{TargetFrameworkDirectory};{RawFileName}" (valor anterior: "{CandidateAssemblyFiles};{HintPathFromItem};{TargetFrameworkDirectory}") en C:\Program Files\dotnet\sdk\9.0.201\Sdks\Microsoft.NET.Sdk\targets\Microsoft.NET.Sdk.props (92,5)
       Reasignaci├│n de propiedad: $(AssemblySearchPaths)="{CandidateAssemblyFiles};{HintPathFromItem};{TargetFrameworkDirectory}" (valor anterior: "{CandidateAssemblyFiles};{HintPathFromItem}") en C:\Program Files\dotnet\sdk\9.0.201\Sdks\Microsoft.NET.Sdk\targets\Microsoft.NET.Sdk.props (91,5)
       Reasignaci├│n de propiedad: $(AssemblySearchPaths)="{CandidateAssemblyFiles};{HintPathFromItem};{TargetFrameworkDirectory}" (valor anterior: "{CandidateAssemblyFiles};{HintPathFromItem}") en C:\Program Files\dotnet\sdk\9.0.201\Sdks\Microsoft.NET.Sdk\targets\Microsoft.NET.Sdk.props (91,5)
       Reasignaci├│n de propiedad: $(AssemblySearchPaths)="{CandidateAssemblyFiles};{HintPathFromItem};{TargetFrameworkDirectory};{RawFileName}" (valor anterior: "{CandidateAssemblyFiles};{HintPathFromItem};{TargetFrameworkDirectory}") en C:\Program Files\dotnet\sdk\9.0.201\Sdks\Microsoft.NET.Sdk\targets\Microsoft.NET.Sdk.props (92,5)
       Reasignaci├│n de propiedad: $(AssemblySearchPaths)="{CandidateAssemblyFiles};{HintPathFromItem};{TargetFrameworkDirectory};{RawFileName}" (valor anterior: "{CandidateAssemblyFiles};{HintPathFromItem};{TargetFrameworkDirectory}") en C:\Program Files\dotnet\sdk\9.0.201\Sdks\Microsoft.NET.Sdk\targets\Microsoft.NET.Sdk.props (92,5)
       Reasignaci├│n de propiedad: $(WasmNativeWorkload)="true" (valor anterior: "net9.0") en C:\Program Files\dotnet\packs\Microsoft.NET.Runtime.WebAssembly.Sdk\6.0.36\Sdk\AutoImport.props (3,5)
       Reasignaci├│n de propiedad: $(WasmNativeWorkload)="true" (valor anterior: "net9.0") en C:\Program Files\dotnet\packs\Microsoft.NET.Runtime.WebAssembly.Sdk\6.0.36\Sdk\AutoImport.props (3,5)
       Reasignaci├│n de propiedad: $(WasmNativeWorkload)="true" (valor anterior: "net9.0") en C:\Program Files\dotnet\packs\Microsoft.NET.Runtime.WebAssembly.Sdk\6.0.36\Sdk\AutoImport.props (3,5)
       Reasignaci├│n de propiedad: $(WasmNativeWorkload)="true" (valor anterior: "net9.0") en C:\Program Files\dotnet\packs\Microsoft.NET.Runtime.WebAssembly.Sdk\6.0.36\Sdk\AutoImport.props (3,5)
       Reasignaci├│n de propiedad: $(WasmNativeWorkload)="true" (valor anterior: "net9.0") en C:\Program Files\dotnet\packs\Microsoft.NET.Runtime.WebAssembly.Sdk\6.0.36\Sdk\AutoImport.props (3,5)
       Reasignaci├│n de propiedad: $(TargetsForTfmSpecificContentInPackage)=";PackTool;_PackProjectToolValidation" (valor anterior: ";PackTool") en C:\Program Files\dotnet\sdk\9.0.201\Sdks\Microsoft.NET.Sdk\targets\Microsoft.NET.PackProjectTool.props (15,5)
       Reasignaci├│n de propiedad: $(TargetsForTfmSpecificContentInPackage)=";PackTool;_PackProjectToolValidation" (valor anterior: ";PackTool") en C:\Program Files\dotnet\sdk\9.0.201\Sdks\Microsoft.NET.Sdk\targets\Microsoft.NET.PackProjectTool.props (15,5)
       Reasignaci├│n de propiedad: $(TargetsForTfmSpecificContentInPackage)=";PackTool;_PackProjectToolValidation" (valor anterior: ";PackTool") en C:\Program Files\dotnet\sdk\9.0.201\Sdks\Microsoft.NET.Sdk\targets\Microsoft.NET.PackProjectTool.props (15,5)
       Reasignaci├│n de propiedad: $(TargetsForTfmSpecificContentInPackage)=";PackTool;_PackProjectToolValidation" (valor anterior: ";PackTool") en C:\Program Files\dotnet\sdk\9.0.201\Sdks\Microsoft.NET.Sdk\targets\Microsoft.NET.PackProjectTool.props (15,5)
       Reasignaci├│n de propiedad: $(TargetsForTfmSpecificContentInPackage)=";PackTool;_PackProjectToolValidation" (valor anterior: ";PackTool") en C:\Program Files\dotnet\sdk\9.0.201\Sdks\Microsoft.NET.Sdk\targets\Microsoft.NET.PackProjectTool.props (15,5)
       La propiedad "Configuration" es global y no se puede modificar.
       La propiedad "Configuration" es global y no se puede modificar.
       La propiedad "Configuration" es global y no se puede modificar.
       La propiedad "Configuration" es global y no se puede modificar.
       La propiedad "Configuration" es global y no se puede modificar.
       La propiedad "Platform" es global y no se puede modificar.
       La propiedad "Platform" es global y no se puede modificar.
       La propiedad "Platform" es global y no se puede modificar.
       Reasignaci├│n de propiedad: $(PublishProfileImported)="false" (valor anterior: "true") en C:\Program Files\dotnet\sdk\9.0.201\Sdks\Microsoft.NET.Sdk\targets\Microsoft.NET.Sdk.ImportPublishProfile.targets (28,5)
       Reasignaci├│n de propiedad: $(PublishProfileImported)="false" (valor anterior: "true") en C:\Program Files\dotnet\sdk\9.0.201\Sdks\Microsoft.NET.Sdk\targets\Microsoft.NET.Sdk.ImportPublishProfile.targets (28,5)
       Reasignaci├│n de propiedad: $(PublishProfileImported)="false" (valor anterior: "true") en C:\Program Files\dotnet\sdk\9.0.201\Sdks\Microsoft.NET.Sdk\targets\Microsoft.NET.Sdk.ImportPublishProfile.targets (28,5)
       La propiedad "Platform" es global y no se puede modificar.
       Reasignaci├│n de propiedad: $(TargetPlatformVersion)="" (valor anterior: "0.0") en C:\Program Files\dotnet\sdk\9.0.201\Sdks\Microsoft.NET.Sdk\targets\Microsoft.NET.TargetFrameworkInference.targets (69,5)
       Reasignaci├│n de propiedad: $(TargetPlatformVersion)="" (valor anterior: "0.0") en C:\Program Files\dotnet\sdk\9.0.201\Sdks\Microsoft.NET.Sdk\targets\Microsoft.NET.TargetFrameworkInference.targets (69,5)
       La propiedad "Platform" es global y no se puede modificar.
       Reasignaci├│n de propiedad: $(TargetPlatformVersion)="" (valor anterior: "0.0") en C:\Program Files\dotnet\sdk\9.0.201\Sdks\Microsoft.NET.Sdk\targets\Microsoft.NET.TargetFrameworkInference.targets (69,5)
       Reasignaci├│n de propiedad: $(PublishProfileImported)="false" (valor anterior: "true") en C:\Program Files\dotnet\sdk\9.0.201\Sdks\Microsoft.NET.Sdk\targets\Microsoft.NET.Sdk.ImportPublishProfile.targets (28,5)
       Reasignaci├│n de propiedad: $(PublishProfileImported)="false" (valor anterior: "true") en C:\Program Files\dotnet\sdk\9.0.201\Sdks\Microsoft.NET.Sdk\targets\Microsoft.NET.Sdk.ImportPublishProfile.targets (28,5)
       Reasignaci├│n de propiedad: $(DefaultItemExcludes)=";bin\Debug\/**;obj\Debug\/**" (valor anterior: ";bin\Debug\/**") en C:\Program Files\dotnet\sdk\9.0.201\Sdks\Microsoft.NET.Sdk\targets\Microsoft.NET.DefaultOutputPaths.targets (122,5)
       Reasignaci├│n de propiedad: $(DefaultItemExcludes)=";bin\Debug\/**;obj\Debug\/**" (valor anterior: ";bin\Debug\/**") en C:\Program Files\dotnet\sdk\9.0.201\Sdks\Microsoft.NET.Sdk\targets\Microsoft.NET.DefaultOutputPaths.targets (122,5)
       Reasignaci├│n de propiedad: $(DefaultItemExcludes)=";bin\Debug\/**;obj\Debug\/**" (valor anterior: ";bin\Debug\/**") en C:\Program Files\dotnet\sdk\9.0.201\Sdks\Microsoft.NET.Sdk\targets\Microsoft.NET.DefaultOutputPaths.targets (122,5)
       Reasignaci├│n de propiedad: $(TargetPlatformVersion)="" (valor anterior: "0.0") en C:\Program Files\dotnet\sdk\9.0.201\Sdks\Microsoft.NET.Sdk\targets\Microsoft.NET.TargetFrameworkInference.targets (69,5)
       Reasignaci├│n de propiedad: $(TargetPlatformVersion)="" (valor anterior: "0.0") en C:\Program Files\dotnet\sdk\9.0.201\Sdks\Microsoft.NET.Sdk\targets\Microsoft.NET.TargetFrameworkInference.targets (69,5)
       Reasignaci├│n de propiedad: $(OutputPath)="bin\Debug\net8.0\" (valor anterior: "bin\Debug\") en C:\Program Files\dotnet\sdk\9.0.201\Sdks\Microsoft.NET.Sdk\targets\Microsoft.NET.DefaultOutputPaths.targets (137,5)
       Reasignaci├│n de propiedad: $(OutputPath)="bin\Debug\net8.0\" (valor anterior: "bin\Debug\") en C:\Program Files\dotnet\sdk\9.0.201\Sdks\Microsoft.NET.Sdk\targets\Microsoft.NET.DefaultOutputPaths.targets (137,5)
       Reasignaci├│n de propiedad: $(OutputPath)="bin\Debug\net8.0\" (valor anterior: "bin\Debug\") en C:\Program Files\dotnet\sdk\9.0.201\Sdks\Microsoft.NET.Sdk\targets\Microsoft.NET.DefaultOutputPaths.targets (137,5)
       Reasignaci├│n de propiedad: $(DefaultItemExcludes)=";bin\Debug\/**;obj\Debug\/**" (valor anterior: ";bin\Debug\/**") en C:\Program Files\dotnet\sdk\9.0.201\Sdks\Microsoft.NET.Sdk\targets\Microsoft.NET.DefaultOutputPaths.targets (122,5)
       Reasignaci├│n de propiedad: $(DefaultItemExcludes)=";bin\Debug\/**;obj\Debug\/**" (valor anterior: ";bin\Debug\/**") en C:\Program Files\dotnet\sdk\9.0.201\Sdks\Microsoft.NET.Sdk\targets\Microsoft.NET.DefaultOutputPaths.targets (122,5)
       Reasignaci├│n de propiedad: $(IntermediateOutputPath)="obj\Debug\net8.0\" (valor anterior: "obj\Debug\") en C:\Program Files\dotnet\sdk\9.0.201\Sdks\Microsoft.NET.Sdk\targets\Microsoft.NET.DefaultOutputPaths.targets (142,5)
       Reasignaci├│n de propiedad: $(OutputPath)="bin\Debug\net8.0\" (valor anterior: "bin\Debug\") en C:\Program Files\dotnet\sdk\9.0.201\Sdks\Microsoft.NET.Sdk\targets\Microsoft.NET.DefaultOutputPaths.targets (137,5)
       Reasignaci├│n de propiedad: $(IntermediateOutputPath)="obj\Debug\net8.0\" (valor anterior: "obj\Debug\") en C:\Program Files\dotnet\sdk\9.0.201\Sdks\Microsoft.NET.Sdk\targets\Microsoft.NET.DefaultOutputPaths.targets (142,5)
       Reasignaci├│n de propiedad: $(IntermediateOutputPath)="obj\Debug\net8.0\" (valor anterior: "obj\Debug\") en C:\Program Files\dotnet\sdk\9.0.201\Sdks\Microsoft.NET.Sdk\targets\Microsoft.NET.DefaultOutputPaths.targets (142,5)
       Reasignaci├│n de propiedad: $(OutputPath)="bin\Debug\net8.0\" (valor anterior: "bin\Debug\") en C:\Program Files\dotnet\sdk\9.0.201\Sdks\Microsoft.NET.Sdk\targets\Microsoft.NET.DefaultOutputPaths.targets (137,5)
       Reasignaci├│n de propiedad: $(IntermediateOutputPath)="obj\Debug\net8.0\" (valor anterior: "obj\Debug\") en C:\Program Files\dotnet\sdk\9.0.201\Sdks\Microsoft.NET.Sdk\targets\Microsoft.NET.DefaultOutputPaths.targets (142,5)
       Reasignaci├│n de propiedad: $(IntermediateOutputPath)="obj\Debug\net8.0\" (valor anterior: "obj\Debug\") en C:\Program Files\dotnet\sdk\9.0.201\Sdks\Microsoft.NET.Sdk\targets\Microsoft.NET.DefaultOutputPaths.targets (142,5)
       Reasignaci├│n de propiedad: $(_FrameworkIdentifierForImplicitDefine)="NET" (valor anterior: "NETCOREAPP") en C:\Program Files\dotnet\sdk\9.0.201\Sdks\Microsoft.NET.Sdk\targets\Microsoft.NET.Sdk.BeforeCommon.targets (187,5)
       Reasignaci├│n de propiedad: $(_FrameworkIdentifierForImplicitDefine)="NET" (valor anterior: "NETCOREAPP") en C:\Program Files\dotnet\sdk\9.0.201\Sdks\Microsoft.NET.Sdk\targets\Microsoft.NET.Sdk.BeforeCommon.targets (187,5)
       Reasignaci├│n de propiedad: $(_FrameworkVersionForImplicitDefine)="8_0" (valor anterior: "8.0") en C:\Program Files\dotnet\sdk\9.0.201\Sdks\Microsoft.NET.Sdk\targets\Microsoft.NET.Sdk.BeforeCommon.targets (192,5)
       Reasignaci├│n de propiedad: $(_FrameworkIdentifierForImplicitDefine)="NET" (valor anterior: "NETCOREAPP") en C:\Program Files\dotnet\sdk\9.0.201\Sdks\Microsoft.NET.Sdk\targets\Microsoft.NET.Sdk.BeforeCommon.targets (187,5)
       Reasignaci├│n de propiedad: $(_FrameworkVersionForImplicitDefine)="8_0" (valor anterior: "8.0") en C:\Program Files\dotnet\sdk\9.0.201\Sdks\Microsoft.NET.Sdk\targets\Microsoft.NET.Sdk.BeforeCommon.targets (192,5)
       Reasignaci├│n de propiedad: $(_FrameworkIdentifierForImplicitDefine)="NET" (valor anterior: "NETCOREAPP") en C:\Program Files\dotnet\sdk\9.0.201\Sdks\Microsoft.NET.Sdk\targets\Microsoft.NET.Sdk.BeforeCommon.targets (187,5)
       Reasignaci├│n de propiedad: $(_FrameworkVersionForImplicitDefine)="8_0" (valor anterior: "8.0") en C:\Program Files\dotnet\sdk\9.0.201\Sdks\Microsoft.NET.Sdk\targets\Microsoft.NET.Sdk.BeforeCommon.targets (192,5)
       Reasignaci├│n de propiedad: $(_FrameworkIdentifierForImplicitDefine)="NET" (valor anterior: "NETCOREAPP") en C:\Program Files\dotnet\sdk\9.0.201\Sdks\Microsoft.NET.Sdk\targets\Microsoft.NET.Sdk.BeforeCommon.targets (187,5)
       Reasignaci├│n de propiedad: $(_FrameworkVersionForImplicitDefine)="8_0" (valor anterior: "8.0") en C:\Program Files\dotnet\sdk\9.0.201\Sdks\Microsoft.NET.Sdk\targets\Microsoft.NET.Sdk.BeforeCommon.targets (192,5)
       Reasignaci├│n de propiedad: $(_FrameworkVersionForImplicitDefine)="8_0" (valor anterior: "8.0") en C:\Program Files\dotnet\sdk\9.0.201\Sdks\Microsoft.NET.Sdk\targets\Microsoft.NET.Sdk.BeforeCommon.targets (192,5)
       Reasignaci├│n de propiedad: $(CommandLineArgsForDesignTimeEvaluation)="-langversion:12.0 -define:TRACE" (valor anterior: "-langversion:12.0") en C:\Program Files\dotnet\sdk\9.0.201\Roslyn\Microsoft.CSharp.Core.targets (200,5)
       Reasignaci├│n de propiedad: $(CommandLineArgsForDesignTimeEvaluation)="-langversion:12.0 -define:TRACE" (valor anterior: "-langversion:12.0") en C:\Program Files\dotnet\sdk\9.0.201\Roslyn\Microsoft.CSharp.Core.targets (200,5)
       Reasignaci├│n de propiedad: $(CommandLineArgsForDesignTimeEvaluation)="-langversion:12.0 -define:TRACE" (valor anterior: "-langversion:12.0") en C:\Program Files\dotnet\sdk\9.0.201\Roslyn\Microsoft.CSharp.Core.targets (200,5)
       Reasignaci├│n de propiedad: $(CommandLineArgsForDesignTimeEvaluation)="-langversion:12.0 -define:TRACE" (valor anterior: "-langversion:12.0") en C:\Program Files\dotnet\sdk\9.0.201\Roslyn\Microsoft.CSharp.Core.targets (200,5)
       Reasignaci├│n de propiedad: $(CommandLineArgsForDesignTimeEvaluation)="-langversion:12.0 -define:TRACE" (valor anterior: "-langversion:12.0") en C:\Program Files\dotnet\sdk\9.0.201\Roslyn\Microsoft.CSharp.Core.targets (200,5)
       La propiedad "Platform" es global y no se puede modificar.
       La propiedad "Platform" es global y no se puede modificar.
       La propiedad "Platform" es global y no se puede modificar.
       La propiedad "Platform" es global y no se puede modificar.
       La propiedad "Configuration" es global y no se puede modificar.
       La propiedad "Platform" es global y no se puede modificar.
       La propiedad "Configuration" es global y no se puede modificar.
       La propiedad "Configuration" es global y no se puede modificar.
       La propiedad "Configuration" es global y no se puede modificar.
       Reasignaci├│n de propiedad: $(_DebugSymbolsProduced)="true" (valor anterior: "false") en C:\Program Files\dotnet\sdk\9.0.201\Microsoft.Common.CurrentVersion.targets (175,5)
       Reasignaci├│n de propiedad: $(_DebugSymbolsProduced)="true" (valor anterior: "false") en C:\Program Files\dotnet\sdk\9.0.201\Microsoft.Common.CurrentVersion.targets (175,5)
       Reasignaci├│n de propiedad: $(_DocumentationFileProduced)="false" (valor anterior: "true") en C:\Program Files\dotnet\sdk\9.0.201\Microsoft.Common.CurrentVersion.targets (185,5)
       Reasignaci├│n de propiedad: $(_DebugSymbolsProduced)="true" (valor anterior: "false") en C:\Program Files\dotnet\sdk\9.0.201\Microsoft.Common.CurrentVersion.targets (175,5)
       Reasignaci├│n de propiedad: $(_DebugSymbolsProduced)="true" (valor anterior: "false") en C:\Program Files\dotnet\sdk\9.0.201\Microsoft.Common.CurrentVersion.targets (175,5)
       Reasignaci├│n de propiedad: $(_DocumentationFileProduced)="false" (valor anterior: "true") en C:\Program Files\dotnet\sdk\9.0.201\Microsoft.Common.CurrentVersion.targets (185,5)
       La propiedad "SolutionName" es global y no se puede modificar.
       Reasignaci├│n de propiedad: $(_DocumentationFileProduced)="false" (valor anterior: "true") en C:\Program Files\dotnet\sdk\9.0.201\Microsoft.Common.CurrentVersion.targets (185,5)
       La propiedad "SolutionName" es global y no se puede modificar.
       Reasignaci├│n de propiedad: $(_DocumentationFileProduced)="false" (valor anterior: "true") en C:\Program Files\dotnet\sdk\9.0.201\Microsoft.Common.CurrentVersion.targets (185,5)
       La propiedad "SolutionFileName" es global y no se puede modificar.
       La propiedad "SolutionName" es global y no se puede modificar.
       La propiedad "SolutionFileName" es global y no se puede modificar.
       La propiedad "SolutionPath" es global y no se puede modificar.
       La propiedad "SolutionPath" es global y no se puede modificar.
       La propiedad "Configuration" es global y no se puede modificar.
       La propiedad "SolutionFileName" es global y no se puede modificar.
       La propiedad "SolutionDir" es global y no se puede modificar.
       La propiedad "SolutionDir" es global y no se puede modificar.
       Reasignaci├│n de propiedad: $(_DebugSymbolsProduced)="true" (valor anterior: "false") en C:\Program Files\dotnet\sdk\9.0.201\Microsoft.Common.CurrentVersion.targets (175,5)
       La propiedad "SolutionName" es global y no se puede modificar.
       La propiedad "SolutionExt" es global y no se puede modificar.
       Reasignaci├│n de propiedad: $(_DocumentationFileProduced)="false" (valor anterior: "true") en C:\Program Files\dotnet\sdk\9.0.201\Microsoft.Common.CurrentVersion.targets (185,5)
       La propiedad "SolutionPath" es global y no se puede modificar.
       La propiedad "SolutionName" es global y no se puede modificar.
       La propiedad "SolutionFileName" es global y no se puede modificar.
       La propiedad "SolutionFileName" es global y no se puede modificar.
       La propiedad "SolutionDir" es global y no se puede modificar.
       La propiedad "SolutionExt" es global y no se puede modificar.
       Reasignaci├│n de propiedad: $(MSBuildCopyMarkerName)="AuthSyst.02334C22" (valor anterior: "AuthSystem.Domain.csproj") en C:\Program Files\dotnet\sdk\9.0.201\Microsoft.Common.CurrentVersion.targets (392,5)
       La propiedad "SolutionPath" es global y no se puede modificar.
       Reasignaci├│n de propiedad: $(MSBuildCopyMarkerName)="AuthSyst.02334C22.Up2Date" (valor anterior: "AuthSyst.02334C22") en C:\Program Files\dotnet\sdk\9.0.201\Microsoft.Common.CurrentVersion.targets (393,5)
       Reasignaci├│n de propiedad: $(MSBuildCopyMarkerName)="AuthSyst.210E05FF" (valor anterior: "AuthSystem.IntegrationTests.csproj") en C:\Program Files\dotnet\sdk\9.0.201\Microsoft.Common.CurrentVersion.targets (392,5)
       La propiedad "SolutionExt" es global y no se puede modificar.
       La propiedad "SolutionDir" es global y no se puede modificar.
       Reasignaci├│n de propiedad: $(ProcessorArchitecture)="msil" (valor anterior: "") en C:\Program Files\dotnet\sdk\9.0.201\Microsoft.Common.CurrentVersion.targets (541,5)
       La propiedad "SolutionPath" es global y no se puede modificar.
       La propiedad "SolutionExt" es global y no se puede modificar.
       La propiedad "SolutionDir" es global y no se puede modificar.
       Reasignaci├│n de propiedad: $(DelaySign)="" (valor anterior: "false") en C:\Program Files\dotnet\sdk\9.0.201\Microsoft.Common.CurrentVersion.targets (580,5)
       Reasignaci├│n de propiedad: $(MSBuildCopyMarkerName)="AuthSyst.810430FD" (valor anterior: "AuthSystem.Application.csproj") en C:\Program Files\dotnet\sdk\9.0.201\Microsoft.Common.CurrentVersion.targets (392,5)
       C:\Program Files\dotnet\sdk\9.0.201\Microsoft.Common.CurrentVersion.targets(2590,5): message : Propiedad "LOCALAPPDATA" con el valor "C:\Users\JHON\AppData\Local" expandido desde el entorno.
       Reasignaci├│n de propiedad: $(MSBuildCopyMarkerName)="AuthSyst.810430FD.Up2Date" (valor anterior: "AuthSyst.810430FD") en C:\Program Files\dotnet\sdk\9.0.201\Microsoft.Common.CurrentVersion.targets (393,5)
       Reasignaci├│n de propiedad: $(MSBuildCopyMarkerName)="AuthSyst.2E819408" (valor anterior: "AuthSystem.UnitTests.csproj") en C:\Program Files\dotnet\sdk\9.0.201\Microsoft.Common.CurrentVersion.targets (392,5)
       Reasignaci├│n de propiedad: $(ProcessorArchitecture)="msil" (valor anterior: "") en C:\Program Files\dotnet\sdk\9.0.201\Microsoft.Common.CurrentVersion.targets (541,5)
       Reasignaci├│n de propiedad: $(_SGenGenerateSerializationAssembliesConfig)="Auto" (valor anterior: "") en C:\Program Files\dotnet\sdk\9.0.201\Microsoft.Common.CurrentVersion.targets (3917,5)
       La propiedad "SolutionExt" es global y no se puede modificar.
       Reasignaci├│n de propiedad: $(MSBuildCopyMarkerName)="AuthSyst.210E05FF.Up2Date" (valor anterior: "AuthSyst.210E05FF") en C:\Program Files\dotnet\sdk\9.0.201\Microsoft.Common.CurrentVersion.targets (393,5)
       Reasignaci├│n de propiedad: $(MSBuildCopyMarkerName)="AuthSyst.A671E16F" (valor anterior: "AuthSystem.Infrastructure.csproj") en C:\Program Files\dotnet\sdk\9.0.201\Microsoft.Common.CurrentVersion.targets (392,5)
       Reasignaci├│n de propiedad: $(DelaySign)="" (valor anterior: "false") en C:\Program Files\dotnet\sdk\9.0.201\Microsoft.Common.CurrentVersion.targets (580,5)
       Reasignaci├│n de propiedad: $(_SGenGenerateSerializationAssembliesConfig)="Off" (valor anterior: "Auto") en C:\Program Files\dotnet\sdk\9.0.201\Microsoft.Common.CurrentVersion.targets (3918,5)
       Reasignaci├│n de propiedad: $(MSBuildCopyMarkerName)="AuthSyst.2E819408.Up2Date" (valor anterior: "AuthSyst.2E819408") en C:\Program Files\dotnet\sdk\9.0.201\Microsoft.Common.CurrentVersion.targets (393,5)
       Reasignaci├│n de propiedad: $(MSBuildCopyMarkerName)="AuthSyst.A671E16F.Up2Date" (valor anterior: "AuthSyst.A671E16F") en C:\Program Files\dotnet\sdk\9.0.201\Microsoft.Common.CurrentVersion.targets (393,5)
       C:\Program Files\dotnet\sdk\9.0.201\Microsoft.Common.CurrentVersion.targets(2590,5): message : Propiedad "LOCALAPPDATA" con el valor "C:\Users\JHON\AppData\Local" expandido desde el entorno.
       Reasignaci├│n de propiedad: $(ProcessorArchitecture)="msil" (valor anterior: "") en C:\Program Files\dotnet\sdk\9.0.201\Microsoft.Common.CurrentVersion.targets (541,5)
       Reasignaci├│n de propiedad: $(ProcessorArchitecture)="msil" (valor anterior: "") en C:\Program Files\dotnet\sdk\9.0.201\Microsoft.Common.CurrentVersion.targets (541,5)
       Reasignaci├│n de propiedad: $(_SGenGenerateSerializationAssembliesConfig)="Auto" (valor anterior: "") en C:\Program Files\dotnet\sdk\9.0.201\Microsoft.Common.CurrentVersion.targets (3917,5)
       Reasignaci├│n de propiedad: $(DelaySign)="" (valor anterior: "false") en C:\Program Files\dotnet\sdk\9.0.201\Microsoft.Common.CurrentVersion.targets (580,5)
       Reasignaci├│n de propiedad: $(DelaySign)="" (valor anterior: "false") en C:\Program Files\dotnet\sdk\9.0.201\Microsoft.Common.CurrentVersion.targets (580,5)
       Reasignaci├│n de propiedad: $(_SGenGenerateSerializationAssembliesConfig)="Off" (valor anterior: "Auto") en C:\Program Files\dotnet\sdk\9.0.201\Microsoft.Common.CurrentVersion.targets (3918,5)
       Reasignaci├│n de propiedad: $(ProcessorArchitecture)="msil" (valor anterior: "") en C:\Program Files\dotnet\sdk\9.0.201\Microsoft.Common.CurrentVersion.targets (541,5)
       C:\Program Files\dotnet\sdk\9.0.201\Microsoft.Common.CurrentVersion.targets(2590,5): message : Propiedad "LOCALAPPDATA" con el valor "C:\Users\JHON\AppData\Local" expandido desde el entorno.
       Reasignaci├│n de propiedad: $(_TargetsThatPrepareProjectReferences)="
             AssignProjectConfiguration;
             _SplitProjectReferencesByFileExistence
           " (valor anterior: "_SplitProjectReferencesByFileExistence") en C:\Program Files\dotnet\sdk\9.0.201\Microsoft.Common.CurrentVersion.targets (5129,5)
       Reasignaci├│n de propiedad: $(_TargetsThatPrepareProjectReferences)="
             AssignProjectConfiguration;
             _SplitProjectReferencesByFileExistence
           " (valor anterior: "_SplitProjectReferencesByFileExistence") en C:\Program Files\dotnet\sdk\9.0.201\Microsoft.Common.CurrentVersion.targets (5129,5)
       C:\Program Files\dotnet\sdk\9.0.201\Microsoft.Common.CurrentVersion.targets(2590,5): message : Propiedad "LOCALAPPDATA" con el valor "C:\Users\JHON\AppData\Local" expandido desde el entorno.
       Reasignaci├│n de propiedad: $(_SGenGenerateSerializationAssembliesConfig)="Auto" (valor anterior: "") en C:\Program Files\dotnet\sdk\9.0.201\Microsoft.Common.CurrentVersion.targets (3917,5)
       Reasignaci├│n de propiedad: $(_SGenGenerateSerializationAssembliesConfig)="Auto" (valor anterior: "") en C:\Program Files\dotnet\sdk\9.0.201\Microsoft.Common.CurrentVersion.targets (3917,5)
       C:\Program Files\dotnet\sdk\9.0.201\Microsoft.Common.CurrentVersion.targets(6924,5): message : Propiedad "MSBuildExtensionsPath32" con el valor "C:\Program Files\dotnet\sdk\9.0.201" expandido desde el entorno.
       Reasignaci├│n de propiedad: $(_SGenGenerateSerializationAssembliesConfig)="Off" (valor anterior: "Auto") en C:\Program Files\dotnet\sdk\9.0.201\Microsoft.Common.CurrentVersion.targets (3918,5)
       Reasignaci├│n de propiedad: $(_SGenGenerateSerializationAssembliesConfig)="Off" (valor anterior: "Auto") en C:\Program Files\dotnet\sdk\9.0.201\Microsoft.Common.CurrentVersion.targets (3918,5)
       Reasignaci├│n de propiedad: $(_TargetsThatPrepareProjectReferences)="
             AssignProjectConfiguration;
             _SplitProjectReferencesByFileExistence
           " (valor anterior: "_SplitProjectReferencesByFileExistence") en C:\Program Files\dotnet\sdk\9.0.201\Microsoft.Common.CurrentVersion.targets (5129,5)
       Reasignaci├│n de propiedad: $(_TargetsThatPrepareProjectReferences)="
             AssignProjectConfiguration;
             _SplitProjectReferencesByFileExistence
           " (valor anterior: "_SplitProjectReferencesByFileExistence") en C:\Program Files\dotnet\sdk\9.0.201\Microsoft.Common.CurrentVersion.targets (5129,5)
       C:\Program Files\dotnet\sdk\9.0.201\Microsoft.Common.CurrentVersion.targets(6924,5): message : Propiedad "MSBuildExtensionsPath32" con el valor "C:\Program Files\dotnet\sdk\9.0.201" expandido desde el entorno.
       La propiedad "_RestoreSolutionFileUsed" es global y no se puede modificar.
       Reasignaci├│n de propiedad: $(_GenerateRestoreGraphProjectEntryInputProperties)="
             ExcludeRestorePackageImports=true;
             _RestoreSolutionFileUsed=true;
             SolutionDir=D:\Users\Jhon\Documentos\Mintrabajo\Modulo General usuarios\AuthSystemNew\;
             SolutionName=AuthSystem;
             SolutionFileName=AuthSystem.sln;
             SolutionPath=D:\Users\Jhon\Documentos\Mintrabajo\Modulo General usuarios\AuthSystemNew\AuthSystem.sln;
             SolutionExt=.sln;
           " (valor anterior: "ExcludeRestorePackageImports=true") en C:\Program Files\dotnet\sdk\9.0.201\NuGet.targets (101,5)
       La propiedad "_RestoreSolutionFileUsed" es global y no se puede modificar.
       C:\Program Files\dotnet\sdk\9.0.201\Microsoft.Common.CurrentVersion.targets(6924,5): message : Propiedad "MSBuildExtensionsPath32" con el valor "C:\Program Files\dotnet\sdk\9.0.201" expandido desde el entorno.
       C:\Program Files\dotnet\sdk\9.0.201\Microsoft.Common.CurrentVersion.targets(6924,5): message : Propiedad "MSBuildExtensionsPath32" con el valor "C:\Program Files\dotnet\sdk\9.0.201" expandido desde el entorno.
       Reasignaci├│n de propiedad: $(DelaySign)="" (valor anterior: "false") en C:\Program Files\dotnet\sdk\9.0.201\Microsoft.Common.CurrentVersion.targets (580,5)
       La propiedad "_RestoreSolutionFileUsed" es global y no se puede modificar.
       Reasignaci├│n de propiedad: $(_GenerateRestoreGraphProjectEntryInputProperties)="
             ExcludeRestorePackageImports=true;
             _RestoreSolutionFileUsed=true;
             SolutionDir=D:\Users\Jhon\Documentos\Mintrabajo\Modulo General usuarios\AuthSystemNew\;
             SolutionName=AuthSystem;
             SolutionFileName=AuthSystem.sln;
             SolutionPath=D:\Users\Jhon\Documentos\Mintrabajo\Modulo General usuarios\AuthSystemNew\AuthSystem.sln;
             SolutionExt=.sln;
           " (valor anterior: "ExcludeRestorePackageImports=true") en C:\Program Files\dotnet\sdk\9.0.201\NuGet.targets (101,5)
       La propiedad "_RestoreSolutionFileUsed" es global y no se puede modificar.
       Reasignaci├│n de propiedad: $(_GenerateRestoreGraphProjectEntryInputProperties)="
             ExcludeRestorePackageImports=true;
             _RestoreSolutionFileUsed=true;
             SolutionDir=D:\Users\Jhon\Documentos\Mintrabajo\Modulo General usuarios\AuthSystemNew\;
             SolutionName=AuthSystem;
             SolutionFileName=AuthSystem.sln;
             SolutionPath=D:\Users\Jhon\Documentos\Mintrabajo\Modulo General usuarios\AuthSystemNew\AuthSystem.sln;
             SolutionExt=.sln;
           " (valor anterior: "ExcludeRestorePackageImports=true") en C:\Program Files\dotnet\sdk\9.0.201\NuGet.targets (101,5)
       Reasignaci├│n de propiedad: $(_GenerateRestoreGraphProjectEntryInputProperties)="
             ExcludeRestorePackageImports=true;
             _RestoreSolutionFileUsed=true;
             SolutionDir=D:\Users\Jhon\Documentos\Mintrabajo\Modulo General usuarios\AuthSystemNew\;
             SolutionName=AuthSystem;
             SolutionFileName=AuthSystem.sln;
             SolutionPath=D:\Users\Jhon\Documentos\Mintrabajo\Modulo General usuarios\AuthSystemNew\AuthSystem.sln;
             SolutionExt=.sln;
           " (valor anterior: "ExcludeRestorePackageImports=true") en C:\Program Files\dotnet\sdk\9.0.201\NuGet.targets (101,5)
       C:\Program Files\dotnet\sdk\9.0.201\Microsoft.Common.CurrentVersion.targets(2590,5): message : Propiedad "LOCALAPPDATA" con el valor "C:\Users\JHON\AppData\Local" expandido desde el entorno.
       Reasignaci├│n de propiedad: $(_SGenGenerateSerializationAssembliesConfig)="Auto" (valor anterior: "") en C:\Program Files\dotnet\sdk\9.0.201\Microsoft.Common.CurrentVersion.targets (3917,5)
       Reasignaci├│n de propiedad: $(_SGenGenerateSerializationAssembliesConfig)="Off" (valor anterior: "Auto") en C:\Program Files\dotnet\sdk\9.0.201\Microsoft.Common.CurrentVersion.targets (3918,5)
       Reasignaci├│n de propiedad: $(_TargetsThatPrepareProjectReferences)="
             AssignProjectConfiguration;
             _SplitProjectReferencesByFileExistence
           " (valor anterior: "_SplitProjectReferencesByFileExistence") en C:\Program Files\dotnet\sdk\9.0.201\Microsoft.Common.CurrentVersion.targets (5129,5)
       C:\Program Files\dotnet\sdk\9.0.201\Microsoft.Common.CurrentVersion.targets(6924,5): message : Propiedad "MSBuildExtensionsPath32" con el valor "C:\Program Files\dotnet\sdk\9.0.201" expandido desde el entorno.
       La propiedad "_RestoreSolutionFileUsed" es global y no se puede modificar.
       Reasignaci├│n de propiedad: $(_GenerateRestoreGraphProjectEntryInputProperties)="
             ExcludeRestorePackageImports=true;
             _RestoreSolutionFileUsed=true;
             SolutionDir=D:\Users\Jhon\Documentos\Mintrabajo\Modulo General usuarios\AuthSystemNew\;
             SolutionName=AuthSystem;
             SolutionFileName=AuthSystem.sln;
             SolutionPath=D:\Users\Jhon\Documentos\Mintrabajo\Modulo General usuarios\AuthSystemNew\AuthSystem.sln;
             SolutionExt=.sln;
           " (valor anterior: "ExcludeRestorePackageImports=true") en C:\Program Files\dotnet\sdk\9.0.201\NuGet.targets (101,5)
       Reasignaci├│n de propiedad: $(ProjectAssetsFile)="D:\Users\Jhon\Documentos\Mintrabajo\Modulo General usuarios\AuthSystemNew\AuthSystem.UnitTests\obj\project.assets.json" (valor anterior: "D:\Users\Jhon\Documentos\Mintrabajo\Modulo General usuarios\AuthSystemNew\AuthSystem.UnitTests\obj\/project.assets.json") en C:\Program Files\dotnet\sdk\9.0.201\Sdks\Microsoft.NET.Sdk\targets\Microsoft.PackageDependencyResolution.targets (24,5)
       Reasignaci├│n de propiedad: $(ProjectAssetsFile)="D:\Users\Jhon\Documentos\Mintrabajo\Modulo General usuarios\AuthSystemNew\AuthSystem.IntegrationTests\obj\project.assets.json" (valor anterior: "D:\Users\Jhon\Documentos\Mintrabajo\Modulo General usuarios\AuthSystemNew\AuthSystem.IntegrationTests\obj\/project.assets.json") en C:\Program Files\dotnet\sdk\9.0.201\Sdks\Microsoft.NET.Sdk\targets\Microsoft.PackageDependencyResolution.targets (24,5)
       Reasignaci├│n de propiedad: $(ProjectAssetsCacheFile)="D:\Users\Jhon\Documentos\Mintrabajo\Modulo General usuarios\AuthSystemNew\AuthSystem.UnitTests\obj\Debug\net8.0\AuthSystem.UnitTests.assets.cache" (valor anterior: "obj\Debug\net8.0\AuthSystem.UnitTests.assets.cache") en C:\Program Files\dotnet\sdk\9.0.201\Sdks\Microsoft.NET.Sdk\targets\Microsoft.PackageDependencyResolution.targets (29,5)
       Reasignaci├│n de propiedad: $(ProjectAssetsCacheFile)="D:\Users\Jhon\Documentos\Mintrabajo\Modulo General usuarios\AuthSystemNew\AuthSystem.IntegrationTests\obj\Debug\net8.0\AuthSystem.IntegrationTests.assets.cache" (valor anterior: "obj\Debug\net8.0\AuthSystem.IntegrationTests.assets.cache") en C:\Program Files\dotnet\sdk\9.0.201\Sdks\Microsoft.NET.Sdk\targets\Microsoft.PackageDependencyResolution.targets (29,5)
       Reasignaci├│n de propiedad: $(ResolveAssemblyReferencesDependsOn)="
             
             ResolveProjectReferences;
             FindInvalidProjectReferences;
             GetFrameworkPaths;
             GetReferenceAssemblyPaths;
             PrepareForBuild;
             ResolveSDKReferences;
             ExpandSDKReferences;
           ;
             ResolvePackageDependenciesForBuild;
             _HandlePackageFileConflicts;
           " (valor anterior: "
             ResolveProjectReferences;
             FindInvalidProjectReferences;
             GetFrameworkPaths;
             GetReferenceAssemblyPaths;
             PrepareForBuild;
             ResolveSDKReferences;
             ExpandSDKReferences;
           ") en C:\Program Files\dotnet\sdk\9.0.201\Sdks\Microsoft.NET.Sdk\targets\Microsoft.PackageDependencyResolution.targets (80,5)
       Reasignaci├│n de propiedad: $(ProjectAssetsFile)="D:\Users\Jhon\Documentos\Mintrabajo\Modulo General usuarios\AuthSystemNew\AuthSystem.Domain\obj\project.assets.json" (valor anterior: "D:\Users\Jhon\Documentos\Mintrabajo\Modulo General usuarios\AuthSystemNew\AuthSystem.Domain\obj\/project.assets.json") en C:\Program Files\dotnet\sdk\9.0.201\Sdks\Microsoft.NET.Sdk\targets\Microsoft.PackageDependencyResolution.targets (24,5)
       Reasignaci├│n de propiedad: $(PrepareResourcesDependsOn)="
             ResolvePackageDependenciesForBuild;
             _HandlePackageFileConflicts;
             
             ;
             PrepareResourceNames;
             ResGen;
             CompileLicxFiles
           
           " (valor anterior: "
             ;
             PrepareResourceNames;
             ResGen;
             CompileLicxFiles
           ") en C:\Program Files\dotnet\sdk\9.0.201\Sdks\Microsoft.NET.Sdk\targets\Microsoft.PackageDependencyResolution.targets (86,5)
       Reasignaci├│n de propiedad: $(ResolveAssemblyReferencesDependsOn)="
             
             ResolveProjectReferences;
             FindInvalidProjectReferences;
             GetFrameworkPaths;
             GetReferenceAssemblyPaths;
             PrepareForBuild;
             ResolveSDKReferences;
             ExpandSDKReferences;
           ;
             ResolvePackageDependenciesForBuild;
             _HandlePackageFileConflicts;
           " (valor anterior: "
             ResolveProjectReferences;
             FindInvalidProjectReferences;
             GetFrameworkPaths;
             GetReferenceAssemblyPaths;
             PrepareForBuild;
             ResolveSDKReferences;
             ExpandSDKReferences;
           ") en C:\Program Files\dotnet\sdk\9.0.201\Sdks\Microsoft.NET.Sdk\targets\Microsoft.PackageDependencyResolution.targets (80,5)
       Reasignaci├│n de propiedad: $(ProjectAssetsCacheFile)="D:\Users\Jhon\Documentos\Mintrabajo\Modulo General usuarios\AuthSystemNew\AuthSystem.Domain\obj\Debug\net8.0\AuthSystem.Domain.assets.cache" (valor anterior: "obj\Debug\net8.0\AuthSystem.Domain.assets.cache") en C:\Program Files\dotnet\sdk\9.0.201\Sdks\Microsoft.NET.Sdk\targets\Microsoft.PackageDependencyResolution.targets (29,5)
       Reasignaci├│n de propiedad: $(ProjectAssetsFile)="D:\Users\Jhon\Documentos\Mintrabajo\Modulo General usuarios\AuthSystemNew\AuthSystem.Infrastructure\obj\project.assets.json" (valor anterior: "D:\Users\Jhon\Documentos\Mintrabajo\Modulo General usuarios\AuthSystemNew\AuthSystem.Infrastructure\obj\/project.assets.json") en C:\Program Files\dotnet\sdk\9.0.201\Sdks\Microsoft.NET.Sdk\targets\Microsoft.PackageDependencyResolution.targets (24,5)
       Reasignaci├│n de propiedad: $(PrepareResourcesDependsOn)="
             ResolvePackageDependenciesForBuild;
             _HandlePackageFileConflicts;
             
             ;
             PrepareResourceNames;
             ResGen;
             CompileLicxFiles
           
           " (valor anterior: "
             ;
             PrepareResourceNames;
             ResGen;
             CompileLicxFiles
           ") en C:\Program Files\dotnet\sdk\9.0.201\Sdks\Microsoft.NET.Sdk\targets\Microsoft.PackageDependencyResolution.targets (86,5)
       Reasignaci├│n de propiedad: $(ResolveAssemblyReferencesDependsOn)="
             
             ResolveProjectReferences;
             FindInvalidProjectReferences;
             GetFrameworkPaths;
             GetReferenceAssemblyPaths;
             PrepareForBuild;
             ResolveSDKReferences;
             ExpandSDKReferences;
           ;
             ResolvePackageDependenciesForBuild;
             _HandlePackageFileConflicts;
           " (valor anterior: "
             ResolveProjectReferences;
             FindInvalidProjectReferences;
             GetFrameworkPaths;
             GetReferenceAssemblyPaths;
             PrepareForBuild;
             ResolveSDKReferences;
             ExpandSDKReferences;
           ") en C:\Program Files\dotnet\sdk\9.0.201\Sdks\Microsoft.NET.Sdk\targets\Microsoft.PackageDependencyResolution.targets (80,5)
       Reasignaci├│n de propiedad: $(DefaultItemExcludes)=";bin\Debug\/**;obj\Debug\/**;bin\/**" (valor anterior: ";bin\Debug\/**;obj\Debug\/**") en C:\Program Files\dotnet\sdk\9.0.201\Sdks\Microsoft.NET.Sdk\targets\Microsoft.NET.Sdk.DefaultItems.targets (27,5)
       Reasignaci├│n de propiedad: $(DefaultItemExcludes)=";bin\Debug\/**;obj\Debug\/**;bin\/**" (valor anterior: ";bin\Debug\/**;obj\Debug\/**") en C:\Program Files\dotnet\sdk\9.0.201\Sdks\Microsoft.NET.Sdk\targets\Microsoft.NET.Sdk.DefaultItems.targets (27,5)
       Reasignaci├│n de propiedad: $(PrepareResourcesDependsOn)="
             ResolvePackageDependenciesForBuild;
             _HandlePackageFileConflicts;
             
             ;
             PrepareResourceNames;
             ResGen;
             CompileLicxFiles
           
           " (valor anterior: "
             ;
             PrepareResourceNames;
             ResGen;
             CompileLicxFiles
           ") en C:\Program Files\dotnet\sdk\9.0.201\Sdks\Microsoft.NET.Sdk\targets\Microsoft.PackageDependencyResolution.targets (86,5)
       Reasignaci├│n de propiedad: $(DefaultItemExcludes)=";bin\Debug\/**;obj\Debug\/**;bin\/**;obj\/**" (valor anterior: ";bin\Debug\/**;obj\Debug\/**;bin\/**") en C:\Program Files\dotnet\sdk\9.0.201\Sdks\Microsoft.NET.Sdk\targets\Microsoft.NET.Sdk.DefaultItems.targets (29,5)
       Reasignaci├│n de propiedad: $(DefaultItemExcludes)=";bin\Debug\/**;obj\Debug\/**;bin\/**" (valor anterior: ";bin\Debug\/**;obj\Debug\/**") en C:\Program Files\dotnet\sdk\9.0.201\Sdks\Microsoft.NET.Sdk\targets\Microsoft.NET.Sdk.DefaultItems.targets (27,5)
       Reasignaci├│n de propiedad: $(ProjectAssetsCacheFile)="D:\Users\Jhon\Documentos\Mintrabajo\Modulo General usuarios\AuthSystemNew\AuthSystem.Infrastructure\obj\Debug\net8.0\AuthSystem.Infrastructure.assets.cache" (valor anterior: "obj\Debug\net8.0\AuthSystem.Infrastructure.assets.cache") en C:\Program Files\dotnet\sdk\9.0.201\Sdks\Microsoft.NET.Sdk\targets\Microsoft.PackageDependencyResolution.targets (29,5)
       Reasignaci├│n de propiedad: $(DefaultItemExcludes)=";bin\Debug\/**;obj\Debug\/**;bin\/**;obj\/**" (valor anterior: ";bin\Debug\/**;obj\Debug\/**;bin\/**") en C:\Program Files\dotnet\sdk\9.0.201\Sdks\Microsoft.NET.Sdk\targets\Microsoft.NET.Sdk.DefaultItems.targets (29,5)
       Reasignaci├│n de propiedad: $(ProjectAssetsFile)="D:\Users\Jhon\Documentos\Mintrabajo\Modulo General usuarios\AuthSystemNew\AuthSystem.Application\obj\project.assets.json" (valor anterior: "D:\Users\Jhon\Documentos\Mintrabajo\Modulo General usuarios\AuthSystemNew\AuthSystem.Application\obj\/project.assets.json") en C:\Program Files\dotnet\sdk\9.0.201\Sdks\Microsoft.NET.Sdk\targets\Microsoft.PackageDependencyResolution.targets (24,5)
       Reasignaci├│n de propiedad: $(DefaultItemExcludes)=";bin\Debug\/**;obj\Debug\/**;bin\/**;obj\/**" (valor anterior: ";bin\Debug\/**;obj\Debug\/**;bin\/**") en C:\Program Files\dotnet\sdk\9.0.201\Sdks\Microsoft.NET.Sdk\targets\Microsoft.NET.Sdk.DefaultItems.targets (29,5)
       Reasignaci├│n de propiedad: $(DefaultItemExcludes)=";bin\Debug\/**;obj\Debug\/**;bin\/**;obj\/**;**/*.user" (valor anterior: ";bin\Debug\/**;obj\Debug\/**;bin\/**;obj\/**") en C:\Program Files\dotnet\sdk\9.0.201\Sdks\Microsoft.NET.Sdk\targets\Microsoft.NET.Sdk.DefaultItems.targets (32,5)
       Reasignaci├│n de propiedad: $(ResolveAssemblyReferencesDependsOn)="
             
             ResolveProjectReferences;
             FindInvalidProjectReferences;
             GetFrameworkPaths;
             GetReferenceAssemblyPaths;
             PrepareForBuild;
             ResolveSDKReferences;
             ExpandSDKReferences;
           ;
             ResolvePackageDependenciesForBuild;
             _HandlePackageFileConflicts;
           " (valor anterior: "
             ResolveProjectReferences;
             FindInvalidProjectReferences;
             GetFrameworkPaths;
             GetReferenceAssemblyPaths;
             PrepareForBuild;
             ResolveSDKReferences;
             ExpandSDKReferences;
           ") en C:\Program Files\dotnet\sdk\9.0.201\Sdks\Microsoft.NET.Sdk\targets\Microsoft.PackageDependencyResolution.targets (80,5)
       Reasignaci├│n de propiedad: $(DefaultItemExcludes)=";bin\Debug\/**;obj\Debug\/**;bin\/**;obj\/**;**/*.user" (valor anterior: ";bin\Debug\/**;obj\Debug\/**;bin\/**;obj\/**") en C:\Program Files\dotnet\sdk\9.0.201\Sdks\Microsoft.NET.Sdk\targets\Microsoft.NET.Sdk.DefaultItems.targets (32,5)
       Reasignaci├│n de propiedad: $(DefaultItemExcludes)=";bin\Debug\/**;obj\Debug\/**;bin\/**;obj\/**;**/*.user;**/*.*proj" (valor anterior: ";bin\Debug\/**;obj\Debug\/**;bin\/**;obj\/**;**/*.user") en C:\Program Files\dotnet\sdk\9.0.201\Sdks\Microsoft.NET.Sdk\targets\Microsoft.NET.Sdk.DefaultItems.targets (33,5)
       Reasignaci├│n de propiedad: $(ProjectAssetsCacheFile)="D:\Users\Jhon\Documentos\Mintrabajo\Modulo General usuarios\AuthSystemNew\AuthSystem.Application\obj\Debug\net8.0\AuthSystem.Application.assets.cache" (valor anterior: "obj\Debug\net8.0\AuthSystem.Application.assets.cache") en C:\Program Files\dotnet\sdk\9.0.201\Sdks\Microsoft.NET.Sdk\targets\Microsoft.PackageDependencyResolution.targets (29,5)
       Reasignaci├│n de propiedad: $(DefaultItemExcludes)=";bin\Debug\/**;obj\Debug\/**;bin\/**;obj\/**;**/*.user;**/*.*proj;**/*.sln" (valor anterior: ";bin\Debug\/**;obj\Debug\/**;bin\/**;obj\/**;**/*.user;**/*.*proj") en C:\Program Files\dotnet\sdk\9.0.201\Sdks\Microsoft.NET.Sdk\targets\Microsoft.NET.Sdk.DefaultItems.targets (34,5)
       Reasignaci├│n de propiedad: $(ResolveAssemblyReferencesDependsOn)="
             
             ResolveProjectReferences;
             FindInvalidProjectReferences;
             GetFrameworkPaths;
             GetReferenceAssemblyPaths;
             PrepareForBuild;
             ResolveSDKReferences;
             ExpandSDKReferences;
           ;
             ResolvePackageDependenciesForBuild;
             _HandlePackageFileConflicts;
           " (valor anterior: "
             ResolveProjectReferences;
             FindInvalidProjectReferences;
             GetFrameworkPaths;
             GetReferenceAssemblyPaths;
             PrepareForBuild;
             ResolveSDKReferences;
             ExpandSDKReferences;
           ") en C:\Program Files\dotnet\sdk\9.0.201\Sdks\Microsoft.NET.Sdk\targets\Microsoft.PackageDependencyResolution.targets (80,5)
       Reasignaci├│n de propiedad: $(DefaultItemExcludes)=";bin\Debug\/**;obj\Debug\/**;bin\/**;obj\/**;**/*.user;**/*.*proj;**/*.sln;**/*.vssscc" (valor anterior: ";bin\Debug\/**;obj\Debug\/**;bin\/**;obj\/**;**/*.user;**/*.*proj;**/*.sln") en C:\Program Files\dotnet\sdk\9.0.201\Sdks\Microsoft.NET.Sdk\targets\Microsoft.NET.Sdk.DefaultItems.targets (35,5)
       Reasignaci├│n de propiedad: $(PrepareResourcesDependsOn)="
             ResolvePackageDependenciesForBuild;
             _HandlePackageFileConflicts;
             
             ;
             PrepareResourceNames;
             ResGen;
             CompileLicxFiles
           
           " (valor anterior: "
             ;
             PrepareResourceNames;
             ResGen;
             CompileLicxFiles
           ") en C:\Program Files\dotnet\sdk\9.0.201\Sdks\Microsoft.NET.Sdk\targets\Microsoft.PackageDependencyResolution.targets (86,5)
       Reasignaci├│n de propiedad: $(DefaultItemExcludes)=";bin\Debug\/**;obj\Debug\/**;bin\/**;obj\/**;**/*.user;**/*.*proj;**/*.sln;**/*.vssscc;**/.DS_Store" (valor anterior: ";bin\Debug\/**;obj\Debug\/**;bin\/**;obj\/**;**/*.user;**/*.*proj;**/*.sln;**/*.vssscc") en C:\Program Files\dotnet\sdk\9.0.201\Sdks\Microsoft.NET.Sdk\targets\Microsoft.NET.Sdk.DefaultItems.targets (36,5)
       Reasignaci├│n de propiedad: $(DefaultItemExcludes)=";bin\Debug\/**;obj\Debug\/**;bin\/**" (valor anterior: ";bin\Debug\/**;obj\Debug\/**") en C:\Program Files\dotnet\sdk\9.0.201\Sdks\Microsoft.NET.Sdk\targets\Microsoft.NET.Sdk.DefaultItems.targets (27,5)
       Reasignaci├│n de propiedad: $(ResolveAssemblyReferencesDependsOn)="
             
             
             ResolveProjectReferences;
             FindInvalidProjectReferences;
             GetFrameworkPaths;
             GetReferenceAssemblyPaths;
             PrepareForBuild;
             ResolveSDKReferences;
             ExpandSDKReferences;
           ;
             ResolvePackageDependenciesForBuild;
             _HandlePackageFileConflicts;
           ;
             ResolveTargetingPackAssets;
           " (valor anterior: "
             
             ResolveProjectReferences;
             FindInvalidProjectReferences;
             GetFrameworkPaths;
             GetReferenceAssemblyPaths;
             PrepareForBuild;
             ResolveSDKReferences;
             ExpandSDKReferences;
           ;
             ResolvePackageDependenciesForBuild;
             _HandlePackageFileConflicts;
           ") en C:\Program Files\dotnet\sdk\9.0.201\Sdks\Microsoft.NET.Sdk\targets\Microsoft.NET.Sdk.FrameworkReferenceResolution.targets (14,5)
       Reasignaci├│n de propiedad: $(PrepareResourcesDependsOn)="
             ResolvePackageDependenciesForBuild;
             _HandlePackageFileConflicts;
             
             ;
             PrepareResourceNames;
             ResGen;
             CompileLicxFiles
           
           " (valor anterior: "
             ;
             PrepareResourceNames;
             ResGen;
             CompileLicxFiles
           ") en C:\Program Files\dotnet\sdk\9.0.201\Sdks\Microsoft.NET.Sdk\targets\Microsoft.PackageDependencyResolution.targets (86,5)
       Reasignaci├│n de propiedad: $(DefaultItemExcludes)=";bin\Debug\/**;obj\Debug\/**;bin\/**;obj\/**" (valor anterior: ";bin\Debug\/**;obj\Debug\/**;bin\/**") en C:\Program Files\dotnet\sdk\9.0.201\Sdks\Microsoft.NET.Sdk\targets\Microsoft.NET.Sdk.DefaultItems.targets (29,5)
       Reasignaci├│n de propiedad: $(DefaultItemExcludes)=";bin\Debug\/**;obj\Debug\/**;bin\/**;obj\/**;**/*.user" (valor anterior: ";bin\Debug\/**;obj\Debug\/**;bin\/**;obj\/**") en C:\Program Files\dotnet\sdk\9.0.201\Sdks\Microsoft.NET.Sdk\targets\Microsoft.NET.Sdk.DefaultItems.targets (32,5)
       Reasignaci├│n de propiedad: $(_GenerateRuntimeConfigurationPropertyInputsCache)="D:\Users\Jhon\Documentos\Mintrabajo\Modulo General usuarios\AuthSystemNew\AuthSystem.Domain\obj\Debug\net8.0\AuthSystem.Domain.genruntimeconfig.cache" (valor anterior: "obj\Debug\net8.0\AuthSystem.Domain.genruntimeconfig.cache") en C:\Program Files\dotnet\sdk\9.0.201\Sdks\Microsoft.NET.Sdk\targets\Microsoft.NET.Sdk.targets (44,5)
       Reasignaci├│n de propiedad: $(DefaultItemExcludes)=";bin\Debug\/**;obj\Debug\/**;bin\/**;obj\/**;**/*.user;**/*.*proj" (valor anterior: ";bin\Debug\/**;obj\Debug\/**;bin\/**;obj\/**;**/*.user") en C:\Program Files\dotnet\sdk\9.0.201\Sdks\Microsoft.NET.Sdk\targets\Microsoft.NET.Sdk.DefaultItems.targets (33,5)
       Reasignaci├│n de propiedad: $(DefaultItemExcludes)=";bin\Debug\/**;obj\Debug\/**;bin\/**;obj\/**;**/*.user" (valor anterior: ";bin\Debug\/**;obj\Debug\/**;bin\/**;obj\/**") en C:\Program Files\dotnet\sdk\9.0.201\Sdks\Microsoft.NET.Sdk\targets\Microsoft.NET.Sdk.DefaultItems.targets (32,5)
       Reasignaci├│n de propiedad: $(DefaultItemExcludes)=";bin\Debug\/**;obj\Debug\/**;bin\/**" (valor anterior: ";bin\Debug\/**;obj\Debug\/**") en C:\Program Files\dotnet\sdk\9.0.201\Sdks\Microsoft.NET.Sdk\targets\Microsoft.NET.Sdk.DefaultItems.targets (27,5)
       Reasignaci├│n de propiedad: $(_GeneratePublishDependencyFilePropertyInputsCache)="D:\Users\Jhon\Documentos\Mintrabajo\Modulo General usuarios\AuthSystemNew\AuthSystem.Domain\obj\Debug\net8.0\AuthSystem.Domain.genpublishdeps.cache" (valor anterior: "obj\Debug\net8.0\AuthSystem.Domain.genpublishdeps.cache") en C:\Program Files\dotnet\sdk\9.0.201\Sdks\Microsoft.NET.Sdk\targets\Microsoft.NET.Sdk.targets (46,5)
       Reasignaci├│n de propiedad: $(DefaultItemExcludes)=";bin\Debug\/**;obj\Debug\/**;bin\/**;obj\/**;**/*.user;**/*.*proj;**/*.sln" (valor anterior: ";bin\Debug\/**;obj\Debug\/**;bin\/**;obj\/**;**/*.user;**/*.*proj") en C:\Program Files\dotnet\sdk\9.0.201\Sdks\Microsoft.NET.Sdk\targets\Microsoft.NET.Sdk.DefaultItems.targets (34,5)
       Reasignaci├│n de propiedad: $(_GenerateSingleFileBundlePropertyInputsCache)="D:\Users\Jhon\Documentos\Mintrabajo\Modulo General usuarios\AuthSystemNew\AuthSystem.Domain\obj\Debug\net8.0\AuthSystem.Domain.genbundle.cache" (valor anterior: "obj\Debug\net8.0\AuthSystem.Domain.genbundle.cache") en C:\Program Files\dotnet\sdk\9.0.201\Sdks\Microsoft.NET.Sdk\targets\Microsoft.NET.Sdk.targets (48,5)
       Reasignaci├│n de propiedad: $(DefaultItemExcludes)=";bin\Debug\/**;obj\Debug\/**;bin\/**;obj\/**;**/*.user;**/*.*proj" (valor anterior: ";bin\Debug\/**;obj\Debug\/**;bin\/**;obj\/**;**/*.user") en C:\Program Files\dotnet\sdk\9.0.201\Sdks\Microsoft.NET.Sdk\targets\Microsoft.NET.Sdk.DefaultItems.targets (33,5)
       Reasignaci├│n de propiedad: $(DefaultItemExcludes)=";bin\Debug\/**;obj\Debug\/**;bin\/**;obj\/**;**/*.user;**/*.*proj;**/*.sln;**/*.vssscc" (valor anterior: ";bin\Debug\/**;obj\Debug\/**;bin\/**;obj\/**;**/*.user;**/*.*proj;**/*.sln") en C:\Program Files\dotnet\sdk\9.0.201\Sdks\Microsoft.NET.Sdk\targets\Microsoft.NET.Sdk.DefaultItems.targets (35,5)
       Reasignaci├│n de propiedad: $(DefaultItemExcludes)=";bin\Debug\/**;obj\Debug\/**;bin\/**;obj\/**" (valor anterior: ";bin\Debug\/**;obj\Debug\/**;bin\/**") en C:\Program Files\dotnet\sdk\9.0.201\Sdks\Microsoft.NET.Sdk\targets\Microsoft.NET.Sdk.DefaultItems.targets (29,5)
       Reasignaci├│n de propiedad: $(DefaultItemExcludes)=";bin\Debug\/**;obj\Debug\/**;bin\/**;obj\/**;**/*.user;**/*.*proj;**/*.sln" (valor anterior: ";bin\Debug\/**;obj\Debug\/**;bin\/**;obj\/**;**/*.user;**/*.*proj") en C:\Program Files\dotnet\sdk\9.0.201\Sdks\Microsoft.NET.Sdk\targets\Microsoft.NET.Sdk.DefaultItems.targets (34,5)
       Reasignaci├│n de propiedad: $(GenerateRuntimeConfigDevFile)="false" (valor anterior: "true") en C:\Program Files\dotnet\sdk\9.0.201\Sdks\Microsoft.NET.Sdk\targets\Microsoft.NET.Sdk.targets (81,5)
       Reasignaci├│n de propiedad: $(DefaultItemExcludes)=";bin\Debug\/**;obj\Debug\/**;bin\/**;obj\/**;**/*.user;**/*.*proj" (valor anterior: ";bin\Debug\/**;obj\Debug\/**;bin\/**;obj\/**;**/*.user") en C:\Program Files\dotnet\sdk\9.0.201\Sdks\Microsoft.NET.Sdk\targets\Microsoft.NET.Sdk.DefaultItems.targets (33,5)
       C:\Program Files\dotnet\sdk\9.0.201\Sdks\Microsoft.NET.Sdk\targets\Microsoft.NET.Sdk.targets(97,5): message : Propiedad "USERPROFILE" con el valor "C:\Users\JHON" expandido desde el entorno.
       Reasignaci├│n de propiedad: $(DefaultItemExcludes)=";bin\Debug\/**;obj\Debug\/**;bin\/**;obj\/**;**/*.user;**/*.*proj;**/*.sln;**/*.vssscc" (valor anterior: ";bin\Debug\/**;obj\Debug\/**;bin\/**;obj\/**;**/*.user;**/*.*proj;**/*.sln") en C:\Program Files\dotnet\sdk\9.0.201\Sdks\Microsoft.NET.Sdk\targets\Microsoft.NET.Sdk.DefaultItems.targets (35,5)
       Reasignaci├│n de propiedad: $(DefaultItemExcludes)=";bin\Debug\/**;obj\Debug\/**;bin\/**;obj\/**;**/*.user;**/*.*proj;**/*.sln;**/*.vssscc;**/.DS_Store" (valor anterior: ";bin\Debug\/**;obj\Debug\/**;bin\/**;obj\/**;**/*.user;**/*.*proj;**/*.sln;**/*.vssscc") en C:\Program Files\dotnet\sdk\9.0.201\Sdks\Microsoft.NET.Sdk\targets\Microsoft.NET.Sdk.DefaultItems.targets (36,5)
       Reasignaci├│n de propiedad: $(_DefaultUserProfileRuntimeStorePath)="C:\Users\JHON" (valor anterior: "") en C:\Program Files\dotnet\sdk\9.0.201\Sdks\Microsoft.NET.Sdk\targets\Microsoft.NET.Sdk.targets (97,5)
       Reasignaci├│n de propiedad: $(DefaultItemExcludes)=";bin\Debug\/**;obj\Debug\/**;bin\/**;obj\/**;**/*.user;**/*.*proj;**/*.sln;**/*.vssscc;**/.DS_Store" (valor anterior: ";bin\Debug\/**;obj\Debug\/**;bin\/**;obj\/**;**/*.user;**/*.*proj;**/*.sln;**/*.vssscc") en C:\Program Files\dotnet\sdk\9.0.201\Sdks\Microsoft.NET.Sdk\targets\Microsoft.NET.Sdk.DefaultItems.targets (36,5)
       Reasignaci├│n de propiedad: $(_DefaultUserProfileRuntimeStorePath)="C:\Users\JHON\.dotnet\store" (valor anterior: "C:\Users\JHON") en C:\Program Files\dotnet\sdk\9.0.201\Sdks\Microsoft.NET.Sdk\targets\Microsoft.NET.Sdk.targets (98,5)
       Reasignaci├│n de propiedad: $(ResolveAssemblyReferencesDependsOn)="
             
             
             ResolveProjectReferences;
             FindInvalidProjectReferences;
             GetFrameworkPaths;
             GetReferenceAssemblyPaths;
             PrepareForBuild;
             ResolveSDKReferences;
             ExpandSDKReferences;
           ;
             ResolvePackageDependenciesForBuild;
             _HandlePackageFileConflicts;
           ;
             ResolveTargetingPackAssets;
           " (valor anterior: "
             
             ResolveProjectReferences;
             FindInvalidProjectReferences;
             GetFrameworkPaths;
             GetReferenceAssemblyPaths;
             PrepareForBuild;
             ResolveSDKReferences;
             ExpandSDKReferences;
           ;
             ResolvePackageDependenciesForBuild;
             _HandlePackageFileConflicts;
           ") en C:\Program Files\dotnet\sdk\9.0.201\Sdks\Microsoft.NET.Sdk\targets\Microsoft.NET.Sdk.FrameworkReferenceResolution.targets (14,5)
       Reasignaci├│n de propiedad: $(ResolveAssemblyReferencesDependsOn)="
             
             
             ResolveProjectReferences;
             FindInvalidProjectReferences;
             GetFrameworkPaths;
             GetReferenceAssemblyPaths;
             PrepareForBuild;
             ResolveSDKReferences;
             ExpandSDKReferences;
           ;
             ResolvePackageDependenciesForBuild;
             _HandlePackageFileConflicts;
           ;
             ResolveTargetingPackAssets;
           " (valor anterior: "
             
             ResolveProjectReferences;
             FindInvalidProjectReferences;
             GetFrameworkPaths;
             GetReferenceAssemblyPaths;
             PrepareForBuild;
             ResolveSDKReferences;
             ExpandSDKReferences;
           ;
             ResolvePackageDependenciesForBuild;
             _HandlePackageFileConflicts;
           ") en C:\Program Files\dotnet\sdk\9.0.201\Sdks\Microsoft.NET.Sdk\targets\Microsoft.NET.Sdk.FrameworkReferenceResolution.targets (14,5)
       Reasignaci├│n de propiedad: $(DefaultItemExcludes)=";bin\Debug\/**;obj\Debug\/**;bin\/**;obj\/**;**/*.user;**/*.*proj;**/*.sln" (valor anterior: ";bin\Debug\/**;obj\Debug\/**;bin\/**;obj\/**;**/*.user;**/*.*proj") en C:\Program Files\dotnet\sdk\9.0.201\Sdks\Microsoft.NET.Sdk\targets\Microsoft.NET.Sdk.DefaultItems.targets (34,5)
       Reasignaci├│n de propiedad: $(AvailablePlatforms)="Any CPU,x86,x64,ARM32" (valor anterior: "Any CPU,x86,x64") en C:\Program Files\dotnet\sdk\9.0.201\Sdks\Microsoft.NET.Sdk\targets\Microsoft.NET.Sdk.targets (140,5)
       Reasignaci├│n de propiedad: $(_GenerateRuntimeConfigurationPropertyInputsCache)="D:\Users\Jhon\Documentos\Mintrabajo\Modulo General usuarios\AuthSystemNew\AuthSystem.Application\obj\Debug\net8.0\AuthSystem.Application.genruntimeconfig.cache" (valor anterior: "obj\Debug\net8.0\AuthSystem.Application.genruntimeconfig.cache") en C:\Program Files\dotnet\sdk\9.0.201\Sdks\Microsoft.NET.Sdk\targets\Microsoft.NET.Sdk.targets (44,5)
       Reasignaci├│n de propiedad: $(AvailablePlatforms)="Any CPU,x86,x64,ARM32,ARM64" (valor anterior: "Any CPU,x86,x64,ARM32") en C:\Program Files\dotnet\sdk\9.0.201\Sdks\Microsoft.NET.Sdk\targets\Microsoft.NET.Sdk.targets (144,5)
       Reasignaci├│n de propiedad: $(_GeneratePublishDependencyFilePropertyInputsCache)="D:\Users\Jhon\Documentos\Mintrabajo\Modulo General usuarios\AuthSystemNew\AuthSystem.Application\obj\Debug\net8.0\AuthSystem.Application.genpublishdeps.cache" (valor anterior: "obj\Debug\net8.0\AuthSystem.Application.genpublishdeps.cache") en C:\Program Files\dotnet\sdk\9.0.201\Sdks\Microsoft.NET.Sdk\targets\Microsoft.NET.Sdk.targets (46,5)
       Reasignaci├│n de propiedad: $(CoreBuildDependsOn)="
             _CheckForBuildWithNoBuild;
             
             BuildOnlySettings;
             PrepareForBuild;
             PreBuildEvent;
             ResolveReferences;
             PrepareResources;
             ResolveKeySource;
             Compile;
             ExportWindowsMDFile;
             UnmanagedUnregistration;
             GenerateSerializationAssemblies;
             CreateSatelliteAssemblies;
             GenerateManifests;
             GetTargetPath;
             PrepareForRun;
             UnmanagedRegistration;
             IncrementalClean;
             PostBuildEvent
           ;
             GenerateBuildDependencyFile;
             GenerateBuildRuntimeConfigurationFiles
           " (valor anterior: "
             BuildOnlySettings;
             PrepareForBuild;
             PreBuildEvent;
             ResolveReferences;
             PrepareResources;
             ResolveKeySource;
             Compile;
             ExportWindowsMDFile;
             UnmanagedUnregistration;
             GenerateSerializationAssemblies;
             CreateSatelliteAssemblies;
             GenerateManifests;
             GetTargetPath;
             PrepareForRun;
             UnmanagedRegistration;
             IncrementalClean;
             PostBuildEvent
           ") en C:\Program Files\dotnet\sdk\9.0.201\Sdks\Microsoft.NET.Sdk\targets\Microsoft.NET.Sdk.targets (201,5)
       Reasignaci├│n de propiedad: $(DefaultItemExcludes)=";bin\Debug\/**;obj\Debug\/**;bin\/**;obj\/**;**/*.user" (valor anterior: ";bin\Debug\/**;obj\Debug\/**;bin\/**;obj\/**") en C:\Program Files\dotnet\sdk\9.0.201\Sdks\Microsoft.NET.Sdk\targets\Microsoft.NET.Sdk.DefaultItems.targets (32,5)
       Reasignaci├│n de propiedad: $(_GenerateSingleFileBundlePropertyInputsCache)="D:\Users\Jhon\Documentos\Mintrabajo\Modulo General usuarios\AuthSystemNew\AuthSystem.Application\obj\Debug\net8.0\AuthSystem.Application.genbundle.cache" (valor anterior: "obj\Debug\net8.0\AuthSystem.Application.genbundle.cache") en C:\Program Files\dotnet\sdk\9.0.201\Sdks\Microsoft.NET.Sdk\targets\Microsoft.NET.Sdk.targets (48,5)
       Reasignaci├│n de propiedad: $(_GenerateRuntimeConfigurationPropertyInputsCache)="D:\Users\Jhon\Documentos\Mintrabajo\Modulo General usuarios\AuthSystemNew\AuthSystem.IntegrationTests\obj\Debug\net8.0\AuthSystem.IntegrationTests.genruntimeconfig.cache" (valor anterior: "obj\Debug\net8.0\AuthSystem.IntegrationTests.genruntimeconfig.cache") en C:\Program Files\dotnet\sdk\9.0.201\Sdks\Microsoft.NET.Sdk\targets\Microsoft.NET.Sdk.targets (44,5)
       Reasignaci├│n de propiedad: $(GenerateRuntimeConfigDevFile)="false" (valor anterior: "true") en C:\Program Files\dotnet\sdk\9.0.201\Sdks\Microsoft.NET.Sdk\targets\Microsoft.NET.Sdk.targets (81,5)
       Reasignaci├│n de propiedad: $(CoreCleanDependsOn)="
             _SdkBeforeClean;
             
           " (valor anterior: "") en C:\Program Files\dotnet\sdk\9.0.201\Sdks\Microsoft.NET.Sdk\targets\Microsoft.NET.Sdk.targets (210,5)
       Reasignaci├│n de propiedad: $(DefaultItemExcludes)=";bin\Debug\/**;obj\Debug\/**;bin\/**;obj\/**;**/*.user;**/*.*proj;**/*.sln;**/*.vssscc" (valor anterior: ";bin\Debug\/**;obj\Debug\/**;bin\/**;obj\/**;**/*.user;**/*.*proj;**/*.sln") en C:\Program Files\dotnet\sdk\9.0.201\Sdks\Microsoft.NET.Sdk\targets\Microsoft.NET.Sdk.DefaultItems.targets (35,5)
       C:\Program Files\dotnet\sdk\9.0.201\Sdks\Microsoft.NET.Sdk\targets\Microsoft.NET.Sdk.targets(97,5): message : Propiedad "USERPROFILE" con el valor "C:\Users\JHON" expandido desde el entorno.
       Reasignaci├│n de propiedad: $(_DefaultUserProfileRuntimeStorePath)="C:\Users\JHON" (valor anterior: "") en C:\Program Files\dotnet\sdk\9.0.201\Sdks\Microsoft.NET.Sdk\targets\Microsoft.NET.Sdk.targets (97,5)
       Reasignaci├│n de propiedad: $(RebuildDependsOn)="
             _SdkBeforeRebuild;
             
             BeforeRebuild;
             Clean;
             Build;
             AfterRebuild;
           
           " (valor anterior: "
             BeforeRebuild;
             Clean;
             Build;
             AfterRebuild;
           ") en C:\Program Files\dotnet\sdk\9.0.201\Sdks\Microsoft.NET.Sdk\targets\Microsoft.NET.Sdk.targets (217,5)
       Reasignaci├│n de propiedad: $(DefaultItemExcludes)=";bin\Debug\/**;obj\Debug\/**;bin\/**;obj\/**;**/*.user;**/*.*proj;**/*.sln;**/*.vssscc;**/.DS_Store" (valor anterior: ";bin\Debug\/**;obj\Debug\/**;bin\/**;obj\/**;**/*.user;**/*.*proj;**/*.sln;**/*.vssscc") en C:\Program Files\dotnet\sdk\9.0.201\Sdks\Microsoft.NET.Sdk\targets\Microsoft.NET.Sdk.DefaultItems.targets (36,5)
       Reasignaci├│n de propiedad: $(_GeneratePublishDependencyFilePropertyInputsCache)="D:\Users\Jhon\Documentos\Mintrabajo\Modulo General usuarios\AuthSystemNew\AuthSystem.IntegrationTests\obj\Debug\net8.0\AuthSystem.IntegrationTests.genpublishdeps.cache" (valor anterior: "obj\Debug\net8.0\AuthSystem.IntegrationTests.genpublishdeps.cache") en C:\Program Files\dotnet\sdk\9.0.201\Sdks\Microsoft.NET.Sdk\targets\Microsoft.NET.Sdk.targets (46,5)
       Reasignaci├│n de propiedad: $(_DefaultUserProfileRuntimeStorePath)="C:\Users\JHON\.dotnet\store" (valor anterior: "C:\Users\JHON") en C:\Program Files\dotnet\sdk\9.0.201\Sdks\Microsoft.NET.Sdk\targets\Microsoft.NET.Sdk.targets (98,5)
       Reasignaci├│n de propiedad: $(ResolveAssemblyReferencesDependsOn)="
             
             
             ResolveProjectReferences;
             FindInvalidProjectReferences;
             GetFrameworkPaths;
             GetReferenceAssemblyPaths;
             PrepareForBuild;
             ResolveSDKReferences;
             ExpandSDKReferences;
           ;
             ResolvePackageDependenciesForBuild;
             _HandlePackageFileConflicts;
           ;
             ResolveTargetingPackAssets;
           " (valor anterior: "
             
             ResolveProjectReferences;
             FindInvalidProjectReferences;
             GetFrameworkPaths;
             GetReferenceAssemblyPaths;
             PrepareForBuild;
             ResolveSDKReferences;
             ExpandSDKReferences;
           ;
             ResolvePackageDependenciesForBuild;
             _HandlePackageFileConflicts;
           ") en C:\Program Files\dotnet\sdk\9.0.201\Sdks\Microsoft.NET.Sdk\targets\Microsoft.NET.Sdk.FrameworkReferenceResolution.targets (14,5)
       Reasignaci├│n de propiedad: $(AvailablePlatforms)="Any CPU,x86,x64,ARM32" (valor anterior: "Any CPU,x86,x64") en C:\Program Files\dotnet\sdk\9.0.201\Sdks\Microsoft.NET.Sdk\targets\Microsoft.NET.Sdk.targets (140,5)
       Reasignaci├│n de propiedad: $(_GenerateSingleFileBundlePropertyInputsCache)="D:\Users\Jhon\Documentos\Mintrabajo\Modulo General usuarios\AuthSystemNew\AuthSystem.IntegrationTests\obj\Debug\net8.0\AuthSystem.IntegrationTests.genbundle.cache" (valor anterior: "obj\Debug\net8.0\AuthSystem.IntegrationTests.genbundle.cache") en C:\Program Files\dotnet\sdk\9.0.201\Sdks\Microsoft.NET.Sdk\targets\Microsoft.NET.Sdk.targets (48,5)
       Reasignaci├│n de propiedad: $(CompileDependsOn)="
             
             ResolveReferences;
             ResolveKeySource;
             SetWin32ManifestProperties;
             _SetPreferNativeArm64Win32ManifestProperties;
             FindReferenceAssembliesForReferences;
             _GenerateCompileInputs;
             BeforeCompile;
             _TimeStampBeforeCompile;
             _GenerateCompileDependencyCache;
             CoreCompile;
             _TimeStampAfterCompile;
             AfterCompile;
           ;
             _CreateAppHost;
             _CreateComHost;
             _GetIjwHostPaths;
           " (valor anterior: "
             ResolveReferences;
             ResolveKeySource;
             SetWin32ManifestProperties;
             _SetPreferNativeArm64Win32ManifestProperties;
             FindReferenceAssembliesForReferences;
             _GenerateCompileInputs;
             BeforeCompile;
             _TimeStampBeforeCompile;
             _GenerateCompileDependencyCache;
             CoreCompile;
             _TimeStampAfterCompile;
             AfterCompile;
           ") en C:\Program Files\dotnet\sdk\9.0.201\Sdks\Microsoft.NET.Sdk\targets\Microsoft.NET.Sdk.targets (784,5)
       Reasignaci├│n de propiedad: $(AvailablePlatforms)="Any CPU,x86,x64,ARM32,ARM64" (valor anterior: "Any CPU,x86,x64,ARM32") en C:\Program Files\dotnet\sdk\9.0.201\Sdks\Microsoft.NET.Sdk\targets\Microsoft.NET.Sdk.targets (144,5)
       Reasignaci├│n de propiedad: $(GenerateRuntimeConfigDevFile)="false" (valor anterior: "true") en C:\Program Files\dotnet\sdk\9.0.201\Sdks\Microsoft.NET.Sdk\targets\Microsoft.NET.Sdk.targets (81,5)
       Reasignaci├│n de propiedad: $(CreateSatelliteAssembliesDependsOn)="
             
             ;
             _GenerateSatelliteAssemblyInputs;
             ComputeIntermediateSatelliteAssemblies;
             GenerateSatelliteAssemblies
           ;
             CoreGenerateSatelliteAssemblies
           " (valor anterior: "
             ;
             _GenerateSatelliteAssemblyInputs;
             ComputeIntermediateSatelliteAssemblies;
             GenerateSatelliteAssemblies
           ") en C:\Program Files\dotnet\sdk\9.0.201\Sdks\Microsoft.NET.Sdk\targets\Microsoft.NET.Sdk.targets (1184,5)
       Reasignaci├│n de propiedad: $(CoreBuildDependsOn)="
             _CheckForBuildWithNoBuild;
             
             BuildOnlySettings;
             PrepareForBuild;
             PreBuildEvent;
             ResolveReferences;
             PrepareResources;
             ResolveKeySource;
             Compile;
             ExportWindowsMDFile;
             UnmanagedUnregistration;
             GenerateSerializationAssemblies;
             CreateSatelliteAssemblies;
             GenerateManifests;
             GetTargetPath;
             PrepareForRun;
             UnmanagedRegistration;
             IncrementalClean;
             PostBuildEvent
           ;
             GenerateBuildDependencyFile;
             GenerateBuildRuntimeConfigurationFiles
           " (valor anterior: "
             BuildOnlySettings;
             PrepareForBuild;
             PreBuildEvent;
             ResolveReferences;
             PrepareResources;
             ResolveKeySource;
             Compile;
             ExportWindowsMDFile;
             UnmanagedUnregistration;
             GenerateSerializationAssemblies;
             CreateSatelliteAssemblies;
             GenerateManifests;
             GetTargetPath;
             PrepareForRun;
             UnmanagedRegistration;
             IncrementalClean;
             PostBuildEvent
           ") en C:\Program Files\dotnet\sdk\9.0.201\Sdks\Microsoft.NET.Sdk\targets\Microsoft.NET.Sdk.targets (201,5)
       Reasignaci├│n de propiedad: $(_GenerateRuntimeConfigurationPropertyInputsCache)="D:\Users\Jhon\Documentos\Mintrabajo\Modulo General usuarios\AuthSystemNew\AuthSystem.UnitTests\obj\Debug\net8.0\AuthSystem.UnitTests.genruntimeconfig.cache" (valor anterior: "obj\Debug\net8.0\AuthSystem.UnitTests.genruntimeconfig.cache") en C:\Program Files\dotnet\sdk\9.0.201\Sdks\Microsoft.NET.Sdk\targets\Microsoft.NET.Sdk.targets (44,5)
       C:\Program Files\dotnet\sdk\9.0.201\Sdks\Microsoft.NET.Sdk\targets\Microsoft.NET.Sdk.targets(97,5): message : Propiedad "USERPROFILE" con el valor "C:\Users\JHON" expandido desde el entorno.
       Reasignaci├│n de propiedad: $(CoreCleanDependsOn)="
             _SdkBeforeClean;
             
           " (valor anterior: "") en C:\Program Files\dotnet\sdk\9.0.201\Sdks\Microsoft.NET.Sdk\targets\Microsoft.NET.Sdk.targets (210,5)
       Reasignaci├│n de propiedad: $(SourceLinkUrlInitializerTargets)=";_InitializeGitHubSourceLinkUrl;_InitializeGitLabSourceLinkUrl" (valor anterior: ";_InitializeGitHubSourceLinkUrl") en C:\Program Files\dotnet\sdk\9.0.201\Sdks\Microsoft.SourceLink.GitLab\build\Microsoft.SourceLink.GitLab.targets (12,5)
       Reasignaci├│n de propiedad: $(_DefaultUserProfileRuntimeStorePath)="C:\Users\JHON" (valor anterior: "") en C:\Program Files\dotnet\sdk\9.0.201\Sdks\Microsoft.NET.Sdk\targets\Microsoft.NET.Sdk.targets (97,5)
       Reasignaci├│n de propiedad: $(_GeneratePublishDependencyFilePropertyInputsCache)="D:\Users\Jhon\Documentos\Mintrabajo\Modulo General usuarios\AuthSystemNew\AuthSystem.UnitTests\obj\Debug\net8.0\AuthSystem.UnitTests.genpublishdeps.cache" (valor anterior: "obj\Debug\net8.0\AuthSystem.UnitTests.genpublishdeps.cache") en C:\Program Files\dotnet\sdk\9.0.201\Sdks\Microsoft.NET.Sdk\targets\Microsoft.NET.Sdk.targets (46,5)
       Reasignaci├│n de propiedad: $(SourceControlManagerUrlTranslationTargets)=";TranslateGitHubUrlsInSourceControlInformation;TranslateGitLabUrlsInSourceControlInformation" (valor anterior: ";TranslateGitHubUrlsInSourceControlInformation") en C:\Program Files\dotnet\sdk\9.0.201\Sdks\Microsoft.SourceLink.GitLab\build\Microsoft.SourceLink.GitLab.targets (13,5)
       Reasignaci├│n de propiedad: $(_DefaultUserProfileRuntimeStorePath)="C:\Users\JHON\.dotnet\store" (valor anterior: "C:\Users\JHON") en C:\Program Files\dotnet\sdk\9.0.201\Sdks\Microsoft.NET.Sdk\targets\Microsoft.NET.Sdk.targets (98,5)
       Reasignaci├│n de propiedad: $(_GenerateSingleFileBundlePropertyInputsCache)="D:\Users\Jhon\Documentos\Mintrabajo\Modulo General usuarios\AuthSystemNew\AuthSystem.UnitTests\obj\Debug\net8.0\AuthSystem.UnitTests.genbundle.cache" (valor anterior: "obj\Debug\net8.0\AuthSystem.UnitTests.genbundle.cache") en C:\Program Files\dotnet\sdk\9.0.201\Sdks\Microsoft.NET.Sdk\targets\Microsoft.NET.Sdk.targets (48,5)
       Reasignaci├│n de propiedad: $(RebuildDependsOn)="
             _SdkBeforeRebuild;
             
             BeforeRebuild;
             Clean;
             Build;
             AfterRebuild;
           
           " (valor anterior: "
             BeforeRebuild;
             Clean;
             Build;
             AfterRebuild;
           ") en C:\Program Files\dotnet\sdk\9.0.201\Sdks\Microsoft.NET.Sdk\targets\Microsoft.NET.Sdk.targets (217,5)
       Reasignaci├│n de propiedad: $(AvailablePlatforms)="Any CPU,x86,x64,ARM32" (valor anterior: "Any CPU,x86,x64") en C:\Program Files\dotnet\sdk\9.0.201\Sdks\Microsoft.NET.Sdk\targets\Microsoft.NET.Sdk.targets (140,5)
       Reasignaci├│n de propiedad: $(CompileDependsOn)="
             
             ResolveReferences;
             ResolveKeySource;
             SetWin32ManifestProperties;
             _SetPreferNativeArm64Win32ManifestProperties;
             FindReferenceAssembliesForReferences;
             _GenerateCompileInputs;
             BeforeCompile;
             _TimeStampBeforeCompile;
             _GenerateCompileDependencyCache;
             CoreCompile;
             _TimeStampAfterCompile;
             AfterCompile;
           ;
             _CreateAppHost;
             _CreateComHost;
             _GetIjwHostPaths;
           " (valor anterior: "
             ResolveReferences;
             ResolveKeySource;
             SetWin32ManifestProperties;
             _SetPreferNativeArm64Win32ManifestProperties;
             FindReferenceAssembliesForReferences;
             _GenerateCompileInputs;
             BeforeCompile;
             _TimeStampBeforeCompile;
             _GenerateCompileDependencyCache;
             CoreCompile;
             _TimeStampAfterCompile;
             AfterCompile;
           ") en C:\Program Files\dotnet\sdk\9.0.201\Sdks\Microsoft.NET.Sdk\targets\Microsoft.NET.Sdk.targets (784,5)
       Reasignaci├│n de propiedad: $(SourceLinkUrlInitializerTargets)=";_InitializeGitHubSourceLinkUrl;_InitializeGitLabSourceLinkUrl;_InitializeAzureReposGitSourceLinkUrl" (valor anterior: ";_InitializeGitHubSourceLinkUrl;_InitializeGitLabSourceLinkUrl") en C:\Program Files\dotnet\sdk\9.0.201\Sdks\Microsoft.SourceLink.AzureRepos.Git\build\Microsoft.SourceLink.AzureRepos.Git.targets (12,5)
       Reasignaci├│n de propiedad: $(CreateSatelliteAssembliesDependsOn)="
             
             ;
             _GenerateSatelliteAssemblyInputs;
             ComputeIntermediateSatelliteAssemblies;
             GenerateSatelliteAssemblies
           ;
             CoreGenerateSatelliteAssemblies
           " (valor anterior: "
             ;
             _GenerateSatelliteAssemblyInputs;
             ComputeIntermediateSatelliteAssemblies;
             GenerateSatelliteAssemblies
           ") en C:\Program Files\dotnet\sdk\9.0.201\Sdks\Microsoft.NET.Sdk\targets\Microsoft.NET.Sdk.targets (1184,5)
       Reasignaci├│n de propiedad: $(DefaultItemExcludes)=";bin\Debug\/**;obj\Debug\/**;bin\/**;obj\/**;**/*.user;**/*.*proj" (valor anterior: ";bin\Debug\/**;obj\Debug\/**;bin\/**;obj\/**;**/*.user") en C:\Program Files\dotnet\sdk\9.0.201\Sdks\Microsoft.NET.Sdk\targets\Microsoft.NET.Sdk.DefaultItems.targets (33,5)
       Reasignaci├│n de propiedad: $(GenerateRuntimeConfigDevFile)="false" (valor anterior: "true") en C:\Program Files\dotnet\sdk\9.0.201\Sdks\Microsoft.NET.Sdk\targets\Microsoft.NET.Sdk.targets (81,5)
       Reasignaci├│n de propiedad: $(SourceLinkUrlInitializerTargets)=";_InitializeGitHubSourceLinkUrl;_InitializeGitLabSourceLinkUrl" (valor anterior: ";_InitializeGitHubSourceLinkUrl") en C:\Program Files\dotnet\sdk\9.0.201\Sdks\Microsoft.SourceLink.GitLab\build\Microsoft.SourceLink.GitLab.targets (12,5)
       Reasignaci├│n de propiedad: $(SourceControlManagerUrlTranslationTargets)=";TranslateGitHubUrlsInSourceControlInformation;TranslateGitLabUrlsInSourceControlInformation;TranslateAzureReposGitUrlsInSourceControlInformation" (valor anterior: ";TranslateGitHubUrlsInSourceControlInformation;TranslateGitLabUrlsInSourceControlInformation") en C:\Program Files\dotnet\sdk\9.0.201\Sdks\Microsoft.SourceLink.AzureRepos.Git\build\Microsoft.SourceLink.AzureRepos.Git.targets (13,5)
       Reasignaci├│n de propiedad: $(SourceControlManagerUrlTranslationTargets)=";TranslateGitHubUrlsInSourceControlInformation;TranslateGitLabUrlsInSourceControlInformation" (valor anterior: ";TranslateGitHubUrlsInSourceControlInformation") en C:\Program Files\dotnet\sdk\9.0.201\Sdks\Microsoft.SourceLink.GitLab\build\Microsoft.SourceLink.GitLab.targets (13,5)
       Reasignaci├│n de propiedad: $(SourceLinkUrlInitializerTargets)=";_InitializeGitHubSourceLinkUrl;_InitializeGitLabSourceLinkUrl;_InitializeAzureReposGitSourceLinkUrl;_InitializeBitbucketGitSourceLinkUrl" (valor anterior: ";_InitializeGitHubSourceLinkUrl;_InitializeGitLabSourceLinkUrl;_InitializeAzureReposGitSourceLinkUrl") en C:\Program Files\dotnet\sdk\9.0.201\Sdks\Microsoft.SourceLink.Bitbucket.Git\build\Microsoft.SourceLink.Bitbucket.Git.targets (12,5)
       C:\Program Files\dotnet\sdk\9.0.201\Sdks\Microsoft.NET.Sdk\targets\Microsoft.NET.Sdk.targets(97,5): message : Propiedad "USERPROFILE" con el valor "C:\Users\JHON" expandido desde el entorno.
       Reasignaci├│n de propiedad: $(SourceLinkUrlInitializerTargets)=";_InitializeGitHubSourceLinkUrl;_InitializeGitLabSourceLinkUrl;_InitializeAzureReposGitSourceLinkUrl" (valor anterior: ";_InitializeGitHubSourceLinkUrl;_InitializeGitLabSourceLinkUrl") en C:\Program Files\dotnet\sdk\9.0.201\Sdks\Microsoft.SourceLink.AzureRepos.Git\build\Microsoft.SourceLink.AzureRepos.Git.targets (12,5)
       Reasignaci├│n de propiedad: $(_DefaultUserProfileRuntimeStorePath)="C:\Users\JHON" (valor anterior: "") en C:\Program Files\dotnet\sdk\9.0.201\Sdks\Microsoft.NET.Sdk\targets\Microsoft.NET.Sdk.targets (97,5)
       Reasignaci├│n de propiedad: $(SourceControlManagerUrlTranslationTargets)=";TranslateGitHubUrlsInSourceControlInformation;TranslateGitLabUrlsInSourceControlInformation;TranslateAzureReposGitUrlsInSourceControlInformation;TranslateBitbucketGitUrlsInSourceControlInformation" (valor anterior: ";TranslateGitHubUrlsInSourceControlInformation;TranslateGitLabUrlsInSourceControlInformation;TranslateAzureReposGitUrlsInSourceControlInformation") en C:\Program Files\dotnet\sdk\9.0.201\Sdks\Microsoft.SourceLink.Bitbucket.Git\build\Microsoft.SourceLink.Bitbucket.Git.targets (13,5)
       Reasignaci├│n de propiedad: $(SourceControlManagerUrlTranslationTargets)=";TranslateGitHubUrlsInSourceControlInformation;TranslateGitLabUrlsInSourceControlInformation;TranslateAzureReposGitUrlsInSourceControlInformation" (valor anterior: ";TranslateGitHubUrlsInSourceControlInformation;TranslateGitLabUrlsInSourceControlInformation") en C:\Program Files\dotnet\sdk\9.0.201\Sdks\Microsoft.SourceLink.AzureRepos.Git\build\Microsoft.SourceLink.AzureRepos.Git.targets (13,5)
       Reasignaci├│n de propiedad: $(_DefaultUserProfileRuntimeStorePath)="C:\Users\JHON\.dotnet\store" (valor anterior: "C:\Users\JHON") en C:\Program Files\dotnet\sdk\9.0.201\Sdks\Microsoft.NET.Sdk\targets\Microsoft.NET.Sdk.targets (98,5)
       Reasignaci├│n de propiedad: $(SourceLinkUrlInitializerTargets)=";_InitializeGitHubSourceLinkUrl;_InitializeGitLabSourceLinkUrl;_InitializeAzureReposGitSourceLinkUrl;_InitializeBitbucketGitSourceLinkUrl" (valor anterior: ";_InitializeGitHubSourceLinkUrl;_InitializeGitLabSourceLinkUrl;_InitializeAzureReposGitSourceLinkUrl") en C:\Program Files\dotnet\sdk\9.0.201\Sdks\Microsoft.SourceLink.Bitbucket.Git\build\Microsoft.SourceLink.Bitbucket.Git.targets (12,5)
       Reasignaci├│n de propiedad: $(DesignerRuntimeImplementationProjectOutputGroupDependsOn)="
             
             ;
             
             ;
             BuildOnlySettings;
             PrepareForBuild;
             AssignTargetPaths;
             ResolveReferences
           
           ;
             _GenerateDesignerDepsFile;
             _GenerateDesignerRuntimeConfigFile;
             GetCopyToOutputDirectoryItems;
             _GatherDesignerShadowCopyFiles;
           " (valor anterior: "
             ;
             
             ;
             BuildOnlySettings;
             PrepareForBuild;
             AssignTargetPaths;
             ResolveReferences
           
           ") en C:\Program Files\dotnet\sdk\9.0.201\Sdks\Microsoft.NET.Sdk\targets\Microsoft.NET.DesignerSupport.targets (21,5)
       Reasignaci├│n de propiedad: $(SourceControlManagerUrlTranslationTargets)=";TranslateGitHubUrlsInSourceControlInformation;TranslateGitLabUrlsInSourceControlInformation;TranslateAzureReposGitUrlsInSourceControlInformation;TranslateBitbucketGitUrlsInSourceControlInformation" (valor anterior: ";TranslateGitHubUrlsInSourceControlInformation;TranslateGitLabUrlsInSourceControlInformation;TranslateAzureReposGitUrlsInSourceControlInformation") en C:\Program Files\dotnet\sdk\9.0.201\Sdks\Microsoft.SourceLink.Bitbucket.Git\build\Microsoft.SourceLink.Bitbucket.Git.targets (13,5)
       Reasignaci├│n de propiedad: $(AvailablePlatforms)="Any CPU,x86,x64,ARM32" (valor anterior: "Any CPU,x86,x64") en C:\Program Files\dotnet\sdk\9.0.201\Sdks\Microsoft.NET.Sdk\targets\Microsoft.NET.Sdk.targets (140,5)
       Reasignaci├│n de propiedad: $(_GenerateToolsSettingsFileCacheFile)="D:\Users\Jhon\Documentos\Mintrabajo\Modulo General usuarios\AuthSystemNew\AuthSystem.Domain\obj\Debug\net8.0\AuthSystem.Domain.toolssettingsinput.cache" (valor anterior: "obj\Debug\net8.0\AuthSystem.Domain.toolssettingsinput.cache") en C:\Program Files\dotnet\sdk\9.0.201\Sdks\Microsoft.NET.Sdk\targets\Microsoft.NET.PackTool.targets (68,5)
       Reasignaci├│n de propiedad: $(DesignerRuntimeImplementationProjectOutputGroupDependsOn)="
             
             ;
             
             ;
             BuildOnlySettings;
             PrepareForBuild;
             AssignTargetPaths;
             ResolveReferences
           
           ;
             _GenerateDesignerDepsFile;
             _GenerateDesignerRuntimeConfigFile;
             GetCopyToOutputDirectoryItems;
             _GatherDesignerShadowCopyFiles;
           " (valor anterior: "
             ;
             
             ;
             BuildOnlySettings;
             PrepareForBuild;
             AssignTargetPaths;
             ResolveReferences
           
           ") en C:\Program Files\dotnet\sdk\9.0.201\Sdks\Microsoft.NET.Sdk\targets\Microsoft.NET.DesignerSupport.targets (21,5)
       Reasignaci├│n de propiedad: $(AvailablePlatforms)="Any CPU,x86,x64,ARM32,ARM64" (valor anterior: "Any CPU,x86,x64,ARM32") en C:\Program Files\dotnet\sdk\9.0.201\Sdks\Microsoft.NET.Sdk\targets\Microsoft.NET.Sdk.targets (144,5)
       Reasignaci├│n de propiedad: $(_ShimInputCacheFile)="D:\Users\Jhon\Documentos\Mintrabajo\Modulo General usuarios\AuthSystemNew\AuthSystem.Domain\obj\Debug\net8.0\AuthSystem.Domain.shiminput.cache" (valor anterior: "obj\Debug\net8.0\AuthSystem.Domain.shiminput.cache") en C:\Program Files\dotnet\sdk\9.0.201\Sdks\Microsoft.NET.Sdk\targets\Microsoft.NET.PackTool.targets (137,5)
       Reasignaci├│n de propiedad: $(_GenerateToolsSettingsFileCacheFile)="D:\Users\Jhon\Documentos\Mintrabajo\Modulo General usuarios\AuthSystemNew\AuthSystem.Application\obj\Debug\net8.0\AuthSystem.Application.toolssettingsinput.cache" (valor anterior: "obj\Debug\net8.0\AuthSystem.Application.toolssettingsinput.cache") en C:\Program Files\dotnet\sdk\9.0.201\Sdks\Microsoft.NET.Sdk\targets\Microsoft.NET.PackTool.targets (68,5)
       Reasignaci├│n de propiedad: $(CoreBuildDependsOn)="
             _CheckForBuildWithNoBuild;
             
             BuildOnlySettings;
             PrepareForBuild;
             PreBuildEvent;
             ResolveReferences;
             PrepareResources;
             ResolveKeySource;
             Compile;
             ExportWindowsMDFile;
             UnmanagedUnregistration;
             GenerateSerializationAssemblies;
             CreateSatelliteAssemblies;
             GenerateManifests;
             GetTargetPath;
             PrepareForRun;
             UnmanagedRegistration;
             IncrementalClean;
             PostBuildEvent
           ;
             GenerateBuildDependencyFile;
             GenerateBuildRuntimeConfigurationFiles
           " (valor anterior: "
             BuildOnlySettings;
             PrepareForBuild;
             PreBuildEvent;
             ResolveReferences;
             PrepareResources;
             ResolveKeySource;
             Compile;
             ExportWindowsMDFile;
             UnmanagedUnregistration;
             GenerateSerializationAssemblies;
             CreateSatelliteAssemblies;
             GenerateManifests;
             GetTargetPath;
             PrepareForRun;
             UnmanagedRegistration;
             IncrementalClean;
             PostBuildEvent
           ") en C:\Program Files\dotnet\sdk\9.0.201\Sdks\Microsoft.NET.Sdk\targets\Microsoft.NET.Sdk.targets (201,5)
       Reasignaci├│n de propiedad: $(_ShimCreatedSentinelFile)="D:\Users\Jhon\Documentos\Mintrabajo\Modulo General usuarios\AuthSystemNew\AuthSystem.Domain\obj\Debug\net8.0\AuthSystem.Domain.shimcreated.sentinel" (valor anterior: "obj\Debug\net8.0\AuthSystem.Domain.shimcreated.sentinel") en C:\Program Files\dotnet\sdk\9.0.201\Sdks\Microsoft.NET.Sdk\targets\Microsoft.NET.PackTool.targets (139,5)
       Reasignaci├│n de propiedad: $(_ShimInputCacheFile)="D:\Users\Jhon\Documentos\Mintrabajo\Modulo General usuarios\AuthSystemNew\AuthSystem.Application\obj\Debug\net8.0\AuthSystem.Application.shiminput.cache" (valor anterior: "obj\Debug\net8.0\AuthSystem.Application.shiminput.cache") en C:\Program Files\dotnet\sdk\9.0.201\Sdks\Microsoft.NET.Sdk\targets\Microsoft.NET.PackTool.targets (137,5)
       Reasignaci├│n de propiedad: $(AvailablePlatforms)="Any CPU,x86,x64,ARM32,ARM64" (valor anterior: "Any CPU,x86,x64,ARM32") en C:\Program Files\dotnet\sdk\9.0.201\Sdks\Microsoft.NET.Sdk\targets\Microsoft.NET.Sdk.targets (144,5)
       Reasignaci├│n de propiedad: $(CoreCleanDependsOn)="
             _SdkBeforeClean;
             
           " (valor anterior: "") en C:\Program Files\dotnet\sdk\9.0.201\Sdks\Microsoft.NET.Sdk\targets\Microsoft.NET.Sdk.targets (210,5)
       Reasignaci├│n de propiedad: $(_ShimCreatedSentinelFile)="D:\Users\Jhon\Documentos\Mintrabajo\Modulo General usuarios\AuthSystemNew\AuthSystem.Application\obj\Debug\net8.0\AuthSystem.Application.shimcreated.sentinel" (valor anterior: "obj\Debug\net8.0\AuthSystem.Application.shimcreated.sentinel") en C:\Program Files\dotnet\sdk\9.0.201\Sdks\Microsoft.NET.Sdk\targets\Microsoft.NET.PackTool.targets (139,5)
       Reasignaci├│n de propiedad: $(DefineConstants)="TRACE;DEBUG" (valor anterior: "TRACE") en C:\Program Files\dotnet\sdk\9.0.201\Sdks\Microsoft.NET.Sdk\targets\Microsoft.NET.Sdk.CSharp.targets (31,5)
       Reasignaci├│n de propiedad: $(DefaultItemExcludes)=";bin\Debug\/**;obj\Debug\/**;bin\/**;obj\/**;**/*.user;**/*.*proj;**/*.sln" (valor anterior: ";bin\Debug\/**;obj\Debug\/**;bin\/**;obj\/**;**/*.user;**/*.*proj") en C:\Program Files\dotnet\sdk\9.0.201\Sdks\Microsoft.NET.Sdk\targets\Microsoft.NET.Sdk.DefaultItems.targets (34,5)
       Reasignaci├│n de propiedad: $(RebuildDependsOn)="
             _SdkBeforeRebuild;
             
             BeforeRebuild;
             Clean;
             Build;
             AfterRebuild;
           
           " (valor anterior: "
             BeforeRebuild;
             Clean;
             Build;
             AfterRebuild;
           ") en C:\Program Files\dotnet\sdk\9.0.201\Sdks\Microsoft.NET.Sdk\targets\Microsoft.NET.Sdk.targets (217,5)
       Reasignaci├│n de propiedad: $(DefineConstants)="TRACE;DEBUG" (valor anterior: "TRACE") en C:\Program Files\dotnet\sdk\9.0.201\Sdks\Microsoft.NET.Sdk\targets\Microsoft.NET.Sdk.CSharp.targets (31,5)
       Reasignaci├│n de propiedad: $(CoreBuildDependsOn)="
             _CheckForBuildWithNoBuild;
             
             BuildOnlySettings;
             PrepareForBuild;
             PreBuildEvent;
             ResolveReferences;
             PrepareResources;
             ResolveKeySource;
             Compile;
             ExportWindowsMDFile;
             UnmanagedUnregistration;
             GenerateSerializationAssemblies;
             CreateSatelliteAssemblies;
             GenerateManifests;
             GetTargetPath;
             PrepareForRun;
             UnmanagedRegistration;
             IncrementalClean;
             PostBuildEvent
           ;
             GenerateBuildDependencyFile;
             GenerateBuildRuntimeConfigurationFiles
           " (valor anterior: "
             BuildOnlySettings;
             PrepareForBuild;
             PreBuildEvent;
             ResolveReferences;
             PrepareResources;
             ResolveKeySource;
             Compile;
             ExportWindowsMDFile;
             UnmanagedUnregistration;
             GenerateSerializationAssemblies;
             CreateSatelliteAssemblies;
             GenerateManifests;
             GetTargetPath;
             PrepareForRun;
             UnmanagedRegistration;
             IncrementalClean;
             PostBuildEvent
           ") en C:\Program Files\dotnet\sdk\9.0.201\Sdks\Microsoft.NET.Sdk\targets\Microsoft.NET.Sdk.targets (201,5)
       Reasignaci├│n de propiedad: $(CompileDependsOn)="
             
             ResolveReferences;
             ResolveKeySource;
             SetWin32ManifestProperties;
             _SetPreferNativeArm64Win32ManifestProperties;
             FindReferenceAssembliesForReferences;
             _GenerateCompileInputs;
             BeforeCompile;
             _TimeStampBeforeCompile;
             _GenerateCompileDependencyCache;
             CoreCompile;
             _TimeStampAfterCompile;
             AfterCompile;
           ;
             _CreateAppHost;
             _CreateComHost;
             _GetIjwHostPaths;
           " (valor anterior: "
             ResolveReferences;
             ResolveKeySource;
             SetWin32ManifestProperties;
             _SetPreferNativeArm64Win32ManifestProperties;
             FindReferenceAssembliesForReferences;
             _GenerateCompileInputs;
             BeforeCompile;
             _TimeStampBeforeCompile;
             _GenerateCompileDependencyCache;
             CoreCompile;
             _TimeStampAfterCompile;
             AfterCompile;
           ") en C:\Program Files\dotnet\sdk\9.0.201\Sdks\Microsoft.NET.Sdk\targets\Microsoft.NET.Sdk.targets (784,5)
       Reasignaci├│n de propiedad: $(DefineConstants)="TRACE;DEBUG;NET;NET8_0;NETCOREAPP" (valor anterior: "TRACE;DEBUG") en C:\Program Files\dotnet\sdk\9.0.201\Sdks\Microsoft.NET.Sdk\targets\Microsoft.NET.Sdk.CSharp.targets (34,5)
       Reasignaci├│n de propiedad: $(CoreCleanDependsOn)="
             _SdkBeforeClean;
             
           " (valor anterior: "") en C:\Program Files\dotnet\sdk\9.0.201\Sdks\Microsoft.NET.Sdk\targets\Microsoft.NET.Sdk.targets (210,5)
       Reasignaci├│n de propiedad: $(CreateSatelliteAssembliesDependsOn)="
             
             ;
             _GenerateSatelliteAssemblyInputs;
             ComputeIntermediateSatelliteAssemblies;
             GenerateSatelliteAssemblies
           ;
             CoreGenerateSatelliteAssemblies
           " (valor anterior: "
             ;
             _GenerateSatelliteAssemblyInputs;
             ComputeIntermediateSatelliteAssemblies;
             GenerateSatelliteAssemblies
           ") en C:\Program Files\dotnet\sdk\9.0.201\Sdks\Microsoft.NET.Sdk\targets\Microsoft.NET.Sdk.targets (1184,5)
       Reasignaci├│n de propiedad: $(DefineConstants)="TRACE;DEBUG;NET;NET8_0;NETCOREAPP" (valor anterior: "TRACE;DEBUG") en C:\Program Files\dotnet\sdk\9.0.201\Sdks\Microsoft.NET.Sdk\targets\Microsoft.NET.Sdk.CSharp.targets (34,5)
       Reasignaci├│n de propiedad: $(SourceLinkUrlInitializerTargets)=";_InitializeGitHubSourceLinkUrl;_InitializeGitLabSourceLinkUrl" (valor anterior: ";_InitializeGitHubSourceLinkUrl") en C:\Program Files\dotnet\sdk\9.0.201\Sdks\Microsoft.SourceLink.GitLab\build\Microsoft.SourceLink.GitLab.targets (12,5)
       Reasignaci├│n de propiedad: $(RebuildDependsOn)="
             _SdkBeforeRebuild;
             
             BeforeRebuild;
             Clean;
             Build;
             AfterRebuild;
           
           " (valor anterior: "
             BeforeRebuild;
             Clean;
             Build;
             AfterRebuild;
           ") en C:\Program Files\dotnet\sdk\9.0.201\Sdks\Microsoft.NET.Sdk\targets\Microsoft.NET.Sdk.targets (217,5)
       Reasignaci├│n de propiedad: $(WarningsAsErrors)=";NU1605;SYSLIB0011" (valor anterior: ";NU1605") en C:\Program Files\dotnet\sdk\9.0.201\Sdks\Microsoft.NET.Sdk\targets\Microsoft.NET.Sdk.CSharp.targets (48,5)
       Reasignaci├│n de propiedad: $(WarningsAsErrors)=";NU1605;SYSLIB0011" (valor anterior: ";NU1605") en C:\Program Files\dotnet\sdk\9.0.201\Sdks\Microsoft.NET.Sdk\targets\Microsoft.NET.Sdk.CSharp.targets (48,5)
       Reasignaci├│n de propiedad: $(CompileDependsOn)="
             
             ResolveReferences;
             ResolveKeySource;
             SetWin32ManifestProperties;
             _SetPreferNativeArm64Win32ManifestProperties;
             FindReferenceAssembliesForReferences;
             _GenerateCompileInputs;
             BeforeCompile;
             _TimeStampBeforeCompile;
             _GenerateCompileDependencyCache;
             CoreCompile;
             _TimeStampAfterCompile;
             AfterCompile;
           ;
             _CreateAppHost;
             _CreateComHost;
             _GetIjwHostPaths;
           " (valor anterior: "
             ResolveReferences;
             ResolveKeySource;
             SetWin32ManifestProperties;
             _SetPreferNativeArm64Win32ManifestProperties;
             FindReferenceAssembliesForReferences;
             _GenerateCompileInputs;
             BeforeCompile;
             _TimeStampBeforeCompile;
             _GenerateCompileDependencyCache;
             CoreCompile;
             _TimeStampAfterCompile;
             AfterCompile;
           ") en C:\Program Files\dotnet\sdk\9.0.201\Sdks\Microsoft.NET.Sdk\targets\Microsoft.NET.Sdk.targets (784,5)
       Reasignaci├│n de propiedad: $(PackageDescription)="Package Description" (valor anterior: "") en C:\Program Files\dotnet\sdk\9.0.201\Sdks\NuGet.Build.Tasks.Pack\build\NuGet.Build.Tasks.Pack.targets (34,5)
       Reasignaci├│n de propiedad: $(SourceControlManagerUrlTranslationTargets)=";TranslateGitHubUrlsInSourceControlInformation;TranslateGitLabUrlsInSourceControlInformation" (valor anterior: ";TranslateGitHubUrlsInSourceControlInformation") en C:\Program Files\dotnet\sdk\9.0.201\Sdks\Microsoft.SourceLink.GitLab\build\Microsoft.SourceLink.GitLab.targets (13,5)
       Reasignaci├│n de propiedad: $(GenerateNuspecDependsOn)="Build;_LoadPackInputItems; _GetTargetFrameworksOutput; _WalkEachTargetPerFramework; _GetPackageFiles; " (valor anterior: "_LoadPackInputItems; _GetTargetFrameworksOutput; _WalkEachTargetPerFramework; _GetPackageFiles; ") en C:\Program Files\dotnet\sdk\9.0.201\Sdks\NuGet.Build.Tasks.Pack\build\NuGet.Build.Tasks.Pack.targets (59,5)
       Reasignaci├│n de propiedad: $(SourceLinkUrlInitializerTargets)=";_InitializeGitHubSourceLinkUrl;_InitializeGitLabSourceLinkUrl;_InitializeAzureReposGitSourceLinkUrl" (valor anterior: ";_InitializeGitHubSourceLinkUrl;_InitializeGitLabSourceLinkUrl") en C:\Program Files\dotnet\sdk\9.0.201\Sdks\Microsoft.SourceLink.AzureRepos.Git\build\Microsoft.SourceLink.AzureRepos.Git.targets (12,5)
       Reasignaci├│n de propiedad: $(CreateSatelliteAssembliesDependsOn)="
             
             ;
             _GenerateSatelliteAssemblyInputs;
             ComputeIntermediateSatelliteAssemblies;
             GenerateSatelliteAssemblies
           ;
             CoreGenerateSatelliteAssemblies
           " (valor anterior: "
             ;
             _GenerateSatelliteAssemblyInputs;
             ComputeIntermediateSatelliteAssemblies;
             GenerateSatelliteAssemblies
           ") en C:\Program Files\dotnet\sdk\9.0.201\Sdks\Microsoft.NET.Sdk\targets\Microsoft.NET.Sdk.targets (1184,5)
       Reasignaci├│n de propiedad: $(DefaultItemExcludes)=";bin\Debug\/**;obj\Debug\/**;bin\/**;obj\/**;**/*.user;**/*.*proj;**/*.sln;**/*.vssscc" (valor anterior: ";bin\Debug\/**;obj\Debug\/**;bin\/**;obj\/**;**/*.user;**/*.*proj;**/*.sln") en C:\Program Files\dotnet\sdk\9.0.201\Sdks\Microsoft.NET.Sdk\targets\Microsoft.NET.Sdk.DefaultItems.targets (35,5)
       Reasignaci├│n de propiedad: $(_IsNotSetContainersTargetsDir)="true" (valor anterior: "false") en C:\Program Files\dotnet\sdk\9.0.201\Sdks\Microsoft.NET.Sdk\Sdk\Sdk.targets (60,5)
       Reasignaci├│n de propiedad: $(SourceControlManagerUrlTranslationTargets)=";TranslateGitHubUrlsInSourceControlInformation;TranslateGitLabUrlsInSourceControlInformation;TranslateAzureReposGitUrlsInSourceControlInformation" (valor anterior: ";TranslateGitHubUrlsInSourceControlInformation;TranslateGitLabUrlsInSourceControlInformation") en C:\Program Files\dotnet\sdk\9.0.201\Sdks\Microsoft.SourceLink.AzureRepos.Git\build\Microsoft.SourceLink.AzureRepos.Git.targets (13,5)
       Reasignaci├│n de propiedad: $(PackageDescription)="Package Description" (valor anterior: "") en C:\Program Files\dotnet\sdk\9.0.201\Sdks\NuGet.Build.Tasks.Pack\build\NuGet.Build.Tasks.Pack.targets (34,5)
       Reasignaci├│n de propiedad: $(SourceLinkUrlInitializerTargets)=";_InitializeGitHubSourceLinkUrl;_InitializeGitLabSourceLinkUrl" (valor anterior: ";_InitializeGitHubSourceLinkUrl") en C:\Program Files\dotnet\sdk\9.0.201\Sdks\Microsoft.SourceLink.GitLab\build\Microsoft.SourceLink.GitLab.targets (12,5)
       Reasignaci├│n de propiedad: $(SourceLinkUrlInitializerTargets)=";_InitializeGitHubSourceLinkUrl;_InitializeGitLabSourceLinkUrl;_InitializeAzureReposGitSourceLinkUrl;_InitializeBitbucketGitSourceLinkUrl" (valor anterior: ";_InitializeGitHubSourceLinkUrl;_InitializeGitLabSourceLinkUrl;_InitializeAzureReposGitSourceLinkUrl") en C:\Program Files\dotnet\sdk\9.0.201\Sdks\Microsoft.SourceLink.Bitbucket.Git\build\Microsoft.SourceLink.Bitbucket.Git.targets (12,5)
       Reasignaci├│n de propiedad: $(DefaultItemExcludes)=";bin\Debug\/**;obj\Debug\/**;bin\/**;obj\/**;**/*.user;**/*.*proj;**/*.sln;**/*.vssscc;**/.DS_Store" (valor anterior: ";bin\Debug\/**;obj\Debug\/**;bin\/**;obj\/**;**/*.user;**/*.*proj;**/*.sln;**/*.vssscc") en C:\Program Files\dotnet\sdk\9.0.201\Sdks\Microsoft.NET.Sdk\targets\Microsoft.NET.Sdk.DefaultItems.targets (36,5)
       Reasignaci├│n de propiedad: $(SourceControlManagerUrlTranslationTargets)=";TranslateGitHubUrlsInSourceControlInformation;TranslateGitLabUrlsInSourceControlInformation;TranslateAzureReposGitUrlsInSourceControlInformation;TranslateBitbucketGitUrlsInSourceControlInformation" (valor anterior: ";TranslateGitHubUrlsInSourceControlInformation;TranslateGitLabUrlsInSourceControlInformation;TranslateAzureReposGitUrlsInSourceControlInformation") en C:\Program Files\dotnet\sdk\9.0.201\Sdks\Microsoft.SourceLink.Bitbucket.Git\build\Microsoft.SourceLink.Bitbucket.Git.targets (13,5)
       Reasignaci├│n de propiedad: $(_IsSDKContainerAllowedVersion)="true" (valor anterior: "false") en C:\Program Files\dotnet\sdk\9.0.201\Containers\build\Microsoft.NET.Build.Containers.targets (5,5)
       Reasignaci├│n de propiedad: $(GenerateNuspecDependsOn)="Build;_LoadPackInputItems; _GetTargetFrameworksOutput; _WalkEachTargetPerFramework; _GetPackageFiles; " (valor anterior: "_LoadPackInputItems; _GetTargetFrameworksOutput; _WalkEachTargetPerFramework; _GetPackageFiles; ") en C:\Program Files\dotnet\sdk\9.0.201\Sdks\NuGet.Build.Tasks.Pack\build\NuGet.Build.Tasks.Pack.targets (59,5)
       Reasignaci├│n de propiedad: $(ResolveAssemblyReferencesDependsOn)="
             
             
             ResolveProjectReferences;
             FindInvalidProjectReferences;
             GetFrameworkPaths;
             GetReferenceAssemblyPaths;
             PrepareForBuild;
             ResolveSDKReferences;
             ExpandSDKReferences;
           ;
             ResolvePackageDependenciesForBuild;
             _HandlePackageFileConflicts;
           ;
             ResolveTargetingPackAssets;
           " (valor anterior: "
             
             ResolveProjectReferences;
             FindInvalidProjectReferences;
             GetFrameworkPaths;
             GetReferenceAssemblyPaths;
             PrepareForBuild;
             ResolveSDKReferences;
             ExpandSDKReferences;
           ;
             ResolvePackageDependenciesForBuild;
             _HandlePackageFileConflicts;
           ") en C:\Program Files\dotnet\sdk\9.0.201\Sdks\Microsoft.NET.Sdk\targets\Microsoft.NET.Sdk.FrameworkReferenceResolution.targets (14,5)
       Reasignaci├│n de propiedad: $(_ContainerIsTargetingNet8TFM)="true" (valor anterior: "false") en C:\Program Files\dotnet\sdk\9.0.201\Containers\build\Microsoft.NET.Build.Containers.targets (15,5)
       Reasignaci├│n de propiedad: $(DesignerRuntimeImplementationProjectOutputGroupDependsOn)="
             
             ;
             
             ;
             BuildOnlySettings;
             PrepareForBuild;
             AssignTargetPaths;
             ResolveReferences
           
           ;
             _GenerateDesignerDepsFile;
             _GenerateDesignerRuntimeConfigFile;
             GetCopyToOutputDirectoryItems;
             _GatherDesignerShadowCopyFiles;
           " (valor anterior: "
             ;
             
             ;
             BuildOnlySettings;
             PrepareForBuild;
             AssignTargetPaths;
             ResolveReferences
           
           ") en C:\Program Files\dotnet\sdk\9.0.201\Sdks\Microsoft.NET.Sdk\targets\Microsoft.NET.DesignerSupport.targets (21,5)
       Reasignaci├│n de propiedad: $(_IsNotSetContainersTargetsDir)="true" (valor anterior: "false") en C:\Program Files\dotnet\sdk\9.0.201\Sdks\Microsoft.NET.Sdk\Sdk\Sdk.targets (60,5)
       Reasignaci├│n de propiedad: $(SourceControlManagerUrlTranslationTargets)=";TranslateGitHubUrlsInSourceControlInformation;TranslateGitLabUrlsInSourceControlInformation" (valor anterior: ";TranslateGitHubUrlsInSourceControlInformation") en C:\Program Files\dotnet\sdk\9.0.201\Sdks\Microsoft.SourceLink.GitLab\build\Microsoft.SourceLink.GitLab.targets (13,5)
       Reasignaci├│n de propiedad: $(_GenerateToolsSettingsFileCacheFile)="D:\Users\Jhon\Documentos\Mintrabajo\Modulo General usuarios\AuthSystemNew\AuthSystem.UnitTests\obj\Debug\net8.0\AuthSystem.UnitTests.toolssettingsinput.cache" (valor anterior: "obj\Debug\net8.0\AuthSystem.UnitTests.toolssettingsinput.cache") en C:\Program Files\dotnet\sdk\9.0.201\Sdks\Microsoft.NET.Sdk\targets\Microsoft.NET.PackTool.targets (68,5)
       Reasignaci├│n de propiedad: $(SourceLinkUrlInitializerTargets)=";_InitializeGitHubSourceLinkUrl;_InitializeGitLabSourceLinkUrl;_InitializeAzureReposGitSourceLinkUrl" (valor anterior: ";_InitializeGitHubSourceLinkUrl;_InitializeGitLabSourceLinkUrl") en C:\Program Files\dotnet\sdk\9.0.201\Sdks\Microsoft.SourceLink.AzureRepos.Git\build\Microsoft.SourceLink.AzureRepos.Git.targets (12,5)
       Reasignaci├│n de propiedad: $(_ShimInputCacheFile)="D:\Users\Jhon\Documentos\Mintrabajo\Modulo General usuarios\AuthSystemNew\AuthSystem.UnitTests\obj\Debug\net8.0\AuthSystem.UnitTests.shiminput.cache" (valor anterior: "obj\Debug\net8.0\AuthSystem.UnitTests.shiminput.cache") en C:\Program Files\dotnet\sdk\9.0.201\Sdks\Microsoft.NET.Sdk\targets\Microsoft.NET.PackTool.targets (137,5)
       Reasignaci├│n de propiedad: $(SourceControlManagerUrlTranslationTargets)=";TranslateGitHubUrlsInSourceControlInformation;TranslateGitLabUrlsInSourceControlInformation;TranslateAzureReposGitUrlsInSourceControlInformation" (valor anterior: ";TranslateGitHubUrlsInSourceControlInformation;TranslateGitLabUrlsInSourceControlInformation") en C:\Program Files\dotnet\sdk\9.0.201\Sdks\Microsoft.SourceLink.AzureRepos.Git\build\Microsoft.SourceLink.AzureRepos.Git.targets (13,5)
       Reasignaci├│n de propiedad: $(_GenerateRuntimeConfigurationPropertyInputsCache)="D:\Users\Jhon\Documentos\Mintrabajo\Modulo General usuarios\AuthSystemNew\AuthSystem.Infrastructure\obj\Debug\net8.0\AuthSystem.Infrastructure.genruntimeconfig.cache" (valor anterior: "obj\Debug\net8.0\AuthSystem.Infrastructure.genruntimeconfig.cache") en C:\Program Files\dotnet\sdk\9.0.201\Sdks\Microsoft.NET.Sdk\targets\Microsoft.NET.Sdk.targets (44,5)
       Reasignaci├│n de propiedad: $(_IsSDKContainerAllowedVersion)="true" (valor anterior: "false") en C:\Program Files\dotnet\sdk\9.0.201\Containers\build\Microsoft.NET.Build.Containers.targets (5,5)
       Reasignaci├│n de propiedad: $(_ContainerIsTargetingNet8TFM)="true" (valor anterior: "false") en C:\Program Files\dotnet\sdk\9.0.201\Containers\build\Microsoft.NET.Build.Containers.targets (15,5)
       Reasignaci├│n de propiedad: $(_ShimCreatedSentinelFile)="D:\Users\Jhon\Documentos\Mintrabajo\Modulo General usuarios\AuthSystemNew\AuthSystem.UnitTests\obj\Debug\net8.0\AuthSystem.UnitTests.shimcreated.sentinel" (valor anterior: "obj\Debug\net8.0\AuthSystem.UnitTests.shimcreated.sentinel") en C:\Program Files\dotnet\sdk\9.0.201\Sdks\Microsoft.NET.Sdk\targets\Microsoft.NET.PackTool.targets (139,5)
       Reasignaci├│n de propiedad: $(SourceLinkUrlInitializerTargets)=";_InitializeGitHubSourceLinkUrl;_InitializeGitLabSourceLinkUrl;_InitializeAzureReposGitSourceLinkUrl;_InitializeBitbucketGitSourceLinkUrl" (valor anterior: ";_InitializeGitHubSourceLinkUrl;_InitializeGitLabSourceLinkUrl;_InitializeAzureReposGitSourceLinkUrl") en C:\Program Files\dotnet\sdk\9.0.201\Sdks\Microsoft.SourceLink.Bitbucket.Git\build\Microsoft.SourceLink.Bitbucket.Git.targets (12,5)
       Reasignaci├│n de propiedad: $(DefineConstants)="TRACE;DEBUG" (valor anterior: "TRACE") en C:\Program Files\dotnet\sdk\9.0.201\Sdks\Microsoft.NET.Sdk\targets\Microsoft.NET.Sdk.CSharp.targets (31,5)
       Reasignaci├│n de propiedad: $(_GeneratePublishDependencyFilePropertyInputsCache)="D:\Users\Jhon\Documentos\Mintrabajo\Modulo General usuarios\AuthSystemNew\AuthSystem.Infrastructure\obj\Debug\net8.0\AuthSystem.Infrastructure.genpublishdeps.cache" (valor anterior: "obj\Debug\net8.0\AuthSystem.Infrastructure.genpublishdeps.cache") en C:\Program Files\dotnet\sdk\9.0.201\Sdks\Microsoft.NET.Sdk\targets\Microsoft.NET.Sdk.targets (46,5)
       Reasignaci├│n de propiedad: $(_GenerateSingleFileBundlePropertyInputsCache)="D:\Users\Jhon\Documentos\Mintrabajo\Modulo General usuarios\AuthSystemNew\AuthSystem.Infrastructure\obj\Debug\net8.0\AuthSystem.Infrastructure.genbundle.cache" (valor anterior: "obj\Debug\net8.0\AuthSystem.Infrastructure.genbundle.cache") en C:\Program Files\dotnet\sdk\9.0.201\Sdks\Microsoft.NET.Sdk\targets\Microsoft.NET.Sdk.targets (48,5)
       Reasignaci├│n de propiedad: $(SourceControlManagerUrlTranslationTargets)=";TranslateGitHubUrlsInSourceControlInformation;TranslateGitLabUrlsInSourceControlInformation;TranslateAzureReposGitUrlsInSourceControlInformation;TranslateBitbucketGitUrlsInSourceControlInformation" (valor anterior: ";TranslateGitHubUrlsInSourceControlInformation;TranslateGitLabUrlsInSourceControlInformation;TranslateAzureReposGitUrlsInSourceControlInformation") en C:\Program Files\dotnet\sdk\9.0.201\Sdks\Microsoft.SourceLink.Bitbucket.Git\build\Microsoft.SourceLink.Bitbucket.Git.targets (13,5)
       Reasignaci├│n de propiedad: $(DesignerRuntimeImplementationProjectOutputGroupDependsOn)="
             
             ;
             
             ;
             BuildOnlySettings;
             PrepareForBuild;
             AssignTargetPaths;
             ResolveReferences
           
           ;
             _GenerateDesignerDepsFile;
             _GenerateDesignerRuntimeConfigFile;
             GetCopyToOutputDirectoryItems;
             _GatherDesignerShadowCopyFiles;
           " (valor anterior: "
             ;
             
             ;
             BuildOnlySettings;
             PrepareForBuild;
             AssignTargetPaths;
             ResolveReferences
           
           ") en C:\Program Files\dotnet\sdk\9.0.201\Sdks\Microsoft.NET.Sdk\targets\Microsoft.NET.DesignerSupport.targets (21,5)
       Reasignaci├│n de propiedad: $(GenerateRuntimeConfigDevFile)="false" (valor anterior: "true") en C:\Program Files\dotnet\sdk\9.0.201\Sdks\Microsoft.NET.Sdk\targets\Microsoft.NET.Sdk.targets (81,5)
       Reasignaci├│n de propiedad: $(_GenerateToolsSettingsFileCacheFile)="D:\Users\Jhon\Documentos\Mintrabajo\Modulo General usuarios\AuthSystemNew\AuthSystem.IntegrationTests\obj\Debug\net8.0\AuthSystem.IntegrationTests.toolssettingsinput.cache" (valor anterior: "obj\Debug\net8.0\AuthSystem.IntegrationTests.toolssettingsinput.cache") en C:\Program Files\dotnet\sdk\9.0.201\Sdks\Microsoft.NET.Sdk\targets\Microsoft.NET.PackTool.targets (68,5)
       Reasignaci├│n de propiedad: $(DefineConstants)="TRACE;DEBUG;NET;NET8_0;NETCOREAPP" (valor anterior: "TRACE;DEBUG") en C:\Program Files\dotnet\sdk\9.0.201\Sdks\Microsoft.NET.Sdk\targets\Microsoft.NET.Sdk.CSharp.targets (34,5)
       Reasignaci├│n de propiedad: $(_ShimInputCacheFile)="D:\Users\Jhon\Documentos\Mintrabajo\Modulo General usuarios\AuthSystemNew\AuthSystem.IntegrationTests\obj\Debug\net8.0\AuthSystem.IntegrationTests.shiminput.cache" (valor anterior: "obj\Debug\net8.0\AuthSystem.IntegrationTests.shiminput.cache") en C:\Program Files\dotnet\sdk\9.0.201\Sdks\Microsoft.NET.Sdk\targets\Microsoft.NET.PackTool.targets (137,5)
       C:\Program Files\dotnet\sdk\9.0.201\Sdks\Microsoft.NET.Sdk\targets\Microsoft.NET.Sdk.targets(97,5): message : Propiedad "USERPROFILE" con el valor "C:\Users\JHON" expandido desde el entorno.
       Reasignaci├│n de propiedad: $(_ShimCreatedSentinelFile)="D:\Users\Jhon\Documentos\Mintrabajo\Modulo General usuarios\AuthSystemNew\AuthSystem.IntegrationTests\obj\Debug\net8.0\AuthSystem.IntegrationTests.shimcreated.sentinel" (valor anterior: "obj\Debug\net8.0\AuthSystem.IntegrationTests.shimcreated.sentinel") en C:\Program Files\dotnet\sdk\9.0.201\Sdks\Microsoft.NET.Sdk\targets\Microsoft.NET.PackTool.targets (139,5)
       Reasignaci├│n de propiedad: $(_DefaultUserProfileRuntimeStorePath)="C:\Users\JHON" (valor anterior: "") en C:\Program Files\dotnet\sdk\9.0.201\Sdks\Microsoft.NET.Sdk\targets\Microsoft.NET.Sdk.targets (97,5)
       Reasignaci├│n de propiedad: $(WarningsAsErrors)=";NU1605;SYSLIB0011" (valor anterior: ";NU1605") en C:\Program Files\dotnet\sdk\9.0.201\Sdks\Microsoft.NET.Sdk\targets\Microsoft.NET.Sdk.CSharp.targets (48,5)
       Reasignaci├│n de propiedad: $(DefineConstants)="TRACE;DEBUG" (valor anterior: "TRACE") en C:\Program Files\dotnet\sdk\9.0.201\Sdks\Microsoft.NET.Sdk\targets\Microsoft.NET.Sdk.CSharp.targets (31,5)
       Reasignaci├│n de propiedad: $(DefineConstants)="TRACE;DEBUG;NET;NET8_0;NETCOREAPP" (valor anterior: "TRACE;DEBUG") en C:\Program Files\dotnet\sdk\9.0.201\Sdks\Microsoft.NET.Sdk\targets\Microsoft.NET.Sdk.CSharp.targets (34,5)
       Reasignaci├│n de propiedad: $(PackageDescription)="Package Description" (valor anterior: "") en C:\Program Files\dotnet\sdk\9.0.201\Sdks\NuGet.Build.Tasks.Pack\build\NuGet.Build.Tasks.Pack.targets (34,5)
       Reasignaci├│n de propiedad: $(_DefaultUserProfileRuntimeStorePath)="C:\Users\JHON\.dotnet\store" (valor anterior: "C:\Users\JHON") en C:\Program Files\dotnet\sdk\9.0.201\Sdks\Microsoft.NET.Sdk\targets\Microsoft.NET.Sdk.targets (98,5)
       Reasignaci├│n de propiedad: $(GenerateNuspecDependsOn)="Build;_LoadPackInputItems; _GetTargetFrameworksOutput; _WalkEachTargetPerFramework; _GetPackageFiles; " (valor anterior: "_LoadPackInputItems; _GetTargetFrameworksOutput; _WalkEachTargetPerFramework; _GetPackageFiles; ") en C:\Program Files\dotnet\sdk\9.0.201\Sdks\NuGet.Build.Tasks.Pack\build\NuGet.Build.Tasks.Pack.targets (59,5)
       Reasignaci├│n de propiedad: $(WarningsAsErrors)=";NU1605;SYSLIB0011" (valor anterior: ";NU1605") en C:\Program Files\dotnet\sdk\9.0.201\Sdks\Microsoft.NET.Sdk\targets\Microsoft.NET.Sdk.CSharp.targets (48,5)
       Reasignaci├│n de propiedad: $(AvailablePlatforms)="Any CPU,x86,x64,ARM32" (valor anterior: "Any CPU,x86,x64") en C:\Program Files\dotnet\sdk\9.0.201\Sdks\Microsoft.NET.Sdk\targets\Microsoft.NET.Sdk.targets (140,5)
       Reasignaci├│n de propiedad: $(PackageDescription)="Package Description" (valor anterior: "") en C:\Program Files\dotnet\sdk\9.0.201\Sdks\NuGet.Build.Tasks.Pack\build\NuGet.Build.Tasks.Pack.targets (34,5)
       Reasignaci├│n de propiedad: $(_IsNotSetContainersTargetsDir)="true" (valor anterior: "false") en C:\Program Files\dotnet\sdk\9.0.201\Sdks\Microsoft.NET.Sdk\Sdk\Sdk.targets (60,5)
       Reasignaci├│n de propiedad: $(GenerateNuspecDependsOn)="Build;_LoadPackInputItems; _GetTargetFrameworksOutput; _WalkEachTargetPerFramework; _GetPackageFiles; " (valor anterior: "_LoadPackInputItems; _GetTargetFrameworksOutput; _WalkEachTargetPerFramework; _GetPackageFiles; ") en C:\Program Files\dotnet\sdk\9.0.201\Sdks\NuGet.Build.Tasks.Pack\build\NuGet.Build.Tasks.Pack.targets (59,5)
       Reasignaci├│n de propiedad: $(AvailablePlatforms)="Any CPU,x86,x64,ARM32,ARM64" (valor anterior: "Any CPU,x86,x64,ARM32") en C:\Program Files\dotnet\sdk\9.0.201\Sdks\Microsoft.NET.Sdk\targets\Microsoft.NET.Sdk.targets (144,5)
       Reasignaci├│n de propiedad: $(_IsSDKContainerAllowedVersion)="true" (valor anterior: "false") en C:\Program Files\dotnet\sdk\9.0.201\Containers\build\Microsoft.NET.Build.Containers.targets (5,5)
       Reasignaci├│n de propiedad: $(_IsNotSetContainersTargetsDir)="true" (valor anterior: "false") en C:\Program Files\dotnet\sdk\9.0.201\Sdks\Microsoft.NET.Sdk\Sdk\Sdk.targets (60,5)
       Reasignaci├│n de propiedad: $(CoreBuildDependsOn)="
             _CheckForBuildWithNoBuild;
             
             BuildOnlySettings;
             PrepareForBuild;
             PreBuildEvent;
             ResolveReferences;
             PrepareResources;
             ResolveKeySource;
             Compile;
             ExportWindowsMDFile;
             UnmanagedUnregistration;
             GenerateSerializationAssemblies;
             CreateSatelliteAssemblies;
             GenerateManifests;
             GetTargetPath;
             PrepareForRun;
             UnmanagedRegistration;
             IncrementalClean;
             PostBuildEvent
           ;
             GenerateBuildDependencyFile;
             GenerateBuildRuntimeConfigurationFiles
           " (valor anterior: "
             BuildOnlySettings;
             PrepareForBuild;
             PreBuildEvent;
             ResolveReferences;
             PrepareResources;
             ResolveKeySource;
             Compile;
             ExportWindowsMDFile;
             UnmanagedUnregistration;
             GenerateSerializationAssemblies;
             CreateSatelliteAssemblies;
             GenerateManifests;
             GetTargetPath;
             PrepareForRun;
             UnmanagedRegistration;
             IncrementalClean;
             PostBuildEvent
           ") en C:\Program Files\dotnet\sdk\9.0.201\Sdks\Microsoft.NET.Sdk\targets\Microsoft.NET.Sdk.targets (201,5)
       Reasignaci├│n de propiedad: $(_ContainerIsTargetingNet8TFM)="true" (valor anterior: "false") en C:\Program Files\dotnet\sdk\9.0.201\Containers\build\Microsoft.NET.Build.Containers.targets (15,5)
       Reasignaci├│n de propiedad: $(CoreCleanDependsOn)="
             _SdkBeforeClean;
             
           " (valor anterior: "") en C:\Program Files\dotnet\sdk\9.0.201\Sdks\Microsoft.NET.Sdk\targets\Microsoft.NET.Sdk.targets (210,5)
       Reasignaci├│n de propiedad: $(RebuildDependsOn)="
             _SdkBeforeRebuild;
             
             BeforeRebuild;
             Clean;
             Build;
             AfterRebuild;
           
           " (valor anterior: "
             BeforeRebuild;
             Clean;
             Build;
             AfterRebuild;
           ") en C:\Program Files\dotnet\sdk\9.0.201\Sdks\Microsoft.NET.Sdk\targets\Microsoft.NET.Sdk.targets (217,5)
       Reasignaci├│n de propiedad: $(CompileDependsOn)="
             
             ResolveReferences;
             ResolveKeySource;
             SetWin32ManifestProperties;
             _SetPreferNativeArm64Win32ManifestProperties;
             FindReferenceAssembliesForReferences;
             _GenerateCompileInputs;
             BeforeCompile;
             _TimeStampBeforeCompile;
             _GenerateCompileDependencyCache;
             CoreCompile;
             _TimeStampAfterCompile;
             AfterCompile;
           ;
             _CreateAppHost;
             _CreateComHost;
             _GetIjwHostPaths;
           " (valor anterior: "
             ResolveReferences;
             ResolveKeySource;
             SetWin32ManifestProperties;
             _SetPreferNativeArm64Win32ManifestProperties;
             FindReferenceAssembliesForReferences;
             _GenerateCompileInputs;
             BeforeCompile;
             _TimeStampBeforeCompile;
             _GenerateCompileDependencyCache;
             CoreCompile;
             _TimeStampAfterCompile;
             AfterCompile;
           ") en C:\Program Files\dotnet\sdk\9.0.201\Sdks\Microsoft.NET.Sdk\targets\Microsoft.NET.Sdk.targets (784,5)
       Reasignaci├│n de propiedad: $(CreateSatelliteAssembliesDependsOn)="
             
             ;
             _GenerateSatelliteAssemblyInputs;
             ComputeIntermediateSatelliteAssemblies;
             GenerateSatelliteAssemblies
           ;
             CoreGenerateSatelliteAssemblies
           " (valor anterior: "
             ;
             _GenerateSatelliteAssemblyInputs;
             ComputeIntermediateSatelliteAssemblies;
             GenerateSatelliteAssemblies
           ") en C:\Program Files\dotnet\sdk\9.0.201\Sdks\Microsoft.NET.Sdk\targets\Microsoft.NET.Sdk.targets (1184,5)
       Reasignaci├│n de propiedad: $(_IsSDKContainerAllowedVersion)="true" (valor anterior: "false") en C:\Program Files\dotnet\sdk\9.0.201\Containers\build\Microsoft.NET.Build.Containers.targets (5,5)
       Reasignaci├│n de propiedad: $(SourceLinkUrlInitializerTargets)=";_InitializeGitHubSourceLinkUrl;_InitializeGitLabSourceLinkUrl" (valor anterior: ";_InitializeGitHubSourceLinkUrl") en C:\Program Files\dotnet\sdk\9.0.201\Sdks\Microsoft.SourceLink.GitLab\build\Microsoft.SourceLink.GitLab.targets (12,5)
       Reasignaci├│n de propiedad: $(_ContainerIsTargetingNet8TFM)="true" (valor anterior: "false") en C:\Program Files\dotnet\sdk\9.0.201\Containers\build\Microsoft.NET.Build.Containers.targets (15,5)
       Reasignaci├│n de propiedad: $(SourceControlManagerUrlTranslationTargets)=";TranslateGitHubUrlsInSourceControlInformation;TranslateGitLabUrlsInSourceControlInformation" (valor anterior: ";TranslateGitHubUrlsInSourceControlInformation") en C:\Program Files\dotnet\sdk\9.0.201\Sdks\Microsoft.SourceLink.GitLab\build\Microsoft.SourceLink.GitLab.targets (13,5)
       Reasignaci├│n de propiedad: $(SourceLinkUrlInitializerTargets)=";_InitializeGitHubSourceLinkUrl;_InitializeGitLabSourceLinkUrl;_InitializeAzureReposGitSourceLinkUrl" (valor anterior: ";_InitializeGitHubSourceLinkUrl;_InitializeGitLabSourceLinkUrl") en C:\Program Files\dotnet\sdk\9.0.201\Sdks\Microsoft.SourceLink.AzureRepos.Git\build\Microsoft.SourceLink.AzureRepos.Git.targets (12,5)
       Reasignaci├│n de propiedad: $(SourceControlManagerUrlTranslationTargets)=";TranslateGitHubUrlsInSourceControlInformation;TranslateGitLabUrlsInSourceControlInformation;TranslateAzureReposGitUrlsInSourceControlInformation" (valor anterior: ";TranslateGitHubUrlsInSourceControlInformation;TranslateGitLabUrlsInSourceControlInformation") en C:\Program Files\dotnet\sdk\9.0.201\Sdks\Microsoft.SourceLink.AzureRepos.Git\build\Microsoft.SourceLink.AzureRepos.Git.targets (13,5)
       Reasignaci├│n de propiedad: $(SourceLinkUrlInitializerTargets)=";_InitializeGitHubSourceLinkUrl;_InitializeGitLabSourceLinkUrl;_InitializeAzureReposGitSourceLinkUrl;_InitializeBitbucketGitSourceLinkUrl" (valor anterior: ";_InitializeGitHubSourceLinkUrl;_InitializeGitLabSourceLinkUrl;_InitializeAzureReposGitSourceLinkUrl") en C:\Program Files\dotnet\sdk\9.0.201\Sdks\Microsoft.SourceLink.Bitbucket.Git\build\Microsoft.SourceLink.Bitbucket.Git.targets (12,5)
       Reasignaci├│n de propiedad: $(SourceControlManagerUrlTranslationTargets)=";TranslateGitHubUrlsInSourceControlInformation;TranslateGitLabUrlsInSourceControlInformation;TranslateAzureReposGitUrlsInSourceControlInformation;TranslateBitbucketGitUrlsInSourceControlInformation" (valor anterior: ";TranslateGitHubUrlsInSourceControlInformation;TranslateGitLabUrlsInSourceControlInformation;TranslateAzureReposGitUrlsInSourceControlInformation") en C:\Program Files\dotnet\sdk\9.0.201\Sdks\Microsoft.SourceLink.Bitbucket.Git\build\Microsoft.SourceLink.Bitbucket.Git.targets (13,5)
       Reasignaci├│n de propiedad: $(DesignerRuntimeImplementationProjectOutputGroupDependsOn)="
             
             ;
             
             ;
             BuildOnlySettings;
             PrepareForBuild;
             AssignTargetPaths;
             ResolveReferences
           
           ;
             _GenerateDesignerDepsFile;
             _GenerateDesignerRuntimeConfigFile;
             GetCopyToOutputDirectoryItems;
             _GatherDesignerShadowCopyFiles;
           " (valor anterior: "
             ;
             
             ;
             BuildOnlySettings;
             PrepareForBuild;
             AssignTargetPaths;
             ResolveReferences
           
           ") en C:\Program Files\dotnet\sdk\9.0.201\Sdks\Microsoft.NET.Sdk\targets\Microsoft.NET.DesignerSupport.targets (21,5)
       Reasignaci├│n de propiedad: $(_GenerateToolsSettingsFileCacheFile)="D:\Users\Jhon\Documentos\Mintrabajo\Modulo General usuarios\AuthSystemNew\AuthSystem.Infrastructure\obj\Debug\net8.0\AuthSystem.Infrastructure.toolssettingsinput.cache" (valor anterior: "obj\Debug\net8.0\AuthSystem.Infrastructure.toolssettingsinput.cache") en C:\Program Files\dotnet\sdk\9.0.201\Sdks\Microsoft.NET.Sdk\targets\Microsoft.NET.PackTool.targets (68,5)
       Reasignaci├│n de propiedad: $(_ShimInputCacheFile)="D:\Users\Jhon\Documentos\Mintrabajo\Modulo General usuarios\AuthSystemNew\AuthSystem.Infrastructure\obj\Debug\net8.0\AuthSystem.Infrastructure.shiminput.cache" (valor anterior: "obj\Debug\net8.0\AuthSystem.Infrastructure.shiminput.cache") en C:\Program Files\dotnet\sdk\9.0.201\Sdks\Microsoft.NET.Sdk\targets\Microsoft.NET.PackTool.targets (137,5)
       Reasignaci├│n de propiedad: $(_ShimCreatedSentinelFile)="D:\Users\Jhon\Documentos\Mintrabajo\Modulo General usuarios\AuthSystemNew\AuthSystem.Infrastructure\obj\Debug\net8.0\AuthSystem.Infrastructure.shimcreated.sentinel" (valor anterior: "obj\Debug\net8.0\AuthSystem.Infrastructure.shimcreated.sentinel") en C:\Program Files\dotnet\sdk\9.0.201\Sdks\Microsoft.NET.Sdk\targets\Microsoft.NET.PackTool.targets (139,5)
       Reasignaci├│n de propiedad: $(DefineConstants)="TRACE;DEBUG" (valor anterior: "TRACE") en C:\Program Files\dotnet\sdk\9.0.201\Sdks\Microsoft.NET.Sdk\targets\Microsoft.NET.Sdk.CSharp.targets (31,5)
       Reasignaci├│n de propiedad: $(DefineConstants)="TRACE;DEBUG;NET;NET8_0;NETCOREAPP" (valor anterior: "TRACE;DEBUG") en C:\Program Files\dotnet\sdk\9.0.201\Sdks\Microsoft.NET.Sdk\targets\Microsoft.NET.Sdk.CSharp.targets (34,5)
       Reasignaci├│n de propiedad: $(WarningsAsErrors)=";NU1605;SYSLIB0011" (valor anterior: ";NU1605") en C:\Program Files\dotnet\sdk\9.0.201\Sdks\Microsoft.NET.Sdk\targets\Microsoft.NET.Sdk.CSharp.targets (48,5)
       Reasignaci├│n de propiedad: $(PackageDescription)="Package Description" (valor anterior: "") en C:\Program Files\dotnet\sdk\9.0.201\Sdks\NuGet.Build.Tasks.Pack\build\NuGet.Build.Tasks.Pack.targets (34,5)
       Reasignaci├│n de propiedad: $(_GenerateToolsSettingsFileCacheFile)="D:\Users\Jhon\Documentos\Mintrabajo\Modulo General usuarios\AuthSystemNew\AuthSystem.API\obj\Debug\net8.0\AuthSystem.API.toolssettingsinput.cache" (valor anterior: "obj\Debug\net8.0\AuthSystem.API.toolssettingsinput.cache") en C:\Program Files\dotnet\sdk\9.0.201\Sdks\Microsoft.NET.Sdk\targets\Microsoft.NET.PackTool.targets (68,5)
       Reasignaci├│n de propiedad: $(GenerateNuspecDependsOn)="Build;_LoadPackInputItems; _GetTargetFrameworksOutput; _WalkEachTargetPerFramework; _GetPackageFiles; " (valor anterior: "_LoadPackInputItems; _GetTargetFrameworksOutput; _WalkEachTargetPerFramework; _GetPackageFiles; ") en C:\Program Files\dotnet\sdk\9.0.201\Sdks\NuGet.Build.Tasks.Pack\build\NuGet.Build.Tasks.Pack.targets (59,5)
       Reasignaci├│n de propiedad: $(_ShimInputCacheFile)="D:\Users\Jhon\Documentos\Mintrabajo\Modulo General usuarios\AuthSystemNew\AuthSystem.API\obj\Debug\net8.0\AuthSystem.API.shiminput.cache" (valor anterior: "obj\Debug\net8.0\AuthSystem.API.shiminput.cache") en C:\Program Files\dotnet\sdk\9.0.201\Sdks\Microsoft.NET.Sdk\targets\Microsoft.NET.PackTool.targets (137,5)
       Reasignaci├│n de propiedad: $(_IsNotSetContainersTargetsDir)="true" (valor anterior: "false") en C:\Program Files\dotnet\sdk\9.0.201\Sdks\Microsoft.NET.Sdk\Sdk\Sdk.targets (60,5)
       Reasignaci├│n de propiedad: $(_ShimCreatedSentinelFile)="D:\Users\Jhon\Documentos\Mintrabajo\Modulo General usuarios\AuthSystemNew\AuthSystem.API\obj\Debug\net8.0\AuthSystem.API.shimcreated.sentinel" (valor anterior: "obj\Debug\net8.0\AuthSystem.API.shimcreated.sentinel") en C:\Program Files\dotnet\sdk\9.0.201\Sdks\Microsoft.NET.Sdk\targets\Microsoft.NET.PackTool.targets (139,5)
       Reasignaci├│n de propiedad: $(_IsSDKContainerAllowedVersion)="true" (valor anterior: "false") en C:\Program Files\dotnet\sdk\9.0.201\Containers\build\Microsoft.NET.Build.Containers.targets (5,5)
       Reasignaci├│n de propiedad: $(_ContainerIsTargetingNet8TFM)="true" (valor anterior: "false") en C:\Program Files\dotnet\sdk\9.0.201\Containers\build\Microsoft.NET.Build.Containers.targets (15,5)
       Reasignaci├│n de propiedad: $(DefineConstants)="TRACE;DEBUG" (valor anterior: "TRACE") en C:\Program Files\dotnet\sdk\9.0.201\Sdks\Microsoft.NET.Sdk\targets\Microsoft.NET.Sdk.CSharp.targets (31,5)
       Reasignaci├│n de propiedad: $(DefineConstants)="TRACE;DEBUG;NET;NET8_0;NETCOREAPP" (valor anterior: "TRACE;DEBUG") en C:\Program Files\dotnet\sdk\9.0.201\Sdks\Microsoft.NET.Sdk\targets\Microsoft.NET.Sdk.CSharp.targets (34,5)
       Reasignaci├│n de propiedad: $(WarningsAsErrors)=";NU1605;SYSLIB0011" (valor anterior: ";NU1605") en C:\Program Files\dotnet\sdk\9.0.201\Sdks\Microsoft.NET.Sdk\targets\Microsoft.NET.Sdk.CSharp.targets (48,5)
       Invalidando el destino "ResolveFrameworkReferences" del proyecto"C:\Program Files\dotnet\sdk\9.0.201\Microsoft.Common.CurrentVersion.targets" con el destino "ResolveFrameworkReferences" del proyecto "C:\Program Files\dotnet\sdk\9.0.201\Sdks\Microsoft.NET.Sdk\targets\Microsoft.NET.Sdk.FrameworkReferenceResolution.targets".
       Invalidando el destino "Run" del proyecto"C:\Program Files\dotnet\sdk\9.0.201\Microsoft.Common.CurrentVersion.targets" con el destino "Run" del proyecto "C:\Program Files\dotnet\sdk\9.0.201\Sdks\Microsoft.NET.Sdk\targets\Microsoft.NET.Sdk.targets".
       Invalidando el destino "GenerateSupportedTargetFrameworkAlias" del proyecto"C:\Program Files\dotnet\sdk\9.0.201\Microsoft.Common.CurrentVersion.targets" con el destino "GenerateSupportedTargetFrameworkAlias" del proyecto "C:\Program Files\dotnet\sdk\9.0.201\Sdks\Microsoft.NET.Sdk\targets\Microsoft.NET.Sdk.targets".
       Invalidando el destino "GetReferenceAssemblyPaths" del proyecto"C:\Program Files\dotnet\sdk\9.0.201\Microsoft.Common.CurrentVersion.targets" con el destino "GetReferenceAssemblyPaths" del proyecto "C:\Program Files\dotnet\sdk\9.0.201\Sdks\Microsoft.NET.Sdk\targets\Microsoft.NET.DisableStandardFrameworkResolution.targets".
       Invalidando el destino "GetFrameworkPaths" del proyecto"C:\Program Files\dotnet\sdk\9.0.201\Microsoft.Common.CurrentVersion.targets" con el destino "GetFrameworkPaths" del proyecto "C:\Program Files\dotnet\sdk\9.0.201\Sdks\Microsoft.NET.Sdk\targets\Microsoft.NET.DisableStandardFrameworkResolution.targets".
       Invalidando el destino "DesignerRuntimeImplementationProjectOutputGroup" del proyecto"C:\Program Files\dotnet\sdk\9.0.201\Microsoft.Common.CurrentVersion.targets" con el destino "DesignerRuntimeImplementationProjectOutputGroup" del proyecto "C:\Program Files\dotnet\sdk\9.0.201\Sdks\Microsoft.NET.Sdk\targets\Microsoft.NET.DesignerSupport.targets".
       Invalidando el destino "Publish" del proyecto"C:\Program Files\dotnet\sdk\9.0.201\Microsoft.Common.CurrentVersion.targets" con el destino "Publish" del proyecto "C:\Program Files\dotnet\sdk\9.0.201\Sdks\Microsoft.NET.Sdk\targets\Microsoft.NET.Publish.targets".
       Invalidando el destino "ResolveReadyToRunCompilers" del proyecto"C:\Program Files\dotnet\sdk\9.0.201\Sdks\Microsoft.NET.Sdk\targets\Microsoft.NET.CrossGen.targets" con el destino "ResolveReadyToRunCompilers" del proyecto "C:\Program Files\dotnet\sdk\9.0.201\Sdks\Microsoft.NET.Sdk\targets\Microsoft.NET.Publish.targets".
       Invalidando el destino "GetCopyToPublishDirectoryItems" del proyecto"C:\Program Files\dotnet\sdk\9.0.201\Microsoft.Common.CurrentVersion.targets" con el destino "GetCopyToPublishDirectoryItems" del proyecto "C:\Program Files\dotnet\sdk\9.0.201\Sdks\Microsoft.NET.Sdk\targets\Microsoft.NET.Publish.targets".
       Invalidando el destino "ResolveFrameworkReferences" del proyecto"C:\Program Files\dotnet\sdk\9.0.201\Microsoft.Common.CurrentVersion.targets" con el destino "ResolveFrameworkReferences" del proyecto "C:\Program Files\dotnet\sdk\9.0.201\Sdks\Microsoft.NET.Sdk\targets\Microsoft.NET.Sdk.FrameworkReferenceResolution.targets".
       Invalidando el destino "Run" del proyecto"C:\Program Files\dotnet\sdk\9.0.201\Microsoft.Common.CurrentVersion.targets" con el destino "Run" del proyecto "C:\Program Files\dotnet\sdk\9.0.201\Sdks\Microsoft.NET.Sdk\targets\Microsoft.NET.Sdk.targets".
       Invalidando el destino "GenerateSupportedTargetFrameworkAlias" del proyecto"C:\Program Files\dotnet\sdk\9.0.201\Microsoft.Common.CurrentVersion.targets" con el destino "GenerateSupportedTargetFrameworkAlias" del proyecto "C:\Program Files\dotnet\sdk\9.0.201\Sdks\Microsoft.NET.Sdk\targets\Microsoft.NET.Sdk.targets".
       Invalidando el destino "GetReferenceAssemblyPaths" del proyecto"C:\Program Files\dotnet\sdk\9.0.201\Microsoft.Common.CurrentVersion.targets" con el destino "GetReferenceAssemblyPaths" del proyecto "C:\Program Files\dotnet\sdk\9.0.201\Sdks\Microsoft.NET.Sdk\targets\Microsoft.NET.DisableStandardFrameworkResolution.targets".
       Invalidando el destino "GetFrameworkPaths" del proyecto"C:\Program Files\dotnet\sdk\9.0.201\Microsoft.Common.CurrentVersion.targets" con el destino "GetFrameworkPaths" del proyecto "C:\Program Files\dotnet\sdk\9.0.201\Sdks\Microsoft.NET.Sdk\targets\Microsoft.NET.DisableStandardFrameworkResolution.targets".
       Invalidando el destino "DesignerRuntimeImplementationProjectOutputGroup" del proyecto"C:\Program Files\dotnet\sdk\9.0.201\Microsoft.Common.CurrentVersion.targets" con el destino "DesignerRuntimeImplementationProjectOutputGroup" del proyecto "C:\Program Files\dotnet\sdk\9.0.201\Sdks\Microsoft.NET.Sdk\targets\Microsoft.NET.DesignerSupport.targets".
       Invalidando el destino "Publish" del proyecto"C:\Program Files\dotnet\sdk\9.0.201\Microsoft.Common.CurrentVersion.targets" con el destino "Publish" del proyecto "C:\Program Files\dotnet\sdk\9.0.201\Sdks\Microsoft.NET.Sdk\targets\Microsoft.NET.Publish.targets".
       Invalidando el destino "ResolveReadyToRunCompilers" del proyecto"C:\Program Files\dotnet\sdk\9.0.201\Sdks\Microsoft.NET.Sdk\targets\Microsoft.NET.CrossGen.targets" con el destino "ResolveReadyToRunCompilers" del proyecto "C:\Program Files\dotnet\sdk\9.0.201\Sdks\Microsoft.NET.Sdk\targets\Microsoft.NET.Publish.targets".
       Invalidando el destino "GetCopyToPublishDirectoryItems" del proyecto"C:\Program Files\dotnet\sdk\9.0.201\Microsoft.Common.CurrentVersion.targets" con el destino "GetCopyToPublishDirectoryItems" del proyecto "C:\Program Files\dotnet\sdk\9.0.201\Sdks\Microsoft.NET.Sdk\targets\Microsoft.NET.Publish.targets".
       Invalidando el destino "ResolveFrameworkReferences" del proyecto"C:\Program Files\dotnet\sdk\9.0.201\Microsoft.Common.CurrentVersion.targets" con el destino "ResolveFrameworkReferences" del proyecto "C:\Program Files\dotnet\sdk\9.0.201\Sdks\Microsoft.NET.Sdk\targets\Microsoft.NET.Sdk.FrameworkReferenceResolution.targets".
       Invalidando el destino "Run" del proyecto"C:\Program Files\dotnet\sdk\9.0.201\Microsoft.Common.CurrentVersion.targets" con el destino "Run" del proyecto "C:\Program Files\dotnet\sdk\9.0.201\Sdks\Microsoft.NET.Sdk\targets\Microsoft.NET.Sdk.targets".
       Invalidando el destino "GenerateSupportedTargetFrameworkAlias" del proyecto"C:\Program Files\dotnet\sdk\9.0.201\Microsoft.Common.CurrentVersion.targets" con el destino "GenerateSupportedTargetFrameworkAlias" del proyecto "C:\Program Files\dotnet\sdk\9.0.201\Sdks\Microsoft.NET.Sdk\targets\Microsoft.NET.Sdk.targets".
       Invalidando el destino "GetReferenceAssemblyPaths" del proyecto"C:\Program Files\dotnet\sdk\9.0.201\Microsoft.Common.CurrentVersion.targets" con el destino "GetReferenceAssemblyPaths" del proyecto "C:\Program Files\dotnet\sdk\9.0.201\Sdks\Microsoft.NET.Sdk\targets\Microsoft.NET.DisableStandardFrameworkResolution.targets".
       Invalidando el destino "GetFrameworkPaths" del proyecto"C:\Program Files\dotnet\sdk\9.0.201\Microsoft.Common.CurrentVersion.targets" con el destino "GetFrameworkPaths" del proyecto "C:\Program Files\dotnet\sdk\9.0.201\Sdks\Microsoft.NET.Sdk\targets\Microsoft.NET.DisableStandardFrameworkResolution.targets".
       Invalidando el destino "DesignerRuntimeImplementationProjectOutputGroup" del proyecto"C:\Program Files\dotnet\sdk\9.0.201\Microsoft.Common.CurrentVersion.targets" con el destino "DesignerRuntimeImplementationProjectOutputGroup" del proyecto "C:\Program Files\dotnet\sdk\9.0.201\Sdks\Microsoft.NET.Sdk\targets\Microsoft.NET.DesignerSupport.targets".
       Invalidando el destino "Publish" del proyecto"C:\Program Files\dotnet\sdk\9.0.201\Microsoft.Common.CurrentVersion.targets" con el destino "Publish" del proyecto "C:\Program Files\dotnet\sdk\9.0.201\Sdks\Microsoft.NET.Sdk\targets\Microsoft.NET.Publish.targets".
       Invalidando el destino "ResolveReadyToRunCompilers" del proyecto"C:\Program Files\dotnet\sdk\9.0.201\Sdks\Microsoft.NET.Sdk\targets\Microsoft.NET.CrossGen.targets" con el destino "ResolveReadyToRunCompilers" del proyecto "C:\Program Files\dotnet\sdk\9.0.201\Sdks\Microsoft.NET.Sdk\targets\Microsoft.NET.Publish.targets".
       Invalidando el destino "GetCopyToPublishDirectoryItems" del proyecto"C:\Program Files\dotnet\sdk\9.0.201\Microsoft.Common.CurrentVersion.targets" con el destino "GetCopyToPublishDirectoryItems" del proyecto "C:\Program Files\dotnet\sdk\9.0.201\Sdks\Microsoft.NET.Sdk\targets\Microsoft.NET.Publish.targets".
       Invalidando el destino "ResolveFrameworkReferences" del proyecto"C:\Program Files\dotnet\sdk\9.0.201\Microsoft.Common.CurrentVersion.targets" con el destino "ResolveFrameworkReferences" del proyecto "C:\Program Files\dotnet\sdk\9.0.201\Sdks\Microsoft.NET.Sdk\targets\Microsoft.NET.Sdk.FrameworkReferenceResolution.targets".
       Invalidando el destino "Run" del proyecto"C:\Program Files\dotnet\sdk\9.0.201\Microsoft.Common.CurrentVersion.targets" con el destino "Run" del proyecto "C:\Program Files\dotnet\sdk\9.0.201\Sdks\Microsoft.NET.Sdk\targets\Microsoft.NET.Sdk.targets".
       Invalidando el destino "GenerateSupportedTargetFrameworkAlias" del proyecto"C:\Program Files\dotnet\sdk\9.0.201\Microsoft.Common.CurrentVersion.targets" con el destino "GenerateSupportedTargetFrameworkAlias" del proyecto "C:\Program Files\dotnet\sdk\9.0.201\Sdks\Microsoft.NET.Sdk\targets\Microsoft.NET.Sdk.targets".
       Invalidando el destino "GetReferenceAssemblyPaths" del proyecto"C:\Program Files\dotnet\sdk\9.0.201\Microsoft.Common.CurrentVersion.targets" con el destino "GetReferenceAssemblyPaths" del proyecto "C:\Program Files\dotnet\sdk\9.0.201\Sdks\Microsoft.NET.Sdk\targets\Microsoft.NET.DisableStandardFrameworkResolution.targets".
       Invalidando el destino "GetFrameworkPaths" del proyecto"C:\Program Files\dotnet\sdk\9.0.201\Microsoft.Common.CurrentVersion.targets" con el destino "GetFrameworkPaths" del proyecto "C:\Program Files\dotnet\sdk\9.0.201\Sdks\Microsoft.NET.Sdk\targets\Microsoft.NET.DisableStandardFrameworkResolution.targets".
       Invalidando el destino "DesignerRuntimeImplementationProjectOutputGroup" del proyecto"C:\Program Files\dotnet\sdk\9.0.201\Microsoft.Common.CurrentVersion.targets" con el destino "DesignerRuntimeImplementationProjectOutputGroup" del proyecto "C:\Program Files\dotnet\sdk\9.0.201\Sdks\Microsoft.NET.Sdk\targets\Microsoft.NET.DesignerSupport.targets".
       Invalidando el destino "Publish" del proyecto"C:\Program Files\dotnet\sdk\9.0.201\Microsoft.Common.CurrentVersion.targets" con el destino "Publish" del proyecto "C:\Program Files\dotnet\sdk\9.0.201\Sdks\Microsoft.NET.Sdk\targets\Microsoft.NET.Publish.targets".
       Invalidando el destino "ResolveReadyToRunCompilers" del proyecto"C:\Program Files\dotnet\sdk\9.0.201\Sdks\Microsoft.NET.Sdk\targets\Microsoft.NET.CrossGen.targets" con el destino "ResolveReadyToRunCompilers" del proyecto "C:\Program Files\dotnet\sdk\9.0.201\Sdks\Microsoft.NET.Sdk\targets\Microsoft.NET.Publish.targets".
       Invalidando el destino "GetCopyToPublishDirectoryItems" del proyecto"C:\Program Files\dotnet\sdk\9.0.201\Microsoft.Common.CurrentVersion.targets" con el destino "GetCopyToPublishDirectoryItems" del proyecto "C:\Program Files\dotnet\sdk\9.0.201\Sdks\Microsoft.NET.Sdk\targets\Microsoft.NET.Publish.targets".
       Invalidando el destino "ResolveFrameworkReferences" del proyecto"C:\Program Files\dotnet\sdk\9.0.201\Microsoft.Common.CurrentVersion.targets" con el destino "ResolveFrameworkReferences" del proyecto "C:\Program Files\dotnet\sdk\9.0.201\Sdks\Microsoft.NET.Sdk\targets\Microsoft.NET.Sdk.FrameworkReferenceResolution.targets".
       Invalidando el destino "Run" del proyecto"C:\Program Files\dotnet\sdk\9.0.201\Microsoft.Common.CurrentVersion.targets" con el destino "Run" del proyecto "C:\Program Files\dotnet\sdk\9.0.201\Sdks\Microsoft.NET.Sdk\targets\Microsoft.NET.Sdk.targets".
       Invalidando el destino "GenerateSupportedTargetFrameworkAlias" del proyecto"C:\Program Files\dotnet\sdk\9.0.201\Microsoft.Common.CurrentVersion.targets" con el destino "GenerateSupportedTargetFrameworkAlias" del proyecto "C:\Program Files\dotnet\sdk\9.0.201\Sdks\Microsoft.NET.Sdk\targets\Microsoft.NET.Sdk.targets".
       Invalidando el destino "GetReferenceAssemblyPaths" del proyecto"C:\Program Files\dotnet\sdk\9.0.201\Microsoft.Common.CurrentVersion.targets" con el destino "GetReferenceAssemblyPaths" del proyecto "C:\Program Files\dotnet\sdk\9.0.201\Sdks\Microsoft.NET.Sdk\targets\Microsoft.NET.DisableStandardFrameworkResolution.targets".
       Invalidando el destino "GetFrameworkPaths" del proyecto"C:\Program Files\dotnet\sdk\9.0.201\Microsoft.Common.CurrentVersion.targets" con el destino "GetFrameworkPaths" del proyecto "C:\Program Files\dotnet\sdk\9.0.201\Sdks\Microsoft.NET.Sdk\targets\Microsoft.NET.DisableStandardFrameworkResolution.targets".
       Invalidando el destino "DesignerRuntimeImplementationProjectOutputGroup" del proyecto"C:\Program Files\dotnet\sdk\9.0.201\Microsoft.Common.CurrentVersion.targets" con el destino "DesignerRuntimeImplementationProjectOutputGroup" del proyecto "C:\Program Files\dotnet\sdk\9.0.201\Sdks\Microsoft.NET.Sdk\targets\Microsoft.NET.DesignerSupport.targets".
       Invalidando el destino "Publish" del proyecto"C:\Program Files\dotnet\sdk\9.0.201\Microsoft.Common.CurrentVersion.targets" con el destino "Publish" del proyecto "C:\Program Files\dotnet\sdk\9.0.201\Sdks\Microsoft.NET.Sdk\targets\Microsoft.NET.Publish.targets".
       Invalidando el destino "ResolveReadyToRunCompilers" del proyecto"C:\Program Files\dotnet\sdk\9.0.201\Sdks\Microsoft.NET.Sdk\targets\Microsoft.NET.CrossGen.targets" con el destino "ResolveReadyToRunCompilers" del proyecto "C:\Program Files\dotnet\sdk\9.0.201\Sdks\Microsoft.NET.Sdk\targets\Microsoft.NET.Publish.targets".
       Invalidando el destino "GetCopyToPublishDirectoryItems" del proyecto"C:\Program Files\dotnet\sdk\9.0.201\Microsoft.Common.CurrentVersion.targets" con el destino "GetCopyToPublishDirectoryItems" del proyecto "C:\Program Files\dotnet\sdk\9.0.201\Sdks\Microsoft.NET.Sdk\targets\Microsoft.NET.Publish.targets".
       Reasignaci├│n de propiedad: $(PackageDescription)="Package Description" (valor anterior: "") en C:\Program Files\dotnet\sdk\9.0.201\Sdks\NuGet.Build.Tasks.Pack\build\NuGet.Build.Tasks.Pack.targets (34,5)
       Reasignaci├│n de propiedad: $(GenerateNuspecDependsOn)="Build;_LoadPackInputItems; _GetTargetFrameworksOutput; _WalkEachTargetPerFramework; _GetPackageFiles; " (valor anterior: "_LoadPackInputItems; _GetTargetFrameworksOutput; _WalkEachTargetPerFramework; _GetPackageFiles; ") en C:\Program Files\dotnet\sdk\9.0.201\Sdks\NuGet.Build.Tasks.Pack\build\NuGet.Build.Tasks.Pack.targets (59,5)
       Reasignaci├│n de propiedad: $(_IsNotSetContainersTargetsDir)="true" (valor anterior: "false") en C:\Program Files\dotnet\sdk\9.0.201\Sdks\Microsoft.NET.Sdk\Sdk\Sdk.targets (60,5)
       Reasignaci├│n de propiedad: $(_IsSDKContainerAllowedVersion)="true" (valor anterior: "false") en C:\Program Files\dotnet\sdk\9.0.201\Containers\build\Microsoft.NET.Build.Containers.targets (5,5)
       Reasignaci├│n de propiedad: $(_ContainerIsTargetingNet8TFM)="true" (valor anterior: "false") en C:\Program Files\dotnet\sdk\9.0.201\Containers\build\Microsoft.NET.Build.Containers.targets (15,5)
     1>El proyecto "D:\Users\Jhon\Documentos\Mintrabajo\Modulo General usuarios\AuthSystemNew\AuthSystem.sln" (1) est├í compilando "D:\Users\Jhon\Documentos\Mintrabajo\Modulo General usuarios\AuthSystemNew\AuthSystem.Infrastructure\AuthSystem.Infrastructure.csproj" (5) en el nodo 3 (_IsProjectRestoreSupported destinos).
     5>Destino "_IsProjectRestoreSupported" en el archivo "C:\Program Files\dotnet\sdk\9.0.201\NuGet.targets" del proyecto "D:\Users\Jhon\Documentos\Mintrabajo\Modulo General usuarios\AuthSystemNew\AuthSystem.Infrastructure\AuthSystem.Infrastructure.csproj" (punto de entrada):
     5>Compilaci├│n terminada del destino "_IsProjectRestoreSupported" en el proyecto "AuthSystem.Infrastructure.csproj".
     1>El proyecto "D:\Users\Jhon\Documentos\Mintrabajo\Modulo General usuarios\AuthSystemNew\AuthSystem.sln" (1) est├í compilando "D:\Users\Jhon\Documentos\Mintrabajo\Modulo General usuarios\AuthSystemNew\AuthSystem.Application\AuthSystem.Application.csproj" (2) en el nodo 2 (_IsProjectRestoreSupported destinos).
     2>Destino "_IsProjectRestoreSupported" en el archivo "C:\Program Files\dotnet\sdk\9.0.201\NuGet.targets" del proyecto "D:\Users\Jhon\Documentos\Mintrabajo\Modulo General usuarios\AuthSystemNew\AuthSystem.Application\AuthSystem.Application.csproj" (punto de entrada):
     2>Compilaci├│n terminada del destino "_IsProjectRestoreSupported" en el proyecto "AuthSystem.Application.csproj".
     1>El proyecto "D:\Users\Jhon\Documentos\Mintrabajo\Modulo General usuarios\AuthSystemNew\AuthSystem.sln" (1) est├í compilando "D:\Users\Jhon\Documentos\Mintrabajo\Modulo General usuarios\AuthSystemNew\AuthSystem.UnitTests\AuthSystem.UnitTests.csproj" (4) en el nodo 5 (_IsProjectRestoreSupported destinos).
     4>Destino "_IsProjectRestoreSupported" en el archivo "C:\Program Files\dotnet\sdk\9.0.201\NuGet.targets" del proyecto "D:\Users\Jhon\Documentos\Mintrabajo\Modulo General usuarios\AuthSystemNew\AuthSystem.UnitTests\AuthSystem.UnitTests.csproj" (punto de entrada):
     4>Compilaci├│n terminada del destino "_IsProjectRestoreSupported" en el proyecto "AuthSystem.UnitTests.csproj".
     1>El proyecto "D:\Users\Jhon\Documentos\Mintrabajo\Modulo General usuarios\AuthSystemNew\AuthSystem.sln" (1) est├í compilando "D:\Users\Jhon\Documentos\Mintrabajo\Modulo General usuarios\AuthSystemNew\AuthSystem.IntegrationTests\AuthSystem.IntegrationTests.csproj" (3) en el nodo 4 (_IsProjectRestoreSupported destinos).
     3>Destino "_IsProjectRestoreSupported" en el archivo "C:\Program Files\dotnet\sdk\9.0.201\NuGet.targets" del proyecto "D:\Users\Jhon\Documentos\Mintrabajo\Modulo General usuarios\AuthSystemNew\AuthSystem.IntegrationTests\AuthSystem.IntegrationTests.csproj" (punto de entrada):
     3>Compilaci├│n terminada del destino "_IsProjectRestoreSupported" en el proyecto "AuthSystem.IntegrationTests.csproj".
     5>Compilaci├│n del proyecto terminada "D:\Users\Jhon\Documentos\Mintrabajo\Modulo General usuarios\AuthSystemNew\AuthSystem.Infrastructure\AuthSystem.Infrastructure.csproj" (_IsProjectRestoreSupported destinos).
     3>Compilaci├│n del proyecto terminada "D:\Users\Jhon\Documentos\Mintrabajo\Modulo General usuarios\AuthSystemNew\AuthSystem.IntegrationTests\AuthSystem.IntegrationTests.csproj" (_IsProjectRestoreSupported destinos).
     4>Compilaci├│n del proyecto terminada "D:\Users\Jhon\Documentos\Mintrabajo\Modulo General usuarios\AuthSystemNew\AuthSystem.UnitTests\AuthSystem.UnitTests.csproj" (_IsProjectRestoreSupported destinos).
     2>Compilaci├│n del proyecto terminada "D:\Users\Jhon\Documentos\Mintrabajo\Modulo General usuarios\AuthSystemNew\AuthSystem.Application\AuthSystem.Application.csproj" (_IsProjectRestoreSupported destinos).
     1>El proyecto "D:\Users\Jhon\Documentos\Mintrabajo\Modulo General usuarios\AuthSystemNew\AuthSystem.sln" (1) est├í compilando "D:\Users\Jhon\Documentos\Mintrabajo\Modulo General usuarios\AuthSystemNew\AuthSystem.Domain\AuthSystem.Domain.csproj" (6) en el nodo 6 (_IsProjectRestoreSupported destinos).
     6>Destino "_IsProjectRestoreSupported" en el archivo "C:\Program Files\dotnet\sdk\9.0.201\NuGet.targets" del proyecto "D:\Users\Jhon\Documentos\Mintrabajo\Modulo General usuarios\AuthSystemNew\AuthSystem.Domain\AuthSystem.Domain.csproj" (punto de entrada):
     6>Compilaci├│n terminada del destino "_IsProjectRestoreSupported" en el proyecto "AuthSystem.Domain.csproj".
     6>Compilaci├│n del proyecto terminada "D:\Users\Jhon\Documentos\Mintrabajo\Modulo General usuarios\AuthSystemNew\AuthSystem.Domain\AuthSystem.Domain.csproj" (_IsProjectRestoreSupported destinos).
     0>C:\Program Files\dotnet\sdk\9.0.201\Sdks\Microsoft.NET.Sdk.StaticWebAssets\targets\Sdk.StaticWebAssets.CurrentVersion.targets(37,18): message : Propiedad "DOTNET_HOST_PATH" con el valor "C:\Program Files\dotnet\dotnet.exe" expandido desde el entorno.
       Reasignaci├│n de propiedad: $(PrepareForRunDependsOn)="StaticWebAssetsPrepareForRun;
             CopyFilesToOutputDirectory
           " (valor anterior: "
             CopyFilesToOutputDirectory
           ") en C:\Program Files\dotnet\sdk\9.0.201\Sdks\Microsoft.NET.Sdk.StaticWebAssets\targets\Microsoft.NET.Sdk.StaticWebAssets.targets (286,5)
       Reasignaci├│n de propiedad: $(GetCopyToOutputDirectoryItemsDependsOn)="
             AssignTargetPaths;
             
             AssignProjectConfiguration;
             _SplitProjectReferencesByFileExistence
           ;
             _GetProjectReferenceTargetFrameworkProperties;
             _PopulateCommonStateForGetCopyToOutputDirectoryItems
           ;AddStaticWebAssetsManifest;AddStaticWebAssetEndpointsBuildManifest" (valor anterior: "
             AssignTargetPaths;
             
             AssignProjectConfiguration;
             _SplitProjectReferencesByFileExistence
           ;
             _GetProjectReferenceTargetFrameworkProperties;
             _PopulateCommonStateForGetCopyToOutputDirectoryItems
           ") en C:\Program Files\dotnet\sdk\9.0.201\Sdks\Microsoft.NET.Sdk.StaticWebAssets\targets\Microsoft.NET.Sdk.StaticWebAssets.targets (323,5)
       Reasignaci├│n de propiedad: $(GenerateNuspecDependsOn)="
             IncludeStaticWebAssetsPackItems;
             Build;_LoadPackInputItems; _GetTargetFrameworksOutput; _WalkEachTargetPerFramework; _GetPackageFiles; ;
           " (valor anterior: "Build;_LoadPackInputItems; _GetTargetFrameworksOutput; _WalkEachTargetPerFramework; _GetPackageFiles; ") en C:\Program Files\dotnet\sdk\9.0.201\Sdks\Microsoft.NET.Sdk.StaticWebAssets\targets\Microsoft.NET.Sdk.StaticWebAssets.Pack.targets (46,5)
       Reasignaci├│n de propiedad: $(IncludeStaticWebAssetsPackItemsDependsOn)="
             Build;
             ResolveStaticWebAssetsConfiguration;LoadStaticWebAssetsBuildManifest
           ;
           " (valor anterior: "
             ResolveStaticWebAssetsConfiguration;LoadStaticWebAssetsBuildManifest
           ") en C:\Program Files\dotnet\sdk\9.0.201\Sdks\Microsoft.NET.Sdk.StaticWebAssets\targets\Microsoft.NET.Sdk.StaticWebAssets.Pack.targets (55,5)
       Reasignaci├│n de propiedad: $(ResolveStaticWebAssetsInputsDependsOn)="
           
             ResolveCoreStaticWebAssets;
             GenerateComputedBuildStaticWebAssets;
             
           ;
           ResolveScopedCssAssets;
         " (valor anterior: "
             ResolveCoreStaticWebAssets;
             GenerateComputedBuildStaticWebAssets;
             
           ") en C:\Program Files\dotnet\sdk\9.0.201\Sdks\Microsoft.NET.Sdk.StaticWebAssets\targets\Microsoft.NET.Sdk.StaticWebAssets.ScopedCss.targets (55,3)
       Reasignaci├│n de propiedad: $(GenerateComputedBuildStaticWebAssetsDependsOn)="
           ResolveCoreStaticWebAssets;;
           BundleScopedCssFiles;
         " (valor anterior: "ResolveCoreStaticWebAssets;") en C:\Program Files\dotnet\sdk\9.0.201\Sdks\Microsoft.NET.Sdk.StaticWebAssets\targets\Microsoft.NET.Sdk.StaticWebAssets.ScopedCss.targets (88,3)
       Reasignaci├│n de propiedad: $(ResolveCoreStaticWebAssetsDependsOn)="
             
             UpdateExistingPackageStaticWebAssets;
             ResolveProjectStaticWebAssets;
             ResolveEmbeddedProjectsStaticWebAssets;
             ResolveReferencedProjectsStaticWebAssets;
             ;
           ;
             ResolveJsInitializerModuleStaticWebAssets;
           " (valor anterior: "
             UpdateExistingPackageStaticWebAssets;
             ResolveProjectStaticWebAssets;
             ResolveEmbeddedProjectsStaticWebAssets;
             ResolveReferencedProjectsStaticWebAssets;
             ;
           ") en C:\Program Files\dotnet\sdk\9.0.201\Sdks\Microsoft.NET.Sdk.StaticWebAssets\targets\Microsoft.NET.Sdk.StaticWebAssets.JSModules.targets (37,5)
       Reasignaci├│n de propiedad: $(ResolveCoreStaticWebAssetsDependsOn)="
             
             
             UpdateExistingPackageStaticWebAssets;
             ResolveProjectStaticWebAssets;
             ResolveEmbeddedProjectsStaticWebAssets;
             ResolveReferencedProjectsStaticWebAssets;
             ;
           ;
             ResolveJsInitializerModuleStaticWebAssets;
           ;
             ResolveJSModuleStaticWebAssets;
           " (valor anterior: "
             
             UpdateExistingPackageStaticWebAssets;
             ResolveProjectStaticWebAssets;
             ResolveEmbeddedProjectsStaticWebAssets;
             ResolveReferencedProjectsStaticWebAssets;
             ;
           ;
             ResolveJsInitializerModuleStaticWebAssets;
           ") en C:\Program Files\dotnet\sdk\9.0.201\Sdks\Microsoft.NET.Sdk.StaticWebAssets\targets\Microsoft.NET.Sdk.StaticWebAssets.JSModules.targets (42,5)
       Reasignaci├│n de propiedad: $(ResolveStaticWebAssetsInputsDependsOn)="
             ResolveJSModuleManifestBuildStaticWebAssets;
             
           
             ResolveCoreStaticWebAssets;
             GenerateComputedBuildStaticWebAssets;
             
           ;
           ResolveScopedCssAssets;
         
           " (valor anterior: "
           
             ResolveCoreStaticWebAssets;
             GenerateComputedBuildStaticWebAssets;
             
           ;
           ResolveScopedCssAssets;
         ") en C:\Program Files\dotnet\sdk\9.0.201\Sdks\Microsoft.NET.Sdk.StaticWebAssets\targets\Microsoft.NET.Sdk.StaticWebAssets.JSModules.targets (57,5)
       Reasignaci├│n de propiedad: $(ResolvePublishStaticWebAssetsDependsOn)="
             ResolveJSModuleManifestPublishStaticWebAssets;
             
             ResolveCorePublishStaticWebAssets;
             GenerateComputedPublishStaticWebAssets;
             ;
           
           " (valor anterior: "
             ResolveCorePublishStaticWebAssets;
             GenerateComputedPublishStaticWebAssets;
             ;
           ") en C:\Program Files\dotnet\sdk\9.0.201\Sdks\Microsoft.NET.Sdk.StaticWebAssets\targets\Microsoft.NET.Sdk.StaticWebAssets.JSModules.targets (76,5)
       Reasignaci├│n de propiedad: $(ResolveBuildRelatedStaticWebAssetsDependsOn)="
             ResolveBuildCompressedStaticWebAssets;
             
             ResolveStaticWebAssetsInputs;
             
           
           " (valor anterior: "
             ResolveStaticWebAssetsInputs;
             
           ") en C:\Program Files\dotnet\sdk\9.0.201\Sdks\Microsoft.NET.Sdk.StaticWebAssets\targets\Microsoft.NET.Sdk.StaticWebAssets.Compression.targets (179,5)
       Reasignaci├│n de propiedad: $(ResolvePublishRelatedStaticWebAssetsDependsOn)="
             ResolvePublishCompressedStaticWebAssets;
             
           " (valor anterior: "") en C:\Program Files\dotnet\sdk\9.0.201\Sdks\Microsoft.NET.Sdk.StaticWebAssets\targets\Microsoft.NET.Sdk.StaticWebAssets.Compression.targets (198,5)
       Reasignaci├│n de propiedad: $(DebugSymbolsProjectOutputGroupDependsOn)="
             ;
             _RazorAddDebugSymbolsProjectOutputGroupOutput
           " (valor anterior: "") en C:\Program Files\dotnet\sdk\9.0.201\Sdks\Microsoft.NET.Sdk.Razor\targets\Sdk.Razor.CurrentVersion.targets (205,5)
       Reasignaci├│n de propiedad: $(PrepareForBuildDependsOn)="
             ;GetFrameworkPaths;GetReferenceAssemblyPaths;AssignLinkMetadata;
             ResolveRazorGenerateInputs
           " (valor anterior: ";GetFrameworkPaths;GetReferenceAssemblyPaths;AssignLinkMetadata") en C:\Program Files\dotnet\sdk\9.0.201\Sdks\Microsoft.NET.Sdk.Razor\targets\Sdk.Razor.CurrentVersion.targets (210,5)
       Reasignaci├│n de propiedad: $(GenerateNuspecDependsOn)="
             ResolveRazorGenerateInputs;
             
             IncludeStaticWebAssetsPackItems;
             Build;_LoadPackInputItems; _GetTargetFrameworksOutput; _WalkEachTargetPerFramework; _GetPackageFiles; ;
           
           " (valor anterior: "
             IncludeStaticWebAssetsPackItems;
             Build;_LoadPackInputItems; _GetTargetFrameworksOutput; _WalkEachTargetPerFramework; _GetPackageFiles; ;
           ") en C:\Program Files\dotnet\sdk\9.0.201\Sdks\Microsoft.NET.Sdk.Razor\targets\Sdk.Razor.CurrentVersion.targets (215,5)
       Reasignaci├│n de propiedad: $(PrepareForRunDependsOn)="
             _RazorPrepareForRun;
             StaticWebAssetsPrepareForRun;
             CopyFilesToOutputDirectory
           
           " (valor anterior: "StaticWebAssetsPrepareForRun;
             CopyFilesToOutputDirectory
           ") en C:\Program Files\dotnet\sdk\9.0.201\Sdks\Microsoft.NET.Sdk.Razor\targets\Sdk.Razor.CurrentVersion.targets (220,5)
       Reasignaci├│n de propiedad: $(UseRazorBuildServer)="true" (valor anterior: "") en C:\Program Files\dotnet\sdk\9.0.201\Sdks\Microsoft.NET.Sdk.Razor\targets\Sdk.Razor.CurrentVersion.targets (311,5)
       Reasignaci├│n de propiedad: $(_RazorDebugSymbolsProduced)="true" (valor anterior: "false") en C:\Program Files\dotnet\sdk\9.0.201\Sdks\Microsoft.NET.Sdk.Razor\targets\Sdk.Razor.CurrentVersion.targets (317,5)
       Reasignaci├│n de propiedad: $(GenerateRazorTargetAssemblyInfoDependsOn)="
             _ResolveMvcAssemblyAttributes;
             
             GetRazorTargetAssemblyAttributes;
             _CreateRazorTargetAssemblyInfoInputsCacheFile;
             CoreGenerateRazorTargetAssemblyInfo
           
           " (valor anterior: "
             GetRazorTargetAssemblyAttributes;
             _CreateRazorTargetAssemblyInfoInputsCacheFile;
             CoreGenerateRazorTargetAssemblyInfo
           ") en C:\Program Files\dotnet\sdk\9.0.201\Sdks\Microsoft.NET.Sdk.Razor\targets\Microsoft.NET.Sdk.Razor.GenerateAssemblyInfo.targets (36,5)
       Reasignaci├│n de propiedad: $(CoreCompileDependsOn)="
             ;_ComputeNonExistentFileProperty;ResolveCodeAnalysisRuleSet;
             _GenerateRazorAssemblyInfo
           " (valor anterior: ";_ComputeNonExistentFileProperty;ResolveCodeAnalysisRuleSet") en C:\Program Files\dotnet\sdk\9.0.201\Sdks\Microsoft.NET.Sdk.Razor\targets\Microsoft.NET.Sdk.Razor.GenerateAssemblyInfo.targets (181,5)
       Reasignaci├│n de propiedad: $(_GenerateRazorAssemblyInfoDependsOn)="
             _ResolveMvcAssemblyAttributes;
             RazorGetAssemblyAttributes;PrepareForBuild;_CoreGenerateRazorAssemblyInfo;
           " (valor anterior: "RazorGetAssemblyAttributes;PrepareForBuild;_CoreGenerateRazorAssemblyInfo") en C:\Program Files\dotnet\sdk\9.0.201\Sdks\Microsoft.NET.Sdk.Razor\targets\Microsoft.NET.Sdk.Razor.GenerateAssemblyInfo.targets (189,5)
       Reasignaci├│n de propiedad: $(CoreCompileDependsOn)="
             _DiscoverMvcApplicationParts;
             
             ;_ComputeNonExistentFileProperty;ResolveCodeAnalysisRuleSet;
             _GenerateRazorAssemblyInfo
           ;
           " (valor anterior: "
             ;_ComputeNonExistentFileProperty;ResolveCodeAnalysisRuleSet;
             _GenerateRazorAssemblyInfo
           ") en C:\Program Files\dotnet\sdk\9.0.201\Sdks\Microsoft.NET.Sdk.Razor\targets\Microsoft.NET.Sdk.Razor.MvcApplicationPartsDiscovery.targets (22,5)
       Reasignaci├│n de propiedad: $(RazorDesignTimeTargets)="C:\Program Files\dotnet\sdk\9.0.201\Sdks\Microsoft.NET.Sdk.Razor\targets\Microsoft.NET.Sdk.Razor.DesignTime.targets" (valor anterior: "C:\Program Files\dotnet\sdk\9.0.201\\Microsoft\VisualStudio\Razor\Microsoft.NET.Sdk.Razor.DesignTime.targets") en C:\Program Files\dotnet\sdk\9.0.201\Sdks\Microsoft.NET.Sdk.Razor\targets\Sdk.Razor.CurrentVersion.targets (791,5)
       Reasignaci├│n de propiedad: $(RunWorkingDirectory)="D:\Users\Jhon\Documentos\Mintrabajo\Modulo General usuarios\AuthSystemNew\AuthSystem.API" (valor anterior: "") en C:\Program Files\dotnet\sdk\9.0.201\Sdks\Microsoft.NET.Sdk.Web.ProjectSystem\targets\Microsoft.NET.Sdk.Web.ProjectSystem.targets (21,5)
       Reasignaci├│n de propiedad: $(PublishProfileImported)="true" (valor anterior: "false") en C:\Program Files\dotnet\sdk\9.0.201\Sdks\Microsoft.NET.Sdk.Publish\targets\Microsoft.NET.Sdk.Publish.targets (60,5)
       Reasignaci├│n de propiedad: $(PublishConfiguration)="Debug" (valor anterior: "") en C:\Program Files\dotnet\sdk\9.0.201\Sdks\Microsoft.NET.Sdk.Publish\targets\Microsoft.NET.Sdk.Publish.targets (81,5)
       Reasignaci├│n de propiedad: $(BaseIntermediateOutputPath)="D:\Users\Jhon\Documentos\Mintrabajo\Modulo General usuarios\AuthSystemNew\AuthSystem.API\obj\" (valor anterior: "obj\") en C:\Program Files\dotnet\sdk\9.0.201\Sdks\Microsoft.NET.Sdk.Publish\targets\Microsoft.NET.Sdk.Publish.targets (87,5)
       Invalidando el destino "ResolveFrameworkReferences" del proyecto"C:\Program Files\dotnet\sdk\9.0.201\Microsoft.Common.CurrentVersion.targets" con el destino "ResolveFrameworkReferences" del proyecto "C:\Program Files\dotnet\sdk\9.0.201\Sdks\Microsoft.NET.Sdk\targets\Microsoft.NET.Sdk.FrameworkReferenceResolution.targets".
       Invalidando el destino "Run" del proyecto"C:\Program Files\dotnet\sdk\9.0.201\Microsoft.Common.CurrentVersion.targets" con el destino "Run" del proyecto "C:\Program Files\dotnet\sdk\9.0.201\Sdks\Microsoft.NET.Sdk\targets\Microsoft.NET.Sdk.targets".
       Invalidando el destino "GenerateSupportedTargetFrameworkAlias" del proyecto"C:\Program Files\dotnet\sdk\9.0.201\Microsoft.Common.CurrentVersion.targets" con el destino "GenerateSupportedTargetFrameworkAlias" del proyecto "C:\Program Files\dotnet\sdk\9.0.201\Sdks\Microsoft.NET.Sdk\targets\Microsoft.NET.Sdk.targets".
       Invalidando el destino "GetReferenceAssemblyPaths" del proyecto"C:\Program Files\dotnet\sdk\9.0.201\Microsoft.Common.CurrentVersion.targets" con el destino "GetReferenceAssemblyPaths" del proyecto "C:\Program Files\dotnet\sdk\9.0.201\Sdks\Microsoft.NET.Sdk\targets\Microsoft.NET.DisableStandardFrameworkResolution.targets".
       Invalidando el destino "GetFrameworkPaths" del proyecto"C:\Program Files\dotnet\sdk\9.0.201\Microsoft.Common.CurrentVersion.targets" con el destino "GetFrameworkPaths" del proyecto "C:\Program Files\dotnet\sdk\9.0.201\Sdks\Microsoft.NET.Sdk\targets\Microsoft.NET.DisableStandardFrameworkResolution.targets".
       Invalidando el destino "DesignerRuntimeImplementationProjectOutputGroup" del proyecto"C:\Program Files\dotnet\sdk\9.0.201\Microsoft.Common.CurrentVersion.targets" con el destino "DesignerRuntimeImplementationProjectOutputGroup" del proyecto "C:\Program Files\dotnet\sdk\9.0.201\Sdks\Microsoft.NET.Sdk\targets\Microsoft.NET.DesignerSupport.targets".
       Invalidando el destino "Publish" del proyecto"C:\Program Files\dotnet\sdk\9.0.201\Microsoft.Common.CurrentVersion.targets" con el destino "Publish" del proyecto "C:\Program Files\dotnet\sdk\9.0.201\Sdks\Microsoft.NET.Sdk\targets\Microsoft.NET.Publish.targets".
       Invalidando el destino "ResolveReadyToRunCompilers" del proyecto"C:\Program Files\dotnet\sdk\9.0.201\Sdks\Microsoft.NET.Sdk\targets\Microsoft.NET.CrossGen.targets" con el destino "ResolveReadyToRunCompilers" del proyecto "C:\Program Files\dotnet\sdk\9.0.201\Sdks\Microsoft.NET.Sdk\targets\Microsoft.NET.Publish.targets".
       Invalidando el destino "GetCopyToPublishDirectoryItems" del proyecto"C:\Program Files\dotnet\sdk\9.0.201\Microsoft.Common.CurrentVersion.targets" con el destino "GetCopyToPublishDirectoryItems" del proyecto "C:\Program Files\dotnet\sdk\9.0.201\Sdks\Microsoft.NET.Sdk\targets\Microsoft.NET.Publish.targets".
       Invalidando el destino "BeforePublish" del proyecto"C:\Program Files\dotnet\sdk\9.0.201\Microsoft.Common.CurrentVersion.targets" con el destino "BeforePublish" del proyecto "C:\Program Files\dotnet\sdk\9.0.201\Sdks\Microsoft.NET.Sdk.Publish\targets\Microsoft.NET.Sdk.Publish.targets".
       Invalidando el destino "AfterPublish" del proyecto"C:\Program Files\dotnet\sdk\9.0.201\Microsoft.Common.CurrentVersion.targets" con el destino "AfterPublish" del proyecto "C:\Program Files\dotnet\sdk\9.0.201\Sdks\Microsoft.NET.Sdk.Publish\targets\Microsoft.NET.Sdk.Publish.targets".
       El destino "CollectUpToDateCheckInputDesignTime" que aparece en un atributo BeforeTargets en "C:\Program Files\dotnet\sdk\9.0.201\Sdks\Microsoft.NET.Sdk.StaticWebAssets\targets\Microsoft.NET.Sdk.StaticWebAssets.ScopedCss.targets (171,5)" no existe en el proyecto y se omitir├í.
       El destino "CollectUpToDateCheckBuiltDesignTime" que aparece en un atributo BeforeTargets en "C:\Program Files\dotnet\sdk\9.0.201\Sdks\Microsoft.NET.Sdk.StaticWebAssets\targets\Microsoft.NET.Sdk.StaticWebAssets.ScopedCss.targets (171,5)" no existe en el proyecto y se omitir├í.
       El destino "RazorGenerateComponentDeclaration" que aparece en un atributo AfterTargets en "C:\Program Files\dotnet\sdk\9.0.201\Sdks\Microsoft.NET.Sdk.Razor\targets\Microsoft.NET.Sdk.Razor.DesignTime.targets (55,53)" no existe en el proyecto y se omitir├í.
     1>El proyecto "D:\Users\Jhon\Documentos\Mintrabajo\Modulo General usuarios\AuthSystemNew\AuthSystem.sln" (1) est├í compilando "D:\Users\Jhon\Documentos\Mintrabajo\Modulo General usuarios\AuthSystemNew\AuthSystem.API\AuthSystem.API.csproj" (7) en el nodo 1 (_IsProjectRestoreSupported destinos).
     7>Destino "_IsProjectRestoreSupported" en el archivo "C:\Program Files\dotnet\sdk\9.0.201\NuGet.targets" del proyecto "D:\Users\Jhon\Documentos\Mintrabajo\Modulo General usuarios\AuthSystemNew\AuthSystem.API\AuthSystem.API.csproj" (punto de entrada):
     7>Compilaci├│n terminada del destino "_IsProjectRestoreSupported" en el proyecto "AuthSystem.API.csproj".
     7>Compilaci├│n del proyecto terminada "D:\Users\Jhon\Documentos\Mintrabajo\Modulo General usuarios\AuthSystemNew\AuthSystem.API\AuthSystem.API.csproj" (_IsProjectRestoreSupported destinos).
     1>Ejecuci├│n de la tarea "MSBuild" terminada.
       Se omiti├│ la tarea "MSBuild" debido a una condici├│n falsa (False); ( '$(RestoreUseSkipNonexistentTargets)' != 'true' ) se evalu├│ como ( 'true' != 'true' ).
       Usando la tarea "WarnForInvalidProjectsTask" del ensamblado "C:\Program Files\dotnet\sdk\9.0.201\NuGet.Build.Tasks.dll".
       Tarea "WarnForInvalidProjectsTask"
       Ejecuci├│n de la tarea "WarnForInvalidProjectsTask" terminada.
     1>Compilaci├│n terminada del destino "_FilterRestoreGraphProjectInputItems" en el proyecto "AuthSystem.sln".
       Se omiti├│ el destino "_FilterRestoreGraphProjectInputItems". Compilado previamente de forma correcta.
     1>Destino "_GetAllRestoreProjectPathItems" en el archivo "C:\Program Files\dotnet\sdk\9.0.201\NuGet.targets" del proyecto "D:\Users\Jhon\Documentos\Mintrabajo\Modulo General usuarios\AuthSystemNew\AuthSystem.sln" (el destino "_GenerateRestoreGraph" depende de ├®l):
       Usando la tarea "NuGetMessageTask" del ensamblado "C:\Program Files\dotnet\sdk\9.0.201\NuGet.Build.Tasks.dll".
       Tarea "NuGetMessageTask"
         Ensamblado cargado durante TaskRun (NuGet.Build.Tasks.NuGetMessageTask): NuGet.Build.Tasks.resources, Version=6.13.1.1, Culture=es, PublicKeyToken=31bf3856ad364e35, processorArchitecture=MSIL(ubicaci├│n: C:\Program Files\dotnet\sdk\9.0.201\es\NuGet.Build.Tasks.resources.dll, MVID: cdb1ba6c-a5f1-4267-85f6-0972b8bf4410, AssemblyLoadContext: MSBuild plugin C:\Program Files\dotnet\sdk\9.0.201\NuGet.Build.Tasks.dll)
         Determinando los proyectos que se van a restaurar...
       Ejecuci├│n de la tarea "NuGetMessageTask" terminada.
       Tarea "MSBuild"
         Propiedades globales:
           ExcludeRestorePackageImports=true
           _RestoreSolutionFileUsed=true
           SolutionDir=D:\Users\Jhon\Documentos\Mintrabajo\Modulo General usuarios\AuthSystemNew\
           SolutionName=AuthSystem
           SolutionFileName=AuthSystem.sln
           SolutionPath=D:\Users\Jhon\Documentos\Mintrabajo\Modulo General usuarios\AuthSystemNew\AuthSystem.sln
           SolutionExt=.sln
         Propiedades adicionales del proyecto "D:\Users\Jhon\Documentos\Mintrabajo\Modulo General usuarios\AuthSystemNew\AuthSystem.API\AuthSystem.API.csproj":
           Configuration=Debug
           Platform=AnyCPU
         Propiedades adicionales del proyecto "D:\Users\Jhon\Documentos\Mintrabajo\Modulo General usuarios\AuthSystemNew\AuthSystem.Domain\AuthSystem.Domain.csproj":
           Configuration=Debug
           Platform=AnyCPU
         Propiedades adicionales del proyecto "D:\Users\Jhon\Documentos\Mintrabajo\Modulo General usuarios\AuthSystemNew\AuthSystem.Application\AuthSystem.Application.csproj":
           Configuration=Debug
           Platform=AnyCPU
         Propiedades adicionales del proyecto "D:\Users\Jhon\Documentos\Mintrabajo\Modulo General usuarios\AuthSystemNew\AuthSystem.Infrastructure\AuthSystem.Infrastructure.csproj":
           Configuration=Debug
           Platform=AnyCPU
         Propiedades adicionales del proyecto "D:\Users\Jhon\Documentos\Mintrabajo\Modulo General usuarios\AuthSystemNew\AuthSystem.UnitTests\AuthSystem.UnitTests.csproj":
           Configuration=Debug
           Platform=AnyCPU
         Propiedades adicionales del proyecto "D:\Users\Jhon\Documentos\Mintrabajo\Modulo General usuarios\AuthSystemNew\AuthSystem.IntegrationTests\AuthSystem.IntegrationTests.csproj":
           Configuration=Debug
           Platform=AnyCPU
     1>El proyecto "D:\Users\Jhon\Documentos\Mintrabajo\Modulo General usuarios\AuthSystemNew\AuthSystem.sln" (1) est├í compilando "D:\Users\Jhon\Documentos\Mintrabajo\Modulo General usuarios\AuthSystemNew\AuthSystem.API\AuthSystem.API.csproj" (7:2) en el nodo 1 (_GenerateRestoreProjectPathWalk destinos).
   7:2>Se omiti├│ el destino "_GenerateRestoreProjectPathItemsAllFrameworks" debido a una condici├│n falsa (False); ( '$(TargetFrameworks)' != '' ) se evalu├│ como ( '' != '' ).
     1>El proyecto "D:\Users\Jhon\Documentos\Mintrabajo\Modulo General usuarios\AuthSystemNew\AuthSystem.sln" (1) est├í compilando "D:\Users\Jhon\Documentos\Mintrabajo\Modulo General usuarios\AuthSystemNew\AuthSystem.IntegrationTests\AuthSystem.IntegrationTests.csproj" (3:2) en el nodo 4 (_GenerateRestoreProjectPathWalk destinos).
   3:2>Se omiti├│ el destino "_GenerateRestoreProjectPathItemsAllFrameworks" debido a una condici├│n falsa (False); ( '$(TargetFrameworks)' != '' ) se evalu├│ como ( '' != '' ).
     1>El proyecto "D:\Users\Jhon\Documentos\Mintrabajo\Modulo General usuarios\AuthSystemNew\AuthSystem.sln" (1) est├í compilando "D:\Users\Jhon\Documentos\Mintrabajo\Modulo General usuarios\AuthSystemNew\AuthSystem.Infrastructure\AuthSystem.Infrastructure.csproj" (5:2) en el nodo 3 (_GenerateRestoreProjectPathWalk destinos).
   5:2>Se omiti├│ el destino "_GenerateRestoreProjectPathItemsAllFrameworks" debido a una condici├│n falsa (False); ( '$(TargetFrameworks)' != '' ) se evalu├│ como ( '' != '' ).
     1>El proyecto "D:\Users\Jhon\Documentos\Mintrabajo\Modulo General usuarios\AuthSystemNew\AuthSystem.sln" (1) est├í compilando "D:\Users\Jhon\Documentos\Mintrabajo\Modulo General usuarios\AuthSystemNew\AuthSystem.Application\AuthSystem.Application.csproj" (2:2) en el nodo 2 (_GenerateRestoreProjectPathWalk destinos).
   2:2>Se omiti├│ el destino "_GenerateRestoreProjectPathItemsAllFrameworks" debido a una condici├│n falsa (False); ( '$(TargetFrameworks)' != '' ) se evalu├│ como ( '' != '' ).
     1>El proyecto "D:\Users\Jhon\Documentos\Mintrabajo\Modulo General usuarios\AuthSystemNew\AuthSystem.sln" (1) est├í compilando "D:\Users\Jhon\Documentos\Mintrabajo\Modulo General usuarios\AuthSystemNew\AuthSystem.Domain\AuthSystem.Domain.csproj" (6:2) en el nodo 6 (_GenerateRestoreProjectPathWalk destinos).
   6:2>Se omiti├│ el destino "_GenerateRestoreProjectPathItemsAllFrameworks" debido a una condici├│n falsa (False); ( '$(TargetFrameworks)' != '' ) se evalu├│ como ( '' != '' ).
     1>El proyecto "D:\Users\Jhon\Documentos\Mintrabajo\Modulo General usuarios\AuthSystemNew\AuthSystem.sln" (1) est├í compilando "D:\Users\Jhon\Documentos\Mintrabajo\Modulo General usuarios\AuthSystemNew\AuthSystem.UnitTests\AuthSystem.UnitTests.csproj" (4:2) en el nodo 5 (_GenerateRestoreProjectPathWalk destinos).
   4:2>Se omiti├│ el destino "_GenerateRestoreProjectPathItemsAllFrameworks" debido a una condici├│n falsa (False); ( '$(TargetFrameworks)' != '' ) se evalu├│ como ( '' != '' ).
   5:2>Destino "_GenerateRestoreProjectPathItemsPerFramework" en el archivo "C:\Program Files\dotnet\sdk\9.0.201\NuGet.targets" del proyecto "D:\Users\Jhon\Documentos\Mintrabajo\Modulo General usuarios\AuthSystemNew\AuthSystem.Infrastructure\AuthSystem.Infrastructure.csproj" (el destino "_GenerateRestoreProjectPathItemsCurrentProject" depende de ├®l):
   5:2>Usando la tarea "ConvertToAbsolutePath" del ensamblado "Microsoft.Build.Tasks.Core, Version=15.1.0.0, Culture=neutral, PublicKeyToken=b03f5f7f11d50a3a".
       Tarea "ConvertToAbsolutePath"
       Ejecuci├│n de la tarea "ConvertToAbsolutePath" terminada.
   5:2>Compilaci├│n terminada del destino "_GenerateRestoreProjectPathItemsPerFramework" en el proyecto "AuthSystem.Infrastructure.csproj".
   3:2>Destino "_GenerateRestoreProjectPathItemsPerFramework" en el archivo "C:\Program Files\dotnet\sdk\9.0.201\NuGet.targets" del proyecto "D:\Users\Jhon\Documentos\Mintrabajo\Modulo General usuarios\AuthSystemNew\AuthSystem.IntegrationTests\AuthSystem.IntegrationTests.csproj" (el destino "_GenerateRestoreProjectPathItemsCurrentProject" depende de ├®l):
   3:2>Usando la tarea "ConvertToAbsolutePath" del ensamblado "Microsoft.Build.Tasks.Core, Version=15.1.0.0, Culture=neutral, PublicKeyToken=b03f5f7f11d50a3a".
   4:2>Destino "_GenerateRestoreProjectPathItemsPerFramework" en el archivo "C:\Program Files\dotnet\sdk\9.0.201\NuGet.targets" del proyecto "D:\Users\Jhon\Documentos\Mintrabajo\Modulo General usuarios\AuthSystemNew\AuthSystem.UnitTests\AuthSystem.UnitTests.csproj" (el destino "_GenerateRestoreProjectPathItemsCurrentProject" depende de ├®l):
   4:2>Usando la tarea "ConvertToAbsolutePath" del ensamblado "Microsoft.Build.Tasks.Core, Version=15.1.0.0, Culture=neutral, PublicKeyToken=b03f5f7f11d50a3a".
   3:2>Tarea "ConvertToAbsolutePath"
   5:2>Destino "_GenerateRestoreProjectPathItemsCurrentProject" en el archivo "C:\Program Files\dotnet\sdk\9.0.201\NuGet.targets" del proyecto "D:\Users\Jhon\Documentos\Mintrabajo\Modulo General usuarios\AuthSystemNew\AuthSystem.Infrastructure\AuthSystem.Infrastructure.csproj" (el destino "_GenerateRestoreProjectPathItems" depende de ├®l):
   5:2>Compilaci├│n terminada del destino "_GenerateRestoreProjectPathItemsCurrentProject" en el proyecto "AuthSystem.Infrastructure.csproj".
   4:2>Tarea "ConvertToAbsolutePath"
   3:2>Ejecuci├│n de la tarea "ConvertToAbsolutePath" terminada.
   2:2>Destino "_GenerateRestoreProjectPathItemsPerFramework" en el archivo "C:\Program Files\dotnet\sdk\9.0.201\NuGet.targets" del proyecto "D:\Users\Jhon\Documentos\Mintrabajo\Modulo General usuarios\AuthSystemNew\AuthSystem.Application\AuthSystem.Application.csproj" (el destino "_GenerateRestoreProjectPathItemsCurrentProject" depende de ├®l):
   2:2>Usando la tarea "ConvertToAbsolutePath" del ensamblado "Microsoft.Build.Tasks.Core, Version=15.1.0.0, Culture=neutral, PublicKeyToken=b03f5f7f11d50a3a".
   6:2>Destino "_GenerateRestoreProjectPathItemsPerFramework" en el archivo "C:\Program Files\dotnet\sdk\9.0.201\NuGet.targets" del proyecto "D:\Users\Jhon\Documentos\Mintrabajo\Modulo General usuarios\AuthSystemNew\AuthSystem.Domain\AuthSystem.Domain.csproj" (el destino "_GenerateRestoreProjectPathItemsCurrentProject" depende de ├®l):
   6:2>Usando la tarea "ConvertToAbsolutePath" del ensamblado "Microsoft.Build.Tasks.Core, Version=15.1.0.0, Culture=neutral, PublicKeyToken=b03f5f7f11d50a3a".
   4:2>Ejecuci├│n de la tarea "ConvertToAbsolutePath" terminada.
   6:2>Tarea "ConvertToAbsolutePath"
   4:2>Compilaci├│n terminada del destino "_GenerateRestoreProjectPathItemsPerFramework" en el proyecto "AuthSystem.UnitTests.csproj".
   5:2>Destino "_GenerateRestoreProjectPathItems" en el archivo "C:\Program Files\dotnet\sdk\9.0.201\NuGet.targets" del proyecto "D:\Users\Jhon\Documentos\Mintrabajo\Modulo General usuarios\AuthSystemNew\AuthSystem.Infrastructure\AuthSystem.Infrastructure.csproj" (el destino "_GenerateRestoreProjectPathWalk" depende de ├®l):
   5:2>Usando la tarea "RemoveDuplicates" del ensamblado "Microsoft.Build.Tasks.Core, Version=15.1.0.0, Culture=neutral, PublicKeyToken=b03f5f7f11d50a3a".
   6:2>Ejecuci├│n de la tarea "ConvertToAbsolutePath" terminada.
   3:2>Compilaci├│n terminada del destino "_GenerateRestoreProjectPathItemsPerFramework" en el proyecto "AuthSystem.IntegrationTests.csproj".
   6:2>Compilaci├│n terminada del destino "_GenerateRestoreProjectPathItemsPerFramework" en el proyecto "AuthSystem.Domain.csproj".
   2:2>Tarea "ConvertToAbsolutePath"
   5:2>Tarea "RemoveDuplicates"
   4:2>Destino "_GenerateRestoreProjectPathItemsCurrentProject" en el archivo "C:\Program Files\dotnet\sdk\9.0.201\NuGet.targets" del proyecto "D:\Users\Jhon\Documentos\Mintrabajo\Modulo General usuarios\AuthSystemNew\AuthSystem.UnitTests\AuthSystem.UnitTests.csproj" (el destino "_GenerateRestoreProjectPathItems" depende de ├®l):
   4:2>Compilaci├│n terminada del destino "_GenerateRestoreProjectPathItemsCurrentProject" en el proyecto "AuthSystem.UnitTests.csproj".
   6:2>Destino "_GenerateRestoreProjectPathItemsCurrentProject" en el archivo "C:\Program Files\dotnet\sdk\9.0.201\NuGet.targets" del proyecto "D:\Users\Jhon\Documentos\Mintrabajo\Modulo General usuarios\AuthSystemNew\AuthSystem.Domain\AuthSystem.Domain.csproj" (el destino "_GenerateRestoreProjectPathItems" depende de ├®l):
   6:2>Compilaci├│n terminada del destino "_GenerateRestoreProjectPathItemsCurrentProject" en el proyecto "AuthSystem.Domain.csproj".
   2:2>Ejecuci├│n de la tarea "ConvertToAbsolutePath" terminada.
   3:2>Destino "_GenerateRestoreProjectPathItemsCurrentProject" en el archivo "C:\Program Files\dotnet\sdk\9.0.201\NuGet.targets" del proyecto "D:\Users\Jhon\Documentos\Mintrabajo\Modulo General usuarios\AuthSystemNew\AuthSystem.IntegrationTests\AuthSystem.IntegrationTests.csproj" (el destino "_GenerateRestoreProjectPathItems" depende de ├®l):
   3:2>Compilaci├│n terminada del destino "_GenerateRestoreProjectPathItemsCurrentProject" en el proyecto "AuthSystem.IntegrationTests.csproj".
   6:2>Destino "_GenerateRestoreProjectPathItems" en el archivo "C:\Program Files\dotnet\sdk\9.0.201\NuGet.targets" del proyecto "D:\Users\Jhon\Documentos\Mintrabajo\Modulo General usuarios\AuthSystemNew\AuthSystem.Domain\AuthSystem.Domain.csproj" (el destino "_GenerateRestoreProjectPathWalk" depende de ├®l):
   6:2>Usando la tarea "RemoveDuplicates" del ensamblado "Microsoft.Build.Tasks.Core, Version=15.1.0.0, Culture=neutral, PublicKeyToken=b03f5f7f11d50a3a".
   2:2>Compilaci├│n terminada del destino "_GenerateRestoreProjectPathItemsPerFramework" en el proyecto "AuthSystem.Application.csproj".
   3:2>Destino "_GenerateRestoreProjectPathItems" en el archivo "C:\Program Files\dotnet\sdk\9.0.201\NuGet.targets" del proyecto "D:\Users\Jhon\Documentos\Mintrabajo\Modulo General usuarios\AuthSystemNew\AuthSystem.IntegrationTests\AuthSystem.IntegrationTests.csproj" (el destino "_GenerateRestoreProjectPathWalk" depende de ├®l):
   3:2>Usando la tarea "RemoveDuplicates" del ensamblado "Microsoft.Build.Tasks.Core, Version=15.1.0.0, Culture=neutral, PublicKeyToken=b03f5f7f11d50a3a".
   6:2>Tarea "RemoveDuplicates"
   4:2>Destino "_GenerateRestoreProjectPathItems" en el archivo "C:\Program Files\dotnet\sdk\9.0.201\NuGet.targets" del proyecto "D:\Users\Jhon\Documentos\Mintrabajo\Modulo General usuarios\AuthSystemNew\AuthSystem.UnitTests\AuthSystem.UnitTests.csproj" (el destino "_GenerateRestoreProjectPathWalk" depende de ├®l):
   4:2>Usando la tarea "RemoveDuplicates" del ensamblado "Microsoft.Build.Tasks.Core, Version=15.1.0.0, Culture=neutral, PublicKeyToken=b03f5f7f11d50a3a".
   5:2>Ejecuci├│n de la tarea "RemoveDuplicates" terminada.
   3:2>Tarea "RemoveDuplicates"
   6:2>Ejecuci├│n de la tarea "RemoveDuplicates" terminada.
   3:2>Ejecuci├│n de la tarea "RemoveDuplicates" terminada.
   4:2>Tarea "RemoveDuplicates"
   2:2>Destino "_GenerateRestoreProjectPathItemsCurrentProject" en el archivo "C:\Program Files\dotnet\sdk\9.0.201\NuGet.targets" del proyecto "D:\Users\Jhon\Documentos\Mintrabajo\Modulo General usuarios\AuthSystemNew\AuthSystem.Application\AuthSystem.Application.csproj" (el destino "_GenerateRestoreProjectPathItems" depende de ├®l):
   2:2>Compilaci├│n terminada del destino "_GenerateRestoreProjectPathItemsCurrentProject" en el proyecto "AuthSystem.Application.csproj".
   3:2>Compilaci├│n terminada del destino "_GenerateRestoreProjectPathItems" en el proyecto "AuthSystem.IntegrationTests.csproj".
   4:2>Ejecuci├│n de la tarea "RemoveDuplicates" terminada.
   6:2>Compilaci├│n terminada del destino "_GenerateRestoreProjectPathItems" en el proyecto "AuthSystem.Domain.csproj".
   4:2>Compilaci├│n terminada del destino "_GenerateRestoreProjectPathItems" en el proyecto "AuthSystem.UnitTests.csproj".
   2:2>Destino "_GenerateRestoreProjectPathItems" en el archivo "C:\Program Files\dotnet\sdk\9.0.201\NuGet.targets" del proyecto "D:\Users\Jhon\Documentos\Mintrabajo\Modulo General usuarios\AuthSystemNew\AuthSystem.Application\AuthSystem.Application.csproj" (el destino "_GenerateRestoreProjectPathWalk" depende de ├®l):
   2:2>Usando la tarea "RemoveDuplicates" del ensamblado "Microsoft.Build.Tasks.Core, Version=15.1.0.0, Culture=neutral, PublicKeyToken=b03f5f7f11d50a3a".
   5:2>Compilaci├│n terminada del destino "_GenerateRestoreProjectPathItems" en el proyecto "AuthSystem.Infrastructure.csproj".
   6:2>Destino "_GenerateRestoreProjectPathWalk" en el archivo "C:\Program Files\dotnet\sdk\9.0.201\NuGet.targets" del proyecto "D:\Users\Jhon\Documentos\Mintrabajo\Modulo General usuarios\AuthSystemNew\AuthSystem.Domain\AuthSystem.Domain.csproj" (punto de entrada):
   6:2>Usando la tarea "MSBuild" del ensamblado "Microsoft.Build.Tasks.Core, Version=15.1.0.0, Culture=neutral, PublicKeyToken=b03f5f7f11d50a3a".
   4:2>Destino "_GenerateRestoreProjectPathWalk" en el archivo "C:\Program Files\dotnet\sdk\9.0.201\NuGet.targets" del proyecto "D:\Users\Jhon\Documentos\Mintrabajo\Modulo General usuarios\AuthSystemNew\AuthSystem.UnitTests\AuthSystem.UnitTests.csproj" (punto de entrada):
   4:2>Usando la tarea "MSBuild" del ensamblado "Microsoft.Build.Tasks.Core, Version=15.1.0.0, Culture=neutral, PublicKeyToken=b03f5f7f11d50a3a".
   2:2>Tarea "RemoveDuplicates"
   3:2>Destino "_GenerateRestoreProjectPathWalk" en el archivo "C:\Program Files\dotnet\sdk\9.0.201\NuGet.targets" del proyecto "D:\Users\Jhon\Documentos\Mintrabajo\Modulo General usuarios\AuthSystemNew\AuthSystem.IntegrationTests\AuthSystem.IntegrationTests.csproj" (punto de entrada):
   3:2>Usando la tarea "MSBuild" del ensamblado "Microsoft.Build.Tasks.Core, Version=15.1.0.0, Culture=neutral, PublicKeyToken=b03f5f7f11d50a3a".
   6:2>Tarea "MSBuild"
   2:2>Ejecuci├│n de la tarea "RemoveDuplicates" terminada.
   2:2>Compilaci├│n terminada del destino "_GenerateRestoreProjectPathItems" en el proyecto "AuthSystem.Application.csproj".
   3:2>Tarea "MSBuild"
         Propiedades globales:
   4:2>Tarea "MSBuild"
   2:2>Destino "_GenerateRestoreProjectPathWalk" en el archivo "C:\Program Files\dotnet\sdk\9.0.201\NuGet.targets" del proyecto "D:\Users\Jhon\Documentos\Mintrabajo\Modulo General usuarios\AuthSystemNew\AuthSystem.Application\AuthSystem.Application.csproj" (punto de entrada):
   2:2>Usando la tarea "MSBuild" del ensamblado "Microsoft.Build.Tasks.Core, Version=15.1.0.0, Culture=neutral, PublicKeyToken=b03f5f7f11d50a3a".
   3:2>_GenerateRestoreProjectPathWalk:
           ExcludeRestorePackageImports=true
   4:2>_GenerateRestoreProjectPathWalk:
         Propiedades globales:
   2:2>Tarea "MSBuild"
   3:2>_GenerateRestoreProjectPathWalk:
           _RestoreSolutionFileUsed=true
   4:2>_GenerateRestoreProjectPathWalk:
           ExcludeRestorePackageImports=true
   2:2>_GenerateRestoreProjectPathWalk:
         Propiedades globales:
   4:2>_GenerateRestoreProjectPathWalk:
           _RestoreSolutionFileUsed=true
   6:2>Ejecuci├│n de la tarea "MSBuild" terminada.
   3:2>_GenerateRestoreProjectPathWalk:
           SolutionDir=D:\Users\Jhon\Documentos\Mintrabajo\Modulo General usuarios\AuthSystemNew\
   4:2>_GenerateRestoreProjectPathWalk:
           SolutionDir=D:\Users\Jhon\Documentos\Mintrabajo\Modulo General usuarios\AuthSystemNew\
   3:2>_GenerateRestoreProjectPathWalk:
           SolutionName=AuthSystem
   5:2>Destino "_GenerateRestoreProjectPathWalk" en el archivo "C:\Program Files\dotnet\sdk\9.0.201\NuGet.targets" del proyecto "D:\Users\Jhon\Documentos\Mintrabajo\Modulo General usuarios\AuthSystemNew\AuthSystem.Infrastructure\AuthSystem.Infrastructure.csproj" (punto de entrada):
   5:2>Usando la tarea "MSBuild" del ensamblado "Microsoft.Build.Tasks.Core, Version=15.1.0.0, Culture=neutral, PublicKeyToken=b03f5f7f11d50a3a".
   2:2>_GenerateRestoreProjectPathWalk:
           ExcludeRestorePackageImports=true
   6:2>_GenerateRestoreProjectPathWalk:
       Se omiti├│ la tarea "MSBuild" debido a una condici├│n falsa (False); ( '$(RestoreUseSkipNonexistentTargets)' != 'true' ) se evalu├│ como ( 'true' != 'true' ).
   3:2>_GenerateRestoreProjectPathWalk:
           SolutionFileName=AuthSystem.sln
   4:2>_GenerateRestoreProjectPathWalk:
           SolutionName=AuthSystem
   3:2>_GenerateRestoreProjectPathWalk:
           SolutionPath=D:\Users\Jhon\Documentos\Mintrabajo\Modulo General usuarios\AuthSystemNew\AuthSystem.sln
   4:2>_GenerateRestoreProjectPathWalk:
           SolutionFileName=AuthSystem.sln
   2:2>_GenerateRestoreProjectPathWalk:
           _RestoreSolutionFileUsed=true
   4:2>_GenerateRestoreProjectPathWalk:
           SolutionPath=D:\Users\Jhon\Documentos\Mintrabajo\Modulo General usuarios\AuthSystemNew\AuthSystem.sln
   3:2>_GenerateRestoreProjectPathWalk:
           SolutionExt=.sln
   2:2>_GenerateRestoreProjectPathWalk:
           SolutionDir=D:\Users\Jhon\Documentos\Mintrabajo\Modulo General usuarios\AuthSystemNew\
   6:2>Tarea "RemoveDuplicates"
   5:2>Tarea "MSBuild"
   6:2>Ejecuci├│n de la tarea "RemoveDuplicates" terminada.
   4:2>_GenerateRestoreProjectPathWalk:
           SolutionExt=.sln
   2:2>_GenerateRestoreProjectPathWalk:
           SolutionName=AuthSystem
   5:2>_GenerateRestoreProjectPathWalk:
         Propiedades globales:
   6:2>Compilaci├│n terminada del destino "_GenerateRestoreProjectPathWalk" en el proyecto "AuthSystem.Domain.csproj".
   2:2>_GenerateRestoreProjectPathWalk:
           SolutionFileName=AuthSystem.sln
   6:2>Compilaci├│n del proyecto terminada "D:\Users\Jhon\Documentos\Mintrabajo\Modulo General usuarios\AuthSystemNew\AuthSystem.Domain\AuthSystem.Domain.csproj" (_GenerateRestoreProjectPathWalk destinos).
   7:2>Destino "_GenerateRestoreProjectPathItemsPerFramework" en el archivo "C:\Program Files\dotnet\sdk\9.0.201\NuGet.targets" del proyecto "D:\Users\Jhon\Documentos\Mintrabajo\Modulo General usuarios\AuthSystemNew\AuthSystem.API\AuthSystem.API.csproj" (el destino "_GenerateRestoreProjectPathItemsCurrentProject" depende de ├®l):
   7:2>Usando la tarea "ConvertToAbsolutePath" del ensamblado "Microsoft.Build.Tasks.Core, Version=15.1.0.0, Culture=neutral, PublicKeyToken=b03f5f7f11d50a3a".
       Tarea "ConvertToAbsolutePath"
   2:2>_GenerateRestoreProjectPathWalk:
           SolutionPath=D:\Users\Jhon\Documentos\Mintrabajo\Modulo General usuarios\AuthSystemNew\AuthSystem.sln
   5:2>_GenerateRestoreProjectPathWalk:
           ExcludeRestorePackageImports=true
           _RestoreSolutionFileUsed=true
   2:2>_GenerateRestoreProjectPathWalk:
           SolutionExt=.sln
   5:2>_GenerateRestoreProjectPathWalk:
           SolutionDir=D:\Users\Jhon\Documentos\Mintrabajo\Modulo General usuarios\AuthSystemNew\
           SolutionName=AuthSystem
           SolutionFileName=AuthSystem.sln
           SolutionPath=D:\Users\Jhon\Documentos\Mintrabajo\Modulo General usuarios\AuthSystemNew\AuthSystem.sln
           SolutionExt=.sln
   7:2>Ejecuci├│n de la tarea "ConvertToAbsolutePath" terminada.
   7:2>Compilaci├│n terminada del destino "_GenerateRestoreProjectPathItemsPerFramework" en el proyecto "AuthSystem.API.csproj".
   7:2>Destino "_GenerateRestoreProjectPathItemsCurrentProject" en el archivo "C:\Program Files\dotnet\sdk\9.0.201\NuGet.targets" del proyecto "D:\Users\Jhon\Documentos\Mintrabajo\Modulo General usuarios\AuthSystemNew\AuthSystem.API\AuthSystem.API.csproj" (el destino "_GenerateRestoreProjectPathItems" depende de ├®l):
   7:2>Compilaci├│n terminada del destino "_GenerateRestoreProjectPathItemsCurrentProject" en el proyecto "AuthSystem.API.csproj".
   7:2>Destino "_GenerateRestoreProjectPathItems" en el archivo "C:\Program Files\dotnet\sdk\9.0.201\NuGet.targets" del proyecto "D:\Users\Jhon\Documentos\Mintrabajo\Modulo General usuarios\AuthSystemNew\AuthSystem.API\AuthSystem.API.csproj" (el destino "_GenerateRestoreProjectPathWalk" depende de ├®l):
       Usando la tarea "RemoveDuplicates" del ensamblado "Microsoft.Build.Tasks.Core, Version=15.1.0.0, Culture=neutral, PublicKeyToken=b03f5f7f11d50a3a".
       Tarea "RemoveDuplicates"
       Ejecuci├│n de la tarea "RemoveDuplicates" terminada.
   7:2>Compilaci├│n terminada del destino "_GenerateRestoreProjectPathItems" en el proyecto "AuthSystem.API.csproj".
   7:2>Destino "_GenerateRestoreProjectPathWalk" en el archivo "C:\Program Files\dotnet\sdk\9.0.201\NuGet.targets" del proyecto "D:\Users\Jhon\Documentos\Mintrabajo\Modulo General usuarios\AuthSystemNew\AuthSystem.API\AuthSystem.API.csproj" (punto de entrada):
       Usando la tarea "MSBuild" del ensamblado "Microsoft.Build.Tasks.Core, Version=15.1.0.0, Culture=neutral, PublicKeyToken=b03f5f7f11d50a3a".
       Tarea "MSBuild"
   5:2>El proyecto "D:\Users\Jhon\Documentos\Mintrabajo\Modulo General usuarios\AuthSystemNew\AuthSystem.Infrastructure\AuthSystem.Infrastructure.csproj" (5:2) est├í compilando "D:\Users\Jhon\Documentos\Mintrabajo\Modulo General usuarios\AuthSystemNew\AuthSystem.Domain\AuthSystem.Domain.csproj" (6:3) en el nodo 6 (_GenerateRestoreProjectPathWalk destinos).
   6:3>Se omiti├│ el destino "_GenerateRestoreProjectPathWalk". Compilado previamente de forma correcta.
   6:3>Compilaci├│n del proyecto terminada "D:\Users\Jhon\Documentos\Mintrabajo\Modulo General usuarios\AuthSystemNew\AuthSystem.Domain\AuthSystem.Domain.csproj" (_GenerateRestoreProjectPathWalk destinos).
   4:2>El proyecto "D:\Users\Jhon\Documentos\Mintrabajo\Modulo General usuarios\AuthSystemNew\AuthSystem.UnitTests\AuthSystem.UnitTests.csproj" (4:2) est├í compilando "D:\Users\Jhon\Documentos\Mintrabajo\Modulo General usuarios\AuthSystemNew\AuthSystem.Domain\AuthSystem.Domain.csproj" (6:4) en el nodo 6 (_GenerateRestoreProjectPathWalk destinos).
   6:4>Se omiti├│ el destino "_GenerateRestoreProjectPathWalk". Compilado previamente de forma correcta.
   6:4>Compilaci├│n del proyecto terminada "D:\Users\Jhon\Documentos\Mintrabajo\Modulo General usuarios\AuthSystemNew\AuthSystem.Domain\AuthSystem.Domain.csproj" (_GenerateRestoreProjectPathWalk destinos).
   3:2>El proyecto "D:\Users\Jhon\Documentos\Mintrabajo\Modulo General usuarios\AuthSystemNew\AuthSystem.IntegrationTests\AuthSystem.IntegrationTests.csproj" (3:2) est├í compilando "D:\Users\Jhon\Documentos\Mintrabajo\Modulo General usuarios\AuthSystemNew\AuthSystem.Domain\AuthSystem.Domain.csproj" (6:5) en el nodo 6 (_GenerateRestoreProjectPathWalk destinos).
   6:5>Se omiti├│ el destino "_GenerateRestoreProjectPathWalk". Compilado previamente de forma correcta.
   6:5>Compilaci├│n del proyecto terminada "D:\Users\Jhon\Documentos\Mintrabajo\Modulo General usuarios\AuthSystemNew\AuthSystem.Domain\AuthSystem.Domain.csproj" (_GenerateRestoreProjectPathWalk destinos).
   2:2>El proyecto "D:\Users\Jhon\Documentos\Mintrabajo\Modulo General usuarios\AuthSystemNew\AuthSystem.Application\AuthSystem.Application.csproj" (2:2) est├í compilando "D:\Users\Jhon\Documentos\Mintrabajo\Modulo General usuarios\AuthSystemNew\AuthSystem.Domain\AuthSystem.Domain.csproj" (6:6) en el nodo 6 (_GenerateRestoreProjectPathWalk destinos).
   6:6>Se omiti├│ el destino "_GenerateRestoreProjectPathWalk". Compilado previamente de forma correcta.
   6:6>Compilaci├│n del proyecto terminada "D:\Users\Jhon\Documentos\Mintrabajo\Modulo General usuarios\AuthSystemNew\AuthSystem.Domain\AuthSystem.Domain.csproj" (_GenerateRestoreProjectPathWalk destinos).
   7:2>_GenerateRestoreProjectPathWalk:
         Propiedades globales:
           ExcludeRestorePackageImports=true
           _RestoreSolutionFileUsed=true
           SolutionDir=D:\Users\Jhon\Documentos\Mintrabajo\Modulo General usuarios\AuthSystemNew\
           SolutionName=AuthSystem
           SolutionFileName=AuthSystem.sln
           SolutionPath=D:\Users\Jhon\Documentos\Mintrabajo\Modulo General usuarios\AuthSystemNew\AuthSystem.sln
           SolutionExt=.sln
   7:2>El proyecto "D:\Users\Jhon\Documentos\Mintrabajo\Modulo General usuarios\AuthSystemNew\AuthSystem.API\AuthSystem.API.csproj" (7:2) est├í compilando "D:\Users\Jhon\Documentos\Mintrabajo\Modulo General usuarios\AuthSystemNew\AuthSystem.Domain\AuthSystem.Domain.csproj" (6:7) en el nodo 1 (_GenerateRestoreProjectPathWalk destinos).
   6:7>Se omiti├│ el destino "_GenerateRestoreProjectPathWalk". Compilado previamente de forma correcta.
   6:7>Compilaci├│n del proyecto terminada "D:\Users\Jhon\Documentos\Mintrabajo\Modulo General usuarios\AuthSystemNew\AuthSystem.Domain\AuthSystem.Domain.csproj" (_GenerateRestoreProjectPathWalk destinos).
   2:2>Ejecuci├│n de la tarea "MSBuild" terminada.
       Se omiti├│ la tarea "MSBuild" debido a una condici├│n falsa (False); ( '$(RestoreUseSkipNonexistentTargets)' != 'true' ) se evalu├│ como ( 'true' != 'true' ).
       Tarea "RemoveDuplicates"
       Ejecuci├│n de la tarea "RemoveDuplicates" terminada.
   2:2>Compilaci├│n terminada del destino "_GenerateRestoreProjectPathWalk" en el proyecto "AuthSystem.Application.csproj".
   2:2>Compilaci├│n del proyecto terminada "D:\Users\Jhon\Documentos\Mintrabajo\Modulo General usuarios\AuthSystemNew\AuthSystem.Application\AuthSystem.Application.csproj" (_GenerateRestoreProjectPathWalk destinos).
   7:2>El proyecto "D:\Users\Jhon\Documentos\Mintrabajo\Modulo General usuarios\AuthSystemNew\AuthSystem.API\AuthSystem.API.csproj" (7:2) est├í compilando "D:\Users\Jhon\Documentos\Mintrabajo\Modulo General usuarios\AuthSystemNew\AuthSystem.Application\AuthSystem.Application.csproj" (2:3) en el nodo 2 (_GenerateRestoreProjectPathWalk destinos).
   2:3>Se omiti├│ el destino "_GenerateRestoreProjectPathWalk". Compilado previamente de forma correcta.
   2:3>Compilaci├│n del proyecto terminada "D:\Users\Jhon\Documentos\Mintrabajo\Modulo General usuarios\AuthSystemNew\AuthSystem.Application\AuthSystem.Application.csproj" (_GenerateRestoreProjectPathWalk destinos).
   3:2>El proyecto "D:\Users\Jhon\Documentos\Mintrabajo\Modulo General usuarios\AuthSystemNew\AuthSystem.IntegrationTests\AuthSystem.IntegrationTests.csproj" (3:2) est├í compilando "D:\Users\Jhon\Documentos\Mintrabajo\Modulo General usuarios\AuthSystemNew\AuthSystem.Application\AuthSystem.Application.csproj" (2:4) en el nodo 2 (_GenerateRestoreProjectPathWalk destinos).
   2:4>Se omiti├│ el destino "_GenerateRestoreProjectPathWalk". Compilado previamente de forma correcta.
   2:4>Compilaci├│n del proyecto terminada "D:\Users\Jhon\Documentos\Mintrabajo\Modulo General usuarios\AuthSystemNew\AuthSystem.Application\AuthSystem.Application.csproj" (_GenerateRestoreProjectPathWalk destinos).
   4:2>El proyecto "D:\Users\Jhon\Documentos\Mintrabajo\Modulo General usuarios\AuthSystemNew\AuthSystem.UnitTests\AuthSystem.UnitTests.csproj" (4:2) est├í compilando "D:\Users\Jhon\Documentos\Mintrabajo\Modulo General usuarios\AuthSystemNew\AuthSystem.Application\AuthSystem.Application.csproj" (2:5) en el nodo 2 (_GenerateRestoreProjectPathWalk destinos).
   2:5>Se omiti├│ el destino "_GenerateRestoreProjectPathWalk". Compilado previamente de forma correcta.
   2:5>Compilaci├│n del proyecto terminada "D:\Users\Jhon\Documentos\Mintrabajo\Modulo General usuarios\AuthSystemNew\AuthSystem.Application\AuthSystem.Application.csproj" (_GenerateRestoreProjectPathWalk destinos).
   5:2>El proyecto "D:\Users\Jhon\Documentos\Mintrabajo\Modulo General usuarios\AuthSystemNew\AuthSystem.Infrastructure\AuthSystem.Infrastructure.csproj" (5:2) est├í compilando "D:\Users\Jhon\Documentos\Mintrabajo\Modulo General usuarios\AuthSystemNew\AuthSystem.Application\AuthSystem.Application.csproj" (2:6) en el nodo 2 (_GenerateRestoreProjectPathWalk destinos).
   2:6>Se omiti├│ el destino "_GenerateRestoreProjectPathWalk". Compilado previamente de forma correcta.
   2:6>Compilaci├│n del proyecto terminada "D:\Users\Jhon\Documentos\Mintrabajo\Modulo General usuarios\AuthSystemNew\AuthSystem.Application\AuthSystem.Application.csproj" (_GenerateRestoreProjectPathWalk destinos).
   5:2>Ejecuci├│n de la tarea "MSBuild" terminada.
       Se omiti├│ la tarea "MSBuild" debido a una condici├│n falsa (False); ( '$(RestoreUseSkipNonexistentTargets)' != 'true' ) se evalu├│ como ( 'true' != 'true' ).
       Tarea "RemoveDuplicates"
       Ejecuci├│n de la tarea "RemoveDuplicates" terminada.
   5:2>Compilaci├│n terminada del destino "_GenerateRestoreProjectPathWalk" en el proyecto "AuthSystem.Infrastructure.csproj".
   5:2>Compilaci├│n del proyecto terminada "D:\Users\Jhon\Documentos\Mintrabajo\Modulo General usuarios\AuthSystemNew\AuthSystem.Infrastructure\AuthSystem.Infrastructure.csproj" (_GenerateRestoreProjectPathWalk destinos).
   7:2>El proyecto "D:\Users\Jhon\Documentos\Mintrabajo\Modulo General usuarios\AuthSystemNew\AuthSystem.API\AuthSystem.API.csproj" (7:2) est├í compilando "D:\Users\Jhon\Documentos\Mintrabajo\Modulo General usuarios\AuthSystemNew\AuthSystem.Infrastructure\AuthSystem.Infrastructure.csproj" (5:3) en el nodo 3 (_GenerateRestoreProjectPathWalk destinos).
   5:3>Se omiti├│ el destino "_GenerateRestoreProjectPathWalk". Compilado previamente de forma correcta.
   5:3>Compilaci├│n del proyecto terminada "D:\Users\Jhon\Documentos\Mintrabajo\Modulo General usuarios\AuthSystemNew\AuthSystem.Infrastructure\AuthSystem.Infrastructure.csproj" (_GenerateRestoreProjectPathWalk destinos).
   3:2>El proyecto "D:\Users\Jhon\Documentos\Mintrabajo\Modulo General usuarios\AuthSystemNew\AuthSystem.IntegrationTests\AuthSystem.IntegrationTests.csproj" (3:2) est├í compilando "D:\Users\Jhon\Documentos\Mintrabajo\Modulo General usuarios\AuthSystemNew\AuthSystem.Infrastructure\AuthSystem.Infrastructure.csproj" (5:4) en el nodo 3 (_GenerateRestoreProjectPathWalk destinos).
   5:4>Se omiti├│ el destino "_GenerateRestoreProjectPathWalk". Compilado previamente de forma correcta.
   5:4>Compilaci├│n del proyecto terminada "D:\Users\Jhon\Documentos\Mintrabajo\Modulo General usuarios\AuthSystemNew\AuthSystem.Infrastructure\AuthSystem.Infrastructure.csproj" (_GenerateRestoreProjectPathWalk destinos).
   4:2>El proyecto "D:\Users\Jhon\Documentos\Mintrabajo\Modulo General usuarios\AuthSystemNew\AuthSystem.UnitTests\AuthSystem.UnitTests.csproj" (4:2) est├í compilando "D:\Users\Jhon\Documentos\Mintrabajo\Modulo General usuarios\AuthSystemNew\AuthSystem.Infrastructure\AuthSystem.Infrastructure.csproj" (5:5) en el nodo 3 (_GenerateRestoreProjectPathWalk destinos).
   5:5>Se omiti├│ el destino "_GenerateRestoreProjectPathWalk". Compilado previamente de forma correcta.
   5:5>Compilaci├│n del proyecto terminada "D:\Users\Jhon\Documentos\Mintrabajo\Modulo General usuarios\AuthSystemNew\AuthSystem.Infrastructure\AuthSystem.Infrastructure.csproj" (_GenerateRestoreProjectPathWalk destinos).
   4:2>Ejecuci├│n de la tarea "MSBuild" terminada.
       Se omiti├│ la tarea "MSBuild" debido a una condici├│n falsa (False); ( '$(RestoreUseSkipNonexistentTargets)' != 'true' ) se evalu├│ como ( 'true' != 'true' ).
       Tarea "RemoveDuplicates"
       Ejecuci├│n de la tarea "RemoveDuplicates" terminada.
   4:2>Compilaci├│n terminada del destino "_GenerateRestoreProjectPathWalk" en el proyecto "AuthSystem.UnitTests.csproj".
   4:2>Compilaci├│n del proyecto terminada "D:\Users\Jhon\Documentos\Mintrabajo\Modulo General usuarios\AuthSystemNew\AuthSystem.UnitTests\AuthSystem.UnitTests.csproj" (_GenerateRestoreProjectPathWalk destinos).
   7:2>Ejecuci├│n de la tarea "MSBuild" terminada.
       Se omiti├│ la tarea "MSBuild" debido a una condici├│n falsa (False); ( '$(RestoreUseSkipNonexistentTargets)' != 'true' ) se evalu├│ como ( 'true' != 'true' ).
       Tarea "RemoveDuplicates"
       Ejecuci├│n de la tarea "RemoveDuplicates" terminada.
   7:2>Compilaci├│n terminada del destino "_GenerateRestoreProjectPathWalk" en el proyecto "AuthSystem.API.csproj".
   7:2>Compilaci├│n del proyecto terminada "D:\Users\Jhon\Documentos\Mintrabajo\Modulo General usuarios\AuthSystemNew\AuthSystem.API\AuthSystem.API.csproj" (_GenerateRestoreProjectPathWalk destinos).
   3:2>El proyecto "D:\Users\Jhon\Documentos\Mintrabajo\Modulo General usuarios\AuthSystemNew\AuthSystem.IntegrationTests\AuthSystem.IntegrationTests.csproj" (3:2) est├í compilando "D:\Users\Jhon\Documentos\Mintrabajo\Modulo General usuarios\AuthSystemNew\AuthSystem.API\AuthSystem.API.csproj" (7:3) en el nodo 1 (_GenerateRestoreProjectPathWalk destinos).
   7:3>Se omiti├│ el destino "_GenerateRestoreProjectPathWalk". Compilado previamente de forma correcta.
   7:3>Compilaci├│n del proyecto terminada "D:\Users\Jhon\Documentos\Mintrabajo\Modulo General usuarios\AuthSystemNew\AuthSystem.API\AuthSystem.API.csproj" (_GenerateRestoreProjectPathWalk destinos).
   3:2>Ejecuci├│n de la tarea "MSBuild" terminada.
       Se omiti├│ la tarea "MSBuild" debido a una condici├│n falsa (False); ( '$(RestoreUseSkipNonexistentTargets)' != 'true' ) se evalu├│ como ( 'true' != 'true' ).
       Tarea "RemoveDuplicates"
       Ejecuci├│n de la tarea "RemoveDuplicates" terminada.
   3:2>Compilaci├│n terminada del destino "_GenerateRestoreProjectPathWalk" en el proyecto "AuthSystem.IntegrationTests.csproj".
   3:2>Compilaci├│n del proyecto terminada "D:\Users\Jhon\Documentos\Mintrabajo\Modulo General usuarios\AuthSystemNew\AuthSystem.IntegrationTests\AuthSystem.IntegrationTests.csproj" (_GenerateRestoreProjectPathWalk destinos).
     1>Ejecuci├│n de la tarea "MSBuild" terminada.
       Se omiti├│ la tarea "MSBuild" debido a una condici├│n falsa (False); ( '$(RestoreUseSkipNonexistentTargets)' != 'true' ) se evalu├│ como ( 'true' != 'true' ).
       Tarea "RemoveDuplicates"
       Ejecuci├│n de la tarea "RemoveDuplicates" terminada.
       Tarea "MSBuild"
         Propiedades globales:
           ExcludeRestorePackageImports=true
           _RestoreSolutionFileUsed=true
           SolutionDir=D:\Users\Jhon\Documentos\Mintrabajo\Modulo General usuarios\AuthSystemNew\
           SolutionName=AuthSystem
           SolutionFileName=AuthSystem.sln
           SolutionPath=D:\Users\Jhon\Documentos\Mintrabajo\Modulo General usuarios\AuthSystemNew\AuthSystem.sln
           SolutionExt=.sln
         Propiedades adicionales del proyecto "D:\Users\Jhon\Documentos\Mintrabajo\Modulo General usuarios\AuthSystemNew\AuthSystem.Domain\AuthSystem.Domain.csproj":
           Configuration=Debug
           Platform=AnyCPU
         Propiedades adicionales del proyecto "D:\Users\Jhon\Documentos\Mintrabajo\Modulo General usuarios\AuthSystemNew\AuthSystem.Application\AuthSystem.Application.csproj":
           Configuration=Debug
           Platform=AnyCPU
         Propiedades adicionales del proyecto "D:\Users\Jhon\Documentos\Mintrabajo\Modulo General usuarios\AuthSystemNew\AuthSystem.Infrastructure\AuthSystem.Infrastructure.csproj":
           Configuration=Debug
           Platform=AnyCPU
         Propiedades adicionales del proyecto "D:\Users\Jhon\Documentos\Mintrabajo\Modulo General usuarios\AuthSystemNew\AuthSystem.API\AuthSystem.API.csproj":
           Configuration=Debug
           Platform=AnyCPU
         Propiedades adicionales del proyecto "D:\Users\Jhon\Documentos\Mintrabajo\Modulo General usuarios\AuthSystemNew\AuthSystem.UnitTests\AuthSystem.UnitTests.csproj":
           Configuration=Debug
           Platform=AnyCPU
         Propiedades adicionales del proyecto "D:\Users\Jhon\Documentos\Mintrabajo\Modulo General usuarios\AuthSystemNew\AuthSystem.IntegrationTests\AuthSystem.IntegrationTests.csproj":
           Configuration=Debug
           Platform=AnyCPU
     1>El proyecto "D:\Users\Jhon\Documentos\Mintrabajo\Modulo General usuarios\AuthSystemNew\AuthSystem.sln" (1) est├í compilando "D:\Users\Jhon\Documentos\Mintrabajo\Modulo General usuarios\AuthSystemNew\AuthSystem.Domain\AuthSystem.Domain.csproj" (6:8) en el nodo 1 (_IsProjectRestoreSupported destinos).
   6:8>Se omiti├│ el destino "_IsProjectRestoreSupported". Compilado previamente de forma correcta.
   6:8>Compilaci├│n del proyecto terminada "D:\Users\Jhon\Documentos\Mintrabajo\Modulo General usuarios\AuthSystemNew\AuthSystem.Domain\AuthSystem.Domain.csproj" (_IsProjectRestoreSupported destinos).
     1>El proyecto "D:\Users\Jhon\Documentos\Mintrabajo\Modulo General usuarios\AuthSystemNew\AuthSystem.sln" (1) est├í compilando "D:\Users\Jhon\Documentos\Mintrabajo\Modulo General usuarios\AuthSystemNew\AuthSystem.Application\AuthSystem.Application.csproj" (2:7) en el nodo 1 (_IsProjectRestoreSupported destinos).
   2:7>Se omiti├│ el destino "_IsProjectRestoreSupported". Compilado previamente de forma correcta.
   2:7>Compilaci├│n del proyecto terminada "D:\Users\Jhon\Documentos\Mintrabajo\Modulo General usuarios\AuthSystemNew\AuthSystem.Application\AuthSystem.Application.csproj" (_IsProjectRestoreSupported destinos).
     1>El proyecto "D:\Users\Jhon\Documentos\Mintrabajo\Modulo General usuarios\AuthSystemNew\AuthSystem.sln" (1) est├í compilando "D:\Users\Jhon\Documentos\Mintrabajo\Modulo General usuarios\AuthSystemNew\AuthSystem.Infrastructure\AuthSystem.Infrastructure.csproj" (5:6) en el nodo 1 (_IsProjectRestoreSupported destinos).
   5:6>Se omiti├│ el destino "_IsProjectRestoreSupported". Compilado previamente de forma correcta.
   5:6>Compilaci├│n del proyecto terminada "D:\Users\Jhon\Documentos\Mintrabajo\Modulo General usuarios\AuthSystemNew\AuthSystem.Infrastructure\AuthSystem.Infrastructure.csproj" (_IsProjectRestoreSupported destinos).
     1>El proyecto "D:\Users\Jhon\Documentos\Mintrabajo\Modulo General usuarios\AuthSystemNew\AuthSystem.sln" (1) est├í compilando "D:\Users\Jhon\Documentos\Mintrabajo\Modulo General usuarios\AuthSystemNew\AuthSystem.API\AuthSystem.API.csproj" (7:4) en el nodo 1 (_IsProjectRestoreSupported destinos).
   7:4>Se omiti├│ el destino "_IsProjectRestoreSupported". Compilado previamente de forma correcta.
   7:4>Compilaci├│n del proyecto terminada "D:\Users\Jhon\Documentos\Mintrabajo\Modulo General usuarios\AuthSystemNew\AuthSystem.API\AuthSystem.API.csproj" (_IsProjectRestoreSupported destinos).
     1>El proyecto "D:\Users\Jhon\Documentos\Mintrabajo\Modulo General usuarios\AuthSystemNew\AuthSystem.sln" (1) est├í compilando "D:\Users\Jhon\Documentos\Mintrabajo\Modulo General usuarios\AuthSystemNew\AuthSystem.UnitTests\AuthSystem.UnitTests.csproj" (4:3) en el nodo 1 (_IsProjectRestoreSupported destinos).
   4:3>Se omiti├│ el destino "_IsProjectRestoreSupported". Compilado previamente de forma correcta.
   4:3>Compilaci├│n del proyecto terminada "D:\Users\Jhon\Documentos\Mintrabajo\Modulo General usuarios\AuthSystemNew\AuthSystem.UnitTests\AuthSystem.UnitTests.csproj" (_IsProjectRestoreSupported destinos).
     1>El proyecto "D:\Users\Jhon\Documentos\Mintrabajo\Modulo General usuarios\AuthSystemNew\AuthSystem.sln" (1) est├í compilando "D:\Users\Jhon\Documentos\Mintrabajo\Modulo General usuarios\AuthSystemNew\AuthSystem.IntegrationTests\AuthSystem.IntegrationTests.csproj" (3:3) en el nodo 1 (_IsProjectRestoreSupported destinos).
   3:3>Se omiti├│ el destino "_IsProjectRestoreSupported". Compilado previamente de forma correcta.
   3:3>Compilaci├│n del proyecto terminada "D:\Users\Jhon\Documentos\Mintrabajo\Modulo General usuarios\AuthSystemNew\AuthSystem.IntegrationTests\AuthSystem.IntegrationTests.csproj" (_IsProjectRestoreSupported destinos).
     1>Ejecuci├│n de la tarea "MSBuild" terminada.
       Se omiti├│ la tarea "MSBuild" debido a una condici├│n falsa (False); ( '$(RestoreUseSkipNonexistentTargets)' != 'true' ) se evalu├│ como ( 'true' != 'true' ).
     1>Compilaci├│n terminada del destino "_GetAllRestoreProjectPathItems" en el proyecto "AuthSystem.sln".
     1>Destino "_GenerateRestoreGraph" en el archivo "C:\Program Files\dotnet\sdk\9.0.201\NuGet.targets" del proyecto "D:\Users\Jhon\Documentos\Mintrabajo\Modulo General usuarios\AuthSystemNew\AuthSystem.sln" (el destino "Restore" depende de ├®l):
       Tarea "Message"
         Generating dg file
       Ejecuci├│n de la tarea "Message" terminada.
       Tarea "Message"
         D:\Users\Jhon\Documentos\Mintrabajo\Modulo General usuarios\AuthSystemNew\AuthSystem.Domain\AuthSystem.Domain.csproj
       Ejecuci├│n de la tarea "Message" terminada.
       Tarea "Message"
         D:\Users\Jhon\Documentos\Mintrabajo\Modulo General usuarios\AuthSystemNew\AuthSystem.Application\AuthSystem.Application.csproj
       Ejecuci├│n de la tarea "Message" terminada.
       Tarea "Message"
         D:\Users\Jhon\Documentos\Mintrabajo\Modulo General usuarios\AuthSystemNew\AuthSystem.Infrastructure\AuthSystem.Infrastructure.csproj
       Ejecuci├│n de la tarea "Message" terminada.
       Tarea "Message"
         D:\Users\Jhon\Documentos\Mintrabajo\Modulo General usuarios\AuthSystemNew\AuthSystem.API\AuthSystem.API.csproj
       Ejecuci├│n de la tarea "Message" terminada.
       Tarea "Message"
         D:\Users\Jhon\Documentos\Mintrabajo\Modulo General usuarios\AuthSystemNew\AuthSystem.UnitTests\AuthSystem.UnitTests.csproj
       Ejecuci├│n de la tarea "Message" terminada.
       Tarea "Message"
         D:\Users\Jhon\Documentos\Mintrabajo\Modulo General usuarios\AuthSystemNew\AuthSystem.IntegrationTests\AuthSystem.IntegrationTests.csproj
       Ejecuci├│n de la tarea "Message" terminada.
       Tarea "MSBuild"
         Propiedades globales:
           ExcludeRestorePackageImports=true
           _RestoreSolutionFileUsed=true
           SolutionDir=D:\Users\Jhon\Documentos\Mintrabajo\Modulo General usuarios\AuthSystemNew\
           SolutionName=AuthSystem
           SolutionFileName=AuthSystem.sln
           SolutionPath=D:\Users\Jhon\Documentos\Mintrabajo\Modulo General usuarios\AuthSystemNew\AuthSystem.sln
           SolutionExt=.sln
         Propiedades adicionales del proyecto "D:\Users\Jhon\Documentos\Mintrabajo\Modulo General usuarios\AuthSystemNew\AuthSystem.Domain\AuthSystem.Domain.csproj":
           Configuration=Debug
           Platform=AnyCPU
         Propiedades adicionales del proyecto "D:\Users\Jhon\Documentos\Mintrabajo\Modulo General usuarios\AuthSystemNew\AuthSystem.Application\AuthSystem.Application.csproj":
           Configuration=Debug
           Platform=AnyCPU
         Propiedades adicionales del proyecto "D:\Users\Jhon\Documentos\Mintrabajo\Modulo General usuarios\AuthSystemNew\AuthSystem.Infrastructure\AuthSystem.Infrastructure.csproj":
           Configuration=Debug
           Platform=AnyCPU
         Propiedades adicionales del proyecto "D:\Users\Jhon\Documentos\Mintrabajo\Modulo General usuarios\AuthSystemNew\AuthSystem.API\AuthSystem.API.csproj":
           Configuration=Debug
           Platform=AnyCPU
         Propiedades adicionales del proyecto "D:\Users\Jhon\Documentos\Mintrabajo\Modulo General usuarios\AuthSystemNew\AuthSystem.UnitTests\AuthSystem.UnitTests.csproj":
           Configuration=Debug
           Platform=AnyCPU
         Propiedades adicionales del proyecto "D:\Users\Jhon\Documentos\Mintrabajo\Modulo General usuarios\AuthSystemNew\AuthSystem.IntegrationTests\AuthSystem.IntegrationTests.csproj":
           Configuration=Debug
           Platform=AnyCPU
     1>El proyecto "D:\Users\Jhon\Documentos\Mintrabajo\Modulo General usuarios\AuthSystemNew\AuthSystem.sln" (1) est├í compilando "D:\Users\Jhon\Documentos\Mintrabajo\Modulo General usuarios\AuthSystemNew\AuthSystem.API\AuthSystem.API.csproj" (7:5) en el nodo 1 (_GenerateRestoreGraphProjectEntry destinos).
   7:5>Destino "_GetProjectJsonPath" en el archivo "C:\Program Files\dotnet\sdk\9.0.201\NuGet.targets" del proyecto "D:\Users\Jhon\Documentos\Mintrabajo\Modulo General usuarios\AuthSystemNew\AuthSystem.API\AuthSystem.API.csproj" (el destino "_GetRestoreProjectStyle" depende de ├®l):
   7:5>Se omiti├│ la tarea "GetRestoreProjectJsonPathTask" debido a una condici├│n falsa (False); ( '$(RestoreProjectStyle)' == 'ProjectJson' OR '$(RestoreProjectStyle)' == '' ) se evalu├│ como ( 'PackageReference' == 'ProjectJson' OR 'PackageReference' == '' ).
   7:5>Compilaci├│n terminada del destino "_GetProjectJsonPath" en el proyecto "AuthSystem.API.csproj".
     1>El proyecto "D:\Users\Jhon\Documentos\Mintrabajo\Modulo General usuarios\AuthSystemNew\AuthSystem.sln" (1) est├í compilando "D:\Users\Jhon\Documentos\Mintrabajo\Modulo General usuarios\AuthSystemNew\AuthSystem.IntegrationTests\AuthSystem.IntegrationTests.csproj" (3:4) en el nodo 4 (_GenerateRestoreGraphProjectEntry destinos).
   3:4>Destino "_GetProjectJsonPath" en el archivo "C:\Program Files\dotnet\sdk\9.0.201\NuGet.targets" del proyecto "D:\Users\Jhon\Documentos\Mintrabajo\Modulo General usuarios\AuthSystemNew\AuthSystem.IntegrationTests\AuthSystem.IntegrationTests.csproj" (el destino "_GetRestoreProjectStyle" depende de ├®l):
   3:4>Se omiti├│ la tarea "GetRestoreProjectJsonPathTask" debido a una condici├│n falsa (False); ( '$(RestoreProjectStyle)' == 'ProjectJson' OR '$(RestoreProjectStyle)' == '' ) se evalu├│ como ( 'PackageReference' == 'ProjectJson' OR 'PackageReference' == '' ).
   7:5>Se omiti├│ el destino "_CheckForUnsupportedTargetPlatformIdentifier" debido a una condici├│n falsa (False); ('$(TargetPlatformIdentifier)' != '' and '$(TargetFrameworkIdentifier)' == '.NETCoreApp' and $([MSBuild]::VersionGreaterThanOrEquals($(TargetFrameworkVersion), 5.0)) And ('$(DesignTimeBuild)' != 'true' Or '@(MissingWorkloadPack)' == '')) se evalu├│ como ('' != '' and '.NETCoreApp' == '.NETCoreApp' and True And ('' != 'true' Or '' == '')).
     1>El proyecto "D:\Users\Jhon\Documentos\Mintrabajo\Modulo General usuarios\AuthSystemNew\AuthSystem.sln" (1) est├í compilando "D:\Users\Jhon\Documentos\Mintrabajo\Modulo General usuarios\AuthSystemNew\AuthSystem.Infrastructure\AuthSystem.Infrastructure.csproj" (5:7) en el nodo 3 (_GenerateRestoreGraphProjectEntry destinos).
   5:7>Destino "_GetProjectJsonPath" en el archivo "C:\Program Files\dotnet\sdk\9.0.201\NuGet.targets" del proyecto "D:\Users\Jhon\Documentos\Mintrabajo\Modulo General usuarios\AuthSystemNew\AuthSystem.Infrastructure\AuthSystem.Infrastructure.csproj" (el destino "_GetRestoreProjectStyle" depende de ├®l):
   5:7>Se omiti├│ la tarea "GetRestoreProjectJsonPathTask" debido a una condici├│n falsa (False); ( '$(RestoreProjectStyle)' == 'ProjectJson' OR '$(RestoreProjectStyle)' == '' ) se evalu├│ como ( 'PackageReference' == 'ProjectJson' OR 'PackageReference' == '' ).
   7:5>Se omiti├│ el destino "_CheckForMissingWorkload" debido a una condici├│n falsa (False); ('@(MissingWorkloadPack)' != '' And '$(DesignTimeBuild)' != 'true') se evalu├│ como ('' != '' And '' != 'true').
     1>El proyecto "D:\Users\Jhon\Documentos\Mintrabajo\Modulo General usuarios\AuthSystemNew\AuthSystem.sln" (1) est├í compilando "D:\Users\Jhon\Documentos\Mintrabajo\Modulo General usuarios\AuthSystemNew\AuthSystem.Domain\AuthSystem.Domain.csproj" (6:9) en el nodo 6 (_GenerateRestoreGraphProjectEntry destinos).
   6:9>Destino "_GetProjectJsonPath" en el archivo "C:\Program Files\dotnet\sdk\9.0.201\NuGet.targets" del proyecto "D:\Users\Jhon\Documentos\Mintrabajo\Modulo General usuarios\AuthSystemNew\AuthSystem.Domain\AuthSystem.Domain.csproj" (el destino "_GetRestoreProjectStyle" depende de ├®l):
   6:9>Se omiti├│ la tarea "GetRestoreProjectJsonPathTask" debido a una condici├│n falsa (False); ( '$(RestoreProjectStyle)' == 'ProjectJson' OR '$(RestoreProjectStyle)' == '' ) se evalu├│ como ( 'PackageReference' == 'ProjectJson' OR 'PackageReference' == '' ).
     1>El proyecto "D:\Users\Jhon\Documentos\Mintrabajo\Modulo General usuarios\AuthSystemNew\AuthSystem.sln" (1) est├í compilando "D:\Users\Jhon\Documentos\Mintrabajo\Modulo General usuarios\AuthSystemNew\AuthSystem.Application\AuthSystem.Application.csproj" (2:8) en el nodo 2 (_GenerateRestoreGraphProjectEntry destinos).
   2:8>Destino "_GetProjectJsonPath" en el archivo "C:\Program Files\dotnet\sdk\9.0.201\NuGet.targets" del proyecto "D:\Users\Jhon\Documentos\Mintrabajo\Modulo General usuarios\AuthSystemNew\AuthSystem.Application\AuthSystem.Application.csproj" (el destino "_GetRestoreProjectStyle" depende de ├®l):
   2:8>Se omiti├│ la tarea "GetRestoreProjectJsonPathTask" debido a una condici├│n falsa (False); ( '$(RestoreProjectStyle)' == 'ProjectJson' OR '$(RestoreProjectStyle)' == '' ) se evalu├│ como ( 'PackageReference' == 'ProjectJson' OR 'PackageReference' == '' ).
   5:7>Compilaci├│n terminada del destino "_GetProjectJsonPath" en el proyecto "AuthSystem.Infrastructure.csproj".
   3:4>Compilaci├│n terminada del destino "_GetProjectJsonPath" en el proyecto "AuthSystem.IntegrationTests.csproj".
   2:8>Compilaci├│n terminada del destino "_GetProjectJsonPath" en el proyecto "AuthSystem.Application.csproj".
       Se omiti├│ el destino "_CheckForUnsupportedTargetPlatformIdentifier" debido a una condici├│n falsa (False); ('$(TargetPlatformIdentifier)' != '' and '$(TargetFrameworkIdentifier)' == '.NETCoreApp' and $([MSBuild]::VersionGreaterThanOrEquals($(TargetFrameworkVersion), 5.0)) And ('$(DesignTimeBuild)' != 'true' Or '@(MissingWorkloadPack)' == '')) se evalu├│ como ('' != '' and '.NETCoreApp' == '.NETCoreApp' and True And ('' != 'true' Or '' == '')).
   5:7>Se omiti├│ el destino "_CheckForUnsupportedTargetPlatformIdentifier" debido a una condici├│n falsa (False); ('$(TargetPlatformIdentifier)' != '' and '$(TargetFrameworkIdentifier)' == '.NETCoreApp' and $([MSBuild]::VersionGreaterThanOrEquals($(TargetFrameworkVersion), 5.0)) And ('$(DesignTimeBuild)' != 'true' Or '@(MissingWorkloadPack)' == '')) se evalu├│ como ('' != '' and '.NETCoreApp' == '.NETCoreApp' and True And ('' != 'true' Or '' == '')).
     1>El proyecto "D:\Users\Jhon\Documentos\Mintrabajo\Modulo General usuarios\AuthSystemNew\AuthSystem.sln" (1) est├í compilando "D:\Users\Jhon\Documentos\Mintrabajo\Modulo General usuarios\AuthSystemNew\AuthSystem.UnitTests\AuthSystem.UnitTests.csproj" (4:4) en el nodo 5 (_GenerateRestoreGraphProjectEntry destinos).
   4:4>Destino "_GetProjectJsonPath" en el archivo "C:\Program Files\dotnet\sdk\9.0.201\NuGet.targets" del proyecto "D:\Users\Jhon\Documentos\Mintrabajo\Modulo General usuarios\AuthSystemNew\AuthSystem.UnitTests\AuthSystem.UnitTests.csproj" (el destino "_GetRestoreProjectStyle" depende de ├®l):
   4:4>Se omiti├│ la tarea "GetRestoreProjectJsonPathTask" debido a una condici├│n falsa (False); ( '$(RestoreProjectStyle)' == 'ProjectJson' OR '$(RestoreProjectStyle)' == '' ) se evalu├│ como ( 'PackageReference' == 'ProjectJson' OR 'PackageReference' == '' ).
   6:9>Compilaci├│n terminada del destino "_GetProjectJsonPath" en el proyecto "AuthSystem.Domain.csproj".
   7:5>Destino "_CheckForUnsupportedNETCoreVersion" en el archivo "C:\Program Files\dotnet\sdk\9.0.201\Sdks\Microsoft.NET.Sdk\targets\Microsoft.NET.TargetFrameworkInference.targets" del proyecto "D:\Users\Jhon\Documentos\Mintrabajo\Modulo General usuarios\AuthSystemNew\AuthSystem.API\AuthSystem.API.csproj" (el destino "CollectPackageReferences" depende de ├®l):
   7:5>Se omiti├│ la tarea "NETSdkError" debido a una condici├│n falsa (False); ('$(_TargetFrameworkVersionWithoutV)' > '$(NETCoreAppMaximumVersion)' and '$(DisplayVSMessage)' != 'true') se evalu├│ como ('8.0' > '9.0' and '' != 'true').
   3:4>Se omiti├│ el destino "_CheckForUnsupportedTargetPlatformIdentifier" debido a una condici├│n falsa (False); ('$(TargetPlatformIdentifier)' != '' and '$(TargetFrameworkIdentifier)' == '.NETCoreApp' and $([MSBuild]::VersionGreaterThanOrEquals($(TargetFrameworkVersion), 5.0)) And ('$(DesignTimeBuild)' != 'true' Or '@(MissingWorkloadPack)' == '')) se evalu├│ como ('' != '' and '.NETCoreApp' == '.NETCoreApp' and True And ('' != 'true' Or '' == '')).
   7:5>_CheckForUnsupportedNETCoreVersion:
       Se omiti├│ la tarea "NETSdkError" debido a una condici├│n falsa (False); ('$(DisplayVSMessage)' == 'true') se evalu├│ como ('' == 'true').
   7:5>Compilaci├│n terminada del destino "_CheckForUnsupportedNETCoreVersion" en el proyecto "AuthSystem.API.csproj".
   5:7>Se omiti├│ el destino "_CheckForMissingWorkload" debido a una condici├│n falsa (False); ('@(MissingWorkloadPack)' != '' And '$(DesignTimeBuild)' != 'true') se evalu├│ como ('' != '' And '' != 'true').
   2:8>Se omiti├│ el destino "_CheckForMissingWorkload" debido a una condici├│n falsa (False); ('@(MissingWorkloadPack)' != '' And '$(DesignTimeBuild)' != 'true') se evalu├│ como ('' != '' And '' != 'true').
   6:9>Se omiti├│ el destino "_CheckForUnsupportedTargetPlatformIdentifier" debido a una condici├│n falsa (False); ('$(TargetPlatformIdentifier)' != '' and '$(TargetFrameworkIdentifier)' == '.NETCoreApp' and $([MSBuild]::VersionGreaterThanOrEquals($(TargetFrameworkVersion), 5.0)) And ('$(DesignTimeBuild)' != 'true' Or '@(MissingWorkloadPack)' == '')) se evalu├│ como ('' != '' and '.NETCoreApp' == '.NETCoreApp' and True And ('' != 'true' Or '' == '')).
   3:4>Se omiti├│ el destino "_CheckForMissingWorkload" debido a una condici├│n falsa (False); ('@(MissingWorkloadPack)' != '' And '$(DesignTimeBuild)' != 'true') se evalu├│ como ('' != '' And '' != 'true').
   4:4>Compilaci├│n terminada del destino "_GetProjectJsonPath" en el proyecto "AuthSystem.UnitTests.csproj".
   5:7>Destino "_CheckForUnsupportedNETCoreVersion" en el archivo "C:\Program Files\dotnet\sdk\9.0.201\Sdks\Microsoft.NET.Sdk\targets\Microsoft.NET.TargetFrameworkInference.targets" del proyecto "D:\Users\Jhon\Documentos\Mintrabajo\Modulo General usuarios\AuthSystemNew\AuthSystem.Infrastructure\AuthSystem.Infrastructure.csproj" (el destino "CollectPackageReferences" depende de ├®l):
   5:7>Se omiti├│ la tarea "NETSdkError" debido a una condici├│n falsa (False); ('$(_TargetFrameworkVersionWithoutV)' > '$(NETCoreAppMaximumVersion)' and '$(DisplayVSMessage)' != 'true') se evalu├│ como ('8.0' > '9.0' and '' != 'true').
   2:8>Destino "_CheckForUnsupportedNETCoreVersion" en el archivo "C:\Program Files\dotnet\sdk\9.0.201\Sdks\Microsoft.NET.Sdk\targets\Microsoft.NET.TargetFrameworkInference.targets" del proyecto "D:\Users\Jhon\Documentos\Mintrabajo\Modulo General usuarios\AuthSystemNew\AuthSystem.Application\AuthSystem.Application.csproj" (el destino "CollectPackageReferences" depende de ├®l):
   2:8>Se omiti├│ la tarea "NETSdkError" debido a una condici├│n falsa (False); ('$(_TargetFrameworkVersionWithoutV)' > '$(NETCoreAppMaximumVersion)' and '$(DisplayVSMessage)' != 'true') se evalu├│ como ('8.0' > '9.0' and '' != 'true').
   6:9>Se omiti├│ el destino "_CheckForMissingWorkload" debido a una condici├│n falsa (False); ('@(MissingWorkloadPack)' != '' And '$(DesignTimeBuild)' != 'true') se evalu├│ como ('' != '' And '' != 'true').
   4:4>Se omiti├│ el destino "_CheckForUnsupportedTargetPlatformIdentifier" debido a una condici├│n falsa (False); ('$(TargetPlatformIdentifier)' != '' and '$(TargetFrameworkIdentifier)' == '.NETCoreApp' and $([MSBuild]::VersionGreaterThanOrEquals($(TargetFrameworkVersion), 5.0)) And ('$(DesignTimeBuild)' != 'true' Or '@(MissingWorkloadPack)' == '')) se evalu├│ como ('' != '' and '.NETCoreApp' == '.NETCoreApp' and True And ('' != 'true' Or '' == '')).
   2:8>_CheckForUnsupportedNETCoreVersion:
       Se omiti├│ la tarea "NETSdkError" debido a una condici├│n falsa (False); ('$(DisplayVSMessage)' == 'true') se evalu├│ como ('' == 'true').
   5:7>_CheckForUnsupportedNETCoreVersion:
       Se omiti├│ la tarea "NETSdkError" debido a una condici├│n falsa (False); ('$(DisplayVSMessage)' == 'true') se evalu├│ como ('' == 'true').
   3:4>Destino "_CheckForUnsupportedNETCoreVersion" en el archivo "C:\Program Files\dotnet\sdk\9.0.201\Sdks\Microsoft.NET.Sdk\targets\Microsoft.NET.TargetFrameworkInference.targets" del proyecto "D:\Users\Jhon\Documentos\Mintrabajo\Modulo General usuarios\AuthSystemNew\AuthSystem.IntegrationTests\AuthSystem.IntegrationTests.csproj" (el destino "CollectPackageReferences" depende de ├®l):
   3:4>Se omiti├│ la tarea "NETSdkError" debido a una condici├│n falsa (False); ('$(_TargetFrameworkVersionWithoutV)' > '$(NETCoreAppMaximumVersion)' and '$(DisplayVSMessage)' != 'true') se evalu├│ como ('8.0' > '9.0' and '' != 'true').
   2:8>Compilaci├│n terminada del destino "_CheckForUnsupportedNETCoreVersion" en el proyecto "AuthSystem.Application.csproj".
   3:4>_CheckForUnsupportedNETCoreVersion:
       Se omiti├│ la tarea "NETSdkError" debido a una condici├│n falsa (False); ('$(DisplayVSMessage)' == 'true') se evalu├│ como ('' == 'true').
   4:4>Se omiti├│ el destino "_CheckForMissingWorkload" debido a una condici├│n falsa (False); ('@(MissingWorkloadPack)' != '' And '$(DesignTimeBuild)' != 'true') se evalu├│ como ('' != '' And '' != 'true').
   5:7>Compilaci├│n terminada del destino "_CheckForUnsupportedNETCoreVersion" en el proyecto "AuthSystem.Infrastructure.csproj".
   6:9>Destino "_CheckForUnsupportedNETCoreVersion" en el archivo "C:\Program Files\dotnet\sdk\9.0.201\Sdks\Microsoft.NET.Sdk\targets\Microsoft.NET.TargetFrameworkInference.targets" del proyecto "D:\Users\Jhon\Documentos\Mintrabajo\Modulo General usuarios\AuthSystemNew\AuthSystem.Domain\AuthSystem.Domain.csproj" (el destino "CollectPackageReferences" depende de ├®l):
   6:9>Se omiti├│ la tarea "NETSdkError" debido a una condici├│n falsa (False); ('$(_TargetFrameworkVersionWithoutV)' > '$(NETCoreAppMaximumVersion)' and '$(DisplayVSMessage)' != 'true') se evalu├│ como ('8.0' > '9.0' and '' != 'true').
   3:4>Compilaci├│n terminada del destino "_CheckForUnsupportedNETCoreVersion" en el proyecto "AuthSystem.IntegrationTests.csproj".
   6:9>_CheckForUnsupportedNETCoreVersion:
       Se omiti├│ la tarea "NETSdkError" debido a una condici├│n falsa (False); ('$(DisplayVSMessage)' == 'true') se evalu├│ como ('' == 'true').
   4:4>Destino "_CheckForUnsupportedNETCoreVersion" en el archivo "C:\Program Files\dotnet\sdk\9.0.201\Sdks\Microsoft.NET.Sdk\targets\Microsoft.NET.TargetFrameworkInference.targets" del proyecto "D:\Users\Jhon\Documentos\Mintrabajo\Modulo General usuarios\AuthSystemNew\AuthSystem.UnitTests\AuthSystem.UnitTests.csproj" (el destino "CollectPackageReferences" depende de ├®l):
   4:4>Se omiti├│ la tarea "NETSdkError" debido a una condici├│n falsa (False); ('$(_TargetFrameworkVersionWithoutV)' > '$(NETCoreAppMaximumVersion)' and '$(DisplayVSMessage)' != 'true') se evalu├│ como ('8.0' > '9.0' and '' != 'true').
   2:8>Se omiti├│ el destino "_CheckForEolTargetFrameworks" debido a una condici├│n falsa (False); ('@(_EolNetCoreTargetFrameworkVersions->AnyHaveMetadataValue('Identity', '$(_TargetFrameworkVersionWithoutV)'))' and '$(TargetFrameworkIdentifier)' == '.NETCoreApp' and '$(CheckEolTargetFramework)' == 'true') se evalu├│ como ('false' and '.NETCoreApp' == '.NETCoreApp' and '' == 'true').
   3:4>Se omiti├│ el destino "_CheckForEolTargetFrameworks" debido a una condici├│n falsa (False); ('@(_EolNetCoreTargetFrameworkVersions->AnyHaveMetadataValue('Identity', '$(_TargetFrameworkVersionWithoutV)'))' and '$(TargetFrameworkIdentifier)' == '.NETCoreApp' and '$(CheckEolTargetFramework)' == 'true') se evalu├│ como ('false' and '.NETCoreApp' == '.NETCoreApp' and '' == 'true').
   5:7>Se omiti├│ el destino "_CheckForEolTargetFrameworks" debido a una condici├│n falsa (False); ('@(_EolNetCoreTargetFrameworkVersions->AnyHaveMetadataValue('Identity', '$(_TargetFrameworkVersionWithoutV)'))' and '$(TargetFrameworkIdentifier)' == '.NETCoreApp' and '$(CheckEolTargetFramework)' == 'true') se evalu├│ como ('false' and '.NETCoreApp' == '.NETCoreApp' and '' == 'true').
   4:4>_CheckForUnsupportedNETCoreVersion:
       Se omiti├│ la tarea "NETSdkError" debido a una condici├│n falsa (False); ('$(DisplayVSMessage)' == 'true') se evalu├│ como ('' == 'true').
   2:8>Se omiti├│ el destino "_CheckForEolWorkloads" debido a una condici├│n falsa (False); ('@(EolWorkload)' != '' and '$(CheckEolWorkloads)' == 'true') se evalu├│ como ('' != '' and 'true' == 'true').
   6:9>Compilaci├│n terminada del destino "_CheckForUnsupportedNETCoreVersion" en el proyecto "AuthSystem.Domain.csproj".
   3:4>Se omiti├│ el destino "_CheckForEolWorkloads" debido a una condici├│n falsa (False); ('@(EolWorkload)' != '' and '$(CheckEolWorkloads)' == 'true') se evalu├│ como ('' != '' and 'true' == 'true').
   4:4>Compilaci├│n terminada del destino "_CheckForUnsupportedNETCoreVersion" en el proyecto "AuthSystem.UnitTests.csproj".
   2:8>Se omiti├│ el destino "_CheckForNotRecommendedNETStandardVersion" debido a una condici├│n falsa (False); ('$(TargetFrameworkIdentifier)' == '.NETStandard' and $([MSBuild]::VersionLessThan($(TargetFrameworkVersion), '2.0'))) se evalu├│ como ('.NETCoreApp' == '.NETStandard' and False).
   3:4>Se omiti├│ el destino "_CheckForNotRecommendedNETStandardVersion" debido a una condici├│n falsa (False); ('$(TargetFrameworkIdentifier)' == '.NETStandard' and $([MSBuild]::VersionLessThan($(TargetFrameworkVersion), '2.0'))) se evalu├│ como ('.NETCoreApp' == '.NETStandard' and False).
   6:9>Se omiti├│ el destino "_CheckForEolTargetFrameworks" debido a una condici├│n falsa (False); ('@(_EolNetCoreTargetFrameworkVersions->AnyHaveMetadataValue('Identity', '$(_TargetFrameworkVersionWithoutV)'))' and '$(TargetFrameworkIdentifier)' == '.NETCoreApp' and '$(CheckEolTargetFramework)' == 'true') se evalu├│ como ('false' and '.NETCoreApp' == '.NETCoreApp' and '' == 'true').
   4:4>Se omiti├│ el destino "_CheckForEolTargetFrameworks" debido a una condici├│n falsa (False); ('@(_EolNetCoreTargetFrameworkVersions->AnyHaveMetadataValue('Identity', '$(_TargetFrameworkVersionWithoutV)'))' and '$(TargetFrameworkIdentifier)' == '.NETCoreApp' and '$(CheckEolTargetFramework)' == 'true') se evalu├│ como ('false' and '.NETCoreApp' == '.NETCoreApp' and '' == 'true').
   7:5>Se omiti├│ el destino "_CheckForEolTargetFrameworks" debido a una condici├│n falsa (False); ('@(_EolNetCoreTargetFrameworkVersions->AnyHaveMetadataValue('Identity', '$(_TargetFrameworkVersionWithoutV)'))' and '$(TargetFrameworkIdentifier)' == '.NETCoreApp' and '$(CheckEolTargetFramework)' == 'true') se evalu├│ como ('false' and '.NETCoreApp' == '.NETCoreApp' and 'true' == 'true').
   6:9>Se omiti├│ el destino "_CheckForEolWorkloads" debido a una condici├│n falsa (False); ('@(EolWorkload)' != '' and '$(CheckEolWorkloads)' == 'true') se evalu├│ como ('' != '' and 'true' == 'true').
   7:5>Se omiti├│ el destino "_CheckForEolWorkloads" debido a una condici├│n falsa (False); ('@(EolWorkload)' != '' and '$(CheckEolWorkloads)' == 'true') se evalu├│ como ('' != '' and 'true' == 'true').
   3:4>Destino "_CheckForUnsupportedCppNETCoreVersion" en el archivo "C:\Program Files\dotnet\sdk\9.0.201\Sdks\Microsoft.NET.Sdk\targets\Microsoft.NET.TargetFrameworkInference.targets" del proyecto "D:\Users\Jhon\Documentos\Mintrabajo\Modulo General usuarios\AuthSystemNew\AuthSystem.IntegrationTests\AuthSystem.IntegrationTests.csproj" (el destino "CollectPackageReferences" depende de ├®l):
   3:4>Se omiti├│ la tarea "NETSdkError" debido a una condici├│n falsa (False); ('$(TargetFrameworkIdentifier)' == '.NETCoreApp' and '$(_TargetFrameworkVersionWithoutV)' < '3.1' and ('$(Language)' == 'C++' and '$(_EnablePackageReferencesInVCProjects)' != 'true')) se evalu├│ como ('.NETCoreApp' == '.NETCoreApp' and '8.0' < '3.1' and ('C#' == 'C++' and '' != 'true')).
   2:8>Destino "_CheckForUnsupportedCppNETCoreVersion" en el archivo "C:\Program Files\dotnet\sdk\9.0.201\Sdks\Microsoft.NET.Sdk\targets\Microsoft.NET.TargetFrameworkInference.targets" del proyecto "D:\Users\Jhon\Documentos\Mintrabajo\Modulo General usuarios\AuthSystemNew\AuthSystem.Application\AuthSystem.Application.csproj" (el destino "CollectPackageReferences" depende de ├®l):
   2:8>Se omiti├│ la tarea "NETSdkError" debido a una condici├│n falsa (False); ('$(TargetFrameworkIdentifier)' == '.NETCoreApp' and '$(_TargetFrameworkVersionWithoutV)' < '3.1' and ('$(Language)' == 'C++' and '$(_EnablePackageReferencesInVCProjects)' != 'true')) se evalu├│ como ('.NETCoreApp' == '.NETCoreApp' and '8.0' < '3.1' and ('C#' == 'C++' and '' != 'true')).
   4:4>Se omiti├│ el destino "_CheckForEolWorkloads" debido a una condici├│n falsa (False); ('@(EolWorkload)' != '' and '$(CheckEolWorkloads)' == 'true') se evalu├│ como ('' != '' and 'true' == 'true').
   7:5>Se omiti├│ el destino "_CheckForNotRecommendedNETStandardVersion" debido a una condici├│n falsa (False); ('$(TargetFrameworkIdentifier)' == '.NETStandard' and $([MSBuild]::VersionLessThan($(TargetFrameworkVersion), '2.0'))) se evalu├│ como ('.NETCoreApp' == '.NETStandard' and False).
   3:4>Compilaci├│n terminada del destino "_CheckForUnsupportedCppNETCoreVersion" en el proyecto "AuthSystem.IntegrationTests.csproj".
   6:9>Se omiti├│ el destino "_CheckForNotRecommendedNETStandardVersion" debido a una condici├│n falsa (False); ('$(TargetFrameworkIdentifier)' == '.NETStandard' and $([MSBuild]::VersionLessThan($(TargetFrameworkVersion), '2.0'))) se evalu├│ como ('.NETCoreApp' == '.NETStandard' and False).
   4:4>Se omiti├│ el destino "_CheckForNotRecommendedNETStandardVersion" debido a una condici├│n falsa (False); ('$(TargetFrameworkIdentifier)' == '.NETStandard' and $([MSBuild]::VersionLessThan($(TargetFrameworkVersion), '2.0'))) se evalu├│ como ('.NETCoreApp' == '.NETStandard' and False).
   2:8>Compilaci├│n terminada del destino "_CheckForUnsupportedCppNETCoreVersion" en el proyecto "AuthSystem.Application.csproj".
   7:5>Destino "_CheckForUnsupportedCppNETCoreVersion" en el archivo "C:\Program Files\dotnet\sdk\9.0.201\Sdks\Microsoft.NET.Sdk\targets\Microsoft.NET.TargetFrameworkInference.targets" del proyecto "D:\Users\Jhon\Documentos\Mintrabajo\Modulo General usuarios\AuthSystemNew\AuthSystem.API\AuthSystem.API.csproj" (el destino "CollectPackageReferences" depende de ├®l):
   7:5>Se omiti├│ la tarea "NETSdkError" debido a una condici├│n falsa (False); ('$(TargetFrameworkIdentifier)' == '.NETCoreApp' and '$(_TargetFrameworkVersionWithoutV)' < '3.1' and ('$(Language)' == 'C++' and '$(_EnablePackageReferencesInVCProjects)' != 'true')) se evalu├│ como ('.NETCoreApp' == '.NETCoreApp' and '8.0' < '3.1' and ('C#' == 'C++' and '' != 'true')).
   7:5>Compilaci├│n terminada del destino "_CheckForUnsupportedCppNETCoreVersion" en el proyecto "AuthSystem.API.csproj".
       Se omiti├│ el destino "_CheckForUnsupportedNETStandardVersion" debido a una condici├│n falsa (False); ('$(TargetFrameworkIdentifier)' == '.NETStandard' And '$(NETStandardMaximumVersion)' != '') se evalu├│ como ('.NETCoreApp' == '.NETStandard' And '' != '').
   3:4>Se omiti├│ el destino "_CheckForUnsupportedNETStandardVersion" debido a una condici├│n falsa (False); ('$(TargetFrameworkIdentifier)' == '.NETStandard' And '$(NETStandardMaximumVersion)' != '') se evalu├│ como ('.NETCoreApp' == '.NETStandard' And '' != '').
   7:5>Se omiti├│ el destino "_CheckForUnsupportedTargetFrameworkAndFeatureCombination" debido a una condici├│n falsa (False); ('$(TargetFrameworkIdentifier)' == '.NETFramework') se evalu├│ como ('.NETCoreApp' == '.NETFramework').
   5:7>Se omiti├│ el destino "_CheckForEolWorkloads" debido a una condici├│n falsa (False); ('@(EolWorkload)' != '' and '$(CheckEolWorkloads)' == 'true') se evalu├│ como ('' != '' and 'true' == 'true').
   6:9>Destino "_CheckForUnsupportedCppNETCoreVersion" en el archivo "C:\Program Files\dotnet\sdk\9.0.201\Sdks\Microsoft.NET.Sdk\targets\Microsoft.NET.TargetFrameworkInference.targets" del proyecto "D:\Users\Jhon\Documentos\Mintrabajo\Modulo General usuarios\AuthSystemNew\AuthSystem.Domain\AuthSystem.Domain.csproj" (el destino "CollectPackageReferences" depende de ├®l):
   6:9>Se omiti├│ la tarea "NETSdkError" debido a una condici├│n falsa (False); ('$(TargetFrameworkIdentifier)' == '.NETCoreApp' and '$(_TargetFrameworkVersionWithoutV)' < '3.1' and ('$(Language)' == 'C++' and '$(_EnablePackageReferencesInVCProjects)' != 'true')) se evalu├│ como ('.NETCoreApp' == '.NETCoreApp' and '8.0' < '3.1' and ('C#' == 'C++' and '' != 'true')).
   4:4>Destino "_CheckForUnsupportedCppNETCoreVersion" en el archivo "C:\Program Files\dotnet\sdk\9.0.201\Sdks\Microsoft.NET.Sdk\targets\Microsoft.NET.TargetFrameworkInference.targets" del proyecto "D:\Users\Jhon\Documentos\Mintrabajo\Modulo General usuarios\AuthSystemNew\AuthSystem.UnitTests\AuthSystem.UnitTests.csproj" (el destino "CollectPackageReferences" depende de ├®l):
   4:4>Se omiti├│ la tarea "NETSdkError" debido a una condici├│n falsa (False); ('$(TargetFrameworkIdentifier)' == '.NETCoreApp' and '$(_TargetFrameworkVersionWithoutV)' < '3.1' and ('$(Language)' == 'C++' and '$(_EnablePackageReferencesInVCProjects)' != 'true')) se evalu├│ como ('.NETCoreApp' == '.NETCoreApp' and '8.0' < '3.1' and ('C#' == 'C++' and '' != 'true')).
   6:9>Compilaci├│n terminada del destino "_CheckForUnsupportedCppNETCoreVersion" en el proyecto "AuthSystem.Domain.csproj".
   4:4>Compilaci├│n terminada del destino "_CheckForUnsupportedCppNETCoreVersion" en el proyecto "AuthSystem.UnitTests.csproj".
   3:4>Se omiti├│ el destino "_CheckForUnsupportedTargetFrameworkAndFeatureCombination" debido a una condici├│n falsa (False); ('$(TargetFrameworkIdentifier)' == '.NETFramework') se evalu├│ como ('.NETCoreApp' == '.NETFramework').
   6:9>Se omiti├│ el destino "_CheckForUnsupportedNETStandardVersion" debido a una condici├│n falsa (False); ('$(TargetFrameworkIdentifier)' == '.NETStandard' And '$(NETStandardMaximumVersion)' != '') se evalu├│ como ('.NETCoreApp' == '.NETStandard' And '' != '').
   2:8>Se omiti├│ el destino "_CheckForUnsupportedNETStandardVersion" debido a una condici├│n falsa (False); ('$(TargetFrameworkIdentifier)' == '.NETStandard' And '$(NETStandardMaximumVersion)' != '') se evalu├│ como ('.NETCoreApp' == '.NETStandard' And '' != '').
   4:4>Se omiti├│ el destino "_CheckForUnsupportedNETStandardVersion" debido a una condici├│n falsa (False); ('$(TargetFrameworkIdentifier)' == '.NETStandard' And '$(NETStandardMaximumVersion)' != '') se evalu├│ como ('.NETCoreApp' == '.NETStandard' And '' != '').
   2:8>Se omiti├│ el destino "_CheckForUnsupportedTargetFrameworkAndFeatureCombination" debido a una condici├│n falsa (False); ('$(TargetFrameworkIdentifier)' == '.NETFramework') se evalu├│ como ('.NETCoreApp' == '.NETFramework').
   6:9>Se omiti├│ el destino "_CheckForUnsupportedTargetFrameworkAndFeatureCombination" debido a una condici├│n falsa (False); ('$(TargetFrameworkIdentifier)' == '.NETFramework') se evalu├│ como ('.NETCoreApp' == '.NETFramework').
   4:4>Se omiti├│ el destino "_CheckForUnsupportedTargetFrameworkAndFeatureCombination" debido a una condici├│n falsa (False); ('$(TargetFrameworkIdentifier)' == '.NETFramework') se evalu├│ como ('.NETCoreApp' == '.NETFramework').
   2:8>Destino "UpdateAspNetToFrameworkReference" en el archivo "C:\Program Files\dotnet\sdk\9.0.201\Sdks\Microsoft.NET.Sdk\targets\Microsoft.NET.Sdk.DefaultItems.Shared.targets" del proyecto "D:\Users\Jhon\Documentos\Mintrabajo\Modulo General usuarios\AuthSystemNew\AuthSystem.Application\AuthSystem.Application.csproj" (el destino "ApplyImplicitVersions" depende de ├®l):
   2:8>Usando la tarea "CheckIfPackageReferenceShouldBeFrameworkReference" del ensamblado "C:\Program Files\dotnet\sdk\9.0.201\Sdks\Microsoft.NET.Sdk\targets\..\tools\net9.0\Microsoft.NET.Build.Tasks.dll".
   4:4>Destino "UpdateAspNetToFrameworkReference" en el archivo "C:\Program Files\dotnet\sdk\9.0.201\Sdks\Microsoft.NET.Sdk\targets\Microsoft.NET.Sdk.DefaultItems.Shared.targets" del proyecto "D:\Users\Jhon\Documentos\Mintrabajo\Modulo General usuarios\AuthSystemNew\AuthSystem.UnitTests\AuthSystem.UnitTests.csproj" (el destino "ApplyImplicitVersions" depende de ├®l):
   4:4>Usando la tarea "CheckIfPackageReferenceShouldBeFrameworkReference" del ensamblado "C:\Program Files\dotnet\sdk\9.0.201\Sdks\Microsoft.NET.Sdk\targets\..\tools\net9.0\Microsoft.NET.Build.Tasks.dll".
   2:8>Tarea "CheckIfPackageReferenceShouldBeFrameworkReference"
   5:7>Se omiti├│ el destino "_CheckForNotRecommendedNETStandardVersion" debido a una condici├│n falsa (False); ('$(TargetFrameworkIdentifier)' == '.NETStandard' and $([MSBuild]::VersionLessThan($(TargetFrameworkVersion), '2.0'))) se evalu├│ como ('.NETCoreApp' == '.NETStandard' and False).
   2:8>Ejecuci├│n de la tarea "CheckIfPackageReferenceShouldBeFrameworkReference" terminada.
       Se omiti├│ la tarea "NETSdkError" debido a una condici├│n falsa (False); ('$(_ShouldRemoveAspNetCoreAll)' == 'true') se evalu├│ como ('False' == 'true').
   3:4>Destino "UpdateAspNetToFrameworkReference" en el archivo "C:\Program Files\dotnet\sdk\9.0.201\Sdks\Microsoft.NET.Sdk\targets\Microsoft.NET.Sdk.DefaultItems.Shared.targets" del proyecto "D:\Users\Jhon\Documentos\Mintrabajo\Modulo General usuarios\AuthSystemNew\AuthSystem.IntegrationTests\AuthSystem.IntegrationTests.csproj" (el destino "ApplyImplicitVersions" depende de ├®l):
   3:4>Usando la tarea "CheckIfPackageReferenceShouldBeFrameworkReference" del ensamblado "C:\Program Files\dotnet\sdk\9.0.201\Sdks\Microsoft.NET.Sdk\targets\..\tools\net9.0\Microsoft.NET.Build.Tasks.dll".
   5:7>Destino "_CheckForUnsupportedCppNETCoreVersion" en el archivo "C:\Program Files\dotnet\sdk\9.0.201\Sdks\Microsoft.NET.Sdk\targets\Microsoft.NET.TargetFrameworkInference.targets" del proyecto "D:\Users\Jhon\Documentos\Mintrabajo\Modulo General usuarios\AuthSystemNew\AuthSystem.Infrastructure\AuthSystem.Infrastructure.csproj" (el destino "CollectPackageReferences" depende de ├®l):
   5:7>Se omiti├│ la tarea "NETSdkError" debido a una condici├│n falsa (False); ('$(TargetFrameworkIdentifier)' == '.NETCoreApp' and '$(_TargetFrameworkVersionWithoutV)' < '3.1' and ('$(Language)' == 'C++' and '$(_EnablePackageReferencesInVCProjects)' != 'true')) se evalu├│ como ('.NETCoreApp' == '.NETCoreApp' and '8.0' < '3.1' and ('C#' == 'C++' and '' != 'true')).
   2:8>Tarea "CheckIfPackageReferenceShouldBeFrameworkReference"
       Ejecuci├│n de la tarea "CheckIfPackageReferenceShouldBeFrameworkReference" terminada.
   5:7>Compilaci├│n terminada del destino "_CheckForUnsupportedCppNETCoreVersion" en el proyecto "AuthSystem.Infrastructure.csproj".
   2:8>UpdateAspNetToFrameworkReference:
       Se omiti├│ la tarea "NETSdkWarning" debido a una condici├│n falsa (False); ('$(_ShouldRemoveAspNetCoreApp)' == 'true') se evalu├│ como ('False' == 'true').
   3:4>Tarea "CheckIfPackageReferenceShouldBeFrameworkReference"
   6:9>Destino "UpdateAspNetToFrameworkReference" en el archivo "C:\Program Files\dotnet\sdk\9.0.201\Sdks\Microsoft.NET.Sdk\targets\Microsoft.NET.Sdk.DefaultItems.Shared.targets" del proyecto "D:\Users\Jhon\Documentos\Mintrabajo\Modulo General usuarios\AuthSystemNew\AuthSystem.Domain\AuthSystem.Domain.csproj" (el destino "ApplyImplicitVersions" depende de ├®l):
   6:9>Usando la tarea "CheckIfPackageReferenceShouldBeFrameworkReference" del ensamblado "C:\Program Files\dotnet\sdk\9.0.201\Sdks\Microsoft.NET.Sdk\targets\..\tools\net9.0\Microsoft.NET.Build.Tasks.dll".
   2:8>Compilaci├│n terminada del destino "UpdateAspNetToFrameworkReference" en el proyecto "AuthSystem.Application.csproj".
   5:7>Se omiti├│ el destino "_CheckForUnsupportedNETStandardVersion" debido a una condici├│n falsa (False); ('$(TargetFrameworkIdentifier)' == '.NETStandard' And '$(NETStandardMaximumVersion)' != '') se evalu├│ como ('.NETCoreApp' == '.NETStandard' And '' != '').
   3:4>Ejecuci├│n de la tarea "CheckIfPackageReferenceShouldBeFrameworkReference" terminada.
   6:9>Tarea "CheckIfPackageReferenceShouldBeFrameworkReference"
   2:8>Se omiti├│ el destino "IncludeTargetingPackReference" debido a una condici├│n falsa (False); ('$(TargetFrameworkMoniker)' != '' and '$(TargetFrameworkIdentifier)' == '.NETFramework' and '$(AutomaticallyUseReferenceAssemblyPackages)' == 'true') se evalu├│ como ('.NETCoreApp,Version=v8.0' != '' and '.NETCoreApp' == '.NETFramework' and 'true' == 'true').
   3:4>UpdateAspNetToFrameworkReference:
       Se omiti├│ la tarea "NETSdkError" debido a una condici├│n falsa (False); ('$(_ShouldRemoveAspNetCoreAll)' == 'true') se evalu├│ como ('False' == 'true').
   6:9>Ejecuci├│n de la tarea "CheckIfPackageReferenceShouldBeFrameworkReference" terminada.
   4:4>Tarea "CheckIfPackageReferenceShouldBeFrameworkReference"
   5:7>Se omiti├│ el destino "_CheckForUnsupportedTargetFrameworkAndFeatureCombination" debido a una condici├│n falsa (False); ('$(TargetFrameworkIdentifier)' == '.NETFramework') se evalu├│ como ('.NETCoreApp' == '.NETFramework').
   6:9>UpdateAspNetToFrameworkReference:
       Se omiti├│ la tarea "NETSdkError" debido a una condici├│n falsa (False); ('$(_ShouldRemoveAspNetCoreAll)' == 'true') se evalu├│ como ('False' == 'true').
   2:8>Destino "CheckForImplicitPackageReferenceOverrides" en el archivo "C:\Program Files\dotnet\sdk\9.0.201\Sdks\Microsoft.NET.Sdk\targets\Microsoft.NET.Sdk.DefaultItems.Shared.targets" del proyecto "D:\Users\Jhon\Documentos\Mintrabajo\Modulo General usuarios\AuthSystemNew\AuthSystem.Application\AuthSystem.Application.csproj" (el destino "ApplyImplicitVersions" depende de ├®l):
   2:8>Usando la tarea "CheckForImplicitPackageReferenceOverrides" del ensamblado "C:\Program Files\dotnet\sdk\9.0.201\Sdks\Microsoft.NET.Sdk\targets\..\tools\net9.0\Microsoft.NET.Build.Tasks.dll".
   6:9>Tarea "CheckIfPackageReferenceShouldBeFrameworkReference"
   4:4>Ejecuci├│n de la tarea "CheckIfPackageReferenceShouldBeFrameworkReference" terminada.
   3:4>Tarea "CheckIfPackageReferenceShouldBeFrameworkReference"
   6:9>Ejecuci├│n de la tarea "CheckIfPackageReferenceShouldBeFrameworkReference" terminada.
   3:4>Ejecuci├│n de la tarea "CheckIfPackageReferenceShouldBeFrameworkReference" terminada.
   2:8>Tarea "CheckForImplicitPackageReferenceOverrides"
   6:9>UpdateAspNetToFrameworkReference:
       Se omiti├│ la tarea "NETSdkWarning" debido a una condici├│n falsa (False); ('$(_ShouldRemoveAspNetCoreApp)' == 'true') se evalu├│ como ('False' == 'true').
   6:9>Compilaci├│n terminada del destino "UpdateAspNetToFrameworkReference" en el proyecto "AuthSystem.Domain.csproj".
   4:4>UpdateAspNetToFrameworkReference:
       Se omiti├│ la tarea "NETSdkError" debido a una condici├│n falsa (False); ('$(_ShouldRemoveAspNetCoreAll)' == 'true') se evalu├│ como ('False' == 'true').
   2:8>Ejecuci├│n de la tarea "CheckForImplicitPackageReferenceOverrides" terminada.
   6:9>Se omiti├│ el destino "IncludeTargetingPackReference" debido a una condici├│n falsa (False); ('$(TargetFrameworkMoniker)' != '' and '$(TargetFrameworkIdentifier)' == '.NETFramework' and '$(AutomaticallyUseReferenceAssemblyPackages)' == 'true') se evalu├│ como ('.NETCoreApp,Version=v8.0' != '' and '.NETCoreApp' == '.NETFramework' and 'true' == 'true').
   3:4>UpdateAspNetToFrameworkReference:
       Se omiti├│ la tarea "NETSdkWarning" debido a una condici├│n falsa (False); ('$(_ShouldRemoveAspNetCoreApp)' == 'true') se evalu├│ como ('False' == 'true').
   2:8>Compilaci├│n terminada del destino "CheckForImplicitPackageReferenceOverrides" en el proyecto "AuthSystem.Application.csproj".
   5:7>Destino "UpdateAspNetToFrameworkReference" en el archivo "C:\Program Files\dotnet\sdk\9.0.201\Sdks\Microsoft.NET.Sdk\targets\Microsoft.NET.Sdk.DefaultItems.Shared.targets" del proyecto "D:\Users\Jhon\Documentos\Mintrabajo\Modulo General usuarios\AuthSystemNew\AuthSystem.Infrastructure\AuthSystem.Infrastructure.csproj" (el destino "ApplyImplicitVersions" depende de ├®l):
   5:7>Usando la tarea "CheckIfPackageReferenceShouldBeFrameworkReference" del ensamblado "C:\Program Files\dotnet\sdk\9.0.201\Sdks\Microsoft.NET.Sdk\targets\..\tools\net9.0\Microsoft.NET.Build.Tasks.dll".
   3:4>Compilaci├│n terminada del destino "UpdateAspNetToFrameworkReference" en el proyecto "AuthSystem.IntegrationTests.csproj".
   4:4>Tarea "CheckIfPackageReferenceShouldBeFrameworkReference"
   2:8>Destino "ApplyImplicitVersions" en el archivo "C:\Program Files\dotnet\sdk\9.0.201\Sdks\Microsoft.NET.Sdk\targets\Microsoft.NET.Sdk.DefaultItems.Shared.targets" del proyecto "D:\Users\Jhon\Documentos\Mintrabajo\Modulo General usuarios\AuthSystemNew\AuthSystem.Application\AuthSystem.Application.csproj" (el destino "CollectPackageReferences" depende de ├®l):
   2:8>Usando la tarea "ApplyImplicitVersions" del ensamblado "C:\Program Files\dotnet\sdk\9.0.201\Sdks\Microsoft.NET.Sdk\targets\..\tools\net9.0\Microsoft.NET.Build.Tasks.dll".
   3:4>Se omiti├│ el destino "IncludeTargetingPackReference" debido a una condici├│n falsa (False); ('$(TargetFrameworkMoniker)' != '' and '$(TargetFrameworkIdentifier)' == '.NETFramework' and '$(AutomaticallyUseReferenceAssemblyPackages)' == 'true') se evalu├│ como ('.NETCoreApp,Version=v8.0' != '' and '.NETCoreApp' == '.NETFramework' and 'true' == 'true').
   6:9>Destino "CheckForImplicitPackageReferenceOverrides" en el archivo "C:\Program Files\dotnet\sdk\9.0.201\Sdks\Microsoft.NET.Sdk\targets\Microsoft.NET.Sdk.DefaultItems.Shared.targets" del proyecto "D:\Users\Jhon\Documentos\Mintrabajo\Modulo General usuarios\AuthSystemNew\AuthSystem.Domain\AuthSystem.Domain.csproj" (el destino "ApplyImplicitVersions" depende de ├®l):
   6:9>Usando la tarea "CheckForImplicitPackageReferenceOverrides" del ensamblado "C:\Program Files\dotnet\sdk\9.0.201\Sdks\Microsoft.NET.Sdk\targets\..\tools\net9.0\Microsoft.NET.Build.Tasks.dll".
   2:8>Tarea "ApplyImplicitVersions"
   6:9>Tarea "CheckForImplicitPackageReferenceOverrides"
   3:4>Destino "CheckForImplicitPackageReferenceOverrides" en el archivo "C:\Program Files\dotnet\sdk\9.0.201\Sdks\Microsoft.NET.Sdk\targets\Microsoft.NET.Sdk.DefaultItems.Shared.targets" del proyecto "D:\Users\Jhon\Documentos\Mintrabajo\Modulo General usuarios\AuthSystemNew\AuthSystem.IntegrationTests\AuthSystem.IntegrationTests.csproj" (el destino "ApplyImplicitVersions" depende de ├®l):
   3:4>Usando la tarea "CheckForImplicitPackageReferenceOverrides" del ensamblado "C:\Program Files\dotnet\sdk\9.0.201\Sdks\Microsoft.NET.Sdk\targets\..\tools\net9.0\Microsoft.NET.Build.Tasks.dll".
   4:4>Ejecuci├│n de la tarea "CheckIfPackageReferenceShouldBeFrameworkReference" terminada.
   5:7>Tarea "CheckIfPackageReferenceShouldBeFrameworkReference"
   2:8>Ejecuci├│n de la tarea "ApplyImplicitVersions" terminada.
   6:9>Ejecuci├│n de la tarea "CheckForImplicitPackageReferenceOverrides" terminada.
   3:4>Tarea "CheckForImplicitPackageReferenceOverrides"
   2:8>Compilaci├│n terminada del destino "ApplyImplicitVersions" en el proyecto "AuthSystem.Application.csproj".
   6:9>Compilaci├│n terminada del destino "CheckForImplicitPackageReferenceOverrides" en el proyecto "AuthSystem.Domain.csproj".
   3:4>Ejecuci├│n de la tarea "CheckForImplicitPackageReferenceOverrides" terminada.
   2:8>Se omiti├│ el destino "CheckForImplicitPackageReferenceOverrides". Compilado previamente de forma correcta.
   5:7>Ejecuci├│n de la tarea "CheckIfPackageReferenceShouldBeFrameworkReference" terminada.
   3:4>Compilaci├│n terminada del destino "CheckForImplicitPackageReferenceOverrides" en el proyecto "AuthSystem.IntegrationTests.csproj".
   6:9>Destino "ApplyImplicitVersions" en el archivo "C:\Program Files\dotnet\sdk\9.0.201\Sdks\Microsoft.NET.Sdk\targets\Microsoft.NET.Sdk.DefaultItems.Shared.targets" del proyecto "D:\Users\Jhon\Documentos\Mintrabajo\Modulo General usuarios\AuthSystemNew\AuthSystem.Domain\AuthSystem.Domain.csproj" (el destino "CollectPackageReferences" depende de ├®l):
   6:9>Usando la tarea "ApplyImplicitVersions" del ensamblado "C:\Program Files\dotnet\sdk\9.0.201\Sdks\Microsoft.NET.Sdk\targets\..\tools\net9.0\Microsoft.NET.Build.Tasks.dll".
   2:8>Se omiti├│ el destino "AddWindowsSdkKnownFrameworkReferences" debido a una condici├│n falsa (False); ('$(TargetFrameworkIdentifier)' == '.NETCoreApp' And '$(TargetPlatformIdentifier)' == 'Windows'
                     And ('$(Language)' != 'C++' Or '$(IncludeWindowsSDKRefFrameworkReferences)' == 'true')) se evalu├│ como ('.NETCoreApp' == '.NETCoreApp' And '' == 'Windows'
                     And ('C#' != 'C++' Or '' == 'true')).
       Se omiti├│ el destino "_NormalizeTargetPlatformVersion" debido a una condici├│n falsa (False); ('$(TargetPlatformVersion)' != '' and '$(TargetFrameworkIdentifier)' == '.NETCoreApp' and $([MSBuild]::VersionGreaterThanOrEquals($(TargetFrameworkVersion), 5.0)) and ('$(Language)' != 'C++' or '$(_EnablePackageReferencesInVCProjects)' == 'true')) se evalu├│ como ('' != '' and '.NETCoreApp' == '.NETCoreApp' and True and ('C#' != 'C++' or '' == 'true')).
   5:7>UpdateAspNetToFrameworkReference:
       Se omiti├│ la tarea "NETSdkError" debido a una condici├│n falsa (False); ('$(_ShouldRemoveAspNetCoreAll)' == 'true') se evalu├│ como ('False' == 'true').
   3:4>Destino "ApplyImplicitVersions" en el archivo "C:\Program Files\dotnet\sdk\9.0.201\Sdks\Microsoft.NET.Sdk\targets\Microsoft.NET.Sdk.DefaultItems.Shared.targets" del proyecto "D:\Users\Jhon\Documentos\Mintrabajo\Modulo General usuarios\AuthSystemNew\AuthSystem.IntegrationTests\AuthSystem.IntegrationTests.csproj" (el destino "CollectPackageReferences" depende de ├®l):
   3:4>Usando la tarea "ApplyImplicitVersions" del ensamblado "C:\Program Files\dotnet\sdk\9.0.201\Sdks\Microsoft.NET.Sdk\targets\..\tools\net9.0\Microsoft.NET.Build.Tasks.dll".
   6:9>Tarea "ApplyImplicitVersions"
   4:4>UpdateAspNetToFrameworkReference:
       Se omiti├│ la tarea "NETSdkWarning" debido a una condici├│n falsa (False); ('$(_ShouldRemoveAspNetCoreApp)' == 'true') se evalu├│ como ('False' == 'true').
   3:4>Tarea "ApplyImplicitVersions"
   6:9>Ejecuci├│n de la tarea "ApplyImplicitVersions" terminada.
   3:4>Ejecuci├│n de la tarea "ApplyImplicitVersions" terminada.
   2:8>Destino "_CheckForLanguageAndFeatureCombinationSupport" en el archivo "C:\Program Files\dotnet\sdk\9.0.201\Sdks\Microsoft.NET.Sdk\targets\Microsoft.NET.RuntimeIdentifierInference.targets" del proyecto "D:\Users\Jhon\Documentos\Mintrabajo\Modulo General usuarios\AuthSystemNew\AuthSystem.Application\AuthSystem.Application.csproj" (el destino "ProcessFrameworkReferences" depende de ├®l):
   2:8>Se omiti├│ la tarea "NETSdkError" debido a una condici├│n falsa (False); (('$(Language)' == 'C++' and '$(_EnablePackageReferencesInVCProjects)' != 'true') and $(OutputType) != 'library' and '$(TargetFrameworkIdentifier)' == '.NETCoreApp') se evalu├│ como (('C#' == 'C++' and '' != 'true') and Library != 'library' and '.NETCoreApp' == '.NETCoreApp').
   6:9>Compilaci├│n terminada del destino "ApplyImplicitVersions" en el proyecto "AuthSystem.Domain.csproj".
   5:7>Tarea "CheckIfPackageReferenceShouldBeFrameworkReference"
   2:8>_CheckForLanguageAndFeatureCombinationSupport:
       Se omiti├│ la tarea "NETSdkError" debido a una condici├│n falsa (False); (('$(Language)' == 'C++' and '$(_EnablePackageReferencesInVCProjects)' != 'true') and $(EnableComHosting) == 'true') se evalu├│ como (('C#' == 'C++' and '' != 'true') and  == 'true').
   6:9>Se omiti├│ el destino "CheckForImplicitPackageReferenceOverrides". Compilado previamente de forma correcta.
   5:7>Ejecuci├│n de la tarea "CheckIfPackageReferenceShouldBeFrameworkReference" terminada.
   6:9>Se omiti├│ el destino "AddWindowsSdkKnownFrameworkReferences" debido a una condici├│n falsa (False); ('$(TargetFrameworkIdentifier)' == '.NETCoreApp' And '$(TargetPlatformIdentifier)' == 'Windows'
                     And ('$(Language)' != 'C++' Or '$(IncludeWindowsSDKRefFrameworkReferences)' == 'true')) se evalu├│ como ('.NETCoreApp' == '.NETCoreApp' And '' == 'Windows'
                     And ('C#' != 'C++' Or '' == 'true')).
   2:8>_CheckForLanguageAndFeatureCombinationSupport:
       Se omiti├│ la tarea "NETSdkError" debido a una condici├│n falsa (False); (('$(Language)' == 'C++' and '$(_EnablePackageReferencesInVCProjects)' != 'true') and $(SelfContained) == 'true') se evalu├│ como (('C#' == 'C++' and '' != 'true') and  == 'true').
   5:7>UpdateAspNetToFrameworkReference:
       Se omiti├│ la tarea "NETSdkWarning" debido a una condici├│n falsa (False); ('$(_ShouldRemoveAspNetCoreApp)' == 'true') se evalu├│ como ('False' == 'true').
   6:9>Se omiti├│ el destino "_NormalizeTargetPlatformVersion" debido a una condici├│n falsa (False); ('$(TargetPlatformVersion)' != '' and '$(TargetFrameworkIdentifier)' == '.NETCoreApp' and $([MSBuild]::VersionGreaterThanOrEquals($(TargetFrameworkVersion), 5.0)) and ('$(Language)' != 'C++' or '$(_EnablePackageReferencesInVCProjects)' == 'true')) se evalu├│ como ('' != '' and '.NETCoreApp' == '.NETCoreApp' and True and ('C#' != 'C++' or '' == 'true')).
   2:8>Compilaci├│n terminada del destino "_CheckForLanguageAndFeatureCombinationSupport" en el proyecto "AuthSystem.Application.csproj".
   4:4>Compilaci├│n terminada del destino "UpdateAspNetToFrameworkReference" en el proyecto "AuthSystem.UnitTests.csproj".
   6:9>Destino "_CheckForLanguageAndFeatureCombinationSupport" en el archivo "C:\Program Files\dotnet\sdk\9.0.201\Sdks\Microsoft.NET.Sdk\targets\Microsoft.NET.RuntimeIdentifierInference.targets" del proyecto "D:\Users\Jhon\Documentos\Mintrabajo\Modulo General usuarios\AuthSystemNew\AuthSystem.Domain\AuthSystem.Domain.csproj" (el destino "ProcessFrameworkReferences" depende de ├®l):
   6:9>Se omiti├│ la tarea "NETSdkError" debido a una condici├│n falsa (False); (('$(Language)' == 'C++' and '$(_EnablePackageReferencesInVCProjects)' != 'true') and $(OutputType) != 'library' and '$(TargetFrameworkIdentifier)' == '.NETCoreApp') se evalu├│ como (('C#' == 'C++' and '' != 'true') and Library != 'library' and '.NETCoreApp' == '.NETCoreApp').
   3:4>Compilaci├│n terminada del destino "ApplyImplicitVersions" en el proyecto "AuthSystem.IntegrationTests.csproj".
   5:7>Compilaci├│n terminada del destino "UpdateAspNetToFrameworkReference" en el proyecto "AuthSystem.Infrastructure.csproj".
   2:8>Destino "_ComputeToolPackInputsToProcessFrameworkReferences" en el archivo "C:\Program Files\dotnet\sdk\9.0.201\Sdks\Microsoft.NET.Sdk\targets\Microsoft.NET.Publish.targets" del proyecto "D:\Users\Jhon\Documentos\Mintrabajo\Modulo General usuarios\AuthSystemNew\AuthSystem.Application\AuthSystem.Application.csproj" (el destino "ProcessFrameworkReferences" depende de ├®l):
   2:8>Compilaci├│n terminada del destino "_ComputeToolPackInputsToProcessFrameworkReferences" en el proyecto "AuthSystem.Application.csproj".
   6:9>_CheckForLanguageAndFeatureCombinationSupport:
       Se omiti├│ la tarea "NETSdkError" debido a una condici├│n falsa (False); (('$(Language)' == 'C++' and '$(_EnablePackageReferencesInVCProjects)' != 'true') and $(EnableComHosting) == 'true') se evalu├│ como (('C#' == 'C++' and '' != 'true') and  == 'true').
   3:4>Se omiti├│ el destino "CheckForImplicitPackageReferenceOverrides". Compilado previamente de forma correcta.
       Se omiti├│ el destino "AddWindowsSdkKnownFrameworkReferences" debido a una condici├│n falsa (False); ('$(TargetFrameworkIdentifier)' == '.NETCoreApp' And '$(TargetPlatformIdentifier)' == 'Windows'
                            And ('$(Language)' != 'C++' Or '$(IncludeWindowsSDKRefFrameworkReferences)' == 'true')) se evalu├│ como ('.NETCoreApp' == '.NETCoreApp' And '' == 'Windows'
                            And ('C#' != 'C++' Or '' == 'true')).
   2:8>Destino "ProcessFrameworkReferences" en el archivo "C:\Program Files\dotnet\sdk\9.0.201\Sdks\Microsoft.NET.Sdk\targets\Microsoft.NET.Sdk.FrameworkReferenceResolution.targets" del proyecto "D:\Users\Jhon\Documentos\Mintrabajo\Modulo General usuarios\AuthSystemNew\AuthSystem.Application\AuthSystem.Application.csproj" (el destino "CollectPackageReferences" depende de ├®l):
   2:8>Usando la tarea "CheckForDuplicateFrameworkReferences" del ensamblado "C:\Program Files\dotnet\sdk\9.0.201\Sdks\Microsoft.NET.Sdk\targets\..\tools\net9.0\Microsoft.NET.Build.Tasks.dll".
   6:9>_CheckForLanguageAndFeatureCombinationSupport:
       Se omiti├│ la tarea "NETSdkError" debido a una condici├│n falsa (False); (('$(Language)' == 'C++' and '$(_EnablePackageReferencesInVCProjects)' != 'true') and $(SelfContained) == 'true') se evalu├│ como (('C#' == 'C++' and '' != 'true') and  == 'true').
   2:8>Tarea "CheckForDuplicateFrameworkReferences"
   6:9>Compilaci├│n terminada del destino "_CheckForLanguageAndFeatureCombinationSupport" en el proyecto "AuthSystem.Domain.csproj".
   4:4>Se omiti├│ el destino "IncludeTargetingPackReference" debido a una condici├│n falsa (False); ('$(TargetFrameworkMoniker)' != '' and '$(TargetFrameworkIdentifier)' == '.NETFramework' and '$(AutomaticallyUseReferenceAssemblyPackages)' == 'true') se evalu├│ como ('.NETCoreApp,Version=v8.0' != '' and '.NETCoreApp' == '.NETFramework' and 'true' == 'true').
   2:8>Ejecuci├│n de la tarea "CheckForDuplicateFrameworkReferences" terminada.
       Usando la tarea "ProcessFrameworkReferences" del ensamblado "C:\Program Files\dotnet\sdk\9.0.201\Sdks\Microsoft.NET.Sdk\targets\..\tools\net9.0\Microsoft.NET.Build.Tasks.dll".
       Tarea "ProcessFrameworkReferences"
   6:9>Destino "_ComputeToolPackInputsToProcessFrameworkReferences" en el archivo "C:\Program Files\dotnet\sdk\9.0.201\Sdks\Microsoft.NET.Sdk\targets\Microsoft.NET.Publish.targets" del proyecto "D:\Users\Jhon\Documentos\Mintrabajo\Modulo General usuarios\AuthSystemNew\AuthSystem.Domain\AuthSystem.Domain.csproj" (el destino "ProcessFrameworkReferences" depende de ├®l):
   6:9>Compilaci├│n terminada del destino "_ComputeToolPackInputsToProcessFrameworkReferences" en el proyecto "AuthSystem.Domain.csproj".
   4:4>Destino "CheckForImplicitPackageReferenceOverrides" en el archivo "C:\Program Files\dotnet\sdk\9.0.201\Sdks\Microsoft.NET.Sdk\targets\Microsoft.NET.Sdk.DefaultItems.Shared.targets" del proyecto "D:\Users\Jhon\Documentos\Mintrabajo\Modulo General usuarios\AuthSystemNew\AuthSystem.UnitTests\AuthSystem.UnitTests.csproj" (el destino "ApplyImplicitVersions" depende de ├®l):
   4:4>Usando la tarea "CheckForImplicitPackageReferenceOverrides" del ensamblado "C:\Program Files\dotnet\sdk\9.0.201\Sdks\Microsoft.NET.Sdk\targets\..\tools\net9.0\Microsoft.NET.Build.Tasks.dll".
       Tarea "CheckForImplicitPackageReferenceOverrides"
   6:9>Destino "ProcessFrameworkReferences" en el archivo "C:\Program Files\dotnet\sdk\9.0.201\Sdks\Microsoft.NET.Sdk\targets\Microsoft.NET.Sdk.FrameworkReferenceResolution.targets" del proyecto "D:\Users\Jhon\Documentos\Mintrabajo\Modulo General usuarios\AuthSystemNew\AuthSystem.Domain\AuthSystem.Domain.csproj" (el destino "CollectPackageReferences" depende de ├®l):
   6:9>Usando la tarea "CheckForDuplicateFrameworkReferences" del ensamblado "C:\Program Files\dotnet\sdk\9.0.201\Sdks\Microsoft.NET.Sdk\targets\..\tools\net9.0\Microsoft.NET.Build.Tasks.dll".
   4:4>Ejecuci├│n de la tarea "CheckForImplicitPackageReferenceOverrides" terminada.
   3:4>Se omiti├│ el destino "_NormalizeTargetPlatformVersion" debido a una condici├│n falsa (False); ('$(TargetPlatformVersion)' != '' and '$(TargetFrameworkIdentifier)' == '.NETCoreApp' and $([MSBuild]::VersionGreaterThanOrEquals($(TargetFrameworkVersion), 5.0)) and ('$(Language)' != 'C++' or '$(_EnablePackageReferencesInVCProjects)' == 'true')) se evalu├│ como ('' != '' and '.NETCoreApp' == '.NETCoreApp' and True and ('C#' != 'C++' or '' == 'true')).
   6:9>Tarea "CheckForDuplicateFrameworkReferences"
   5:7>Se omiti├│ el destino "IncludeTargetingPackReference" debido a una condici├│n falsa (False); ('$(TargetFrameworkMoniker)' != '' and '$(TargetFrameworkIdentifier)' == '.NETFramework' and '$(AutomaticallyUseReferenceAssemblyPackages)' == 'true') se evalu├│ como ('.NETCoreApp,Version=v8.0' != '' and '.NETCoreApp' == '.NETFramework' and 'true' == 'true').
   6:9>Ejecuci├│n de la tarea "CheckForDuplicateFrameworkReferences" terminada.
       Usando la tarea "ProcessFrameworkReferences" del ensamblado "C:\Program Files\dotnet\sdk\9.0.201\Sdks\Microsoft.NET.Sdk\targets\..\tools\net9.0\Microsoft.NET.Build.Tasks.dll".
       Tarea "ProcessFrameworkReferences"
   4:4>Compilaci├│n terminada del destino "CheckForImplicitPackageReferenceOverrides" en el proyecto "AuthSystem.UnitTests.csproj".
   5:7>Destino "CheckForImplicitPackageReferenceOverrides" en el archivo "C:\Program Files\dotnet\sdk\9.0.201\Sdks\Microsoft.NET.Sdk\targets\Microsoft.NET.Sdk.DefaultItems.Shared.targets" del proyecto "D:\Users\Jhon\Documentos\Mintrabajo\Modulo General usuarios\AuthSystemNew\AuthSystem.Infrastructure\AuthSystem.Infrastructure.csproj" (el destino "ApplyImplicitVersions" depende de ├®l):
   5:7>Usando la tarea "CheckForImplicitPackageReferenceOverrides" del ensamblado "C:\Program Files\dotnet\sdk\9.0.201\Sdks\Microsoft.NET.Sdk\targets\..\tools\net9.0\Microsoft.NET.Build.Tasks.dll".
       Tarea "CheckForImplicitPackageReferenceOverrides"
   4:4>Destino "ApplyImplicitVersions" en el archivo "C:\Program Files\dotnet\sdk\9.0.201\Sdks\Microsoft.NET.Sdk\targets\Microsoft.NET.Sdk.DefaultItems.Shared.targets" del proyecto "D:\Users\Jhon\Documentos\Mintrabajo\Modulo General usuarios\AuthSystemNew\AuthSystem.UnitTests\AuthSystem.UnitTests.csproj" (el destino "CollectPackageReferences" depende de ├®l):
   4:4>Usando la tarea "ApplyImplicitVersions" del ensamblado "C:\Program Files\dotnet\sdk\9.0.201\Sdks\Microsoft.NET.Sdk\targets\..\tools\net9.0\Microsoft.NET.Build.Tasks.dll".
   5:7>Ejecuci├│n de la tarea "CheckForImplicitPackageReferenceOverrides" terminada.
   4:4>Tarea "ApplyImplicitVersions"
   5:7>Compilaci├│n terminada del destino "CheckForImplicitPackageReferenceOverrides" en el proyecto "AuthSystem.Infrastructure.csproj".
   4:4>Ejecuci├│n de la tarea "ApplyImplicitVersions" terminada.
   4:4>Compilaci├│n terminada del destino "ApplyImplicitVersions" en el proyecto "AuthSystem.UnitTests.csproj".
   5:7>Destino "ApplyImplicitVersions" en el archivo "C:\Program Files\dotnet\sdk\9.0.201\Sdks\Microsoft.NET.Sdk\targets\Microsoft.NET.Sdk.DefaultItems.Shared.targets" del proyecto "D:\Users\Jhon\Documentos\Mintrabajo\Modulo General usuarios\AuthSystemNew\AuthSystem.Infrastructure\AuthSystem.Infrastructure.csproj" (el destino "CollectPackageReferences" depende de ├®l):
   5:7>Usando la tarea "ApplyImplicitVersions" del ensamblado "C:\Program Files\dotnet\sdk\9.0.201\Sdks\Microsoft.NET.Sdk\targets\..\tools\net9.0\Microsoft.NET.Build.Tasks.dll".
       Tarea "ApplyImplicitVersions"
   4:4>Se omiti├│ el destino "CheckForImplicitPackageReferenceOverrides". Compilado previamente de forma correcta.
   5:7>Ejecuci├│n de la tarea "ApplyImplicitVersions" terminada.
   4:4>Se omiti├│ el destino "AddWindowsSdkKnownFrameworkReferences" debido a una condici├│n falsa (False); ('$(TargetFrameworkIdentifier)' == '.NETCoreApp' And '$(TargetPlatformIdentifier)' == 'Windows'
                     And ('$(Language)' != 'C++' Or '$(IncludeWindowsSDKRefFrameworkReferences)' == 'true')) se evalu├│ como ('.NETCoreApp' == '.NETCoreApp' And '' == 'Windows'
                     And ('C#' != 'C++' Or '' == 'true')).
   5:7>Compilaci├│n terminada del destino "ApplyImplicitVersions" en el proyecto "AuthSystem.Infrastructure.csproj".
   4:4>Se omiti├│ el destino "_NormalizeTargetPlatformVersion" debido a una condici├│n falsa (False); ('$(TargetPlatformVersion)' != '' and '$(TargetFrameworkIdentifier)' == '.NETCoreApp' and $([MSBuild]::VersionGreaterThanOrEquals($(TargetFrameworkVersion), 5.0)) and ('$(Language)' != 'C++' or '$(_EnablePackageReferencesInVCProjects)' == 'true')) se evalu├│ como ('' != '' and '.NETCoreApp' == '.NETCoreApp' and True and ('C#' != 'C++' or '' == 'true')).
   5:7>Se omiti├│ el destino "CheckForImplicitPackageReferenceOverrides". Compilado previamente de forma correcta.
       Se omiti├│ el destino "AddWindowsSdkKnownFrameworkReferences" debido a una condici├│n falsa (False); ('$(TargetFrameworkIdentifier)' == '.NETCoreApp' And '$(TargetPlatformIdentifier)' == 'Windows'
                            And ('$(Language)' != 'C++' Or '$(IncludeWindowsSDKRefFrameworkReferences)' == 'true')) se evalu├│ como ('.NETCoreApp' == '.NETCoreApp' And '' == 'Windows'
                            And ('C#' != 'C++' Or '' == 'true')).
   4:4>Destino "_CheckForLanguageAndFeatureCombinationSupport" en el archivo "C:\Program Files\dotnet\sdk\9.0.201\Sdks\Microsoft.NET.Sdk\targets\Microsoft.NET.RuntimeIdentifierInference.targets" del proyecto "D:\Users\Jhon\Documentos\Mintrabajo\Modulo General usuarios\AuthSystemNew\AuthSystem.UnitTests\AuthSystem.UnitTests.csproj" (el destino "ProcessFrameworkReferences" depende de ├®l):
   4:4>Se omiti├│ la tarea "NETSdkError" debido a una condici├│n falsa (False); (('$(Language)' == 'C++' and '$(_EnablePackageReferencesInVCProjects)' != 'true') and $(OutputType) != 'library' and '$(TargetFrameworkIdentifier)' == '.NETCoreApp') se evalu├│ como (('C#' == 'C++' and '' != 'true') and Library != 'library' and '.NETCoreApp' == '.NETCoreApp').
   5:7>Se omiti├│ el destino "_NormalizeTargetPlatformVersion" debido a una condici├│n falsa (False); ('$(TargetPlatformVersion)' != '' and '$(TargetFrameworkIdentifier)' == '.NETCoreApp' and $([MSBuild]::VersionGreaterThanOrEquals($(TargetFrameworkVersion), 5.0)) and ('$(Language)' != 'C++' or '$(_EnablePackageReferencesInVCProjects)' == 'true')) se evalu├│ como ('' != '' and '.NETCoreApp' == '.NETCoreApp' and True and ('C#' != 'C++' or '' == 'true')).
   4:4>_CheckForLanguageAndFeatureCombinationSupport:
       Se omiti├│ la tarea "NETSdkError" debido a una condici├│n falsa (False); (('$(Language)' == 'C++' and '$(_EnablePackageReferencesInVCProjects)' != 'true') and $(EnableComHosting) == 'true') se evalu├│ como (('C#' == 'C++' and '' != 'true') and  == 'true').
       Se omiti├│ la tarea "NETSdkError" debido a una condici├│n falsa (False); (('$(Language)' == 'C++' and '$(_EnablePackageReferencesInVCProjects)' != 'true') and $(SelfContained) == 'true') se evalu├│ como (('C#' == 'C++' and '' != 'true') and  == 'true').
   5:7>Destino "_CheckForLanguageAndFeatureCombinationSupport" en el archivo "C:\Program Files\dotnet\sdk\9.0.201\Sdks\Microsoft.NET.Sdk\targets\Microsoft.NET.RuntimeIdentifierInference.targets" del proyecto "D:\Users\Jhon\Documentos\Mintrabajo\Modulo General usuarios\AuthSystemNew\AuthSystem.Infrastructure\AuthSystem.Infrastructure.csproj" (el destino "ProcessFrameworkReferences" depende de ├®l):
   5:7>Se omiti├│ la tarea "NETSdkError" debido a una condici├│n falsa (False); (('$(Language)' == 'C++' and '$(_EnablePackageReferencesInVCProjects)' != 'true') and $(OutputType) != 'library' and '$(TargetFrameworkIdentifier)' == '.NETCoreApp') se evalu├│ como (('C#' == 'C++' and '' != 'true') and Library != 'library' and '.NETCoreApp' == '.NETCoreApp').
   4:4>Compilaci├│n terminada del destino "_CheckForLanguageAndFeatureCombinationSupport" en el proyecto "AuthSystem.UnitTests.csproj".
   5:7>_CheckForLanguageAndFeatureCombinationSupport:
       Se omiti├│ la tarea "NETSdkError" debido a una condici├│n falsa (False); (('$(Language)' == 'C++' and '$(_EnablePackageReferencesInVCProjects)' != 'true') and $(EnableComHosting) == 'true') se evalu├│ como (('C#' == 'C++' and '' != 'true') and  == 'true').
       Se omiti├│ la tarea "NETSdkError" debido a una condici├│n falsa (False); (('$(Language)' == 'C++' and '$(_EnablePackageReferencesInVCProjects)' != 'true') and $(SelfContained) == 'true') se evalu├│ como (('C#' == 'C++' and '' != 'true') and  == 'true').
   4:4>Destino "_ComputeToolPackInputsToProcessFrameworkReferences" en el archivo "C:\Program Files\dotnet\sdk\9.0.201\Sdks\Microsoft.NET.Sdk\targets\Microsoft.NET.Publish.targets" del proyecto "D:\Users\Jhon\Documentos\Mintrabajo\Modulo General usuarios\AuthSystemNew\AuthSystem.UnitTests\AuthSystem.UnitTests.csproj" (el destino "ProcessFrameworkReferences" depende de ├®l):
   4:4>Compilaci├│n terminada del destino "_ComputeToolPackInputsToProcessFrameworkReferences" en el proyecto "AuthSystem.UnitTests.csproj".
   5:7>Compilaci├│n terminada del destino "_CheckForLanguageAndFeatureCombinationSupport" en el proyecto "AuthSystem.Infrastructure.csproj".
   4:4>Destino "ProcessFrameworkReferences" en el archivo "C:\Program Files\dotnet\sdk\9.0.201\Sdks\Microsoft.NET.Sdk\targets\Microsoft.NET.Sdk.FrameworkReferenceResolution.targets" del proyecto "D:\Users\Jhon\Documentos\Mintrabajo\Modulo General usuarios\AuthSystemNew\AuthSystem.UnitTests\AuthSystem.UnitTests.csproj" (el destino "CollectPackageReferences" depende de ├®l):
   4:4>Usando la tarea "CheckForDuplicateFrameworkReferences" del ensamblado "C:\Program Files\dotnet\sdk\9.0.201\Sdks\Microsoft.NET.Sdk\targets\..\tools\net9.0\Microsoft.NET.Build.Tasks.dll".
   5:7>Destino "_ComputeToolPackInputsToProcessFrameworkReferences" en el archivo "C:\Program Files\dotnet\sdk\9.0.201\Sdks\Microsoft.NET.Sdk\targets\Microsoft.NET.Publish.targets" del proyecto "D:\Users\Jhon\Documentos\Mintrabajo\Modulo General usuarios\AuthSystemNew\AuthSystem.Infrastructure\AuthSystem.Infrastructure.csproj" (el destino "ProcessFrameworkReferences" depende de ├®l):
   5:7>Compilaci├│n terminada del destino "_ComputeToolPackInputsToProcessFrameworkReferences" en el proyecto "AuthSystem.Infrastructure.csproj".
   4:4>Tarea "CheckForDuplicateFrameworkReferences"
       Ejecuci├│n de la tarea "CheckForDuplicateFrameworkReferences" terminada.
       Usando la tarea "ProcessFrameworkReferences" del ensamblado "C:\Program Files\dotnet\sdk\9.0.201\Sdks\Microsoft.NET.Sdk\targets\..\tools\net9.0\Microsoft.NET.Build.Tasks.dll".
       Tarea "ProcessFrameworkReferences"
   5:7>Destino "ProcessFrameworkReferences" en el archivo "C:\Program Files\dotnet\sdk\9.0.201\Sdks\Microsoft.NET.Sdk\targets\Microsoft.NET.Sdk.FrameworkReferenceResolution.targets" del proyecto "D:\Users\Jhon\Documentos\Mintrabajo\Modulo General usuarios\AuthSystemNew\AuthSystem.Infrastructure\AuthSystem.Infrastructure.csproj" (el destino "CollectPackageReferences" depende de ├®l):
   5:7>Usando la tarea "CheckForDuplicateFrameworkReferences" del ensamblado "C:\Program Files\dotnet\sdk\9.0.201\Sdks\Microsoft.NET.Sdk\targets\..\tools\net9.0\Microsoft.NET.Build.Tasks.dll".
       Tarea "CheckForDuplicateFrameworkReferences"
   3:4>Destino "_CheckForLanguageAndFeatureCombinationSupport" en el archivo "C:\Program Files\dotnet\sdk\9.0.201\Sdks\Microsoft.NET.Sdk\targets\Microsoft.NET.RuntimeIdentifierInference.targets" del proyecto "D:\Users\Jhon\Documentos\Mintrabajo\Modulo General usuarios\AuthSystemNew\AuthSystem.IntegrationTests\AuthSystem.IntegrationTests.csproj" (el destino "ProcessFrameworkReferences" depende de ├®l):
   3:4>Se omiti├│ la tarea "NETSdkError" debido a una condici├│n falsa (False); (('$(Language)' == 'C++' and '$(_EnablePackageReferencesInVCProjects)' != 'true') and $(OutputType) != 'library' and '$(TargetFrameworkIdentifier)' == '.NETCoreApp') se evalu├│ como (('C#' == 'C++' and '' != 'true') and Library != 'library' and '.NETCoreApp' == '.NETCoreApp').
   5:7>Ejecuci├│n de la tarea "CheckForDuplicateFrameworkReferences" terminada.
       Usando la tarea "ProcessFrameworkReferences" del ensamblado "C:\Program Files\dotnet\sdk\9.0.201\Sdks\Microsoft.NET.Sdk\targets\..\tools\net9.0\Microsoft.NET.Build.Tasks.dll".
   3:4>_CheckForLanguageAndFeatureCombinationSupport:
       Se omiti├│ la tarea "NETSdkError" debido a una condici├│n falsa (False); (('$(Language)' == 'C++' and '$(_EnablePackageReferencesInVCProjects)' != 'true') and $(EnableComHosting) == 'true') se evalu├│ como (('C#' == 'C++' and '' != 'true') and  == 'true').
   5:7>Tarea "ProcessFrameworkReferences"
   3:4>_CheckForLanguageAndFeatureCombinationSupport:
       Se omiti├│ la tarea "NETSdkError" debido a una condici├│n falsa (False); (('$(Language)' == 'C++' and '$(_EnablePackageReferencesInVCProjects)' != 'true') and $(SelfContained) == 'true') se evalu├│ como (('C#' == 'C++' and '' != 'true') and  == 'true').
   7:5>Destino "UpdateAspNetToFrameworkReference" en el archivo "C:\Program Files\dotnet\sdk\9.0.201\Sdks\Microsoft.NET.Sdk\targets\Microsoft.NET.Sdk.DefaultItems.Shared.targets" del proyecto "D:\Users\Jhon\Documentos\Mintrabajo\Modulo General usuarios\AuthSystemNew\AuthSystem.API\AuthSystem.API.csproj" (el destino "ApplyImplicitVersions" depende de ├®l):
   7:5>Usando la tarea "CheckIfPackageReferenceShouldBeFrameworkReference" del ensamblado "C:\Program Files\dotnet\sdk\9.0.201\Sdks\Microsoft.NET.Sdk\targets\..\tools\net9.0\Microsoft.NET.Build.Tasks.dll".
       Tarea "CheckIfPackageReferenceShouldBeFrameworkReference"
   5:7>Ejecuci├│n de la tarea "ProcessFrameworkReferences" terminada.
   3:4>Compilaci├│n terminada del destino "_CheckForLanguageAndFeatureCombinationSupport" en el proyecto "AuthSystem.IntegrationTests.csproj".
   5:7>ProcessFrameworkReferences:
       Usando la tarea "ResolveAppHosts" del ensamblado "C:\Program Files\dotnet\sdk\9.0.201\Sdks\Microsoft.NET.Sdk\targets\..\tools\net9.0\Microsoft.NET.Build.Tasks.dll".
   3:4>Destino "_ComputeToolPackInputsToProcessFrameworkReferences" en el archivo "C:\Program Files\dotnet\sdk\9.0.201\Sdks\Microsoft.NET.Sdk\targets\Microsoft.NET.Publish.targets" del proyecto "D:\Users\Jhon\Documentos\Mintrabajo\Modulo General usuarios\AuthSystemNew\AuthSystem.IntegrationTests\AuthSystem.IntegrationTests.csproj" (el destino "ProcessFrameworkReferences" depende de ├®l):
   3:4>Compilaci├│n terminada del destino "_ComputeToolPackInputsToProcessFrameworkReferences" en el proyecto "AuthSystem.IntegrationTests.csproj".
   3:4>Destino "ProcessFrameworkReferences" en el archivo "C:\Program Files\dotnet\sdk\9.0.201\Sdks\Microsoft.NET.Sdk\targets\Microsoft.NET.Sdk.FrameworkReferenceResolution.targets" del proyecto "D:\Users\Jhon\Documentos\Mintrabajo\Modulo General usuarios\AuthSystemNew\AuthSystem.IntegrationTests\AuthSystem.IntegrationTests.csproj" (el destino "CollectPackageReferences" depende de ├®l):
       Usando la tarea "CheckForDuplicateFrameworkReferences" del ensamblado "C:\Program Files\dotnet\sdk\9.0.201\Sdks\Microsoft.NET.Sdk\targets\..\tools\net9.0\Microsoft.NET.Build.Tasks.dll".
   5:7>Tarea "ResolveAppHosts"
   3:4>Tarea "CheckForDuplicateFrameworkReferences"
       Ejecuci├│n de la tarea "CheckForDuplicateFrameworkReferences" terminada.
       Usando la tarea "ProcessFrameworkReferences" del ensamblado "C:\Program Files\dotnet\sdk\9.0.201\Sdks\Microsoft.NET.Sdk\targets\..\tools\net9.0\Microsoft.NET.Build.Tasks.dll".
   5:7>Ejecuci├│n de la tarea "ResolveAppHosts" terminada.
   3:4>Tarea "ProcessFrameworkReferences"
   5:7>Compilaci├│n terminada del destino "ProcessFrameworkReferences" en el proyecto "AuthSystem.Infrastructure.csproj".
   3:4>Ejecuci├│n de la tarea "ProcessFrameworkReferences" terminada.
   5:7>Se omiti├│ el destino "IncludeTargetingPackReference" debido a una condici├│n falsa (False); ('$(TargetFrameworkMoniker)' != '' and '$(TargetFrameworkIdentifier)' == '.NETFramework' and '$(AutomaticallyUseReferenceAssemblyPackages)' == 'true') se evalu├│ como ('.NETCoreApp,Version=v8.0' != '' and '.NETCoreApp' == '.NETFramework' and 'true' == 'true').
   3:4>ProcessFrameworkReferences:
       Usando la tarea "ResolveAppHosts" del ensamblado "C:\Program Files\dotnet\sdk\9.0.201\Sdks\Microsoft.NET.Sdk\targets\..\tools\net9.0\Microsoft.NET.Build.Tasks.dll".
   5:7>Se omiti├│ el destino "_CheckMicrosoftNetCompilersToolsetFrameworkPackageReference" debido a una condici├│n falsa (False); ('$(MSBuildRuntimeType)' == 'Full') se evalu├│ como ('Core' == 'Full').
   5:7>Destino "_CheckForObsoleteDotNetCliToolReferences" en el archivo "C:\Program Files\dotnet\sdk\9.0.201\Sdks\Microsoft.NET.Sdk\targets\Microsoft.NET.ObsoleteReferences.targets" del proyecto "D:\Users\Jhon\Documentos\Mintrabajo\Modulo General usuarios\AuthSystemNew\AuthSystem.Infrastructure\AuthSystem.Infrastructure.csproj" (el destino "CollectPackageReferences" depende de ├®l):
       Se omiti├│ la tarea "NETSdkWarning" debido a una condici├│n falsa (False); ( '%(_ReferenceToObsoleteDotNetCliTool.Identity)' != '' ) se evalu├│ como ( '' != '' ).
   3:4>Tarea "ResolveAppHosts"
   5:7>Compilaci├│n terminada del destino "_CheckForObsoleteDotNetCliToolReferences" en el proyecto "AuthSystem.Infrastructure.csproj".
   7:5>Ejecuci├│n de la tarea "CheckIfPackageReferenceShouldBeFrameworkReference" terminada.
   3:4>Ejecuci├│n de la tarea "ResolveAppHosts" terminada.
   5:7>Destino "CollectPackageReferences" en el archivo "C:\Program Files\dotnet\sdk\9.0.201\NuGet.targets" del proyecto "D:\Users\Jhon\Documentos\Mintrabajo\Modulo General usuarios\AuthSystemNew\AuthSystem.Infrastructure\AuthSystem.Infrastructure.csproj" (el destino "_GetRestoreProjectStyle" depende de ├®l):
   5:7>Usando la tarea "CheckForDuplicateNuGetItemsTask" del ensamblado "C:\Program Files\dotnet\sdk\9.0.201\NuGet.Build.Tasks.dll".
   7:5>UpdateAspNetToFrameworkReference:
       Se omiti├│ la tarea "NETSdkError" debido a una condici├│n falsa (False); ('$(_ShouldRemoveAspNetCoreAll)' == 'true') se evalu├│ como ('False' == 'true').
       Tarea "CheckIfPackageReferenceShouldBeFrameworkReference"
   5:7>Tarea "CheckForDuplicateNuGetItemsTask"
   3:4>Compilaci├│n terminada del destino "ProcessFrameworkReferences" en el proyecto "AuthSystem.IntegrationTests.csproj".
   5:7>Ejecuci├│n de la tarea "CheckForDuplicateNuGetItemsTask" terminada.
   5:7>Compilaci├│n terminada del destino "CollectPackageReferences" en el proyecto "AuthSystem.Infrastructure.csproj".
   3:4>Se omiti├│ el destino "IncludeTargetingPackReference" debido a una condici├│n falsa (False); ('$(TargetFrameworkMoniker)' != '' and '$(TargetFrameworkIdentifier)' == '.NETFramework' and '$(AutomaticallyUseReferenceAssemblyPackages)' == 'true') se evalu├│ como ('.NETCoreApp,Version=v8.0' != '' and '.NETCoreApp' == '.NETFramework' and 'true' == 'true').
       Se omiti├│ el destino "_CheckMicrosoftNetCompilersToolsetFrameworkPackageReference" debido a una condici├│n falsa (False); ('$(MSBuildRuntimeType)' == 'Full') se evalu├│ como ('Core' == 'Full').
   5:7>Destino "_GetRestoreProjectStyle" en el archivo "C:\Program Files\dotnet\sdk\9.0.201\NuGet.targets" del proyecto "D:\Users\Jhon\Documentos\Mintrabajo\Modulo General usuarios\AuthSystemNew\AuthSystem.Infrastructure\AuthSystem.Infrastructure.csproj" (el destino "_GenerateRestoreSpecs" depende de ├®l):
   5:7>Usando la tarea "GetRestoreProjectStyleTask" del ensamblado "C:\Program Files\dotnet\sdk\9.0.201\NuGet.Build.Tasks.dll".
       Tarea "GetRestoreProjectStyleTask"
   3:4>Destino "_CheckForObsoleteDotNetCliToolReferences" en el archivo "C:\Program Files\dotnet\sdk\9.0.201\Sdks\Microsoft.NET.Sdk\targets\Microsoft.NET.ObsoleteReferences.targets" del proyecto "D:\Users\Jhon\Documentos\Mintrabajo\Modulo General usuarios\AuthSystemNew\AuthSystem.IntegrationTests\AuthSystem.IntegrationTests.csproj" (el destino "CollectPackageReferences" depende de ├®l):
   3:4>Se omiti├│ la tarea "NETSdkWarning" debido a una condici├│n falsa (False); ( '%(_ReferenceToObsoleteDotNetCliTool.Identity)' != '' ) se evalu├│ como ( '' != '' ).
   5:7>Ejecuci├│n de la tarea "GetRestoreProjectStyleTask" terminada.
   3:4>Compilaci├│n terminada del destino "_CheckForObsoleteDotNetCliToolReferences" en el proyecto "AuthSystem.IntegrationTests.csproj".
   5:7>Compilaci├│n terminada del destino "_GetRestoreProjectStyle" en el proyecto "AuthSystem.Infrastructure.csproj".
   5:7>Destino "_GenerateRestoreSpecs" en el archivo "C:\Program Files\dotnet\sdk\9.0.201\NuGet.targets" del proyecto "D:\Users\Jhon\Documentos\Mintrabajo\Modulo General usuarios\AuthSystemNew\AuthSystem.Infrastructure\AuthSystem.Infrastructure.csproj" (el destino "_GenerateRestoreGraphProjectEntry" depende de ├®l):
       Usando la tarea "Message" del ensamblado "Microsoft.Build.Tasks.Core, Version=15.1.0.0, Culture=neutral, PublicKeyToken=b03f5f7f11d50a3a".
       Tarea "Message"
   3:4>Destino "CollectPackageReferences" en el archivo "C:\Program Files\dotnet\sdk\9.0.201\NuGet.targets" del proyecto "D:\Users\Jhon\Documentos\Mintrabajo\Modulo General usuarios\AuthSystemNew\AuthSystem.IntegrationTests\AuthSystem.IntegrationTests.csproj" (el destino "_GetRestoreProjectStyle" depende de ├®l):
   3:4>Usando la tarea "CheckForDuplicateNuGetItemsTask" del ensamblado "C:\Program Files\dotnet\sdk\9.0.201\NuGet.Build.Tasks.dll".
   5:7>_GenerateRestoreSpecs:
         Restore entry point D:\Users\Jhon\Documentos\Mintrabajo\Modulo General usuarios\AuthSystemNew\AuthSystem.Infrastructure\AuthSystem.Infrastructure.csproj
       Ejecuci├│n de la tarea "Message" terminada.
   3:4>Tarea "CheckForDuplicateNuGetItemsTask"
   5:7>Compilaci├│n terminada del destino "_GenerateRestoreSpecs" en el proyecto "AuthSystem.Infrastructure.csproj".
   3:4>Ejecuci├│n de la tarea "CheckForDuplicateNuGetItemsTask" terminada.
   7:5>Ejecuci├│n de la tarea "CheckIfPackageReferenceShouldBeFrameworkReference" terminada.
   3:4>Compilaci├│n terminada del destino "CollectPackageReferences" en el proyecto "AuthSystem.IntegrationTests.csproj".
   5:7>Destino "_GetRestoreSettingsOverrides" en el archivo "C:\Program Files\dotnet\sdk\9.0.201\NuGet.targets" del proyecto "D:\Users\Jhon\Documentos\Mintrabajo\Modulo General usuarios\AuthSystemNew\AuthSystem.Infrastructure\AuthSystem.Infrastructure.csproj" (el destino "_GetRestoreSettings" depende de ├®l):
   5:7>Se omiti├│ la tarea "MSBuild" debido a una condici├│n falsa (False); ( '$(RestorePackagesPath)' != '' ) se evalu├│ como ( '' != '' ).
   7:5>UpdateAspNetToFrameworkReference:
       Se omiti├│ la tarea "NETSdkWarning" debido a una condici├│n falsa (False); ('$(_ShouldRemoveAspNetCoreApp)' == 'true') se evalu├│ como ('False' == 'true').
   7:5>Compilaci├│n terminada del destino "UpdateAspNetToFrameworkReference" en el proyecto "AuthSystem.API.csproj".
   5:7>_GetRestoreSettingsOverrides:
       Se omiti├│ la tarea "MSBuild" debido a una condici├│n falsa (False); ( '$(RestoreRepositoryPathOverride)' != '' ) se evalu├│ como ( '' != '' ).
   7:5>Se omiti├│ el destino "IncludeTargetingPackReference" debido a una condici├│n falsa (False); ('$(TargetFrameworkMoniker)' != '' and '$(TargetFrameworkIdentifier)' == '.NETFramework' and '$(AutomaticallyUseReferenceAssemblyPackages)' == 'true') se evalu├│ como ('.NETCoreApp,Version=v8.0' != '' and '.NETCoreApp' == '.NETFramework' and 'true' == 'true').
   5:7>_GetRestoreSettingsOverrides:
       Se omiti├│ la tarea "MSBuild" debido a una condici├│n falsa (False); ( '$(RestoreSources)' != '' ) se evalu├│ como ( '' != '' ).
   4:4>Ejecuci├│n de la tarea "ProcessFrameworkReferences" terminada.
   5:7>_GetRestoreSettingsOverrides:
       Se omiti├│ la tarea "MSBuild" debido a una condici├│n falsa (False); ( '$(RestoreFallbackFolders)' != '' ) se evalu├│ como ( '' != '' ).
   2:8>Ejecuci├│n de la tarea "ProcessFrameworkReferences" terminada.
   3:4>Destino "_GetRestoreProjectStyle" en el archivo "C:\Program Files\dotnet\sdk\9.0.201\NuGet.targets" del proyecto "D:\Users\Jhon\Documentos\Mintrabajo\Modulo General usuarios\AuthSystemNew\AuthSystem.IntegrationTests\AuthSystem.IntegrationTests.csproj" (el destino "_GenerateRestoreSpecs" depende de ├®l):
   3:4>Usando la tarea "GetRestoreProjectStyleTask" del ensamblado "C:\Program Files\dotnet\sdk\9.0.201\NuGet.Build.Tasks.dll".
   4:4>ProcessFrameworkReferences:
       Usando la tarea "ResolveAppHosts" del ensamblado "C:\Program Files\dotnet\sdk\9.0.201\Sdks\Microsoft.NET.Sdk\targets\..\tools\net9.0\Microsoft.NET.Build.Tasks.dll".
   2:8>ProcessFrameworkReferences:
       Usando la tarea "ResolveAppHosts" del ensamblado "C:\Program Files\dotnet\sdk\9.0.201\Sdks\Microsoft.NET.Sdk\targets\..\tools\net9.0\Microsoft.NET.Build.Tasks.dll".
   5:7>Compilaci├│n terminada del destino "_GetRestoreSettingsOverrides" en el proyecto "AuthSystem.Infrastructure.csproj".
   3:4>Tarea "GetRestoreProjectStyleTask"
   7:5>Destino "CheckForImplicitPackageReferenceOverrides" en el archivo "C:\Program Files\dotnet\sdk\9.0.201\Sdks\Microsoft.NET.Sdk\targets\Microsoft.NET.Sdk.DefaultItems.Shared.targets" del proyecto "D:\Users\Jhon\Documentos\Mintrabajo\Modulo General usuarios\AuthSystemNew\AuthSystem.API\AuthSystem.API.csproj" (el destino "ApplyImplicitVersions" depende de ├®l):
   7:5>Usando la tarea "CheckForImplicitPackageReferenceOverrides" del ensamblado "C:\Program Files\dotnet\sdk\9.0.201\Sdks\Microsoft.NET.Sdk\targets\..\tools\net9.0\Microsoft.NET.Build.Tasks.dll".
       Tarea "CheckForImplicitPackageReferenceOverrides"
   2:8>Tarea "ResolveAppHosts"
   4:4>Tarea "ResolveAppHosts"
   3:4>Ejecuci├│n de la tarea "GetRestoreProjectStyleTask" terminada.
   5:7>Destino "_GetRestoreSettingsPerFramework" en el archivo "C:\Program Files\dotnet\sdk\9.0.201\NuGet.targets" del proyecto "D:\Users\Jhon\Documentos\Mintrabajo\Modulo General usuarios\AuthSystemNew\AuthSystem.Infrastructure\AuthSystem.Infrastructure.csproj" (el destino "_GetRestoreSettingsCurrentProject" depende de ├®l):
   5:7>Compilaci├│n terminada del destino "_GetRestoreSettingsPerFramework" en el proyecto "AuthSystem.Infrastructure.csproj".
   3:4>Compilaci├│n terminada del destino "_GetRestoreProjectStyle" en el proyecto "AuthSystem.IntegrationTests.csproj".
   3:4>Destino "_GenerateRestoreSpecs" en el archivo "C:\Program Files\dotnet\sdk\9.0.201\NuGet.targets" del proyecto "D:\Users\Jhon\Documentos\Mintrabajo\Modulo General usuarios\AuthSystemNew\AuthSystem.IntegrationTests\AuthSystem.IntegrationTests.csproj" (el destino "_GenerateRestoreGraphProjectEntry" depende de ├®l):
       Usando la tarea "Message" del ensamblado "Microsoft.Build.Tasks.Core, Version=15.1.0.0, Culture=neutral, PublicKeyToken=b03f5f7f11d50a3a".
       Tarea "Message"
         Restore entry point D:\Users\Jhon\Documentos\Mintrabajo\Modulo General usuarios\AuthSystemNew\AuthSystem.IntegrationTests\AuthSystem.IntegrationTests.csproj
       Ejecuci├│n de la tarea "Message" terminada.
   3:4>Compilaci├│n terminada del destino "_GenerateRestoreSpecs" en el proyecto "AuthSystem.IntegrationTests.csproj".
   5:7>Destino "_GetRestoreSettingsCurrentProject" en el archivo "C:\Program Files\dotnet\sdk\9.0.201\NuGet.targets" del proyecto "D:\Users\Jhon\Documentos\Mintrabajo\Modulo General usuarios\AuthSystemNew\AuthSystem.Infrastructure\AuthSystem.Infrastructure.csproj" (el destino "_GetRestoreSettings" depende de ├®l):
   5:7>Compilaci├│n terminada del destino "_GetRestoreSettingsCurrentProject" en el proyecto "AuthSystem.Infrastructure.csproj".
       Se omiti├│ el destino "_GetRestoreSettingsAllFrameworks" debido a una condici├│n falsa (False); ( '$(TargetFrameworks)' != '' AND '$(PackageReferenceCompatibleProjectStyle)' == 'true' ) se evalu├│ como ( '' != '' AND 'True' == 'true' ).
   5:7>Destino "_GetRestoreSettings" en el archivo "C:\Program Files\dotnet\sdk\9.0.201\NuGet.targets" del proyecto "D:\Users\Jhon\Documentos\Mintrabajo\Modulo General usuarios\AuthSystemNew\AuthSystem.Infrastructure\AuthSystem.Infrastructure.csproj" (el destino "_GenerateDotnetCliToolReferenceSpecs" depende de ├®l):
       Usando la tarea "GetRestoreSettingsTask" del ensamblado "C:\Program Files\dotnet\sdk\9.0.201\NuGet.Build.Tasks.dll".
       Tarea "GetRestoreSettingsTask"
   6:9>Ejecuci├│n de la tarea "ProcessFrameworkReferences" terminada.
   3:4>Destino "_GetRestoreSettingsOverrides" en el archivo "C:\Program Files\dotnet\sdk\9.0.201\NuGet.targets" del proyecto "D:\Users\Jhon\Documentos\Mintrabajo\Modulo General usuarios\AuthSystemNew\AuthSystem.IntegrationTests\AuthSystem.IntegrationTests.csproj" (el destino "_GetRestoreSettings" depende de ├®l):
   3:4>Se omiti├│ la tarea "MSBuild" debido a una condici├│n falsa (False); ( '$(RestorePackagesPath)' != '' ) se evalu├│ como ( '' != '' ).
   6:9>ProcessFrameworkReferences:
       Usando la tarea "ResolveAppHosts" del ensamblado "C:\Program Files\dotnet\sdk\9.0.201\Sdks\Microsoft.NET.Sdk\targets\..\tools\net9.0\Microsoft.NET.Build.Tasks.dll".
   3:4>_GetRestoreSettingsOverrides:
       Se omiti├│ la tarea "MSBuild" debido a una condici├│n falsa (False); ( '$(RestoreRepositoryPathOverride)' != '' ) se evalu├│ como ( '' != '' ).
   6:9>Tarea "ResolveAppHosts"
   3:4>_GetRestoreSettingsOverrides:
       Se omiti├│ la tarea "MSBuild" debido a una condici├│n falsa (False); ( '$(RestoreSources)' != '' ) se evalu├│ como ( '' != '' ).
       Se omiti├│ la tarea "MSBuild" debido a una condici├│n falsa (False); ( '$(RestoreFallbackFolders)' != '' ) se evalu├│ como ( '' != '' ).
   3:4>Compilaci├│n terminada del destino "_GetRestoreSettingsOverrides" en el proyecto "AuthSystem.IntegrationTests.csproj".
   3:4>Destino "_GetRestoreSettingsPerFramework" en el archivo "C:\Program Files\dotnet\sdk\9.0.201\NuGet.targets" del proyecto "D:\Users\Jhon\Documentos\Mintrabajo\Modulo General usuarios\AuthSystemNew\AuthSystem.IntegrationTests\AuthSystem.IntegrationTests.csproj" (el destino "_GetRestoreSettingsCurrentProject" depende de ├®l):
   3:4>Compilaci├│n terminada del destino "_GetRestoreSettingsPerFramework" en el proyecto "AuthSystem.IntegrationTests.csproj".
   4:4>Ejecuci├│n de la tarea "ResolveAppHosts" terminada.
   7:5>Ejecuci├│n de la tarea "CheckForImplicitPackageReferenceOverrides" terminada.
   3:4>Destino "_GetRestoreSettingsCurrentProject" en el archivo "C:\Program Files\dotnet\sdk\9.0.201\NuGet.targets" del proyecto "D:\Users\Jhon\Documentos\Mintrabajo\Modulo General usuarios\AuthSystemNew\AuthSystem.IntegrationTests\AuthSystem.IntegrationTests.csproj" (el destino "_GetRestoreSettings" depende de ├®l):
   3:4>Compilaci├│n terminada del destino "_GetRestoreSettingsCurrentProject" en el proyecto "AuthSystem.IntegrationTests.csproj".
   4:4>Compilaci├│n terminada del destino "ProcessFrameworkReferences" en el proyecto "AuthSystem.UnitTests.csproj".
   2:8>Ejecuci├│n de la tarea "ResolveAppHosts" terminada.
   3:4>Se omiti├│ el destino "_GetRestoreSettingsAllFrameworks" debido a una condici├│n falsa (False); ( '$(TargetFrameworks)' != '' AND '$(PackageReferenceCompatibleProjectStyle)' == 'true' ) se evalu├│ como ( '' != '' AND 'True' == 'true' ).
   2:8>Compilaci├│n terminada del destino "ProcessFrameworkReferences" en el proyecto "AuthSystem.Application.csproj".
   7:5>Compilaci├│n terminada del destino "CheckForImplicitPackageReferenceOverrides" en el proyecto "AuthSystem.API.csproj".
   4:4>Se omiti├│ el destino "IncludeTargetingPackReference" debido a una condici├│n falsa (False); ('$(TargetFrameworkMoniker)' != '' and '$(TargetFrameworkIdentifier)' == '.NETFramework' and '$(AutomaticallyUseReferenceAssemblyPackages)' == 'true') se evalu├│ como ('.NETCoreApp,Version=v8.0' != '' and '.NETCoreApp' == '.NETFramework' and 'true' == 'true').
   3:4>Destino "_GetRestoreSettings" en el archivo "C:\Program Files\dotnet\sdk\9.0.201\NuGet.targets" del proyecto "D:\Users\Jhon\Documentos\Mintrabajo\Modulo General usuarios\AuthSystemNew\AuthSystem.IntegrationTests\AuthSystem.IntegrationTests.csproj" (el destino "_GenerateDotnetCliToolReferenceSpecs" depende de ├®l):
   3:4>Usando la tarea "GetRestoreSettingsTask" del ensamblado "C:\Program Files\dotnet\sdk\9.0.201\NuGet.Build.Tasks.dll".
       Tarea "GetRestoreSettingsTask"
   2:8>Se omiti├│ el destino "IncludeTargetingPackReference" debido a una condici├│n falsa (False); ('$(TargetFrameworkMoniker)' != '' and '$(TargetFrameworkIdentifier)' == '.NETFramework' and '$(AutomaticallyUseReferenceAssemblyPackages)' == 'true') se evalu├│ como ('.NETCoreApp,Version=v8.0' != '' and '.NETCoreApp' == '.NETFramework' and 'true' == 'true').
   4:4>Se omiti├│ el destino "_CheckMicrosoftNetCompilersToolsetFrameworkPackageReference" debido a una condici├│n falsa (False); ('$(MSBuildRuntimeType)' == 'Full') se evalu├│ como ('Core' == 'Full').
   2:8>Se omiti├│ el destino "_CheckMicrosoftNetCompilersToolsetFrameworkPackageReference" debido a una condici├│n falsa (False); ('$(MSBuildRuntimeType)' == 'Full') se evalu├│ como ('Core' == 'Full').
   4:4>Destino "_CheckForObsoleteDotNetCliToolReferences" en el archivo "C:\Program Files\dotnet\sdk\9.0.201\Sdks\Microsoft.NET.Sdk\targets\Microsoft.NET.ObsoleteReferences.targets" del proyecto "D:\Users\Jhon\Documentos\Mintrabajo\Modulo General usuarios\AuthSystemNew\AuthSystem.UnitTests\AuthSystem.UnitTests.csproj" (el destino "CollectPackageReferences" depende de ├®l):
   4:4>Se omiti├│ la tarea "NETSdkWarning" debido a una condici├│n falsa (False); ( '%(_ReferenceToObsoleteDotNetCliTool.Identity)' != '' ) se evalu├│ como ( '' != '' ).
   2:8>Destino "_CheckForObsoleteDotNetCliToolReferences" en el archivo "C:\Program Files\dotnet\sdk\9.0.201\Sdks\Microsoft.NET.Sdk\targets\Microsoft.NET.ObsoleteReferences.targets" del proyecto "D:\Users\Jhon\Documentos\Mintrabajo\Modulo General usuarios\AuthSystemNew\AuthSystem.Application\AuthSystem.Application.csproj" (el destino "CollectPackageReferences" depende de ├®l):
   2:8>Se omiti├│ la tarea "NETSdkWarning" debido a una condici├│n falsa (False); ( '%(_ReferenceToObsoleteDotNetCliTool.Identity)' != '' ) se evalu├│ como ( '' != '' ).
   4:4>Compilaci├│n terminada del destino "_CheckForObsoleteDotNetCliToolReferences" en el proyecto "AuthSystem.UnitTests.csproj".
   2:8>Compilaci├│n terminada del destino "_CheckForObsoleteDotNetCliToolReferences" en el proyecto "AuthSystem.Application.csproj".
   7:5>Destino "ApplyImplicitVersions" en el archivo "C:\Program Files\dotnet\sdk\9.0.201\Sdks\Microsoft.NET.Sdk\targets\Microsoft.NET.Sdk.DefaultItems.Shared.targets" del proyecto "D:\Users\Jhon\Documentos\Mintrabajo\Modulo General usuarios\AuthSystemNew\AuthSystem.API\AuthSystem.API.csproj" (el destino "CollectPackageReferences" depende de ├®l):
   7:5>Usando la tarea "ApplyImplicitVersions" del ensamblado "C:\Program Files\dotnet\sdk\9.0.201\Sdks\Microsoft.NET.Sdk\targets\..\tools\net9.0\Microsoft.NET.Build.Tasks.dll".
       Tarea "ApplyImplicitVersions"
   4:4>Destino "CollectPackageReferences" en el archivo "C:\Program Files\dotnet\sdk\9.0.201\NuGet.targets" del proyecto "D:\Users\Jhon\Documentos\Mintrabajo\Modulo General usuarios\AuthSystemNew\AuthSystem.UnitTests\AuthSystem.UnitTests.csproj" (el destino "_GetRestoreProjectStyle" depende de ├®l):
   4:4>Usando la tarea "CheckForDuplicateNuGetItemsTask" del ensamblado "C:\Program Files\dotnet\sdk\9.0.201\NuGet.Build.Tasks.dll".
   2:8>Destino "CollectPackageReferences" en el archivo "C:\Program Files\dotnet\sdk\9.0.201\NuGet.targets" del proyecto "D:\Users\Jhon\Documentos\Mintrabajo\Modulo General usuarios\AuthSystemNew\AuthSystem.Application\AuthSystem.Application.csproj" (el destino "_GetRestoreProjectStyle" depende de ├®l):
   2:8>Usando la tarea "CheckForDuplicateNuGetItemsTask" del ensamblado "C:\Program Files\dotnet\sdk\9.0.201\NuGet.Build.Tasks.dll".
   4:4>Tarea "CheckForDuplicateNuGetItemsTask"
   2:8>Tarea "CheckForDuplicateNuGetItemsTask"
   4:4>Ejecuci├│n de la tarea "CheckForDuplicateNuGetItemsTask" terminada.
   2:8>Ejecuci├│n de la tarea "CheckForDuplicateNuGetItemsTask" terminada.
   4:4>Compilaci├│n terminada del destino "CollectPackageReferences" en el proyecto "AuthSystem.UnitTests.csproj".
   2:8>Compilaci├│n terminada del destino "CollectPackageReferences" en el proyecto "AuthSystem.Application.csproj".
   4:4>Destino "_GetRestoreProjectStyle" en el archivo "C:\Program Files\dotnet\sdk\9.0.201\NuGet.targets" del proyecto "D:\Users\Jhon\Documentos\Mintrabajo\Modulo General usuarios\AuthSystemNew\AuthSystem.UnitTests\AuthSystem.UnitTests.csproj" (el destino "_GenerateRestoreSpecs" depende de ├®l):
   4:4>Usando la tarea "GetRestoreProjectStyleTask" del ensamblado "C:\Program Files\dotnet\sdk\9.0.201\NuGet.Build.Tasks.dll".
   6:9>Ejecuci├│n de la tarea "ResolveAppHosts" terminada.
   4:4>Tarea "GetRestoreProjectStyleTask"
   2:8>Destino "_GetRestoreProjectStyle" en el archivo "C:\Program Files\dotnet\sdk\9.0.201\NuGet.targets" del proyecto "D:\Users\Jhon\Documentos\Mintrabajo\Modulo General usuarios\AuthSystemNew\AuthSystem.Application\AuthSystem.Application.csproj" (el destino "_GenerateRestoreSpecs" depende de ├®l):
   2:8>Usando la tarea "GetRestoreProjectStyleTask" del ensamblado "C:\Program Files\dotnet\sdk\9.0.201\NuGet.Build.Tasks.dll".
       Tarea "GetRestoreProjectStyleTask"
   6:9>Compilaci├│n terminada del destino "ProcessFrameworkReferences" en el proyecto "AuthSystem.Domain.csproj".
   7:5>Ejecuci├│n de la tarea "ApplyImplicitVersions" terminada.
   6:9>Se omiti├│ el destino "IncludeTargetingPackReference" debido a una condici├│n falsa (False); ('$(TargetFrameworkMoniker)' != '' and '$(TargetFrameworkIdentifier)' == '.NETFramework' and '$(AutomaticallyUseReferenceAssemblyPackages)' == 'true') se evalu├│ como ('.NETCoreApp,Version=v8.0' != '' and '.NETCoreApp' == '.NETFramework' and 'true' == 'true').
       Se omiti├│ el destino "_CheckMicrosoftNetCompilersToolsetFrameworkPackageReference" debido a una condici├│n falsa (False); ('$(MSBuildRuntimeType)' == 'Full') se evalu├│ como ('Core' == 'Full').
   4:4>Ejecuci├│n de la tarea "GetRestoreProjectStyleTask" terminada.
   7:5>Compilaci├│n terminada del destino "ApplyImplicitVersions" en el proyecto "AuthSystem.API.csproj".
       Se omiti├│ el destino "CheckForImplicitPackageReferenceOverrides". Compilado previamente de forma correcta.
   4:4>Compilaci├│n terminada del destino "_GetRestoreProjectStyle" en el proyecto "AuthSystem.UnitTests.csproj".
   6:9>Destino "_CheckForObsoleteDotNetCliToolReferences" en el archivo "C:\Program Files\dotnet\sdk\9.0.201\Sdks\Microsoft.NET.Sdk\targets\Microsoft.NET.ObsoleteReferences.targets" del proyecto "D:\Users\Jhon\Documentos\Mintrabajo\Modulo General usuarios\AuthSystemNew\AuthSystem.Domain\AuthSystem.Domain.csproj" (el destino "CollectPackageReferences" depende de ├®l):
   6:9>Se omiti├│ la tarea "NETSdkWarning" debido a una condici├│n falsa (False); ( '%(_ReferenceToObsoleteDotNetCliTool.Identity)' != '' ) se evalu├│ como ( '' != '' ).
   2:8>Ejecuci├│n de la tarea "GetRestoreProjectStyleTask" terminada.
   7:5>Se omiti├│ el destino "AddWindowsSdkKnownFrameworkReferences" debido a una condici├│n falsa (False); ('$(TargetFrameworkIdentifier)' == '.NETCoreApp' And '$(TargetPlatformIdentifier)' == 'Windows'
                     And ('$(Language)' != 'C++' Or '$(IncludeWindowsSDKRefFrameworkReferences)' == 'true')) se evalu├│ como ('.NETCoreApp' == '.NETCoreApp' And '' == 'Windows'
                     And ('C#' != 'C++' Or '' == 'true')).
   2:8>Compilaci├│n terminada del destino "_GetRestoreProjectStyle" en el proyecto "AuthSystem.Application.csproj".
   6:9>Compilaci├│n terminada del destino "_CheckForObsoleteDotNetCliToolReferences" en el proyecto "AuthSystem.Domain.csproj".
   7:5>Se omiti├│ el destino "_NormalizeTargetPlatformVersion" debido a una condici├│n falsa (False); ('$(TargetPlatformVersion)' != '' and '$(TargetFrameworkIdentifier)' == '.NETCoreApp' and $([MSBuild]::VersionGreaterThanOrEquals($(TargetFrameworkVersion), 5.0)) and ('$(Language)' != 'C++' or '$(_EnablePackageReferencesInVCProjects)' == 'true')) se evalu├│ como ('' != '' and '.NETCoreApp' == '.NETCoreApp' and True and ('C#' != 'C++' or '' == 'true')).
   4:4>Destino "_GenerateRestoreSpecs" en el archivo "C:\Program Files\dotnet\sdk\9.0.201\NuGet.targets" del proyecto "D:\Users\Jhon\Documentos\Mintrabajo\Modulo General usuarios\AuthSystemNew\AuthSystem.UnitTests\AuthSystem.UnitTests.csproj" (el destino "_GenerateRestoreGraphProjectEntry" depende de ├®l):
   4:4>Usando la tarea "Message" del ensamblado "Microsoft.Build.Tasks.Core, Version=15.1.0.0, Culture=neutral, PublicKeyToken=b03f5f7f11d50a3a".
   7:5>Destino "_CheckForLanguageAndFeatureCombinationSupport" en el archivo "C:\Program Files\dotnet\sdk\9.0.201\Sdks\Microsoft.NET.Sdk\targets\Microsoft.NET.RuntimeIdentifierInference.targets" del proyecto "D:\Users\Jhon\Documentos\Mintrabajo\Modulo General usuarios\AuthSystemNew\AuthSystem.API\AuthSystem.API.csproj" (el destino "ProcessFrameworkReferences" depende de ├®l):
   7:5>Se omiti├│ la tarea "NETSdkError" debido a una condici├│n falsa (False); (('$(Language)' == 'C++' and '$(_EnablePackageReferencesInVCProjects)' != 'true') and $(OutputType) != 'library' and '$(TargetFrameworkIdentifier)' == '.NETCoreApp') se evalu├│ como (('C#' == 'C++' and '' != 'true') and Exe != 'library' and '.NETCoreApp' == '.NETCoreApp').
   4:4>Tarea "Message"
   7:5>_CheckForLanguageAndFeatureCombinationSupport:
       Se omiti├│ la tarea "NETSdkError" debido a una condici├│n falsa (False); (('$(Language)' == 'C++' and '$(_EnablePackageReferencesInVCProjects)' != 'true') and $(EnableComHosting) == 'true') se evalu├│ como (('C#' == 'C++' and '' != 'true') and  == 'true').
   6:9>Destino "CollectPackageReferences" en el archivo "C:\Program Files\dotnet\sdk\9.0.201\NuGet.targets" del proyecto "D:\Users\Jhon\Documentos\Mintrabajo\Modulo General usuarios\AuthSystemNew\AuthSystem.Domain\AuthSystem.Domain.csproj" (el destino "_GetRestoreProjectStyle" depende de ├®l):
   6:9>Usando la tarea "CheckForDuplicateNuGetItemsTask" del ensamblado "C:\Program Files\dotnet\sdk\9.0.201\NuGet.Build.Tasks.dll".
   4:4>_GenerateRestoreSpecs:
         Restore entry point D:\Users\Jhon\Documentos\Mintrabajo\Modulo General usuarios\AuthSystemNew\AuthSystem.UnitTests\AuthSystem.UnitTests.csproj
   7:5>_CheckForLanguageAndFeatureCombinationSupport:
       Se omiti├│ la tarea "NETSdkError" debido a una condici├│n falsa (False); (('$(Language)' == 'C++' and '$(_EnablePackageReferencesInVCProjects)' != 'true') and $(SelfContained) == 'true') se evalu├│ como (('C#' == 'C++' and '' != 'true') and false == 'true').
   2:8>Destino "_GenerateRestoreSpecs" en el archivo "C:\Program Files\dotnet\sdk\9.0.201\NuGet.targets" del proyecto "D:\Users\Jhon\Documentos\Mintrabajo\Modulo General usuarios\AuthSystemNew\AuthSystem.Application\AuthSystem.Application.csproj" (el destino "_GenerateRestoreGraphProjectEntry" depende de ├®l):
   2:8>Usando la tarea "Message" del ensamblado "Microsoft.Build.Tasks.Core, Version=15.1.0.0, Culture=neutral, PublicKeyToken=b03f5f7f11d50a3a".
   7:5>Compilaci├│n terminada del destino "_CheckForLanguageAndFeatureCombinationSupport" en el proyecto "AuthSystem.API.csproj".
   4:4>Ejecuci├│n de la tarea "Message" terminada.
   6:9>Tarea "CheckForDuplicateNuGetItemsTask"
       Ejecuci├│n de la tarea "CheckForDuplicateNuGetItemsTask" terminada.
   2:8>Tarea "Message"
   4:4>Compilaci├│n terminada del destino "_GenerateRestoreSpecs" en el proyecto "AuthSystem.UnitTests.csproj".
   6:9>Compilaci├│n terminada del destino "CollectPackageReferences" en el proyecto "AuthSystem.Domain.csproj".
   2:8>_GenerateRestoreSpecs:
         Restore entry point D:\Users\Jhon\Documentos\Mintrabajo\Modulo General usuarios\AuthSystemNew\AuthSystem.Application\AuthSystem.Application.csproj
   4:4>Destino "_GetRestoreSettingsOverrides" en el archivo "C:\Program Files\dotnet\sdk\9.0.201\NuGet.targets" del proyecto "D:\Users\Jhon\Documentos\Mintrabajo\Modulo General usuarios\AuthSystemNew\AuthSystem.UnitTests\AuthSystem.UnitTests.csproj" (el destino "_GetRestoreSettings" depende de ├®l):
   4:4>Se omiti├│ la tarea "MSBuild" debido a una condici├│n falsa (False); ( '$(RestorePackagesPath)' != '' ) se evalu├│ como ( '' != '' ).
   2:8>Ejecuci├│n de la tarea "Message" terminada.
   4:4>_GetRestoreSettingsOverrides:
       Se omiti├│ la tarea "MSBuild" debido a una condici├│n falsa (False); ( '$(RestoreRepositoryPathOverride)' != '' ) se evalu├│ como ( '' != '' ).
   6:9>Destino "_GetRestoreProjectStyle" en el archivo "C:\Program Files\dotnet\sdk\9.0.201\NuGet.targets" del proyecto "D:\Users\Jhon\Documentos\Mintrabajo\Modulo General usuarios\AuthSystemNew\AuthSystem.Domain\AuthSystem.Domain.csproj" (el destino "_GenerateRestoreSpecs" depende de ├®l):
   6:9>Usando la tarea "GetRestoreProjectStyleTask" del ensamblado "C:\Program Files\dotnet\sdk\9.0.201\NuGet.Build.Tasks.dll".
   4:4>_GetRestoreSettingsOverrides:
       Se omiti├│ la tarea "MSBuild" debido a una condici├│n falsa (False); ( '$(RestoreSources)' != '' ) se evalu├│ como ( '' != '' ).
   2:8>Compilaci├│n terminada del destino "_GenerateRestoreSpecs" en el proyecto "AuthSystem.Application.csproj".
   4:4>_GetRestoreSettingsOverrides:
       Se omiti├│ la tarea "MSBuild" debido a una condici├│n falsa (False); ( '$(RestoreFallbackFolders)' != '' ) se evalu├│ como ( '' != '' ).
   6:9>Tarea "GetRestoreProjectStyleTask"
   4:4>Compilaci├│n terminada del destino "_GetRestoreSettingsOverrides" en el proyecto "AuthSystem.UnitTests.csproj".
   2:8>Destino "_GetRestoreSettingsOverrides" en el archivo "C:\Program Files\dotnet\sdk\9.0.201\NuGet.targets" del proyecto "D:\Users\Jhon\Documentos\Mintrabajo\Modulo General usuarios\AuthSystemNew\AuthSystem.Application\AuthSystem.Application.csproj" (el destino "_GetRestoreSettings" depende de ├®l):
   2:8>Se omiti├│ la tarea "MSBuild" debido a una condici├│n falsa (False); ( '$(RestorePackagesPath)' != '' ) se evalu├│ como ( '' != '' ).
       Se omiti├│ la tarea "MSBuild" debido a una condici├│n falsa (False); ( '$(RestoreRepositoryPathOverride)' != '' ) se evalu├│ como ( '' != '' ).
   4:4>Destino "_GetRestoreSettingsPerFramework" en el archivo "C:\Program Files\dotnet\sdk\9.0.201\NuGet.targets" del proyecto "D:\Users\Jhon\Documentos\Mintrabajo\Modulo General usuarios\AuthSystemNew\AuthSystem.UnitTests\AuthSystem.UnitTests.csproj" (el destino "_GetRestoreSettingsCurrentProject" depende de ├®l):
   4:4>Compilaci├│n terminada del destino "_GetRestoreSettingsPerFramework" en el proyecto "AuthSystem.UnitTests.csproj".
   6:9>Ejecuci├│n de la tarea "GetRestoreProjectStyleTask" terminada.
   2:8>_GetRestoreSettingsOverrides:
       Se omiti├│ la tarea "MSBuild" debido a una condici├│n falsa (False); ( '$(RestoreSources)' != '' ) se evalu├│ como ( '' != '' ).
   5:7>Ejecuci├│n de la tarea "GetRestoreSettingsTask" terminada.
   2:8>_GetRestoreSettingsOverrides:
       Se omiti├│ la tarea "MSBuild" debido a una condici├│n falsa (False); ( '$(RestoreFallbackFolders)' != '' ) se evalu├│ como ( '' != '' ).
   5:7>Compilaci├│n terminada del destino "_GetRestoreSettings" en el proyecto "AuthSystem.Infrastructure.csproj".
   6:9>Compilaci├│n terminada del destino "_GetRestoreProjectStyle" en el proyecto "AuthSystem.Domain.csproj".
   2:8>Compilaci├│n terminada del destino "_GetRestoreSettingsOverrides" en el proyecto "AuthSystem.Application.csproj".
   4:4>Destino "_GetRestoreSettingsCurrentProject" en el archivo "C:\Program Files\dotnet\sdk\9.0.201\NuGet.targets" del proyecto "D:\Users\Jhon\Documentos\Mintrabajo\Modulo General usuarios\AuthSystemNew\AuthSystem.UnitTests\AuthSystem.UnitTests.csproj" (el destino "_GetRestoreSettings" depende de ├®l):
   4:4>Compilaci├│n terminada del destino "_GetRestoreSettingsCurrentProject" en el proyecto "AuthSystem.UnitTests.csproj".
   2:8>Destino "_GetRestoreSettingsPerFramework" en el archivo "C:\Program Files\dotnet\sdk\9.0.201\NuGet.targets" del proyecto "D:\Users\Jhon\Documentos\Mintrabajo\Modulo General usuarios\AuthSystemNew\AuthSystem.Application\AuthSystem.Application.csproj" (el destino "_GetRestoreSettingsCurrentProject" depende de ├®l):
   2:8>Compilaci├│n terminada del destino "_GetRestoreSettingsPerFramework" en el proyecto "AuthSystem.Application.csproj".
   5:7>Destino "_GenerateDotnetCliToolReferenceSpecs" en el archivo "C:\Program Files\dotnet\sdk\9.0.201\NuGet.targets" del proyecto "D:\Users\Jhon\Documentos\Mintrabajo\Modulo General usuarios\AuthSystemNew\AuthSystem.Infrastructure\AuthSystem.Infrastructure.csproj" (el destino "_GenerateRestoreGraphProjectEntry" depende de ├®l):
   5:7>Usando la tarea "GetRestoreDotnetCliToolsTask" del ensamblado "C:\Program Files\dotnet\sdk\9.0.201\NuGet.Build.Tasks.dll".
   4:4>Se omiti├│ el destino "_GetRestoreSettingsAllFrameworks" debido a una condici├│n falsa (False); ( '$(TargetFrameworks)' != '' AND '$(PackageReferenceCompatibleProjectStyle)' == 'true' ) se evalu├│ como ( '' != '' AND 'True' == 'true' ).
   6:9>Destino "_GenerateRestoreSpecs" en el archivo "C:\Program Files\dotnet\sdk\9.0.201\NuGet.targets" del proyecto "D:\Users\Jhon\Documentos\Mintrabajo\Modulo General usuarios\AuthSystemNew\AuthSystem.Domain\AuthSystem.Domain.csproj" (el destino "_GenerateRestoreGraphProjectEntry" depende de ├®l):
   6:9>Usando la tarea "Message" del ensamblado "Microsoft.Build.Tasks.Core, Version=15.1.0.0, Culture=neutral, PublicKeyToken=b03f5f7f11d50a3a".
   2:8>Destino "_GetRestoreSettingsCurrentProject" en el archivo "C:\Program Files\dotnet\sdk\9.0.201\NuGet.targets" del proyecto "D:\Users\Jhon\Documentos\Mintrabajo\Modulo General usuarios\AuthSystemNew\AuthSystem.Application\AuthSystem.Application.csproj" (el destino "_GetRestoreSettings" depende de ├®l):
   2:8>Compilaci├│n terminada del destino "_GetRestoreSettingsCurrentProject" en el proyecto "AuthSystem.Application.csproj".
   6:9>Tarea "Message"
   4:4>Destino "_GetRestoreSettings" en el archivo "C:\Program Files\dotnet\sdk\9.0.201\NuGet.targets" del proyecto "D:\Users\Jhon\Documentos\Mintrabajo\Modulo General usuarios\AuthSystemNew\AuthSystem.UnitTests\AuthSystem.UnitTests.csproj" (el destino "_GenerateDotnetCliToolReferenceSpecs" depende de ├®l):
   4:4>Usando la tarea "GetRestoreSettingsTask" del ensamblado "C:\Program Files\dotnet\sdk\9.0.201\NuGet.Build.Tasks.dll".
   6:9>_GenerateRestoreSpecs:
         Restore entry point D:\Users\Jhon\Documentos\Mintrabajo\Modulo General usuarios\AuthSystemNew\AuthSystem.Domain\AuthSystem.Domain.csproj
   2:8>Se omiti├│ el destino "_GetRestoreSettingsAllFrameworks" debido a una condici├│n falsa (False); ( '$(TargetFrameworks)' != '' AND '$(PackageReferenceCompatibleProjectStyle)' == 'true' ) se evalu├│ como ( '' != '' AND 'True' == 'true' ).
   5:7>Tarea "GetRestoreDotnetCliToolsTask"
   6:9>Ejecuci├│n de la tarea "Message" terminada.
   4:4>Tarea "GetRestoreSettingsTask"
   6:9>Compilaci├│n terminada del destino "_GenerateRestoreSpecs" en el proyecto "AuthSystem.Domain.csproj".
   5:7>Ejecuci├│n de la tarea "GetRestoreDotnetCliToolsTask" terminada.
   2:8>Destino "_GetRestoreSettings" en el archivo "C:\Program Files\dotnet\sdk\9.0.201\NuGet.targets" del proyecto "D:\Users\Jhon\Documentos\Mintrabajo\Modulo General usuarios\AuthSystemNew\AuthSystem.Application\AuthSystem.Application.csproj" (el destino "_GenerateDotnetCliToolReferenceSpecs" depende de ├®l):
   2:8>Usando la tarea "GetRestoreSettingsTask" del ensamblado "C:\Program Files\dotnet\sdk\9.0.201\NuGet.Build.Tasks.dll".
   5:7>Compilaci├│n terminada del destino "_GenerateDotnetCliToolReferenceSpecs" en el proyecto "AuthSystem.Infrastructure.csproj".
   2:8>Tarea "GetRestoreSettingsTask"
   5:7>Destino "_GenerateRestoreGraphProjectEntry" en el archivo "C:\Program Files\dotnet\sdk\9.0.201\NuGet.targets" del proyecto "D:\Users\Jhon\Documentos\Mintrabajo\Modulo General usuarios\AuthSystemNew\AuthSystem.Infrastructure\AuthSystem.Infrastructure.csproj" (punto de entrada):
   5:7>Compilaci├│n terminada del destino "_GenerateRestoreGraphProjectEntry" en el proyecto "AuthSystem.Infrastructure.csproj".
   6:9>Destino "_GetRestoreSettingsOverrides" en el archivo "C:\Program Files\dotnet\sdk\9.0.201\NuGet.targets" del proyecto "D:\Users\Jhon\Documentos\Mintrabajo\Modulo General usuarios\AuthSystemNew\AuthSystem.Domain\AuthSystem.Domain.csproj" (el destino "_GetRestoreSettings" depende de ├®l):
   6:9>Se omiti├│ la tarea "MSBuild" debido a una condici├│n falsa (False); ( '$(RestorePackagesPath)' != '' ) se evalu├│ como ( '' != '' ).
   5:7>Compilaci├│n del proyecto terminada "D:\Users\Jhon\Documentos\Mintrabajo\Modulo General usuarios\AuthSystemNew\AuthSystem.Infrastructure\AuthSystem.Infrastructure.csproj" (_GenerateRestoreGraphProjectEntry destinos).
   6:9>_GetRestoreSettingsOverrides:
       Se omiti├│ la tarea "MSBuild" debido a una condici├│n falsa (False); ( '$(RestoreRepositoryPathOverride)' != '' ) se evalu├│ como ( '' != '' ).
       Se omiti├│ la tarea "MSBuild" debido a una condici├│n falsa (False); ( '$(RestoreSources)' != '' ) se evalu├│ como ( '' != '' ).
       Se omiti├│ la tarea "MSBuild" debido a una condici├│n falsa (False); ( '$(RestoreFallbackFolders)' != '' ) se evalu├│ como ( '' != '' ).
   6:9>Compilaci├│n terminada del destino "_GetRestoreSettingsOverrides" en el proyecto "AuthSystem.Domain.csproj".
   6:9>Destino "_GetRestoreSettingsPerFramework" en el archivo "C:\Program Files\dotnet\sdk\9.0.201\NuGet.targets" del proyecto "D:\Users\Jhon\Documentos\Mintrabajo\Modulo General usuarios\AuthSystemNew\AuthSystem.Domain\AuthSystem.Domain.csproj" (el destino "_GetRestoreSettingsCurrentProject" depende de ├®l):
   6:9>Compilaci├│n terminada del destino "_GetRestoreSettingsPerFramework" en el proyecto "AuthSystem.Domain.csproj".
   6:9>Destino "_GetRestoreSettingsCurrentProject" en el archivo "C:\Program Files\dotnet\sdk\9.0.201\NuGet.targets" del proyecto "D:\Users\Jhon\Documentos\Mintrabajo\Modulo General usuarios\AuthSystemNew\AuthSystem.Domain\AuthSystem.Domain.csproj" (el destino "_GetRestoreSettings" depende de ├®l):
   6:9>Compilaci├│n terminada del destino "_GetRestoreSettingsCurrentProject" en el proyecto "AuthSystem.Domain.csproj".
       Se omiti├│ el destino "_GetRestoreSettingsAllFrameworks" debido a una condici├│n falsa (False); ( '$(TargetFrameworks)' != '' AND '$(PackageReferenceCompatibleProjectStyle)' == 'true' ) se evalu├│ como ( '' != '' AND 'True' == 'true' ).
   6:9>Destino "_GetRestoreSettings" en el archivo "C:\Program Files\dotnet\sdk\9.0.201\NuGet.targets" del proyecto "D:\Users\Jhon\Documentos\Mintrabajo\Modulo General usuarios\AuthSystemNew\AuthSystem.Domain\AuthSystem.Domain.csproj" (el destino "_GenerateDotnetCliToolReferenceSpecs" depende de ├®l):
       Usando la tarea "GetRestoreSettingsTask" del ensamblado "C:\Program Files\dotnet\sdk\9.0.201\NuGet.Build.Tasks.dll".
       Tarea "GetRestoreSettingsTask"
   4:4>Ejecuci├│n de la tarea "GetRestoreSettingsTask" terminada.
   4:4>Compilaci├│n terminada del destino "_GetRestoreSettings" en el proyecto "AuthSystem.UnitTests.csproj".
   4:4>Destino "_GenerateDotnetCliToolReferenceSpecs" en el archivo "C:\Program Files\dotnet\sdk\9.0.201\NuGet.targets" del proyecto "D:\Users\Jhon\Documentos\Mintrabajo\Modulo General usuarios\AuthSystemNew\AuthSystem.UnitTests\AuthSystem.UnitTests.csproj" (el destino "_GenerateRestoreGraphProjectEntry" depende de ├®l):
       Usando la tarea "GetRestoreDotnetCliToolsTask" del ensamblado "C:\Program Files\dotnet\sdk\9.0.201\NuGet.Build.Tasks.dll".
       Tarea "GetRestoreDotnetCliToolsTask"
       Ejecuci├│n de la tarea "GetRestoreDotnetCliToolsTask" terminada.
   4:4>Compilaci├│n terminada del destino "_GenerateDotnetCliToolReferenceSpecs" en el proyecto "AuthSystem.UnitTests.csproj".
   6:9>Ejecuci├│n de la tarea "GetRestoreSettingsTask" terminada.
   4:4>Destino "_GenerateRestoreGraphProjectEntry" en el archivo "C:\Program Files\dotnet\sdk\9.0.201\NuGet.targets" del proyecto "D:\Users\Jhon\Documentos\Mintrabajo\Modulo General usuarios\AuthSystemNew\AuthSystem.UnitTests\AuthSystem.UnitTests.csproj" (punto de entrada):
   4:4>Compilaci├│n terminada del destino "_GenerateRestoreGraphProjectEntry" en el proyecto "AuthSystem.UnitTests.csproj".
   6:9>Compilaci├│n terminada del destino "_GetRestoreSettings" en el proyecto "AuthSystem.Domain.csproj".
   4:4>Compilaci├│n del proyecto terminada "D:\Users\Jhon\Documentos\Mintrabajo\Modulo General usuarios\AuthSystemNew\AuthSystem.UnitTests\AuthSystem.UnitTests.csproj" (_GenerateRestoreGraphProjectEntry destinos).
   6:9>Destino "_GenerateDotnetCliToolReferenceSpecs" en el archivo "C:\Program Files\dotnet\sdk\9.0.201\NuGet.targets" del proyecto "D:\Users\Jhon\Documentos\Mintrabajo\Modulo General usuarios\AuthSystemNew\AuthSystem.Domain\AuthSystem.Domain.csproj" (el destino "_GenerateRestoreGraphProjectEntry" depende de ├®l):
   6:9>Usando la tarea "GetRestoreDotnetCliToolsTask" del ensamblado "C:\Program Files\dotnet\sdk\9.0.201\NuGet.Build.Tasks.dll".
   7:5>Destino "_ComputeToolPackInputsToProcessFrameworkReferences" en el archivo "C:\Program Files\dotnet\sdk\9.0.201\Sdks\Microsoft.NET.Sdk\targets\Microsoft.NET.Publish.targets" del proyecto "D:\Users\Jhon\Documentos\Mintrabajo\Modulo General usuarios\AuthSystemNew\AuthSystem.API\AuthSystem.API.csproj" (el destino "ProcessFrameworkReferences" depende de ├®l):
   7:5>Compilaci├│n terminada del destino "_ComputeToolPackInputsToProcessFrameworkReferences" en el proyecto "AuthSystem.API.csproj".
   6:9>Tarea "GetRestoreDotnetCliToolsTask"
       Ejecuci├│n de la tarea "GetRestoreDotnetCliToolsTask" terminada.
   6:9>Compilaci├│n terminada del destino "_GenerateDotnetCliToolReferenceSpecs" en el proyecto "AuthSystem.Domain.csproj".
   7:5>Destino "ProcessFrameworkReferences" en el archivo "C:\Program Files\dotnet\sdk\9.0.201\Sdks\Microsoft.NET.Sdk\targets\Microsoft.NET.Sdk.FrameworkReferenceResolution.targets" del proyecto "D:\Users\Jhon\Documentos\Mintrabajo\Modulo General usuarios\AuthSystemNew\AuthSystem.API\AuthSystem.API.csproj" (el destino "CollectPackageReferences" depende de ├®l):
   7:5>Usando la tarea "CheckForDuplicateFrameworkReferences" del ensamblado "C:\Program Files\dotnet\sdk\9.0.201\Sdks\Microsoft.NET.Sdk\targets\..\tools\net9.0\Microsoft.NET.Build.Tasks.dll".
       Tarea "CheckForDuplicateFrameworkReferences"
   6:9>Destino "_GenerateRestoreGraphProjectEntry" en el archivo "C:\Program Files\dotnet\sdk\9.0.201\NuGet.targets" del proyecto "D:\Users\Jhon\Documentos\Mintrabajo\Modulo General usuarios\AuthSystemNew\AuthSystem.Domain\AuthSystem.Domain.csproj" (punto de entrada):
   6:9>Compilaci├│n terminada del destino "_GenerateRestoreGraphProjectEntry" en el proyecto "AuthSystem.Domain.csproj".
   6:9>Compilaci├│n del proyecto terminada "D:\Users\Jhon\Documentos\Mintrabajo\Modulo General usuarios\AuthSystemNew\AuthSystem.Domain\AuthSystem.Domain.csproj" (_GenerateRestoreGraphProjectEntry destinos).
   7:5>Ejecuci├│n de la tarea "CheckForDuplicateFrameworkReferences" terminada.
       Usando la tarea "ProcessFrameworkReferences" del ensamblado "C:\Program Files\dotnet\sdk\9.0.201\Sdks\Microsoft.NET.Sdk\targets\..\tools\net9.0\Microsoft.NET.Build.Tasks.dll".
       Tarea "ProcessFrameworkReferences"
   3:4>Ejecuci├│n de la tarea "GetRestoreSettingsTask" terminada.
   3:4>Compilaci├│n terminada del destino "_GetRestoreSettings" en el proyecto "AuthSystem.IntegrationTests.csproj".
   3:4>Destino "_GenerateDotnetCliToolReferenceSpecs" en el archivo "C:\Program Files\dotnet\sdk\9.0.201\NuGet.targets" del proyecto "D:\Users\Jhon\Documentos\Mintrabajo\Modulo General usuarios\AuthSystemNew\AuthSystem.IntegrationTests\AuthSystem.IntegrationTests.csproj" (el destino "_GenerateRestoreGraphProjectEntry" depende de ├®l):
       Usando la tarea "GetRestoreDotnetCliToolsTask" del ensamblado "C:\Program Files\dotnet\sdk\9.0.201\NuGet.Build.Tasks.dll".
       Tarea "GetRestoreDotnetCliToolsTask"
       Ejecuci├│n de la tarea "GetRestoreDotnetCliToolsTask" terminada.
   3:4>Compilaci├│n terminada del destino "_GenerateDotnetCliToolReferenceSpecs" en el proyecto "AuthSystem.IntegrationTests.csproj".
   3:4>Destino "_GenerateRestoreGraphProjectEntry" en el archivo "C:\Program Files\dotnet\sdk\9.0.201\NuGet.targets" del proyecto "D:\Users\Jhon\Documentos\Mintrabajo\Modulo General usuarios\AuthSystemNew\AuthSystem.IntegrationTests\AuthSystem.IntegrationTests.csproj" (punto de entrada):
   3:4>Compilaci├│n terminada del destino "_GenerateRestoreGraphProjectEntry" en el proyecto "AuthSystem.IntegrationTests.csproj".
   3:4>Compilaci├│n del proyecto terminada "D:\Users\Jhon\Documentos\Mintrabajo\Modulo General usuarios\AuthSystemNew\AuthSystem.IntegrationTests\AuthSystem.IntegrationTests.csproj" (_GenerateRestoreGraphProjectEntry destinos).
   7:5>Ejecuci├│n de la tarea "ProcessFrameworkReferences" terminada.
       Usando la tarea "ResolveAppHosts" del ensamblado "C:\Program Files\dotnet\sdk\9.0.201\Sdks\Microsoft.NET.Sdk\targets\..\tools\net9.0\Microsoft.NET.Build.Tasks.dll".
       Tarea "ResolveAppHosts"
       Ejecuci├│n de la tarea "ResolveAppHosts" terminada.
   7:5>Compilaci├│n terminada del destino "ProcessFrameworkReferences" en el proyecto "AuthSystem.API.csproj".
       Se omiti├│ el destino "IncludeTargetingPackReference" debido a una condici├│n falsa (False); ('$(TargetFrameworkMoniker)' != '' and '$(TargetFrameworkIdentifier)' == '.NETFramework' and '$(AutomaticallyUseReferenceAssemblyPackages)' == 'true') se evalu├│ como ('.NETCoreApp,Version=v8.0' != '' and '.NETCoreApp' == '.NETFramework' and 'true' == 'true').
       Se omiti├│ el destino "_CheckMicrosoftNetCompilersToolsetFrameworkPackageReference" debido a una condici├│n falsa (False); ('$(MSBuildRuntimeType)' == 'Full') se evalu├│ como ('Core' == 'Full').
   7:5>Destino "_CheckForObsoleteDotNetCliToolReferences" en el archivo "C:\Program Files\dotnet\sdk\9.0.201\Sdks\Microsoft.NET.Sdk\targets\Microsoft.NET.ObsoleteReferences.targets" del proyecto "D:\Users\Jhon\Documentos\Mintrabajo\Modulo General usuarios\AuthSystemNew\AuthSystem.API\AuthSystem.API.csproj" (el destino "CollectPackageReferences" depende de ├®l):
       Se omiti├│ la tarea "NETSdkWarning" debido a una condici├│n falsa (False); ( '%(_ReferenceToObsoleteDotNetCliTool.Identity)' != '' ) se evalu├│ como ( '' != '' ).
   7:5>Compilaci├│n terminada del destino "_CheckForObsoleteDotNetCliToolReferences" en el proyecto "AuthSystem.API.csproj".
   7:5>Destino "CollectPackageReferences" en el archivo "C:\Program Files\dotnet\sdk\9.0.201\NuGet.targets" del proyecto "D:\Users\Jhon\Documentos\Mintrabajo\Modulo General usuarios\AuthSystemNew\AuthSystem.API\AuthSystem.API.csproj" (el destino "_GetRestoreProjectStyle" depende de ├®l):
       Usando la tarea "CheckForDuplicateNuGetItemsTask" del ensamblado "C:\Program Files\dotnet\sdk\9.0.201\NuGet.Build.Tasks.dll".
       Tarea "CheckForDuplicateNuGetItemsTask"
       Ejecuci├│n de la tarea "CheckForDuplicateNuGetItemsTask" terminada.
   7:5>Compilaci├│n terminada del destino "CollectPackageReferences" en el proyecto "AuthSystem.API.csproj".
   7:5>Destino "_GetRestoreProjectStyle" en el archivo "C:\Program Files\dotnet\sdk\9.0.201\NuGet.targets" del proyecto "D:\Users\Jhon\Documentos\Mintrabajo\Modulo General usuarios\AuthSystemNew\AuthSystem.API\AuthSystem.API.csproj" (el destino "_GenerateRestoreSpecs" depende de ├®l):
       Usando la tarea "GetRestoreProjectStyleTask" del ensamblado "C:\Program Files\dotnet\sdk\9.0.201\NuGet.Build.Tasks.dll".
       Tarea "GetRestoreProjectStyleTask"
       Ejecuci├│n de la tarea "GetRestoreProjectStyleTask" terminada.
   7:5>Compilaci├│n terminada del destino "_GetRestoreProjectStyle" en el proyecto "AuthSystem.API.csproj".
   7:5>Destino "_GenerateRestoreSpecs" en el archivo "C:\Program Files\dotnet\sdk\9.0.201\NuGet.targets" del proyecto "D:\Users\Jhon\Documentos\Mintrabajo\Modulo General usuarios\AuthSystemNew\AuthSystem.API\AuthSystem.API.csproj" (el destino "_GenerateRestoreGraphProjectEntry" depende de ├®l):
       Usando la tarea "Message" del ensamblado "Microsoft.Build.Tasks.Core, Version=15.1.0.0, Culture=neutral, PublicKeyToken=b03f5f7f11d50a3a".
       Tarea "Message"
         Restore entry point D:\Users\Jhon\Documentos\Mintrabajo\Modulo General usuarios\AuthSystemNew\AuthSystem.API\AuthSystem.API.csproj
       Ejecuci├│n de la tarea "Message" terminada.
   7:5>Compilaci├│n terminada del destino "_GenerateRestoreSpecs" en el proyecto "AuthSystem.API.csproj".
   7:5>Destino "_GetRestoreSettingsOverrides" en el archivo "C:\Program Files\dotnet\sdk\9.0.201\NuGet.targets" del proyecto "D:\Users\Jhon\Documentos\Mintrabajo\Modulo General usuarios\AuthSystemNew\AuthSystem.API\AuthSystem.API.csproj" (el destino "_GetRestoreSettings" depende de ├®l):
       Se omiti├│ la tarea "MSBuild" debido a una condici├│n falsa (False); ( '$(RestorePackagesPath)' != '' ) se evalu├│ como ( '' != '' ).
       Se omiti├│ la tarea "MSBuild" debido a una condici├│n falsa (False); ( '$(RestoreRepositoryPathOverride)' != '' ) se evalu├│ como ( '' != '' ).
       Se omiti├│ la tarea "MSBuild" debido a una condici├│n falsa (False); ( '$(RestoreSources)' != '' ) se evalu├│ como ( '' != '' ).
       Se omiti├│ la tarea "MSBuild" debido a una condici├│n falsa (False); ( '$(RestoreFallbackFolders)' != '' ) se evalu├│ como ( '' != '' ).
   7:5>Compilaci├│n terminada del destino "_GetRestoreSettingsOverrides" en el proyecto "AuthSystem.API.csproj".
   7:5>Destino "_GetRestoreSettingsPerFramework" en el archivo "C:\Program Files\dotnet\sdk\9.0.201\NuGet.targets" del proyecto "D:\Users\Jhon\Documentos\Mintrabajo\Modulo General usuarios\AuthSystemNew\AuthSystem.API\AuthSystem.API.csproj" (el destino "_GetRestoreSettingsCurrentProject" depende de ├®l):
   7:5>Compilaci├│n terminada del destino "_GetRestoreSettingsPerFramework" en el proyecto "AuthSystem.API.csproj".
   7:5>Destino "_GetRestoreSettingsCurrentProject" en el archivo "C:\Program Files\dotnet\sdk\9.0.201\NuGet.targets" del proyecto "D:\Users\Jhon\Documentos\Mintrabajo\Modulo General usuarios\AuthSystemNew\AuthSystem.API\AuthSystem.API.csproj" (el destino "_GetRestoreSettings" depende de ├®l):
   7:5>Compilaci├│n terminada del destino "_GetRestoreSettingsCurrentProject" en el proyecto "AuthSystem.API.csproj".
       Se omiti├│ el destino "_GetRestoreSettingsAllFrameworks" debido a una condici├│n falsa (False); ( '$(TargetFrameworks)' != '' AND '$(PackageReferenceCompatibleProjectStyle)' == 'true' ) se evalu├│ como ( '' != '' AND 'True' == 'true' ).
   7:5>Destino "_GetRestoreSettings" en el archivo "C:\Program Files\dotnet\sdk\9.0.201\NuGet.targets" del proyecto "D:\Users\Jhon\Documentos\Mintrabajo\Modulo General usuarios\AuthSystemNew\AuthSystem.API\AuthSystem.API.csproj" (el destino "_GenerateDotnetCliToolReferenceSpecs" depende de ├®l):
       Usando la tarea "GetRestoreSettingsTask" del ensamblado "C:\Program Files\dotnet\sdk\9.0.201\NuGet.Build.Tasks.dll".
       Tarea "GetRestoreSettingsTask"
         Ensamblado cargado durante TaskRun (NuGet.Build.Tasks.GetRestoreSettingsTask): NuGet.Configuration, Version=6.13.1.1, Culture=neutral, PublicKeyToken=31bf3856ad364e35(ubicaci├│n: C:\Program Files\dotnet\sdk\9.0.201\NuGet.Configuration.dll, MVID: 71f710a6-c07e-40dd-82d7-316c7cacaa6f, AssemblyLoadContext: MSBuild plugin C:\Program Files\dotnet\sdk\9.0.201\NuGet.Build.Tasks.dll)
   2:8>Ejecuci├│n de la tarea "GetRestoreSettingsTask" terminada.
   2:8>Compilaci├│n terminada del destino "_GetRestoreSettings" en el proyecto "AuthSystem.Application.csproj".
   2:8>Destino "_GenerateDotnetCliToolReferenceSpecs" en el archivo "C:\Program Files\dotnet\sdk\9.0.201\NuGet.targets" del proyecto "D:\Users\Jhon\Documentos\Mintrabajo\Modulo General usuarios\AuthSystemNew\AuthSystem.Application\AuthSystem.Application.csproj" (el destino "_GenerateRestoreGraphProjectEntry" depende de ├®l):
       Usando la tarea "GetRestoreDotnetCliToolsTask" del ensamblado "C:\Program Files\dotnet\sdk\9.0.201\NuGet.Build.Tasks.dll".
       Tarea "GetRestoreDotnetCliToolsTask"
       Ejecuci├│n de la tarea "GetRestoreDotnetCliToolsTask" terminada.
   2:8>Compilaci├│n terminada del destino "_GenerateDotnetCliToolReferenceSpecs" en el proyecto "AuthSystem.Application.csproj".
   2:8>Destino "_GenerateRestoreGraphProjectEntry" en el archivo "C:\Program Files\dotnet\sdk\9.0.201\NuGet.targets" del proyecto "D:\Users\Jhon\Documentos\Mintrabajo\Modulo General usuarios\AuthSystemNew\AuthSystem.Application\AuthSystem.Application.csproj" (punto de entrada):
   2:8>Compilaci├│n terminada del destino "_GenerateRestoreGraphProjectEntry" en el proyecto "AuthSystem.Application.csproj".
   2:8>Compilaci├│n del proyecto terminada "D:\Users\Jhon\Documentos\Mintrabajo\Modulo General usuarios\AuthSystemNew\AuthSystem.Application\AuthSystem.Application.csproj" (_GenerateRestoreGraphProjectEntry destinos).
   7:5>Ejecuci├│n de la tarea "GetRestoreSettingsTask" terminada.
   7:5>Compilaci├│n terminada del destino "_GetRestoreSettings" en el proyecto "AuthSystem.API.csproj".
   7:5>Destino "_GenerateDotnetCliToolReferenceSpecs" en el archivo "C:\Program Files\dotnet\sdk\9.0.201\NuGet.targets" del proyecto "D:\Users\Jhon\Documentos\Mintrabajo\Modulo General usuarios\AuthSystemNew\AuthSystem.API\AuthSystem.API.csproj" (el destino "_GenerateRestoreGraphProjectEntry" depende de ├®l):
       Usando la tarea "GetRestoreDotnetCliToolsTask" del ensamblado "C:\Program Files\dotnet\sdk\9.0.201\NuGet.Build.Tasks.dll".
       Tarea "GetRestoreDotnetCliToolsTask"
       Ejecuci├│n de la tarea "GetRestoreDotnetCliToolsTask" terminada.
   7:5>Compilaci├│n terminada del destino "_GenerateDotnetCliToolReferenceSpecs" en el proyecto "AuthSystem.API.csproj".
   7:5>Destino "_GenerateRestoreGraphProjectEntry" en el archivo "C:\Program Files\dotnet\sdk\9.0.201\NuGet.targets" del proyecto "D:\Users\Jhon\Documentos\Mintrabajo\Modulo General usuarios\AuthSystemNew\AuthSystem.API\AuthSystem.API.csproj" (punto de entrada):
   7:5>Compilaci├│n terminada del destino "_GenerateRestoreGraphProjectEntry" en el proyecto "AuthSystem.API.csproj".
   7:5>Compilaci├│n del proyecto terminada "D:\Users\Jhon\Documentos\Mintrabajo\Modulo General usuarios\AuthSystemNew\AuthSystem.API\AuthSystem.API.csproj" (_GenerateRestoreGraphProjectEntry destinos).
     1>Ejecuci├│n de la tarea "MSBuild" terminada.
       Tarea "MSBuild"
         Propiedades globales:
           ExcludeRestorePackageImports=true
           _RestoreSolutionFileUsed=true
           SolutionDir=D:\Users\Jhon\Documentos\Mintrabajo\Modulo General usuarios\AuthSystemNew\
           SolutionName=AuthSystem
           SolutionFileName=AuthSystem.sln
           SolutionPath=D:\Users\Jhon\Documentos\Mintrabajo\Modulo General usuarios\AuthSystemNew\AuthSystem.sln
           SolutionExt=.sln
         Propiedades adicionales del proyecto "D:\Users\Jhon\Documentos\Mintrabajo\Modulo General usuarios\AuthSystemNew\AuthSystem.Domain\AuthSystem.Domain.csproj":
           Configuration=Debug
           Platform=AnyCPU
         Propiedades adicionales del proyecto "D:\Users\Jhon\Documentos\Mintrabajo\Modulo General usuarios\AuthSystemNew\AuthSystem.Application\AuthSystem.Application.csproj":
           Configuration=Debug
           Platform=AnyCPU
         Propiedades adicionales del proyecto "D:\Users\Jhon\Documentos\Mintrabajo\Modulo General usuarios\AuthSystemNew\AuthSystem.Infrastructure\AuthSystem.Infrastructure.csproj":
           Configuration=Debug
           Platform=AnyCPU
         Propiedades adicionales del proyecto "D:\Users\Jhon\Documentos\Mintrabajo\Modulo General usuarios\AuthSystemNew\AuthSystem.API\AuthSystem.API.csproj":
           Configuration=Debug
           Platform=AnyCPU
         Propiedades adicionales del proyecto "D:\Users\Jhon\Documentos\Mintrabajo\Modulo General usuarios\AuthSystemNew\AuthSystem.UnitTests\AuthSystem.UnitTests.csproj":
           Configuration=Debug
           Platform=AnyCPU
         Propiedades adicionales del proyecto "D:\Users\Jhon\Documentos\Mintrabajo\Modulo General usuarios\AuthSystemNew\AuthSystem.IntegrationTests\AuthSystem.IntegrationTests.csproj":
           Configuration=Debug
           Platform=AnyCPU
     1>El proyecto "D:\Users\Jhon\Documentos\Mintrabajo\Modulo General usuarios\AuthSystemNew\AuthSystem.sln" (1) est├í compilando "D:\Users\Jhon\Documentos\Mintrabajo\Modulo General usuarios\AuthSystemNew\AuthSystem.API\AuthSystem.API.csproj" (7:6) en el nodo 1 (_GenerateProjectRestoreGraph destinos).
   7:6>Se omiti├│ el destino "_GetRestoreProjectStyle". Compilado previamente de forma correcta.
       Se omiti├│ el destino "_GetRestoreProjectStyle". Compilado previamente de forma correcta.
       Se omiti├│ el destino "_GetRestoreProjectStyle". Compilado previamente de forma correcta.
   7:6>Destino "_GetRestoreTargetFrameworkOverride" en el archivo "C:\Program Files\dotnet\sdk\9.0.201\NuGet.targets" del proyecto "D:\Users\Jhon\Documentos\Mintrabajo\Modulo General usuarios\AuthSystemNew\AuthSystem.API\AuthSystem.API.csproj" (el destino "_GetRestoreTargetFrameworksOutput" depende de ├®l):
       Se omiti├│ la tarea "GetGlobalPropertyValueTask" debido a una condici├│n falsa (False); ( '$(TargetFrameworks)' != '' ) se evalu├│ como ( '' != '' ).
   7:6>Compilaci├│n terminada del destino "_GetRestoreTargetFrameworkOverride" en el proyecto "AuthSystem.API.csproj".
     1>El proyecto "D:\Users\Jhon\Documentos\Mintrabajo\Modulo General usuarios\AuthSystemNew\AuthSystem.sln" (1) est├í compilando "D:\Users\Jhon\Documentos\Mintrabajo\Modulo General usuarios\AuthSystemNew\AuthSystem.Application\AuthSystem.Application.csproj" (2:9) en el nodo 2 (_GenerateProjectRestoreGraph destinos).
   2:9>Se omiti├│ el destino "_GetRestoreProjectStyle". Compilado previamente de forma correcta.
     1>El proyecto "D:\Users\Jhon\Documentos\Mintrabajo\Modulo General usuarios\AuthSystemNew\AuthSystem.sln" (1) est├í compilando "D:\Users\Jhon\Documentos\Mintrabajo\Modulo General usuarios\AuthSystemNew\AuthSystem.IntegrationTests\AuthSystem.IntegrationTests.csproj" (3:5) en el nodo 4 (_GenerateProjectRestoreGraph destinos).
   3:5>Se omiti├│ el destino "_GetRestoreProjectStyle". Compilado previamente de forma correcta.
   2:9>Se omiti├│ el destino "_GetRestoreProjectStyle". Compilado previamente de forma correcta.
     1>El proyecto "D:\Users\Jhon\Documentos\Mintrabajo\Modulo General usuarios\AuthSystemNew\AuthSystem.sln" (1) est├í compilando "D:\Users\Jhon\Documentos\Mintrabajo\Modulo General usuarios\AuthSystemNew\AuthSystem.Domain\AuthSystem.Domain.csproj" (6:10) en el nodo 6 (_GenerateProjectRestoreGraph destinos).
  6:10>Se omiti├│ el destino "_GetRestoreProjectStyle". Compilado previamente de forma correcta.
   2:9>Se omiti├│ el destino "_GetRestoreProjectStyle". Compilado previamente de forma correcta.
   3:5>Se omiti├│ el destino "_GetRestoreProjectStyle". Compilado previamente de forma correcta.
  6:10>Se omiti├│ el destino "_GetRestoreProjectStyle". Compilado previamente de forma correcta.
     1>El proyecto "D:\Users\Jhon\Documentos\Mintrabajo\Modulo General usuarios\AuthSystemNew\AuthSystem.sln" (1) est├í compilando "D:\Users\Jhon\Documentos\Mintrabajo\Modulo General usuarios\AuthSystemNew\AuthSystem.UnitTests\AuthSystem.UnitTests.csproj" (4:5) en el nodo 5 (_GenerateProjectRestoreGraph destinos).
   4:5>Se omiti├│ el destino "_GetRestoreProjectStyle". Compilado previamente de forma correcta.
     1>El proyecto "D:\Users\Jhon\Documentos\Mintrabajo\Modulo General usuarios\AuthSystemNew\AuthSystem.sln" (1) est├í compilando "D:\Users\Jhon\Documentos\Mintrabajo\Modulo General usuarios\AuthSystemNew\AuthSystem.Infrastructure\AuthSystem.Infrastructure.csproj" (5:8) en el nodo 3 (_GenerateProjectRestoreGraph destinos).
   5:8>Se omiti├│ el destino "_GetRestoreProjectStyle". Compilado previamente de forma correcta.
  6:10>Se omiti├│ el destino "_GetRestoreProjectStyle". Compilado previamente de forma correcta.
   4:5>Se omiti├│ el destino "_GetRestoreProjectStyle". Compilado previamente de forma correcta.
   3:5>Se omiti├│ el destino "_GetRestoreProjectStyle". Compilado previamente de forma correcta.
   2:9>Destino "_GetRestoreTargetFrameworkOverride" en el archivo "C:\Program Files\dotnet\sdk\9.0.201\NuGet.targets" del proyecto "D:\Users\Jhon\Documentos\Mintrabajo\Modulo General usuarios\AuthSystemNew\AuthSystem.Application\AuthSystem.Application.csproj" (el destino "_GetRestoreTargetFrameworksOutput" depende de ├®l):
   2:9>Se omiti├│ la tarea "GetGlobalPropertyValueTask" debido a una condici├│n falsa (False); ( '$(TargetFrameworks)' != '' ) se evalu├│ como ( '' != '' ).
   4:5>Se omiti├│ el destino "_GetRestoreProjectStyle". Compilado previamente de forma correcta.
   5:8>Se omiti├│ el destino "_GetRestoreProjectStyle". Compilado previamente de forma correcta.
   7:6>Destino "_GetRestoreTargetFrameworksOutput" en el archivo "C:\Program Files\dotnet\sdk\9.0.201\NuGet.targets" del proyecto "D:\Users\Jhon\Documentos\Mintrabajo\Modulo General usuarios\AuthSystemNew\AuthSystem.API\AuthSystem.API.csproj" (el destino "_GenerateRestoreProjectSpec" depende de ├®l):
   7:6>Usando la tarea "GetProjectTargetFrameworksTask" del ensamblado "C:\Program Files\dotnet\sdk\9.0.201\NuGet.Build.Tasks.dll".
       Tarea "GetProjectTargetFrameworksTask"
   2:9>Compilaci├│n terminada del destino "_GetRestoreTargetFrameworkOverride" en el proyecto "AuthSystem.Application.csproj".
  6:10>Destino "_GetRestoreTargetFrameworkOverride" en el archivo "C:\Program Files\dotnet\sdk\9.0.201\NuGet.targets" del proyecto "D:\Users\Jhon\Documentos\Mintrabajo\Modulo General usuarios\AuthSystemNew\AuthSystem.Domain\AuthSystem.Domain.csproj" (el destino "_GetRestoreTargetFrameworksOutput" depende de ├®l):
  6:10>Se omiti├│ la tarea "GetGlobalPropertyValueTask" debido a una condici├│n falsa (False); ( '$(TargetFrameworks)' != '' ) se evalu├│ como ( '' != '' ).
  6:10>Compilaci├│n terminada del destino "_GetRestoreTargetFrameworkOverride" en el proyecto "AuthSystem.Domain.csproj".
   5:8>Se omiti├│ el destino "_GetRestoreProjectStyle". Compilado previamente de forma correcta.
   4:5>Destino "_GetRestoreTargetFrameworkOverride" en el archivo "C:\Program Files\dotnet\sdk\9.0.201\NuGet.targets" del proyecto "D:\Users\Jhon\Documentos\Mintrabajo\Modulo General usuarios\AuthSystemNew\AuthSystem.UnitTests\AuthSystem.UnitTests.csproj" (el destino "_GetRestoreTargetFrameworksOutput" depende de ├®l):
   4:5>Se omiti├│ la tarea "GetGlobalPropertyValueTask" debido a una condici├│n falsa (False); ( '$(TargetFrameworks)' != '' ) se evalu├│ como ( '' != '' ).
   2:9>Destino "_GetRestoreTargetFrameworksOutput" en el archivo "C:\Program Files\dotnet\sdk\9.0.201\NuGet.targets" del proyecto "D:\Users\Jhon\Documentos\Mintrabajo\Modulo General usuarios\AuthSystemNew\AuthSystem.Application\AuthSystem.Application.csproj" (el destino "_GenerateRestoreProjectSpec" depende de ├®l):
   2:9>Usando la tarea "GetProjectTargetFrameworksTask" del ensamblado "C:\Program Files\dotnet\sdk\9.0.201\NuGet.Build.Tasks.dll".
   3:5>Destino "_GetRestoreTargetFrameworkOverride" en el archivo "C:\Program Files\dotnet\sdk\9.0.201\NuGet.targets" del proyecto "D:\Users\Jhon\Documentos\Mintrabajo\Modulo General usuarios\AuthSystemNew\AuthSystem.IntegrationTests\AuthSystem.IntegrationTests.csproj" (el destino "_GetRestoreTargetFrameworksOutput" depende de ├®l):
   3:5>Se omiti├│ la tarea "GetGlobalPropertyValueTask" debido a una condici├│n falsa (False); ( '$(TargetFrameworks)' != '' ) se evalu├│ como ( '' != '' ).
   2:9>Tarea "GetProjectTargetFrameworksTask"
       Ejecuci├│n de la tarea "GetProjectTargetFrameworksTask" terminada.
   5:8>Destino "_GetRestoreTargetFrameworkOverride" en el archivo "C:\Program Files\dotnet\sdk\9.0.201\NuGet.targets" del proyecto "D:\Users\Jhon\Documentos\Mintrabajo\Modulo General usuarios\AuthSystemNew\AuthSystem.Infrastructure\AuthSystem.Infrastructure.csproj" (el destino "_GetRestoreTargetFrameworksOutput" depende de ├®l):
   5:8>Se omiti├│ la tarea "GetGlobalPropertyValueTask" debido a una condici├│n falsa (False); ( '$(TargetFrameworks)' != '' ) se evalu├│ como ( '' != '' ).
   4:5>Compilaci├│n terminada del destino "_GetRestoreTargetFrameworkOverride" en el proyecto "AuthSystem.UnitTests.csproj".
  6:10>Destino "_GetRestoreTargetFrameworksOutput" en el archivo "C:\Program Files\dotnet\sdk\9.0.201\NuGet.targets" del proyecto "D:\Users\Jhon\Documentos\Mintrabajo\Modulo General usuarios\AuthSystemNew\AuthSystem.Domain\AuthSystem.Domain.csproj" (el destino "_GenerateRestoreProjectSpec" depende de ├®l):
  6:10>Usando la tarea "GetProjectTargetFrameworksTask" del ensamblado "C:\Program Files\dotnet\sdk\9.0.201\NuGet.Build.Tasks.dll".
   3:5>Compilaci├│n terminada del destino "_GetRestoreTargetFrameworkOverride" en el proyecto "AuthSystem.IntegrationTests.csproj".
   5:8>Compilaci├│n terminada del destino "_GetRestoreTargetFrameworkOverride" en el proyecto "AuthSystem.Infrastructure.csproj".
   2:9>Compilaci├│n terminada del destino "_GetRestoreTargetFrameworksOutput" en el proyecto "AuthSystem.Application.csproj".
   5:8>Destino "_GetRestoreTargetFrameworksOutput" en el archivo "C:\Program Files\dotnet\sdk\9.0.201\NuGet.targets" del proyecto "D:\Users\Jhon\Documentos\Mintrabajo\Modulo General usuarios\AuthSystemNew\AuthSystem.Infrastructure\AuthSystem.Infrastructure.csproj" (el destino "_GenerateRestoreProjectSpec" depende de ├®l):
   5:8>Usando la tarea "GetProjectTargetFrameworksTask" del ensamblado "C:\Program Files\dotnet\sdk\9.0.201\NuGet.Build.Tasks.dll".
   4:5>Destino "_GetRestoreTargetFrameworksOutput" en el archivo "C:\Program Files\dotnet\sdk\9.0.201\NuGet.targets" del proyecto "D:\Users\Jhon\Documentos\Mintrabajo\Modulo General usuarios\AuthSystemNew\AuthSystem.UnitTests\AuthSystem.UnitTests.csproj" (el destino "_GenerateRestoreProjectSpec" depende de ├®l):
   4:5>Usando la tarea "GetProjectTargetFrameworksTask" del ensamblado "C:\Program Files\dotnet\sdk\9.0.201\NuGet.Build.Tasks.dll".
   2:9>Se omiti├│ el destino "_GetRestoreSettings". Compilado previamente de forma correcta.
  6:10>Tarea "GetProjectTargetFrameworksTask"
   3:5>Destino "_GetRestoreTargetFrameworksOutput" en el archivo "C:\Program Files\dotnet\sdk\9.0.201\NuGet.targets" del proyecto "D:\Users\Jhon\Documentos\Mintrabajo\Modulo General usuarios\AuthSystemNew\AuthSystem.IntegrationTests\AuthSystem.IntegrationTests.csproj" (el destino "_GenerateRestoreProjectSpec" depende de ├®l):
   3:5>Usando la tarea "GetProjectTargetFrameworksTask" del ensamblado "C:\Program Files\dotnet\sdk\9.0.201\NuGet.Build.Tasks.dll".
   5:8>Tarea "GetProjectTargetFrameworksTask"
   4:5>Tarea "GetProjectTargetFrameworksTask"
  6:10>Ejecuci├│n de la tarea "GetProjectTargetFrameworksTask" terminada.
   5:8>Ejecuci├│n de la tarea "GetProjectTargetFrameworksTask" terminada.
  6:10>Compilaci├│n terminada del destino "_GetRestoreTargetFrameworksOutput" en el proyecto "AuthSystem.Domain.csproj".
   2:9>Destino "_GenerateRestoreProjectSpec" en el archivo "C:\Program Files\dotnet\sdk\9.0.201\NuGet.targets" del proyecto "D:\Users\Jhon\Documentos\Mintrabajo\Modulo General usuarios\AuthSystemNew\AuthSystem.Application\AuthSystem.Application.csproj" (el destino "_GenerateProjectRestoreGraph" depende de ├®l):
   2:9>Tarea "ConvertToAbsolutePath"
  6:10>Se omiti├│ el destino "_GetRestoreSettings". Compilado previamente de forma correcta.
   5:8>Compilaci├│n terminada del destino "_GetRestoreTargetFrameworksOutput" en el proyecto "AuthSystem.Infrastructure.csproj".
   3:5>Tarea "GetProjectTargetFrameworksTask"
   4:5>Ejecuci├│n de la tarea "GetProjectTargetFrameworksTask" terminada.
   2:9>Ejecuci├│n de la tarea "ConvertToAbsolutePath" terminada.
   5:8>Se omiti├│ el destino "_GetRestoreSettings". Compilado previamente de forma correcta.
   4:5>Compilaci├│n terminada del destino "_GetRestoreTargetFrameworksOutput" en el proyecto "AuthSystem.UnitTests.csproj".
   3:5>Ejecuci├│n de la tarea "GetProjectTargetFrameworksTask" terminada.
   4:5>Se omiti├│ el destino "_GetRestoreSettings". Compilado previamente de forma correcta.
   2:9>Compilaci├│n terminada del destino "_GenerateRestoreProjectSpec" en el proyecto "AuthSystem.Application.csproj".
  6:10>Destino "_GenerateRestoreProjectSpec" en el archivo "C:\Program Files\dotnet\sdk\9.0.201\NuGet.targets" del proyecto "D:\Users\Jhon\Documentos\Mintrabajo\Modulo General usuarios\AuthSystemNew\AuthSystem.Domain\AuthSystem.Domain.csproj" (el destino "_GenerateProjectRestoreGraph" depende de ├®l):
  6:10>Tarea "ConvertToAbsolutePath"
   2:9>Se omiti├│ el destino "_GenerateProjectRestoreGraphAllFrameworks" debido a una condici├│n falsa (False); ( '$(TargetFrameworks)' != '' ) se evalu├│ como ( '' != '' ).
   3:5>Compilaci├│n terminada del destino "_GetRestoreTargetFrameworksOutput" en el proyecto "AuthSystem.IntegrationTests.csproj".
   7:6>Ejecuci├│n de la tarea "GetProjectTargetFrameworksTask" terminada.
  6:10>Ejecuci├│n de la tarea "ConvertToAbsolutePath" terminada.
   5:8>Destino "_GenerateRestoreProjectSpec" en el archivo "C:\Program Files\dotnet\sdk\9.0.201\NuGet.targets" del proyecto "D:\Users\Jhon\Documentos\Mintrabajo\Modulo General usuarios\AuthSystemNew\AuthSystem.Infrastructure\AuthSystem.Infrastructure.csproj" (el destino "_GenerateProjectRestoreGraph" depende de ├®l):
   5:8>Tarea "ConvertToAbsolutePath"
   2:9>Se omiti├│ el destino "_GetRestoreProjectStyle". Compilado previamente de forma correcta.
  6:10>Compilaci├│n terminada del destino "_GenerateRestoreProjectSpec" en el proyecto "AuthSystem.Domain.csproj".
   5:8>Ejecuci├│n de la tarea "ConvertToAbsolutePath" terminada.
   2:9>Se omiti├│ el destino "CollectPackageReferences". Compilado previamente de forma correcta.
   7:6>Compilaci├│n terminada del destino "_GetRestoreTargetFrameworksOutput" en el proyecto "AuthSystem.API.csproj".
   5:8>Compilaci├│n terminada del destino "_GenerateRestoreProjectSpec" en el proyecto "AuthSystem.Infrastructure.csproj".
   7:6>Se omiti├│ el destino "_GetRestoreSettings". Compilado previamente de forma correcta.
   4:5>Destino "_GenerateRestoreProjectSpec" en el archivo "C:\Program Files\dotnet\sdk\9.0.201\NuGet.targets" del proyecto "D:\Users\Jhon\Documentos\Mintrabajo\Modulo General usuarios\AuthSystemNew\AuthSystem.UnitTests\AuthSystem.UnitTests.csproj" (el destino "_GenerateProjectRestoreGraph" depende de ├®l):
   4:5>Tarea "ConvertToAbsolutePath"
  6:10>Se omiti├│ el destino "_GenerateProjectRestoreGraphAllFrameworks" debido a una condici├│n falsa (False); ( '$(TargetFrameworks)' != '' ) se evalu├│ como ( '' != '' ).
   3:5>Se omiti├│ el destino "_GetRestoreSettings". Compilado previamente de forma correcta.
   5:8>Se omiti├│ el destino "_GenerateProjectRestoreGraphAllFrameworks" debido a una condici├│n falsa (False); ( '$(TargetFrameworks)' != '' ) se evalu├│ como ( '' != '' ).
   4:5>Ejecuci├│n de la tarea "ConvertToAbsolutePath" terminada.
   7:6>Destino "_GenerateRestoreProjectSpec" en el archivo "C:\Program Files\dotnet\sdk\9.0.201\NuGet.targets" del proyecto "D:\Users\Jhon\Documentos\Mintrabajo\Modulo General usuarios\AuthSystemNew\AuthSystem.API\AuthSystem.API.csproj" (el destino "_GenerateProjectRestoreGraph" depende de ├®l):
   7:6>Tarea "ConvertToAbsolutePath"
   5:8>Se omiti├│ el destino "_GetRestoreProjectStyle". Compilado previamente de forma correcta.
   4:5>Compilaci├│n terminada del destino "_GenerateRestoreProjectSpec" en el proyecto "AuthSystem.UnitTests.csproj".
  6:10>Se omiti├│ el destino "_GetRestoreProjectStyle". Compilado previamente de forma correcta.
   5:8>Se omiti├│ el destino "CollectPackageReferences". Compilado previamente de forma correcta.
   3:5>Destino "_GenerateRestoreProjectSpec" en el archivo "C:\Program Files\dotnet\sdk\9.0.201\NuGet.targets" del proyecto "D:\Users\Jhon\Documentos\Mintrabajo\Modulo General usuarios\AuthSystemNew\AuthSystem.IntegrationTests\AuthSystem.IntegrationTests.csproj" (el destino "_GenerateProjectRestoreGraph" depende de ├®l):
   3:5>Tarea "ConvertToAbsolutePath"
  6:10>Se omiti├│ el destino "CollectPackageReferences". Compilado previamente de forma correcta.
   4:5>Se omiti├│ el destino "_GenerateProjectRestoreGraphAllFrameworks" debido a una condici├│n falsa (False); ( '$(TargetFrameworks)' != '' ) se evalu├│ como ( '' != '' ).
   2:9>Destino "CollectPackageDownloads" en el archivo "C:\Program Files\dotnet\sdk\9.0.201\NuGet.targets" del proyecto "D:\Users\Jhon\Documentos\Mintrabajo\Modulo General usuarios\AuthSystemNew\AuthSystem.Application\AuthSystem.Application.csproj" (el destino "_CollectRestoreInputs" depende de ├®l):
   2:9>Tarea "CheckForDuplicateNuGetItemsTask"
   3:5>Ejecuci├│n de la tarea "ConvertToAbsolutePath" terminada.
   2:9>Ejecuci├│n de la tarea "CheckForDuplicateNuGetItemsTask" terminada.
   5:8>Destino "CollectPackageDownloads" en el archivo "C:\Program Files\dotnet\sdk\9.0.201\NuGet.targets" del proyecto "D:\Users\Jhon\Documentos\Mintrabajo\Modulo General usuarios\AuthSystemNew\AuthSystem.Infrastructure\AuthSystem.Infrastructure.csproj" (el destino "_CollectRestoreInputs" depende de ├®l):
   5:8>Tarea "CheckForDuplicateNuGetItemsTask"
   4:5>Se omiti├│ el destino "_GetRestoreProjectStyle". Compilado previamente de forma correcta.
   3:5>Compilaci├│n terminada del destino "_GenerateRestoreProjectSpec" en el proyecto "AuthSystem.IntegrationTests.csproj".
   2:9>Compilaci├│n terminada del destino "CollectPackageDownloads" en el proyecto "AuthSystem.Application.csproj".
   3:5>Se omiti├│ el destino "_GenerateProjectRestoreGraphAllFrameworks" debido a una condici├│n falsa (False); ( '$(TargetFrameworks)' != '' ) se evalu├│ como ( '' != '' ).
  6:10>Destino "CollectPackageDownloads" en el archivo "C:\Program Files\dotnet\sdk\9.0.201\NuGet.targets" del proyecto "D:\Users\Jhon\Documentos\Mintrabajo\Modulo General usuarios\AuthSystemNew\AuthSystem.Domain\AuthSystem.Domain.csproj" (el destino "_CollectRestoreInputs" depende de ├®l):
  6:10>Tarea "CheckForDuplicateNuGetItemsTask"
   4:5>Se omiti├│ el destino "CollectPackageReferences". Compilado previamente de forma correcta.
   3:5>Se omiti├│ el destino "_GetRestoreProjectStyle". Compilado previamente de forma correcta.
  6:10>Ejecuci├│n de la tarea "CheckForDuplicateNuGetItemsTask" terminada.
   3:5>Se omiti├│ el destino "CollectPackageReferences". Compilado previamente de forma correcta.
   2:9>Destino "CollectFrameworkReferences" en el archivo "C:\Program Files\dotnet\sdk\9.0.201\NuGet.targets" del proyecto "D:\Users\Jhon\Documentos\Mintrabajo\Modulo General usuarios\AuthSystemNew\AuthSystem.Application\AuthSystem.Application.csproj" (el destino "_CollectRestoreInputs" depende de ├®l):
   2:9>Compilaci├│n terminada del destino "CollectFrameworkReferences" en el proyecto "AuthSystem.Application.csproj".
  6:10>Compilaci├│n terminada del destino "CollectPackageDownloads" en el proyecto "AuthSystem.Domain.csproj".
   7:6>Ejecuci├│n de la tarea "ConvertToAbsolutePath" terminada.
   4:5>Destino "CollectPackageDownloads" en el archivo "C:\Program Files\dotnet\sdk\9.0.201\NuGet.targets" del proyecto "D:\Users\Jhon\Documentos\Mintrabajo\Modulo General usuarios\AuthSystemNew\AuthSystem.UnitTests\AuthSystem.UnitTests.csproj" (el destino "_CollectRestoreInputs" depende de ├®l):
   4:5>Tarea "CheckForDuplicateNuGetItemsTask"
   3:5>Destino "CollectPackageDownloads" en el archivo "C:\Program Files\dotnet\sdk\9.0.201\NuGet.targets" del proyecto "D:\Users\Jhon\Documentos\Mintrabajo\Modulo General usuarios\AuthSystemNew\AuthSystem.IntegrationTests\AuthSystem.IntegrationTests.csproj" (el destino "_CollectRestoreInputs" depende de ├®l):
   3:5>Tarea "CheckForDuplicateNuGetItemsTask"
   2:9>Destino "CollectCentralPackageVersions" en el archivo "C:\Program Files\dotnet\sdk\9.0.201\NuGet.targets" del proyecto "D:\Users\Jhon\Documentos\Mintrabajo\Modulo General usuarios\AuthSystemNew\AuthSystem.Application\AuthSystem.Application.csproj" (el destino "_CollectRestoreInputs" depende de ├®l):
   2:9>Tarea "CheckForDuplicateNuGetItemsTask"
  6:10>Destino "CollectFrameworkReferences" en el archivo "C:\Program Files\dotnet\sdk\9.0.201\NuGet.targets" del proyecto "D:\Users\Jhon\Documentos\Mintrabajo\Modulo General usuarios\AuthSystemNew\AuthSystem.Domain\AuthSystem.Domain.csproj" (el destino "_CollectRestoreInputs" depende de ├®l):
  6:10>Compilaci├│n terminada del destino "CollectFrameworkReferences" en el proyecto "AuthSystem.Domain.csproj".
   4:5>Ejecuci├│n de la tarea "CheckForDuplicateNuGetItemsTask" terminada.
   2:9>Ejecuci├│n de la tarea "CheckForDuplicateNuGetItemsTask" terminada.
   4:5>Compilaci├│n terminada del destino "CollectPackageDownloads" en el proyecto "AuthSystem.UnitTests.csproj".
  6:10>Destino "CollectCentralPackageVersions" en el archivo "C:\Program Files\dotnet\sdk\9.0.201\NuGet.targets" del proyecto "D:\Users\Jhon\Documentos\Mintrabajo\Modulo General usuarios\AuthSystemNew\AuthSystem.Domain\AuthSystem.Domain.csproj" (el destino "_CollectRestoreInputs" depende de ├®l):
  6:10>Tarea "CheckForDuplicateNuGetItemsTask"
   2:9>Compilaci├│n terminada del destino "CollectCentralPackageVersions" en el proyecto "AuthSystem.Application.csproj".
   4:5>Destino "CollectFrameworkReferences" en el archivo "C:\Program Files\dotnet\sdk\9.0.201\NuGet.targets" del proyecto "D:\Users\Jhon\Documentos\Mintrabajo\Modulo General usuarios\AuthSystemNew\AuthSystem.UnitTests\AuthSystem.UnitTests.csproj" (el destino "_CollectRestoreInputs" depende de ├®l):
   4:5>Compilaci├│n terminada del destino "CollectFrameworkReferences" en el proyecto "AuthSystem.UnitTests.csproj".
  6:10>Ejecuci├│n de la tarea "CheckForDuplicateNuGetItemsTask" terminada.
   7:6>Compilaci├│n terminada del destino "_GenerateRestoreProjectSpec" en el proyecto "AuthSystem.API.csproj".
   3:5>Ejecuci├│n de la tarea "CheckForDuplicateNuGetItemsTask" terminada.
   2:9>Destino "CollectNuGetAuditSuppressions" en el archivo "C:\Program Files\dotnet\sdk\9.0.201\NuGet.targets" del proyecto "D:\Users\Jhon\Documentos\Mintrabajo\Modulo General usuarios\AuthSystemNew\AuthSystem.Application\AuthSystem.Application.csproj" (el destino "_CollectRestoreInputs" depende de ├®l):
   2:9>Tarea "CheckForDuplicateNuGetItemsTask"
  6:10>Compilaci├│n terminada del destino "CollectCentralPackageVersions" en el proyecto "AuthSystem.Domain.csproj".
   7:6>Se omiti├│ el destino "_GenerateProjectRestoreGraphAllFrameworks" debido a una condici├│n falsa (False); ( '$(TargetFrameworks)' != '' ) se evalu├│ como ( '' != '' ).
       Se omiti├│ el destino "_GetRestoreProjectStyle". Compilado previamente de forma correcta.
   4:5>Destino "CollectCentralPackageVersions" en el archivo "C:\Program Files\dotnet\sdk\9.0.201\NuGet.targets" del proyecto "D:\Users\Jhon\Documentos\Mintrabajo\Modulo General usuarios\AuthSystemNew\AuthSystem.UnitTests\AuthSystem.UnitTests.csproj" (el destino "_CollectRestoreInputs" depende de ├®l):
   4:5>Tarea "CheckForDuplicateNuGetItemsTask"
   7:6>Se omiti├│ el destino "CollectPackageReferences". Compilado previamente de forma correcta.
   2:9>Ejecuci├│n de la tarea "CheckForDuplicateNuGetItemsTask" terminada.
   3:5>Compilaci├│n terminada del destino "CollectPackageDownloads" en el proyecto "AuthSystem.IntegrationTests.csproj".
   5:8>Ejecuci├│n de la tarea "CheckForDuplicateNuGetItemsTask" terminada.
   4:5>Ejecuci├│n de la tarea "CheckForDuplicateNuGetItemsTask" terminada.
   7:6>Destino "CollectPackageDownloads" en el archivo "C:\Program Files\dotnet\sdk\9.0.201\NuGet.targets" del proyecto "D:\Users\Jhon\Documentos\Mintrabajo\Modulo General usuarios\AuthSystemNew\AuthSystem.API\AuthSystem.API.csproj" (el destino "_CollectRestoreInputs" depende de ├®l):
   7:6>Tarea "CheckForDuplicateNuGetItemsTask"
   2:9>Compilaci├│n terminada del destino "CollectNuGetAuditSuppressions" en el proyecto "AuthSystem.Application.csproj".
   5:8>Compilaci├│n terminada del destino "CollectPackageDownloads" en el proyecto "AuthSystem.Infrastructure.csproj".
  6:10>Destino "CollectNuGetAuditSuppressions" en el archivo "C:\Program Files\dotnet\sdk\9.0.201\NuGet.targets" del proyecto "D:\Users\Jhon\Documentos\Mintrabajo\Modulo General usuarios\AuthSystemNew\AuthSystem.Domain\AuthSystem.Domain.csproj" (el destino "_CollectRestoreInputs" depende de ├®l):
  6:10>Tarea "CheckForDuplicateNuGetItemsTask"
   4:5>Compilaci├│n terminada del destino "CollectCentralPackageVersions" en el proyecto "AuthSystem.UnitTests.csproj".
   2:9>Se omiti├│ el destino "AddPrunePackageReferences" debido a una condici├│n falsa (False); ('$(RestoreEnablePackagePruning)' == 'true') se evalu├│ como ('false' == 'true').
  6:10>Ejecuci├│n de la tarea "CheckForDuplicateNuGetItemsTask" terminada.
   5:8>Destino "CollectFrameworkReferences" en el archivo "C:\Program Files\dotnet\sdk\9.0.201\NuGet.targets" del proyecto "D:\Users\Jhon\Documentos\Mintrabajo\Modulo General usuarios\AuthSystemNew\AuthSystem.Infrastructure\AuthSystem.Infrastructure.csproj" (el destino "_CollectRestoreInputs" depende de ├®l):
   5:8>Compilaci├│n terminada del destino "CollectFrameworkReferences" en el proyecto "AuthSystem.Infrastructure.csproj".
   3:5>Destino "CollectFrameworkReferences" en el archivo "C:\Program Files\dotnet\sdk\9.0.201\NuGet.targets" del proyecto "D:\Users\Jhon\Documentos\Mintrabajo\Modulo General usuarios\AuthSystemNew\AuthSystem.IntegrationTests\AuthSystem.IntegrationTests.csproj" (el destino "_CollectRestoreInputs" depende de ├®l):
   3:5>Compilaci├│n terminada del destino "CollectFrameworkReferences" en el proyecto "AuthSystem.IntegrationTests.csproj".
  6:10>Compilaci├│n terminada del destino "CollectNuGetAuditSuppressions" en el proyecto "AuthSystem.Domain.csproj".
   5:8>Destino "CollectCentralPackageVersions" en el archivo "C:\Program Files\dotnet\sdk\9.0.201\NuGet.targets" del proyecto "D:\Users\Jhon\Documentos\Mintrabajo\Modulo General usuarios\AuthSystemNew\AuthSystem.Infrastructure\AuthSystem.Infrastructure.csproj" (el destino "_CollectRestoreInputs" depende de ├®l):
   5:8>Tarea "CheckForDuplicateNuGetItemsTask"
   4:5>Destino "CollectNuGetAuditSuppressions" en el archivo "C:\Program Files\dotnet\sdk\9.0.201\NuGet.targets" del proyecto "D:\Users\Jhon\Documentos\Mintrabajo\Modulo General usuarios\AuthSystemNew\AuthSystem.UnitTests\AuthSystem.UnitTests.csproj" (el destino "_CollectRestoreInputs" depende de ├®l):
   4:5>Tarea "CheckForDuplicateNuGetItemsTask"
   2:9>Destino "CollectPrunePackageReferences" en el archivo "C:\Program Files\dotnet\sdk\9.0.201\NuGet.targets" del proyecto "D:\Users\Jhon\Documentos\Mintrabajo\Modulo General usuarios\AuthSystemNew\AuthSystem.Application\AuthSystem.Application.csproj" (el destino "_CollectRestoreInputs" depende de ├®l):
   2:9>Tarea "CheckForDuplicateNuGetItemsTask"
   3:5>Destino "CollectCentralPackageVersions" en el archivo "C:\Program Files\dotnet\sdk\9.0.201\NuGet.targets" del proyecto "D:\Users\Jhon\Documentos\Mintrabajo\Modulo General usuarios\AuthSystemNew\AuthSystem.IntegrationTests\AuthSystem.IntegrationTests.csproj" (el destino "_CollectRestoreInputs" depende de ├®l):
   3:5>Tarea "CheckForDuplicateNuGetItemsTask"
  6:10>Se omiti├│ el destino "AddPrunePackageReferences" debido a una condici├│n falsa (False); ('$(RestoreEnablePackagePruning)' == 'true') se evalu├│ como ('false' == 'true').
   4:5>Ejecuci├│n de la tarea "CheckForDuplicateNuGetItemsTask" terminada.
   2:9>Ejecuci├│n de la tarea "CheckForDuplicateNuGetItemsTask" terminada.
   4:5>Compilaci├│n terminada del destino "CollectNuGetAuditSuppressions" en el proyecto "AuthSystem.UnitTests.csproj".
   2:9>Compilaci├│n terminada del destino "CollectPrunePackageReferences" en el proyecto "AuthSystem.Application.csproj".
  6:10>Destino "CollectPrunePackageReferences" en el archivo "C:\Program Files\dotnet\sdk\9.0.201\NuGet.targets" del proyecto "D:\Users\Jhon\Documentos\Mintrabajo\Modulo General usuarios\AuthSystemNew\AuthSystem.Domain\AuthSystem.Domain.csproj" (el destino "_CollectRestoreInputs" depende de ├®l):
  6:10>Tarea "CheckForDuplicateNuGetItemsTask"
   4:5>Se omiti├│ el destino "AddPrunePackageReferences" debido a una condici├│n falsa (False); ('$(RestoreEnablePackagePruning)' == 'true') se evalu├│ como ('false' == 'true').
  6:10>Ejecuci├│n de la tarea "CheckForDuplicateNuGetItemsTask" terminada.
   2:9>Destino "_CollectRestoreInputs" en el archivo "C:\Program Files\dotnet\sdk\9.0.201\NuGet.targets" del proyecto "D:\Users\Jhon\Documentos\Mintrabajo\Modulo General usuarios\AuthSystemNew\AuthSystem.Application\AuthSystem.Application.csproj" (el destino "_GenerateProjectRestoreGraphPerFramework" depende de ├®l):
   2:9>Compilaci├│n terminada del destino "_CollectRestoreInputs" en el proyecto "AuthSystem.Application.csproj".
  6:10>Compilaci├│n terminada del destino "CollectPrunePackageReferences" en el proyecto "AuthSystem.Domain.csproj".
   4:5>Destino "CollectPrunePackageReferences" en el archivo "C:\Program Files\dotnet\sdk\9.0.201\NuGet.targets" del proyecto "D:\Users\Jhon\Documentos\Mintrabajo\Modulo General usuarios\AuthSystemNew\AuthSystem.UnitTests\AuthSystem.UnitTests.csproj" (el destino "_CollectRestoreInputs" depende de ├®l):
   4:5>Tarea "CheckForDuplicateNuGetItemsTask"
   2:9>Se omiti├│ el destino "PrepRestoreForStoreProjects" debido a una condici├│n falsa (False); ('$(StorePackageName)' != '') se evalu├│ como ('' != '').
   4:5>Ejecuci├│n de la tarea "CheckForDuplicateNuGetItemsTask" terminada.
   3:5>Ejecuci├│n de la tarea "CheckForDuplicateNuGetItemsTask" terminada.
  6:10>Destino "_CollectRestoreInputs" en el archivo "C:\Program Files\dotnet\sdk\9.0.201\NuGet.targets" del proyecto "D:\Users\Jhon\Documentos\Mintrabajo\Modulo General usuarios\AuthSystemNew\AuthSystem.Domain\AuthSystem.Domain.csproj" (el destino "_GenerateProjectRestoreGraphPerFramework" depende de ├®l):
  6:10>Compilaci├│n terminada del destino "_CollectRestoreInputs" en el proyecto "AuthSystem.Domain.csproj".
   4:5>Compilaci├│n terminada del destino "CollectPrunePackageReferences" en el proyecto "AuthSystem.UnitTests.csproj".
   2:9>Destino "_GenerateProjectRestoreGraphPerFramework" en el archivo "C:\Program Files\dotnet\sdk\9.0.201\NuGet.targets" del proyecto "D:\Users\Jhon\Documentos\Mintrabajo\Modulo General usuarios\AuthSystemNew\AuthSystem.Application\AuthSystem.Application.csproj" (el destino "_GenerateProjectRestoreGraphCurrentProject" depende de ├®l):
   2:9>Usando la tarea "GetRestoreProjectReferencesTask" del ensamblado "C:\Program Files\dotnet\sdk\9.0.201\NuGet.Build.Tasks.dll".
  6:10>Se omiti├│ el destino "PrepRestoreForStoreProjects" debido a una condici├│n falsa (False); ('$(StorePackageName)' != '') se evalu├│ como ('' != '').
   3:5>Compilaci├│n terminada del destino "CollectCentralPackageVersions" en el proyecto "AuthSystem.IntegrationTests.csproj".
   2:9>Tarea "GetRestoreProjectReferencesTask"
   4:5>Destino "_CollectRestoreInputs" en el archivo "C:\Program Files\dotnet\sdk\9.0.201\NuGet.targets" del proyecto "D:\Users\Jhon\Documentos\Mintrabajo\Modulo General usuarios\AuthSystemNew\AuthSystem.UnitTests\AuthSystem.UnitTests.csproj" (el destino "_GenerateProjectRestoreGraphPerFramework" depende de ├®l):
   4:5>Compilaci├│n terminada del destino "_CollectRestoreInputs" en el proyecto "AuthSystem.UnitTests.csproj".
   2:9>Ejecuci├│n de la tarea "GetRestoreProjectReferencesTask" terminada.
   5:8>Ejecuci├│n de la tarea "CheckForDuplicateNuGetItemsTask" terminada.
   3:5>Destino "CollectNuGetAuditSuppressions" en el archivo "C:\Program Files\dotnet\sdk\9.0.201\NuGet.targets" del proyecto "D:\Users\Jhon\Documentos\Mintrabajo\Modulo General usuarios\AuthSystemNew\AuthSystem.IntegrationTests\AuthSystem.IntegrationTests.csproj" (el destino "_CollectRestoreInputs" depende de ├®l):
   3:5>Tarea "CheckForDuplicateNuGetItemsTask"
   4:5>Se omiti├│ el destino "PrepRestoreForStoreProjects" debido a una condici├│n falsa (False); ('$(StorePackageName)' != '') se evalu├│ como ('' != '').
  6:10>Destino "_GenerateProjectRestoreGraphPerFramework" en el archivo "C:\Program Files\dotnet\sdk\9.0.201\NuGet.targets" del proyecto "D:\Users\Jhon\Documentos\Mintrabajo\Modulo General usuarios\AuthSystemNew\AuthSystem.Domain\AuthSystem.Domain.csproj" (el destino "_GenerateProjectRestoreGraphCurrentProject" depende de ├®l):
  6:10>Usando la tarea "GetRestoreProjectReferencesTask" del ensamblado "C:\Program Files\dotnet\sdk\9.0.201\NuGet.Build.Tasks.dll".
   3:5>Ejecuci├│n de la tarea "CheckForDuplicateNuGetItemsTask" terminada.
   2:9>_GenerateProjectRestoreGraphPerFramework:
       Usando la tarea "GetRestorePackageReferencesTask" del ensamblado "C:\Program Files\dotnet\sdk\9.0.201\NuGet.Build.Tasks.dll".
   5:8>Compilaci├│n terminada del destino "CollectCentralPackageVersions" en el proyecto "AuthSystem.Infrastructure.csproj".
  6:10>Tarea "GetRestoreProjectReferencesTask"
   2:9>Tarea "GetRestorePackageReferencesTask"
   3:5>Compilaci├│n terminada del destino "CollectNuGetAuditSuppressions" en el proyecto "AuthSystem.IntegrationTests.csproj".
       Se omiti├│ el destino "AddPrunePackageReferences" debido a una condici├│n falsa (False); ('$(RestoreEnablePackagePruning)' == 'true') se evalu├│ como ('false' == 'true').
   7:6>Ejecuci├│n de la tarea "CheckForDuplicateNuGetItemsTask" terminada.
   5:8>Destino "CollectNuGetAuditSuppressions" en el archivo "C:\Program Files\dotnet\sdk\9.0.201\NuGet.targets" del proyecto "D:\Users\Jhon\Documentos\Mintrabajo\Modulo General usuarios\AuthSystemNew\AuthSystem.Infrastructure\AuthSystem.Infrastructure.csproj" (el destino "_CollectRestoreInputs" depende de ├®l):
   5:8>Tarea "CheckForDuplicateNuGetItemsTask"
   3:5>Destino "CollectPrunePackageReferences" en el archivo "C:\Program Files\dotnet\sdk\9.0.201\NuGet.targets" del proyecto "D:\Users\Jhon\Documentos\Mintrabajo\Modulo General usuarios\AuthSystemNew\AuthSystem.IntegrationTests\AuthSystem.IntegrationTests.csproj" (el destino "_CollectRestoreInputs" depende de ├®l):
   3:5>Tarea "CheckForDuplicateNuGetItemsTask"
   7:6>Compilaci├│n terminada del destino "CollectPackageDownloads" en el proyecto "AuthSystem.API.csproj".
  6:10>Ejecuci├│n de la tarea "GetRestoreProjectReferencesTask" terminada.
   4:5>Destino "_GenerateProjectRestoreGraphPerFramework" en el archivo "C:\Program Files\dotnet\sdk\9.0.201\NuGet.targets" del proyecto "D:\Users\Jhon\Documentos\Mintrabajo\Modulo General usuarios\AuthSystemNew\AuthSystem.UnitTests\AuthSystem.UnitTests.csproj" (el destino "_GenerateProjectRestoreGraphCurrentProject" depende de ├®l):
   4:5>Usando la tarea "GetRestoreProjectReferencesTask" del ensamblado "C:\Program Files\dotnet\sdk\9.0.201\NuGet.Build.Tasks.dll".
   5:8>Ejecuci├│n de la tarea "CheckForDuplicateNuGetItemsTask" terminada.
   3:5>Ejecuci├│n de la tarea "CheckForDuplicateNuGetItemsTask" terminada.
   2:9>Ejecuci├│n de la tarea "GetRestorePackageReferencesTask" terminada.
  6:10>_GenerateProjectRestoreGraphPerFramework:
       Usando la tarea "GetRestorePackageReferencesTask" del ensamblado "C:\Program Files\dotnet\sdk\9.0.201\NuGet.Build.Tasks.dll".
   4:5>Tarea "GetRestoreProjectReferencesTask"
   5:8>Compilaci├│n terminada del destino "CollectNuGetAuditSuppressions" en el proyecto "AuthSystem.Infrastructure.csproj".
   3:5>Compilaci├│n terminada del destino "CollectPrunePackageReferences" en el proyecto "AuthSystem.IntegrationTests.csproj".
   2:9>_GenerateProjectRestoreGraphPerFramework:
       Se omiti├│ la tarea "GetCentralPackageVersionsTask" debido a una condici├│n falsa (False); ( '$(PackageReferenceCompatibleProjectStyle)' == 'true' AND '$(_CentralPackageVersionsEnabled)' == 'true' ) se evalu├│ como ( 'True' == 'true' AND '' == 'true' ).
  6:10>Tarea "GetRestorePackageReferencesTask"
   4:5>Ejecuci├│n de la tarea "GetRestoreProjectReferencesTask" terminada.
   7:6>Destino "CollectFrameworkReferences" en el archivo "C:\Program Files\dotnet\sdk\9.0.201\NuGet.targets" del proyecto "D:\Users\Jhon\Documentos\Mintrabajo\Modulo General usuarios\AuthSystemNew\AuthSystem.API\AuthSystem.API.csproj" (el destino "_CollectRestoreInputs" depende de ├®l):
   7:6>Compilaci├│n terminada del destino "CollectFrameworkReferences" en el proyecto "AuthSystem.API.csproj".
   2:9>_GenerateProjectRestoreGraphPerFramework:
       Usando la tarea "GetRestorePackageDownloadsTask" del ensamblado "C:\Program Files\dotnet\sdk\9.0.201\NuGet.Build.Tasks.dll".
   5:8>Se omiti├│ el destino "AddPrunePackageReferences" debido a una condici├│n falsa (False); ('$(RestoreEnablePackagePruning)' == 'true') se evalu├│ como ('false' == 'true').
   3:5>Destino "_CollectRestoreInputs" en el archivo "C:\Program Files\dotnet\sdk\9.0.201\NuGet.targets" del proyecto "D:\Users\Jhon\Documentos\Mintrabajo\Modulo General usuarios\AuthSystemNew\AuthSystem.IntegrationTests\AuthSystem.IntegrationTests.csproj" (el destino "_GenerateProjectRestoreGraphPerFramework" depende de ├®l):
   3:5>Compilaci├│n terminada del destino "_CollectRestoreInputs" en el proyecto "AuthSystem.IntegrationTests.csproj".
  6:10>Ejecuci├│n de la tarea "GetRestorePackageReferencesTask" terminada.
   2:9>Tarea "GetRestorePackageDownloadsTask"
   7:6>Destino "CollectCentralPackageVersions" en el archivo "C:\Program Files\dotnet\sdk\9.0.201\NuGet.targets" del proyecto "D:\Users\Jhon\Documentos\Mintrabajo\Modulo General usuarios\AuthSystemNew\AuthSystem.API\AuthSystem.API.csproj" (el destino "_CollectRestoreInputs" depende de ├®l):
   7:6>Tarea "CheckForDuplicateNuGetItemsTask"
   3:5>Se omiti├│ el destino "PrepRestoreForStoreProjects" debido a una condici├│n falsa (False); ('$(StorePackageName)' != '') se evalu├│ como ('' != '').
   4:5>_GenerateProjectRestoreGraphPerFramework:
       Usando la tarea "GetRestorePackageReferencesTask" del ensamblado "C:\Program Files\dotnet\sdk\9.0.201\NuGet.Build.Tasks.dll".
  6:10>_GenerateProjectRestoreGraphPerFramework:
       Se omiti├│ la tarea "GetCentralPackageVersionsTask" debido a una condici├│n falsa (False); ( '$(PackageReferenceCompatibleProjectStyle)' == 'true' AND '$(_CentralPackageVersionsEnabled)' == 'true' ) se evalu├│ como ( 'True' == 'true' AND '' == 'true' ).
   4:5>Tarea "GetRestorePackageReferencesTask"
   5:8>Destino "CollectPrunePackageReferences" en el archivo "C:\Program Files\dotnet\sdk\9.0.201\NuGet.targets" del proyecto "D:\Users\Jhon\Documentos\Mintrabajo\Modulo General usuarios\AuthSystemNew\AuthSystem.Infrastructure\AuthSystem.Infrastructure.csproj" (el destino "_CollectRestoreInputs" depende de ├®l):
   5:8>Tarea "CheckForDuplicateNuGetItemsTask"
   2:9>Ejecuci├│n de la tarea "GetRestorePackageDownloadsTask" terminada.
  6:10>_GenerateProjectRestoreGraphPerFramework:
       Usando la tarea "GetRestorePackageDownloadsTask" del ensamblado "C:\Program Files\dotnet\sdk\9.0.201\NuGet.Build.Tasks.dll".
   4:5>Ejecuci├│n de la tarea "GetRestorePackageReferencesTask" terminada.
   5:8>Ejecuci├│n de la tarea "CheckForDuplicateNuGetItemsTask" terminada.
   3:5>Destino "_GenerateProjectRestoreGraphPerFramework" en el archivo "C:\Program Files\dotnet\sdk\9.0.201\NuGet.targets" del proyecto "D:\Users\Jhon\Documentos\Mintrabajo\Modulo General usuarios\AuthSystemNew\AuthSystem.IntegrationTests\AuthSystem.IntegrationTests.csproj" (el destino "_GenerateProjectRestoreGraphCurrentProject" depende de ├®l):
   3:5>Usando la tarea "GetRestoreProjectReferencesTask" del ensamblado "C:\Program Files\dotnet\sdk\9.0.201\NuGet.Build.Tasks.dll".
   2:9>_GenerateProjectRestoreGraphPerFramework:
       Usando la tarea "GetRestoreFrameworkReferencesTask" del ensamblado "C:\Program Files\dotnet\sdk\9.0.201\NuGet.Build.Tasks.dll".
   4:5>_GenerateProjectRestoreGraphPerFramework:
       Se omiti├│ la tarea "GetCentralPackageVersionsTask" debido a una condici├│n falsa (False); ( '$(PackageReferenceCompatibleProjectStyle)' == 'true' AND '$(_CentralPackageVersionsEnabled)' == 'true' ) se evalu├│ como ( 'True' == 'true' AND '' == 'true' ).
  6:10>Tarea "GetRestorePackageDownloadsTask"
   3:5>Tarea "GetRestoreProjectReferencesTask"
   5:8>Compilaci├│n terminada del destino "CollectPrunePackageReferences" en el proyecto "AuthSystem.Infrastructure.csproj".
   3:5>Ejecuci├│n de la tarea "GetRestoreProjectReferencesTask" terminada.
  6:10>Ejecuci├│n de la tarea "GetRestorePackageDownloadsTask" terminada.
   2:9>Tarea "GetRestoreFrameworkReferencesTask"
   4:5>_GenerateProjectRestoreGraphPerFramework:
       Usando la tarea "GetRestorePackageDownloadsTask" del ensamblado "C:\Program Files\dotnet\sdk\9.0.201\NuGet.Build.Tasks.dll".
  6:10>_GenerateProjectRestoreGraphPerFramework:
       Usando la tarea "GetRestoreFrameworkReferencesTask" del ensamblado "C:\Program Files\dotnet\sdk\9.0.201\NuGet.Build.Tasks.dll".
   4:5>Tarea "GetRestorePackageDownloadsTask"
   2:9>Ejecuci├│n de la tarea "GetRestoreFrameworkReferencesTask" terminada.
  6:10>Tarea "GetRestoreFrameworkReferencesTask"
   3:5>_GenerateProjectRestoreGraphPerFramework:
       Usando la tarea "GetRestorePackageReferencesTask" del ensamblado "C:\Program Files\dotnet\sdk\9.0.201\NuGet.Build.Tasks.dll".
   4:5>Ejecuci├│n de la tarea "GetRestorePackageDownloadsTask" terminada.
   5:8>Destino "_CollectRestoreInputs" en el archivo "C:\Program Files\dotnet\sdk\9.0.201\NuGet.targets" del proyecto "D:\Users\Jhon\Documentos\Mintrabajo\Modulo General usuarios\AuthSystemNew\AuthSystem.Infrastructure\AuthSystem.Infrastructure.csproj" (el destino "_GenerateProjectRestoreGraphPerFramework" depende de ├®l):
   5:8>Compilaci├│n terminada del destino "_CollectRestoreInputs" en el proyecto "AuthSystem.Infrastructure.csproj".
   2:9>_GenerateProjectRestoreGraphPerFramework:
       Usando la tarea "GetRestoreNuGetAuditSuppressionsTask" del ensamblado "C:\Program Files\dotnet\sdk\9.0.201\NuGet.Build.Tasks.dll".
   4:5>_GenerateProjectRestoreGraphPerFramework:
       Usando la tarea "GetRestoreFrameworkReferencesTask" del ensamblado "C:\Program Files\dotnet\sdk\9.0.201\NuGet.Build.Tasks.dll".
   3:5>Tarea "GetRestorePackageReferencesTask"
  6:10>Ejecuci├│n de la tarea "GetRestoreFrameworkReferencesTask" terminada.
   5:8>Se omiti├│ el destino "PrepRestoreForStoreProjects" debido a una condici├│n falsa (False); ('$(StorePackageName)' != '') se evalu├│ como ('' != '').
   2:9>Tarea "GetRestoreNuGetAuditSuppressionsTask"
   4:5>Tarea "GetRestoreFrameworkReferencesTask"
  6:10>_GenerateProjectRestoreGraphPerFramework:
       Usando la tarea "GetRestoreNuGetAuditSuppressionsTask" del ensamblado "C:\Program Files\dotnet\sdk\9.0.201\NuGet.Build.Tasks.dll".
   2:9>Ejecuci├│n de la tarea "GetRestoreNuGetAuditSuppressionsTask" terminada.
   3:5>Ejecuci├│n de la tarea "GetRestorePackageReferencesTask" terminada.
  6:10>Tarea "GetRestoreNuGetAuditSuppressionsTask"
   3:5>_GenerateProjectRestoreGraphPerFramework:
       Se omiti├│ la tarea "GetCentralPackageVersionsTask" debido a una condici├│n falsa (False); ( '$(PackageReferenceCompatibleProjectStyle)' == 'true' AND '$(_CentralPackageVersionsEnabled)' == 'true' ) se evalu├│ como ( 'True' == 'true' AND '' == 'true' ).
   5:8>Destino "_GenerateProjectRestoreGraphPerFramework" en el archivo "C:\Program Files\dotnet\sdk\9.0.201\NuGet.targets" del proyecto "D:\Users\Jhon\Documentos\Mintrabajo\Modulo General usuarios\AuthSystemNew\AuthSystem.Infrastructure\AuthSystem.Infrastructure.csproj" (el destino "_GenerateProjectRestoreGraphCurrentProject" depende de ├®l):
   5:8>Usando la tarea "GetRestoreProjectReferencesTask" del ensamblado "C:\Program Files\dotnet\sdk\9.0.201\NuGet.Build.Tasks.dll".
   4:5>Ejecuci├│n de la tarea "GetRestoreFrameworkReferencesTask" terminada.
   2:9>_GenerateProjectRestoreGraphPerFramework:
       Usando la tarea "GetRestorePrunePackageReferencesTask" del ensamblado "C:\Program Files\dotnet\sdk\9.0.201\NuGet.Build.Tasks.dll".
   4:5>_GenerateProjectRestoreGraphPerFramework:
       Usando la tarea "GetRestoreNuGetAuditSuppressionsTask" del ensamblado "C:\Program Files\dotnet\sdk\9.0.201\NuGet.Build.Tasks.dll".
   3:5>_GenerateProjectRestoreGraphPerFramework:
       Usando la tarea "GetRestorePackageDownloadsTask" del ensamblado "C:\Program Files\dotnet\sdk\9.0.201\NuGet.Build.Tasks.dll".
   2:9>Tarea "GetRestorePrunePackageReferencesTask"
   5:8>Tarea "GetRestoreProjectReferencesTask"
  6:10>Ejecuci├│n de la tarea "GetRestoreNuGetAuditSuppressionsTask" terminada.
   2:9>Ejecuci├│n de la tarea "GetRestorePrunePackageReferencesTask" terminada.
   5:8>Ejecuci├│n de la tarea "GetRestoreProjectReferencesTask" terminada.
   3:5>Tarea "GetRestorePackageDownloadsTask"
   4:5>Tarea "GetRestoreNuGetAuditSuppressionsTask"
  6:10>_GenerateProjectRestoreGraphPerFramework:
       Usando la tarea "GetRestorePrunePackageReferencesTask" del ensamblado "C:\Program Files\dotnet\sdk\9.0.201\NuGet.Build.Tasks.dll".
   2:9>Compilaci├│n terminada del destino "_GenerateProjectRestoreGraphPerFramework" en el proyecto "AuthSystem.Application.csproj".
   5:8>_GenerateProjectRestoreGraphPerFramework:
       Usando la tarea "GetRestorePackageReferencesTask" del ensamblado "C:\Program Files\dotnet\sdk\9.0.201\NuGet.Build.Tasks.dll".
   4:5>Ejecuci├│n de la tarea "GetRestoreNuGetAuditSuppressionsTask" terminada.
  6:10>Tarea "GetRestorePrunePackageReferencesTask"
   3:5>Ejecuci├│n de la tarea "GetRestorePackageDownloadsTask" terminada.
  6:10>Ejecuci├│n de la tarea "GetRestorePrunePackageReferencesTask" terminada.
   5:8>Tarea "GetRestorePackageReferencesTask"
   3:5>_GenerateProjectRestoreGraphPerFramework:
       Usando la tarea "GetRestoreFrameworkReferencesTask" del ensamblado "C:\Program Files\dotnet\sdk\9.0.201\NuGet.Build.Tasks.dll".
   2:9>Destino "_GenerateProjectRestoreGraphCurrentProject" en el archivo "C:\Program Files\dotnet\sdk\9.0.201\NuGet.targets" del proyecto "D:\Users\Jhon\Documentos\Mintrabajo\Modulo General usuarios\AuthSystemNew\AuthSystem.Application\AuthSystem.Application.csproj" (el destino "_GenerateRestoreDependencies" depende de ├®l):
   2:9>Compilaci├│n terminada del destino "_GenerateProjectRestoreGraphCurrentProject" en el proyecto "AuthSystem.Application.csproj".
   4:5>_GenerateProjectRestoreGraphPerFramework:
       Usando la tarea "GetRestorePrunePackageReferencesTask" del ensamblado "C:\Program Files\dotnet\sdk\9.0.201\NuGet.Build.Tasks.dll".
   3:5>Tarea "GetRestoreFrameworkReferencesTask"
   4:5>Tarea "GetRestorePrunePackageReferencesTask"
   5:8>Ejecuci├│n de la tarea "GetRestorePackageReferencesTask" terminada.
  6:10>Compilaci├│n terminada del destino "_GenerateProjectRestoreGraphPerFramework" en el proyecto "AuthSystem.Domain.csproj".
   3:5>Ejecuci├│n de la tarea "GetRestoreFrameworkReferencesTask" terminada.
   5:8>_GenerateProjectRestoreGraphPerFramework:
       Se omiti├│ la tarea "GetCentralPackageVersionsTask" debido a una condici├│n falsa (False); ( '$(PackageReferenceCompatibleProjectStyle)' == 'true' AND '$(_CentralPackageVersionsEnabled)' == 'true' ) se evalu├│ como ( 'True' == 'true' AND '' == 'true' ).
   4:5>Ejecuci├│n de la tarea "GetRestorePrunePackageReferencesTask" terminada.
   3:5>_GenerateProjectRestoreGraphPerFramework:
       Usando la tarea "GetRestoreNuGetAuditSuppressionsTask" del ensamblado "C:\Program Files\dotnet\sdk\9.0.201\NuGet.Build.Tasks.dll".
   2:9>Destino "_GenerateRestoreDependencies" en el archivo "C:\Program Files\dotnet\sdk\9.0.201\NuGet.targets" del proyecto "D:\Users\Jhon\Documentos\Mintrabajo\Modulo General usuarios\AuthSystemNew\AuthSystem.Application\AuthSystem.Application.csproj" (el destino "_GenerateProjectRestoreGraph" depende de ├®l):
   2:9>Compilaci├│n terminada del destino "_GenerateRestoreDependencies" en el proyecto "AuthSystem.Application.csproj".
   5:8>_GenerateProjectRestoreGraphPerFramework:
       Usando la tarea "GetRestorePackageDownloadsTask" del ensamblado "C:\Program Files\dotnet\sdk\9.0.201\NuGet.Build.Tasks.dll".
  6:10>Destino "_GenerateProjectRestoreGraphCurrentProject" en el archivo "C:\Program Files\dotnet\sdk\9.0.201\NuGet.targets" del proyecto "D:\Users\Jhon\Documentos\Mintrabajo\Modulo General usuarios\AuthSystemNew\AuthSystem.Domain\AuthSystem.Domain.csproj" (el destino "_GenerateRestoreDependencies" depende de ├®l):
  6:10>Compilaci├│n terminada del destino "_GenerateProjectRestoreGraphCurrentProject" en el proyecto "AuthSystem.Domain.csproj".
   4:5>Compilaci├│n terminada del destino "_GenerateProjectRestoreGraphPerFramework" en el proyecto "AuthSystem.UnitTests.csproj".
   5:8>Tarea "GetRestorePackageDownloadsTask"
       Ejecuci├│n de la tarea "GetRestorePackageDownloadsTask" terminada.
   7:6>Ejecuci├│n de la tarea "CheckForDuplicateNuGetItemsTask" terminada.
   3:5>Tarea "GetRestoreNuGetAuditSuppressionsTask"
   4:5>Destino "_GenerateProjectRestoreGraphCurrentProject" en el archivo "C:\Program Files\dotnet\sdk\9.0.201\NuGet.targets" del proyecto "D:\Users\Jhon\Documentos\Mintrabajo\Modulo General usuarios\AuthSystemNew\AuthSystem.UnitTests\AuthSystem.UnitTests.csproj" (el destino "_GenerateRestoreDependencies" depende de ├®l):
   4:5>Compilaci├│n terminada del destino "_GenerateProjectRestoreGraphCurrentProject" en el proyecto "AuthSystem.UnitTests.csproj".
   2:9>Destino "_GenerateProjectRestoreGraph" en el archivo "C:\Program Files\dotnet\sdk\9.0.201\NuGet.targets" del proyecto "D:\Users\Jhon\Documentos\Mintrabajo\Modulo General usuarios\AuthSystemNew\AuthSystem.Application\AuthSystem.Application.csproj" (punto de entrada):
   2:9>Compilaci├│n terminada del destino "_GenerateProjectRestoreGraph" en el proyecto "AuthSystem.Application.csproj".
   7:6>Compilaci├│n terminada del destino "CollectCentralPackageVersions" en el proyecto "AuthSystem.API.csproj".
   5:8>_GenerateProjectRestoreGraphPerFramework:
       Usando la tarea "GetRestoreFrameworkReferencesTask" del ensamblado "C:\Program Files\dotnet\sdk\9.0.201\NuGet.Build.Tasks.dll".
   3:5>Ejecuci├│n de la tarea "GetRestoreNuGetAuditSuppressionsTask" terminada.
  6:10>Destino "_GenerateRestoreDependencies" en el archivo "C:\Program Files\dotnet\sdk\9.0.201\NuGet.targets" del proyecto "D:\Users\Jhon\Documentos\Mintrabajo\Modulo General usuarios\AuthSystemNew\AuthSystem.Domain\AuthSystem.Domain.csproj" (el destino "_GenerateProjectRestoreGraph" depende de ├®l):
  6:10>Compilaci├│n terminada del destino "_GenerateRestoreDependencies" en el proyecto "AuthSystem.Domain.csproj".
   2:9>Compilaci├│n del proyecto terminada "D:\Users\Jhon\Documentos\Mintrabajo\Modulo General usuarios\AuthSystemNew\AuthSystem.Application\AuthSystem.Application.csproj" (_GenerateProjectRestoreGraph destinos).
   3:5>_GenerateProjectRestoreGraphPerFramework:
       Usando la tarea "GetRestorePrunePackageReferencesTask" del ensamblado "C:\Program Files\dotnet\sdk\9.0.201\NuGet.Build.Tasks.dll".
   7:6>Destino "CollectNuGetAuditSuppressions" en el archivo "C:\Program Files\dotnet\sdk\9.0.201\NuGet.targets" del proyecto "D:\Users\Jhon\Documentos\Mintrabajo\Modulo General usuarios\AuthSystemNew\AuthSystem.API\AuthSystem.API.csproj" (el destino "_CollectRestoreInputs" depende de ├®l):
   7:6>Tarea "CheckForDuplicateNuGetItemsTask"
   5:8>Tarea "GetRestoreFrameworkReferencesTask"
   4:5>Destino "_GenerateRestoreDependencies" en el archivo "C:\Program Files\dotnet\sdk\9.0.201\NuGet.targets" del proyecto "D:\Users\Jhon\Documentos\Mintrabajo\Modulo General usuarios\AuthSystemNew\AuthSystem.UnitTests\AuthSystem.UnitTests.csproj" (el destino "_GenerateProjectRestoreGraph" depende de ├®l):
   4:5>Compilaci├│n terminada del destino "_GenerateRestoreDependencies" en el proyecto "AuthSystem.UnitTests.csproj".
  6:10>Destino "_GenerateProjectRestoreGraph" en el archivo "C:\Program Files\dotnet\sdk\9.0.201\NuGet.targets" del proyecto "D:\Users\Jhon\Documentos\Mintrabajo\Modulo General usuarios\AuthSystemNew\AuthSystem.Domain\AuthSystem.Domain.csproj" (punto de entrada):
  6:10>Compilaci├│n terminada del destino "_GenerateProjectRestoreGraph" en el proyecto "AuthSystem.Domain.csproj".
   3:5>Tarea "GetRestorePrunePackageReferencesTask"
   5:8>Ejecuci├│n de la tarea "GetRestoreFrameworkReferencesTask" terminada.
  6:10>Compilaci├│n del proyecto terminada "D:\Users\Jhon\Documentos\Mintrabajo\Modulo General usuarios\AuthSystemNew\AuthSystem.Domain\AuthSystem.Domain.csproj" (_GenerateProjectRestoreGraph destinos).
   3:5>Ejecuci├│n de la tarea "GetRestorePrunePackageReferencesTask" terminada.
   7:6>Ejecuci├│n de la tarea "CheckForDuplicateNuGetItemsTask" terminada.
   5:8>_GenerateProjectRestoreGraphPerFramework:
       Usando la tarea "GetRestoreNuGetAuditSuppressionsTask" del ensamblado "C:\Program Files\dotnet\sdk\9.0.201\NuGet.Build.Tasks.dll".
   3:5>Compilaci├│n terminada del destino "_GenerateProjectRestoreGraphPerFramework" en el proyecto "AuthSystem.IntegrationTests.csproj".
   4:5>Destino "_GenerateProjectRestoreGraph" en el archivo "C:\Program Files\dotnet\sdk\9.0.201\NuGet.targets" del proyecto "D:\Users\Jhon\Documentos\Mintrabajo\Modulo General usuarios\AuthSystemNew\AuthSystem.UnitTests\AuthSystem.UnitTests.csproj" (punto de entrada):
   4:5>Compilaci├│n terminada del destino "_GenerateProjectRestoreGraph" en el proyecto "AuthSystem.UnitTests.csproj".
   7:6>Compilaci├│n terminada del destino "CollectNuGetAuditSuppressions" en el proyecto "AuthSystem.API.csproj".
   5:8>Tarea "GetRestoreNuGetAuditSuppressionsTask"
   7:6>Se omiti├│ el destino "AddPrunePackageReferences" debido a una condici├│n falsa (False); ('$(RestoreEnablePackagePruning)' == 'true') se evalu├│ como ('false' == 'true').
   4:5>Compilaci├│n del proyecto terminada "D:\Users\Jhon\Documentos\Mintrabajo\Modulo General usuarios\AuthSystemNew\AuthSystem.UnitTests\AuthSystem.UnitTests.csproj" (_GenerateProjectRestoreGraph destinos).
   5:8>Ejecuci├│n de la tarea "GetRestoreNuGetAuditSuppressionsTask" terminada.
   3:5>Destino "_GenerateProjectRestoreGraphCurrentProject" en el archivo "C:\Program Files\dotnet\sdk\9.0.201\NuGet.targets" del proyecto "D:\Users\Jhon\Documentos\Mintrabajo\Modulo General usuarios\AuthSystemNew\AuthSystem.IntegrationTests\AuthSystem.IntegrationTests.csproj" (el destino "_GenerateRestoreDependencies" depende de ├®l):
   3:5>Compilaci├│n terminada del destino "_GenerateProjectRestoreGraphCurrentProject" en el proyecto "AuthSystem.IntegrationTests.csproj".
   7:6>Destino "CollectPrunePackageReferences" en el archivo "C:\Program Files\dotnet\sdk\9.0.201\NuGet.targets" del proyecto "D:\Users\Jhon\Documentos\Mintrabajo\Modulo General usuarios\AuthSystemNew\AuthSystem.API\AuthSystem.API.csproj" (el destino "_CollectRestoreInputs" depende de ├®l):
   7:6>Tarea "CheckForDuplicateNuGetItemsTask"
   5:8>_GenerateProjectRestoreGraphPerFramework:
       Usando la tarea "GetRestorePrunePackageReferencesTask" del ensamblado "C:\Program Files\dotnet\sdk\9.0.201\NuGet.Build.Tasks.dll".
   3:5>Destino "_GenerateRestoreDependencies" en el archivo "C:\Program Files\dotnet\sdk\9.0.201\NuGet.targets" del proyecto "D:\Users\Jhon\Documentos\Mintrabajo\Modulo General usuarios\AuthSystemNew\AuthSystem.IntegrationTests\AuthSystem.IntegrationTests.csproj" (el destino "_GenerateProjectRestoreGraph" depende de ├®l):
   3:5>Compilaci├│n terminada del destino "_GenerateRestoreDependencies" en el proyecto "AuthSystem.IntegrationTests.csproj".
   5:8>Tarea "GetRestorePrunePackageReferencesTask"
       Ejecuci├│n de la tarea "GetRestorePrunePackageReferencesTask" terminada.
   7:6>Ejecuci├│n de la tarea "CheckForDuplicateNuGetItemsTask" terminada.
   3:5>Destino "_GenerateProjectRestoreGraph" en el archivo "C:\Program Files\dotnet\sdk\9.0.201\NuGet.targets" del proyecto "D:\Users\Jhon\Documentos\Mintrabajo\Modulo General usuarios\AuthSystemNew\AuthSystem.IntegrationTests\AuthSystem.IntegrationTests.csproj" (punto de entrada):
   3:5>Compilaci├│n terminada del destino "_GenerateProjectRestoreGraph" en el proyecto "AuthSystem.IntegrationTests.csproj".
   7:6>Compilaci├│n terminada del destino "CollectPrunePackageReferences" en el proyecto "AuthSystem.API.csproj".
   3:5>Compilaci├│n del proyecto terminada "D:\Users\Jhon\Documentos\Mintrabajo\Modulo General usuarios\AuthSystemNew\AuthSystem.IntegrationTests\AuthSystem.IntegrationTests.csproj" (_GenerateProjectRestoreGraph destinos).
   7:6>Destino "_CollectRestoreInputs" en el archivo "C:\Program Files\dotnet\sdk\9.0.201\NuGet.targets" del proyecto "D:\Users\Jhon\Documentos\Mintrabajo\Modulo General usuarios\AuthSystemNew\AuthSystem.API\AuthSystem.API.csproj" (el destino "_GenerateProjectRestoreGraphPerFramework" depende de ├®l):
   7:6>Compilaci├│n terminada del destino "_CollectRestoreInputs" en el proyecto "AuthSystem.API.csproj".
       Se omiti├│ el destino "PrepRestoreForStoreProjects" debido a una condici├│n falsa (False); ('$(StorePackageName)' != '') se evalu├│ como ('' != '').
   5:8>Compilaci├│n terminada del destino "_GenerateProjectRestoreGraphPerFramework" en el proyecto "AuthSystem.Infrastructure.csproj".
   5:8>Destino "_GenerateProjectRestoreGraphCurrentProject" en el archivo "C:\Program Files\dotnet\sdk\9.0.201\NuGet.targets" del proyecto "D:\Users\Jhon\Documentos\Mintrabajo\Modulo General usuarios\AuthSystemNew\AuthSystem.Infrastructure\AuthSystem.Infrastructure.csproj" (el destino "_GenerateRestoreDependencies" depende de ├®l):
   5:8>Compilaci├│n terminada del destino "_GenerateProjectRestoreGraphCurrentProject" en el proyecto "AuthSystem.Infrastructure.csproj".
   5:8>Destino "_GenerateRestoreDependencies" en el archivo "C:\Program Files\dotnet\sdk\9.0.201\NuGet.targets" del proyecto "D:\Users\Jhon\Documentos\Mintrabajo\Modulo General usuarios\AuthSystemNew\AuthSystem.Infrastructure\AuthSystem.Infrastructure.csproj" (el destino "_GenerateProjectRestoreGraph" depende de ├®l):
   5:8>Compilaci├│n terminada del destino "_GenerateRestoreDependencies" en el proyecto "AuthSystem.Infrastructure.csproj".
   7:6>Destino "_GenerateProjectRestoreGraphPerFramework" en el archivo "C:\Program Files\dotnet\sdk\9.0.201\NuGet.targets" del proyecto "D:\Users\Jhon\Documentos\Mintrabajo\Modulo General usuarios\AuthSystemNew\AuthSystem.API\AuthSystem.API.csproj" (el destino "_GenerateProjectRestoreGraphCurrentProject" depende de ├®l):
   7:6>Usando la tarea "GetRestoreProjectReferencesTask" del ensamblado "C:\Program Files\dotnet\sdk\9.0.201\NuGet.Build.Tasks.dll".
       Tarea "GetRestoreProjectReferencesTask"
   5:8>Destino "_GenerateProjectRestoreGraph" en el archivo "C:\Program Files\dotnet\sdk\9.0.201\NuGet.targets" del proyecto "D:\Users\Jhon\Documentos\Mintrabajo\Modulo General usuarios\AuthSystemNew\AuthSystem.Infrastructure\AuthSystem.Infrastructure.csproj" (punto de entrada):
   5:8>Compilaci├│n terminada del destino "_GenerateProjectRestoreGraph" en el proyecto "AuthSystem.Infrastructure.csproj".
   5:8>Compilaci├│n del proyecto terminada "D:\Users\Jhon\Documentos\Mintrabajo\Modulo General usuarios\AuthSystemNew\AuthSystem.Infrastructure\AuthSystem.Infrastructure.csproj" (_GenerateProjectRestoreGraph destinos).
   7:6>Ejecuci├│n de la tarea "GetRestoreProjectReferencesTask" terminada.
       Usando la tarea "GetRestorePackageReferencesTask" del ensamblado "C:\Program Files\dotnet\sdk\9.0.201\NuGet.Build.Tasks.dll".
       Tarea "GetRestorePackageReferencesTask"
       Ejecuci├│n de la tarea "GetRestorePackageReferencesTask" terminada.
       Se omiti├│ la tarea "GetCentralPackageVersionsTask" debido a una condici├│n falsa (False); ( '$(PackageReferenceCompatibleProjectStyle)' == 'true' AND '$(_CentralPackageVersionsEnabled)' == 'true' ) se evalu├│ como ( 'True' == 'true' AND '' == 'true' ).
       Usando la tarea "GetRestorePackageDownloadsTask" del ensamblado "C:\Program Files\dotnet\sdk\9.0.201\NuGet.Build.Tasks.dll".
       Tarea "GetRestorePackageDownloadsTask"
       Ejecuci├│n de la tarea "GetRestorePackageDownloadsTask" terminada.
       Usando la tarea "GetRestoreFrameworkReferencesTask" del ensamblado "C:\Program Files\dotnet\sdk\9.0.201\NuGet.Build.Tasks.dll".
       Tarea "GetRestoreFrameworkReferencesTask"
       Ejecuci├│n de la tarea "GetRestoreFrameworkReferencesTask" terminada.
       Usando la tarea "GetRestoreNuGetAuditSuppressionsTask" del ensamblado "C:\Program Files\dotnet\sdk\9.0.201\NuGet.Build.Tasks.dll".
       Tarea "GetRestoreNuGetAuditSuppressionsTask"
       Ejecuci├│n de la tarea "GetRestoreNuGetAuditSuppressionsTask" terminada.
       Usando la tarea "GetRestorePrunePackageReferencesTask" del ensamblado "C:\Program Files\dotnet\sdk\9.0.201\NuGet.Build.Tasks.dll".
       Tarea "GetRestorePrunePackageReferencesTask"
       Ejecuci├│n de la tarea "GetRestorePrunePackageReferencesTask" terminada.
   7:6>Compilaci├│n terminada del destino "_GenerateProjectRestoreGraphPerFramework" en el proyecto "AuthSystem.API.csproj".
   7:6>Destino "_GenerateProjectRestoreGraphCurrentProject" en el archivo "C:\Program Files\dotnet\sdk\9.0.201\NuGet.targets" del proyecto "D:\Users\Jhon\Documentos\Mintrabajo\Modulo General usuarios\AuthSystemNew\AuthSystem.API\AuthSystem.API.csproj" (el destino "_GenerateRestoreDependencies" depende de ├®l):
   7:6>Compilaci├│n terminada del destino "_GenerateProjectRestoreGraphCurrentProject" en el proyecto "AuthSystem.API.csproj".
   7:6>Destino "_GenerateRestoreDependencies" en el archivo "C:\Program Files\dotnet\sdk\9.0.201\NuGet.targets" del proyecto "D:\Users\Jhon\Documentos\Mintrabajo\Modulo General usuarios\AuthSystemNew\AuthSystem.API\AuthSystem.API.csproj" (el destino "_GenerateProjectRestoreGraph" depende de ├®l):
   7:6>Compilaci├│n terminada del destino "_GenerateRestoreDependencies" en el proyecto "AuthSystem.API.csproj".
   7:6>Destino "_GenerateProjectRestoreGraph" en el archivo "C:\Program Files\dotnet\sdk\9.0.201\NuGet.targets" del proyecto "D:\Users\Jhon\Documentos\Mintrabajo\Modulo General usuarios\AuthSystemNew\AuthSystem.API\AuthSystem.API.csproj" (punto de entrada):
   7:6>Compilaci├│n terminada del destino "_GenerateProjectRestoreGraph" en el proyecto "AuthSystem.API.csproj".
   7:6>Compilaci├│n del proyecto terminada "D:\Users\Jhon\Documentos\Mintrabajo\Modulo General usuarios\AuthSystemNew\AuthSystem.API\AuthSystem.API.csproj" (_GenerateProjectRestoreGraph destinos).
     1>Ejecuci├│n de la tarea "MSBuild" terminada.
     1>Compilaci├│n terminada del destino "_GenerateRestoreGraph" en el proyecto "AuthSystem.sln".
     1>Destino "Restore" en el archivo "C:\Program Files\dotnet\sdk\9.0.201\NuGet.targets" del proyecto "D:\Users\Jhon\Documentos\Mintrabajo\Modulo General usuarios\AuthSystemNew\AuthSystem.sln" (punto de entrada):
       Tarea "RemoveDuplicates"
       Ejecuci├│n de la tarea "RemoveDuplicates" terminada.
       Usando la tarea "RestoreTask" del ensamblado "C:\Program Files\dotnet\sdk\9.0.201\NuGet.Build.Tasks.dll".
       Tarea "RestoreTask"
         Ensamblado cargado durante TaskRun (NuGet.Build.Tasks.RestoreTask): NuGet.Packaging, Version=6.13.1.1, Culture=neutral, PublicKeyToken=31bf3856ad364e35(ubicaci├│n: C:\Program Files\dotnet\sdk\9.0.201\NuGet.Packaging.dll, MVID: 8e509d75-1f26-40eb-a2bd-68d98541b0c2, AssemblyLoadContext: MSBuild plugin C:\Program Files\dotnet\sdk\9.0.201\NuGet.Build.Tasks.dll)
         Ensamblado cargado durante TaskRun (NuGet.Build.Tasks.RestoreTask): NuGet.LibraryModel, Version=6.13.1.1, Culture=neutral, PublicKeyToken=31bf3856ad364e35(ubicaci├│n: C:\Program Files\dotnet\sdk\9.0.201\NuGet.LibraryModel.dll, MVID: ea6f9576-3ae4-472c-bf7f-8b660834c7a9, AssemblyLoadContext: MSBuild plugin C:\Program Files\dotnet\sdk\9.0.201\NuGet.Build.Tasks.dll)
         Ensamblado cargado durante TaskRun (NuGet.Build.Tasks.RestoreTask): NuGet.Versioning, Version=6.13.1.1, Culture=neutral, PublicKeyToken=31bf3856ad364e35(ubicaci├│n: C:\Program Files\dotnet\sdk\9.0.201\NuGet.Versioning.dll, MVID: 8aca7b52-6d35-4e61-95dd-8b3cb9fb25e9, AssemblyLoadContext: MSBuild plugin C:\Program Files\dotnet\sdk\9.0.201\NuGet.Build.Tasks.dll)
         Ensamblado cargado durante TaskRun (NuGet.Build.Tasks.RestoreTask): NuGet.Frameworks, Version=6.13.1.1, Culture=neutral, PublicKeyToken=31bf3856ad364e35(ubicaci├│n: C:\Program Files\dotnet\sdk\9.0.201\NuGet.Frameworks.dll, MVID: c6731e31-84cf-42b1-a40d-96c2afe511dc, AssemblyLoadContext: MSBuild plugin C:\Program Files\dotnet\sdk\9.0.201\NuGet.Build.Tasks.dll)
         Ensamblado cargado durante TaskRun (NuGet.Build.Tasks.RestoreTask): System.Buffers, Version=9.0.0.0, Culture=neutral, PublicKeyToken=cc7b13ffcd2ddd51(ubicaci├│n: C:\Program Files\dotnet\shared\Microsoft.NETCore.App\9.0.3\System.Buffers.dll, MVID: 2fb3a08d-0cea-45d4-b7a0-87d9a3977453, AssemblyLoadContext: Default)
         Ensamblado cargado durante TaskRun (NuGet.Build.Tasks.RestoreTask): NuGet.Protocol, Version=6.13.1.1, Culture=neutral, PublicKeyToken=31bf3856ad364e35(ubicaci├│n: C:\Program Files\dotnet\sdk\9.0.201\NuGet.Protocol.dll, MVID: 74de8589-f9b7-41ee-8b24-acc517a138fb, AssemblyLoadContext: MSBuild plugin C:\Program Files\dotnet\sdk\9.0.201\NuGet.Build.Tasks.dll)
         Ensamblado cargado durante TaskRun (NuGet.Build.Tasks.RestoreTask): NuGet.Credentials, Version=6.13.1.1, Culture=neutral, PublicKeyToken=31bf3856ad364e35(ubicaci├│n: C:\Program Files\dotnet\sdk\9.0.201\NuGet.Credentials.dll, MVID: 2f8f957f-bc06-450f-9c6f-3157d01717bd, AssemblyLoadContext: MSBuild plugin C:\Program Files\dotnet\sdk\9.0.201\NuGet.Build.Tasks.dll)
         Ensamblado cargado durante TaskRun (NuGet.Build.Tasks.RestoreTask): NuGet.Packaging.resources, Version=6.13.1.1, Culture=es, PublicKeyToken=31bf3856ad364e35, processorArchitecture=MSIL(ubicaci├│n: C:\Program Files\dotnet\sdk\9.0.201\es\NuGet.Packaging.resources.dll, MVID: 2eb68fe4-3bc0-4212-bd60-be240bc1e179, AssemblyLoadContext: MSBuild plugin C:\Program Files\dotnet\sdk\9.0.201\NuGet.Build.Tasks.dll)
         La validaci├│n de la cadena de certificados X.509 utilizar├í el almac├®n de confianza predeterminado seleccionado por .NET para la firma de c├│digo.
         La validaci├│n de la cadena de certificados X.509 utilizar├í el almac├®n de confianza predeterminado seleccionado por .NET para la marca de tiempo.
         Ensamblado cargado durante TaskRun (NuGet.Build.Tasks.RestoreTask): NuGet.DependencyResolver.Core, Version=6.13.1.1, Culture=neutral, PublicKeyToken=31bf3856ad364e35(ubicaci├│n: C:\Program Files\dotnet\sdk\9.0.201\NuGet.DependencyResolver.Core.dll, MVID: 8d2edb2a-d1b8-4c21-be43-f79e972cb284, AssemblyLoadContext: MSBuild plugin C:\Program Files\dotnet\sdk\9.0.201\NuGet.Build.Tasks.dll)
         Ensamblado cargado durante TaskRun (NuGet.Build.Tasks.RestoreTask): NuGet.Commands.resources, Version=6.13.1.1, Culture=es, PublicKeyToken=31bf3856ad364e35, processorArchitecture=MSIL(ubicaci├│n: C:\Program Files\dotnet\sdk\9.0.201\es\NuGet.Commands.resources.dll, MVID: 6e515d13-009a-4ccc-937b-d0c3f0bbf46a, AssemblyLoadContext: MSBuild plugin C:\Program Files\dotnet\sdk\9.0.201\NuGet.Build.Tasks.dll)
         Ejecutando restauraci├│n con 16 trabajos simult├íneos.
         Leyendo el archivo del proyecto D:\Users\Jhon\Documentos\Mintrabajo\Modulo General usuarios\AuthSystemNew\AuthSystem.Domain\AuthSystem.Domain.csproj.
         Leyendo el archivo del proyecto D:\Users\Jhon\Documentos\Mintrabajo\Modulo General usuarios\AuthSystemNew\AuthSystem.API\AuthSystem.API.csproj.
         Leyendo el archivo del proyecto D:\Users\Jhon\Documentos\Mintrabajo\Modulo General usuarios\AuthSystemNew\AuthSystem.IntegrationTests\AuthSystem.IntegrationTests.csproj.
         Leyendo el archivo del proyecto D:\Users\Jhon\Documentos\Mintrabajo\Modulo General usuarios\AuthSystemNew\AuthSystem.Infrastructure\AuthSystem.Infrastructure.csproj.
         Leyendo el archivo del proyecto D:\Users\Jhon\Documentos\Mintrabajo\Modulo General usuarios\AuthSystemNew\AuthSystem.UnitTests\AuthSystem.UnitTests.csproj.
         Leyendo el archivo del proyecto D:\Users\Jhon\Documentos\Mintrabajo\Modulo General usuarios\AuthSystemNew\AuthSystem.Application\AuthSystem.Application.csproj.
         Ensamblado cargado durante TaskRun (NuGet.Build.Tasks.RestoreTask): Newtonsoft.Json, Version=13.0.0.0, Culture=neutral, PublicKeyToken=30ad4fe6b2a6aeed(ubicaci├│n: C:\Program Files\dotnet\sdk\9.0.201\Newtonsoft.Json.dll, MVID: 7e62198b-eab2-4380-bbac-29171862d1d8, AssemblyLoadContext: MSBuild plugin C:\Program Files\dotnet\sdk\9.0.201\NuGet.Build.Tasks.dll)
         Ensamblado cargado durante TaskRun (NuGet.Build.Tasks.RestoreTask): System.Runtime.Serialization.Primitives, Version=9.0.0.0, Culture=neutral, PublicKeyToken=b03f5f7f11d50a3a(ubicaci├│n: C:\Program Files\dotnet\shared\Microsoft.NETCore.App\9.0.3\System.Runtime.Serialization.Primitives.dll, MVID: 4bb66a57-0c00-49f3-9b42-cc84e0420579, AssemblyLoadContext: Default)
         Ensamblado cargado durante TaskRun (NuGet.Build.Tasks.RestoreTask): System.Runtime.Numerics, Version=9.0.0.0, Culture=neutral, PublicKeyToken=b03f5f7f11d50a3a(ubicaci├│n: C:\Program Files\dotnet\shared\Microsoft.NETCore.App\9.0.3\System.Runtime.Numerics.dll, MVID: 293fcfe2-d032-43ad-bc68-0b9cddd6e749, AssemblyLoadContext: Default)
         Las entradas de restauraci├│n de "AuthSystem.API" no han cambiado. No se necesitan m├ís acciones para finalizar la restauraci├│n.
         Las entradas de restauraci├│n de "AuthSystem.Domain" no han cambiado. No se necesitan m├ís acciones para finalizar la restauraci├│n.
         Las entradas de restauraci├│n de "AuthSystem.UnitTests" no han cambiado. No se necesitan m├ís acciones para finalizar la restauraci├│n.
         Las entradas de restauraci├│n de "AuthSystem.IntegrationTests" no han cambiado. No se necesitan m├ís acciones para finalizar la restauraci├│n.
         Las entradas de restauraci├│n de "AuthSystem.Application" no han cambiado. No se necesitan m├ís acciones para finalizar la restauraci├│n.
         Las entradas de restauraci├│n de "AuthSystem.Infrastructure" no han cambiado. No se necesitan m├ís acciones para finalizar la restauraci├│n.
         Ejecutando restauraci├│n...
         Ejecutando restauraci├│n...
         El archivo de recursos no ha cambiado, as├¡ que se omitir├í su escritura. Ruta de acceso: D:\Users\Jhon\Documentos\Mintrabajo\Modulo General usuarios\AuthSystemNew\AuthSystem.Application\obj\project.assets.json
         El archivo de recursos no ha cambiado, as├¡ que se omitir├í su escritura. Ruta de acceso: D:\Users\Jhon\Documentos\Mintrabajo\Modulo General usuarios\AuthSystemNew\AuthSystem.Domain\obj\project.assets.json
         No hay ninguna operaci├│n de restauraci├│n. La cach├® no se actualizar├í. Ruta de acceso: D:\Users\Jhon\Documentos\Mintrabajo\Modulo General usuarios\AuthSystemNew\AuthSystem.Application\obj\project.nuget.cache
         No hay ninguna operaci├│n de restauraci├│n. La cach├® no se actualizar├í. Ruta de acceso: D:\Users\Jhon\Documentos\Mintrabajo\Modulo General usuarios\AuthSystemNew\AuthSystem.Domain\obj\project.nuget.cache
         Ensamblado cargado durante TaskRun (NuGet.Build.Tasks.RestoreTask): NuGet.Common.resources, Version=6.13.1.1, Culture=es, PublicKeyToken=31bf3856ad364e35, processorArchitecture=MSIL(ubicaci├│n: C:\Program Files\dotnet\sdk\9.0.201\es\NuGet.Common.resources.dll, MVID: 9318da76-5ef9-4158-93c0-2c11b49afa9d, AssemblyLoadContext: MSBuild plugin C:\Program Files\dotnet\sdk\9.0.201\NuGet.Build.Tasks.dll)
         Ejecutando restauraci├│n...
         El archivo de recursos no ha cambiado, as├¡ que se omitir├í su escritura. Ruta de acceso: D:\Users\Jhon\Documentos\Mintrabajo\Modulo General usuarios\AuthSystemNew\AuthSystem.API\obj\project.assets.json
         No hay ninguna operaci├│n de restauraci├│n. La cach├® no se actualizar├í. Ruta de acceso: D:\Users\Jhon\Documentos\Mintrabajo\Modulo General usuarios\AuthSystemNew\AuthSystem.API\obj\project.nuget.cache
     1>D:\Users\Jhon\Documentos\Mintrabajo\Modulo General usuarios\AuthSystemNew\AuthSystem.Infrastructure\AuthSystem.Infrastructure.csproj : warning NU1903: El paquete "SixLabors.ImageSharp" 3.0.2 tiene una vulnerabilidad de gravedad alta conocida, https://github.com/advisories/GHSA-2cmq-823j-5qj8 [D:\Users\Jhon\Documentos\Mintrabajo\Modulo General usuarios\AuthSystemNew\AuthSystem.sln]
     1>D:\Users\Jhon\Documentos\Mintrabajo\Modulo General usuarios\AuthSystemNew\AuthSystem.Infrastructure\AuthSystem.Infrastructure.csproj : warning NU1902: El paquete "SixLabors.ImageSharp" 3.0.2 tiene una vulnerabilidad de gravedad moderada conocida, https://github.com/advisories/GHSA-5x7m-6737-26cr [D:\Users\Jhon\Documentos\Mintrabajo\Modulo General usuarios\AuthSystemNew\AuthSystem.sln]
     1>D:\Users\Jhon\Documentos\Mintrabajo\Modulo General usuarios\AuthSystemNew\AuthSystem.Infrastructure\AuthSystem.Infrastructure.csproj : warning NU1903: El paquete "SixLabors.ImageSharp" 3.0.2 tiene una vulnerabilidad de gravedad alta conocida, https://github.com/advisories/GHSA-63p8-c4ww-9cg7 [D:\Users\Jhon\Documentos\Mintrabajo\Modulo General usuarios\AuthSystemNew\AuthSystem.sln]
     1>D:\Users\Jhon\Documentos\Mintrabajo\Modulo General usuarios\AuthSystemNew\AuthSystem.Infrastructure\AuthSystem.Infrastructure.csproj : warning NU1903: El paquete "SixLabors.ImageSharp" 3.0.2 tiene una vulnerabilidad de gravedad alta conocida, https://github.com/advisories/GHSA-65x7-c272-7g7r [D:\Users\Jhon\Documentos\Mintrabajo\Modulo General usuarios\AuthSystemNew\AuthSystem.sln]
     1>D:\Users\Jhon\Documentos\Mintrabajo\Modulo General usuarios\AuthSystemNew\AuthSystem.Infrastructure\AuthSystem.Infrastructure.csproj : warning NU1902: El paquete "SixLabors.ImageSharp" 3.0.2 tiene una vulnerabilidad de gravedad moderada conocida, https://github.com/advisories/GHSA-g85r-6x2q-45w7 [D:\Users\Jhon\Documentos\Mintrabajo\Modulo General usuarios\AuthSystemNew\AuthSystem.sln]
     1>D:\Users\Jhon\Documentos\Mintrabajo\Modulo General usuarios\AuthSystemNew\AuthSystem.Infrastructure\AuthSystem.Infrastructure.csproj : warning NU1902: El paquete "SixLabors.ImageSharp" 3.0.2 tiene una vulnerabilidad de gravedad moderada conocida, https://github.com/advisories/GHSA-qxrv-gp6x-rc23 [D:\Users\Jhon\Documentos\Mintrabajo\Modulo General usuarios\AuthSystemNew\AuthSystem.sln]
     1>D:\Users\Jhon\Documentos\Mintrabajo\Modulo General usuarios\AuthSystemNew\AuthSystem.Infrastructure\AuthSystem.Infrastructure.csproj : warning NU1902: El paquete "System.IdentityModel.Tokens.Jwt" 7.0.3 tiene una vulnerabilidad de gravedad moderada conocida, https://github.com/advisories/GHSA-59j7-ghrg-fj52 [D:\Users\Jhon\Documentos\Mintrabajo\Modulo General usuarios\AuthSystemNew\AuthSystem.sln]
         Ejecutando restauraci├│n...
         El archivo de recursos no ha cambiado, as├¡ que se omitir├í su escritura. Ruta de acceso: D:\Users\Jhon\Documentos\Mintrabajo\Modulo General usuarios\AuthSystemNew\AuthSystem.Infrastructure\obj\project.assets.json
         No hay ninguna operaci├│n de restauraci├│n. La cach├® no se actualizar├í. Ruta de acceso: D:\Users\Jhon\Documentos\Mintrabajo\Modulo General usuarios\AuthSystemNew\AuthSystem.Infrastructure\obj\project.nuget.cache
         Ejecutando restauraci├│n...
         Ejecutando restauraci├│n...
         El archivo de recursos no ha cambiado, as├¡ que se omitir├í su escritura. Ruta de acceso: D:\Users\Jhon\Documentos\Mintrabajo\Modulo General usuarios\AuthSystemNew\AuthSystem.UnitTests\obj\project.assets.json
         El archivo de recursos no ha cambiado, as├¡ que se omitir├í su escritura. Ruta de acceso: D:\Users\Jhon\Documentos\Mintrabajo\Modulo General usuarios\AuthSystemNew\AuthSystem.IntegrationTests\obj\project.assets.json
         No hay ninguna operaci├│n de restauraci├│n. La cach├® no se actualizar├í. Ruta de acceso: D:\Users\Jhon\Documentos\Mintrabajo\Modulo General usuarios\AuthSystemNew\AuthSystem.IntegrationTests\obj\project.nuget.cache
         No hay ninguna operaci├│n de restauraci├│n. La cach├® no se actualizar├í. Ruta de acceso: D:\Users\Jhon\Documentos\Mintrabajo\Modulo General usuarios\AuthSystemNew\AuthSystem.UnitTests\obj\project.nuget.cache
         Se ha restaurado D:\Users\Jhon\Documentos\Mintrabajo\Modulo General usuarios\AuthSystemNew\AuthSystem.Domain\AuthSystem.Domain.csproj (en 31 ms).
         Se ha restaurado D:\Users\Jhon\Documentos\Mintrabajo\Modulo General usuarios\AuthSystemNew\AuthSystem.Application\AuthSystem.Application.csproj (en 31 ms).
         Se ha restaurado D:\Users\Jhon\Documentos\Mintrabajo\Modulo General usuarios\AuthSystemNew\AuthSystem.Infrastructure\AuthSystem.Infrastructure.csproj (en 34 ms).
         Se ha restaurado D:\Users\Jhon\Documentos\Mintrabajo\Modulo General usuarios\AuthSystemNew\AuthSystem.IntegrationTests\AuthSystem.IntegrationTests.csproj (en 35 ms).
         Se ha restaurado D:\Users\Jhon\Documentos\Mintrabajo\Modulo General usuarios\AuthSystemNew\AuthSystem.UnitTests\AuthSystem.UnitTests.csproj (en 35 ms).
         Se ha restaurado D:\Users\Jhon\Documentos\Mintrabajo\Modulo General usuarios\AuthSystemNew\AuthSystem.API\AuthSystem.API.csproj (en 33 ms).
         
         Archivos de NuGet Config usados:
             C:\Users\JHON\AppData\Roaming\NuGet\NuGet.Config
             C:\Program Files (x86)\NuGet\Config\Microsoft.VisualStudio.FallbackLocation.config
             C:\Program Files (x86)\NuGet\Config\Microsoft.VisualStudio.Offline.config
         
         Fuentes usadas:
             https://api.nuget.org/v3/index.json
             C:\Program Files (x86)\Microsoft SDKs\NuGetPackages\
             C:\Program Files\dotnet\library-packs
         Todos los proyectos est├ín actualizados para la restauraci├│n.
       Ejecuci├│n de la tarea "RestoreTask" terminada.
     1>Compilaci├│n terminada del destino "Restore" en el proyecto "AuthSystem.sln".
     1>Compilaci├│n del proyecto terminada "D:\Users\Jhon\Documentos\Mintrabajo\Modulo General usuarios\AuthSystemNew\AuthSystem.sln" (Restore destinos).
     0>D:\Users\Jhon\Documentos\Mintrabajo\Modulo General usuarios\AuthSystemNew\AuthSystem.sln.metaproj : message : Propiedad "MSBuildExtensionsPath" con el valor "C:\Program Files\dotnet\sdk\9.0.201\" expandido desde el entorno.
       Reasignaci├│n de propiedad: $(_GenerateRestoreGraphProjectEntryInputProperties)="
             ExcludeRestorePackageImports=true;
             _RestoreSolutionFileUsed=true;
             SolutionDir=D:\Users\Jhon\Documentos\Mintrabajo\Modulo General usuarios\AuthSystemNew\;
             SolutionName=AuthSystem;
             SolutionFileName=AuthSystem.sln;
             SolutionPath=D:\Users\Jhon\Documentos\Mintrabajo\Modulo General usuarios\AuthSystemNew\AuthSystem.sln;
             SolutionExt=.sln;
           " (valor anterior: "ExcludeRestorePackageImports=true") en C:\Program Files\dotnet\sdk\9.0.201\NuGet.targets (101,5)
       El destino "Store" que aparece en un atributo BeforeTargets en "C:\Program Files\dotnet\sdk\9.0.201\Current\SolutionFile\ImportAfter\Microsoft.NET.Sdk.Solution.targets (33,11)" no existe en el proyecto y se omitir├í.
       El destino "VSTest" que aparece en un atributo BeforeTargets en "C:\Program Files\dotnet\sdk\9.0.201\Current\SolutionFile\ImportAfter\Microsoft.NET.Sdk.Solution.targets (33,11)" no existe en el proyecto y se omitir├í.
       El destino "_CheckForInvalidConfigurationAndPlatform" que aparece en un atributo BeforeTargets en "C:\Program Files\dotnet\sdk\9.0.201\NuGet.targets (700,11)" no existe en el proyecto y se omitir├í.
   1:2>Proyecto "D:\Users\Jhon\Documentos\Mintrabajo\Modulo General usuarios\AuthSystemNew\AuthSystem.sln" en nodo 1 (destinos predeterminados).
   1:2>Destino "ValidateSolutionConfiguration" en el archivo "D:\Users\Jhon\Documentos\Mintrabajo\Modulo General usuarios\AuthSystemNew\AuthSystem.sln.metaproj" del proyecto "D:\Users\Jhon\Documentos\Mintrabajo\Modulo General usuarios\AuthSystemNew\AuthSystem.sln" (punto de entrada):
   1:2>Se omiti├│ la tarea "Error" debido a una condici├│n falsa (False); (('$(CurrentSolutionConfigurationContents)' == '') and ('$(SkipInvalidConfigurations)' != 'true')) se evalu├│ como (('<SolutionConfiguration>
  <ProjectConfiguration Project="{84B4B2EC-9564-4C68-8821-46DADEE81E7C}" AbsolutePath="D:\Users\Jhon\Documentos\Mintrabajo\Modulo General usuarios\AuthSystemNew\AuthSystem.API\AuthSystem.API.csproj" BuildProjectInSolution="True">Debug|AnyCPU</ProjectConfiguration>
  <ProjectConfiguration Project="{FD2BB2C6-39C5-4826-954E-B677EDD5C48A}" AbsolutePath="D:\Users\Jhon\Documentos\Mintrabajo\Modulo General usuarios\AuthSystemNew\AuthSystem.Domain\AuthSystem.Domain.csproj" BuildProjectInSolution="True">Debug|AnyCPU</ProjectConfiguration>
  <ProjectConfiguration Project="{11F2B1A0-A3CB-4B6E-8E2F-52DA1BA9822A}" AbsolutePath="D:\Users\Jhon\Documentos\Mintrabajo\Modulo General usuarios\AuthSystemNew\AuthSystem.Application\AuthSystem.Application.csproj" BuildProjectInSolution="True">Debug|AnyCPU</ProjectConfiguration>
  <ProjectConfiguration Project="{B058BB52-099C-4EE7-959C-FD5F7560FCDF}" AbsolutePath="D:\Users\Jhon\Documentos\Mintrabajo\Modulo General usuarios\AuthSystemNew\AuthSystem.Infr...' == '') and ('' != 'true')).
       Se omiti├│ la tarea "Warning" debido a una condici├│n falsa (False); (('$(CurrentSolutionConfigurationContents)' == '') and ('$(SkipInvalidConfigurations)' == 'true')) se evalu├│ como (('<SolutionConfiguration>
         <ProjectConfiguration Project="{84B4B2EC-9564-4C68-8821-46DADEE81E7C}" AbsolutePath="D:\Users\Jhon\Documentos\Mintrabajo\Modulo General usuarios\AuthSystemNew\AuthSystem.API\AuthSystem.API.csproj" BuildProjectInSolution="True">Debug|AnyCPU</ProjectConfiguration>
         <ProjectConfiguration Project="{FD2BB2C6-39C5-4826-954E-B677EDD5C48A}" AbsolutePath="D:\Users\Jhon\Documentos\Mintrabajo\Modulo General usuarios\AuthSystemNew\AuthSystem.Domain\AuthSystem.Domain.csproj" BuildProjectInSolution="True">Debug|AnyCPU</ProjectConfiguration>
         <ProjectConfiguration Project="{11F2B1A0-A3CB-4B6E-8E2F-52DA1BA9822A}" AbsolutePath="D:\Users\Jhon\Documentos\Mintrabajo\Modulo General usuarios\AuthSystemNew\AuthSystem.Application\AuthSystem.Application.csproj" BuildProjectInSolution="True">Debug|AnyCPU</ProjectConfiguration>
         <ProjectConfiguration Project="{B058BB52-099C-4EE7-959C-FD5F7560FCDF}" AbsolutePath="D:\Users\Jhon\Documentos\Mintrabajo\Modulo General usuarios\AuthSystemNew\AuthSystem.Infr...' == '') and ('' == 'true')).
       Usando la tarea "Message" del ensamblado "Microsoft.Build.Tasks.Core, Version=15.1.0.0, Culture=neutral, PublicKeyToken=b03f5f7f11d50a3a".
       Tarea "Message"
         Compilando la configuraci├│n de soluciones "Debug|Any CPU".
       Ejecuci├│n de la tarea "Message" terminada.
   1:2>Compilaci├│n terminada del destino "ValidateSolutionConfiguration" en el proyecto "AuthSystem.sln".
   1:2>Destino "ValidateToolsVersions" en el archivo "D:\Users\Jhon\Documentos\Mintrabajo\Modulo General usuarios\AuthSystemNew\AuthSystem.sln.metaproj" del proyecto "D:\Users\Jhon\Documentos\Mintrabajo\Modulo General usuarios\AuthSystemNew\AuthSystem.sln" (punto de entrada):
       Se omiti├│ la tarea "Error" debido a una condici├│n falsa (False); ('$(MSBuildToolsVersion)' == '2.0' and ('$(ProjectToolsVersion)' != '2.0' and '$(ProjectToolsVersion)' != '')) se evalu├│ como ('Current' == '2.0' and ('' != '2.0' and '' != '')).
   1:2>Compilaci├│n terminada del destino "ValidateToolsVersions" en el proyecto "AuthSystem.sln".
   1:2>Destino "ValidateProjects" en el archivo "D:\Users\Jhon\Documentos\Mintrabajo\Modulo General usuarios\AuthSystemNew\AuthSystem.sln.metaproj" del proyecto "D:\Users\Jhon\Documentos\Mintrabajo\Modulo General usuarios\AuthSystemNew\AuthSystem.sln" (punto de entrada):
   1:2>Compilaci├│n terminada del destino "ValidateProjects" en el proyecto "AuthSystem.sln".
       Se omiti├│ el destino "_CheckForSolutionLevelRuntimeIdentifier" debido a una condici├│n falsa (False); ('$(RuntimeIdentifier)' != '') se evalu├│ como ('' != '').
       Se omiti├│ el destino "_CheckForSolutionLevelOutputPath" debido a una condici├│n falsa (False); ('$(_CommandLineDefinedOutputPath)' == 'true') se evalu├│ como ('' == 'true').
   1:2>Destino "Build" en el archivo "D:\Users\Jhon\Documentos\Mintrabajo\Modulo General usuarios\AuthSystemNew\AuthSystem.sln.metaproj" del proyecto "D:\Users\Jhon\Documentos\Mintrabajo\Modulo General usuarios\AuthSystemNew\AuthSystem.sln" (punto de entrada):
       Usando la tarea "MSBuild" del ensamblado "Microsoft.Build.Tasks.Core, Version=15.1.0.0, Culture=neutral, PublicKeyToken=b03f5f7f11d50a3a".
       Tarea "MSBuild"
         Propiedades globales:
           BuildingSolutionFile=true
           CurrentSolutionConfigurationContents=<SolutionConfiguration>
           <ProjectConfiguration Project="{84B4B2EC-9564-4C68-8821-46DADEE81E7C}" AbsolutePath="D:\Users\Jhon\Documentos\Mintrabajo\Modulo General usuarios\AuthSystemNew\AuthSystem.API\AuthSystem.API.csproj" BuildProjectInSolution="True">Debug|AnyCPU</ProjectConfiguration>
           <ProjectConfiguration Project="{FD2BB2C6-39C5-4826-954E-B677EDD5C48A}" AbsolutePath="D:\Users\Jhon\Documentos\Mintrabajo\Modulo General usuarios\AuthSystemNew\AuthSystem.Domain\AuthSystem.Domain.csproj" BuildProjectInSolution="True">Debug|AnyCPU</ProjectConfiguration>
           <ProjectConfiguration Project="{11F2B1A0-A3CB-4B6E-8E2F-52DA1BA9822A}" AbsolutePath="D:\Users\Jhon\Documentos\Mintrabajo\Modulo General usuarios\AuthSystemNew\AuthSystem.Application\AuthSystem.Application.csproj" BuildProjectInSolution="True">Debug|AnyCPU</ProjectConfiguration>
           <ProjectConfiguration Project="{B058BB52-099C-4EE7-959C-FD5F7560FCDF}" AbsolutePath="D:\Users\Jhon\Documentos\Mintrabajo\Modulo General usuarios\AuthSystemNew\AuthSystem.Infrastructure\AuthSystem.Infrastructure.csproj" BuildProjectInSolution="True">Debug|AnyCPU</ProjectConfiguration>
           <ProjectConfiguration Project="{37802854-F90E-4A64-B85E-78B9752F99F1}" AbsolutePath="D:\Users\Jhon\Documentos\Mintrabajo\Modulo General usuarios\AuthSystemNew\AuthSystem.UnitTests\AuthSystem.UnitTests.csproj" BuildProjectInSolution="True">Debug|AnyCPU</ProjectConfiguration>
           <ProjectConfiguration Project="{5B5F7D62-69EB-4AEE-A343-F0B33995B4F8}" AbsolutePath="D:\Users\Jhon\Documentos\Mintrabajo\Modulo General usuarios\AuthSystemNew\AuthSystem.IntegrationTests\AuthSystem.IntegrationTests.csproj" BuildProjectInSolution="True">Debug|AnyCPU</ProjectConfiguration>
         </SolutionConfiguration>
           SolutionDir=D:\Users\Jhon\Documentos\Mintrabajo\Modulo General usuarios\AuthSystemNew\
           SolutionExt=.sln
           SolutionFileName=AuthSystem.sln
           SolutionName=AuthSystem
           SolutionPath=D:\Users\Jhon\Documentos\Mintrabajo\Modulo General usuarios\AuthSystemNew\AuthSystem.sln
         Propiedades adicionales del proyecto "D:\Users\Jhon\Documentos\Mintrabajo\Modulo General usuarios\AuthSystemNew\AuthSystem.API\AuthSystem.API.csproj":
           Configuration=Debug
           Platform=AnyCPU
         Propiedades adicionales del proyecto "D:\Users\Jhon\Documentos\Mintrabajo\Modulo General usuarios\AuthSystemNew\AuthSystem.Domain\AuthSystem.Domain.csproj":
           Configuration=Debug
           Platform=AnyCPU
         Propiedades adicionales del proyecto "D:\Users\Jhon\Documentos\Mintrabajo\Modulo General usuarios\AuthSystemNew\AuthSystem.Application\AuthSystem.Application.csproj":
           Configuration=Debug
           Platform=AnyCPU
         Propiedades adicionales del proyecto "D:\Users\Jhon\Documentos\Mintrabajo\Modulo General usuarios\AuthSystemNew\AuthSystem.Infrastructure\AuthSystem.Infrastructure.csproj":
           Configuration=Debug
           Platform=AnyCPU
         Propiedades adicionales del proyecto "D:\Users\Jhon\Documentos\Mintrabajo\Modulo General usuarios\AuthSystemNew\AuthSystem.UnitTests\AuthSystem.UnitTests.csproj":
           Configuration=Debug
           Platform=AnyCPU
         Propiedades adicionales del proyecto "D:\Users\Jhon\Documentos\Mintrabajo\Modulo General usuarios\AuthSystemNew\AuthSystem.IntegrationTests\AuthSystem.IntegrationTests.csproj":
           Configuration=Debug
           Platform=AnyCPU
     0>El SDK "Microsoft.NET.Sdk.Web" se resolvi├│ correctamente mediante el resolvedor "DefaultSdkResolver" a la ubicaci├│n "C:\Program Files\dotnet\sdk\9.0.201\Sdks\Microsoft.NET.Sdk.Web\Sdk" y la versi├│n "".
       C:\Program Files\dotnet\sdk\9.0.201\Sdks\Microsoft.NET.Sdk\Sdk\Sdk.props(49,11): message : Propiedad "MSBuildExtensionsPath" con el valor "C:\Program Files\dotnet\sdk\9.0.201\" expandido desde el entorno.
       C:\Program Files\dotnet\sdk\9.0.201\Sdks\Microsoft.NET.Sdk\Sdk\Sdk.props(49,11): message : Propiedad "MSBuildExtensionsPath" con el valor "C:\Program Files\dotnet\sdk\9.0.201\" expandido desde el entorno.
       C:\Program Files\dotnet\sdk\9.0.201\Sdks\Microsoft.NET.Sdk\Sdk\Sdk.props(49,11): message : Propiedad "MSBuildExtensionsPath" con el valor "C:\Program Files\dotnet\sdk\9.0.201\" expandido desde el entorno.
       C:\Program Files\dotnet\sdk\9.0.201\Sdks\Microsoft.NET.Sdk\Sdk\Sdk.props(49,11): message : Propiedad "MSBuildExtensionsPath" con el valor "C:\Program Files\dotnet\sdk\9.0.201\" expandido desde el entorno.
       C:\Program Files\dotnet\sdk\9.0.201\Sdks\Microsoft.NET.Sdk\Sdk\Sdk.props(49,11): message : Propiedad "MSBuildExtensionsPath" con el valor "C:\Program Files\dotnet\sdk\9.0.201\" expandido desde el entorno.
       Reasignaci├│n de propiedad: $(MSBuildProjectExtensionsPath)="D:\Users\Jhon\Documentos\Mintrabajo\Modulo General usuarios\AuthSystemNew\AuthSystem.Infrastructure\obj\" (valor anterior: "obj\") en C:\Program Files\dotnet\sdk\9.0.201\Current\Microsoft.Common.props (60,5)
       Reasignaci├│n de propiedad: $(MSBuildProjectExtensionsPath)="D:\Users\Jhon\Documentos\Mintrabajo\Modulo General usuarios\AuthSystemNew\AuthSystem.IntegrationTests\obj\" (valor anterior: "obj\") en C:\Program Files\dotnet\sdk\9.0.201\Current\Microsoft.Common.props (60,5)
       Reasignaci├│n de propiedad: $(MSBuildProjectExtensionsPath)="D:\Users\Jhon\Documentos\Mintrabajo\Modulo General usuarios\AuthSystemNew\AuthSystem.Application\obj\" (valor anterior: "obj\") en C:\Program Files\dotnet\sdk\9.0.201\Current\Microsoft.Common.props (60,5)
       Reasignaci├│n de propiedad: $(MSBuildProjectExtensionsPath)="D:\Users\Jhon\Documentos\Mintrabajo\Modulo General usuarios\AuthSystemNew\AuthSystem.UnitTests\obj\" (valor anterior: "obj\") en C:\Program Files\dotnet\sdk\9.0.201\Current\Microsoft.Common.props (60,5)
       El SDK "Microsoft.NET.Sdk" se resolvi├│ correctamente mediante el resolvedor "DefaultSdkResolver" a la ubicaci├│n "C:\Program Files\dotnet\sdk\9.0.201\Sdks\Microsoft.NET.Sdk\Sdk" y la versi├│n "".
       Reasignaci├│n de propiedad: $(MSBuildProjectExtensionsPath)="D:\Users\Jhon\Documentos\Mintrabajo\Modulo General usuarios\AuthSystemNew\AuthSystem.Domain\obj\" (valor anterior: "obj\") en C:\Program Files\dotnet\sdk\9.0.201\Current\Microsoft.Common.props (60,5)
       D:\Users\Jhon\Documentos\Mintrabajo\Modulo General usuarios\AuthSystemNew\AuthSystem.UnitTests\obj\AuthSystem.UnitTests.csproj.nuget.g.props(7,5): message : Propiedad "USERPROFILE" con el valor "C:\Users\JHON" expandido desde el entorno.
       D:\Users\Jhon\Documentos\Mintrabajo\Modulo General usuarios\AuthSystemNew\AuthSystem.IntegrationTests\obj\AuthSystem.IntegrationTests.csproj.nuget.g.props(7,5): message : Propiedad "USERPROFILE" con el valor "C:\Users\JHON" expandido desde el entorno.
       D:\Users\Jhon\Documentos\Mintrabajo\Modulo General usuarios\AuthSystemNew\AuthSystem.Domain\obj\AuthSystem.Domain.csproj.nuget.g.props(7,5): message : Propiedad "USERPROFILE" con el valor "C:\Users\JHON" expandido desde el entorno.
       C:\Program Files\dotnet\sdk\9.0.201\Current\Microsoft.Common.props(84,119): message : Propiedad "MSBuildUserExtensionsPath" con el valor "C:\Users\JHON\AppData\Local\Microsoft\MSBuild" expandido desde el entorno.
       C:\Program Files\dotnet\sdk\9.0.201\Sdks\Microsoft.NET.Sdk\Sdk\Sdk.props(49,11): message : Propiedad "MSBuildExtensionsPath" con el valor "C:\Program Files\dotnet\sdk\9.0.201\" expandido desde el entorno.
       D:\Users\Jhon\Documentos\Mintrabajo\Modulo General usuarios\AuthSystemNew\AuthSystem.Application\obj\AuthSystem.Application.csproj.nuget.g.props(7,5): message : Propiedad "USERPROFILE" con el valor "C:\Users\JHON" expandido desde el entorno.
       La propiedad "Configuration" es global y no se puede modificar.
       C:\Program Files\dotnet\sdk\9.0.201\Current\Microsoft.Common.props(84,119): message : Propiedad "MSBuildUserExtensionsPath" con el valor "C:\Users\JHON\AppData\Local\Microsoft\MSBuild" expandido desde el entorno.
       La propiedad "Platform" es global y no se puede modificar.
       D:\Users\Jhon\Documentos\Mintrabajo\Modulo General usuarios\AuthSystemNew\AuthSystem.Infrastructure\obj\AuthSystem.Infrastructure.csproj.nuget.g.props(7,5): message : Propiedad "USERPROFILE" con el valor "C:\Users\JHON" expandido desde el entorno.
       La propiedad "Configuration" es global y no se puede modificar.
       La propiedad "Platform" es global y no se puede modificar.
       C:\Program Files\dotnet\sdk\9.0.201\Current\Microsoft.Common.props(84,119): message : Propiedad "MSBuildUserExtensionsPath" con el valor "C:\Users\JHON\AppData\Local\Microsoft\MSBuild" expandido desde el entorno.
       La propiedad "Configuration" es global y no se puede modificar.
       La propiedad "Configuration" es global y no se puede modificar.
       La propiedad "Configuration" es global y no se puede modificar.
       La propiedad "Platform" es global y no se puede modificar.
       La propiedad "Platform" es global y no se puede modificar.
       La propiedad "Platform" es global y no se puede modificar.
       Reasignaci├│n de propiedad: $(AssemblySearchPaths)="{CandidateAssemblyFiles};{HintPathFromItem}" (valor anterior: "{CandidateAssemblyFiles}") en C:\Program Files\dotnet\sdk\9.0.201\Sdks\Microsoft.NET.Sdk\targets\Microsoft.NET.Sdk.props (90,5)
       C:\Program Files\dotnet\sdk\9.0.201\Current\Microsoft.Common.props(84,119): message : Propiedad "MSBuildUserExtensionsPath" con el valor "C:\Users\JHON\AppData\Local\Microsoft\MSBuild" expandido desde el entorno.
       Reasignaci├│n de propiedad: $(AssemblySearchPaths)="{CandidateAssemblyFiles};{HintPathFromItem}" (valor anterior: "{CandidateAssemblyFiles}") en C:\Program Files\dotnet\sdk\9.0.201\Sdks\Microsoft.NET.Sdk\targets\Microsoft.NET.Sdk.props (90,5)
       Reasignaci├│n de propiedad: $(AssemblySearchPaths)="{CandidateAssemblyFiles};{HintPathFromItem};{TargetFrameworkDirectory}" (valor anterior: "{CandidateAssemblyFiles};{HintPathFromItem}") en C:\Program Files\dotnet\sdk\9.0.201\Sdks\Microsoft.NET.Sdk\targets\Microsoft.NET.Sdk.props (91,5)
       Reasignaci├│n de propiedad: $(AssemblySearchPaths)="{CandidateAssemblyFiles};{HintPathFromItem};{TargetFrameworkDirectory}" (valor anterior: "{CandidateAssemblyFiles};{HintPathFromItem}") en C:\Program Files\dotnet\sdk\9.0.201\Sdks\Microsoft.NET.Sdk\targets\Microsoft.NET.Sdk.props (91,5)
       Reasignaci├│n de propiedad: $(AssemblySearchPaths)="{CandidateAssemblyFiles};{HintPathFromItem};{TargetFrameworkDirectory};{RawFileName}" (valor anterior: "{CandidateAssemblyFiles};{HintPathFromItem};{TargetFrameworkDirectory}") en C:\Program Files\dotnet\sdk\9.0.201\Sdks\Microsoft.NET.Sdk\targets\Microsoft.NET.Sdk.props (92,5)
       Reasignaci├│n de propiedad: $(AssemblySearchPaths)="{CandidateAssemblyFiles};{HintPathFromItem};{TargetFrameworkDirectory};{RawFileName}" (valor anterior: "{CandidateAssemblyFiles};{HintPathFromItem};{TargetFrameworkDirectory}") en C:\Program Files\dotnet\sdk\9.0.201\Sdks\Microsoft.NET.Sdk\targets\Microsoft.NET.Sdk.props (92,5)
       La propiedad "Configuration" es global y no se puede modificar.
       La propiedad "Configuration" es global y no se puede modificar.
       La propiedad "Platform" es global y no se puede modificar.
       C:\Program Files\dotnet\sdk\9.0.201\Current\Microsoft.Common.props(84,119): message : Propiedad "MSBuildUserExtensionsPath" con el valor "C:\Users\JHON\AppData\Local\Microsoft\MSBuild" expandido desde el entorno.
       La propiedad "Platform" es global y no se puede modificar.
       Reasignaci├│n de propiedad: $(WasmNativeWorkload)="true" (valor anterior: "net9.0") en C:\Program Files\dotnet\packs\Microsoft.NET.Runtime.WebAssembly.Sdk\6.0.36\Sdk\AutoImport.props (3,5)
       Reasignaci├│n de propiedad: $(WasmNativeWorkload)="true" (valor anterior: "net9.0") en C:\Program Files\dotnet\packs\Microsoft.NET.Runtime.WebAssembly.Sdk\6.0.36\Sdk\AutoImport.props (3,5)
       Reasignaci├│n de propiedad: $(AssemblySearchPaths)="{CandidateAssemblyFiles};{HintPathFromItem}" (valor anterior: "{CandidateAssemblyFiles}") en C:\Program Files\dotnet\sdk\9.0.201\Sdks\Microsoft.NET.Sdk\targets\Microsoft.NET.Sdk.props (90,5)
       La propiedad "Configuration" es global y no se puede modificar.
       Reasignaci├│n de propiedad: $(AssemblySearchPaths)="{CandidateAssemblyFiles};{HintPathFromItem};{TargetFrameworkDirectory}" (valor anterior: "{CandidateAssemblyFiles};{HintPathFromItem}") en C:\Program Files\dotnet\sdk\9.0.201\Sdks\Microsoft.NET.Sdk\targets\Microsoft.NET.Sdk.props (91,5)
       La propiedad "Platform" es global y no se puede modificar.
       Reasignaci├│n de propiedad: $(AssemblySearchPaths)="{CandidateAssemblyFiles};{HintPathFromItem};{TargetFrameworkDirectory};{RawFileName}" (valor anterior: "{CandidateAssemblyFiles};{HintPathFromItem};{TargetFrameworkDirectory}") en C:\Program Files\dotnet\sdk\9.0.201\Sdks\Microsoft.NET.Sdk\targets\Microsoft.NET.Sdk.props (92,5)
       Reasignaci├│n de propiedad: $(TargetsForTfmSpecificContentInPackage)=";PackTool;_PackProjectToolValidation" (valor anterior: ";PackTool") en C:\Program Files\dotnet\sdk\9.0.201\Sdks\Microsoft.NET.Sdk\targets\Microsoft.NET.PackProjectTool.props (15,5)
       Reasignaci├│n de propiedad: $(TargetsForTfmSpecificContentInPackage)=";PackTool;_PackProjectToolValidation" (valor anterior: ";PackTool") en C:\Program Files\dotnet\sdk\9.0.201\Sdks\Microsoft.NET.Sdk\targets\Microsoft.NET.PackProjectTool.props (15,5)
       La propiedad "Configuration" es global y no se puede modificar.
       Reasignaci├│n de propiedad: $(WasmNativeWorkload)="true" (valor anterior: "net9.0") en C:\Program Files\dotnet\packs\Microsoft.NET.Runtime.WebAssembly.Sdk\6.0.36\Sdk\AutoImport.props (3,5)
       La propiedad "Platform" es global y no se puede modificar.
       Reasignaci├│n de propiedad: $(MSBuildProjectExtensionsPath)="D:\Users\Jhon\Documentos\Mintrabajo\Modulo General usuarios\AuthSystemNew\AuthSystem.API\obj\" (valor anterior: "obj\") en C:\Program Files\dotnet\sdk\9.0.201\Current\Microsoft.Common.props (60,5)
       La propiedad "Configuration" es global y no se puede modificar.
       La propiedad "Configuration" es global y no se puede modificar.
       Reasignaci├│n de propiedad: $(AssemblySearchPaths)="{CandidateAssemblyFiles};{HintPathFromItem}" (valor anterior: "{CandidateAssemblyFiles}") en C:\Program Files\dotnet\sdk\9.0.201\Sdks\Microsoft.NET.Sdk\targets\Microsoft.NET.Sdk.props (90,5)
       La propiedad "Platform" es global y no se puede modificar.
       Reasignaci├│n de propiedad: $(TargetsForTfmSpecificContentInPackage)=";PackTool;_PackProjectToolValidation" (valor anterior: ";PackTool") en C:\Program Files\dotnet\sdk\9.0.201\Sdks\Microsoft.NET.Sdk\targets\Microsoft.NET.PackProjectTool.props (15,5)
       La propiedad "Platform" es global y no se puede modificar.
       Reasignaci├│n de propiedad: $(AssemblySearchPaths)="{CandidateAssemblyFiles};{HintPathFromItem};{TargetFrameworkDirectory}" (valor anterior: "{CandidateAssemblyFiles};{HintPathFromItem}") en C:\Program Files\dotnet\sdk\9.0.201\Sdks\Microsoft.NET.Sdk\targets\Microsoft.NET.Sdk.props (91,5)
       Reasignaci├│n de propiedad: $(PublishProfileImported)="false" (valor anterior: "true") en C:\Program Files\dotnet\sdk\9.0.201\Sdks\Microsoft.NET.Sdk\targets\Microsoft.NET.Sdk.ImportPublishProfile.targets (28,5)
       Reasignaci├│n de propiedad: $(PublishProfileImported)="false" (valor anterior: "true") en C:\Program Files\dotnet\sdk\9.0.201\Sdks\Microsoft.NET.Sdk\targets\Microsoft.NET.Sdk.ImportPublishProfile.targets (28,5)
       La propiedad "Configuration" es global y no se puede modificar.
       Reasignaci├│n de propiedad: $(TargetPlatformVersion)="" (valor anterior: "0.0") en C:\Program Files\dotnet\sdk\9.0.201\Sdks\Microsoft.NET.Sdk\targets\Microsoft.NET.TargetFrameworkInference.targets (69,5)
       Reasignaci├│n de propiedad: $(AssemblySearchPaths)="{CandidateAssemblyFiles};{HintPathFromItem};{TargetFrameworkDirectory};{RawFileName}" (valor anterior: "{CandidateAssemblyFiles};{HintPathFromItem};{TargetFrameworkDirectory}") en C:\Program Files\dotnet\sdk\9.0.201\Sdks\Microsoft.NET.Sdk\targets\Microsoft.NET.Sdk.props (92,5)
       Reasignaci├│n de propiedad: $(TargetPlatformVersion)="" (valor anterior: "0.0") en C:\Program Files\dotnet\sdk\9.0.201\Sdks\Microsoft.NET.Sdk\targets\Microsoft.NET.TargetFrameworkInference.targets (69,5)
       La propiedad "Platform" es global y no se puede modificar.
       Reasignaci├│n de propiedad: $(WasmNativeWorkload)="true" (valor anterior: "net9.0") en C:\Program Files\dotnet\packs\Microsoft.NET.Runtime.WebAssembly.Sdk\6.0.36\Sdk\AutoImport.props (3,5)
       La propiedad "Configuration" es global y no se puede modificar.
       Reasignaci├│n de propiedad: $(DefaultItemExcludes)=";bin\Debug\/**;obj\Debug\/**" (valor anterior: ";bin\Debug\/**") en C:\Program Files\dotnet\sdk\9.0.201\Sdks\Microsoft.NET.Sdk\targets\Microsoft.NET.DefaultOutputPaths.targets (122,5)
       Reasignaci├│n de propiedad: $(DefaultItemExcludes)=";bin\Debug\/**;obj\Debug\/**" (valor anterior: ";bin\Debug\/**") en C:\Program Files\dotnet\sdk\9.0.201\Sdks\Microsoft.NET.Sdk\targets\Microsoft.NET.DefaultOutputPaths.targets (122,5)
       La propiedad "Platform" es global y no se puede modificar.
       Reasignaci├│n de propiedad: $(OutputPath)="bin\Debug\net8.0\" (valor anterior: "bin\Debug\") en C:\Program Files\dotnet\sdk\9.0.201\Sdks\Microsoft.NET.Sdk\targets\Microsoft.NET.DefaultOutputPaths.targets (137,5)
       Reasignaci├│n de propiedad: $(OutputPath)="bin\Debug\net8.0\" (valor anterior: "bin\Debug\") en C:\Program Files\dotnet\sdk\9.0.201\Sdks\Microsoft.NET.Sdk\targets\Microsoft.NET.DefaultOutputPaths.targets (137,5)
       Reasignaci├│n de propiedad: $(AssemblySearchPaths)="{CandidateAssemblyFiles};{HintPathFromItem}" (valor anterior: "{CandidateAssemblyFiles}") en C:\Program Files\dotnet\sdk\9.0.201\Sdks\Microsoft.NET.Sdk\targets\Microsoft.NET.Sdk.props (90,5)
       Reasignaci├│n de propiedad: $(TargetsForTfmSpecificContentInPackage)=";PackTool;_PackProjectToolValidation" (valor anterior: ";PackTool") en C:\Program Files\dotnet\sdk\9.0.201\Sdks\Microsoft.NET.Sdk\targets\Microsoft.NET.PackProjectTool.props (15,5)
       Reasignaci├│n de propiedad: $(IntermediateOutputPath)="obj\Debug\net8.0\" (valor anterior: "obj\Debug\") en C:\Program Files\dotnet\sdk\9.0.201\Sdks\Microsoft.NET.Sdk\targets\Microsoft.NET.DefaultOutputPaths.targets (142,5)
       Reasignaci├│n de propiedad: $(IntermediateOutputPath)="obj\Debug\net8.0\" (valor anterior: "obj\Debug\") en C:\Program Files\dotnet\sdk\9.0.201\Sdks\Microsoft.NET.Sdk\targets\Microsoft.NET.DefaultOutputPaths.targets (142,5)
       Reasignaci├│n de propiedad: $(PublishProfileImported)="false" (valor anterior: "true") en C:\Program Files\dotnet\sdk\9.0.201\Sdks\Microsoft.NET.Sdk\targets\Microsoft.NET.Sdk.ImportPublishProfile.targets (28,5)
       Reasignaci├│n de propiedad: $(AssemblySearchPaths)="{CandidateAssemblyFiles};{HintPathFromItem};{TargetFrameworkDirectory}" (valor anterior: "{CandidateAssemblyFiles};{HintPathFromItem}") en C:\Program Files\dotnet\sdk\9.0.201\Sdks\Microsoft.NET.Sdk\targets\Microsoft.NET.Sdk.props (91,5)
       La propiedad "Configuration" es global y no se puede modificar.
       Reasignaci├│n de propiedad: $(_FrameworkIdentifierForImplicitDefine)="NET" (valor anterior: "NETCOREAPP") en C:\Program Files\dotnet\sdk\9.0.201\Sdks\Microsoft.NET.Sdk\targets\Microsoft.NET.Sdk.BeforeCommon.targets (187,5)
       Reasignaci├│n de propiedad: $(TargetPlatformVersion)="" (valor anterior: "0.0") en C:\Program Files\dotnet\sdk\9.0.201\Sdks\Microsoft.NET.Sdk\targets\Microsoft.NET.TargetFrameworkInference.targets (69,5)
       Reasignaci├│n de propiedad: $(_FrameworkIdentifierForImplicitDefine)="NET" (valor anterior: "NETCOREAPP") en C:\Program Files\dotnet\sdk\9.0.201\Sdks\Microsoft.NET.Sdk\targets\Microsoft.NET.Sdk.BeforeCommon.targets (187,5)
       Reasignaci├│n de propiedad: $(AssemblySearchPaths)="{CandidateAssemblyFiles};{HintPathFromItem};{TargetFrameworkDirectory};{RawFileName}" (valor anterior: "{CandidateAssemblyFiles};{HintPathFromItem};{TargetFrameworkDirectory}") en C:\Program Files\dotnet\sdk\9.0.201\Sdks\Microsoft.NET.Sdk\targets\Microsoft.NET.Sdk.props (92,5)
       Reasignaci├│n de propiedad: $(DefaultItemExcludes)=";bin\Debug\/**;obj\Debug\/**" (valor anterior: ";bin\Debug\/**") en C:\Program Files\dotnet\sdk\9.0.201\Sdks\Microsoft.NET.Sdk\targets\Microsoft.NET.DefaultOutputPaths.targets (122,5)
       Reasignaci├│n de propiedad: $(_FrameworkVersionForImplicitDefine)="8_0" (valor anterior: "8.0") en C:\Program Files\dotnet\sdk\9.0.201\Sdks\Microsoft.NET.Sdk\targets\Microsoft.NET.Sdk.BeforeCommon.targets (192,5)
       Reasignaci├│n de propiedad: $(_FrameworkVersionForImplicitDefine)="8_0" (valor anterior: "8.0") en C:\Program Files\dotnet\sdk\9.0.201\Sdks\Microsoft.NET.Sdk\targets\Microsoft.NET.Sdk.BeforeCommon.targets (192,5)
       Reasignaci├│n de propiedad: $(WasmNativeWorkload)="true" (valor anterior: "net9.0") en C:\Program Files\dotnet\packs\Microsoft.NET.Runtime.WebAssembly.Sdk\6.0.36\Sdk\AutoImport.props (3,5)
       Reasignaci├│n de propiedad: $(OutputPath)="bin\Debug\net8.0\" (valor anterior: "bin\Debug\") en C:\Program Files\dotnet\sdk\9.0.201\Sdks\Microsoft.NET.Sdk\targets\Microsoft.NET.DefaultOutputPaths.targets (137,5)
       Reasignaci├│n de propiedad: $(CommandLineArgsForDesignTimeEvaluation)="-langversion:12.0 -define:TRACE" (valor anterior: "-langversion:12.0") en C:\Program Files\dotnet\sdk\9.0.201\Roslyn\Microsoft.CSharp.Core.targets (200,5)
       Reasignaci├│n de propiedad: $(CommandLineArgsForDesignTimeEvaluation)="-langversion:12.0 -define:TRACE" (valor anterior: "-langversion:12.0") en C:\Program Files\dotnet\sdk\9.0.201\Roslyn\Microsoft.CSharp.Core.targets (200,5)
       La propiedad "Platform" es global y no se puede modificar.
       La propiedad "Platform" es global y no se puede modificar.
       Reasignaci├│n de propiedad: $(IntermediateOutputPath)="obj\Debug\net8.0\" (valor anterior: "obj\Debug\") en C:\Program Files\dotnet\sdk\9.0.201\Sdks\Microsoft.NET.Sdk\targets\Microsoft.NET.DefaultOutputPaths.targets (142,5)
       La propiedad "Platform" es global y no se puede modificar.
       Reasignaci├│n de propiedad: $(TargetsForTfmSpecificContentInPackage)=";PackTool;_PackProjectToolValidation" (valor anterior: ";PackTool") en C:\Program Files\dotnet\sdk\9.0.201\Sdks\Microsoft.NET.Sdk\targets\Microsoft.NET.PackProjectTool.props (15,5)
       Reasignaci├│n de propiedad: $(PublishProfileImported)="false" (valor anterior: "true") en C:\Program Files\dotnet\sdk\9.0.201\Sdks\Microsoft.NET.Sdk\targets\Microsoft.NET.Sdk.ImportPublishProfile.targets (28,5)
       Reasignaci├│n de propiedad: $(_FrameworkIdentifierForImplicitDefine)="NET" (valor anterior: "NETCOREAPP") en C:\Program Files\dotnet\sdk\9.0.201\Sdks\Microsoft.NET.Sdk\targets\Microsoft.NET.Sdk.BeforeCommon.targets (187,5)
       La propiedad "Configuration" es global y no se puede modificar.
       La propiedad "Configuration" es global y no se puede modificar.
       Reasignaci├│n de propiedad: $(TargetPlatformVersion)="" (valor anterior: "0.0") en C:\Program Files\dotnet\sdk\9.0.201\Sdks\Microsoft.NET.Sdk\targets\Microsoft.NET.TargetFrameworkInference.targets (69,5)
       La propiedad "Configuration" es global y no se puede modificar.
       Reasignaci├│n de propiedad: $(_FrameworkVersionForImplicitDefine)="8_0" (valor anterior: "8.0") en C:\Program Files\dotnet\sdk\9.0.201\Sdks\Microsoft.NET.Sdk\targets\Microsoft.NET.Sdk.BeforeCommon.targets (192,5)
       Reasignaci├│n de propiedad: $(_DebugSymbolsProduced)="true" (valor anterior: "false") en C:\Program Files\dotnet\sdk\9.0.201\Microsoft.Common.CurrentVersion.targets (175,5)
       La propiedad "Platform" es global y no se puede modificar.
       Reasignaci├│n de propiedad: $(CommandLineArgsForDesignTimeEvaluation)="-langversion:12.0 -define:TRACE" (valor anterior: "-langversion:12.0") en C:\Program Files\dotnet\sdk\9.0.201\Roslyn\Microsoft.CSharp.Core.targets (200,5)
       Reasignaci├│n de propiedad: $(_DebugSymbolsProduced)="true" (valor anterior: "false") en C:\Program Files\dotnet\sdk\9.0.201\Microsoft.Common.CurrentVersion.targets (175,5)
       Reasignaci├│n de propiedad: $(DefaultItemExcludes)=";bin\Debug\/**;obj\Debug\/**" (valor anterior: ";bin\Debug\/**") en C:\Program Files\dotnet\sdk\9.0.201\Sdks\Microsoft.NET.Sdk\targets\Microsoft.NET.DefaultOutputPaths.targets (122,5)
       Reasignaci├│n de propiedad: $(_DocumentationFileProduced)="false" (valor anterior: "true") en C:\Program Files\dotnet\sdk\9.0.201\Microsoft.Common.CurrentVersion.targets (185,5)
       Reasignaci├│n de propiedad: $(OutputPath)="bin\Debug\net8.0\" (valor anterior: "bin\Debug\") en C:\Program Files\dotnet\sdk\9.0.201\Sdks\Microsoft.NET.Sdk\targets\Microsoft.NET.DefaultOutputPaths.targets (137,5)
       La propiedad "Platform" es global y no se puede modificar.
       Reasignaci├│n de propiedad: $(_DocumentationFileProduced)="false" (valor anterior: "true") en C:\Program Files\dotnet\sdk\9.0.201\Microsoft.Common.CurrentVersion.targets (185,5)
       La propiedad "SolutionName" es global y no se puede modificar.
       Reasignaci├│n de propiedad: $(PublishProfileImported)="false" (valor anterior: "true") en C:\Program Files\dotnet\sdk\9.0.201\Sdks\Microsoft.NET.Sdk\targets\Microsoft.NET.Sdk.ImportPublishProfile.targets (28,5)
       Reasignaci├│n de propiedad: $(IntermediateOutputPath)="obj\Debug\net8.0\" (valor anterior: "obj\Debug\") en C:\Program Files\dotnet\sdk\9.0.201\Sdks\Microsoft.NET.Sdk\targets\Microsoft.NET.DefaultOutputPaths.targets (142,5)
       La propiedad "SolutionName" es global y no se puede modificar.
       La propiedad "Configuration" es global y no se puede modificar.
       La propiedad "SolutionFileName" es global y no se puede modificar.
       Reasignaci├│n de propiedad: $(TargetPlatformVersion)="" (valor anterior: "0.0") en C:\Program Files\dotnet\sdk\9.0.201\Sdks\Microsoft.NET.Sdk\targets\Microsoft.NET.TargetFrameworkInference.targets (69,5)
       Reasignaci├│n de propiedad: $(_FrameworkIdentifierForImplicitDefine)="NET" (valor anterior: "NETCOREAPP") en C:\Program Files\dotnet\sdk\9.0.201\Sdks\Microsoft.NET.Sdk\targets\Microsoft.NET.Sdk.BeforeCommon.targets (187,5)
       Reasignaci├│n de propiedad: $(_DebugSymbolsProduced)="true" (valor anterior: "false") en C:\Program Files\dotnet\sdk\9.0.201\Microsoft.Common.CurrentVersion.targets (175,5)
       La propiedad "SolutionFileName" es global y no se puede modificar.
       La propiedad "SolutionPath" es global y no se puede modificar.
       Reasignaci├│n de propiedad: $(DefaultItemExcludes)=";bin\Debug\/**;obj\Debug\/**" (valor anterior: ";bin\Debug\/**") en C:\Program Files\dotnet\sdk\9.0.201\Sdks\Microsoft.NET.Sdk\targets\Microsoft.NET.DefaultOutputPaths.targets (122,5)
       La propiedad "SolutionPath" es global y no se puede modificar.
       Reasignaci├│n de propiedad: $(_DocumentationFileProduced)="false" (valor anterior: "true") en C:\Program Files\dotnet\sdk\9.0.201\Microsoft.Common.CurrentVersion.targets (185,5)
       La propiedad "SolutionDir" es global y no se puede modificar.
       Reasignaci├│n de propiedad: $(_FrameworkVersionForImplicitDefine)="8_0" (valor anterior: "8.0") en C:\Program Files\dotnet\sdk\9.0.201\Sdks\Microsoft.NET.Sdk\targets\Microsoft.NET.Sdk.BeforeCommon.targets (192,5)
       La propiedad "SolutionName" es global y no se puede modificar.
       La propiedad "SolutionDir" es global y no se puede modificar.
       La propiedad "SolutionExt" es global y no se puede modificar.
       La propiedad "SolutionFileName" es global y no se puede modificar.
       La propiedad "SolutionExt" es global y no se puede modificar.
       Reasignaci├│n de propiedad: $(OutputPath)="bin\Debug\net8.0\" (valor anterior: "bin\Debug\") en C:\Program Files\dotnet\sdk\9.0.201\Sdks\Microsoft.NET.Sdk\targets\Microsoft.NET.DefaultOutputPaths.targets (137,5)
       Reasignaci├│n de propiedad: $(CommandLineArgsForDesignTimeEvaluation)="-langversion:12.0 -define:TRACE" (valor anterior: "-langversion:12.0") en C:\Program Files\dotnet\sdk\9.0.201\Roslyn\Microsoft.CSharp.Core.targets (200,5)
       Reasignaci├│n de propiedad: $(MSBuildCopyMarkerName)="AuthSyst.02334C22" (valor anterior: "AuthSystem.Domain.csproj") en C:\Program Files\dotnet\sdk\9.0.201\Microsoft.Common.CurrentVersion.targets (392,5)
       La propiedad "SolutionPath" es global y no se puede modificar.
       Reasignaci├│n de propiedad: $(MSBuildCopyMarkerName)="AuthSyst.810430FD" (valor anterior: "AuthSystem.Application.csproj") en C:\Program Files\dotnet\sdk\9.0.201\Microsoft.Common.CurrentVersion.targets (392,5)
       Reasignaci├│n de propiedad: $(MSBuildCopyMarkerName)="AuthSyst.02334C22.Up2Date" (valor anterior: "AuthSyst.02334C22") en C:\Program Files\dotnet\sdk\9.0.201\Microsoft.Common.CurrentVersion.targets (393,5)
       La propiedad "SolutionDir" es global y no se puede modificar.
       Reasignaci├│n de propiedad: $(MSBuildCopyMarkerName)="AuthSyst.810430FD.Up2Date" (valor anterior: "AuthSyst.810430FD") en C:\Program Files\dotnet\sdk\9.0.201\Microsoft.Common.CurrentVersion.targets (393,5)
       Reasignaci├│n de propiedad: $(IntermediateOutputPath)="obj\Debug\net8.0\" (valor anterior: "obj\Debug\") en C:\Program Files\dotnet\sdk\9.0.201\Sdks\Microsoft.NET.Sdk\targets\Microsoft.NET.DefaultOutputPaths.targets (142,5)
       La propiedad "Platform" es global y no se puede modificar.
       La propiedad "SolutionExt" es global y no se puede modificar.
       Reasignaci├│n de propiedad: $(ProcessorArchitecture)="msil" (valor anterior: "") en C:\Program Files\dotnet\sdk\9.0.201\Microsoft.Common.CurrentVersion.targets (541,5)
       Reasignaci├│n de propiedad: $(ProcessorArchitecture)="msil" (valor anterior: "") en C:\Program Files\dotnet\sdk\9.0.201\Microsoft.Common.CurrentVersion.targets (541,5)
       Reasignaci├│n de propiedad: $(_FrameworkIdentifierForImplicitDefine)="NET" (valor anterior: "NETCOREAPP") en C:\Program Files\dotnet\sdk\9.0.201\Sdks\Microsoft.NET.Sdk\targets\Microsoft.NET.Sdk.BeforeCommon.targets (187,5)
       Reasignaci├│n de propiedad: $(DelaySign)="" (valor anterior: "false") en C:\Program Files\dotnet\sdk\9.0.201\Microsoft.Common.CurrentVersion.targets (580,5)
       La propiedad "Configuration" es global y no se puede modificar.
       Reasignaci├│n de propiedad: $(DelaySign)="" (valor anterior: "false") en C:\Program Files\dotnet\sdk\9.0.201\Microsoft.Common.CurrentVersion.targets (580,5)
       Reasignaci├│n de propiedad: $(_DebugSymbolsProduced)="true" (valor anterior: "false") en C:\Program Files\dotnet\sdk\9.0.201\Microsoft.Common.CurrentVersion.targets (175,5)
       Reasignaci├│n de propiedad: $(MSBuildCopyMarkerName)="AuthSyst.2E819408" (valor anterior: "AuthSystem.UnitTests.csproj") en C:\Program Files\dotnet\sdk\9.0.201\Microsoft.Common.CurrentVersion.targets (392,5)
       Reasignaci├│n de propiedad: $(_FrameworkVersionForImplicitDefine)="8_0" (valor anterior: "8.0") en C:\Program Files\dotnet\sdk\9.0.201\Sdks\Microsoft.NET.Sdk\targets\Microsoft.NET.Sdk.BeforeCommon.targets (192,5)
       C:\Program Files\dotnet\sdk\9.0.201\Microsoft.Common.CurrentVersion.targets(2590,5): message : Propiedad "LOCALAPPDATA" con el valor "C:\Users\JHON\AppData\Local" expandido desde el entorno.
       C:\Program Files\dotnet\sdk\9.0.201\Microsoft.Common.CurrentVersion.targets(2590,5): message : Propiedad "LOCALAPPDATA" con el valor "C:\Users\JHON\AppData\Local" expandido desde el entorno.
       Reasignaci├│n de propiedad: $(MSBuildCopyMarkerName)="AuthSyst.2E819408.Up2Date" (valor anterior: "AuthSyst.2E819408") en C:\Program Files\dotnet\sdk\9.0.201\Microsoft.Common.CurrentVersion.targets (393,5)
       Reasignaci├│n de propiedad: $(_DocumentationFileProduced)="false" (valor anterior: "true") en C:\Program Files\dotnet\sdk\9.0.201\Microsoft.Common.CurrentVersion.targets (185,5)
       Reasignaci├│n de propiedad: $(_SGenGenerateSerializationAssembliesConfig)="Auto" (valor anterior: "") en C:\Program Files\dotnet\sdk\9.0.201\Microsoft.Common.CurrentVersion.targets (3917,5)
       D:\Users\Jhon\Documentos\Mintrabajo\Modulo General usuarios\AuthSystemNew\AuthSystem.API\obj\AuthSystem.API.csproj.nuget.g.props(7,5): message : Propiedad "USERPROFILE" con el valor "C:\Users\JHON" expandido desde el entorno.
       Reasignaci├│n de propiedad: $(ProcessorArchitecture)="msil" (valor anterior: "") en C:\Program Files\dotnet\sdk\9.0.201\Microsoft.Common.CurrentVersion.targets (541,5)
       Reasignaci├│n de propiedad: $(CommandLineArgsForDesignTimeEvaluation)="-langversion:12.0 -define:TRACE" (valor anterior: "-langversion:12.0") en C:\Program Files\dotnet\sdk\9.0.201\Roslyn\Microsoft.CSharp.Core.targets (200,5)
       Reasignaci├│n de propiedad: $(_SGenGenerateSerializationAssembliesConfig)="Auto" (valor anterior: "") en C:\Program Files\dotnet\sdk\9.0.201\Microsoft.Common.CurrentVersion.targets (3917,5)
       La propiedad "SolutionName" es global y no se puede modificar.
       Reasignaci├│n de propiedad: $(DelaySign)="" (valor anterior: "false") en C:\Program Files\dotnet\sdk\9.0.201\Microsoft.Common.CurrentVersion.targets (580,5)
       Reasignaci├│n de propiedad: $(_SGenGenerateSerializationAssembliesConfig)="Off" (valor anterior: "Auto") en C:\Program Files\dotnet\sdk\9.0.201\Microsoft.Common.CurrentVersion.targets (3918,5)
       Reasignaci├│n de propiedad: $(_SGenGenerateSerializationAssembliesConfig)="Off" (valor anterior: "Auto") en C:\Program Files\dotnet\sdk\9.0.201\Microsoft.Common.CurrentVersion.targets (3918,5)
       La propiedad "SolutionFileName" es global y no se puede modificar.
       La propiedad "Platform" es global y no se puede modificar.
       C:\Program Files\dotnet\sdk\9.0.201\Microsoft.Common.CurrentVersion.targets(2590,5): message : Propiedad "LOCALAPPDATA" con el valor "C:\Users\JHON\AppData\Local" expandido desde el entorno.
       Reasignaci├│n de propiedad: $(_TargetsThatPrepareProjectReferences)="
             AssignProjectConfiguration;
             _SplitProjectReferencesByFileExistence
           " (valor anterior: "_SplitProjectReferencesByFileExistence") en C:\Program Files\dotnet\sdk\9.0.201\Microsoft.Common.CurrentVersion.targets (5129,5)
       Reasignaci├│n de propiedad: $(_TargetsThatPrepareProjectReferences)="
             AssignProjectConfiguration;
             _SplitProjectReferencesByFileExistence
           " (valor anterior: "_SplitProjectReferencesByFileExistence") en C:\Program Files\dotnet\sdk\9.0.201\Microsoft.Common.CurrentVersion.targets (5129,5)
       La propiedad "SolutionPath" es global y no se puede modificar.
       La propiedad "Configuration" es global y no se puede modificar.
       Reasignaci├│n de propiedad: $(_SGenGenerateSerializationAssembliesConfig)="Auto" (valor anterior: "") en C:\Program Files\dotnet\sdk\9.0.201\Microsoft.Common.CurrentVersion.targets (3917,5)
       C:\Program Files\dotnet\sdk\9.0.201\Microsoft.Common.CurrentVersion.targets(6924,5): message : Propiedad "MSBuildExtensionsPath32" con el valor "C:\Program Files\dotnet\sdk\9.0.201" expandido desde el entorno.
       La propiedad "SolutionDir" es global y no se puede modificar.
       Reasignaci├│n de propiedad: $(_DebugSymbolsProduced)="true" (valor anterior: "false") en C:\Program Files\dotnet\sdk\9.0.201\Microsoft.Common.CurrentVersion.targets (175,5)
       C:\Program Files\dotnet\sdk\9.0.201\Microsoft.Common.CurrentVersion.targets(6924,5): message : Propiedad "MSBuildExtensionsPath32" con el valor "C:\Program Files\dotnet\sdk\9.0.201" expandido desde el entorno.
       Reasignaci├│n de propiedad: $(_SGenGenerateSerializationAssembliesConfig)="Off" (valor anterior: "Auto") en C:\Program Files\dotnet\sdk\9.0.201\Microsoft.Common.CurrentVersion.targets (3918,5)
       Reasignaci├│n de propiedad: $(ProjectAssetsCacheFile)="D:\Users\Jhon\Documentos\Mintrabajo\Modulo General usuarios\AuthSystemNew\AuthSystem.Application\obj\Debug\net8.0\AuthSystem.Application.assets.cache" (valor anterior: "obj\Debug\net8.0\AuthSystem.Application.assets.cache") en C:\Program Files\dotnet\sdk\9.0.201\Sdks\Microsoft.NET.Sdk\targets\Microsoft.PackageDependencyResolution.targets (29,5)
       Reasignaci├│n de propiedad: $(_DocumentationFileProduced)="false" (valor anterior: "true") en C:\Program Files\dotnet\sdk\9.0.201\Microsoft.Common.CurrentVersion.targets (185,5)
       Reasignaci├│n de propiedad: $(_TargetsThatPrepareProjectReferences)="
             AssignProjectConfiguration;
             _SplitProjectReferencesByFileExistence
           " (valor anterior: "_SplitProjectReferencesByFileExistence") en C:\Program Files\dotnet\sdk\9.0.201\Microsoft.Common.CurrentVersion.targets (5129,5)
       Reasignaci├│n de propiedad: $(ResolveAssemblyReferencesDependsOn)="
             
             ResolveProjectReferences;
             FindInvalidProjectReferences;
             GetFrameworkPaths;
             GetReferenceAssemblyPaths;
             PrepareForBuild;
             ResolveSDKReferences;
             ExpandSDKReferences;
           ;
             ResolvePackageDependenciesForBuild;
             _HandlePackageFileConflicts;
           " (valor anterior: "
             ResolveProjectReferences;
             FindInvalidProjectReferences;
             GetFrameworkPaths;
             GetReferenceAssemblyPaths;
             PrepareForBuild;
             ResolveSDKReferences;
             ExpandSDKReferences;
           ") en C:\Program Files\dotnet\sdk\9.0.201\Sdks\Microsoft.NET.Sdk\targets\Microsoft.PackageDependencyResolution.targets (80,5)
       Reasignaci├│n de propiedad: $(ProjectAssetsCacheFile)="D:\Users\Jhon\Documentos\Mintrabajo\Modulo General usuarios\AuthSystemNew\AuthSystem.Domain\obj\Debug\net8.0\AuthSystem.Domain.assets.cache" (valor anterior: "obj\Debug\net8.0\AuthSystem.Domain.assets.cache") en C:\Program Files\dotnet\sdk\9.0.201\Sdks\Microsoft.NET.Sdk\targets\Microsoft.PackageDependencyResolution.targets (29,5)
       La propiedad "SolutionName" es global y no se puede modificar.
       Reasignaci├│n de propiedad: $(ResolveAssemblyReferencesDependsOn)="
             
             ResolveProjectReferences;
             FindInvalidProjectReferences;
             GetFrameworkPaths;
             GetReferenceAssemblyPaths;
             PrepareForBuild;
             ResolveSDKReferences;
             ExpandSDKReferences;
           ;
             ResolvePackageDependenciesForBuild;
             _HandlePackageFileConflicts;
           " (valor anterior: "
             ResolveProjectReferences;
             FindInvalidProjectReferences;
             GetFrameworkPaths;
             GetReferenceAssemblyPaths;
             PrepareForBuild;
             ResolveSDKReferences;
             ExpandSDKReferences;
           ") en C:\Program Files\dotnet\sdk\9.0.201\Sdks\Microsoft.NET.Sdk\targets\Microsoft.PackageDependencyResolution.targets (80,5)
       La propiedad "SolutionExt" es global y no se puede modificar.
       La propiedad "SolutionFileName" es global y no se puede modificar.
       Reasignaci├│n de propiedad: $(PrepareResourcesDependsOn)="
             ResolvePackageDependenciesForBuild;
             _HandlePackageFileConflicts;
             
             ;
             PrepareResourceNames;
             ResGen;
             CompileLicxFiles
           
           " (valor anterior: "
             ;
             PrepareResourceNames;
             ResGen;
             CompileLicxFiles
           ") en C:\Program Files\dotnet\sdk\9.0.201\Sdks\Microsoft.NET.Sdk\targets\Microsoft.PackageDependencyResolution.targets (86,5)
       C:\Program Files\dotnet\sdk\9.0.201\Microsoft.Common.CurrentVersion.targets(6924,5): message : Propiedad "MSBuildExtensionsPath32" con el valor "C:\Program Files\dotnet\sdk\9.0.201" expandido desde el entorno.
       La propiedad "SolutionPath" es global y no se puede modificar.
       Reasignaci├│n de propiedad: $(MSBuildCopyMarkerName)="AuthSyst.210E05FF" (valor anterior: "AuthSystem.IntegrationTests.csproj") en C:\Program Files\dotnet\sdk\9.0.201\Microsoft.Common.CurrentVersion.targets (392,5)
       Reasignaci├│n de propiedad: $(PrepareResourcesDependsOn)="
             ResolvePackageDependenciesForBuild;
             _HandlePackageFileConflicts;
             
             ;
             PrepareResourceNames;
             ResGen;
             CompileLicxFiles
           
           " (valor anterior: "
             ;
             PrepareResourceNames;
             ResGen;
             CompileLicxFiles
           ") en C:\Program Files\dotnet\sdk\9.0.201\Sdks\Microsoft.NET.Sdk\targets\Microsoft.PackageDependencyResolution.targets (86,5)
       Reasignaci├│n de propiedad: $(DefaultItemExcludes)=";bin\Debug\/**;obj\Debug\/**;bin\/**" (valor anterior: ";bin\Debug\/**;obj\Debug\/**") en C:\Program Files\dotnet\sdk\9.0.201\Sdks\Microsoft.NET.Sdk\targets\Microsoft.NET.Sdk.DefaultItems.targets (27,5)
       La propiedad "SolutionDir" es global y no se puede modificar.
       Reasignaci├│n de propiedad: $(OutputType)="Exe" (valor anterior: "Library") en C:\Users\JHON\.nuget\packages\microsoft.net.test.sdk\17.8.0\build\netcoreapp3.1\Microsoft.NET.Test.Sdk.targets (20,5)
       Reasignaci├│n de propiedad: $(MSBuildCopyMarkerName)="AuthSyst.210E05FF.Up2Date" (valor anterior: "AuthSyst.210E05FF") en C:\Program Files\dotnet\sdk\9.0.201\Microsoft.Common.CurrentVersion.targets (393,5)
       La propiedad "SolutionExt" es global y no se puede modificar.
       Reasignaci├│n de propiedad: $(ProcessorArchitecture)="msil" (valor anterior: "") en C:\Program Files\dotnet\sdk\9.0.201\Microsoft.Common.CurrentVersion.targets (541,5)
       Reasignaci├│n de propiedad: $(DefaultItemExcludes)=";bin\Debug\/**;obj\Debug\/**;bin\/**" (valor anterior: ";bin\Debug\/**;obj\Debug\/**") en C:\Program Files\dotnet\sdk\9.0.201\Sdks\Microsoft.NET.Sdk\targets\Microsoft.NET.Sdk.DefaultItems.targets (27,5)
       Reasignaci├│n de propiedad: $(_CoverletSourceRootTargetName)="InitializeSourceRootMappedPaths" (valor anterior: "CoverletGetPathMap") en C:\Users\JHON\.nuget\packages\coverlet.collector\6.0.0\build\netstandard1.0\coverlet.collector.targets (31,5)
       Reasignaci├│n de propiedad: $(DefaultItemExcludes)=";bin\Debug\/**;obj\Debug\/**;bin\/**;obj\/**" (valor anterior: ";bin\Debug\/**;obj\Debug\/**;bin\/**") en C:\Program Files\dotnet\sdk\9.0.201\Sdks\Microsoft.NET.Sdk\targets\Microsoft.NET.Sdk.DefaultItems.targets (29,5)
       Reasignaci├│n de propiedad: $(MSBuildCopyMarkerName)="AuthSyst.A671E16F" (valor anterior: "AuthSystem.Infrastructure.csproj") en C:\Program Files\dotnet\sdk\9.0.201\Microsoft.Common.CurrentVersion.targets (392,5)
       Reasignaci├│n de propiedad: $(DefaultItemExcludes)=";bin\Debug\/**;obj\Debug\/**;bin\/**;obj\/**" (valor anterior: ";bin\Debug\/**;obj\Debug\/**;bin\/**") en C:\Program Files\dotnet\sdk\9.0.201\Sdks\Microsoft.NET.Sdk\targets\Microsoft.NET.Sdk.DefaultItems.targets (29,5)
       Reasignaci├│n de propiedad: $(DefaultItemExcludes)=";bin\Debug\/**;obj\Debug\/**;bin\/**;obj\/**;**/*.user" (valor anterior: ";bin\Debug\/**;obj\Debug\/**;bin\/**;obj\/**") en C:\Program Files\dotnet\sdk\9.0.201\Sdks\Microsoft.NET.Sdk\targets\Microsoft.NET.Sdk.DefaultItems.targets (32,5)
       Reasignaci├│n de propiedad: $(HasRuntimeOutput)="true" (valor anterior: "") en C:\Program Files\dotnet\sdk\9.0.201\Sdks\Microsoft.NET.Sdk\targets\Microsoft.NET.Sdk.Common.targets (37,5)
       Reasignaci├│n de propiedad: $(DelaySign)="" (valor anterior: "false") en C:\Program Files\dotnet\sdk\9.0.201\Microsoft.Common.CurrentVersion.targets (580,5)
       Reasignaci├│n de propiedad: $(MSBuildCopyMarkerName)="AuthSyst.A671E16F.Up2Date" (valor anterior: "AuthSyst.A671E16F") en C:\Program Files\dotnet\sdk\9.0.201\Microsoft.Common.CurrentVersion.targets (393,5)
       C:\Program Files\dotnet\sdk\9.0.201\Microsoft.Common.CurrentVersion.targets(2590,5): message : Propiedad "LOCALAPPDATA" con el valor "C:\Users\JHON\AppData\Local" expandido desde el entorno.
       Reasignaci├│n de propiedad: $(DefaultItemExcludes)=";bin\Debug\/**;obj\Debug\/**;bin\/**;obj\/**;**/*.user;**/*.*proj" (valor anterior: ";bin\Debug\/**;obj\Debug\/**;bin\/**;obj\/**;**/*.user") en C:\Program Files\dotnet\sdk\9.0.201\Sdks\Microsoft.NET.Sdk\targets\Microsoft.NET.Sdk.DefaultItems.targets (33,5)
       Reasignaci├│n de propiedad: $(DefaultItemExcludes)=";bin\Debug\/**;obj\Debug\/**;bin\/**;obj\/**;**/*.user" (valor anterior: ";bin\Debug\/**;obj\Debug\/**;bin\/**;obj\/**") en C:\Program Files\dotnet\sdk\9.0.201\Sdks\Microsoft.NET.Sdk\targets\Microsoft.NET.Sdk.DefaultItems.targets (32,5)
       Reasignaci├│n de propiedad: $(ProcessorArchitecture)="msil" (valor anterior: "") en C:\Program Files\dotnet\sdk\9.0.201\Microsoft.Common.CurrentVersion.targets (541,5)
       Reasignaci├│n de propiedad: $(_SGenGenerateSerializationAssembliesConfig)="Auto" (valor anterior: "") en C:\Program Files\dotnet\sdk\9.0.201\Microsoft.Common.CurrentVersion.targets (3917,5)
       Reasignaci├│n de propiedad: $(DefaultItemExcludes)=";bin\Debug\/**;obj\Debug\/**;bin\/**;obj\/**;**/*.user;**/*.*proj" (valor anterior: ";bin\Debug\/**;obj\Debug\/**;bin\/**;obj\/**;**/*.user") en C:\Program Files\dotnet\sdk\9.0.201\Sdks\Microsoft.NET.Sdk\targets\Microsoft.NET.Sdk.DefaultItems.targets (33,5)
       Reasignaci├│n de propiedad: $(ProjectAssetsCacheFile)="D:\Users\Jhon\Documentos\Mintrabajo\Modulo General usuarios\AuthSystemNew\AuthSystem.UnitTests\obj\Debug\net8.0\AuthSystem.UnitTests.assets.cache" (valor anterior: "obj\Debug\net8.0\AuthSystem.UnitTests.assets.cache") en C:\Program Files\dotnet\sdk\9.0.201\Sdks\Microsoft.NET.Sdk\targets\Microsoft.PackageDependencyResolution.targets (29,5)
       Reasignaci├│n de propiedad: $(DefaultItemExcludes)=";bin\Debug\/**;obj\Debug\/**;bin\/**;obj\/**;**/*.user;**/*.*proj;**/*.sln" (valor anterior: ";bin\Debug\/**;obj\Debug\/**;bin\/**;obj\/**;**/*.user;**/*.*proj") en C:\Program Files\dotnet\sdk\9.0.201\Sdks\Microsoft.NET.Sdk\targets\Microsoft.NET.Sdk.DefaultItems.targets (34,5)
       Reasignaci├│n de propiedad: $(DelaySign)="" (valor anterior: "false") en C:\Program Files\dotnet\sdk\9.0.201\Microsoft.Common.CurrentVersion.targets (580,5)
       Reasignaci├│n de propiedad: $(DefaultItemExcludes)=";bin\Debug\/**;obj\Debug\/**;bin\/**;obj\/**;**/*.user;**/*.*proj;**/*.sln" (valor anterior: ";bin\Debug\/**;obj\Debug\/**;bin\/**;obj\/**;**/*.user;**/*.*proj") en C:\Program Files\dotnet\sdk\9.0.201\Sdks\Microsoft.NET.Sdk\targets\Microsoft.NET.Sdk.DefaultItems.targets (34,5)
       Reasignaci├│n de propiedad: $(_SGenGenerateSerializationAssembliesConfig)="Off" (valor anterior: "Auto") en C:\Program Files\dotnet\sdk\9.0.201\Microsoft.Common.CurrentVersion.targets (3918,5)
       Reasignaci├│n de propiedad: $(ResolveAssemblyReferencesDependsOn)="
             
             ResolveProjectReferences;
             FindInvalidProjectReferences;
             GetFrameworkPaths;
             GetReferenceAssemblyPaths;
             PrepareForBuild;
             ResolveSDKReferences;
             ExpandSDKReferences;
           ;
             ResolvePackageDependenciesForBuild;
             _HandlePackageFileConflicts;
           " (valor anterior: "
             ResolveProjectReferences;
             FindInvalidProjectReferences;
             GetFrameworkPaths;
             GetReferenceAssemblyPaths;
             PrepareForBuild;
             ResolveSDKReferences;
             ExpandSDKReferences;
           ") en C:\Program Files\dotnet\sdk\9.0.201\Sdks\Microsoft.NET.Sdk\targets\Microsoft.PackageDependencyResolution.targets (80,5)
       Reasignaci├│n de propiedad: $(DefaultItemExcludes)=";bin\Debug\/**;obj\Debug\/**;bin\/**;obj\/**;**/*.user;**/*.*proj;**/*.sln;**/*.vssscc" (valor anterior: ";bin\Debug\/**;obj\Debug\/**;bin\/**;obj\/**;**/*.user;**/*.*proj;**/*.sln") en C:\Program Files\dotnet\sdk\9.0.201\Sdks\Microsoft.NET.Sdk\targets\Microsoft.NET.Sdk.DefaultItems.targets (35,5)
       C:\Program Files\dotnet\sdk\9.0.201\Microsoft.Common.CurrentVersion.targets(2590,5): message : Propiedad "LOCALAPPDATA" con el valor "C:\Users\JHON\AppData\Local" expandido desde el entorno.
       Reasignaci├│n de propiedad: $(DefaultItemExcludes)=";bin\Debug\/**;obj\Debug\/**;bin\/**;obj\/**;**/*.user;**/*.*proj;**/*.sln;**/*.vssscc" (valor anterior: ";bin\Debug\/**;obj\Debug\/**;bin\/**;obj\/**;**/*.user;**/*.*proj;**/*.sln") en C:\Program Files\dotnet\sdk\9.0.201\Sdks\Microsoft.NET.Sdk\targets\Microsoft.NET.Sdk.DefaultItems.targets (35,5)
       Reasignaci├│n de propiedad: $(_TargetsThatPrepareProjectReferences)="
             AssignProjectConfiguration;
             _SplitProjectReferencesByFileExistence
           " (valor anterior: "_SplitProjectReferencesByFileExistence") en C:\Program Files\dotnet\sdk\9.0.201\Microsoft.Common.CurrentVersion.targets (5129,5)
       Reasignaci├│n de propiedad: $(PrepareResourcesDependsOn)="
             ResolvePackageDependenciesForBuild;
             _HandlePackageFileConflicts;
             
             ;
             PrepareResourceNames;
             ResGen;
             CompileLicxFiles
           
           " (valor anterior: "
             ;
             PrepareResourceNames;
             ResGen;
             CompileLicxFiles
           ") en C:\Program Files\dotnet\sdk\9.0.201\Sdks\Microsoft.NET.Sdk\targets\Microsoft.PackageDependencyResolution.targets (86,5)
       C:\Program Files\dotnet\sdk\9.0.201\Microsoft.Common.CurrentVersion.targets(6924,5): message : Propiedad "MSBuildExtensionsPath32" con el valor "C:\Program Files\dotnet\sdk\9.0.201" expandido desde el entorno.
       Reasignaci├│n de propiedad: $(DefaultItemExcludes)=";bin\Debug\/**;obj\Debug\/**;bin\/**;obj\/**;**/*.user;**/*.*proj;**/*.sln;**/*.vssscc;**/.DS_Store" (valor anterior: ";bin\Debug\/**;obj\Debug\/**;bin\/**;obj\/**;**/*.user;**/*.*proj;**/*.sln;**/*.vssscc") en C:\Program Files\dotnet\sdk\9.0.201\Sdks\Microsoft.NET.Sdk\targets\Microsoft.NET.Sdk.DefaultItems.targets (36,5)
       Reasignaci├│n de propiedad: $(DefaultItemExcludes)=";bin\Debug\/**;obj\Debug\/**;bin\/**;obj\/**;**/*.user;**/*.*proj;**/*.sln;**/*.vssscc;**/.DS_Store" (valor anterior: ";bin\Debug\/**;obj\Debug\/**;bin\/**;obj\/**;**/*.user;**/*.*proj;**/*.sln;**/*.vssscc") en C:\Program Files\dotnet\sdk\9.0.201\Sdks\Microsoft.NET.Sdk\targets\Microsoft.NET.Sdk.DefaultItems.targets (36,5)
       Reasignaci├│n de propiedad: $(_SGenGenerateSerializationAssembliesConfig)="Auto" (valor anterior: "") en C:\Program Files\dotnet\sdk\9.0.201\Microsoft.Common.CurrentVersion.targets (3917,5)
       Reasignaci├│n de propiedad: $(ResolveAssemblyReferencesDependsOn)="
             
             
             ResolveProjectReferences;
             FindInvalidProjectReferences;
             GetFrameworkPaths;
             GetReferenceAssemblyPaths;
             PrepareForBuild;
             ResolveSDKReferences;
             ExpandSDKReferences;
           ;
             ResolvePackageDependenciesForBuild;
             _HandlePackageFileConflicts;
           ;
             ResolveTargetingPackAssets;
           " (valor anterior: "
             
             ResolveProjectReferences;
             FindInvalidProjectReferences;
             GetFrameworkPaths;
             GetReferenceAssemblyPaths;
             PrepareForBuild;
             ResolveSDKReferences;
             ExpandSDKReferences;
           ;
             ResolvePackageDependenciesForBuild;
             _HandlePackageFileConflicts;
           ") en C:\Program Files\dotnet\sdk\9.0.201\Sdks\Microsoft.NET.Sdk\targets\Microsoft.NET.Sdk.FrameworkReferenceResolution.targets (14,5)
       Reasignaci├│n de propiedad: $(ResolveAssemblyReferencesDependsOn)="
             
             
             ResolveProjectReferences;
             FindInvalidProjectReferences;
             GetFrameworkPaths;
             GetReferenceAssemblyPaths;
             PrepareForBuild;
             ResolveSDKReferences;
             ExpandSDKReferences;
           ;
             ResolvePackageDependenciesForBuild;
             _HandlePackageFileConflicts;
           ;
             ResolveTargetingPackAssets;
           " (valor anterior: "
             
             ResolveProjectReferences;
             FindInvalidProjectReferences;
             GetFrameworkPaths;
             GetReferenceAssemblyPaths;
             PrepareForBuild;
             ResolveSDKReferences;
             ExpandSDKReferences;
           ;
             ResolvePackageDependenciesForBuild;
             _HandlePackageFileConflicts;
           ") en C:\Program Files\dotnet\sdk\9.0.201\Sdks\Microsoft.NET.Sdk\targets\Microsoft.NET.Sdk.FrameworkReferenceResolution.targets (14,5)
       Reasignaci├│n de propiedad: $(_SGenGenerateSerializationAssembliesConfig)="Off" (valor anterior: "Auto") en C:\Program Files\dotnet\sdk\9.0.201\Microsoft.Common.CurrentVersion.targets (3918,5)
       Reasignaci├│n de propiedad: $(OutputType)="Exe" (valor anterior: "Library") en C:\Users\JHON\.nuget\packages\microsoft.net.test.sdk\17.8.0\build\netcoreapp3.1\Microsoft.NET.Test.Sdk.targets (20,5)
       Reasignaci├│n de propiedad: $(DefaultItemExcludes)=";bin\Debug\/**;obj\Debug\/**;bin\/**" (valor anterior: ";bin\Debug\/**;obj\Debug\/**") en C:\Program Files\dotnet\sdk\9.0.201\Sdks\Microsoft.NET.Sdk\targets\Microsoft.NET.Sdk.DefaultItems.targets (27,5)
       Reasignaci├│n de propiedad: $(_GenerateRuntimeConfigurationPropertyInputsCache)="D:\Users\Jhon\Documentos\Mintrabajo\Modulo General usuarios\AuthSystemNew\AuthSystem.Application\obj\Debug\net8.0\AuthSystem.Application.genruntimeconfig.cache" (valor anterior: "obj\Debug\net8.0\AuthSystem.Application.genruntimeconfig.cache") en C:\Program Files\dotnet\sdk\9.0.201\Sdks\Microsoft.NET.Sdk\targets\Microsoft.NET.Sdk.targets (44,5)
       Reasignaci├│n de propiedad: $(_CoverletSourceRootTargetName)="InitializeSourceRootMappedPaths" (valor anterior: "CoverletGetPathMap") en C:\Users\JHON\.nuget\packages\coverlet.collector\6.0.0\build\netstandard1.0\coverlet.collector.targets (31,5)
       Reasignaci├│n de propiedad: $(_TargetsThatPrepareProjectReferences)="
             AssignProjectConfiguration;
             _SplitProjectReferencesByFileExistence
           " (valor anterior: "_SplitProjectReferencesByFileExistence") en C:\Program Files\dotnet\sdk\9.0.201\Microsoft.Common.CurrentVersion.targets (5129,5)
       Reasignaci├│n de propiedad: $(_GenerateRuntimeConfigurationPropertyInputsCache)="D:\Users\Jhon\Documentos\Mintrabajo\Modulo General usuarios\AuthSystemNew\AuthSystem.Domain\obj\Debug\net8.0\AuthSystem.Domain.genruntimeconfig.cache" (valor anterior: "obj\Debug\net8.0\AuthSystem.Domain.genruntimeconfig.cache") en C:\Program Files\dotnet\sdk\9.0.201\Sdks\Microsoft.NET.Sdk\targets\Microsoft.NET.Sdk.targets (44,5)
       Reasignaci├│n de propiedad: $(_GeneratePublishDependencyFilePropertyInputsCache)="D:\Users\Jhon\Documentos\Mintrabajo\Modulo General usuarios\AuthSystemNew\AuthSystem.Application\obj\Debug\net8.0\AuthSystem.Application.genpublishdeps.cache" (valor anterior: "obj\Debug\net8.0\AuthSystem.Application.genpublishdeps.cache") en C:\Program Files\dotnet\sdk\9.0.201\Sdks\Microsoft.NET.Sdk\targets\Microsoft.NET.Sdk.targets (46,5)
       C:\Program Files\dotnet\sdk\9.0.201\Microsoft.Common.CurrentVersion.targets(6924,5): message : Propiedad "MSBuildExtensionsPath32" con el valor "C:\Program Files\dotnet\sdk\9.0.201" expandido desde el entorno.
       Reasignaci├│n de propiedad: $(HasRuntimeOutput)="true" (valor anterior: "") en C:\Program Files\dotnet\sdk\9.0.201\Sdks\Microsoft.NET.Sdk\targets\Microsoft.NET.Sdk.Common.targets (37,5)
       Reasignaci├│n de propiedad: $(DefaultItemExcludes)=";bin\Debug\/**;obj\Debug\/**;bin\/**;obj\/**" (valor anterior: ";bin\Debug\/**;obj\Debug\/**;bin\/**") en C:\Program Files\dotnet\sdk\9.0.201\Sdks\Microsoft.NET.Sdk\targets\Microsoft.NET.Sdk.DefaultItems.targets (29,5)
       Reasignaci├│n de propiedad: $(_GeneratePublishDependencyFilePropertyInputsCache)="D:\Users\Jhon\Documentos\Mintrabajo\Modulo General usuarios\AuthSystemNew\AuthSystem.Domain\obj\Debug\net8.0\AuthSystem.Domain.genpublishdeps.cache" (valor anterior: "obj\Debug\net8.0\AuthSystem.Domain.genpublishdeps.cache") en C:\Program Files\dotnet\sdk\9.0.201\Sdks\Microsoft.NET.Sdk\targets\Microsoft.NET.Sdk.targets (46,5)
       Reasignaci├│n de propiedad: $(_GenerateSingleFileBundlePropertyInputsCache)="D:\Users\Jhon\Documentos\Mintrabajo\Modulo General usuarios\AuthSystemNew\AuthSystem.Application\obj\Debug\net8.0\AuthSystem.Application.genbundle.cache" (valor anterior: "obj\Debug\net8.0\AuthSystem.Application.genbundle.cache") en C:\Program Files\dotnet\sdk\9.0.201\Sdks\Microsoft.NET.Sdk\targets\Microsoft.NET.Sdk.targets (48,5)
       Reasignaci├│n de propiedad: $(DefaultItemExcludes)=";bin\Debug\/**;obj\Debug\/**;bin\/**;obj\/**;**/*.user" (valor anterior: ";bin\Debug\/**;obj\Debug\/**;bin\/**;obj\/**") en C:\Program Files\dotnet\sdk\9.0.201\Sdks\Microsoft.NET.Sdk\targets\Microsoft.NET.Sdk.DefaultItems.targets (32,5)
       Reasignaci├│n de propiedad: $(ProjectAssetsCacheFile)="D:\Users\Jhon\Documentos\Mintrabajo\Modulo General usuarios\AuthSystemNew\AuthSystem.IntegrationTests\obj\Debug\net8.0\AuthSystem.IntegrationTests.assets.cache" (valor anterior: "obj\Debug\net8.0\AuthSystem.IntegrationTests.assets.cache") en C:\Program Files\dotnet\sdk\9.0.201\Sdks\Microsoft.NET.Sdk\targets\Microsoft.PackageDependencyResolution.targets (29,5)
       Reasignaci├│n de propiedad: $(OpenApiGenerateDocumentsOnBuild)="false" (valor anterior: "") en C:\Users\JHON\.nuget\packages\swashbuckle.aspnetcore\6.5.0\build\Swashbuckle.AspNetCore.props (3,5)
       Reasignaci├│n de propiedad: $(GenerateRuntimeConfigDevFile)="false" (valor anterior: "true") en C:\Program Files\dotnet\sdk\9.0.201\Sdks\Microsoft.NET.Sdk\targets\Microsoft.NET.Sdk.targets (81,5)
       Reasignaci├│n de propiedad: $(ResolveAssemblyReferencesDependsOn)="
             
             ResolveProjectReferences;
             FindInvalidProjectReferences;
             GetFrameworkPaths;
             GetReferenceAssemblyPaths;
             PrepareForBuild;
             ResolveSDKReferences;
             ExpandSDKReferences;
           ;
             ResolvePackageDependenciesForBuild;
             _HandlePackageFileConflicts;
           " (valor anterior: "
             ResolveProjectReferences;
             FindInvalidProjectReferences;
             GetFrameworkPaths;
             GetReferenceAssemblyPaths;
             PrepareForBuild;
             ResolveSDKReferences;
             ExpandSDKReferences;
           ") en C:\Program Files\dotnet\sdk\9.0.201\Sdks\Microsoft.NET.Sdk\targets\Microsoft.PackageDependencyResolution.targets (80,5)
       Reasignaci├│n de propiedad: $(ProjectAssetsCacheFile)="D:\Users\Jhon\Documentos\Mintrabajo\Modulo General usuarios\AuthSystemNew\AuthSystem.Infrastructure\obj\Debug\net8.0\AuthSystem.Infrastructure.assets.cache" (valor anterior: "obj\Debug\net8.0\AuthSystem.Infrastructure.assets.cache") en C:\Program Files\dotnet\sdk\9.0.201\Sdks\Microsoft.NET.Sdk\targets\Microsoft.PackageDependencyResolution.targets (29,5)
       Reasignaci├│n de propiedad: $(_GenerateSingleFileBundlePropertyInputsCache)="D:\Users\Jhon\Documentos\Mintrabajo\Modulo General usuarios\AuthSystemNew\AuthSystem.Domain\obj\Debug\net8.0\AuthSystem.Domain.genbundle.cache" (valor anterior: "obj\Debug\net8.0\AuthSystem.Domain.genbundle.cache") en C:\Program Files\dotnet\sdk\9.0.201\Sdks\Microsoft.NET.Sdk\targets\Microsoft.NET.Sdk.targets (48,5)
       Reasignaci├│n de propiedad: $(DefaultItemExcludes)=";bin\Debug\/**;obj\Debug\/**;bin\/**;obj\/**;**/*.user;**/*.*proj" (valor anterior: ";bin\Debug\/**;obj\Debug\/**;bin\/**;obj\/**;**/*.user") en C:\Program Files\dotnet\sdk\9.0.201\Sdks\Microsoft.NET.Sdk\targets\Microsoft.NET.Sdk.DefaultItems.targets (33,5)
       Reasignaci├│n de propiedad: $(PrepareResourcesDependsOn)="
             ResolvePackageDependenciesForBuild;
             _HandlePackageFileConflicts;
             
             ;
             PrepareResourceNames;
             ResGen;
             CompileLicxFiles
           
           " (valor anterior: "
             ;
             PrepareResourceNames;
             ResGen;
             CompileLicxFiles
           ") en C:\Program Files\dotnet\sdk\9.0.201\Sdks\Microsoft.NET.Sdk\targets\Microsoft.PackageDependencyResolution.targets (86,5)
       Reasignaci├│n de propiedad: $(DefaultItemExcludes)=";bin\Debug\/**;obj\Debug\/**;bin\/**;obj\/**;**/*.user;**/*.*proj;**/*.sln" (valor anterior: ";bin\Debug\/**;obj\Debug\/**;bin\/**;obj\/**;**/*.user;**/*.*proj") en C:\Program Files\dotnet\sdk\9.0.201\Sdks\Microsoft.NET.Sdk\targets\Microsoft.NET.Sdk.DefaultItems.targets (34,5)
       Reasignaci├│n de propiedad: $(_DefaultUserProfileRuntimeStorePath)="C:\Users\JHON" (valor anterior: "") en C:\Program Files\dotnet\sdk\9.0.201\Sdks\Microsoft.NET.Sdk\targets\Microsoft.NET.Sdk.targets (97,5)
       Reasignaci├│n de propiedad: $(GenerateRuntimeConfigDevFile)="false" (valor anterior: "true") en C:\Program Files\dotnet\sdk\9.0.201\Sdks\Microsoft.NET.Sdk\targets\Microsoft.NET.Sdk.targets (81,5)
       Reasignaci├│n de propiedad: $(DefaultItemExcludes)=";bin\Debug\/**;obj\Debug\/**;bin\/**" (valor anterior: ";bin\Debug\/**;obj\Debug\/**") en C:\Program Files\dotnet\sdk\9.0.201\Sdks\Microsoft.NET.Sdk\targets\Microsoft.NET.Sdk.DefaultItems.targets (27,5)
       Reasignaci├│n de propiedad: $(ResolveAssemblyReferencesDependsOn)="
             
             ResolveProjectReferences;
             FindInvalidProjectReferences;
             GetFrameworkPaths;
             GetReferenceAssemblyPaths;
             PrepareForBuild;
             ResolveSDKReferences;
             ExpandSDKReferences;
           ;
             ResolvePackageDependenciesForBuild;
             _HandlePackageFileConflicts;
           " (valor anterior: "
             ResolveProjectReferences;
             FindInvalidProjectReferences;
             GetFrameworkPaths;
             GetReferenceAssemblyPaths;
             PrepareForBuild;
             ResolveSDKReferences;
             ExpandSDKReferences;
           ") en C:\Program Files\dotnet\sdk\9.0.201\Sdks\Microsoft.NET.Sdk\targets\Microsoft.PackageDependencyResolution.targets (80,5)
       Reasignaci├│n de propiedad: $(DefaultItemExcludes)=";bin\Debug\/**;obj\Debug\/**;bin\/**;obj\/**;**/*.user;**/*.*proj;**/*.sln;**/*.vssscc" (valor anterior: ";bin\Debug\/**;obj\Debug\/**;bin\/**;obj\/**;**/*.user;**/*.*proj;**/*.sln") en C:\Program Files\dotnet\sdk\9.0.201\Sdks\Microsoft.NET.Sdk\targets\Microsoft.NET.Sdk.DefaultItems.targets (35,5)
       Reasignaci├│n de propiedad: $(DefaultItemExcludes)=";bin\Debug\/**;obj\Debug\/**;bin\/**;obj\/**" (valor anterior: ";bin\Debug\/**;obj\Debug\/**;bin\/**") en C:\Program Files\dotnet\sdk\9.0.201\Sdks\Microsoft.NET.Sdk\targets\Microsoft.NET.Sdk.DefaultItems.targets (29,5)
       Reasignaci├│n de propiedad: $(_DefaultUserProfileRuntimeStorePath)="C:\Users\JHON" (valor anterior: "") en C:\Program Files\dotnet\sdk\9.0.201\Sdks\Microsoft.NET.Sdk\targets\Microsoft.NET.Sdk.targets (97,5)
       Reasignaci├│n de propiedad: $(_DefaultUserProfileRuntimeStorePath)="C:\Users\JHON\.dotnet\store" (valor anterior: "C:\Users\JHON") en C:\Program Files\dotnet\sdk\9.0.201\Sdks\Microsoft.NET.Sdk\targets\Microsoft.NET.Sdk.targets (98,5)
       Reasignaci├│n de propiedad: $(PrepareResourcesDependsOn)="
             ResolvePackageDependenciesForBuild;
             _HandlePackageFileConflicts;
             
             ;
             PrepareResourceNames;
             ResGen;
             CompileLicxFiles
           
           " (valor anterior: "
             ;
             PrepareResourceNames;
             ResGen;
             CompileLicxFiles
           ") en C:\Program Files\dotnet\sdk\9.0.201\Sdks\Microsoft.NET.Sdk\targets\Microsoft.PackageDependencyResolution.targets (86,5)
       Reasignaci├│n de propiedad: $(_DefaultUserProfileRuntimeStorePath)="C:\Users\JHON\.dotnet\store" (valor anterior: "C:\Users\JHON") en C:\Program Files\dotnet\sdk\9.0.201\Sdks\Microsoft.NET.Sdk\targets\Microsoft.NET.Sdk.targets (98,5)
       Reasignaci├│n de propiedad: $(DefaultItemExcludes)=";bin\Debug\/**;obj\Debug\/**;bin\/**;obj\/**;**/*.user;**/*.*proj;**/*.sln;**/*.vssscc;**/.DS_Store" (valor anterior: ";bin\Debug\/**;obj\Debug\/**;bin\/**;obj\/**;**/*.user;**/*.*proj;**/*.sln;**/*.vssscc") en C:\Program Files\dotnet\sdk\9.0.201\Sdks\Microsoft.NET.Sdk\targets\Microsoft.NET.Sdk.DefaultItems.targets (36,5)
       Reasignaci├│n de propiedad: $(AvailablePlatforms)="Any CPU,x86,x64,ARM32" (valor anterior: "Any CPU,x86,x64") en C:\Program Files\dotnet\sdk\9.0.201\Sdks\Microsoft.NET.Sdk\targets\Microsoft.NET.Sdk.targets (140,5)
       Reasignaci├│n de propiedad: $(DefaultItemExcludes)=";bin\Debug\/**;obj\Debug\/**;bin\/**;obj\/**;**/*.user" (valor anterior: ";bin\Debug\/**;obj\Debug\/**;bin\/**;obj\/**") en C:\Program Files\dotnet\sdk\9.0.201\Sdks\Microsoft.NET.Sdk\targets\Microsoft.NET.Sdk.DefaultItems.targets (32,5)
       Reasignaci├│n de propiedad: $(DefaultItemExcludes)=";bin\Debug\/**;obj\Debug\/**;bin\/**" (valor anterior: ";bin\Debug\/**;obj\Debug\/**") en C:\Program Files\dotnet\sdk\9.0.201\Sdks\Microsoft.NET.Sdk\targets\Microsoft.NET.Sdk.DefaultItems.targets (27,5)
       Reasignaci├│n de propiedad: $(ResolveAssemblyReferencesDependsOn)="
             
             
             ResolveProjectReferences;
             FindInvalidProjectReferences;
             GetFrameworkPaths;
             GetReferenceAssemblyPaths;
             PrepareForBuild;
             ResolveSDKReferences;
             ExpandSDKReferences;
           ;
             ResolvePackageDependenciesForBuild;
             _HandlePackageFileConflicts;
           ;
             ResolveTargetingPackAssets;
           " (valor anterior: "
             
             ResolveProjectReferences;
             FindInvalidProjectReferences;
             GetFrameworkPaths;
             GetReferenceAssemblyPaths;
             PrepareForBuild;
             ResolveSDKReferences;
             ExpandSDKReferences;
           ;
             ResolvePackageDependenciesForBuild;
             _HandlePackageFileConflicts;
           ") en C:\Program Files\dotnet\sdk\9.0.201\Sdks\Microsoft.NET.Sdk\targets\Microsoft.NET.Sdk.FrameworkReferenceResolution.targets (14,5)
       Reasignaci├│n de propiedad: $(DefaultItemExcludes)=";bin\Debug\/**;obj\Debug\/**;bin\/**;obj\/**" (valor anterior: ";bin\Debug\/**;obj\Debug\/**;bin\/**") en C:\Program Files\dotnet\sdk\9.0.201\Sdks\Microsoft.NET.Sdk\targets\Microsoft.NET.Sdk.DefaultItems.targets (29,5)
       Reasignaci├│n de propiedad: $(DefaultItemExcludes)=";bin\Debug\/**;obj\Debug\/**;bin\/**;obj\/**;**/*.user;**/*.*proj" (valor anterior: ";bin\Debug\/**;obj\Debug\/**;bin\/**;obj\/**;**/*.user") en C:\Program Files\dotnet\sdk\9.0.201\Sdks\Microsoft.NET.Sdk\targets\Microsoft.NET.Sdk.DefaultItems.targets (33,5)
       Reasignaci├│n de propiedad: $(AvailablePlatforms)="Any CPU,x86,x64,ARM32" (valor anterior: "Any CPU,x86,x64") en C:\Program Files\dotnet\sdk\9.0.201\Sdks\Microsoft.NET.Sdk\targets\Microsoft.NET.Sdk.targets (140,5)
       Reasignaci├│n de propiedad: $(DefaultItemExcludes)=";bin\Debug\/**;obj\Debug\/**;bin\/**;obj\/**;**/*.user" (valor anterior: ";bin\Debug\/**;obj\Debug\/**;bin\/**;obj\/**") en C:\Program Files\dotnet\sdk\9.0.201\Sdks\Microsoft.NET.Sdk\targets\Microsoft.NET.Sdk.DefaultItems.targets (32,5)
       Reasignaci├│n de propiedad: $(DefaultItemExcludes)=";bin\Debug\/**;obj\Debug\/**;bin\/**;obj\/**;**/*.user;**/*.*proj;**/*.sln" (valor anterior: ";bin\Debug\/**;obj\Debug\/**;bin\/**;obj\/**;**/*.user;**/*.*proj") en C:\Program Files\dotnet\sdk\9.0.201\Sdks\Microsoft.NET.Sdk\targets\Microsoft.NET.Sdk.DefaultItems.targets (34,5)
       Reasignaci├│n de propiedad: $(AvailablePlatforms)="Any CPU,x86,x64,ARM32,ARM64" (valor anterior: "Any CPU,x86,x64,ARM32") en C:\Program Files\dotnet\sdk\9.0.201\Sdks\Microsoft.NET.Sdk\targets\Microsoft.NET.Sdk.targets (144,5)
       Reasignaci├│n de propiedad: $(AvailablePlatforms)="Any CPU,x86,x64,ARM32,ARM64" (valor anterior: "Any CPU,x86,x64,ARM32") en C:\Program Files\dotnet\sdk\9.0.201\Sdks\Microsoft.NET.Sdk\targets\Microsoft.NET.Sdk.targets (144,5)
       Reasignaci├│n de propiedad: $(DefaultItemExcludes)=";bin\Debug\/**;obj\Debug\/**;bin\/**;obj\/**;**/*.user;**/*.*proj;**/*.sln;**/*.vssscc" (valor anterior: ";bin\Debug\/**;obj\Debug\/**;bin\/**;obj\/**;**/*.user;**/*.*proj;**/*.sln") en C:\Program Files\dotnet\sdk\9.0.201\Sdks\Microsoft.NET.Sdk\targets\Microsoft.NET.Sdk.DefaultItems.targets (35,5)
       Reasignaci├│n de propiedad: $(DefaultItemExcludes)=";bin\Debug\/**;obj\Debug\/**;bin\/**;obj\/**;**/*.user;**/*.*proj" (valor anterior: ";bin\Debug\/**;obj\Debug\/**;bin\/**;obj\/**;**/*.user") en C:\Program Files\dotnet\sdk\9.0.201\Sdks\Microsoft.NET.Sdk\targets\Microsoft.NET.Sdk.DefaultItems.targets (33,5)
       Reasignaci├│n de propiedad: $(_GenerateRuntimeConfigurationPropertyInputsCache)="D:\Users\Jhon\Documentos\Mintrabajo\Modulo General usuarios\AuthSystemNew\AuthSystem.UnitTests\obj\Debug\net8.0\AuthSystem.UnitTests.genruntimeconfig.cache" (valor anterior: "obj\Debug\net8.0\AuthSystem.UnitTests.genruntimeconfig.cache") en C:\Program Files\dotnet\sdk\9.0.201\Sdks\Microsoft.NET.Sdk\targets\Microsoft.NET.Sdk.targets (44,5)
       Reasignaci├│n de propiedad: $(CoreBuildDependsOn)="
             _CheckForBuildWithNoBuild;
             
             BuildOnlySettings;
             PrepareForBuild;
             PreBuildEvent;
             ResolveReferences;
             PrepareResources;
             ResolveKeySource;
             Compile;
             ExportWindowsMDFile;
             UnmanagedUnregistration;
             GenerateSerializationAssemblies;
             CreateSatelliteAssemblies;
             GenerateManifests;
             GetTargetPath;
             PrepareForRun;
             UnmanagedRegistration;
             IncrementalClean;
             PostBuildEvent
           ;
             GenerateBuildDependencyFile;
             GenerateBuildRuntimeConfigurationFiles
           " (valor anterior: "
             BuildOnlySettings;
             PrepareForBuild;
             PreBuildEvent;
             ResolveReferences;
             PrepareResources;
             ResolveKeySource;
             Compile;
             ExportWindowsMDFile;
             UnmanagedUnregistration;
             GenerateSerializationAssemblies;
             CreateSatelliteAssemblies;
             GenerateManifests;
             GetTargetPath;
             PrepareForRun;
             UnmanagedRegistration;
             IncrementalClean;
             PostBuildEvent
           ") en C:\Program Files\dotnet\sdk\9.0.201\Sdks\Microsoft.NET.Sdk\targets\Microsoft.NET.Sdk.targets (201,5)
       Reasignaci├│n de propiedad: $(DefaultItemExcludes)=";bin\Debug\/**;obj\Debug\/**;bin\/**;obj\/**;**/*.user;**/*.*proj;**/*.sln;**/*.vssscc;**/.DS_Store" (valor anterior: ";bin\Debug\/**;obj\Debug\/**;bin\/**;obj\/**;**/*.user;**/*.*proj;**/*.sln;**/*.vssscc") en C:\Program Files\dotnet\sdk\9.0.201\Sdks\Microsoft.NET.Sdk\targets\Microsoft.NET.Sdk.DefaultItems.targets (36,5)
       Reasignaci├│n de propiedad: $(DefaultItemExcludes)=";bin\Debug\/**;obj\Debug\/**;bin\/**;obj\/**;**/*.user;**/*.*proj;**/*.sln" (valor anterior: ";bin\Debug\/**;obj\Debug\/**;bin\/**;obj\/**;**/*.user;**/*.*proj") en C:\Program Files\dotnet\sdk\9.0.201\Sdks\Microsoft.NET.Sdk\targets\Microsoft.NET.Sdk.DefaultItems.targets (34,5)
       Reasignaci├│n de propiedad: $(_GeneratePublishDependencyFilePropertyInputsCache)="D:\Users\Jhon\Documentos\Mintrabajo\Modulo General usuarios\AuthSystemNew\AuthSystem.UnitTests\obj\Debug\net8.0\AuthSystem.UnitTests.genpublishdeps.cache" (valor anterior: "obj\Debug\net8.0\AuthSystem.UnitTests.genpublishdeps.cache") en C:\Program Files\dotnet\sdk\9.0.201\Sdks\Microsoft.NET.Sdk\targets\Microsoft.NET.Sdk.targets (46,5)
       Reasignaci├│n de propiedad: $(CoreCleanDependsOn)="
             _SdkBeforeClean;
             
           " (valor anterior: "") en C:\Program Files\dotnet\sdk\9.0.201\Sdks\Microsoft.NET.Sdk\targets\Microsoft.NET.Sdk.targets (210,5)
       Reasignaci├│n de propiedad: $(CoreBuildDependsOn)="
             _CheckForBuildWithNoBuild;
             
             BuildOnlySettings;
             PrepareForBuild;
             PreBuildEvent;
             ResolveReferences;
             PrepareResources;
             ResolveKeySource;
             Compile;
             ExportWindowsMDFile;
             UnmanagedUnregistration;
             GenerateSerializationAssemblies;
             CreateSatelliteAssemblies;
             GenerateManifests;
             GetTargetPath;
             PrepareForRun;
             UnmanagedRegistration;
             IncrementalClean;
             PostBuildEvent
           ;
             GenerateBuildDependencyFile;
             GenerateBuildRuntimeConfigurationFiles
           " (valor anterior: "
             BuildOnlySettings;
             PrepareForBuild;
             PreBuildEvent;
             ResolveReferences;
             PrepareResources;
             ResolveKeySource;
             Compile;
             ExportWindowsMDFile;
             UnmanagedUnregistration;
             GenerateSerializationAssemblies;
             CreateSatelliteAssemblies;
             GenerateManifests;
             GetTargetPath;
             PrepareForRun;
             UnmanagedRegistration;
             IncrementalClean;
             PostBuildEvent
           ") en C:\Program Files\dotnet\sdk\9.0.201\Sdks\Microsoft.NET.Sdk\targets\Microsoft.NET.Sdk.targets (201,5)
       Reasignaci├│n de propiedad: $(ResolveAssemblyReferencesDependsOn)="
             
             
             ResolveProjectReferences;
             FindInvalidProjectReferences;
             GetFrameworkPaths;
             GetReferenceAssemblyPaths;
             PrepareForBuild;
             ResolveSDKReferences;
             ExpandSDKReferences;
           ;
             ResolvePackageDependenciesForBuild;
             _HandlePackageFileConflicts;
           ;
             ResolveTargetingPackAssets;
           " (valor anterior: "
             
             ResolveProjectReferences;
             FindInvalidProjectReferences;
             GetFrameworkPaths;
             GetReferenceAssemblyPaths;
             PrepareForBuild;
             ResolveSDKReferences;
             ExpandSDKReferences;
           ;
             ResolvePackageDependenciesForBuild;
             _HandlePackageFileConflicts;
           ") en C:\Program Files\dotnet\sdk\9.0.201\Sdks\Microsoft.NET.Sdk\targets\Microsoft.NET.Sdk.FrameworkReferenceResolution.targets (14,5)
       Reasignaci├│n de propiedad: $(RebuildDependsOn)="
             _SdkBeforeRebuild;
             
             BeforeRebuild;
             Clean;
             Build;
             AfterRebuild;
           
           " (valor anterior: "
             BeforeRebuild;
             Clean;
             Build;
             AfterRebuild;
           ") en C:\Program Files\dotnet\sdk\9.0.201\Sdks\Microsoft.NET.Sdk\targets\Microsoft.NET.Sdk.targets (217,5)
       Reasignaci├│n de propiedad: $(DefaultItemExcludes)=";bin\Debug\/**;obj\Debug\/**;bin\/**;obj\/**;**/*.user;**/*.*proj;**/*.sln;**/*.vssscc" (valor anterior: ";bin\Debug\/**;obj\Debug\/**;bin\/**;obj\/**;**/*.user;**/*.*proj;**/*.sln") en C:\Program Files\dotnet\sdk\9.0.201\Sdks\Microsoft.NET.Sdk\targets\Microsoft.NET.Sdk.DefaultItems.targets (35,5)
       Reasignaci├│n de propiedad: $(_GenerateSingleFileBundlePropertyInputsCache)="D:\Users\Jhon\Documentos\Mintrabajo\Modulo General usuarios\AuthSystemNew\AuthSystem.UnitTests\obj\Debug\net8.0\AuthSystem.UnitTests.genbundle.cache" (valor anterior: "obj\Debug\net8.0\AuthSystem.UnitTests.genbundle.cache") en C:\Program Files\dotnet\sdk\9.0.201\Sdks\Microsoft.NET.Sdk\targets\Microsoft.NET.Sdk.targets (48,5)
       Reasignaci├│n de propiedad: $(_GenerateRuntimeConfigurationPropertyInputsCache)="D:\Users\Jhon\Documentos\Mintrabajo\Modulo General usuarios\AuthSystemNew\AuthSystem.IntegrationTests\obj\Debug\net8.0\AuthSystem.IntegrationTests.genruntimeconfig.cache" (valor anterior: "obj\Debug\net8.0\AuthSystem.IntegrationTests.genruntimeconfig.cache") en C:\Program Files\dotnet\sdk\9.0.201\Sdks\Microsoft.NET.Sdk\targets\Microsoft.NET.Sdk.targets (44,5)
       Reasignaci├│n de propiedad: $(CompileDependsOn)="
             
             ResolveReferences;
             ResolveKeySource;
             SetWin32ManifestProperties;
             _SetPreferNativeArm64Win32ManifestProperties;
             FindReferenceAssembliesForReferences;
             _GenerateCompileInputs;
             BeforeCompile;
             _TimeStampBeforeCompile;
             _GenerateCompileDependencyCache;
             CoreCompile;
             _TimeStampAfterCompile;
             AfterCompile;
           ;
             _CreateAppHost;
             _CreateComHost;
             _GetIjwHostPaths;
           " (valor anterior: "
             ResolveReferences;
             ResolveKeySource;
             SetWin32ManifestProperties;
             _SetPreferNativeArm64Win32ManifestProperties;
             FindReferenceAssembliesForReferences;
             _GenerateCompileInputs;
             BeforeCompile;
             _TimeStampBeforeCompile;
             _GenerateCompileDependencyCache;
             CoreCompile;
             _TimeStampAfterCompile;
             AfterCompile;
           ") en C:\Program Files\dotnet\sdk\9.0.201\Sdks\Microsoft.NET.Sdk\targets\Microsoft.NET.Sdk.targets (784,5)
       Reasignaci├│n de propiedad: $(DefaultItemExcludes)=";bin\Debug\/**;obj\Debug\/**;bin\/**;obj\/**;**/*.user;**/*.*proj;**/*.sln;**/*.vssscc;**/.DS_Store" (valor anterior: ";bin\Debug\/**;obj\Debug\/**;bin\/**;obj\/**;**/*.user;**/*.*proj;**/*.sln;**/*.vssscc") en C:\Program Files\dotnet\sdk\9.0.201\Sdks\Microsoft.NET.Sdk\targets\Microsoft.NET.Sdk.DefaultItems.targets (36,5)
       Reasignaci├│n de propiedad: $(_GeneratePublishDependencyFilePropertyInputsCache)="D:\Users\Jhon\Documentos\Mintrabajo\Modulo General usuarios\AuthSystemNew\AuthSystem.IntegrationTests\obj\Debug\net8.0\AuthSystem.IntegrationTests.genpublishdeps.cache" (valor anterior: "obj\Debug\net8.0\AuthSystem.IntegrationTests.genpublishdeps.cache") en C:\Program Files\dotnet\sdk\9.0.201\Sdks\Microsoft.NET.Sdk\targets\Microsoft.NET.Sdk.targets (46,5)
       Reasignaci├│n de propiedad: $(CoreCleanDependsOn)="
             _SdkBeforeClean;
             
           " (valor anterior: "") en C:\Program Files\dotnet\sdk\9.0.201\Sdks\Microsoft.NET.Sdk\targets\Microsoft.NET.Sdk.targets (210,5)
       Reasignaci├│n de propiedad: $(GenerateRuntimeConfigDevFile)="false" (valor anterior: "true") en C:\Program Files\dotnet\sdk\9.0.201\Sdks\Microsoft.NET.Sdk\targets\Microsoft.NET.Sdk.targets (81,5)
       Reasignaci├│n de propiedad: $(CreateSatelliteAssembliesDependsOn)="
             
             ;
             _GenerateSatelliteAssemblyInputs;
             ComputeIntermediateSatelliteAssemblies;
             GenerateSatelliteAssemblies
           ;
             CoreGenerateSatelliteAssemblies
           " (valor anterior: "
             ;
             _GenerateSatelliteAssemblyInputs;
             ComputeIntermediateSatelliteAssemblies;
             GenerateSatelliteAssemblies
           ") en C:\Program Files\dotnet\sdk\9.0.201\Sdks\Microsoft.NET.Sdk\targets\Microsoft.NET.Sdk.targets (1184,5)
       Reasignaci├│n de propiedad: $(RebuildDependsOn)="
             _SdkBeforeRebuild;
             
             BeforeRebuild;
             Clean;
             Build;
             AfterRebuild;
           
           " (valor anterior: "
             BeforeRebuild;
             Clean;
             Build;
             AfterRebuild;
           ") en C:\Program Files\dotnet\sdk\9.0.201\Sdks\Microsoft.NET.Sdk\targets\Microsoft.NET.Sdk.targets (217,5)
       Reasignaci├│n de propiedad: $(_GenerateSingleFileBundlePropertyInputsCache)="D:\Users\Jhon\Documentos\Mintrabajo\Modulo General usuarios\AuthSystemNew\AuthSystem.IntegrationTests\obj\Debug\net8.0\AuthSystem.IntegrationTests.genbundle.cache" (valor anterior: "obj\Debug\net8.0\AuthSystem.IntegrationTests.genbundle.cache") en C:\Program Files\dotnet\sdk\9.0.201\Sdks\Microsoft.NET.Sdk\targets\Microsoft.NET.Sdk.targets (48,5)
       Reasignaci├│n de propiedad: $(_DefaultUserProfileRuntimeStorePath)="C:\Users\JHON" (valor anterior: "") en C:\Program Files\dotnet\sdk\9.0.201\Sdks\Microsoft.NET.Sdk\targets\Microsoft.NET.Sdk.targets (97,5)
       Reasignaci├│n de propiedad: $(SourceLinkUrlInitializerTargets)=";_InitializeGitHubSourceLinkUrl;_InitializeGitLabSourceLinkUrl" (valor anterior: ";_InitializeGitHubSourceLinkUrl") en C:\Program Files\dotnet\sdk\9.0.201\Sdks\Microsoft.SourceLink.GitLab\build\Microsoft.SourceLink.GitLab.targets (12,5)
       Reasignaci├│n de propiedad: $(CompileDependsOn)="
             
             ResolveReferences;
             ResolveKeySource;
             SetWin32ManifestProperties;
             _SetPreferNativeArm64Win32ManifestProperties;
             FindReferenceAssembliesForReferences;
             _GenerateCompileInputs;
             BeforeCompile;
             _TimeStampBeforeCompile;
             _GenerateCompileDependencyCache;
             CoreCompile;
             _TimeStampAfterCompile;
             AfterCompile;
           ;
             _CreateAppHost;
             _CreateComHost;
             _GetIjwHostPaths;
           " (valor anterior: "
             ResolveReferences;
             ResolveKeySource;
             SetWin32ManifestProperties;
             _SetPreferNativeArm64Win32ManifestProperties;
             FindReferenceAssembliesForReferences;
             _GenerateCompileInputs;
             BeforeCompile;
             _TimeStampBeforeCompile;
             _GenerateCompileDependencyCache;
             CoreCompile;
             _TimeStampAfterCompile;
             AfterCompile;
           ") en C:\Program Files\dotnet\sdk\9.0.201\Sdks\Microsoft.NET.Sdk\targets\Microsoft.NET.Sdk.targets (784,5)
       Reasignaci├│n de propiedad: $(_DefaultUserProfileRuntimeStorePath)="C:\Users\JHON\.dotnet\store" (valor anterior: "C:\Users\JHON") en C:\Program Files\dotnet\sdk\9.0.201\Sdks\Microsoft.NET.Sdk\targets\Microsoft.NET.Sdk.targets (98,5)
       Reasignaci├│n de propiedad: $(GenerateRuntimeConfigDevFile)="false" (valor anterior: "true") en C:\Program Files\dotnet\sdk\9.0.201\Sdks\Microsoft.NET.Sdk\targets\Microsoft.NET.Sdk.targets (81,5)
       Reasignaci├│n de propiedad: $(ResolveAssemblyReferencesDependsOn)="
             
             
             ResolveProjectReferences;
             FindInvalidProjectReferences;
             GetFrameworkPaths;
             GetReferenceAssemblyPaths;
             PrepareForBuild;
             ResolveSDKReferences;
             ExpandSDKReferences;
           ;
             ResolvePackageDependenciesForBuild;
             _HandlePackageFileConflicts;
           ;
             ResolveTargetingPackAssets;
           " (valor anterior: "
             
             ResolveProjectReferences;
             FindInvalidProjectReferences;
             GetFrameworkPaths;
             GetReferenceAssemblyPaths;
             PrepareForBuild;
             ResolveSDKReferences;
             ExpandSDKReferences;
           ;
             ResolvePackageDependenciesForBuild;
             _HandlePackageFileConflicts;
           ") en C:\Program Files\dotnet\sdk\9.0.201\Sdks\Microsoft.NET.Sdk\targets\Microsoft.NET.Sdk.FrameworkReferenceResolution.targets (14,5)
       Reasignaci├│n de propiedad: $(SourceControlManagerUrlTranslationTargets)=";TranslateGitHubUrlsInSourceControlInformation;TranslateGitLabUrlsInSourceControlInformation" (valor anterior: ";TranslateGitHubUrlsInSourceControlInformation") en C:\Program Files\dotnet\sdk\9.0.201\Sdks\Microsoft.SourceLink.GitLab\build\Microsoft.SourceLink.GitLab.targets (13,5)
       Reasignaci├│n de propiedad: $(CreateSatelliteAssembliesDependsOn)="
             
             ;
             _GenerateSatelliteAssemblyInputs;
             ComputeIntermediateSatelliteAssemblies;
             GenerateSatelliteAssemblies
           ;
             CoreGenerateSatelliteAssemblies
           " (valor anterior: "
             ;
             _GenerateSatelliteAssemblyInputs;
             ComputeIntermediateSatelliteAssemblies;
             GenerateSatelliteAssemblies
           ") en C:\Program Files\dotnet\sdk\9.0.201\Sdks\Microsoft.NET.Sdk\targets\Microsoft.NET.Sdk.targets (1184,5)
       Reasignaci├│n de propiedad: $(_DefaultUserProfileRuntimeStorePath)="C:\Users\JHON" (valor anterior: "") en C:\Program Files\dotnet\sdk\9.0.201\Sdks\Microsoft.NET.Sdk\targets\Microsoft.NET.Sdk.targets (97,5)
       Reasignaci├│n de propiedad: $(AvailablePlatforms)="Any CPU,x86,x64,ARM32" (valor anterior: "Any CPU,x86,x64") en C:\Program Files\dotnet\sdk\9.0.201\Sdks\Microsoft.NET.Sdk\targets\Microsoft.NET.Sdk.targets (140,5)
       Reasignaci├│n de propiedad: $(SourceLinkUrlInitializerTargets)=";_InitializeGitHubSourceLinkUrl;_InitializeGitLabSourceLinkUrl" (valor anterior: ";_InitializeGitHubSourceLinkUrl") en C:\Program Files\dotnet\sdk\9.0.201\Sdks\Microsoft.SourceLink.GitLab\build\Microsoft.SourceLink.GitLab.targets (12,5)
       Reasignaci├│n de propiedad: $(AvailablePlatforms)="Any CPU,x86,x64,ARM32,ARM64" (valor anterior: "Any CPU,x86,x64,ARM32") en C:\Program Files\dotnet\sdk\9.0.201\Sdks\Microsoft.NET.Sdk\targets\Microsoft.NET.Sdk.targets (144,5)
       Reasignaci├│n de propiedad: $(_GenerateRuntimeConfigurationPropertyInputsCache)="D:\Users\Jhon\Documentos\Mintrabajo\Modulo General usuarios\AuthSystemNew\AuthSystem.Infrastructure\obj\Debug\net8.0\AuthSystem.Infrastructure.genruntimeconfig.cache" (valor anterior: "obj\Debug\net8.0\AuthSystem.Infrastructure.genruntimeconfig.cache") en C:\Program Files\dotnet\sdk\9.0.201\Sdks\Microsoft.NET.Sdk\targets\Microsoft.NET.Sdk.targets (44,5)
       Reasignaci├│n de propiedad: $(_DefaultUserProfileRuntimeStorePath)="C:\Users\JHON\.dotnet\store" (valor anterior: "C:\Users\JHON") en C:\Program Files\dotnet\sdk\9.0.201\Sdks\Microsoft.NET.Sdk\targets\Microsoft.NET.Sdk.targets (98,5)
       Reasignaci├│n de propiedad: $(CoreBuildDependsOn)="
             _CheckForBuildWithNoBuild;
             
             BuildOnlySettings;
             PrepareForBuild;
             PreBuildEvent;
             ResolveReferences;
             PrepareResources;
             ResolveKeySource;
             Compile;
             ExportWindowsMDFile;
             UnmanagedUnregistration;
             GenerateSerializationAssemblies;
             CreateSatelliteAssemblies;
             GenerateManifests;
             GetTargetPath;
             PrepareForRun;
             UnmanagedRegistration;
             IncrementalClean;
             PostBuildEvent
           ;
             GenerateBuildDependencyFile;
             GenerateBuildRuntimeConfigurationFiles
           " (valor anterior: "
             BuildOnlySettings;
             PrepareForBuild;
             PreBuildEvent;
             ResolveReferences;
             PrepareResources;
             ResolveKeySource;
             Compile;
             ExportWindowsMDFile;
             UnmanagedUnregistration;
             GenerateSerializationAssemblies;
             CreateSatelliteAssemblies;
             GenerateManifests;
             GetTargetPath;
             PrepareForRun;
             UnmanagedRegistration;
             IncrementalClean;
             PostBuildEvent
           ") en C:\Program Files\dotnet\sdk\9.0.201\Sdks\Microsoft.NET.Sdk\targets\Microsoft.NET.Sdk.targets (201,5)
       Reasignaci├│n de propiedad: $(SourceLinkUrlInitializerTargets)=";_InitializeGitHubSourceLinkUrl;_InitializeGitLabSourceLinkUrl;_InitializeAzureReposGitSourceLinkUrl" (valor anterior: ";_InitializeGitHubSourceLinkUrl;_InitializeGitLabSourceLinkUrl") en C:\Program Files\dotnet\sdk\9.0.201\Sdks\Microsoft.SourceLink.AzureRepos.Git\build\Microsoft.SourceLink.AzureRepos.Git.targets (12,5)
       Reasignaci├│n de propiedad: $(SourceControlManagerUrlTranslationTargets)=";TranslateGitHubUrlsInSourceControlInformation;TranslateGitLabUrlsInSourceControlInformation" (valor anterior: ";TranslateGitHubUrlsInSourceControlInformation") en C:\Program Files\dotnet\sdk\9.0.201\Sdks\Microsoft.SourceLink.GitLab\build\Microsoft.SourceLink.GitLab.targets (13,5)
       Reasignaci├│n de propiedad: $(AvailablePlatforms)="Any CPU,x86,x64,ARM32" (valor anterior: "Any CPU,x86,x64") en C:\Program Files\dotnet\sdk\9.0.201\Sdks\Microsoft.NET.Sdk\targets\Microsoft.NET.Sdk.targets (140,5)
       Reasignaci├│n de propiedad: $(_GeneratePublishDependencyFilePropertyInputsCache)="D:\Users\Jhon\Documentos\Mintrabajo\Modulo General usuarios\AuthSystemNew\AuthSystem.Infrastructure\obj\Debug\net8.0\AuthSystem.Infrastructure.genpublishdeps.cache" (valor anterior: "obj\Debug\net8.0\AuthSystem.Infrastructure.genpublishdeps.cache") en C:\Program Files\dotnet\sdk\9.0.201\Sdks\Microsoft.NET.Sdk\targets\Microsoft.NET.Sdk.targets (46,5)
       Reasignaci├│n de propiedad: $(CoreCleanDependsOn)="
             _SdkBeforeClean;
             
           " (valor anterior: "") en C:\Program Files\dotnet\sdk\9.0.201\Sdks\Microsoft.NET.Sdk\targets\Microsoft.NET.Sdk.targets (210,5)
       Reasignaci├│n de propiedad: $(AvailablePlatforms)="Any CPU,x86,x64,ARM32,ARM64" (valor anterior: "Any CPU,x86,x64,ARM32") en C:\Program Files\dotnet\sdk\9.0.201\Sdks\Microsoft.NET.Sdk\targets\Microsoft.NET.Sdk.targets (144,5)
       C:\Program Files\dotnet\sdk\9.0.201\Current\Microsoft.Common.props(84,119): message : Propiedad "MSBuildUserExtensionsPath" con el valor "C:\Users\JHON\AppData\Local\Microsoft\MSBuild" expandido desde el entorno.
       Reasignaci├│n de propiedad: $(SourceControlManagerUrlTranslationTargets)=";TranslateGitHubUrlsInSourceControlInformation;TranslateGitLabUrlsInSourceControlInformation;TranslateAzureReposGitUrlsInSourceControlInformation" (valor anterior: ";TranslateGitHubUrlsInSourceControlInformation;TranslateGitLabUrlsInSourceControlInformation") en C:\Program Files\dotnet\sdk\9.0.201\Sdks\Microsoft.SourceLink.AzureRepos.Git\build\Microsoft.SourceLink.AzureRepos.Git.targets (13,5)
       Reasignaci├│n de propiedad: $(RebuildDependsOn)="
             _SdkBeforeRebuild;
             
             BeforeRebuild;
             Clean;
             Build;
             AfterRebuild;
           
           " (valor anterior: "
             BeforeRebuild;
             Clean;
             Build;
             AfterRebuild;
           ") en C:\Program Files\dotnet\sdk\9.0.201\Sdks\Microsoft.NET.Sdk\targets\Microsoft.NET.Sdk.targets (217,5)
       Reasignaci├│n de propiedad: $(SourceLinkUrlInitializerTargets)=";_InitializeGitHubSourceLinkUrl;_InitializeGitLabSourceLinkUrl;_InitializeAzureReposGitSourceLinkUrl" (valor anterior: ";_InitializeGitHubSourceLinkUrl;_InitializeGitLabSourceLinkUrl") en C:\Program Files\dotnet\sdk\9.0.201\Sdks\Microsoft.SourceLink.AzureRepos.Git\build\Microsoft.SourceLink.AzureRepos.Git.targets (12,5)
       Reasignaci├│n de propiedad: $(CoreBuildDependsOn)="
             _CheckForBuildWithNoBuild;
             
             BuildOnlySettings;
             PrepareForBuild;
             PreBuildEvent;
             ResolveReferences;
             PrepareResources;
             ResolveKeySource;
             Compile;
             ExportWindowsMDFile;
             UnmanagedUnregistration;
             GenerateSerializationAssemblies;
             CreateSatelliteAssemblies;
             GenerateManifests;
             GetTargetPath;
             PrepareForRun;
             UnmanagedRegistration;
             IncrementalClean;
             PostBuildEvent
           ;
             GenerateBuildDependencyFile;
             GenerateBuildRuntimeConfigurationFiles
           " (valor anterior: "
             BuildOnlySettings;
             PrepareForBuild;
             PreBuildEvent;
             ResolveReferences;
             PrepareResources;
             ResolveKeySource;
             Compile;
             ExportWindowsMDFile;
             UnmanagedUnregistration;
             GenerateSerializationAssemblies;
             CreateSatelliteAssemblies;
             GenerateManifests;
             GetTargetPath;
             PrepareForRun;
             UnmanagedRegistration;
             IncrementalClean;
             PostBuildEvent
           ") en C:\Program Files\dotnet\sdk\9.0.201\Sdks\Microsoft.NET.Sdk\targets\Microsoft.NET.Sdk.targets (201,5)
       Reasignaci├│n de propiedad: $(SourceLinkUrlInitializerTargets)=";_InitializeGitHubSourceLinkUrl;_InitializeGitLabSourceLinkUrl;_InitializeAzureReposGitSourceLinkUrl;_InitializeBitbucketGitSourceLinkUrl" (valor anterior: ";_InitializeGitHubSourceLinkUrl;_InitializeGitLabSourceLinkUrl;_InitializeAzureReposGitSourceLinkUrl") en C:\Program Files\dotnet\sdk\9.0.201\Sdks\Microsoft.SourceLink.Bitbucket.Git\build\Microsoft.SourceLink.Bitbucket.Git.targets (12,5)
       Reasignaci├│n de propiedad: $(_GenerateSingleFileBundlePropertyInputsCache)="D:\Users\Jhon\Documentos\Mintrabajo\Modulo General usuarios\AuthSystemNew\AuthSystem.Infrastructure\obj\Debug\net8.0\AuthSystem.Infrastructure.genbundle.cache" (valor anterior: "obj\Debug\net8.0\AuthSystem.Infrastructure.genbundle.cache") en C:\Program Files\dotnet\sdk\9.0.201\Sdks\Microsoft.NET.Sdk\targets\Microsoft.NET.Sdk.targets (48,5)
       Reasignaci├│n de propiedad: $(CompileDependsOn)="
             
             ResolveReferences;
             ResolveKeySource;
             SetWin32ManifestProperties;
             _SetPreferNativeArm64Win32ManifestProperties;
             FindReferenceAssembliesForReferences;
             _GenerateCompileInputs;
             BeforeCompile;
             _TimeStampBeforeCompile;
             _GenerateCompileDependencyCache;
             CoreCompile;
             _TimeStampAfterCompile;
             AfterCompile;
           ;
             _CreateAppHost;
             _CreateComHost;
             _GetIjwHostPaths;
           " (valor anterior: "
             ResolveReferences;
             ResolveKeySource;
             SetWin32ManifestProperties;
             _SetPreferNativeArm64Win32ManifestProperties;
             FindReferenceAssembliesForReferences;
             _GenerateCompileInputs;
             BeforeCompile;
             _TimeStampBeforeCompile;
             _GenerateCompileDependencyCache;
             CoreCompile;
             _TimeStampAfterCompile;
             AfterCompile;
           ") en C:\Program Files\dotnet\sdk\9.0.201\Sdks\Microsoft.NET.Sdk\targets\Microsoft.NET.Sdk.targets (784,5)
       Reasignaci├│n de propiedad: $(SourceControlManagerUrlTranslationTargets)=";TranslateGitHubUrlsInSourceControlInformation;TranslateGitLabUrlsInSourceControlInformation;TranslateAzureReposGitUrlsInSourceControlInformation;TranslateBitbucketGitUrlsInSourceControlInformation" (valor anterior: ";TranslateGitHubUrlsInSourceControlInformation;TranslateGitLabUrlsInSourceControlInformation;TranslateAzureReposGitUrlsInSourceControlInformation") en C:\Program Files\dotnet\sdk\9.0.201\Sdks\Microsoft.SourceLink.Bitbucket.Git\build\Microsoft.SourceLink.Bitbucket.Git.targets (13,5)
       Reasignaci├│n de propiedad: $(CoreCleanDependsOn)="
             _SdkBeforeClean;
             
           " (valor anterior: "") en C:\Program Files\dotnet\sdk\9.0.201\Sdks\Microsoft.NET.Sdk\targets\Microsoft.NET.Sdk.targets (210,5)
       Reasignaci├│n de propiedad: $(CreateSatelliteAssembliesDependsOn)="
             
             ;
             _GenerateSatelliteAssemblyInputs;
             ComputeIntermediateSatelliteAssemblies;
             GenerateSatelliteAssemblies
           ;
             CoreGenerateSatelliteAssemblies
           " (valor anterior: "
             ;
             _GenerateSatelliteAssemblyInputs;
             ComputeIntermediateSatelliteAssemblies;
             GenerateSatelliteAssemblies
           ") en C:\Program Files\dotnet\sdk\9.0.201\Sdks\Microsoft.NET.Sdk\targets\Microsoft.NET.Sdk.targets (1184,5)
       Reasignaci├│n de propiedad: $(GenerateRuntimeConfigDevFile)="false" (valor anterior: "true") en C:\Program Files\dotnet\sdk\9.0.201\Sdks\Microsoft.NET.Sdk\targets\Microsoft.NET.Sdk.targets (81,5)
       Reasignaci├│n de propiedad: $(DesignerRuntimeImplementationProjectOutputGroupDependsOn)="
             
             ;
             
             ;
             BuildOnlySettings;
             PrepareForBuild;
             AssignTargetPaths;
             ResolveReferences
           
           ;
             _GenerateDesignerDepsFile;
             _GenerateDesignerRuntimeConfigFile;
             GetCopyToOutputDirectoryItems;
             _GatherDesignerShadowCopyFiles;
           " (valor anterior: "
             ;
             
             ;
             BuildOnlySettings;
             PrepareForBuild;
             AssignTargetPaths;
             ResolveReferences
           
           ") en C:\Program Files\dotnet\sdk\9.0.201\Sdks\Microsoft.NET.Sdk\targets\Microsoft.NET.DesignerSupport.targets (21,5)
       Reasignaci├│n de propiedad: $(RebuildDependsOn)="
             _SdkBeforeRebuild;
             
             BeforeRebuild;
             Clean;
             Build;
             AfterRebuild;
           
           " (valor anterior: "
             BeforeRebuild;
             Clean;
             Build;
             AfterRebuild;
           ") en C:\Program Files\dotnet\sdk\9.0.201\Sdks\Microsoft.NET.Sdk\targets\Microsoft.NET.Sdk.targets (217,5)
       Reasignaci├│n de propiedad: $(SourceLinkUrlInitializerTargets)=";_InitializeGitHubSourceLinkUrl;_InitializeGitLabSourceLinkUrl" (valor anterior: ";_InitializeGitHubSourceLinkUrl") en C:\Program Files\dotnet\sdk\9.0.201\Sdks\Microsoft.SourceLink.GitLab\build\Microsoft.SourceLink.GitLab.targets (12,5)
       Reasignaci├│n de propiedad: $(_DefaultUserProfileRuntimeStorePath)="C:\Users\JHON" (valor anterior: "") en C:\Program Files\dotnet\sdk\9.0.201\Sdks\Microsoft.NET.Sdk\targets\Microsoft.NET.Sdk.targets (97,5)
       Reasignaci├│n de propiedad: $(_GenerateToolsSettingsFileCacheFile)="D:\Users\Jhon\Documentos\Mintrabajo\Modulo General usuarios\AuthSystemNew\AuthSystem.Application\obj\Debug\net8.0\AuthSystem.Application.toolssettingsinput.cache" (valor anterior: "obj\Debug\net8.0\AuthSystem.Application.toolssettingsinput.cache") en C:\Program Files\dotnet\sdk\9.0.201\Sdks\Microsoft.NET.Sdk\targets\Microsoft.NET.PackTool.targets (68,5)
       Reasignaci├│n de propiedad: $(SourceControlManagerUrlTranslationTargets)=";TranslateGitHubUrlsInSourceControlInformation;TranslateGitLabUrlsInSourceControlInformation" (valor anterior: ";TranslateGitHubUrlsInSourceControlInformation") en C:\Program Files\dotnet\sdk\9.0.201\Sdks\Microsoft.SourceLink.GitLab\build\Microsoft.SourceLink.GitLab.targets (13,5)
       Reasignaci├│n de propiedad: $(CompileDependsOn)="
             
             ResolveReferences;
             ResolveKeySource;
             SetWin32ManifestProperties;
             _SetPreferNativeArm64Win32ManifestProperties;
             FindReferenceAssembliesForReferences;
             _GenerateCompileInputs;
             BeforeCompile;
             _TimeStampBeforeCompile;
             _GenerateCompileDependencyCache;
             CoreCompile;
             _TimeStampAfterCompile;
             AfterCompile;
           ;
             _CreateAppHost;
             _CreateComHost;
             _GetIjwHostPaths;
           " (valor anterior: "
             ResolveReferences;
             ResolveKeySource;
             SetWin32ManifestProperties;
             _SetPreferNativeArm64Win32ManifestProperties;
             FindReferenceAssembliesForReferences;
             _GenerateCompileInputs;
             BeforeCompile;
             _TimeStampBeforeCompile;
             _GenerateCompileDependencyCache;
             CoreCompile;
             _TimeStampAfterCompile;
             AfterCompile;
           ") en C:\Program Files\dotnet\sdk\9.0.201\Sdks\Microsoft.NET.Sdk\targets\Microsoft.NET.Sdk.targets (784,5)
       Reasignaci├│n de propiedad: $(SourceControlManagerUrlTranslationTargets)=";TranslateGitHubUrlsInSourceControlInformation;TranslateGitLabUrlsInSourceControlInformation;TranslateAzureReposGitUrlsInSourceControlInformation" (valor anterior: ";TranslateGitHubUrlsInSourceControlInformation;TranslateGitLabUrlsInSourceControlInformation") en C:\Program Files\dotnet\sdk\9.0.201\Sdks\Microsoft.SourceLink.AzureRepos.Git\build\Microsoft.SourceLink.AzureRepos.Git.targets (13,5)
       Reasignaci├│n de propiedad: $(_DefaultUserProfileRuntimeStorePath)="C:\Users\JHON\.dotnet\store" (valor anterior: "C:\Users\JHON") en C:\Program Files\dotnet\sdk\9.0.201\Sdks\Microsoft.NET.Sdk\targets\Microsoft.NET.Sdk.targets (98,5)
       Reasignaci├│n de propiedad: $(SourceLinkUrlInitializerTargets)=";_InitializeGitHubSourceLinkUrl;_InitializeGitLabSourceLinkUrl;_InitializeAzureReposGitSourceLinkUrl" (valor anterior: ";_InitializeGitHubSourceLinkUrl;_InitializeGitLabSourceLinkUrl") en C:\Program Files\dotnet\sdk\9.0.201\Sdks\Microsoft.SourceLink.AzureRepos.Git\build\Microsoft.SourceLink.AzureRepos.Git.targets (12,5)
       Reasignaci├│n de propiedad: $(CreateSatelliteAssembliesDependsOn)="
             
             ;
             _GenerateSatelliteAssemblyInputs;
             ComputeIntermediateSatelliteAssemblies;
             GenerateSatelliteAssemblies
           ;
             CoreGenerateSatelliteAssemblies
           " (valor anterior: "
             ;
             _GenerateSatelliteAssemblyInputs;
             ComputeIntermediateSatelliteAssemblies;
             GenerateSatelliteAssemblies
           ") en C:\Program Files\dotnet\sdk\9.0.201\Sdks\Microsoft.NET.Sdk\targets\Microsoft.NET.Sdk.targets (1184,5)
       Reasignaci├│n de propiedad: $(SourceControlManagerUrlTranslationTargets)=";TranslateGitHubUrlsInSourceControlInformation;TranslateGitLabUrlsInSourceControlInformation;TranslateAzureReposGitUrlsInSourceControlInformation" (valor anterior: ";TranslateGitHubUrlsInSourceControlInformation;TranslateGitLabUrlsInSourceControlInformation") en C:\Program Files\dotnet\sdk\9.0.201\Sdks\Microsoft.SourceLink.AzureRepos.Git\build\Microsoft.SourceLink.AzureRepos.Git.targets (13,5)
       Reasignaci├│n de propiedad: $(AvailablePlatforms)="Any CPU,x86,x64,ARM32" (valor anterior: "Any CPU,x86,x64") en C:\Program Files\dotnet\sdk\9.0.201\Sdks\Microsoft.NET.Sdk\targets\Microsoft.NET.Sdk.targets (140,5)
       Reasignaci├│n de propiedad: $(_ShimInputCacheFile)="D:\Users\Jhon\Documentos\Mintrabajo\Modulo General usuarios\AuthSystemNew\AuthSystem.Application\obj\Debug\net8.0\AuthSystem.Application.shiminput.cache" (valor anterior: "obj\Debug\net8.0\AuthSystem.Application.shiminput.cache") en C:\Program Files\dotnet\sdk\9.0.201\Sdks\Microsoft.NET.Sdk\targets\Microsoft.NET.PackTool.targets (137,5)
       Reasignaci├│n de propiedad: $(SourceLinkUrlInitializerTargets)=";_InitializeGitHubSourceLinkUrl;_InitializeGitLabSourceLinkUrl;_InitializeAzureReposGitSourceLinkUrl;_InitializeBitbucketGitSourceLinkUrl" (valor anterior: ";_InitializeGitHubSourceLinkUrl;_InitializeGitLabSourceLinkUrl;_InitializeAzureReposGitSourceLinkUrl") en C:\Program Files\dotnet\sdk\9.0.201\Sdks\Microsoft.SourceLink.Bitbucket.Git\build\Microsoft.SourceLink.Bitbucket.Git.targets (12,5)
       Reasignaci├│n de propiedad: $(SourceLinkUrlInitializerTargets)=";_InitializeGitHubSourceLinkUrl;_InitializeGitLabSourceLinkUrl" (valor anterior: ";_InitializeGitHubSourceLinkUrl") en C:\Program Files\dotnet\sdk\9.0.201\Sdks\Microsoft.SourceLink.GitLab\build\Microsoft.SourceLink.GitLab.targets (12,5)
       Reasignaci├│n de propiedad: $(SourceLinkUrlInitializerTargets)=";_InitializeGitHubSourceLinkUrl;_InitializeGitLabSourceLinkUrl;_InitializeAzureReposGitSourceLinkUrl;_InitializeBitbucketGitSourceLinkUrl" (valor anterior: ";_InitializeGitHubSourceLinkUrl;_InitializeGitLabSourceLinkUrl;_InitializeAzureReposGitSourceLinkUrl") en C:\Program Files\dotnet\sdk\9.0.201\Sdks\Microsoft.SourceLink.Bitbucket.Git\build\Microsoft.SourceLink.Bitbucket.Git.targets (12,5)
       La propiedad "Configuration" es global y no se puede modificar.
       Reasignaci├│n de propiedad: $(SourceControlManagerUrlTranslationTargets)=";TranslateGitHubUrlsInSourceControlInformation;TranslateGitLabUrlsInSourceControlInformation;TranslateAzureReposGitUrlsInSourceControlInformation;TranslateBitbucketGitUrlsInSourceControlInformation" (valor anterior: ";TranslateGitHubUrlsInSourceControlInformation;TranslateGitLabUrlsInSourceControlInformation;TranslateAzureReposGitUrlsInSourceControlInformation") en C:\Program Files\dotnet\sdk\9.0.201\Sdks\Microsoft.SourceLink.Bitbucket.Git\build\Microsoft.SourceLink.Bitbucket.Git.targets (13,5)
       La propiedad "Platform" es global y no se puede modificar.
       Reasignaci├│n de propiedad: $(SourceControlManagerUrlTranslationTargets)=";TranslateGitHubUrlsInSourceControlInformation;TranslateGitLabUrlsInSourceControlInformation" (valor anterior: ";TranslateGitHubUrlsInSourceControlInformation") en C:\Program Files\dotnet\sdk\9.0.201\Sdks\Microsoft.SourceLink.GitLab\build\Microsoft.SourceLink.GitLab.targets (13,5)
       Reasignaci├│n de propiedad: $(AvailablePlatforms)="Any CPU,x86,x64,ARM32,ARM64" (valor anterior: "Any CPU,x86,x64,ARM32") en C:\Program Files\dotnet\sdk\9.0.201\Sdks\Microsoft.NET.Sdk\targets\Microsoft.NET.Sdk.targets (144,5)
       Reasignaci├│n de propiedad: $(SourceControlManagerUrlTranslationTargets)=";TranslateGitHubUrlsInSourceControlInformation;TranslateGitLabUrlsInSourceControlInformation;TranslateAzureReposGitUrlsInSourceControlInformation;TranslateBitbucketGitUrlsInSourceControlInformation" (valor anterior: ";TranslateGitHubUrlsInSourceControlInformation;TranslateGitLabUrlsInSourceControlInformation;TranslateAzureReposGitUrlsInSourceControlInformation") en C:\Program Files\dotnet\sdk\9.0.201\Sdks\Microsoft.SourceLink.Bitbucket.Git\build\Microsoft.SourceLink.Bitbucket.Git.targets (13,5)
       Reasignaci├│n de propiedad: $(_ShimCreatedSentinelFile)="D:\Users\Jhon\Documentos\Mintrabajo\Modulo General usuarios\AuthSystemNew\AuthSystem.Application\obj\Debug\net8.0\AuthSystem.Application.shimcreated.sentinel" (valor anterior: "obj\Debug\net8.0\AuthSystem.Application.shimcreated.sentinel") en C:\Program Files\dotnet\sdk\9.0.201\Sdks\Microsoft.NET.Sdk\targets\Microsoft.NET.PackTool.targets (139,5)
       Reasignaci├│n de propiedad: $(DesignerRuntimeImplementationProjectOutputGroupDependsOn)="
             
             ;
             
             ;
             BuildOnlySettings;
             PrepareForBuild;
             AssignTargetPaths;
             ResolveReferences
           
           ;
             _GenerateDesignerDepsFile;
             _GenerateDesignerRuntimeConfigFile;
             GetCopyToOutputDirectoryItems;
             _GatherDesignerShadowCopyFiles;
           " (valor anterior: "
             ;
             
             ;
             BuildOnlySettings;
             PrepareForBuild;
             AssignTargetPaths;
             ResolveReferences
           
           ") en C:\Program Files\dotnet\sdk\9.0.201\Sdks\Microsoft.NET.Sdk\targets\Microsoft.NET.DesignerSupport.targets (21,5)
       Reasignaci├│n de propiedad: $(DesignerRuntimeImplementationProjectOutputGroupDependsOn)="
             
             ;
             
             ;
             BuildOnlySettings;
             PrepareForBuild;
             AssignTargetPaths;
             ResolveReferences
           
           ;
             _GenerateDesignerDepsFile;
             _GenerateDesignerRuntimeConfigFile;
             GetCopyToOutputDirectoryItems;
             _GatherDesignerShadowCopyFiles;
           " (valor anterior: "
             ;
             
             ;
             BuildOnlySettings;
             PrepareForBuild;
             AssignTargetPaths;
             ResolveReferences
           
           ") en C:\Program Files\dotnet\sdk\9.0.201\Sdks\Microsoft.NET.Sdk\targets\Microsoft.NET.DesignerSupport.targets (21,5)
       Reasignaci├│n de propiedad: $(_GenerateToolsSettingsFileCacheFile)="D:\Users\Jhon\Documentos\Mintrabajo\Modulo General usuarios\AuthSystemNew\AuthSystem.Domain\obj\Debug\net8.0\AuthSystem.Domain.toolssettingsinput.cache" (valor anterior: "obj\Debug\net8.0\AuthSystem.Domain.toolssettingsinput.cache") en C:\Program Files\dotnet\sdk\9.0.201\Sdks\Microsoft.NET.Sdk\targets\Microsoft.NET.PackTool.targets (68,5)
       Reasignaci├│n de propiedad: $(SourceLinkUrlInitializerTargets)=";_InitializeGitHubSourceLinkUrl;_InitializeGitLabSourceLinkUrl;_InitializeAzureReposGitSourceLinkUrl" (valor anterior: ";_InitializeGitHubSourceLinkUrl;_InitializeGitLabSourceLinkUrl") en C:\Program Files\dotnet\sdk\9.0.201\Sdks\Microsoft.SourceLink.AzureRepos.Git\build\Microsoft.SourceLink.AzureRepos.Git.targets (12,5)
       Reasignaci├│n de propiedad: $(_GenerateToolsSettingsFileCacheFile)="D:\Users\Jhon\Documentos\Mintrabajo\Modulo General usuarios\AuthSystemNew\AuthSystem.UnitTests\obj\Debug\net8.0\AuthSystem.UnitTests.toolssettingsinput.cache" (valor anterior: "obj\Debug\net8.0\AuthSystem.UnitTests.toolssettingsinput.cache") en C:\Program Files\dotnet\sdk\9.0.201\Sdks\Microsoft.NET.Sdk\targets\Microsoft.NET.PackTool.targets (68,5)
       Reasignaci├│n de propiedad: $(DefineConstants)="TRACE;DEBUG" (valor anterior: "TRACE") en C:\Program Files\dotnet\sdk\9.0.201\Sdks\Microsoft.NET.Sdk\targets\Microsoft.NET.Sdk.CSharp.targets (31,5)
       Reasignaci├│n de propiedad: $(_ShimInputCacheFile)="D:\Users\Jhon\Documentos\Mintrabajo\Modulo General usuarios\AuthSystemNew\AuthSystem.UnitTests\obj\Debug\net8.0\AuthSystem.UnitTests.shiminput.cache" (valor anterior: "obj\Debug\net8.0\AuthSystem.UnitTests.shiminput.cache") en C:\Program Files\dotnet\sdk\9.0.201\Sdks\Microsoft.NET.Sdk\targets\Microsoft.NET.PackTool.targets (137,5)
       Reasignaci├│n de propiedad: $(SourceControlManagerUrlTranslationTargets)=";TranslateGitHubUrlsInSourceControlInformation;TranslateGitLabUrlsInSourceControlInformation;TranslateAzureReposGitUrlsInSourceControlInformation" (valor anterior: ";TranslateGitHubUrlsInSourceControlInformation;TranslateGitLabUrlsInSourceControlInformation") en C:\Program Files\dotnet\sdk\9.0.201\Sdks\Microsoft.SourceLink.AzureRepos.Git\build\Microsoft.SourceLink.AzureRepos.Git.targets (13,5)
       Reasignaci├│n de propiedad: $(DefineConstants)="TRACE;DEBUG;NET;NET8_0;NETCOREAPP" (valor anterior: "TRACE;DEBUG") en C:\Program Files\dotnet\sdk\9.0.201\Sdks\Microsoft.NET.Sdk\targets\Microsoft.NET.Sdk.CSharp.targets (34,5)
       Reasignaci├│n de propiedad: $(CoreBuildDependsOn)="
             _CheckForBuildWithNoBuild;
             
             BuildOnlySettings;
             PrepareForBuild;
             PreBuildEvent;
             ResolveReferences;
             PrepareResources;
             ResolveKeySource;
             Compile;
             ExportWindowsMDFile;
             UnmanagedUnregistration;
             GenerateSerializationAssemblies;
             CreateSatelliteAssemblies;
             GenerateManifests;
             GetTargetPath;
             PrepareForRun;
             UnmanagedRegistration;
             IncrementalClean;
             PostBuildEvent
           ;
             GenerateBuildDependencyFile;
             GenerateBuildRuntimeConfigurationFiles
           " (valor anterior: "
             BuildOnlySettings;
             PrepareForBuild;
             PreBuildEvent;
             ResolveReferences;
             PrepareResources;
             ResolveKeySource;
             Compile;
             ExportWindowsMDFile;
             UnmanagedUnregistration;
             GenerateSerializationAssemblies;
             CreateSatelliteAssemblies;
             GenerateManifests;
             GetTargetPath;
             PrepareForRun;
             UnmanagedRegistration;
             IncrementalClean;
             PostBuildEvent
           ") en C:\Program Files\dotnet\sdk\9.0.201\Sdks\Microsoft.NET.Sdk\targets\Microsoft.NET.Sdk.targets (201,5)
       Reasignaci├│n de propiedad: $(SourceLinkUrlInitializerTargets)=";_InitializeGitHubSourceLinkUrl;_InitializeGitLabSourceLinkUrl;_InitializeAzureReposGitSourceLinkUrl;_InitializeBitbucketGitSourceLinkUrl" (valor anterior: ";_InitializeGitHubSourceLinkUrl;_InitializeGitLabSourceLinkUrl;_InitializeAzureReposGitSourceLinkUrl") en C:\Program Files\dotnet\sdk\9.0.201\Sdks\Microsoft.SourceLink.Bitbucket.Git\build\Microsoft.SourceLink.Bitbucket.Git.targets (12,5)
       Reasignaci├│n de propiedad: $(CoreCleanDependsOn)="
             _SdkBeforeClean;
             
           " (valor anterior: "") en C:\Program Files\dotnet\sdk\9.0.201\Sdks\Microsoft.NET.Sdk\targets\Microsoft.NET.Sdk.targets (210,5)
       Reasignaci├│n de propiedad: $(SourceControlManagerUrlTranslationTargets)=";TranslateGitHubUrlsInSourceControlInformation;TranslateGitLabUrlsInSourceControlInformation;TranslateAzureReposGitUrlsInSourceControlInformation;TranslateBitbucketGitUrlsInSourceControlInformation" (valor anterior: ";TranslateGitHubUrlsInSourceControlInformation;TranslateGitLabUrlsInSourceControlInformation;TranslateAzureReposGitUrlsInSourceControlInformation") en C:\Program Files\dotnet\sdk\9.0.201\Sdks\Microsoft.SourceLink.Bitbucket.Git\build\Microsoft.SourceLink.Bitbucket.Git.targets (13,5)
       Reasignaci├│n de propiedad: $(_ShimCreatedSentinelFile)="D:\Users\Jhon\Documentos\Mintrabajo\Modulo General usuarios\AuthSystemNew\AuthSystem.UnitTests\obj\Debug\net8.0\AuthSystem.UnitTests.shimcreated.sentinel" (valor anterior: "obj\Debug\net8.0\AuthSystem.UnitTests.shimcreated.sentinel") en C:\Program Files\dotnet\sdk\9.0.201\Sdks\Microsoft.NET.Sdk\targets\Microsoft.NET.PackTool.targets (139,5)
       Reasignaci├│n de propiedad: $(WarningsAsErrors)=";NU1605;SYSLIB0011" (valor anterior: ";NU1605") en C:\Program Files\dotnet\sdk\9.0.201\Sdks\Microsoft.NET.Sdk\targets\Microsoft.NET.Sdk.CSharp.targets (48,5)
       Reasignaci├│n de propiedad: $(RebuildDependsOn)="
             _SdkBeforeRebuild;
             
             BeforeRebuild;
             Clean;
             Build;
             AfterRebuild;
           
           " (valor anterior: "
             BeforeRebuild;
             Clean;
             Build;
             AfterRebuild;
           ") en C:\Program Files\dotnet\sdk\9.0.201\Sdks\Microsoft.NET.Sdk\targets\Microsoft.NET.Sdk.targets (217,5)
       Reasignaci├│n de propiedad: $(DesignerRuntimeImplementationProjectOutputGroupDependsOn)="
             
             ;
             
             ;
             BuildOnlySettings;
             PrepareForBuild;
             AssignTargetPaths;
             ResolveReferences
           
           ;
             _GenerateDesignerDepsFile;
             _GenerateDesignerRuntimeConfigFile;
             GetCopyToOutputDirectoryItems;
             _GatherDesignerShadowCopyFiles;
           " (valor anterior: "
             ;
             
             ;
             BuildOnlySettings;
             PrepareForBuild;
             AssignTargetPaths;
             ResolveReferences
           
           ") en C:\Program Files\dotnet\sdk\9.0.201\Sdks\Microsoft.NET.Sdk\targets\Microsoft.NET.DesignerSupport.targets (21,5)
       Reasignaci├│n de propiedad: $(PackageDescription)="Package Description" (valor anterior: "") en C:\Program Files\dotnet\sdk\9.0.201\Sdks\NuGet.Build.Tasks.Pack\build\NuGet.Build.Tasks.Pack.targets (34,5)
       Reasignaci├│n de propiedad: $(CompileDependsOn)="
             
             ResolveReferences;
             ResolveKeySource;
             SetWin32ManifestProperties;
             _SetPreferNativeArm64Win32ManifestProperties;
             FindReferenceAssembliesForReferences;
             _GenerateCompileInputs;
             BeforeCompile;
             _TimeStampBeforeCompile;
             _GenerateCompileDependencyCache;
             CoreCompile;
             _TimeStampAfterCompile;
             AfterCompile;
           ;
             _CreateAppHost;
             _CreateComHost;
             _GetIjwHostPaths;
           " (valor anterior: "
             ResolveReferences;
             ResolveKeySource;
             SetWin32ManifestProperties;
             _SetPreferNativeArm64Win32ManifestProperties;
             FindReferenceAssembliesForReferences;
             _GenerateCompileInputs;
             BeforeCompile;
             _TimeStampBeforeCompile;
             _GenerateCompileDependencyCache;
             CoreCompile;
             _TimeStampAfterCompile;
             AfterCompile;
           ") en C:\Program Files\dotnet\sdk\9.0.201\Sdks\Microsoft.NET.Sdk\targets\Microsoft.NET.Sdk.targets (784,5)
       Reasignaci├│n de propiedad: $(DefineConstants)="TRACE;DEBUG" (valor anterior: "TRACE") en C:\Program Files\dotnet\sdk\9.0.201\Sdks\Microsoft.NET.Sdk\targets\Microsoft.NET.Sdk.CSharp.targets (31,5)
       Reasignaci├│n de propiedad: $(CreateSatelliteAssembliesDependsOn)="
             
             ;
             _GenerateSatelliteAssemblyInputs;
             ComputeIntermediateSatelliteAssemblies;
             GenerateSatelliteAssemblies
           ;
             CoreGenerateSatelliteAssemblies
           " (valor anterior: "
             ;
             _GenerateSatelliteAssemblyInputs;
             ComputeIntermediateSatelliteAssemblies;
             GenerateSatelliteAssemblies
           ") en C:\Program Files\dotnet\sdk\9.0.201\Sdks\Microsoft.NET.Sdk\targets\Microsoft.NET.Sdk.targets (1184,5)
       Reasignaci├│n de propiedad: $(GenerateNuspecDependsOn)="Build;_LoadPackInputItems; _GetTargetFrameworksOutput; _WalkEachTargetPerFramework; _GetPackageFiles; " (valor anterior: "_LoadPackInputItems; _GetTargetFrameworksOutput; _WalkEachTargetPerFramework; _GetPackageFiles; ") en C:\Program Files\dotnet\sdk\9.0.201\Sdks\NuGet.Build.Tasks.Pack\build\NuGet.Build.Tasks.Pack.targets (59,5)
       Reasignaci├│n de propiedad: $(DefineConstants)="TRACE;DEBUG;NET;NET8_0;NETCOREAPP" (valor anterior: "TRACE;DEBUG") en C:\Program Files\dotnet\sdk\9.0.201\Sdks\Microsoft.NET.Sdk\targets\Microsoft.NET.Sdk.CSharp.targets (34,5)
       Reasignaci├│n de propiedad: $(_GenerateToolsSettingsFileCacheFile)="D:\Users\Jhon\Documentos\Mintrabajo\Modulo General usuarios\AuthSystemNew\AuthSystem.IntegrationTests\obj\Debug\net8.0\AuthSystem.IntegrationTests.toolssettingsinput.cache" (valor anterior: "obj\Debug\net8.0\AuthSystem.IntegrationTests.toolssettingsinput.cache") en C:\Program Files\dotnet\sdk\9.0.201\Sdks\Microsoft.NET.Sdk\targets\Microsoft.NET.PackTool.targets (68,5)
       Reasignaci├│n de propiedad: $(_IsNotSetContainersTargetsDir)="true" (valor anterior: "false") en C:\Program Files\dotnet\sdk\9.0.201\Sdks\Microsoft.NET.Sdk\Sdk\Sdk.targets (60,5)
       Reasignaci├│n de propiedad: $(WarningsAsErrors)=";NU1605;SYSLIB0011" (valor anterior: ";NU1605") en C:\Program Files\dotnet\sdk\9.0.201\Sdks\Microsoft.NET.Sdk\targets\Microsoft.NET.Sdk.CSharp.targets (48,5)
       Reasignaci├│n de propiedad: $(_ShimInputCacheFile)="D:\Users\Jhon\Documentos\Mintrabajo\Modulo General usuarios\AuthSystemNew\AuthSystem.IntegrationTests\obj\Debug\net8.0\AuthSystem.IntegrationTests.shiminput.cache" (valor anterior: "obj\Debug\net8.0\AuthSystem.IntegrationTests.shiminput.cache") en C:\Program Files\dotnet\sdk\9.0.201\Sdks\Microsoft.NET.Sdk\targets\Microsoft.NET.PackTool.targets (137,5)
       Reasignaci├│n de propiedad: $(_IsSDKContainerAllowedVersion)="true" (valor anterior: "false") en C:\Program Files\dotnet\sdk\9.0.201\Containers\build\Microsoft.NET.Build.Containers.targets (5,5)
       Reasignaci├│n de propiedad: $(PackageDescription)="Package Description" (valor anterior: "") en C:\Program Files\dotnet\sdk\9.0.201\Sdks\NuGet.Build.Tasks.Pack\build\NuGet.Build.Tasks.Pack.targets (34,5)
       Reasignaci├│n de propiedad: $(_ContainerIsTargetingNet8TFM)="true" (valor anterior: "false") en C:\Program Files\dotnet\sdk\9.0.201\Containers\build\Microsoft.NET.Build.Containers.targets (15,5)
       Reasignaci├│n de propiedad: $(GenerateNuspecDependsOn)="Build;_LoadPackInputItems; _GetTargetFrameworksOutput; _WalkEachTargetPerFramework; _GetPackageFiles; " (valor anterior: "_LoadPackInputItems; _GetTargetFrameworksOutput; _WalkEachTargetPerFramework; _GetPackageFiles; ") en C:\Program Files\dotnet\sdk\9.0.201\Sdks\NuGet.Build.Tasks.Pack\build\NuGet.Build.Tasks.Pack.targets (59,5)
       Reasignaci├│n de propiedad: $(SourceLinkUrlInitializerTargets)=";_InitializeGitHubSourceLinkUrl;_InitializeGitLabSourceLinkUrl" (valor anterior: ";_InitializeGitHubSourceLinkUrl") en C:\Program Files\dotnet\sdk\9.0.201\Sdks\Microsoft.SourceLink.GitLab\build\Microsoft.SourceLink.GitLab.targets (12,5)
       Reasignaci├│n de propiedad: $(_IsNotSetContainersTargetsDir)="true" (valor anterior: "false") en C:\Program Files\dotnet\sdk\9.0.201\Sdks\Microsoft.NET.Sdk\Sdk\Sdk.targets (60,5)
       Invalidando el destino "ResolveFrameworkReferences" del proyecto"C:\Program Files\dotnet\sdk\9.0.201\Microsoft.Common.CurrentVersion.targets" con el destino "ResolveFrameworkReferences" del proyecto "C:\Program Files\dotnet\sdk\9.0.201\Sdks\Microsoft.NET.Sdk\targets\Microsoft.NET.Sdk.FrameworkReferenceResolution.targets".
       Reasignaci├│n de propiedad: $(_IsSDKContainerAllowedVersion)="true" (valor anterior: "false") en C:\Program Files\dotnet\sdk\9.0.201\Containers\build\Microsoft.NET.Build.Containers.targets (5,5)
       Reasignaci├│n de propiedad: $(_ShimCreatedSentinelFile)="D:\Users\Jhon\Documentos\Mintrabajo\Modulo General usuarios\AuthSystemNew\AuthSystem.IntegrationTests\obj\Debug\net8.0\AuthSystem.IntegrationTests.shimcreated.sentinel" (valor anterior: "obj\Debug\net8.0\AuthSystem.IntegrationTests.shimcreated.sentinel") en C:\Program Files\dotnet\sdk\9.0.201\Sdks\Microsoft.NET.Sdk\targets\Microsoft.NET.PackTool.targets (139,5)
       Invalidando el destino "Run" del proyecto"C:\Program Files\dotnet\sdk\9.0.201\Microsoft.Common.CurrentVersion.targets" con el destino "Run" del proyecto "C:\Program Files\dotnet\sdk\9.0.201\Sdks\Microsoft.NET.Sdk\targets\Microsoft.NET.Sdk.targets".
       Reasignaci├│n de propiedad: $(_ContainerIsTargetingNet8TFM)="true" (valor anterior: "false") en C:\Program Files\dotnet\sdk\9.0.201\Containers\build\Microsoft.NET.Build.Containers.targets (15,5)
       Invalidando el destino "GenerateSupportedTargetFrameworkAlias" del proyecto"C:\Program Files\dotnet\sdk\9.0.201\Microsoft.Common.CurrentVersion.targets" con el destino "GenerateSupportedTargetFrameworkAlias" del proyecto "C:\Program Files\dotnet\sdk\9.0.201\Sdks\Microsoft.NET.Sdk\targets\Microsoft.NET.Sdk.targets".
       C:\Users\JHON\.nuget\packages\microsoft.testplatform.testhost\17.8.0\build\netcoreapp3.1\Microsoft.TestPlatform.TestHost.props(15,14): message : Propiedad "OS" con el valor "Windows_NT" expandido desde el entorno.
       Reasignaci├│n de propiedad: $(SourceControlManagerUrlTranslationTargets)=";TranslateGitHubUrlsInSourceControlInformation;TranslateGitLabUrlsInSourceControlInformation" (valor anterior: ";TranslateGitHubUrlsInSourceControlInformation") en C:\Program Files\dotnet\sdk\9.0.201\Sdks\Microsoft.SourceLink.GitLab\build\Microsoft.SourceLink.GitLab.targets (13,5)
       Invalidando el destino "GetReferenceAssemblyPaths" del proyecto"C:\Program Files\dotnet\sdk\9.0.201\Microsoft.Common.CurrentVersion.targets" con el destino "GetReferenceAssemblyPaths" del proyecto "C:\Program Files\dotnet\sdk\9.0.201\Sdks\Microsoft.NET.Sdk\targets\Microsoft.NET.DisableStandardFrameworkResolution.targets".
       Reasignaci├│n de propiedad: $(DefineConstants)="TRACE;DEBUG" (valor anterior: "TRACE") en C:\Program Files\dotnet\sdk\9.0.201\Sdks\Microsoft.NET.Sdk\targets\Microsoft.NET.Sdk.CSharp.targets (31,5)
       Invalidando el destino "ResolveFrameworkReferences" del proyecto"C:\Program Files\dotnet\sdk\9.0.201\Microsoft.Common.CurrentVersion.targets" con el destino "ResolveFrameworkReferences" del proyecto "C:\Program Files\dotnet\sdk\9.0.201\Sdks\Microsoft.NET.Sdk\targets\Microsoft.NET.Sdk.FrameworkReferenceResolution.targets".
       Reasignaci├│n de propiedad: $(SourceLinkUrlInitializerTargets)=";_InitializeGitHubSourceLinkUrl;_InitializeGitLabSourceLinkUrl;_InitializeAzureReposGitSourceLinkUrl" (valor anterior: ";_InitializeGitHubSourceLinkUrl;_InitializeGitLabSourceLinkUrl") en C:\Program Files\dotnet\sdk\9.0.201\Sdks\Microsoft.SourceLink.AzureRepos.Git\build\Microsoft.SourceLink.AzureRepos.Git.targets (12,5)
       Invalidando el destino "Run" del proyecto"C:\Program Files\dotnet\sdk\9.0.201\Microsoft.Common.CurrentVersion.targets" con el destino "Run" del proyecto "C:\Program Files\dotnet\sdk\9.0.201\Sdks\Microsoft.NET.Sdk\targets\Microsoft.NET.Sdk.targets".
       Invalidando el destino "GenerateSupportedTargetFrameworkAlias" del proyecto"C:\Program Files\dotnet\sdk\9.0.201\Microsoft.Common.CurrentVersion.targets" con el destino "GenerateSupportedTargetFrameworkAlias" del proyecto "C:\Program Files\dotnet\sdk\9.0.201\Sdks\Microsoft.NET.Sdk\targets\Microsoft.NET.Sdk.targets".
       Reasignaci├│n de propiedad: $(DefineConstants)="TRACE;DEBUG;NET;NET8_0;NETCOREAPP" (valor anterior: "TRACE;DEBUG") en C:\Program Files\dotnet\sdk\9.0.201\Sdks\Microsoft.NET.Sdk\targets\Microsoft.NET.Sdk.CSharp.targets (34,5)
       Invalidando el destino "GetFrameworkPaths" del proyecto"C:\Program Files\dotnet\sdk\9.0.201\Microsoft.Common.CurrentVersion.targets" con el destino "GetFrameworkPaths" del proyecto "C:\Program Files\dotnet\sdk\9.0.201\Sdks\Microsoft.NET.Sdk\targets\Microsoft.NET.DisableStandardFrameworkResolution.targets".
       Reasignaci├│n de propiedad: $(SourceControlManagerUrlTranslationTargets)=";TranslateGitHubUrlsInSourceControlInformation;TranslateGitLabUrlsInSourceControlInformation;TranslateAzureReposGitUrlsInSourceControlInformation" (valor anterior: ";TranslateGitHubUrlsInSourceControlInformation;TranslateGitLabUrlsInSourceControlInformation") en C:\Program Files\dotnet\sdk\9.0.201\Sdks\Microsoft.SourceLink.AzureRepos.Git\build\Microsoft.SourceLink.AzureRepos.Git.targets (13,5)
       Invalidando el destino "GetReferenceAssemblyPaths" del proyecto"C:\Program Files\dotnet\sdk\9.0.201\Microsoft.Common.CurrentVersion.targets" con el destino "GetReferenceAssemblyPaths" del proyecto "C:\Program Files\dotnet\sdk\9.0.201\Sdks\Microsoft.NET.Sdk\targets\Microsoft.NET.DisableStandardFrameworkResolution.targets".
       Invalidando el destino "DesignerRuntimeImplementationProjectOutputGroup" del proyecto"C:\Program Files\dotnet\sdk\9.0.201\Microsoft.Common.CurrentVersion.targets" con el destino "DesignerRuntimeImplementationProjectOutputGroup" del proyecto "C:\Program Files\dotnet\sdk\9.0.201\Sdks\Microsoft.NET.Sdk\targets\Microsoft.NET.DesignerSupport.targets".
       Reasignaci├│n de propiedad: $(WarningsAsErrors)=";NU1605;SYSLIB0011" (valor anterior: ";NU1605") en C:\Program Files\dotnet\sdk\9.0.201\Sdks\Microsoft.NET.Sdk\targets\Microsoft.NET.Sdk.CSharp.targets (48,5)
       Reasignaci├│n de propiedad: $(SourceLinkUrlInitializerTargets)=";_InitializeGitHubSourceLinkUrl;_InitializeGitLabSourceLinkUrl;_InitializeAzureReposGitSourceLinkUrl;_InitializeBitbucketGitSourceLinkUrl" (valor anterior: ";_InitializeGitHubSourceLinkUrl;_InitializeGitLabSourceLinkUrl;_InitializeAzureReposGitSourceLinkUrl") en C:\Program Files\dotnet\sdk\9.0.201\Sdks\Microsoft.SourceLink.Bitbucket.Git\build\Microsoft.SourceLink.Bitbucket.Git.targets (12,5)
       Invalidando el destino "GetFrameworkPaths" del proyecto"C:\Program Files\dotnet\sdk\9.0.201\Microsoft.Common.CurrentVersion.targets" con el destino "GetFrameworkPaths" del proyecto "C:\Program Files\dotnet\sdk\9.0.201\Sdks\Microsoft.NET.Sdk\targets\Microsoft.NET.DisableStandardFrameworkResolution.targets".
       Reasignaci├│n de propiedad: $(PackageDescription)="Package Description" (valor anterior: "") en C:\Program Files\dotnet\sdk\9.0.201\Sdks\NuGet.Build.Tasks.Pack\build\NuGet.Build.Tasks.Pack.targets (34,5)
       Invalidando el destino "Publish" del proyecto"C:\Program Files\dotnet\sdk\9.0.201\Microsoft.Common.CurrentVersion.targets" con el destino "Publish" del proyecto "C:\Program Files\dotnet\sdk\9.0.201\Sdks\Microsoft.NET.Sdk\targets\Microsoft.NET.Publish.targets".
       Invalidando el destino "DesignerRuntimeImplementationProjectOutputGroup" del proyecto"C:\Program Files\dotnet\sdk\9.0.201\Microsoft.Common.CurrentVersion.targets" con el destino "DesignerRuntimeImplementationProjectOutputGroup" del proyecto "C:\Program Files\dotnet\sdk\9.0.201\Sdks\Microsoft.NET.Sdk\targets\Microsoft.NET.DesignerSupport.targets".
       Reasignaci├│n de propiedad: $(SourceControlManagerUrlTranslationTargets)=";TranslateGitHubUrlsInSourceControlInformation;TranslateGitLabUrlsInSourceControlInformation;TranslateAzureReposGitUrlsInSourceControlInformation;TranslateBitbucketGitUrlsInSourceControlInformation" (valor anterior: ";TranslateGitHubUrlsInSourceControlInformation;TranslateGitLabUrlsInSourceControlInformation;TranslateAzureReposGitUrlsInSourceControlInformation") en C:\Program Files\dotnet\sdk\9.0.201\Sdks\Microsoft.SourceLink.Bitbucket.Git\build\Microsoft.SourceLink.Bitbucket.Git.targets (13,5)
       Invalidando el destino "ResolveReadyToRunCompilers" del proyecto"C:\Program Files\dotnet\sdk\9.0.201\Sdks\Microsoft.NET.Sdk\targets\Microsoft.NET.CrossGen.targets" con el destino "ResolveReadyToRunCompilers" del proyecto "C:\Program Files\dotnet\sdk\9.0.201\Sdks\Microsoft.NET.Sdk\targets\Microsoft.NET.Publish.targets".
       Reasignaci├│n de propiedad: $(DesignerRuntimeImplementationProjectOutputGroupDependsOn)="
             
             ;
             
             ;
             BuildOnlySettings;
             PrepareForBuild;
             AssignTargetPaths;
             ResolveReferences
           
           ;
             _GenerateDesignerDepsFile;
             _GenerateDesignerRuntimeConfigFile;
             GetCopyToOutputDirectoryItems;
             _GatherDesignerShadowCopyFiles;
           " (valor anterior: "
             ;
             
             ;
             BuildOnlySettings;
             PrepareForBuild;
             AssignTargetPaths;
             ResolveReferences
           
           ") en C:\Program Files\dotnet\sdk\9.0.201\Sdks\Microsoft.NET.Sdk\targets\Microsoft.NET.DesignerSupport.targets (21,5)
       Invalidando el destino "Publish" del proyecto"C:\Program Files\dotnet\sdk\9.0.201\Microsoft.Common.CurrentVersion.targets" con el destino "Publish" del proyecto "C:\Program Files\dotnet\sdk\9.0.201\Sdks\Microsoft.NET.Sdk\targets\Microsoft.NET.Publish.targets".
       Reasignaci├│n de propiedad: $(GenerateNuspecDependsOn)="Build;_LoadPackInputItems; _GetTargetFrameworksOutput; _WalkEachTargetPerFramework; _GetPackageFiles; " (valor anterior: "_LoadPackInputItems; _GetTargetFrameworksOutput; _WalkEachTargetPerFramework; _GetPackageFiles; ") en C:\Program Files\dotnet\sdk\9.0.201\Sdks\NuGet.Build.Tasks.Pack\build\NuGet.Build.Tasks.Pack.targets (59,5)
       Reasignaci├│n de propiedad: $(_GenerateToolsSettingsFileCacheFile)="D:\Users\Jhon\Documentos\Mintrabajo\Modulo General usuarios\AuthSystemNew\AuthSystem.Infrastructure\obj\Debug\net8.0\AuthSystem.Infrastructure.toolssettingsinput.cache" (valor anterior: "obj\Debug\net8.0\AuthSystem.Infrastructure.toolssettingsinput.cache") en C:\Program Files\dotnet\sdk\9.0.201\Sdks\Microsoft.NET.Sdk\targets\Microsoft.NET.PackTool.targets (68,5)
       Invalidando el destino "ResolveReadyToRunCompilers" del proyecto"C:\Program Files\dotnet\sdk\9.0.201\Sdks\Microsoft.NET.Sdk\targets\Microsoft.NET.CrossGen.targets" con el destino "ResolveReadyToRunCompilers" del proyecto "C:\Program Files\dotnet\sdk\9.0.201\Sdks\Microsoft.NET.Sdk\targets\Microsoft.NET.Publish.targets".
       Reasignaci├│n de propiedad: $(_ShimInputCacheFile)="D:\Users\Jhon\Documentos\Mintrabajo\Modulo General usuarios\AuthSystemNew\AuthSystem.Infrastructure\obj\Debug\net8.0\AuthSystem.Infrastructure.shiminput.cache" (valor anterior: "obj\Debug\net8.0\AuthSystem.Infrastructure.shiminput.cache") en C:\Program Files\dotnet\sdk\9.0.201\Sdks\Microsoft.NET.Sdk\targets\Microsoft.NET.PackTool.targets (137,5)
       Invalidando el destino "GetCopyToPublishDirectoryItems" del proyecto"C:\Program Files\dotnet\sdk\9.0.201\Microsoft.Common.CurrentVersion.targets" con el destino "GetCopyToPublishDirectoryItems" del proyecto "C:\Program Files\dotnet\sdk\9.0.201\Sdks\Microsoft.NET.Sdk\targets\Microsoft.NET.Publish.targets".
       Invalidando el destino "GetCopyToPublishDirectoryItems" del proyecto"C:\Program Files\dotnet\sdk\9.0.201\Microsoft.Common.CurrentVersion.targets" con el destino "GetCopyToPublishDirectoryItems" del proyecto "C:\Program Files\dotnet\sdk\9.0.201\Sdks\Microsoft.NET.Sdk\targets\Microsoft.NET.Publish.targets".
       Reasignaci├│n de propiedad: $(_IsNotSetContainersTargetsDir)="true" (valor anterior: "false") en C:\Program Files\dotnet\sdk\9.0.201\Sdks\Microsoft.NET.Sdk\Sdk\Sdk.targets (60,5)
       Reasignaci├│n de propiedad: $(_ShimCreatedSentinelFile)="D:\Users\Jhon\Documentos\Mintrabajo\Modulo General usuarios\AuthSystemNew\AuthSystem.Infrastructure\obj\Debug\net8.0\AuthSystem.Infrastructure.shimcreated.sentinel" (valor anterior: "obj\Debug\net8.0\AuthSystem.Infrastructure.shimcreated.sentinel") en C:\Program Files\dotnet\sdk\9.0.201\Sdks\Microsoft.NET.Sdk\targets\Microsoft.NET.PackTool.targets (139,5)
       El destino "ResolveNuGetPackageAssets" que aparece en un atributo AfterTargets en "C:\Users\JHON\.nuget\packages\microsoft.extensions.options\8.0.0\buildTransitive\net6.0\Microsoft.Extensions.Options.targets (11,11)" no existe en el proyecto y se omitir├í.
       Reasignaci├│n de propiedad: $(DefineConstants)="TRACE;DEBUG" (valor anterior: "TRACE") en C:\Program Files\dotnet\sdk\9.0.201\Sdks\Microsoft.NET.Sdk\targets\Microsoft.NET.Sdk.CSharp.targets (31,5)
       Reasignaci├│n de propiedad: $(_IsSDKContainerAllowedVersion)="true" (valor anterior: "false") en C:\Program Files\dotnet\sdk\9.0.201\Containers\build\Microsoft.NET.Build.Containers.targets (5,5)
       El destino "ResolveNuGetPackageAssets" que aparece en un atributo AfterTargets en "C:\Users\JHON\.nuget\packages\microsoft.extensions.options\8.0.0\buildTransitive\net6.0\Microsoft.Extensions.Options.targets (23,11)" no existe en el proyecto y se omitir├í.
       Reasignaci├│n de propiedad: $(_ContainerIsTargetingNet8TFM)="true" (valor anterior: "false") en C:\Program Files\dotnet\sdk\9.0.201\Containers\build\Microsoft.NET.Build.Containers.targets (15,5)
       Reasignaci├│n de propiedad: $(DefineConstants)="TRACE;DEBUG;NET;NET8_0;NETCOREAPP" (valor anterior: "TRACE;DEBUG") en C:\Program Files\dotnet\sdk\9.0.201\Sdks\Microsoft.NET.Sdk\targets\Microsoft.NET.Sdk.CSharp.targets (34,5)
       Reasignaci├│n de propiedad: $(WarningsAsErrors)=";NU1605;SYSLIB0011" (valor anterior: ";NU1605") en C:\Program Files\dotnet\sdk\9.0.201\Sdks\Microsoft.NET.Sdk\targets\Microsoft.NET.Sdk.CSharp.targets (48,5)
       C:\Users\JHON\.nuget\packages\microsoft.testplatform.testhost\17.8.0\build\netcoreapp3.1\Microsoft.TestPlatform.TestHost.props(15,14): message : Propiedad "OS" con el valor "Windows_NT" expandido desde el entorno.
       El destino "ResolveNuGetPackageAssets" que aparece en un atributo AfterTargets en "C:\Users\JHON\.nuget\packages\microsoft.extensions.logging.abstractions\8.0.0\buildTransitive\net6.0\Microsoft.Extensions.Logging.Abstractions.targets (11,11)" no existe en el proyecto y se omitir├í.
       Reasignaci├│n de propiedad: $(PackageDescription)="Package Description" (valor anterior: "") en C:\Program Files\dotnet\sdk\9.0.201\Sdks\NuGet.Build.Tasks.Pack\build\NuGet.Build.Tasks.Pack.targets (34,5)
       Invalidando el destino "ResolveFrameworkReferences" del proyecto"C:\Program Files\dotnet\sdk\9.0.201\Microsoft.Common.CurrentVersion.targets" con el destino "ResolveFrameworkReferences" del proyecto "C:\Program Files\dotnet\sdk\9.0.201\Sdks\Microsoft.NET.Sdk\targets\Microsoft.NET.Sdk.FrameworkReferenceResolution.targets".
       El destino "ResolveNuGetPackageAssets" que aparece en un atributo AfterTargets en "C:\Users\JHON\.nuget\packages\microsoft.extensions.logging.abstractions\8.0.0\buildTransitive\net6.0\Microsoft.Extensions.Logging.Abstractions.targets (23,11)" no existe en el proyecto y se omitir├í.
       Reasignaci├│n de propiedad: $(GenerateNuspecDependsOn)="Build;_LoadPackInputItems; _GetTargetFrameworksOutput; _WalkEachTargetPerFramework; _GetPackageFiles; " (valor anterior: "_LoadPackInputItems; _GetTargetFrameworksOutput; _WalkEachTargetPerFramework; _GetPackageFiles; ") en C:\Program Files\dotnet\sdk\9.0.201\Sdks\NuGet.Build.Tasks.Pack\build\NuGet.Build.Tasks.Pack.targets (59,5)
       Invalidando el destino "Run" del proyecto"C:\Program Files\dotnet\sdk\9.0.201\Microsoft.Common.CurrentVersion.targets" con el destino "Run" del proyecto "C:\Program Files\dotnet\sdk\9.0.201\Sdks\Microsoft.NET.Sdk\targets\Microsoft.NET.Sdk.targets".
       Reasignaci├│n de propiedad: $(_IsNotSetContainersTargetsDir)="true" (valor anterior: "false") en C:\Program Files\dotnet\sdk\9.0.201\Sdks\Microsoft.NET.Sdk\Sdk\Sdk.targets (60,5)
       Reasignaci├│n de propiedad: $(_IsSDKContainerAllowedVersion)="true" (valor anterior: "false") en C:\Program Files\dotnet\sdk\9.0.201\Containers\build\Microsoft.NET.Build.Containers.targets (5,5)
       Reasignaci├│n de propiedad: $(_ContainerIsTargetingNet8TFM)="true" (valor anterior: "false") en C:\Program Files\dotnet\sdk\9.0.201\Containers\build\Microsoft.NET.Build.Containers.targets (15,5)
       Invalidando el destino "GenerateSupportedTargetFrameworkAlias" del proyecto"C:\Program Files\dotnet\sdk\9.0.201\Microsoft.Common.CurrentVersion.targets" con el destino "GenerateSupportedTargetFrameworkAlias" del proyecto "C:\Program Files\dotnet\sdk\9.0.201\Sdks\Microsoft.NET.Sdk\targets\Microsoft.NET.Sdk.targets".
       Reasignaci├│n de propiedad: $(_ShimInputCacheFile)="D:\Users\Jhon\Documentos\Mintrabajo\Modulo General usuarios\AuthSystemNew\AuthSystem.Domain\obj\Debug\net8.0\AuthSystem.Domain.shiminput.cache" (valor anterior: "obj\Debug\net8.0\AuthSystem.Domain.shiminput.cache") en C:\Program Files\dotnet\sdk\9.0.201\Sdks\Microsoft.NET.Sdk\targets\Microsoft.NET.PackTool.targets (137,5)
       Invalidando el destino "GetReferenceAssemblyPaths" del proyecto"C:\Program Files\dotnet\sdk\9.0.201\Microsoft.Common.CurrentVersion.targets" con el destino "GetReferenceAssemblyPaths" del proyecto "C:\Program Files\dotnet\sdk\9.0.201\Sdks\Microsoft.NET.Sdk\targets\Microsoft.NET.DisableStandardFrameworkResolution.targets".
       Reasignaci├│n de propiedad: $(_ShimCreatedSentinelFile)="D:\Users\Jhon\Documentos\Mintrabajo\Modulo General usuarios\AuthSystemNew\AuthSystem.Domain\obj\Debug\net8.0\AuthSystem.Domain.shimcreated.sentinel" (valor anterior: "obj\Debug\net8.0\AuthSystem.Domain.shimcreated.sentinel") en C:\Program Files\dotnet\sdk\9.0.201\Sdks\Microsoft.NET.Sdk\targets\Microsoft.NET.PackTool.targets (139,5)
       Invalidando el destino "ResolveFrameworkReferences" del proyecto"C:\Program Files\dotnet\sdk\9.0.201\Microsoft.Common.CurrentVersion.targets" con el destino "ResolveFrameworkReferences" del proyecto "C:\Program Files\dotnet\sdk\9.0.201\Sdks\Microsoft.NET.Sdk\targets\Microsoft.NET.Sdk.FrameworkReferenceResolution.targets".
       Reasignaci├│n de propiedad: $(DefineConstants)="TRACE;DEBUG" (valor anterior: "TRACE") en C:\Program Files\dotnet\sdk\9.0.201\Sdks\Microsoft.NET.Sdk\targets\Microsoft.NET.Sdk.CSharp.targets (31,5)
       Invalidando el destino "Run" del proyecto"C:\Program Files\dotnet\sdk\9.0.201\Microsoft.Common.CurrentVersion.targets" con el destino "Run" del proyecto "C:\Program Files\dotnet\sdk\9.0.201\Sdks\Microsoft.NET.Sdk\targets\Microsoft.NET.Sdk.targets".
       Invalidando el destino "GetFrameworkPaths" del proyecto"C:\Program Files\dotnet\sdk\9.0.201\Microsoft.Common.CurrentVersion.targets" con el destino "GetFrameworkPaths" del proyecto "C:\Program Files\dotnet\sdk\9.0.201\Sdks\Microsoft.NET.Sdk\targets\Microsoft.NET.DisableStandardFrameworkResolution.targets".
       Reasignaci├│n de propiedad: $(DefineConstants)="TRACE;DEBUG;NET;NET8_0;NETCOREAPP" (valor anterior: "TRACE;DEBUG") en C:\Program Files\dotnet\sdk\9.0.201\Sdks\Microsoft.NET.Sdk\targets\Microsoft.NET.Sdk.CSharp.targets (34,5)
       Invalidando el destino "DesignerRuntimeImplementationProjectOutputGroup" del proyecto"C:\Program Files\dotnet\sdk\9.0.201\Microsoft.Common.CurrentVersion.targets" con el destino "DesignerRuntimeImplementationProjectOutputGroup" del proyecto "C:\Program Files\dotnet\sdk\9.0.201\Sdks\Microsoft.NET.Sdk\targets\Microsoft.NET.DesignerSupport.targets".
       Invalidando el destino "GenerateSupportedTargetFrameworkAlias" del proyecto"C:\Program Files\dotnet\sdk\9.0.201\Microsoft.Common.CurrentVersion.targets" con el destino "GenerateSupportedTargetFrameworkAlias" del proyecto "C:\Program Files\dotnet\sdk\9.0.201\Sdks\Microsoft.NET.Sdk\targets\Microsoft.NET.Sdk.targets".
       Invalidando el destino "Publish" del proyecto"C:\Program Files\dotnet\sdk\9.0.201\Microsoft.Common.CurrentVersion.targets" con el destino "Publish" del proyecto "C:\Program Files\dotnet\sdk\9.0.201\Sdks\Microsoft.NET.Sdk\targets\Microsoft.NET.Publish.targets".
       Reasignaci├│n de propiedad: $(WarningsAsErrors)=";NU1605;SYSLIB0011" (valor anterior: ";NU1605") en C:\Program Files\dotnet\sdk\9.0.201\Sdks\Microsoft.NET.Sdk\targets\Microsoft.NET.Sdk.CSharp.targets (48,5)
       Reasignaci├│n de propiedad: $(PackageDescription)="Package Description" (valor anterior: "") en C:\Program Files\dotnet\sdk\9.0.201\Sdks\NuGet.Build.Tasks.Pack\build\NuGet.Build.Tasks.Pack.targets (34,5)
       Invalidando el destino "ResolveReadyToRunCompilers" del proyecto"C:\Program Files\dotnet\sdk\9.0.201\Sdks\Microsoft.NET.Sdk\targets\Microsoft.NET.CrossGen.targets" con el destino "ResolveReadyToRunCompilers" del proyecto "C:\Program Files\dotnet\sdk\9.0.201\Sdks\Microsoft.NET.Sdk\targets\Microsoft.NET.Publish.targets".
       Invalidando el destino "GetReferenceAssemblyPaths" del proyecto"C:\Program Files\dotnet\sdk\9.0.201\Microsoft.Common.CurrentVersion.targets" con el destino "GetReferenceAssemblyPaths" del proyecto "C:\Program Files\dotnet\sdk\9.0.201\Sdks\Microsoft.NET.Sdk\targets\Microsoft.NET.DisableStandardFrameworkResolution.targets".
       Reasignaci├│n de propiedad: $(GenerateNuspecDependsOn)="Build;_LoadPackInputItems; _GetTargetFrameworksOutput; _WalkEachTargetPerFramework; _GetPackageFiles; " (valor anterior: "_LoadPackInputItems; _GetTargetFrameworksOutput; _WalkEachTargetPerFramework; _GetPackageFiles; ") en C:\Program Files\dotnet\sdk\9.0.201\Sdks\NuGet.Build.Tasks.Pack\build\NuGet.Build.Tasks.Pack.targets (59,5)
       Invalidando el destino "GetCopyToPublishDirectoryItems" del proyecto"C:\Program Files\dotnet\sdk\9.0.201\Microsoft.Common.CurrentVersion.targets" con el destino "GetCopyToPublishDirectoryItems" del proyecto "C:\Program Files\dotnet\sdk\9.0.201\Sdks\Microsoft.NET.Sdk\targets\Microsoft.NET.Publish.targets".
       Reasignaci├│n de propiedad: $(_IsNotSetContainersTargetsDir)="true" (valor anterior: "false") en C:\Program Files\dotnet\sdk\9.0.201\Sdks\Microsoft.NET.Sdk\Sdk\Sdk.targets (60,5)
       Invalidando el destino "GetFrameworkPaths" del proyecto"C:\Program Files\dotnet\sdk\9.0.201\Microsoft.Common.CurrentVersion.targets" con el destino "GetFrameworkPaths" del proyecto "C:\Program Files\dotnet\sdk\9.0.201\Sdks\Microsoft.NET.Sdk\targets\Microsoft.NET.DisableStandardFrameworkResolution.targets".
       El destino "ResolveNuGetPackageAssets" que aparece en un atributo AfterTargets en "C:\Users\JHON\.nuget\packages\system.text.json\8.0.0\buildTransitive\net6.0\System.Text.Json.targets (11,11)" no existe en el proyecto y se omitir├í.
       Invalidando el destino "DesignerRuntimeImplementationProjectOutputGroup" del proyecto"C:\Program Files\dotnet\sdk\9.0.201\Microsoft.Common.CurrentVersion.targets" con el destino "DesignerRuntimeImplementationProjectOutputGroup" del proyecto "C:\Program Files\dotnet\sdk\9.0.201\Sdks\Microsoft.NET.Sdk\targets\Microsoft.NET.DesignerSupport.targets".
       El destino "ResolveNuGetPackageAssets" que aparece en un atributo AfterTargets en "C:\Users\JHON\.nuget\packages\system.text.json\8.0.0\buildTransitive\net6.0\System.Text.Json.targets (23,11)" no existe en el proyecto y se omitir├í.
       Invalidando el destino "Publish" del proyecto"C:\Program Files\dotnet\sdk\9.0.201\Microsoft.Common.CurrentVersion.targets" con el destino "Publish" del proyecto "C:\Program Files\dotnet\sdk\9.0.201\Sdks\Microsoft.NET.Sdk\targets\Microsoft.NET.Publish.targets".
       El destino "ResolveNuGetPackageAssets" que aparece en un atributo AfterTargets en "C:\Users\JHON\.nuget\packages\microsoft.extensions.options\8.0.0\buildTransitive\net6.0\Microsoft.Extensions.Options.targets (11,11)" no existe en el proyecto y se omitir├í.
       Reasignaci├│n de propiedad: $(_IsSDKContainerAllowedVersion)="true" (valor anterior: "false") en C:\Program Files\dotnet\sdk\9.0.201\Containers\build\Microsoft.NET.Build.Containers.targets (5,5)
       Invalidando el destino "ResolveReadyToRunCompilers" del proyecto"C:\Program Files\dotnet\sdk\9.0.201\Sdks\Microsoft.NET.Sdk\targets\Microsoft.NET.CrossGen.targets" con el destino "ResolveReadyToRunCompilers" del proyecto "C:\Program Files\dotnet\sdk\9.0.201\Sdks\Microsoft.NET.Sdk\targets\Microsoft.NET.Publish.targets".
       El destino "ResolveNuGetPackageAssets" que aparece en un atributo AfterTargets en "C:\Users\JHON\.nuget\packages\microsoft.extensions.options\8.0.0\buildTransitive\net6.0\Microsoft.Extensions.Options.targets (23,11)" no existe en el proyecto y se omitir├í.
       Reasignaci├│n de propiedad: $(_ContainerIsTargetingNet8TFM)="true" (valor anterior: "false") en C:\Program Files\dotnet\sdk\9.0.201\Containers\build\Microsoft.NET.Build.Containers.targets (15,5)
       Invalidando el destino "GetCopyToPublishDirectoryItems" del proyecto"C:\Program Files\dotnet\sdk\9.0.201\Microsoft.Common.CurrentVersion.targets" con el destino "GetCopyToPublishDirectoryItems" del proyecto "C:\Program Files\dotnet\sdk\9.0.201\Sdks\Microsoft.NET.Sdk\targets\Microsoft.NET.Publish.targets".
       El destino "ResolveNuGetPackageAssets" que aparece en un atributo AfterTargets en "C:\Users\JHON\.nuget\packages\microsoft.extensions.configuration.binder\8.0.0\buildTransitive\netstandard2.0\Microsoft.Extensions.Configuration.Binder.targets (9,13)" no existe en el proyecto y se omitir├í.
       Invalidando el destino "ResolveFrameworkReferences" del proyecto"C:\Program Files\dotnet\sdk\9.0.201\Microsoft.Common.CurrentVersion.targets" con el destino "ResolveFrameworkReferences" del proyecto "C:\Program Files\dotnet\sdk\9.0.201\Sdks\Microsoft.NET.Sdk\targets\Microsoft.NET.Sdk.FrameworkReferenceResolution.targets".
       El destino "ResolveNuGetPackageAssets" que aparece en un atributo AfterTargets en "C:\Users\JHON\.nuget\packages\system.text.json\8.0.0\buildTransitive\net6.0\System.Text.Json.targets (11,11)" no existe en el proyecto y se omitir├í.
       El destino "ResolveNuGetPackageAssets" que aparece en un atributo AfterTargets en "C:\Users\JHON\.nuget\packages\microsoft.extensions.logging.abstractions\8.0.0\buildTransitive\net6.0\Microsoft.Extensions.Logging.Abstractions.targets (11,11)" no existe en el proyecto y se omitir├í.
       Invalidando el destino "Run" del proyecto"C:\Program Files\dotnet\sdk\9.0.201\Microsoft.Common.CurrentVersion.targets" con el destino "Run" del proyecto "C:\Program Files\dotnet\sdk\9.0.201\Sdks\Microsoft.NET.Sdk\targets\Microsoft.NET.Sdk.targets".
       El destino "ResolveNuGetPackageAssets" que aparece en un atributo AfterTargets en "C:\Users\JHON\.nuget\packages\system.text.json\8.0.0\buildTransitive\net6.0\System.Text.Json.targets (23,11)" no existe en el proyecto y se omitir├í.
       Invalidando el destino "GenerateSupportedTargetFrameworkAlias" del proyecto"C:\Program Files\dotnet\sdk\9.0.201\Microsoft.Common.CurrentVersion.targets" con el destino "GenerateSupportedTargetFrameworkAlias" del proyecto "C:\Program Files\dotnet\sdk\9.0.201\Sdks\Microsoft.NET.Sdk\targets\Microsoft.NET.Sdk.targets".
       El destino "ResolveNuGetPackageAssets" que aparece en un atributo AfterTargets en "C:\Users\JHON\.nuget\packages\microsoft.extensions.options\8.0.0\buildTransitive\net6.0\Microsoft.Extensions.Options.targets (11,11)" no existe en el proyecto y se omitir├í.
       El destino "ResolveNuGetPackageAssets" que aparece en un atributo AfterTargets en "C:\Users\JHON\.nuget\packages\microsoft.extensions.logging.abstractions\8.0.0\buildTransitive\net6.0\Microsoft.Extensions.Logging.Abstractions.targets (23,11)" no existe en el proyecto y se omitir├í.
       Invalidando el destino "GetReferenceAssemblyPaths" del proyecto"C:\Program Files\dotnet\sdk\9.0.201\Microsoft.Common.CurrentVersion.targets" con el destino "GetReferenceAssemblyPaths" del proyecto "C:\Program Files\dotnet\sdk\9.0.201\Sdks\Microsoft.NET.Sdk\targets\Microsoft.NET.DisableStandardFrameworkResolution.targets".
       El destino "ResolveNuGetPackageAssets" que aparece en un atributo AfterTargets en "C:\Users\JHON\.nuget\packages\microsoft.extensions.options\8.0.0\buildTransitive\net6.0\Microsoft.Extensions.Options.targets (23,11)" no existe en el proyecto y se omitir├í.
       Invalidando el destino "GetFrameworkPaths" del proyecto"C:\Program Files\dotnet\sdk\9.0.201\Microsoft.Common.CurrentVersion.targets" con el destino "GetFrameworkPaths" del proyecto "C:\Program Files\dotnet\sdk\9.0.201\Sdks\Microsoft.NET.Sdk\targets\Microsoft.NET.DisableStandardFrameworkResolution.targets".
       El destino "ResolveNuGetPackageAssets" que aparece en un atributo AfterTargets en "C:\Users\JHON\.nuget\packages\microsoft.extensions.logging.abstractions\8.0.0\buildTransitive\net6.0\Microsoft.Extensions.Logging.Abstractions.targets (11,11)" no existe en el proyecto y se omitir├í.
       Invalidando el destino "DesignerRuntimeImplementationProjectOutputGroup" del proyecto"C:\Program Files\dotnet\sdk\9.0.201\Microsoft.Common.CurrentVersion.targets" con el destino "DesignerRuntimeImplementationProjectOutputGroup" del proyecto "C:\Program Files\dotnet\sdk\9.0.201\Sdks\Microsoft.NET.Sdk\targets\Microsoft.NET.DesignerSupport.targets".
       El destino "ResolveNuGetPackageAssets" que aparece en un atributo AfterTargets en "C:\Users\JHON\.nuget\packages\microsoft.extensions.logging.abstractions\8.0.0\buildTransitive\net6.0\Microsoft.Extensions.Logging.Abstractions.targets (23,11)" no existe en el proyecto y se omitir├í.
       Invalidando el destino "Publish" del proyecto"C:\Program Files\dotnet\sdk\9.0.201\Microsoft.Common.CurrentVersion.targets" con el destino "Publish" del proyecto "C:\Program Files\dotnet\sdk\9.0.201\Sdks\Microsoft.NET.Sdk\targets\Microsoft.NET.Publish.targets".
       Invalidando el destino "ResolveReadyToRunCompilers" del proyecto"C:\Program Files\dotnet\sdk\9.0.201\Sdks\Microsoft.NET.Sdk\targets\Microsoft.NET.CrossGen.targets" con el destino "ResolveReadyToRunCompilers" del proyecto "C:\Program Files\dotnet\sdk\9.0.201\Sdks\Microsoft.NET.Sdk\targets\Microsoft.NET.Publish.targets".
       Invalidando el destino "GetCopyToPublishDirectoryItems" del proyecto"C:\Program Files\dotnet\sdk\9.0.201\Microsoft.Common.CurrentVersion.targets" con el destino "GetCopyToPublishDirectoryItems" del proyecto "C:\Program Files\dotnet\sdk\9.0.201\Sdks\Microsoft.NET.Sdk\targets\Microsoft.NET.Publish.targets".
       La propiedad "Configuration" es global y no se puede modificar.
       La propiedad "Platform" es global y no se puede modificar.
       Reasignaci├│n de propiedad: $(AssemblySearchPaths)="{CandidateAssemblyFiles};{HintPathFromItem}" (valor anterior: "{CandidateAssemblyFiles}") en C:\Program Files\dotnet\sdk\9.0.201\Sdks\Microsoft.NET.Sdk\targets\Microsoft.NET.Sdk.props (90,5)
       Reasignaci├│n de propiedad: $(AssemblySearchPaths)="{CandidateAssemblyFiles};{HintPathFromItem};{TargetFrameworkDirectory}" (valor anterior: "{CandidateAssemblyFiles};{HintPathFromItem}") en C:\Program Files\dotnet\sdk\9.0.201\Sdks\Microsoft.NET.Sdk\targets\Microsoft.NET.Sdk.props (91,5)
       Reasignaci├│n de propiedad: $(AssemblySearchPaths)="{CandidateAssemblyFiles};{HintPathFromItem};{TargetFrameworkDirectory};{RawFileName}" (valor anterior: "{CandidateAssemblyFiles};{HintPathFromItem};{TargetFrameworkDirectory}") en C:\Program Files\dotnet\sdk\9.0.201\Sdks\Microsoft.NET.Sdk\targets\Microsoft.NET.Sdk.props (92,5)
   1:2>El proyecto "D:\Users\Jhon\Documentos\Mintrabajo\Modulo General usuarios\AuthSystemNew\AuthSystem.sln" (1:2) est├í compilando "D:\Users\Jhon\Documentos\Mintrabajo\Modulo General usuarios\AuthSystemNew\AuthSystem.Application\AuthSystem.Application.csproj" (2:10) en el nodo 2 (destinos predeterminados).
  2:10>Se omiti├│ el destino "_CheckForUnsupportedTargetFramework" debido a una condici├│n falsa (False); ('$(_UnsupportedTargetFrameworkError)' == 'true') se evalu├│ como ('' == 'true').
  2:10>Destino "_CollectTargetFrameworkForTelemetry" en el archivo "C:\Program Files\dotnet\sdk\9.0.201\Sdks\Microsoft.NET.Sdk\targets\Microsoft.NET.TargetFrameworkInference.targets" del proyecto "D:\Users\Jhon\Documentos\Mintrabajo\Modulo General usuarios\AuthSystemNew\AuthSystem.Application\AuthSystem.Application.csproj" (el destino "_CheckForInvalidConfigurationAndPlatform" depende de ├®l):
       Usando la tarea "AllowEmptyTelemetry" del ensamblado "C:\Program Files\dotnet\sdk\9.0.201\Sdks\Microsoft.NET.Sdk\targets\..\tools\net9.0\Microsoft.NET.Build.Tasks.dll".
       Tarea "AllowEmptyTelemetry"
       Ejecuci├│n de la tarea "AllowEmptyTelemetry" terminada.
  2:10>Compilaci├│n terminada del destino "_CollectTargetFrameworkForTelemetry" en el proyecto "AuthSystem.Application.csproj".
       Se omiti├│ el destino "_CheckForUnsupportedTargetPlatformIdentifier" debido a una condici├│n falsa (False); ('$(TargetPlatformIdentifier)' != '' and '$(TargetFrameworkIdentifier)' == '.NETCoreApp' and $([MSBuild]::VersionGreaterThanOrEquals($(TargetFrameworkVersion), 5.0)) And ('$(DesignTimeBuild)' != 'true' Or '@(MissingWorkloadPack)' == '')) se evalu├│ como ('' != '' and '.NETCoreApp' == '.NETCoreApp' and True And ('' != 'true' Or '' == '')).
       Se omiti├│ el destino "_CheckForMissingWorkload" debido a una condici├│n falsa (False); ('@(MissingWorkloadPack)' != '' And '$(DesignTimeBuild)' != 'true') se evalu├│ como ('' != '' And '' != 'true').
  2:10>Destino "_CheckForUnsupportedNETCoreVersion" en el archivo "C:\Program Files\dotnet\sdk\9.0.201\Sdks\Microsoft.NET.Sdk\targets\Microsoft.NET.TargetFrameworkInference.targets" del proyecto "D:\Users\Jhon\Documentos\Mintrabajo\Modulo General usuarios\AuthSystemNew\AuthSystem.Application\AuthSystem.Application.csproj" (el destino "_CheckForInvalidConfigurationAndPlatform" depende de ├®l):
       Se omiti├│ la tarea "NETSdkError" debido a una condici├│n falsa (False); ('$(_TargetFrameworkVersionWithoutV)' > '$(NETCoreAppMaximumVersion)' and '$(DisplayVSMessage)' != 'true') se evalu├│ como ('8.0' > '9.0' and '' != 'true').
       Se omiti├│ la tarea "NETSdkError" debido a una condici├│n falsa (False); ('$(DisplayVSMessage)' == 'true') se evalu├│ como ('' == 'true').
  2:10>Compilaci├│n terminada del destino "_CheckForUnsupportedNETCoreVersion" en el proyecto "AuthSystem.Application.csproj".
       Se omiti├│ el destino "_CheckForEolTargetFrameworks" debido a una condici├│n falsa (False); ('@(_EolNetCoreTargetFrameworkVersions->AnyHaveMetadataValue('Identity', '$(_TargetFrameworkVersionWithoutV)'))' and '$(TargetFrameworkIdentifier)' == '.NETCoreApp' and '$(CheckEolTargetFramework)' == 'true') se evalu├│ como ('false' and '.NETCoreApp' == '.NETCoreApp' and '' == 'true').
       Se omiti├│ el destino "_CheckForEolWorkloads" debido a una condici├│n falsa (False); ('@(EolWorkload)' != '' and '$(CheckEolWorkloads)' == 'true') se evalu├│ como ('' != '' and 'true' == 'true').
       Se omiti├│ el destino "_CheckForNotRecommendedNETStandardVersion" debido a una condici├│n falsa (False); ('$(TargetFrameworkIdentifier)' == '.NETStandard' and $([MSBuild]::VersionLessThan($(TargetFrameworkVersion), '2.0'))) se evalu├│ como ('.NETCoreApp' == '.NETStandard' and False).
  2:10>Destino "_CheckForUnsupportedCppNETCoreVersion" en el archivo "C:\Program Files\dotnet\sdk\9.0.201\Sdks\Microsoft.NET.Sdk\targets\Microsoft.NET.TargetFrameworkInference.targets" del proyecto "D:\Users\Jhon\Documentos\Mintrabajo\Modulo General usuarios\AuthSystemNew\AuthSystem.Application\AuthSystem.Application.csproj" (el destino "_CheckForInvalidConfigurationAndPlatform" depende de ├®l):
       Se omiti├│ la tarea "NETSdkError" debido a una condici├│n falsa (False); ('$(TargetFrameworkIdentifier)' == '.NETCoreApp' and '$(_TargetFrameworkVersionWithoutV)' < '3.1' and ('$(Language)' == 'C++' and '$(_EnablePackageReferencesInVCProjects)' != 'true')) se evalu├│ como ('.NETCoreApp' == '.NETCoreApp' and '8.0' < '3.1' and ('C#' == 'C++' and '' != 'true')).
  2:10>Compilaci├│n terminada del destino "_CheckForUnsupportedCppNETCoreVersion" en el proyecto "AuthSystem.Application.csproj".
       Se omiti├│ el destino "_CheckForUnsupportedNETStandardVersion" debido a una condici├│n falsa (False); ('$(TargetFrameworkIdentifier)' == '.NETStandard' And '$(NETStandardMaximumVersion)' != '') se evalu├│ como ('.NETCoreApp' == '.NETStandard' And '' != '').
       Se omiti├│ el destino "_CheckForUnsupportedTargetFrameworkAndFeatureCombination" debido a una condici├│n falsa (False); ('$(TargetFrameworkIdentifier)' == '.NETFramework') se evalu├│ como ('.NETCoreApp' == '.NETFramework').
       Se omiti├│ el destino "_CheckForSupportedOSPlatformVersionHigherThanTargetPlatformVersion" debido a una condici├│n falsa (False); ('$(TargetPlatformVersion)' != '' and '$(TargetFrameworkIdentifier)' == '.NETCoreApp' and $([MSBuild]::VersionGreaterThanOrEquals($(TargetFrameworkVersion), 5.0))) se evalu├│ como ('' != '' and '.NETCoreApp' == '.NETCoreApp' and True).
       Se omiti├│ el destino "_CheckForInvalidTargetPlatformVersion" debido a una condici├│n falsa (False); ('$(TargetPlatformVersion)' != '' and '$(TargetFrameworkIdentifier)' == '.NETCoreApp' and $([MSBuild]::VersionGreaterThanOrEquals($(TargetFrameworkVersion), 5.0)) and ('$(Language)' != 'C++' or '$(_EnablePackageReferencesInVCProjects)' == 'true')) se evalu├│ como ('' != '' and '.NETCoreApp' == '.NETCoreApp' and True and ('C#' != 'C++' or '' == 'true')).
     0>El solucionador "DefaultSdkResolver" intent├│ resolver el SDK "Microsoft.NET.SDK.WorkloadAutoImportPropsLocator".
Advertencias: null
Errores: MSB4276: La resoluci├│n predeterminada del SDK no pudo resolver el SDK "Microsoft.NET.SDK.WorkloadAutoImportPropsLocator" porque el directorio "C:\Program Files\dotnet\sdk\9.0.201\Sdks\Microsoft.NET.SDK.WorkloadAutoImportPropsLocator\Sdk" no exist├¡a.
  2:10>Destino "_CheckForUnsupportedArtifactsPath" en el archivo "C:\Program Files\dotnet\sdk\9.0.201\Sdks\Microsoft.NET.Sdk\targets\Microsoft.NET.DefaultOutputPaths.targets" del proyecto "D:\Users\Jhon\Documentos\Mintrabajo\Modulo General usuarios\AuthSystemNew\AuthSystem.Application\AuthSystem.Application.csproj" (el destino "_CheckForInvalidConfigurationAndPlatform" depende de ├®l):
  2:10>Se omiti├│ la tarea "NetSdkError" debido a una condici├│n falsa (False); ('$(UseArtifactsOutput)' == 'true' and '$(_ArtifactsPathSetEarly)' != 'true') se evalu├│ como ('' == 'true' and '' != 'true').
       Se omiti├│ la tarea "NetSdkError" debido a una condici├│n falsa (False); ('$(_ArtifactsPathLocationType)' == 'ProjectFolder') se evalu├│ como ('' == 'ProjectFolder').
  2:10>Compilaci├│n terminada del destino "_CheckForUnsupportedArtifactsPath" en el proyecto "AuthSystem.Application.csproj".
       Se omiti├│ el destino "_CheckForMissingWorkload" debido a una condici├│n falsa (False); ('@(MissingWorkloadPack)' != '' And '$(DesignTimeBuild)' != 'true') se evalu├│ como ('' != '' And '' != 'true').
       Se omiti├│ el destino "_CheckForUnsupportedAppHostUsage" debido a una condici├│n falsa (False); ('$(TargetFrameworkIdentifier)' == '.NETCoreApp' and '$(HasRuntimeOutput)' == 'true') se evalu├│ como ('.NETCoreApp' == '.NETCoreApp' and '' == 'true').
  2:10>Destino "_CheckForUnsupportedHostingUsage" en el archivo "C:\Program Files\dotnet\sdk\9.0.201\Sdks\Microsoft.NET.Sdk\targets\Microsoft.NET.RuntimeIdentifierInference.targets" del proyecto "D:\Users\Jhon\Documentos\Mintrabajo\Modulo General usuarios\AuthSystemNew\AuthSystem.Application\AuthSystem.Application.csproj" (el destino "_CheckForInvalidConfigurationAndPlatform" depende de ├®l):
       Se omiti├│ la tarea "NETSdkWarning" debido a una condici├│n falsa (False); ('$(SelfContained)' == 'true' and '$(EnableComHosting)' == 'true') se evalu├│ como ('' == 'true' and '' == 'true').
  2:10>Compilaci├│n terminada del destino "_CheckForUnsupportedHostingUsage" en el proyecto "AuthSystem.Application.csproj".
  2:10>Destino "_CheckAndUnsetUnsupportedPrefer32Bit" en el archivo "C:\Program Files\dotnet\sdk\9.0.201\Sdks\Microsoft.NET.Sdk\targets\Microsoft.NET.RuntimeIdentifierInference.targets" del proyecto "D:\Users\Jhon\Documentos\Mintrabajo\Modulo General usuarios\AuthSystemNew\AuthSystem.Application\AuthSystem.Application.csproj" (el destino "_CheckForInvalidConfigurationAndPlatform" depende de ├®l):
       Se omiti├│ la tarea "NETSdkWarning" debido a una condici├│n falsa (False); ('$(Prefer32Bit)' == 'true') se evalu├│ como ('false' == 'true').
  2:10>Compilaci├│n terminada del destino "_CheckAndUnsetUnsupportedPrefer32Bit" en el proyecto "AuthSystem.Application.csproj".
       Se omiti├│ el destino "_CheckAndUnsetUnsupportedPreferNativeArm64" debido a una condici├│n falsa (False); ('$(TargetFrameworkIdentifier)' == '.NETCoreApp' and '$(PreferNativeArm64)' == 'true') se evalu├│ como ('.NETCoreApp' == '.NETCoreApp' and 'false' == 'true').
       Se omiti├│ el destino "_CheckForMismatchingPlatform" debido a una condici├│n falsa (False); ('$(RuntimeIdentifier)' != '' and '$(PlatformTarget)' != '') se evalu├│ como ('' != '' and '' != '').
  2:10>Destino "_CheckForLanguageAndFeatureCombinationSupport" en el archivo "C:\Program Files\dotnet\sdk\9.0.201\Sdks\Microsoft.NET.Sdk\targets\Microsoft.NET.RuntimeIdentifierInference.targets" del proyecto "D:\Users\Jhon\Documentos\Mintrabajo\Modulo General usuarios\AuthSystemNew\AuthSystem.Application\AuthSystem.Application.csproj" (el destino "_CheckForInvalidConfigurationAndPlatform" depende de ├®l):
       Se omiti├│ la tarea "NETSdkError" debido a una condici├│n falsa (False); (('$(Language)' == 'C++' and '$(_EnablePackageReferencesInVCProjects)' != 'true') and $(OutputType) != 'library' and '$(TargetFrameworkIdentifier)' == '.NETCoreApp') se evalu├│ como (('C#' == 'C++' and '' != 'true') and Library != 'library' and '.NETCoreApp' == '.NETCoreApp').
       Se omiti├│ la tarea "NETSdkError" debido a una condici├│n falsa (False); (('$(Language)' == 'C++' and '$(_EnablePackageReferencesInVCProjects)' != 'true') and $(EnableComHosting) == 'true') se evalu├│ como (('C#' == 'C++' and '' != 'true') and  == 'true').
       Se omiti├│ la tarea "NETSdkError" debido a una condici├│n falsa (False); (('$(Language)' == 'C++' and '$(_EnablePackageReferencesInVCProjects)' != 'true') and $(SelfContained) == 'true') se evalu├│ como (('C#' == 'C++' and '' != 'true') and  == 'true').
  2:10>Compilaci├│n terminada del destino "_CheckForLanguageAndFeatureCombinationSupport" en el proyecto "AuthSystem.Application.csproj".
       Se omiti├│ el destino "_CheckForNETCoreSdkIsPreview" debido a una condici├│n falsa (False); ( '$(_NETCoreSdkIsPreview)' == 'true' AND '$(SuppressNETCoreSdkPreviewMessage)' != 'true' ) se evalu├│ como ( 'false' == 'true' AND '' != 'true' ).
  2:10>Destino "_GetProjectJsonPath" en el archivo "C:\Program Files\dotnet\sdk\9.0.201\NuGet.targets" del proyecto "D:\Users\Jhon\Documentos\Mintrabajo\Modulo General usuarios\AuthSystemNew\AuthSystem.Application\AuthSystem.Application.csproj" (el destino "_GetRestoreProjectStyle" depende de ├®l):
       Se omiti├│ la tarea "GetRestoreProjectJsonPathTask" debido a una condici├│n falsa (False); ( '$(RestoreProjectStyle)' == 'ProjectJson' OR '$(RestoreProjectStyle)' == '' ) se evalu├│ como ( 'PackageReference' == 'ProjectJson' OR 'PackageReference' == '' ).
  2:10>Compilaci├│n terminada del destino "_GetProjectJsonPath" en el proyecto "AuthSystem.Application.csproj".
       Se omiti├│ el destino "_CheckForUnsupportedTargetPlatformIdentifier" debido a una condici├│n falsa (False); ('$(TargetPlatformIdentifier)' != '' and '$(TargetFrameworkIdentifier)' == '.NETCoreApp' and $([MSBuild]::VersionGreaterThanOrEquals($(TargetFrameworkVersion), 5.0)) And ('$(DesignTimeBuild)' != 'true' Or '@(MissingWorkloadPack)' == '')) se evalu├│ como ('' != '' and '.NETCoreApp' == '.NETCoreApp' and True And ('' != 'true' Or '' == '')).
       Se omiti├│ el destino "_CheckForMissingWorkload" debido a una condici├│n falsa (False); ('@(MissingWorkloadPack)' != '' And '$(DesignTimeBuild)' != 'true') se evalu├│ como ('' != '' And '' != 'true').
       Se omiti├│ el destino "_CheckForNotRecommendedNETStandardVersion" debido a una condici├│n falsa (False); ('$(TargetFrameworkIdentifier)' == '.NETStandard' and $([MSBuild]::VersionLessThan($(TargetFrameworkVersion), '2.0'))) se evalu├│ como ('.NETCoreApp' == '.NETStandard' and False).
       Se omiti├│ el destino "_CheckForUnsupportedNETStandardVersion" debido a una condici├│n falsa (False); ('$(TargetFrameworkIdentifier)' == '.NETStandard' And '$(NETStandardMaximumVersion)' != '') se evalu├│ como ('.NETCoreApp' == '.NETStandard' And '' != '').
       Se omiti├│ el destino "_CheckForUnsupportedTargetFrameworkAndFeatureCombination" debido a una condici├│n falsa (False); ('$(TargetFrameworkIdentifier)' == '.NETFramework') se evalu├│ como ('.NETCoreApp' == '.NETFramework').
  2:10>Destino "UpdateAspNetToFrameworkReference" en el archivo "C:\Program Files\dotnet\sdk\9.0.201\Sdks\Microsoft.NET.Sdk\targets\Microsoft.NET.Sdk.DefaultItems.Shared.targets" del proyecto "D:\Users\Jhon\Documentos\Mintrabajo\Modulo General usuarios\AuthSystemNew\AuthSystem.Application\AuthSystem.Application.csproj" (el destino "ApplyImplicitVersions" depende de ├®l):
       Usando la tarea "CheckIfPackageReferenceShouldBeFrameworkReference" del ensamblado "C:\Program Files\dotnet\sdk\9.0.201\Sdks\Microsoft.NET.Sdk\targets\..\tools\net9.0\Microsoft.NET.Build.Tasks.dll".
       Tarea "CheckIfPackageReferenceShouldBeFrameworkReference"
       Ejecuci├│n de la tarea "CheckIfPackageReferenceShouldBeFrameworkReference" terminada.
       Se omiti├│ la tarea "NETSdkError" debido a una condici├│n falsa (False); ('$(_ShouldRemoveAspNetCoreAll)' == 'true') se evalu├│ como ('False' == 'true').
       Tarea "CheckIfPackageReferenceShouldBeFrameworkReference"
       Ejecuci├│n de la tarea "CheckIfPackageReferenceShouldBeFrameworkReference" terminada.
       Se omiti├│ la tarea "NETSdkWarning" debido a una condici├│n falsa (False); ('$(_ShouldRemoveAspNetCoreApp)' == 'true') se evalu├│ como ('False' == 'true').
  2:10>Compilaci├│n terminada del destino "UpdateAspNetToFrameworkReference" en el proyecto "AuthSystem.Application.csproj".
       Se omiti├│ el destino "IncludeTargetingPackReference" debido a una condici├│n falsa (False); ('$(TargetFrameworkMoniker)' != '' and '$(TargetFrameworkIdentifier)' == '.NETFramework' and '$(AutomaticallyUseReferenceAssemblyPackages)' == 'true') se evalu├│ como ('.NETCoreApp,Version=v8.0' != '' and '.NETCoreApp' == '.NETFramework' and 'true' == 'true').
  2:10>Destino "CheckForImplicitPackageReferenceOverrides" en el archivo "C:\Program Files\dotnet\sdk\9.0.201\Sdks\Microsoft.NET.Sdk\targets\Microsoft.NET.Sdk.DefaultItems.Shared.targets" del proyecto "D:\Users\Jhon\Documentos\Mintrabajo\Modulo General usuarios\AuthSystemNew\AuthSystem.Application\AuthSystem.Application.csproj" (el destino "ApplyImplicitVersions" depende de ├®l):
       Usando la tarea "CheckForImplicitPackageReferenceOverrides" del ensamblado "C:\Program Files\dotnet\sdk\9.0.201\Sdks\Microsoft.NET.Sdk\targets\..\tools\net9.0\Microsoft.NET.Build.Tasks.dll".
       Tarea "CheckForImplicitPackageReferenceOverrides"
       Ejecuci├│n de la tarea "CheckForImplicitPackageReferenceOverrides" terminada.
  2:10>Compilaci├│n terminada del destino "CheckForImplicitPackageReferenceOverrides" en el proyecto "AuthSystem.Application.csproj".
  2:10>Destino "ApplyImplicitVersions" en el archivo "C:\Program Files\dotnet\sdk\9.0.201\Sdks\Microsoft.NET.Sdk\targets\Microsoft.NET.Sdk.DefaultItems.Shared.targets" del proyecto "D:\Users\Jhon\Documentos\Mintrabajo\Modulo General usuarios\AuthSystemNew\AuthSystem.Application\AuthSystem.Application.csproj" (el destino "CollectPackageReferences" depende de ├®l):
       Usando la tarea "ApplyImplicitVersions" del ensamblado "C:\Program Files\dotnet\sdk\9.0.201\Sdks\Microsoft.NET.Sdk\targets\..\tools\net9.0\Microsoft.NET.Build.Tasks.dll".
       Tarea "ApplyImplicitVersions"
       Ejecuci├│n de la tarea "ApplyImplicitVersions" terminada.
   1:2>El proyecto "D:\Users\Jhon\Documentos\Mintrabajo\Modulo General usuarios\AuthSystemNew\AuthSystem.sln" (1:2) est├í compilando "D:\Users\Jhon\Documentos\Mintrabajo\Modulo General usuarios\AuthSystemNew\AuthSystem.Infrastructure\AuthSystem.Infrastructure.csproj" (5:9) en el nodo 3 (destinos predeterminados).
   5:9>Se omiti├│ el destino "_CheckForUnsupportedTargetFramework" debido a una condici├│n falsa (False); ('$(_UnsupportedTargetFrameworkError)' == 'true') se evalu├│ como ('' == 'true').
  2:10>Compilaci├│n terminada del destino "ApplyImplicitVersions" en el proyecto "AuthSystem.Application.csproj".
       Se omiti├│ el destino "CheckForImplicitPackageReferenceOverrides". Compilado previamente de forma correcta.
   5:9>Destino "_CollectTargetFrameworkForTelemetry" en el archivo "C:\Program Files\dotnet\sdk\9.0.201\Sdks\Microsoft.NET.Sdk\targets\Microsoft.NET.TargetFrameworkInference.targets" del proyecto "D:\Users\Jhon\Documentos\Mintrabajo\Modulo General usuarios\AuthSystemNew\AuthSystem.Infrastructure\AuthSystem.Infrastructure.csproj" (el destino "_CheckForInvalidConfigurationAndPlatform" depende de ├®l):
   5:9>Usando la tarea "AllowEmptyTelemetry" del ensamblado "C:\Program Files\dotnet\sdk\9.0.201\Sdks\Microsoft.NET.Sdk\targets\..\tools\net9.0\Microsoft.NET.Build.Tasks.dll".
  2:10>Se omiti├│ el destino "AddWindowsSdkKnownFrameworkReferences" debido a una condici├│n falsa (False); ('$(TargetFrameworkIdentifier)' == '.NETCoreApp' And '$(TargetPlatformIdentifier)' == 'Windows'
                     And ('$(Language)' != 'C++' Or '$(IncludeWindowsSDKRefFrameworkReferences)' == 'true')) se evalu├│ como ('.NETCoreApp' == '.NETCoreApp' And '' == 'Windows'
                     And ('C#' != 'C++' Or '' == 'true')).
   5:9>Tarea "AllowEmptyTelemetry"
  2:10>Se omiti├│ el destino "_NormalizeTargetPlatformVersion" debido a una condici├│n falsa (False); ('$(TargetPlatformVersion)' != '' and '$(TargetFrameworkIdentifier)' == '.NETCoreApp' and $([MSBuild]::VersionGreaterThanOrEquals($(TargetFrameworkVersion), 5.0)) and ('$(Language)' != 'C++' or '$(_EnablePackageReferencesInVCProjects)' == 'true')) se evalu├│ como ('' != '' and '.NETCoreApp' == '.NETCoreApp' and True and ('C#' != 'C++' or '' == 'true')).
   5:9>Ejecuci├│n de la tarea "AllowEmptyTelemetry" terminada.
   5:9>Compilaci├│n terminada del destino "_CollectTargetFrameworkForTelemetry" en el proyecto "AuthSystem.Infrastructure.csproj".
  2:10>Destino "_ComputeToolPackInputsToProcessFrameworkReferences" en el archivo "C:\Program Files\dotnet\sdk\9.0.201\Sdks\Microsoft.NET.Sdk\targets\Microsoft.NET.Publish.targets" del proyecto "D:\Users\Jhon\Documentos\Mintrabajo\Modulo General usuarios\AuthSystemNew\AuthSystem.Application\AuthSystem.Application.csproj" (el destino "ProcessFrameworkReferences" depende de ├®l):
  2:10>Compilaci├│n terminada del destino "_ComputeToolPackInputsToProcessFrameworkReferences" en el proyecto "AuthSystem.Application.csproj".
   5:9>Se omiti├│ el destino "_CheckForUnsupportedTargetPlatformIdentifier" debido a una condici├│n falsa (False); ('$(TargetPlatformIdentifier)' != '' and '$(TargetFrameworkIdentifier)' == '.NETCoreApp' and $([MSBuild]::VersionGreaterThanOrEquals($(TargetFrameworkVersion), 5.0)) And ('$(DesignTimeBuild)' != 'true' Or '@(MissingWorkloadPack)' == '')) se evalu├│ como ('' != '' and '.NETCoreApp' == '.NETCoreApp' and True And ('' != 'true' Or '' == '')).
  2:10>Destino "ProcessFrameworkReferences" en el archivo "C:\Program Files\dotnet\sdk\9.0.201\Sdks\Microsoft.NET.Sdk\targets\Microsoft.NET.Sdk.FrameworkReferenceResolution.targets" del proyecto "D:\Users\Jhon\Documentos\Mintrabajo\Modulo General usuarios\AuthSystemNew\AuthSystem.Application\AuthSystem.Application.csproj" (el destino "CollectPackageReferences" depende de ├®l):
  2:10>Usando la tarea "CheckForDuplicateFrameworkReferences" del ensamblado "C:\Program Files\dotnet\sdk\9.0.201\Sdks\Microsoft.NET.Sdk\targets\..\tools\net9.0\Microsoft.NET.Build.Tasks.dll".
   5:9>Se omiti├│ el destino "_CheckForMissingWorkload" debido a una condici├│n falsa (False); ('@(MissingWorkloadPack)' != '' And '$(DesignTimeBuild)' != 'true') se evalu├│ como ('' != '' And '' != 'true').
  2:10>Tarea "CheckForDuplicateFrameworkReferences"
       Ejecuci├│n de la tarea "CheckForDuplicateFrameworkReferences" terminada.
   5:9>Destino "_CheckForUnsupportedNETCoreVersion" en el archivo "C:\Program Files\dotnet\sdk\9.0.201\Sdks\Microsoft.NET.Sdk\targets\Microsoft.NET.TargetFrameworkInference.targets" del proyecto "D:\Users\Jhon\Documentos\Mintrabajo\Modulo General usuarios\AuthSystemNew\AuthSystem.Infrastructure\AuthSystem.Infrastructure.csproj" (el destino "_CheckForInvalidConfigurationAndPlatform" depende de ├®l):
   5:9>Se omiti├│ la tarea "NETSdkError" debido a una condici├│n falsa (False); ('$(_TargetFrameworkVersionWithoutV)' > '$(NETCoreAppMaximumVersion)' and '$(DisplayVSMessage)' != 'true') se evalu├│ como ('8.0' > '9.0' and '' != 'true').
  2:10>ProcessFrameworkReferences:
       Usando la tarea "ProcessFrameworkReferences" del ensamblado "C:\Program Files\dotnet\sdk\9.0.201\Sdks\Microsoft.NET.Sdk\targets\..\tools\net9.0\Microsoft.NET.Build.Tasks.dll".
       Tarea "ProcessFrameworkReferences"
   5:9>_CheckForUnsupportedNETCoreVersion:
       Se omiti├│ la tarea "NETSdkError" debido a una condici├│n falsa (False); ('$(DisplayVSMessage)' == 'true') se evalu├│ como ('' == 'true').
   5:9>Compilaci├│n terminada del destino "_CheckForUnsupportedNETCoreVersion" en el proyecto "AuthSystem.Infrastructure.csproj".
  2:10>Ejecuci├│n de la tarea "ProcessFrameworkReferences" terminada.
   5:9>Se omiti├│ el destino "_CheckForEolTargetFrameworks" debido a una condici├│n falsa (False); ('@(_EolNetCoreTargetFrameworkVersions->AnyHaveMetadataValue('Identity', '$(_TargetFrameworkVersionWithoutV)'))' and '$(TargetFrameworkIdentifier)' == '.NETCoreApp' and '$(CheckEolTargetFramework)' == 'true') se evalu├│ como ('false' and '.NETCoreApp' == '.NETCoreApp' and '' == 'true').
  2:10>ProcessFrameworkReferences:
       Usando la tarea "ResolveAppHosts" del ensamblado "C:\Program Files\dotnet\sdk\9.0.201\Sdks\Microsoft.NET.Sdk\targets\..\tools\net9.0\Microsoft.NET.Build.Tasks.dll".
   5:9>Se omiti├│ el destino "_CheckForEolWorkloads" debido a una condici├│n falsa (False); ('@(EolWorkload)' != '' and '$(CheckEolWorkloads)' == 'true') se evalu├│ como ('' != '' and 'true' == 'true').
  2:10>Tarea "ResolveAppHosts"
   5:9>Se omiti├│ el destino "_CheckForNotRecommendedNETStandardVersion" debido a una condici├│n falsa (False); ('$(TargetFrameworkIdentifier)' == '.NETStandard' and $([MSBuild]::VersionLessThan($(TargetFrameworkVersion), '2.0'))) se evalu├│ como ('.NETCoreApp' == '.NETStandard' and False).
  2:10>Ejecuci├│n de la tarea "ResolveAppHosts" terminada.
  2:10>Compilaci├│n terminada del destino "ProcessFrameworkReferences" en el proyecto "AuthSystem.Application.csproj".
       Se omiti├│ el destino "IncludeTargetingPackReference" debido a una condici├│n falsa (False); ('$(TargetFrameworkMoniker)' != '' and '$(TargetFrameworkIdentifier)' == '.NETFramework' and '$(AutomaticallyUseReferenceAssemblyPackages)' == 'true') se evalu├│ como ('.NETCoreApp,Version=v8.0' != '' and '.NETCoreApp' == '.NETFramework' and 'true' == 'true').
       Se omiti├│ el destino "_CheckMicrosoftNetCompilersToolsetFrameworkPackageReference" debido a una condici├│n falsa (False); ('$(MSBuildRuntimeType)' == 'Full') se evalu├│ como ('Core' == 'Full').
   5:9>Destino "_CheckForUnsupportedCppNETCoreVersion" en el archivo "C:\Program Files\dotnet\sdk\9.0.201\Sdks\Microsoft.NET.Sdk\targets\Microsoft.NET.TargetFrameworkInference.targets" del proyecto "D:\Users\Jhon\Documentos\Mintrabajo\Modulo General usuarios\AuthSystemNew\AuthSystem.Infrastructure\AuthSystem.Infrastructure.csproj" (el destino "_CheckForInvalidConfigurationAndPlatform" depende de ├®l):
   5:9>Se omiti├│ la tarea "NETSdkError" debido a una condici├│n falsa (False); ('$(TargetFrameworkIdentifier)' == '.NETCoreApp' and '$(_TargetFrameworkVersionWithoutV)' < '3.1' and ('$(Language)' == 'C++' and '$(_EnablePackageReferencesInVCProjects)' != 'true')) se evalu├│ como ('.NETCoreApp' == '.NETCoreApp' and '8.0' < '3.1' and ('C#' == 'C++' and '' != 'true')).
  2:10>Destino "_CheckForObsoleteDotNetCliToolReferences" en el archivo "C:\Program Files\dotnet\sdk\9.0.201\Sdks\Microsoft.NET.Sdk\targets\Microsoft.NET.ObsoleteReferences.targets" del proyecto "D:\Users\Jhon\Documentos\Mintrabajo\Modulo General usuarios\AuthSystemNew\AuthSystem.Application\AuthSystem.Application.csproj" (el destino "CollectPackageReferences" depende de ├®l):
  2:10>Se omiti├│ la tarea "NETSdkWarning" debido a una condici├│n falsa (False); ( '%(_ReferenceToObsoleteDotNetCliTool.Identity)' != '' ) se evalu├│ como ( '' != '' ).
   5:9>Compilaci├│n terminada del destino "_CheckForUnsupportedCppNETCoreVersion" en el proyecto "AuthSystem.Infrastructure.csproj".
       Se omiti├│ el destino "_CheckForUnsupportedNETStandardVersion" debido a una condici├│n falsa (False); ('$(TargetFrameworkIdentifier)' == '.NETStandard' And '$(NETStandardMaximumVersion)' != '') se evalu├│ como ('.NETCoreApp' == '.NETStandard' And '' != '').
  2:10>Compilaci├│n terminada del destino "_CheckForObsoleteDotNetCliToolReferences" en el proyecto "AuthSystem.Application.csproj".
   5:9>Se omiti├│ el destino "_CheckForUnsupportedTargetFrameworkAndFeatureCombination" debido a una condici├│n falsa (False); ('$(TargetFrameworkIdentifier)' == '.NETFramework') se evalu├│ como ('.NETCoreApp' == '.NETFramework').
       Se omiti├│ el destino "_CheckForSupportedOSPlatformVersionHigherThanTargetPlatformVersion" debido a una condici├│n falsa (False); ('$(TargetPlatformVersion)' != '' and '$(TargetFrameworkIdentifier)' == '.NETCoreApp' and $([MSBuild]::VersionGreaterThanOrEquals($(TargetFrameworkVersion), 5.0))) se evalu├│ como ('' != '' and '.NETCoreApp' == '.NETCoreApp' and True).
  2:10>Destino "CollectPackageReferences" en el archivo "C:\Program Files\dotnet\sdk\9.0.201\NuGet.targets" del proyecto "D:\Users\Jhon\Documentos\Mintrabajo\Modulo General usuarios\AuthSystemNew\AuthSystem.Application\AuthSystem.Application.csproj" (el destino "_GetRestoreProjectStyle" depende de ├®l):
  2:10>Usando la tarea "CheckForDuplicateNuGetItemsTask" del ensamblado "C:\Program Files\dotnet\sdk\9.0.201\NuGet.Build.Tasks.dll".
   5:9>Se omiti├│ el destino "_CheckForInvalidTargetPlatformVersion" debido a una condici├│n falsa (False); ('$(TargetPlatformVersion)' != '' and '$(TargetFrameworkIdentifier)' == '.NETCoreApp' and $([MSBuild]::VersionGreaterThanOrEquals($(TargetFrameworkVersion), 5.0)) and ('$(Language)' != 'C++' or '$(_EnablePackageReferencesInVCProjects)' == 'true')) se evalu├│ como ('' != '' and '.NETCoreApp' == '.NETCoreApp' and True and ('C#' != 'C++' or '' == 'true')).
  2:10>Tarea "CheckForDuplicateNuGetItemsTask"
       Ejecuci├│n de la tarea "CheckForDuplicateNuGetItemsTask" terminada.
   5:9>Destino "_CheckForUnsupportedArtifactsPath" en el archivo "C:\Program Files\dotnet\sdk\9.0.201\Sdks\Microsoft.NET.Sdk\targets\Microsoft.NET.DefaultOutputPaths.targets" del proyecto "D:\Users\Jhon\Documentos\Mintrabajo\Modulo General usuarios\AuthSystemNew\AuthSystem.Infrastructure\AuthSystem.Infrastructure.csproj" (el destino "_CheckForInvalidConfigurationAndPlatform" depende de ├®l):
   5:9>Se omiti├│ la tarea "NetSdkError" debido a una condici├│n falsa (False); ('$(UseArtifactsOutput)' == 'true' and '$(_ArtifactsPathSetEarly)' != 'true') se evalu├│ como ('' == 'true' and '' != 'true').
  2:10>Compilaci├│n terminada del destino "CollectPackageReferences" en el proyecto "AuthSystem.Application.csproj".
   5:9>_CheckForUnsupportedArtifactsPath:
       Se omiti├│ la tarea "NetSdkError" debido a una condici├│n falsa (False); ('$(_ArtifactsPathLocationType)' == 'ProjectFolder') se evalu├│ como ('' == 'ProjectFolder').
  2:10>Destino "_GetRestoreProjectStyle" en el archivo "C:\Program Files\dotnet\sdk\9.0.201\NuGet.targets" del proyecto "D:\Users\Jhon\Documentos\Mintrabajo\Modulo General usuarios\AuthSystemNew\AuthSystem.Application\AuthSystem.Application.csproj" (el destino "EnableIntermediateOutputPathMismatchWarning" depende de ├®l):
  2:10>Usando la tarea "GetRestoreProjectStyleTask" del ensamblado "C:\Program Files\dotnet\sdk\9.0.201\NuGet.Build.Tasks.dll".
   5:9>Compilaci├│n terminada del destino "_CheckForUnsupportedArtifactsPath" en el proyecto "AuthSystem.Infrastructure.csproj".
  2:10>Tarea "GetRestoreProjectStyleTask"
   5:9>Se omiti├│ el destino "_CheckForMissingWorkload" debido a una condici├│n falsa (False); ('@(MissingWorkloadPack)' != '' And '$(DesignTimeBuild)' != 'true') se evalu├│ como ('' != '' And '' != 'true').
  2:10>Ejecuci├│n de la tarea "GetRestoreProjectStyleTask" terminada.
   5:9>Se omiti├│ el destino "_CheckForUnsupportedAppHostUsage" debido a una condici├│n falsa (False); ('$(TargetFrameworkIdentifier)' == '.NETCoreApp' and '$(HasRuntimeOutput)' == 'true') se evalu├│ como ('.NETCoreApp' == '.NETCoreApp' and '' == 'true').
  2:10>Compilaci├│n terminada del destino "_GetRestoreProjectStyle" en el proyecto "AuthSystem.Application.csproj".
   5:9>Destino "_CheckForUnsupportedHostingUsage" en el archivo "C:\Program Files\dotnet\sdk\9.0.201\Sdks\Microsoft.NET.Sdk\targets\Microsoft.NET.RuntimeIdentifierInference.targets" del proyecto "D:\Users\Jhon\Documentos\Mintrabajo\Modulo General usuarios\AuthSystemNew\AuthSystem.Infrastructure\AuthSystem.Infrastructure.csproj" (el destino "_CheckForInvalidConfigurationAndPlatform" depende de ├®l):
   5:9>Se omiti├│ la tarea "NETSdkWarning" debido a una condici├│n falsa (False); ('$(SelfContained)' == 'true' and '$(EnableComHosting)' == 'true') se evalu├│ como ('' == 'true' and '' == 'true').
  2:10>Destino "EnableIntermediateOutputPathMismatchWarning" en el archivo "C:\Program Files\dotnet\sdk\9.0.201\NuGet.targets" del proyecto "D:\Users\Jhon\Documentos\Mintrabajo\Modulo General usuarios\AuthSystemNew\AuthSystem.Application\AuthSystem.Application.csproj" (el destino "_CheckForInvalidConfigurationAndPlatform" depende de ├®l):
  2:10>Compilaci├│n terminada del destino "EnableIntermediateOutputPathMismatchWarning" en el proyecto "AuthSystem.Application.csproj".
   5:9>Compilaci├│n terminada del destino "_CheckForUnsupportedHostingUsage" en el proyecto "AuthSystem.Infrastructure.csproj".
  2:10>Se omiti├│ el destino "ApplyImplicitVersions". Compilado previamente de forma correcta.
       Se omiti├│ el destino "CheckForImplicitPackageReferenceOverrides". Compilado previamente de forma correcta.
   5:9>Destino "_CheckAndUnsetUnsupportedPrefer32Bit" en el archivo "C:\Program Files\dotnet\sdk\9.0.201\Sdks\Microsoft.NET.Sdk\targets\Microsoft.NET.RuntimeIdentifierInference.targets" del proyecto "D:\Users\Jhon\Documentos\Mintrabajo\Modulo General usuarios\AuthSystemNew\AuthSystem.Infrastructure\AuthSystem.Infrastructure.csproj" (el destino "_CheckForInvalidConfigurationAndPlatform" depende de ├®l):
   5:9>Se omiti├│ la tarea "NETSdkWarning" debido a una condici├│n falsa (False); ('$(Prefer32Bit)' == 'true') se evalu├│ como ('false' == 'true').
  2:10>Destino "CheckForDuplicateItems" en el archivo "C:\Program Files\dotnet\sdk\9.0.201\Sdks\Microsoft.NET.Sdk\targets\Microsoft.NET.Sdk.DefaultItems.Shared.targets" del proyecto "D:\Users\Jhon\Documentos\Mintrabajo\Modulo General usuarios\AuthSystemNew\AuthSystem.Application\AuthSystem.Application.csproj" (el destino "_CheckForInvalidConfigurationAndPlatform" depende de ├®l):
  2:10>Usando la tarea "CheckForDuplicateItems" del ensamblado "C:\Program Files\dotnet\sdk\9.0.201\Sdks\Microsoft.NET.Sdk\targets\..\tools\net9.0\Microsoft.NET.Build.Tasks.dll".
   5:9>Compilaci├│n terminada del destino "_CheckAndUnsetUnsupportedPrefer32Bit" en el proyecto "AuthSystem.Infrastructure.csproj".
  2:10>Tarea "CheckForDuplicateItems"
   5:9>Se omiti├│ el destino "_CheckAndUnsetUnsupportedPreferNativeArm64" debido a una condici├│n falsa (False); ('$(TargetFrameworkIdentifier)' == '.NETCoreApp' and '$(PreferNativeArm64)' == 'true') se evalu├│ como ('.NETCoreApp' == '.NETCoreApp' and 'false' == 'true').
  2:10>Ejecuci├│n de la tarea "CheckForDuplicateItems" terminada.
   5:9>Se omiti├│ el destino "_CheckForMismatchingPlatform" debido a una condici├│n falsa (False); ('$(RuntimeIdentifier)' != '' and '$(PlatformTarget)' != '') se evalu├│ como ('' != '' and '' != '').
  2:10>Tarea "CheckForDuplicateItems"
       Ejecuci├│n de la tarea "CheckForDuplicateItems" terminada.
   5:9>Destino "_CheckForLanguageAndFeatureCombinationSupport" en el archivo "C:\Program Files\dotnet\sdk\9.0.201\Sdks\Microsoft.NET.Sdk\targets\Microsoft.NET.RuntimeIdentifierInference.targets" del proyecto "D:\Users\Jhon\Documentos\Mintrabajo\Modulo General usuarios\AuthSystemNew\AuthSystem.Infrastructure\AuthSystem.Infrastructure.csproj" (el destino "_CheckForInvalidConfigurationAndPlatform" depende de ├®l):
   5:9>Se omiti├│ la tarea "NETSdkError" debido a una condici├│n falsa (False); (('$(Language)' == 'C++' and '$(_EnablePackageReferencesInVCProjects)' != 'true') and $(OutputType) != 'library' and '$(TargetFrameworkIdentifier)' == '.NETCoreApp') se evalu├│ como (('C#' == 'C++' and '' != 'true') and Library != 'library' and '.NETCoreApp' == '.NETCoreApp').
  2:10>Tarea "CheckForDuplicateItems"
   5:9>_CheckForLanguageAndFeatureCombinationSupport:
       Se omiti├│ la tarea "NETSdkError" debido a una condici├│n falsa (False); (('$(Language)' == 'C++' and '$(_EnablePackageReferencesInVCProjects)' != 'true') and $(EnableComHosting) == 'true') se evalu├│ como (('C#' == 'C++' and '' != 'true') and  == 'true').
  2:10>Ejecuci├│n de la tarea "CheckForDuplicateItems" terminada.
   5:9>_CheckForLanguageAndFeatureCombinationSupport:
       Se omiti├│ la tarea "NETSdkError" debido a una condici├│n falsa (False); (('$(Language)' == 'C++' and '$(_EnablePackageReferencesInVCProjects)' != 'true') and $(SelfContained) == 'true') se evalu├│ como (('C#' == 'C++' and '' != 'true') and  == 'true').
  2:10>Compilaci├│n terminada del destino "CheckForDuplicateItems" en el proyecto "AuthSystem.Application.csproj".
   5:9>Compilaci├│n terminada del destino "_CheckForLanguageAndFeatureCombinationSupport" en el proyecto "AuthSystem.Infrastructure.csproj".
  2:10>Se omiti├│ el destino "WarnForExplicitVersions" debido a una condici├│n falsa (False); ('@(SdkBuildWarning)' != '') se evalu├│ como ('' != '').
       Se omiti├│ el destino "_CheckForFailedSDKResolution" debido a una condici├│n falsa (False); ('$(SdkResolverHonoredGlobalJson)' == 'false') se evalu├│ como ('' == 'false').
   5:9>Se omiti├│ el destino "_CheckForNETCoreSdkIsPreview" debido a una condici├│n falsa (False); ( '$(_NETCoreSdkIsPreview)' == 'true' AND '$(SuppressNETCoreSdkPreviewMessage)' != 'true' ) se evalu├│ como ( 'false' == 'true' AND '' != 'true' ).
  2:10>Se omiti├│ el destino "_WarnWhenUsingNET9AndVSPriorTo1712" debido a una condici├│n falsa (False); ($([MSBuild]::VersionLessThan($(MSBuildVersion), '17.12.0')) and '$(TargetFrameworkIdentifier)' == '.NETCoreApp' and $([MSBuild]::VersionGreaterThanOrEquals($(_TargetFrameworkVersionWithoutV), '9.0'))) se evalu├│ como (False and '.NETCoreApp' == '.NETCoreApp' and False).
   5:9>Destino "_GetProjectJsonPath" en el archivo "C:\Program Files\dotnet\sdk\9.0.201\NuGet.targets" del proyecto "D:\Users\Jhon\Documentos\Mintrabajo\Modulo General usuarios\AuthSystemNew\AuthSystem.Infrastructure\AuthSystem.Infrastructure.csproj" (el destino "_GetRestoreProjectStyle" depende de ├®l):
   5:9>Se omiti├│ la tarea "GetRestoreProjectJsonPathTask" debido a una condici├│n falsa (False); ( '$(RestoreProjectStyle)' == 'ProjectJson' OR '$(RestoreProjectStyle)' == '' ) se evalu├│ como ( 'PackageReference' == 'ProjectJson' OR 'PackageReference' == '' ).
  2:10>Se omiti├│ el destino "_CheckForInvalidWindowsDesktopTargetingConfiguration" debido a una condici├│n falsa (False); ('$(TargetFrameworkIdentifier)' == '.NETCoreApp' and $([MSBuild]::VersionGreaterThanOrEquals($(_TargetFrameworkVersionWithoutV), '5.0')) and ('$(UseWindowsForms)' == 'true' or '$(UseWPF)' == 'true')) se evalu├│ como ('.NETCoreApp' == '.NETCoreApp' and True and ('' == 'true' or '' == 'true')).
   5:9>Compilaci├│n terminada del destino "_GetProjectJsonPath" en el proyecto "AuthSystem.Infrastructure.csproj".
  2:10>Se omiti├│ el destino "_CheckForUnnecessaryWindowsDesktopSDK" debido a una condici├│n falsa (False); ('$(TargetFrameworkIdentifier)' == '.NETCoreApp' and $([MSBuild]::VersionGreaterThanOrEquals($(_TargetFrameworkVersionWithoutV), '5.0')) and '$(_MicrosoftWindowsDesktopSdkImported)' == 'true' and '$(TargetFrameworks)' == '') se evalu├│ como ('.NETCoreApp' == '.NETCoreApp' and True and '' == 'true' and '' == '').
   5:9>Se omiti├│ el destino "_CheckForUnsupportedTargetPlatformIdentifier" debido a una condici├│n falsa (False); ('$(TargetPlatformIdentifier)' != '' and '$(TargetFrameworkIdentifier)' == '.NETCoreApp' and $([MSBuild]::VersionGreaterThanOrEquals($(TargetFrameworkVersion), 5.0)) And ('$(DesignTimeBuild)' != 'true' Or '@(MissingWorkloadPack)' == '')) se evalu├│ como ('' != '' and '.NETCoreApp' == '.NETCoreApp' and True And ('' != 'true' Or '' == '')).
  2:10>Se omiti├│ el destino "ProcessFrameworkReferences". Compilado previamente de forma correcta.
   5:9>Se omiti├│ el destino "_CheckForMissingWorkload" debido a una condici├│n falsa (False); ('@(MissingWorkloadPack)' != '' And '$(DesignTimeBuild)' != 'true') se evalu├│ como ('' != '' And '' != 'true').
  2:10>Se omiti├│ el destino "IncludeTargetingPackReference" debido a una condici├│n falsa (False); ('$(TargetFrameworkMoniker)' != '' and '$(TargetFrameworkIdentifier)' == '.NETFramework' and '$(AutomaticallyUseReferenceAssemblyPackages)' == 'true') se evalu├│ como ('.NETCoreApp,Version=v8.0' != '' and '.NETCoreApp' == '.NETFramework' and 'true' == 'true').
   5:9>Se omiti├│ el destino "_CheckForNotRecommendedNETStandardVersion" debido a una condici├│n falsa (False); ('$(TargetFrameworkIdentifier)' == '.NETStandard' and $([MSBuild]::VersionLessThan($(TargetFrameworkVersion), '2.0'))) se evalu├│ como ('.NETCoreApp' == '.NETStandard' and False).
  2:10>Destino "_CheckForInvalidConfigurationAndPlatform" en el archivo "C:\Program Files\dotnet\sdk\9.0.201\Microsoft.Common.CurrentVersion.targets" del proyecto "D:\Users\Jhon\Documentos\Mintrabajo\Modulo General usuarios\AuthSystemNew\AuthSystem.Application\AuthSystem.Application.csproj" (el destino "BeforeBuild" depende de ├®l):
  2:10>Se omiti├│ la tarea "MSBuildInternalMessage" debido a una condici├│n falsa (False); ('$(_InvalidConfigurationMessageSeverity)' != '') se evalu├│ como ('' != '').
   5:9>Se omiti├│ el destino "_CheckForUnsupportedNETStandardVersion" debido a una condici├│n falsa (False); ('$(TargetFrameworkIdentifier)' == '.NETStandard' And '$(NETStandardMaximumVersion)' != '') se evalu├│ como ('.NETCoreApp' == '.NETStandard' And '' != '').
  2:10>Tarea "Message"
         Configuration=Debug
   5:9>Se omiti├│ el destino "_CheckForUnsupportedTargetFrameworkAndFeatureCombination" debido a una condici├│n falsa (False); ('$(TargetFrameworkIdentifier)' == '.NETFramework') se evalu├│ como ('.NETCoreApp' == '.NETFramework').
  2:10>Ejecuci├│n de la tarea "Message" terminada.
   5:9>Destino "UpdateAspNetToFrameworkReference" en el archivo "C:\Program Files\dotnet\sdk\9.0.201\Sdks\Microsoft.NET.Sdk\targets\Microsoft.NET.Sdk.DefaultItems.Shared.targets" del proyecto "D:\Users\Jhon\Documentos\Mintrabajo\Modulo General usuarios\AuthSystemNew\AuthSystem.Infrastructure\AuthSystem.Infrastructure.csproj" (el destino "ApplyImplicitVersions" depende de ├®l):
   5:9>Usando la tarea "CheckIfPackageReferenceShouldBeFrameworkReference" del ensamblado "C:\Program Files\dotnet\sdk\9.0.201\Sdks\Microsoft.NET.Sdk\targets\..\tools\net9.0\Microsoft.NET.Build.Tasks.dll".
  2:10>Tarea "Message"
         Platform=AnyCPU
   5:9>Tarea "CheckIfPackageReferenceShouldBeFrameworkReference"
  2:10>Ejecuci├│n de la tarea "Message" terminada.
   5:9>Ejecuci├│n de la tarea "CheckIfPackageReferenceShouldBeFrameworkReference" terminada.
  2:10>_CheckForInvalidConfigurationAndPlatform:
       Se omiti├│ la tarea "MSBuildInternalMessage" debido a una condici├│n falsa (False); ('$(OutDir)' != '' and !HasTrailingSlash('$(OutDir)')) se evalu├│ como ('bin\Debug\net8.0\' != '' and !HasTrailingSlash('bin\Debug\net8.0\')).
   5:9>UpdateAspNetToFrameworkReference:
       Se omiti├│ la tarea "NETSdkError" debido a una condici├│n falsa (False); ('$(_ShouldRemoveAspNetCoreAll)' == 'true') se evalu├│ como ('False' == 'true').
  2:10>_CheckForInvalidConfigurationAndPlatform:
       Se omiti├│ la tarea "MSBuildInternalMessage" debido a una condici├│n falsa (False); ('$(IntermediateOutputPath)' != '' and !HasTrailingSlash('$(IntermediateOutputPath)')) se evalu├│ como ('obj\Debug\net8.0\' != '' and !HasTrailingSlash('obj\Debug\net8.0\')).
   5:9>Tarea "CheckIfPackageReferenceShouldBeFrameworkReference"
  2:10>_CheckForInvalidConfigurationAndPlatform:
       Se omiti├│ la tarea "MSBuildInternalMessage" debido a una condici├│n falsa (False); ('$(BaseIntermediateOutputPath)' != '' and !HasTrailingSlash('$(BaseIntermediateOutputPath)')) se evalu├│ como ('obj\' != '' and !HasTrailingSlash('obj\')).
       Se omiti├│ la tarea "MSBuildInternalMessage" debido a una condici├│n falsa (False); ( '$(Prefer32Bit)' == 'true' and '$(PreferNativeArm64)' == 'true' ) se evalu├│ como ( 'false' == 'true' and 'false' == 'true' ).
   5:9>Ejecuci├│n de la tarea "CheckIfPackageReferenceShouldBeFrameworkReference" terminada.
  2:10>_CheckForInvalidConfigurationAndPlatform:
       Se omiti├│ la tarea "MSBuildInternalMessage" debido a una condici├│n falsa (False); ( '$(NoWin32Manifest)' == 'true' and '$(PreferNativeArm64)' == 'true' ) se evalu├│ como ( '' == 'true' and 'false' == 'true' ).
   1:2>El proyecto "D:\Users\Jhon\Documentos\Mintrabajo\Modulo General usuarios\AuthSystemNew\AuthSystem.sln" (1:2) est├í compilando "D:\Users\Jhon\Documentos\Mintrabajo\Modulo General usuarios\AuthSystemNew\AuthSystem.UnitTests\AuthSystem.UnitTests.csproj" (4:6) en el nodo 5 (destinos predeterminados).
   4:6>Destino "GenerateProgramFile" en el archivo "C:\Users\JHON\.nuget\packages\microsoft.net.test.sdk\17.8.0\build\netcoreapp3.1\Microsoft.NET.Test.Sdk.targets" del proyecto "D:\Users\Jhon\Documentos\Mintrabajo\Modulo General usuarios\AuthSystemNew\AuthSystem.UnitTests\AuthSystem.UnitTests.csproj" (punto de entrada):
   4:6>Se omiti├│ la tarea "Warning" debido a una condici├│n falsa (False); (@(ProgramCompiles->Count()) != 0) se evalu├│ como (0 != 0).
   5:9>UpdateAspNetToFrameworkReference:
       Se omiti├│ la tarea "NETSdkWarning" debido a una condici├│n falsa (False); ('$(_ShouldRemoveAspNetCoreApp)' == 'true') se evalu├│ como ('False' == 'true').
   4:6>Compilaci├│n terminada del destino "GenerateProgramFile" en el proyecto "AuthSystem.UnitTests.csproj".
  2:10>_CheckForInvalidConfigurationAndPlatform:
       Se omiti├│ la tarea "MSBuildInternalMessage" debido a una condici├│n falsa (False); ( '$(PreferNativeArm64)' == 'true' and '$(Platform)' != 'AnyCPU' ) se evalu├│ como ( 'false' == 'true' and 'AnyCPU' != 'AnyCPU' ).
   4:6>Se omiti├│ el destino "_CheckForUnsupportedTargetFramework" debido a una condici├│n falsa (False); ('$(_UnsupportedTargetFrameworkError)' == 'true') se evalu├│ como ('' == 'true').
   5:9>Compilaci├│n terminada del destino "UpdateAspNetToFrameworkReference" en el proyecto "AuthSystem.Infrastructure.csproj".
  2:10>_CheckForInvalidConfigurationAndPlatform:
       Se omiti├│ la tarea "MSBuildInternalMessage" debido a una condici├│n falsa (False); ( '$(_InitialMSBuildProjectExtensionsPath)' != '' And '$(MSBuildProjectExtensionsPath)' != '$(_InitialMSBuildProjectExtensionsPath)' ) se evalu├│ como ( 'D:\Users\Jhon\Documentos\Mintrabajo\Modulo General usuarios\AuthSystemNew\AuthSystem.Application\obj\' != '' And 'D:\Users\Jhon\Documentos\Mintrabajo\Modulo General usuarios\AuthSystemNew\AuthSystem.Application\obj\' != 'D:\Users\Jhon\Documentos\Mintrabajo\Modulo General usuarios\AuthSystemNew\AuthSystem.Application\obj\' ).
   5:9>Se omiti├│ el destino "IncludeTargetingPackReference" debido a una condici├│n falsa (False); ('$(TargetFrameworkMoniker)' != '' and '$(TargetFrameworkIdentifier)' == '.NETFramework' and '$(AutomaticallyUseReferenceAssemblyPackages)' == 'true') se evalu├│ como ('.NETCoreApp,Version=v8.0' != '' and '.NETCoreApp' == '.NETFramework' and 'true' == 'true').
  2:10>_CheckForInvalidConfigurationAndPlatform:
       Se omiti├│ la tarea "MSBuildInternalMessage" debido a una condici├│n falsa (False); ( '$(EnableBaseIntermediateOutputPathMismatchWarning)' == 'true' And '$(_InitialBaseIntermediateOutputPath)' != '$(BaseIntermediateOutputPath)' And '$(BaseIntermediateOutputPath)' != '$(MSBuildProjectExtensionsPath)' ) se evalu├│ como ( 'true' == 'true' And 'obj\' != 'obj\' And 'obj\' != 'D:\Users\Jhon\Documentos\Mintrabajo\Modulo General usuarios\AuthSystemNew\AuthSystem.Application\obj\' ).
  2:10>Compilaci├│n terminada del destino "_CheckForInvalidConfigurationAndPlatform" en el proyecto "AuthSystem.Application.csproj".
   5:9>Destino "CheckForImplicitPackageReferenceOverrides" en el archivo "C:\Program Files\dotnet\sdk\9.0.201\Sdks\Microsoft.NET.Sdk\targets\Microsoft.NET.Sdk.DefaultItems.Shared.targets" del proyecto "D:\Users\Jhon\Documentos\Mintrabajo\Modulo General usuarios\AuthSystemNew\AuthSystem.Infrastructure\AuthSystem.Infrastructure.csproj" (el destino "ApplyImplicitVersions" depende de ├®l):
   5:9>Usando la tarea "CheckForImplicitPackageReferenceOverrides" del ensamblado "C:\Program Files\dotnet\sdk\9.0.201\Sdks\Microsoft.NET.Sdk\targets\..\tools\net9.0\Microsoft.NET.Build.Tasks.dll".
   4:6>Destino "_CollectTargetFrameworkForTelemetry" en el archivo "C:\Program Files\dotnet\sdk\9.0.201\Sdks\Microsoft.NET.Sdk\targets\Microsoft.NET.TargetFrameworkInference.targets" del proyecto "D:\Users\Jhon\Documentos\Mintrabajo\Modulo General usuarios\AuthSystemNew\AuthSystem.UnitTests\AuthSystem.UnitTests.csproj" (el destino "_CheckForInvalidConfigurationAndPlatform" depende de ├®l):
   4:6>Usando la tarea "AllowEmptyTelemetry" del ensamblado "C:\Program Files\dotnet\sdk\9.0.201\Sdks\Microsoft.NET.Sdk\targets\..\tools\net9.0\Microsoft.NET.Build.Tasks.dll".
   5:9>Tarea "CheckForImplicitPackageReferenceOverrides"
   4:6>Tarea "AllowEmptyTelemetry"
   5:9>Ejecuci├│n de la tarea "CheckForImplicitPackageReferenceOverrides" terminada.
  2:10>Destino "ValidateCommandLineProperties" en el archivo "C:\Program Files\dotnet\sdk\9.0.201\Sdks\Microsoft.NET.Sdk\targets\Microsoft.NET.Sdk.targets" del proyecto "D:\Users\Jhon\Documentos\Mintrabajo\Modulo General usuarios\AuthSystemNew\AuthSystem.Application\AuthSystem.Application.csproj" (el destino "BeforeBuild" depende de ├®l):
  2:10>Compilaci├│n terminada del destino "ValidateCommandLineProperties" en el proyecto "AuthSystem.Application.csproj".
   5:9>Compilaci├│n terminada del destino "CheckForImplicitPackageReferenceOverrides" en el proyecto "AuthSystem.Infrastructure.csproj".
   4:6>Ejecuci├│n de la tarea "AllowEmptyTelemetry" terminada.
  2:10>Destino "BeforeBuild" en el archivo "C:\Program Files\dotnet\sdk\9.0.201\Microsoft.Common.CurrentVersion.targets" del proyecto "D:\Users\Jhon\Documentos\Mintrabajo\Modulo General usuarios\AuthSystemNew\AuthSystem.Application\AuthSystem.Application.csproj" (el destino "Build" depende de ├®l):
  2:10>Compilaci├│n terminada del destino "BeforeBuild" en el proyecto "AuthSystem.Application.csproj".
   1:2>El proyecto "D:\Users\Jhon\Documentos\Mintrabajo\Modulo General usuarios\AuthSystemNew\AuthSystem.sln" (1:2) est├í compilando "D:\Users\Jhon\Documentos\Mintrabajo\Modulo General usuarios\AuthSystemNew\AuthSystem.Domain\AuthSystem.Domain.csproj" (6:11) en el nodo 6 (destinos predeterminados).
  6:11>Se omiti├│ el destino "_CheckForUnsupportedTargetFramework" debido a una condici├│n falsa (False); ('$(_UnsupportedTargetFrameworkError)' == 'true') se evalu├│ como ('' == 'true').
   5:9>Destino "ApplyImplicitVersions" en el archivo "C:\Program Files\dotnet\sdk\9.0.201\Sdks\Microsoft.NET.Sdk\targets\Microsoft.NET.Sdk.DefaultItems.Shared.targets" del proyecto "D:\Users\Jhon\Documentos\Mintrabajo\Modulo General usuarios\AuthSystemNew\AuthSystem.Infrastructure\AuthSystem.Infrastructure.csproj" (el destino "CollectPackageReferences" depende de ├®l):
   5:9>Usando la tarea "ApplyImplicitVersions" del ensamblado "C:\Program Files\dotnet\sdk\9.0.201\Sdks\Microsoft.NET.Sdk\targets\..\tools\net9.0\Microsoft.NET.Build.Tasks.dll".
  2:10>Se omiti├│ el destino "_CheckForBuildWithNoBuild" debido a una condici├│n falsa (False); ('$(NoBuild)' == 'true' and '$(GeneratePackageOnBuild)' != 'true') se evalu├│ como ('' == 'true' and 'false' != 'true').
   5:9>Tarea "ApplyImplicitVersions"
   4:6>Compilaci├│n terminada del destino "_CollectTargetFrameworkForTelemetry" en el proyecto "AuthSystem.UnitTests.csproj".
   5:9>Ejecuci├│n de la tarea "ApplyImplicitVersions" terminada.
   4:6>Se omiti├│ el destino "_CheckForUnsupportedTargetPlatformIdentifier" debido a una condici├│n falsa (False); ('$(TargetPlatformIdentifier)' != '' and '$(TargetFrameworkIdentifier)' == '.NETCoreApp' and $([MSBuild]::VersionGreaterThanOrEquals($(TargetFrameworkVersion), 5.0)) And ('$(DesignTimeBuild)' != 'true' Or '@(MissingWorkloadPack)' == '')) se evalu├│ como ('' != '' and '.NETCoreApp' == '.NETCoreApp' and True And ('' != 'true' Or '' == '')).
       Se omiti├│ el destino "_CheckForMissingWorkload" debido a una condici├│n falsa (False); ('@(MissingWorkloadPack)' != '' And '$(DesignTimeBuild)' != 'true') se evalu├│ como ('' != '' And '' != 'true').
  2:10>Destino "BuildOnlySettings" en el archivo "C:\Program Files\dotnet\sdk\9.0.201\Microsoft.Common.CurrentVersion.targets" del proyecto "D:\Users\Jhon\Documentos\Mintrabajo\Modulo General usuarios\AuthSystemNew\AuthSystem.Application\AuthSystem.Application.csproj" (el destino "CoreBuild" depende de ├®l):
  2:10>Compilaci├│n terminada del destino "BuildOnlySettings" en el proyecto "AuthSystem.Application.csproj".
  6:11>Destino "_CollectTargetFrameworkForTelemetry" en el archivo "C:\Program Files\dotnet\sdk\9.0.201\Sdks\Microsoft.NET.Sdk\targets\Microsoft.NET.TargetFrameworkInference.targets" del proyecto "D:\Users\Jhon\Documentos\Mintrabajo\Modulo General usuarios\AuthSystemNew\AuthSystem.Domain\AuthSystem.Domain.csproj" (el destino "_CheckForInvalidConfigurationAndPlatform" depende de ├®l):
  6:11>Usando la tarea "AllowEmptyTelemetry" del ensamblado "C:\Program Files\dotnet\sdk\9.0.201\Sdks\Microsoft.NET.Sdk\targets\..\tools\net9.0\Microsoft.NET.Build.Tasks.dll".
   5:9>Compilaci├│n terminada del destino "ApplyImplicitVersions" en el proyecto "AuthSystem.Infrastructure.csproj".
  2:10>Se omiti├│ el destino "_CheckForUnsupportedTargetFramework" debido a una condici├│n falsa (False); ('$(_UnsupportedTargetFrameworkError)' == 'true') se evalu├│ como ('' == 'true').
  6:11>Tarea "AllowEmptyTelemetry"
   5:9>Se omiti├│ el destino "CheckForImplicitPackageReferenceOverrides". Compilado previamente de forma correcta.
  2:10>Se omiti├│ el destino "_CheckForUnsupportedTargetPlatformIdentifier" debido a una condici├│n falsa (False); ('$(TargetPlatformIdentifier)' != '' and '$(TargetFrameworkIdentifier)' == '.NETCoreApp' and $([MSBuild]::VersionGreaterThanOrEquals($(TargetFrameworkVersion), 5.0)) And ('$(DesignTimeBuild)' != 'true' Or '@(MissingWorkloadPack)' == '')) se evalu├│ como ('' != '' and '.NETCoreApp' == '.NETCoreApp' and True And ('' != 'true' Or '' == '')).
   4:6>Destino "_CheckForUnsupportedNETCoreVersion" en el archivo "C:\Program Files\dotnet\sdk\9.0.201\Sdks\Microsoft.NET.Sdk\targets\Microsoft.NET.TargetFrameworkInference.targets" del proyecto "D:\Users\Jhon\Documentos\Mintrabajo\Modulo General usuarios\AuthSystemNew\AuthSystem.UnitTests\AuthSystem.UnitTests.csproj" (el destino "_CheckForInvalidConfigurationAndPlatform" depende de ├®l):
   4:6>Se omiti├│ la tarea "NETSdkError" debido a una condici├│n falsa (False); ('$(_TargetFrameworkVersionWithoutV)' > '$(NETCoreAppMaximumVersion)' and '$(DisplayVSMessage)' != 'true') se evalu├│ como ('8.0' > '9.0' and '' != 'true').
   5:9>Se omiti├│ el destino "AddWindowsSdkKnownFrameworkReferences" debido a una condici├│n falsa (False); ('$(TargetFrameworkIdentifier)' == '.NETCoreApp' And '$(TargetPlatformIdentifier)' == 'Windows'
                     And ('$(Language)' != 'C++' Or '$(IncludeWindowsSDKRefFrameworkReferences)' == 'true')) se evalu├│ como ('.NETCoreApp' == '.NETCoreApp' And '' == 'Windows'
                     And ('C#' != 'C++' Or '' == 'true')).
  2:10>Se omiti├│ el destino "_CheckForMissingWorkload" debido a una condici├│n falsa (False); ('@(MissingWorkloadPack)' != '' And '$(DesignTimeBuild)' != 'true') se evalu├│ como ('' != '' And '' != 'true').
   4:6>_CheckForUnsupportedNETCoreVersion:
       Se omiti├│ la tarea "NETSdkError" debido a una condici├│n falsa (False); ('$(DisplayVSMessage)' == 'true') se evalu├│ como ('' == 'true').
   4:6>Compilaci├│n terminada del destino "_CheckForUnsupportedNETCoreVersion" en el proyecto "AuthSystem.UnitTests.csproj".
   5:9>Se omiti├│ el destino "_NormalizeTargetPlatformVersion" debido a una condici├│n falsa (False); ('$(TargetPlatformVersion)' != '' and '$(TargetFrameworkIdentifier)' == '.NETCoreApp' and $([MSBuild]::VersionGreaterThanOrEquals($(TargetFrameworkVersion), 5.0)) and ('$(Language)' != 'C++' or '$(_EnablePackageReferencesInVCProjects)' == 'true')) se evalu├│ como ('' != '' and '.NETCoreApp' == '.NETCoreApp' and True and ('C#' != 'C++' or '' == 'true')).
  6:11>Ejecuci├│n de la tarea "AllowEmptyTelemetry" terminada.
   4:6>Se omiti├│ el destino "_CheckForEolTargetFrameworks" debido a una condici├│n falsa (False); ('@(_EolNetCoreTargetFrameworkVersions->AnyHaveMetadataValue('Identity', '$(_TargetFrameworkVersionWithoutV)'))' and '$(TargetFrameworkIdentifier)' == '.NETCoreApp' and '$(CheckEolTargetFramework)' == 'true') se evalu├│ como ('false' and '.NETCoreApp' == '.NETCoreApp' and '' == 'true').
  2:10>Destino "GetFrameworkPaths" en el archivo "C:\Program Files\dotnet\sdk\9.0.201\Sdks\Microsoft.NET.Sdk\targets\Microsoft.NET.DisableStandardFrameworkResolution.targets" del proyecto "D:\Users\Jhon\Documentos\Mintrabajo\Modulo General usuarios\AuthSystemNew\AuthSystem.Application\AuthSystem.Application.csproj" (el destino "PrepareForBuild" depende de ├®l):
  2:10>Compilaci├│n terminada del destino "GetFrameworkPaths" en el proyecto "AuthSystem.Application.csproj".
  6:11>Compilaci├│n terminada del destino "_CollectTargetFrameworkForTelemetry" en el proyecto "AuthSystem.Domain.csproj".
  2:10>Se omiti├│ el destino "_CheckForUnsupportedTargetFramework" debido a una condici├│n falsa (False); ('$(_UnsupportedTargetFrameworkError)' == 'true') se evalu├│ como ('' == 'true').
   4:6>Se omiti├│ el destino "_CheckForEolWorkloads" debido a una condici├│n falsa (False); ('@(EolWorkload)' != '' and '$(CheckEolWorkloads)' == 'true') se evalu├│ como ('' != '' and 'true' == 'true').
  2:10>Se omiti├│ el destino "_CheckForUnsupportedTargetPlatformIdentifier" debido a una condici├│n falsa (False); ('$(TargetPlatformIdentifier)' != '' and '$(TargetFrameworkIdentifier)' == '.NETCoreApp' and $([MSBuild]::VersionGreaterThanOrEquals($(TargetFrameworkVersion), 5.0)) And ('$(DesignTimeBuild)' != 'true' Or '@(MissingWorkloadPack)' == '')) se evalu├│ como ('' != '' and '.NETCoreApp' == '.NETCoreApp' and True And ('' != 'true' Or '' == '')).
   4:6>Se omiti├│ el destino "_CheckForNotRecommendedNETStandardVersion" debido a una condici├│n falsa (False); ('$(TargetFrameworkIdentifier)' == '.NETStandard' and $([MSBuild]::VersionLessThan($(TargetFrameworkVersion), '2.0'))) se evalu├│ como ('.NETCoreApp' == '.NETStandard' and False).
   5:9>Destino "_ComputeToolPackInputsToProcessFrameworkReferences" en el archivo "C:\Program Files\dotnet\sdk\9.0.201\Sdks\Microsoft.NET.Sdk\targets\Microsoft.NET.Publish.targets" del proyecto "D:\Users\Jhon\Documentos\Mintrabajo\Modulo General usuarios\AuthSystemNew\AuthSystem.Infrastructure\AuthSystem.Infrastructure.csproj" (el destino "ProcessFrameworkReferences" depende de ├®l):
   5:9>Compilaci├│n terminada del destino "_ComputeToolPackInputsToProcessFrameworkReferences" en el proyecto "AuthSystem.Infrastructure.csproj".
   1:2>El proyecto "D:\Users\Jhon\Documentos\Mintrabajo\Modulo General usuarios\AuthSystemNew\AuthSystem.sln" (1:2) est├í compilando "D:\Users\Jhon\Documentos\Mintrabajo\Modulo General usuarios\AuthSystemNew\AuthSystem.IntegrationTests\AuthSystem.IntegrationTests.csproj" (3:6) en el nodo 4 (destinos predeterminados).
   3:6>Destino "GenerateProgramFile" en el archivo "C:\Users\JHON\.nuget\packages\microsoft.net.test.sdk\17.8.0\build\netcoreapp3.1\Microsoft.NET.Test.Sdk.targets" del proyecto "D:\Users\Jhon\Documentos\Mintrabajo\Modulo General usuarios\AuthSystemNew\AuthSystem.IntegrationTests\AuthSystem.IntegrationTests.csproj" (punto de entrada):
   3:6>Se omiti├│ la tarea "Warning" debido a una condici├│n falsa (False); (@(ProgramCompiles->Count()) != 0) se evalu├│ como (0 != 0).
  2:10>Se omiti├│ el destino "_CheckForMissingWorkload" debido a una condici├│n falsa (False); ('@(MissingWorkloadPack)' != '' And '$(DesignTimeBuild)' != 'true') se evalu├│ como ('' != '' And '' != 'true').
  6:11>Se omiti├│ el destino "_CheckForUnsupportedTargetPlatformIdentifier" debido a una condici├│n falsa (False); ('$(TargetPlatformIdentifier)' != '' and '$(TargetFrameworkIdentifier)' == '.NETCoreApp' and $([MSBuild]::VersionGreaterThanOrEquals($(TargetFrameworkVersion), 5.0)) And ('$(DesignTimeBuild)' != 'true' Or '@(MissingWorkloadPack)' == '')) se evalu├│ como ('' != '' and '.NETCoreApp' == '.NETCoreApp' and True And ('' != 'true' Or '' == '')).
   3:6>Compilaci├│n terminada del destino "GenerateProgramFile" en el proyecto "AuthSystem.IntegrationTests.csproj".
  6:11>Se omiti├│ el destino "_CheckForMissingWorkload" debido a una condici├│n falsa (False); ('@(MissingWorkloadPack)' != '' And '$(DesignTimeBuild)' != 'true') se evalu├│ como ('' != '' And '' != 'true').
   5:9>Destino "ProcessFrameworkReferences" en el archivo "C:\Program Files\dotnet\sdk\9.0.201\Sdks\Microsoft.NET.Sdk\targets\Microsoft.NET.Sdk.FrameworkReferenceResolution.targets" del proyecto "D:\Users\Jhon\Documentos\Mintrabajo\Modulo General usuarios\AuthSystemNew\AuthSystem.Infrastructure\AuthSystem.Infrastructure.csproj" (el destino "CollectPackageReferences" depende de ├®l):
   5:9>Usando la tarea "CheckForDuplicateFrameworkReferences" del ensamblado "C:\Program Files\dotnet\sdk\9.0.201\Sdks\Microsoft.NET.Sdk\targets\..\tools\net9.0\Microsoft.NET.Build.Tasks.dll".
  2:10>Destino "GetReferenceAssemblyPaths" en el archivo "C:\Program Files\dotnet\sdk\9.0.201\Sdks\Microsoft.NET.Sdk\targets\Microsoft.NET.DisableStandardFrameworkResolution.targets" del proyecto "D:\Users\Jhon\Documentos\Mintrabajo\Modulo General usuarios\AuthSystemNew\AuthSystem.Application\AuthSystem.Application.csproj" (el destino "PrepareForBuild" depende de ├®l):
  2:10>Compilaci├│n terminada del destino "GetReferenceAssemblyPaths" en el proyecto "AuthSystem.Application.csproj".
   4:6>Destino "_CheckForUnsupportedCppNETCoreVersion" en el archivo "C:\Program Files\dotnet\sdk\9.0.201\Sdks\Microsoft.NET.Sdk\targets\Microsoft.NET.TargetFrameworkInference.targets" del proyecto "D:\Users\Jhon\Documentos\Mintrabajo\Modulo General usuarios\AuthSystemNew\AuthSystem.UnitTests\AuthSystem.UnitTests.csproj" (el destino "_CheckForInvalidConfigurationAndPlatform" depende de ├®l):
   4:6>Se omiti├│ la tarea "NETSdkError" debido a una condici├│n falsa (False); ('$(TargetFrameworkIdentifier)' == '.NETCoreApp' and '$(_TargetFrameworkVersionWithoutV)' < '3.1' and ('$(Language)' == 'C++' and '$(_EnablePackageReferencesInVCProjects)' != 'true')) se evalu├│ como ('.NETCoreApp' == '.NETCoreApp' and '8.0' < '3.1' and ('C#' == 'C++' and '' != 'true')).
   5:9>Tarea "CheckForDuplicateFrameworkReferences"
   4:6>Compilaci├│n terminada del destino "_CheckForUnsupportedCppNETCoreVersion" en el proyecto "AuthSystem.UnitTests.csproj".
  6:11>Destino "_CheckForUnsupportedNETCoreVersion" en el archivo "C:\Program Files\dotnet\sdk\9.0.201\Sdks\Microsoft.NET.Sdk\targets\Microsoft.NET.TargetFrameworkInference.targets" del proyecto "D:\Users\Jhon\Documentos\Mintrabajo\Modulo General usuarios\AuthSystemNew\AuthSystem.Domain\AuthSystem.Domain.csproj" (el destino "_CheckForInvalidConfigurationAndPlatform" depende de ├®l):
  6:11>Se omiti├│ la tarea "NETSdkError" debido a una condici├│n falsa (False); ('$(_TargetFrameworkVersionWithoutV)' > '$(NETCoreAppMaximumVersion)' and '$(DisplayVSMessage)' != 'true') se evalu├│ como ('8.0' > '9.0' and '' != 'true').
   3:6>Destino "NETStandardCompatError_Microsoft_Extensions_Configuration_Binder" en el archivo "C:\Users\JHON\.nuget\packages\microsoft.extensions.configuration.binder\8.0.0\buildTransitive\netstandard2.0\Microsoft.Extensions.Configuration.Binder.targets" del proyecto "D:\Users\Jhon\Documentos\Mintrabajo\Modulo General usuarios\AuthSystemNew\AuthSystem.IntegrationTests\AuthSystem.IntegrationTests.csproj" (punto de entrada):
   3:6>Se omiti├│ la tarea "Warning" debido a una condici├│n falsa (False); ('$(_Microsoft_Extensions_Configuration_Binder_Compatible_TargetFramework)' != '') se evalu├│ como ('' != '').
  2:10>Se omiti├│ el destino "AssignLinkMetadata" debido a una condici├│n falsa (False); ( '$(SynthesizeLinkMetadata)' == 'true' ) se evalu├│ como ( '' == 'true' ).
   5:9>Ejecuci├│n de la tarea "CheckForDuplicateFrameworkReferences" terminada.
  6:11>_CheckForUnsupportedNETCoreVersion:
       Se omiti├│ la tarea "NETSdkError" debido a una condici├│n falsa (False); ('$(DisplayVSMessage)' == 'true') se evalu├│ como ('' == 'true').
   3:6>Compilaci├│n terminada del destino "NETStandardCompatError_Microsoft_Extensions_Configuration_Binder" en el proyecto "AuthSystem.IntegrationTests.csproj".
  2:10>Se omiti├│ el destino "_VerifyPackReleaseConfigurations" debido a una condici├│n falsa (False); ('$(_IsPacking)' == 'true' and '$(DOTNET_CLI_DISABLE_PUBLISH_AND_PACK_RELEASE)' != 'true' and '$(DOTNET_CLI_LAZY_PUBLISH_AND_PACK_RELEASE_FOR_SOLUTIONS)' == 'true') se evalu├│ como ('' == 'true' and '' != 'true' and '' == 'true').
   4:6>Se omiti├│ el destino "_CheckForUnsupportedNETStandardVersion" debido a una condici├│n falsa (False); ('$(TargetFrameworkIdentifier)' == '.NETStandard' And '$(NETStandardMaximumVersion)' != '') se evalu├│ como ('.NETCoreApp' == '.NETStandard' And '' != '').
   5:9>ProcessFrameworkReferences:
       Usando la tarea "ProcessFrameworkReferences" del ensamblado "C:\Program Files\dotnet\sdk\9.0.201\Sdks\Microsoft.NET.Sdk\targets\..\tools\net9.0\Microsoft.NET.Build.Tasks.dll".
  6:11>Compilaci├│n terminada del destino "_CheckForUnsupportedNETCoreVersion" en el proyecto "AuthSystem.Domain.csproj".
   3:6>Se omiti├│ el destino "_CheckForUnsupportedTargetFramework" debido a una condici├│n falsa (False); ('$(_UnsupportedTargetFrameworkError)' == 'true') se evalu├│ como ('' == 'true').
   5:9>Tarea "ProcessFrameworkReferences"
   4:6>Se omiti├│ el destino "_CheckForUnsupportedTargetFrameworkAndFeatureCombination" debido a una condici├│n falsa (False); ('$(TargetFrameworkIdentifier)' == '.NETFramework') se evalu├│ como ('.NETCoreApp' == '.NETFramework').
  6:11>Se omiti├│ el destino "_CheckForEolTargetFrameworks" debido a una condici├│n falsa (False); ('@(_EolNetCoreTargetFrameworkVersions->AnyHaveMetadataValue('Identity', '$(_TargetFrameworkVersionWithoutV)'))' and '$(TargetFrameworkIdentifier)' == '.NETCoreApp' and '$(CheckEolTargetFramework)' == 'true') se evalu├│ como ('false' and '.NETCoreApp' == '.NETCoreApp' and '' == 'true').
   5:9>Ejecuci├│n de la tarea "ProcessFrameworkReferences" terminada.
  2:10>Destino "PrepareForBuild" en el archivo "C:\Program Files\dotnet\sdk\9.0.201\Microsoft.Common.CurrentVersion.targets" del proyecto "D:\Users\Jhon\Documentos\Mintrabajo\Modulo General usuarios\AuthSystemNew\AuthSystem.Application\AuthSystem.Application.csproj" (el destino "CoreBuild" depende de ├®l):
  2:10>Usando la tarea "FindAppConfigFile" del ensamblado "Microsoft.Build.Tasks.Core, Version=15.1.0.0, Culture=neutral, PublicKeyToken=b03f5f7f11d50a3a".
   3:6>Destino "_CollectTargetFrameworkForTelemetry" en el archivo "C:\Program Files\dotnet\sdk\9.0.201\Sdks\Microsoft.NET.Sdk\targets\Microsoft.NET.TargetFrameworkInference.targets" del proyecto "D:\Users\Jhon\Documentos\Mintrabajo\Modulo General usuarios\AuthSystemNew\AuthSystem.IntegrationTests\AuthSystem.IntegrationTests.csproj" (el destino "_CheckForInvalidConfigurationAndPlatform" depende de ├®l):
   3:6>Usando la tarea "AllowEmptyTelemetry" del ensamblado "C:\Program Files\dotnet\sdk\9.0.201\Sdks\Microsoft.NET.Sdk\targets\..\tools\net9.0\Microsoft.NET.Build.Tasks.dll".
   4:6>Se omiti├│ el destino "_CheckForSupportedOSPlatformVersionHigherThanTargetPlatformVersion" debido a una condici├│n falsa (False); ('$(TargetPlatformVersion)' != '' and '$(TargetFrameworkIdentifier)' == '.NETCoreApp' and $([MSBuild]::VersionGreaterThanOrEquals($(TargetFrameworkVersion), 5.0))) se evalu├│ como ('' != '' and '.NETCoreApp' == '.NETCoreApp' and True).
   5:9>ProcessFrameworkReferences:
       Usando la tarea "ResolveAppHosts" del ensamblado "C:\Program Files\dotnet\sdk\9.0.201\Sdks\Microsoft.NET.Sdk\targets\..\tools\net9.0\Microsoft.NET.Build.Tasks.dll".
  6:11>Se omiti├│ el destino "_CheckForEolWorkloads" debido a una condici├│n falsa (False); ('@(EolWorkload)' != '' and '$(CheckEolWorkloads)' == 'true') se evalu├│ como ('' != '' and 'true' == 'true').
   5:9>Tarea "ResolveAppHosts"
  2:10>Tarea "FindAppConfigFile"
   4:6>Se omiti├│ el destino "_CheckForInvalidTargetPlatformVersion" debido a una condici├│n falsa (False); ('$(TargetPlatformVersion)' != '' and '$(TargetFrameworkIdentifier)' == '.NETCoreApp' and $([MSBuild]::VersionGreaterThanOrEquals($(TargetFrameworkVersion), 5.0)) and ('$(Language)' != 'C++' or '$(_EnablePackageReferencesInVCProjects)' == 'true')) se evalu├│ como ('' != '' and '.NETCoreApp' == '.NETCoreApp' and True and ('C#' != 'C++' or '' == 'true')).
  6:11>Se omiti├│ el destino "_CheckForNotRecommendedNETStandardVersion" debido a una condici├│n falsa (False); ('$(TargetFrameworkIdentifier)' == '.NETStandard' and $([MSBuild]::VersionLessThan($(TargetFrameworkVersion), '2.0'))) se evalu├│ como ('.NETCoreApp' == '.NETStandard' and False).
   3:6>Tarea "AllowEmptyTelemetry"
  2:10>Ejecuci├│n de la tarea "FindAppConfigFile" terminada.
   5:9>Ejecuci├│n de la tarea "ResolveAppHosts" terminada.
   3:6>Ejecuci├│n de la tarea "AllowEmptyTelemetry" terminada.
  2:10>PrepareForBuild:
       Usando la tarea "MakeDir" del ensamblado "Microsoft.Build.Tasks.Core, Version=15.1.0.0, Culture=neutral, PublicKeyToken=b03f5f7f11d50a3a".
   4:6>Destino "_CheckForUnsupportedArtifactsPath" en el archivo "C:\Program Files\dotnet\sdk\9.0.201\Sdks\Microsoft.NET.Sdk\targets\Microsoft.NET.DefaultOutputPaths.targets" del proyecto "D:\Users\Jhon\Documentos\Mintrabajo\Modulo General usuarios\AuthSystemNew\AuthSystem.UnitTests\AuthSystem.UnitTests.csproj" (el destino "_CheckForInvalidConfigurationAndPlatform" depende de ├®l):
   4:6>Se omiti├│ la tarea "NetSdkError" debido a una condici├│n falsa (False); ('$(UseArtifactsOutput)' == 'true' and '$(_ArtifactsPathSetEarly)' != 'true') se evalu├│ como ('' == 'true' and '' != 'true').
   5:9>Compilaci├│n terminada del destino "ProcessFrameworkReferences" en el proyecto "AuthSystem.Infrastructure.csproj".
  2:10>Tarea "MakeDir"
   4:6>_CheckForUnsupportedArtifactsPath:
       Se omiti├│ la tarea "NetSdkError" debido a una condici├│n falsa (False); ('$(_ArtifactsPathLocationType)' == 'ProjectFolder') se evalu├│ como ('' == 'ProjectFolder').
   3:6>Compilaci├│n terminada del destino "_CollectTargetFrameworkForTelemetry" en el proyecto "AuthSystem.IntegrationTests.csproj".
  6:11>Destino "_CheckForUnsupportedCppNETCoreVersion" en el archivo "C:\Program Files\dotnet\sdk\9.0.201\Sdks\Microsoft.NET.Sdk\targets\Microsoft.NET.TargetFrameworkInference.targets" del proyecto "D:\Users\Jhon\Documentos\Mintrabajo\Modulo General usuarios\AuthSystemNew\AuthSystem.Domain\AuthSystem.Domain.csproj" (el destino "_CheckForInvalidConfigurationAndPlatform" depende de ├®l):
  6:11>Se omiti├│ la tarea "NETSdkError" debido a una condici├│n falsa (False); ('$(TargetFrameworkIdentifier)' == '.NETCoreApp' and '$(_TargetFrameworkVersionWithoutV)' < '3.1' and ('$(Language)' == 'C++' and '$(_EnablePackageReferencesInVCProjects)' != 'true')) se evalu├│ como ('.NETCoreApp' == '.NETCoreApp' and '8.0' < '3.1' and ('C#' == 'C++' and '' != 'true')).
   4:6>Compilaci├│n terminada del destino "_CheckForUnsupportedArtifactsPath" en el proyecto "AuthSystem.UnitTests.csproj".
  2:10>Ejecuci├│n de la tarea "MakeDir" terminada.
   5:9>Se omiti├│ el destino "IncludeTargetingPackReference" debido a una condici├│n falsa (False); ('$(TargetFrameworkMoniker)' != '' and '$(TargetFrameworkIdentifier)' == '.NETFramework' and '$(AutomaticallyUseReferenceAssemblyPackages)' == 'true') se evalu├│ como ('.NETCoreApp,Version=v8.0' != '' and '.NETCoreApp' == '.NETFramework' and 'true' == 'true').
   3:6>Se omiti├│ el destino "_CheckForUnsupportedTargetPlatformIdentifier" debido a una condici├│n falsa (False); ('$(TargetPlatformIdentifier)' != '' and '$(TargetFrameworkIdentifier)' == '.NETCoreApp' and $([MSBuild]::VersionGreaterThanOrEquals($(TargetFrameworkVersion), 5.0)) And ('$(DesignTimeBuild)' != 'true' Or '@(MissingWorkloadPack)' == '')) se evalu├│ como ('' != '' and '.NETCoreApp' == '.NETCoreApp' and True And ('' != 'true' Or '' == '')).
  6:11>Compilaci├│n terminada del destino "_CheckForUnsupportedCppNETCoreVersion" en el proyecto "AuthSystem.Domain.csproj".
  2:10>Compilaci├│n terminada del destino "PrepareForBuild" en el proyecto "AuthSystem.Application.csproj".
   4:6>Se omiti├│ el destino "_CheckForMissingWorkload" debido a una condici├│n falsa (False); ('@(MissingWorkloadPack)' != '' And '$(DesignTimeBuild)' != 'true') se evalu├│ como ('' != '' And '' != 'true').
   5:9>Se omiti├│ el destino "_CheckMicrosoftNetCompilersToolsetFrameworkPackageReference" debido a una condici├│n falsa (False); ('$(MSBuildRuntimeType)' == 'Full') se evalu├│ como ('Core' == 'Full').
  6:11>Se omiti├│ el destino "_CheckForUnsupportedNETStandardVersion" debido a una condici├│n falsa (False); ('$(TargetFrameworkIdentifier)' == '.NETStandard' And '$(NETStandardMaximumVersion)' != '') se evalu├│ como ('.NETCoreApp' == '.NETStandard' And '' != '').
   3:6>Se omiti├│ el destino "_CheckForMissingWorkload" debido a una condici├│n falsa (False); ('@(MissingWorkloadPack)' != '' And '$(DesignTimeBuild)' != 'true') se evalu├│ como ('' != '' And '' != 'true').
  6:11>Se omiti├│ el destino "_CheckForUnsupportedTargetFrameworkAndFeatureCombination" debido a una condici├│n falsa (False); ('$(TargetFrameworkIdentifier)' == '.NETFramework') se evalu├│ como ('.NETCoreApp' == '.NETFramework').
   3:6>Destino "_CheckForUnsupportedNETCoreVersion" en el archivo "C:\Program Files\dotnet\sdk\9.0.201\Sdks\Microsoft.NET.Sdk\targets\Microsoft.NET.TargetFrameworkInference.targets" del proyecto "D:\Users\Jhon\Documentos\Mintrabajo\Modulo General usuarios\AuthSystemNew\AuthSystem.IntegrationTests\AuthSystem.IntegrationTests.csproj" (el destino "_CheckForInvalidConfigurationAndPlatform" depende de ├®l):
   3:6>Se omiti├│ la tarea "NETSdkError" debido a una condici├│n falsa (False); ('$(_TargetFrameworkVersionWithoutV)' > '$(NETCoreAppMaximumVersion)' and '$(DisplayVSMessage)' != 'true') se evalu├│ como ('8.0' > '9.0' and '' != 'true').
   4:6>Destino "_CheckForUnsupportedAppHostUsage" en el archivo "C:\Program Files\dotnet\sdk\9.0.201\Sdks\Microsoft.NET.Sdk\targets\Microsoft.NET.RuntimeIdentifierInference.targets" del proyecto "D:\Users\Jhon\Documentos\Mintrabajo\Modulo General usuarios\AuthSystemNew\AuthSystem.UnitTests\AuthSystem.UnitTests.csproj" (el destino "_CheckForInvalidConfigurationAndPlatform" depende de ├®l):
   4:6>Se omiti├│ la tarea "NETSdkError" debido a una condici├│n falsa (False); ('$(SelfContained)' == 'true' and '$(RuntimeIdentifier)' == '' and '$(AllowSelfContainedWithoutRuntimeIdentifier)' != 'true') se evalu├│ como ('' == 'true' and '' == '' and '' != 'true').
  2:10>Destino "GenerateGlobalUsings" en el archivo "C:\Program Files\dotnet\sdk\9.0.201\Sdks\Microsoft.NET.Sdk\targets\Microsoft.NET.GenerateGlobalUsings.targets" del proyecto "D:\Users\Jhon\Documentos\Mintrabajo\Modulo General usuarios\AuthSystemNew\AuthSystem.Application\AuthSystem.Application.csproj" (el destino "CoreBuild" depende de ├®l):
  2:10>Usando la tarea "GenerateGlobalUsings" del ensamblado "C:\Program Files\dotnet\sdk\9.0.201\Sdks\Microsoft.NET.Sdk\targets\..\tools\net9.0\Microsoft.NET.Build.Tasks.dll".
   5:9>Destino "_CheckForObsoleteDotNetCliToolReferences" en el archivo "C:\Program Files\dotnet\sdk\9.0.201\Sdks\Microsoft.NET.Sdk\targets\Microsoft.NET.ObsoleteReferences.targets" del proyecto "D:\Users\Jhon\Documentos\Mintrabajo\Modulo General usuarios\AuthSystemNew\AuthSystem.Infrastructure\AuthSystem.Infrastructure.csproj" (el destino "CollectPackageReferences" depende de ├®l):
   5:9>Se omiti├│ la tarea "NETSdkWarning" debido a una condici├│n falsa (False); ( '%(_ReferenceToObsoleteDotNetCliTool.Identity)' != '' ) se evalu├│ como ( '' != '' ).
  6:11>Se omiti├│ el destino "_CheckForSupportedOSPlatformVersionHigherThanTargetPlatformVersion" debido a una condici├│n falsa (False); ('$(TargetPlatformVersion)' != '' and '$(TargetFrameworkIdentifier)' == '.NETCoreApp' and $([MSBuild]::VersionGreaterThanOrEquals($(TargetFrameworkVersion), 5.0))) se evalu├│ como ('' != '' and '.NETCoreApp' == '.NETCoreApp' and True).
   3:6>_CheckForUnsupportedNETCoreVersion:
       Se omiti├│ la tarea "NETSdkError" debido a una condici├│n falsa (False); ('$(DisplayVSMessage)' == 'true') se evalu├│ como ('' == 'true').
   5:9>Compilaci├│n terminada del destino "_CheckForObsoleteDotNetCliToolReferences" en el proyecto "AuthSystem.Infrastructure.csproj".
   4:6>_CheckForUnsupportedAppHostUsage:
       Se omiti├│ la tarea "NETSdkError" debido a una condici├│n falsa (False); ('$(PublishReadyToRun)' == 'true' and '$(RuntimeIdentifier)' == '' and '$(_IsPublishing)' == 'true') se evalu├│ como ('' == 'true' and '' == '' and '' == 'true').
  6:11>Se omiti├│ el destino "_CheckForInvalidTargetPlatformVersion" debido a una condici├│n falsa (False); ('$(TargetPlatformVersion)' != '' and '$(TargetFrameworkIdentifier)' == '.NETCoreApp' and $([MSBuild]::VersionGreaterThanOrEquals($(TargetFrameworkVersion), 5.0)) and ('$(Language)' != 'C++' or '$(_EnablePackageReferencesInVCProjects)' == 'true')) se evalu├│ como ('' != '' and '.NETCoreApp' == '.NETCoreApp' and True and ('C#' != 'C++' or '' == 'true')).
   3:6>Compilaci├│n terminada del destino "_CheckForUnsupportedNETCoreVersion" en el proyecto "AuthSystem.IntegrationTests.csproj".
  2:10>Tarea "GenerateGlobalUsings"
   3:6>Se omiti├│ el destino "_CheckForEolTargetFrameworks" debido a una condici├│n falsa (False); ('@(_EolNetCoreTargetFrameworkVersions->AnyHaveMetadataValue('Identity', '$(_TargetFrameworkVersionWithoutV)'))' and '$(TargetFrameworkIdentifier)' == '.NETCoreApp' and '$(CheckEolTargetFramework)' == 'true') se evalu├│ como ('false' and '.NETCoreApp' == '.NETCoreApp' and '' == 'true').
   4:6>_CheckForUnsupportedAppHostUsage:
       Se omiti├│ la tarea "NETSdkError" debido a una condici├│n falsa (False); ('$(PublishSingleFile)' == 'true' and '$(RuntimeIdentifier)' == '' and '$(_IsPublishing)' == 'true') se evalu├│ como ('' == 'true' and '' == '' and '' == 'true').
  2:10>Ejecuci├│n de la tarea "GenerateGlobalUsings" terminada.
   5:9>Destino "CollectPackageReferences" en el archivo "C:\Program Files\dotnet\sdk\9.0.201\NuGet.targets" del proyecto "D:\Users\Jhon\Documentos\Mintrabajo\Modulo General usuarios\AuthSystemNew\AuthSystem.Infrastructure\AuthSystem.Infrastructure.csproj" (el destino "_GetRestoreProjectStyle" depende de ├®l):
   5:9>Usando la tarea "CheckForDuplicateNuGetItemsTask" del ensamblado "C:\Program Files\dotnet\sdk\9.0.201\NuGet.Build.Tasks.dll".
   3:6>Se omiti├│ el destino "_CheckForEolWorkloads" debido a una condici├│n falsa (False); ('@(EolWorkload)' != '' and '$(CheckEolWorkloads)' == 'true') se evalu├│ como ('' != '' and 'true' == 'true').
   4:6>_CheckForUnsupportedAppHostUsage:
       Se omiti├│ la tarea "NETSdkError" debido a una condici├│n falsa (False); ('$(PublishAot)' == 'true' and '$(RuntimeIdentifier)' == '' and '$(_IsPublishing)' == 'true' and '$(AllowPublishAotWithoutRuntimeIdentifier)' != 'true') se evalu├│ como ('' == 'true' and '' == '' and '' == 'true' and '' != 'true').
  6:11>Destino "_CheckForUnsupportedArtifactsPath" en el archivo "C:\Program Files\dotnet\sdk\9.0.201\Sdks\Microsoft.NET.Sdk\targets\Microsoft.NET.DefaultOutputPaths.targets" del proyecto "D:\Users\Jhon\Documentos\Mintrabajo\Modulo General usuarios\AuthSystemNew\AuthSystem.Domain\AuthSystem.Domain.csproj" (el destino "_CheckForInvalidConfigurationAndPlatform" depende de ├®l):
  6:11>Se omiti├│ la tarea "NetSdkError" debido a una condici├│n falsa (False); ('$(UseArtifactsOutput)' == 'true' and '$(_ArtifactsPathSetEarly)' != 'true') se evalu├│ como ('' == 'true' and '' != 'true').
   5:9>Tarea "CheckForDuplicateNuGetItemsTask"
  2:10>GenerateGlobalUsings:
       Usando la tarea "WriteLinesToFile" del ensamblado "Microsoft.Build.Tasks.Core, Version=15.1.0.0, Culture=neutral, PublicKeyToken=b03f5f7f11d50a3a".
   3:6>Se omiti├│ el destino "_CheckForNotRecommendedNETStandardVersion" debido a una condici├│n falsa (False); ('$(TargetFrameworkIdentifier)' == '.NETStandard' and $([MSBuild]::VersionLessThan($(TargetFrameworkVersion), '2.0'))) se evalu├│ como ('.NETCoreApp' == '.NETStandard' and False).
   4:6>_CheckForUnsupportedAppHostUsage:
       Se omiti├│ la tarea "NETSdkError" debido a una condici├│n falsa (False); ('$(PublishSelfContained)' != 'true' and '$(PublishSelfContained)' != 'false' and '$(PublishSelfContained)' != '') se evalu├│ como ('' != 'true' and '' != 'false' and '' != '').
  6:11>_CheckForUnsupportedArtifactsPath:
       Se omiti├│ la tarea "NetSdkError" debido a una condici├│n falsa (False); ('$(_ArtifactsPathLocationType)' == 'ProjectFolder') se evalu├│ como ('' == 'ProjectFolder').
  2:10>Tarea "WriteLinesToFile"
   4:6>_CheckForUnsupportedAppHostUsage:
       Se omiti├│ la tarea "NETSdkError" debido a una condici├│n falsa (False); ('$(SelfContained)' == 'true' and '$(UseAppHost)' != 'true' and '$(_RuntimeIdentifierUsesAppHost)' == 'true') se evalu├│ como ('' == 'true' and '' != 'true' and '' == 'true').
  6:11>Compilaci├│n terminada del destino "_CheckForUnsupportedArtifactsPath" en el proyecto "AuthSystem.Domain.csproj".
   5:9>Ejecuci├│n de la tarea "CheckForDuplicateNuGetItemsTask" terminada.
  2:10>GenerateGlobalUsings:
         Omitiendo la escritura en el archivo "obj\Debug\net8.0\AuthSystem.Application.GlobalUsings.g.cs" porque el contenido no cambiar├í.
   4:6>_CheckForUnsupportedAppHostUsage:
       Se omiti├│ la tarea "NETSdkError" debido a una condici├│n falsa (False); ('$(SelfContained)' != 'true' and '$(UseAppHost)' == 'true' and '$(_TargetFrameworkVersionWithoutV)' < '2.1') se evalu├│ como ('' != 'true' and '' == 'true' and '8.0' < '2.1').
   5:9>Compilaci├│n terminada del destino "CollectPackageReferences" en el proyecto "AuthSystem.Infrastructure.csproj".
   3:6>Destino "_CheckForUnsupportedCppNETCoreVersion" en el archivo "C:\Program Files\dotnet\sdk\9.0.201\Sdks\Microsoft.NET.Sdk\targets\Microsoft.NET.TargetFrameworkInference.targets" del proyecto "D:\Users\Jhon\Documentos\Mintrabajo\Modulo General usuarios\AuthSystemNew\AuthSystem.IntegrationTests\AuthSystem.IntegrationTests.csproj" (el destino "_CheckForInvalidConfigurationAndPlatform" depende de ├®l):
   3:6>Se omiti├│ la tarea "NETSdkError" debido a una condici├│n falsa (False); ('$(TargetFrameworkIdentifier)' == '.NETCoreApp' and '$(_TargetFrameworkVersionWithoutV)' < '3.1' and ('$(Language)' == 'C++' and '$(_EnablePackageReferencesInVCProjects)' != 'true')) se evalu├│ como ('.NETCoreApp' == '.NETCoreApp' and '8.0' < '3.1' and ('C#' == 'C++' and '' != 'true')).
  6:11>Se omiti├│ el destino "_CheckForMissingWorkload" debido a una condici├│n falsa (False); ('@(MissingWorkloadPack)' != '' And '$(DesignTimeBuild)' != 'true') se evalu├│ como ('' != '' And '' != 'true').
  2:10>Ejecuci├│n de la tarea "WriteLinesToFile" terminada.
   4:6>_CheckForUnsupportedAppHostUsage:
       Se omiti├│ la tarea "NETSdkError" debido a una condici├│n falsa (False); ('$(PublishSingleFile)' == 'true' and '$(_TargetFrameworkVersionWithoutV)' < '3.0') se evalu├│ como ('' == 'true' and '8.0' < '3.0').
  2:10>Compilaci├│n terminada del destino "GenerateGlobalUsings" en el proyecto "AuthSystem.Application.csproj".
  6:11>Se omiti├│ el destino "_CheckForUnsupportedAppHostUsage" debido a una condici├│n falsa (False); ('$(TargetFrameworkIdentifier)' == '.NETCoreApp' and '$(HasRuntimeOutput)' == 'true') se evalu├│ como ('.NETCoreApp' == '.NETCoreApp' and '' == 'true').
   4:6>_CheckForUnsupportedAppHostUsage:
       Se omiti├│ la tarea "NETSdkWarning" debido a una condici├│n falsa (False); ('$(PublishReadyToRun)' == 'true' and '$(_TargetFrameworkVersionWithoutV)' < '3.0') se evalu├│ como ('' == 'true' and '8.0' < '3.0').
   3:6>Compilaci├│n terminada del destino "_CheckForUnsupportedCppNETCoreVersion" en el proyecto "AuthSystem.IntegrationTests.csproj".
  2:10>Se omiti├│ el destino "PreBuildEvent" debido a una condici├│n falsa (False); ('$(PreBuildEvent)'!='') se evalu├│ como (''!='').
   4:6>_CheckForUnsupportedAppHostUsage:
       Se omiti├│ la tarea "NETSdkWarning" debido a una condici├│n falsa (False); ('$(RuntimeIdentifier)' != '' and '$(_TargetFrameworkVersionWithoutV)' != '' and $([MSBuild]::VersionLessThan($(_TargetFrameworkVersionWithoutV), '8.0')) and '$(_SelfContainedWasSpecified)' != 'true') se evalu├│ como ('' != '' and '8.0' != '' and False and '' != 'true').
   5:9>Destino "_GetRestoreProjectStyle" en el archivo "C:\Program Files\dotnet\sdk\9.0.201\NuGet.targets" del proyecto "D:\Users\Jhon\Documentos\Mintrabajo\Modulo General usuarios\AuthSystemNew\AuthSystem.Infrastructure\AuthSystem.Infrastructure.csproj" (el destino "EnableIntermediateOutputPathMismatchWarning" depende de ├®l):
   5:9>Usando la tarea "GetRestoreProjectStyleTask" del ensamblado "C:\Program Files\dotnet\sdk\9.0.201\NuGet.Build.Tasks.dll".
   3:6>Se omiti├│ el destino "_CheckForUnsupportedNETStandardVersion" debido a una condici├│n falsa (False); ('$(TargetFrameworkIdentifier)' == '.NETStandard' And '$(NETStandardMaximumVersion)' != '') se evalu├│ como ('.NETCoreApp' == '.NETStandard' And '' != '').
  6:11>Destino "_CheckForUnsupportedHostingUsage" en el archivo "C:\Program Files\dotnet\sdk\9.0.201\Sdks\Microsoft.NET.Sdk\targets\Microsoft.NET.RuntimeIdentifierInference.targets" del proyecto "D:\Users\Jhon\Documentos\Mintrabajo\Modulo General usuarios\AuthSystemNew\AuthSystem.Domain\AuthSystem.Domain.csproj" (el destino "_CheckForInvalidConfigurationAndPlatform" depende de ├®l):
  6:11>Se omiti├│ la tarea "NETSdkWarning" debido a una condici├│n falsa (False); ('$(SelfContained)' == 'true' and '$(EnableComHosting)' == 'true') se evalu├│ como ('' == 'true' and '' == 'true').
   3:6>Se omiti├│ el destino "_CheckForUnsupportedTargetFrameworkAndFeatureCombination" debido a una condici├│n falsa (False); ('$(TargetFrameworkIdentifier)' == '.NETFramework') se evalu├│ como ('.NETCoreApp' == '.NETFramework').
   5:9>Tarea "GetRestoreProjectStyleTask"
  6:11>Compilaci├│n terminada del destino "_CheckForUnsupportedHostingUsage" en el proyecto "AuthSystem.Domain.csproj".
   4:6>_CheckForUnsupportedAppHostUsage:
       Se omiti├│ la tarea "NetSdkError" debido a una condici├│n falsa (False); (('$(UseWindowsForms)' == 'true') and ('$(PublishTrimmed)' == 'true') and ('$(_SuppressWinFormsTrimError)' != 'true')) se evalu├│ como (('' == 'true') and ('' == 'true') and ('' != 'true')).
   3:6>Se omiti├│ el destino "_CheckForSupportedOSPlatformVersionHigherThanTargetPlatformVersion" debido a una condici├│n falsa (False); ('$(TargetPlatformVersion)' != '' and '$(TargetFrameworkIdentifier)' == '.NETCoreApp' and $([MSBuild]::VersionGreaterThanOrEquals($(TargetFrameworkVersion), 5.0))) se evalu├│ como ('' != '' and '.NETCoreApp' == '.NETCoreApp' and True).
  2:10>Destino "BeforeResolveReferences" en el archivo "C:\Program Files\dotnet\sdk\9.0.201\Microsoft.Common.CurrentVersion.targets" del proyecto "D:\Users\Jhon\Documentos\Mintrabajo\Modulo General usuarios\AuthSystemNew\AuthSystem.Application\AuthSystem.Application.csproj" (el destino "ResolveReferences" depende de ├®l):
  2:10>Compilaci├│n terminada del destino "BeforeResolveReferences" en el proyecto "AuthSystem.Application.csproj".
   5:9>Ejecuci├│n de la tarea "GetRestoreProjectStyleTask" terminada.
   4:6>_CheckForUnsupportedAppHostUsage:
       Se omiti├│ la tarea "NetSdkError" debido a una condici├│n falsa (False); (('$(UseWpf)' == 'true') and ('$(PublishTrimmed)' == 'true') and ('$(_SuppressWpfTrimError)' != 'true')) se evalu├│ como (('' == 'true') and ('' == 'true') and ('' != 'true')).
   5:9>Compilaci├│n terminada del destino "_GetRestoreProjectStyle" en el proyecto "AuthSystem.Infrastructure.csproj".
   3:6>Se omiti├│ el destino "_CheckForInvalidTargetPlatformVersion" debido a una condici├│n falsa (False); ('$(TargetPlatformVersion)' != '' and '$(TargetFrameworkIdentifier)' == '.NETCoreApp' and $([MSBuild]::VersionGreaterThanOrEquals($(TargetFrameworkVersion), 5.0)) and ('$(Language)' != 'C++' or '$(_EnablePackageReferencesInVCProjects)' == 'true')) se evalu├│ como ('' != '' and '.NETCoreApp' == '.NETCoreApp' and True and ('C#' != 'C++' or '' == 'true')).
  2:10>Destino "IgnoreJavaScriptOutputAssembly" en el archivo "C:\Program Files\dotnet\sdk\9.0.201\Microsoft.Common.CurrentVersion.targets" del proyecto "D:\Users\Jhon\Documentos\Mintrabajo\Modulo General usuarios\AuthSystemNew\AuthSystem.Application\AuthSystem.Application.csproj" (el destino "AssignProjectConfiguration" depende de ├®l):
  2:10>Compilaci├│n terminada del destino "IgnoreJavaScriptOutputAssembly" en el proyecto "AuthSystem.Application.csproj".
   4:6>Compilaci├│n terminada del destino "_CheckForUnsupportedAppHostUsage" en el proyecto "AuthSystem.UnitTests.csproj".
  2:10>Se omiti├│ el destino "ProcessFrameworkReferences". Compilado previamente de forma correcta.
   3:6>Destino "_CheckForUnsupportedArtifactsPath" en el archivo "C:\Program Files\dotnet\sdk\9.0.201\Sdks\Microsoft.NET.Sdk\targets\Microsoft.NET.DefaultOutputPaths.targets" del proyecto "D:\Users\Jhon\Documentos\Mintrabajo\Modulo General usuarios\AuthSystemNew\AuthSystem.IntegrationTests\AuthSystem.IntegrationTests.csproj" (el destino "_CheckForInvalidConfigurationAndPlatform" depende de ├®l):
   3:6>Se omiti├│ la tarea "NetSdkError" debido a una condici├│n falsa (False); ('$(UseArtifactsOutput)' == 'true' and '$(_ArtifactsPathSetEarly)' != 'true') se evalu├│ como ('' == 'true' and '' != 'true').
  6:11>Destino "_CheckAndUnsetUnsupportedPrefer32Bit" en el archivo "C:\Program Files\dotnet\sdk\9.0.201\Sdks\Microsoft.NET.Sdk\targets\Microsoft.NET.RuntimeIdentifierInference.targets" del proyecto "D:\Users\Jhon\Documentos\Mintrabajo\Modulo General usuarios\AuthSystemNew\AuthSystem.Domain\AuthSystem.Domain.csproj" (el destino "_CheckForInvalidConfigurationAndPlatform" depende de ├®l):
  6:11>Se omiti├│ la tarea "NETSdkWarning" debido a una condici├│n falsa (False); ('$(Prefer32Bit)' == 'true') se evalu├│ como ('false' == 'true').
   5:9>Destino "EnableIntermediateOutputPathMismatchWarning" en el archivo "C:\Program Files\dotnet\sdk\9.0.201\NuGet.targets" del proyecto "D:\Users\Jhon\Documentos\Mintrabajo\Modulo General usuarios\AuthSystemNew\AuthSystem.Infrastructure\AuthSystem.Infrastructure.csproj" (el destino "_CheckForInvalidConfigurationAndPlatform" depende de ├®l):
   5:9>Compilaci├│n terminada del destino "EnableIntermediateOutputPathMismatchWarning" en el proyecto "AuthSystem.Infrastructure.csproj".
       Se omiti├│ el destino "ApplyImplicitVersions". Compilado previamente de forma correcta.
  6:11>Compilaci├│n terminada del destino "_CheckAndUnsetUnsupportedPrefer32Bit" en el proyecto "AuthSystem.Domain.csproj".
   3:6>_CheckForUnsupportedArtifactsPath:
       Se omiti├│ la tarea "NetSdkError" debido a una condici├│n falsa (False); ('$(_ArtifactsPathLocationType)' == 'ProjectFolder') se evalu├│ como ('' == 'ProjectFolder').
  2:10>Destino "_DefaultMicrosoftNETPlatformLibrary" en el archivo "C:\Program Files\dotnet\sdk\9.0.201\Sdks\Microsoft.NET.Sdk\targets\Microsoft.NET.Sdk.Shared.targets" del proyecto "D:\Users\Jhon\Documentos\Mintrabajo\Modulo General usuarios\AuthSystemNew\AuthSystem.Application\AuthSystem.Application.csproj" (el destino "ResolvePackageAssets" depende de ├®l):
  2:10>Compilaci├│n terminada del destino "_DefaultMicrosoftNETPlatformLibrary" en el proyecto "AuthSystem.Application.csproj".
   5:9>Se omiti├│ el destino "CheckForImplicitPackageReferenceOverrides". Compilado previamente de forma correcta.
   3:6>Compilaci├│n terminada del destino "_CheckForUnsupportedArtifactsPath" en el proyecto "AuthSystem.IntegrationTests.csproj".
  6:11>Se omiti├│ el destino "_CheckAndUnsetUnsupportedPreferNativeArm64" debido a una condici├│n falsa (False); ('$(TargetFrameworkIdentifier)' == '.NETCoreApp' and '$(PreferNativeArm64)' == 'true') se evalu├│ como ('.NETCoreApp' == '.NETCoreApp' and 'false' == 'true').
   4:6>Destino "_CheckForUnsupportedHostingUsage" en el archivo "C:\Program Files\dotnet\sdk\9.0.201\Sdks\Microsoft.NET.Sdk\targets\Microsoft.NET.RuntimeIdentifierInference.targets" del proyecto "D:\Users\Jhon\Documentos\Mintrabajo\Modulo General usuarios\AuthSystemNew\AuthSystem.UnitTests\AuthSystem.UnitTests.csproj" (el destino "_CheckForInvalidConfigurationAndPlatform" depende de ├®l):
   4:6>Se omiti├│ la tarea "NETSdkWarning" debido a una condici├│n falsa (False); ('$(SelfContained)' == 'true' and '$(EnableComHosting)' == 'true') se evalu├│ como ('' == 'true' and '' == 'true').
  2:10>Destino "_ComputePackageReferencePublish" en el archivo "C:\Program Files\dotnet\sdk\9.0.201\Sdks\Microsoft.NET.Sdk\targets\Microsoft.NET.Sdk.Shared.targets" del proyecto "D:\Users\Jhon\Documentos\Mintrabajo\Modulo General usuarios\AuthSystemNew\AuthSystem.Application\AuthSystem.Application.csproj" (el destino "ResolvePackageAssets" depende de ├®l):
  2:10>Compilaci├│n terminada del destino "_ComputePackageReferencePublish" en el proyecto "AuthSystem.Application.csproj".
   3:6>Se omiti├│ el destino "_CheckForMissingWorkload" debido a una condici├│n falsa (False); ('@(MissingWorkloadPack)' != '' And '$(DesignTimeBuild)' != 'true') se evalu├│ como ('' != '' And '' != 'true').
  6:11>Se omiti├│ el destino "_CheckForMismatchingPlatform" debido a una condici├│n falsa (False); ('$(RuntimeIdentifier)' != '' and '$(PlatformTarget)' != '') se evalu├│ como ('' != '' and '' != '').
   4:6>Compilaci├│n terminada del destino "_CheckForUnsupportedHostingUsage" en el proyecto "AuthSystem.UnitTests.csproj".
   5:9>Destino "CheckForDuplicateItems" en el archivo "C:\Program Files\dotnet\sdk\9.0.201\Sdks\Microsoft.NET.Sdk\targets\Microsoft.NET.Sdk.DefaultItems.Shared.targets" del proyecto "D:\Users\Jhon\Documentos\Mintrabajo\Modulo General usuarios\AuthSystemNew\AuthSystem.Infrastructure\AuthSystem.Infrastructure.csproj" (el destino "_CheckForInvalidConfigurationAndPlatform" depende de ├®l):
   5:9>Usando la tarea "CheckForDuplicateItems" del ensamblado "C:\Program Files\dotnet\sdk\9.0.201\Sdks\Microsoft.NET.Sdk\targets\..\tools\net9.0\Microsoft.NET.Build.Tasks.dll".
  2:10>Se omiti├│ el destino "_ResolveCompilerVersion" debido a una condici├│n falsa (False); ('$(CompilerApiVersion)' == '' And
                     ('$(Language)' == 'C#' Or '$(Language)' == 'VB') And
                     Exists('$(RoslynTargetsPath)\Microsoft.Build.Tasks.CodeAnalysis.dll')) se evalu├│ como ('roslyn4.13' == '' And
                     ('C#' == 'C#' Or 'C#' == 'VB') And
                     Exists('C:\Program Files\dotnet\sdk\9.0.201\Roslyn\Microsoft.Build.Tasks.CodeAnalysis.dll')).
   5:9>Tarea "CheckForDuplicateItems"
       Ejecuci├│n de la tarea "CheckForDuplicateItems" terminada.
  2:10>Destino "ResolvePackageAssets" en el archivo "C:\Program Files\dotnet\sdk\9.0.201\Sdks\Microsoft.NET.Sdk\targets\Microsoft.PackageDependencyResolution.targets" del proyecto "D:\Users\Jhon\Documentos\Mintrabajo\Modulo General usuarios\AuthSystemNew\AuthSystem.Application\AuthSystem.Application.csproj" (el destino "ResolveLockFileReferences" depende de ├®l):
  2:10>Usando la tarea "ResolvePackageAssets" del ensamblado "C:\Program Files\dotnet\sdk\9.0.201\Sdks\Microsoft.NET.Sdk\targets\..\tools\net9.0\Microsoft.NET.Build.Tasks.dll".
   3:6>Destino "_CheckForUnsupportedAppHostUsage" en el archivo "C:\Program Files\dotnet\sdk\9.0.201\Sdks\Microsoft.NET.Sdk\targets\Microsoft.NET.RuntimeIdentifierInference.targets" del proyecto "D:\Users\Jhon\Documentos\Mintrabajo\Modulo General usuarios\AuthSystemNew\AuthSystem.IntegrationTests\AuthSystem.IntegrationTests.csproj" (el destino "_CheckForInvalidConfigurationAndPlatform" depende de ├®l):
   3:6>Se omiti├│ la tarea "NETSdkError" debido a una condici├│n falsa (False); ('$(SelfContained)' == 'true' and '$(RuntimeIdentifier)' == '' and '$(AllowSelfContainedWithoutRuntimeIdentifier)' != 'true') se evalu├│ como ('' == 'true' and '' == '' and '' != 'true').
  6:11>Destino "_CheckForLanguageAndFeatureCombinationSupport" en el archivo "C:\Program Files\dotnet\sdk\9.0.201\Sdks\Microsoft.NET.Sdk\targets\Microsoft.NET.RuntimeIdentifierInference.targets" del proyecto "D:\Users\Jhon\Documentos\Mintrabajo\Modulo General usuarios\AuthSystemNew\AuthSystem.Domain\AuthSystem.Domain.csproj" (el destino "_CheckForInvalidConfigurationAndPlatform" depende de ├®l):
  6:11>Se omiti├│ la tarea "NETSdkError" debido a una condici├│n falsa (False); (('$(Language)' == 'C++' and '$(_EnablePackageReferencesInVCProjects)' != 'true') and $(OutputType) != 'library' and '$(TargetFrameworkIdentifier)' == '.NETCoreApp') se evalu├│ como (('C#' == 'C++' and '' != 'true') and Library != 'library' and '.NETCoreApp' == '.NETCoreApp').
   4:6>Destino "_CheckAndUnsetUnsupportedPrefer32Bit" en el archivo "C:\Program Files\dotnet\sdk\9.0.201\Sdks\Microsoft.NET.Sdk\targets\Microsoft.NET.RuntimeIdentifierInference.targets" del proyecto "D:\Users\Jhon\Documentos\Mintrabajo\Modulo General usuarios\AuthSystemNew\AuthSystem.UnitTests\AuthSystem.UnitTests.csproj" (el destino "_CheckForInvalidConfigurationAndPlatform" depende de ├®l):
   4:6>Se omiti├│ la tarea "NETSdkWarning" debido a una condici├│n falsa (False); ('$(Prefer32Bit)' == 'true') se evalu├│ como ('false' == 'true').
   5:9>Tarea "CheckForDuplicateItems"
  2:10>Tarea "ResolvePackageAssets"
   3:6>_CheckForUnsupportedAppHostUsage:
       Se omiti├│ la tarea "NETSdkError" debido a una condici├│n falsa (False); ('$(PublishReadyToRun)' == 'true' and '$(RuntimeIdentifier)' == '' and '$(_IsPublishing)' == 'true') se evalu├│ como ('' == 'true' and '' == '' and '' == 'true').
  2:10>Ejecuci├│n de la tarea "ResolvePackageAssets" terminada.
  6:11>_CheckForLanguageAndFeatureCombinationSupport:
       Se omiti├│ la tarea "NETSdkError" debido a una condici├│n falsa (False); (('$(Language)' == 'C++' and '$(_EnablePackageReferencesInVCProjects)' != 'true') and $(EnableComHosting) == 'true') se evalu├│ como (('C#' == 'C++' and '' != 'true') and  == 'true').
   3:6>_CheckForUnsupportedAppHostUsage:
       Se omiti├│ la tarea "NETSdkError" debido a una condici├│n falsa (False); ('$(PublishSingleFile)' == 'true' and '$(RuntimeIdentifier)' == '' and '$(_IsPublishing)' == 'true') se evalu├│ como ('' == 'true' and '' == '' and '' == 'true').
   4:6>Compilaci├│n terminada del destino "_CheckAndUnsetUnsupportedPrefer32Bit" en el proyecto "AuthSystem.UnitTests.csproj".
   5:9>Ejecuci├│n de la tarea "CheckForDuplicateItems" terminada.
  2:10>Compilaci├│n terminada del destino "ResolvePackageAssets" en el proyecto "AuthSystem.Application.csproj".
  6:11>_CheckForLanguageAndFeatureCombinationSupport:
       Se omiti├│ la tarea "NETSdkError" debido a una condici├│n falsa (False); (('$(Language)' == 'C++' and '$(_EnablePackageReferencesInVCProjects)' != 'true') and $(SelfContained) == 'true') se evalu├│ como (('C#' == 'C++' and '' != 'true') and  == 'true').
   4:6>Se omiti├│ el destino "_CheckAndUnsetUnsupportedPreferNativeArm64" debido a una condici├│n falsa (False); ('$(TargetFrameworkIdentifier)' == '.NETCoreApp' and '$(PreferNativeArm64)' == 'true') se evalu├│ como ('.NETCoreApp' == '.NETCoreApp' and 'false' == 'true').
  2:10>Se omiti├│ el destino "AdjustDefaultPlatformTargetForNetFrameworkExeWithNoNativeCopyLocalItems" debido a una condici├│n falsa (False); ('$(_UsingDefaultPlatformTarget)' == 'true' and
                     '$(_UsingDefaultRuntimeIdentifier)' == 'true') se evalu├│ como ('true' == 'true' and
                     '' == 'true').
   5:9>Tarea "CheckForDuplicateItems"
   3:6>_CheckForUnsupportedAppHostUsage:
       Se omiti├│ la tarea "NETSdkError" debido a una condici├│n falsa (False); ('$(PublishAot)' == 'true' and '$(RuntimeIdentifier)' == '' and '$(_IsPublishing)' == 'true' and '$(AllowPublishAotWithoutRuntimeIdentifier)' != 'true') se evalu├│ como ('' == 'true' and '' == '' and '' == 'true' and '' != 'true').
  6:11>Compilaci├│n terminada del destino "_CheckForLanguageAndFeatureCombinationSupport" en el proyecto "AuthSystem.Domain.csproj".
   4:6>Se omiti├│ el destino "_CheckForMismatchingPlatform" debido a una condici├│n falsa (False); ('$(RuntimeIdentifier)' != '' and '$(PlatformTarget)' != '') se evalu├│ como ('' != '' and '' != '').
   5:9>Ejecuci├│n de la tarea "CheckForDuplicateItems" terminada.
   3:6>_CheckForUnsupportedAppHostUsage:
       Se omiti├│ la tarea "NETSdkError" debido a una condici├│n falsa (False); ('$(PublishSelfContained)' != 'true' and '$(PublishSelfContained)' != 'false' and '$(PublishSelfContained)' != '') se evalu├│ como ('' != 'true' and '' != 'false' and '' != '').
  2:10>Se omiti├│ el destino "_CheckForTransitiveWindowsDesktopDependencies" debido a una condici├│n falsa (False); ('$(TargetFrameworkIdentifier)' == '.NETCoreApp' and $([MSBuild]::VersionGreaterThanOrEquals($(_TargetFrameworkVersionWithoutV), '5.0')) and '$(TargetPlatformIdentifier)' != 'Windows' and '@(TransitiveFrameworkReference)' != '') se evalu├│ como ('.NETCoreApp' == '.NETCoreApp' and True and '' != 'Windows' and '' != '').
  6:11>Se omiti├│ el destino "_CheckForNETCoreSdkIsPreview" debido a una condici├│n falsa (False); ( '$(_NETCoreSdkIsPreview)' == 'true' AND '$(SuppressNETCoreSdkPreviewMessage)' != 'true' ) se evalu├│ como ( 'false' == 'true' AND '' != 'true' ).
   3:6>_CheckForUnsupportedAppHostUsage:
       Se omiti├│ la tarea "NETSdkError" debido a una condici├│n falsa (False); ('$(SelfContained)' == 'true' and '$(UseAppHost)' != 'true' and '$(_RuntimeIdentifierUsesAppHost)' == 'true') se evalu├│ como ('' == 'true' and '' != 'true' and '' == 'true').
   5:9>Compilaci├│n terminada del destino "CheckForDuplicateItems" en el proyecto "AuthSystem.Infrastructure.csproj".
  2:10>Se omiti├│ el destino "AddTransitiveFrameworkReferences" debido a una condici├│n falsa (False); ('@(TransitiveFrameworkReference)' != '') se evalu├│ como ('' != '').
   3:6>_CheckForUnsupportedAppHostUsage:
       Se omiti├│ la tarea "NETSdkError" debido a una condici├│n falsa (False); ('$(SelfContained)' != 'true' and '$(UseAppHost)' == 'true' and '$(_TargetFrameworkVersionWithoutV)' < '2.1') se evalu├│ como ('' != 'true' and '' == 'true' and '8.0' < '2.1').
   4:6>Destino "_CheckForLanguageAndFeatureCombinationSupport" en el archivo "C:\Program Files\dotnet\sdk\9.0.201\Sdks\Microsoft.NET.Sdk\targets\Microsoft.NET.RuntimeIdentifierInference.targets" del proyecto "D:\Users\Jhon\Documentos\Mintrabajo\Modulo General usuarios\AuthSystemNew\AuthSystem.UnitTests\AuthSystem.UnitTests.csproj" (el destino "_CheckForInvalidConfigurationAndPlatform" depende de ├®l):
   4:6>Se omiti├│ la tarea "NETSdkError" debido a una condici├│n falsa (False); (('$(Language)' == 'C++' and '$(_EnablePackageReferencesInVCProjects)' != 'true') and $(OutputType) != 'library' and '$(TargetFrameworkIdentifier)' == '.NETCoreApp') se evalu├│ como (('C#' == 'C++' and '' != 'true') and Exe != 'library' and '.NETCoreApp' == '.NETCoreApp').
       Se omiti├│ la tarea "NETSdkError" debido a una condici├│n falsa (False); (('$(Language)' == 'C++' and '$(_EnablePackageReferencesInVCProjects)' != 'true') and $(EnableComHosting) == 'true') se evalu├│ como (('C#' == 'C++' and '' != 'true') and  == 'true').
   3:6>_CheckForUnsupportedAppHostUsage:
       Se omiti├│ la tarea "NETSdkError" debido a una condici├│n falsa (False); ('$(PublishSingleFile)' == 'true' and '$(_TargetFrameworkVersionWithoutV)' < '3.0') se evalu├│ como ('' == 'true' and '8.0' < '3.0').
   5:9>Se omiti├│ el destino "WarnForExplicitVersions" debido a una condici├│n falsa (False); ('@(SdkBuildWarning)' != '') se evalu├│ como ('' != '').
  6:11>Destino "_GetProjectJsonPath" en el archivo "C:\Program Files\dotnet\sdk\9.0.201\NuGet.targets" del proyecto "D:\Users\Jhon\Documentos\Mintrabajo\Modulo General usuarios\AuthSystemNew\AuthSystem.Domain\AuthSystem.Domain.csproj" (el destino "_GetRestoreProjectStyle" depende de ├®l):
  6:11>Se omiti├│ la tarea "GetRestoreProjectJsonPathTask" debido a una condici├│n falsa (False); ( '$(RestoreProjectStyle)' == 'ProjectJson' OR '$(RestoreProjectStyle)' == '' ) se evalu├│ como ( 'PackageReference' == 'ProjectJson' OR 'PackageReference' == '' ).
   4:6>_CheckForLanguageAndFeatureCombinationSupport:
       Se omiti├│ la tarea "NETSdkError" debido a una condici├│n falsa (False); (('$(Language)' == 'C++' and '$(_EnablePackageReferencesInVCProjects)' != 'true') and $(SelfContained) == 'true') se evalu├│ como (('C#' == 'C++' and '' != 'true') and  == 'true').
   3:6>_CheckForUnsupportedAppHostUsage:
       Se omiti├│ la tarea "NETSdkWarning" debido a una condici├│n falsa (False); ('$(PublishReadyToRun)' == 'true' and '$(_TargetFrameworkVersionWithoutV)' < '3.0') se evalu├│ como ('' == 'true' and '8.0' < '3.0').
  2:10>Destino "ResolveLockFileReferences" en el archivo "C:\Program Files\dotnet\sdk\9.0.201\Sdks\Microsoft.NET.Sdk\targets\Microsoft.PackageDependencyResolution.targets" del proyecto "D:\Users\Jhon\Documentos\Mintrabajo\Modulo General usuarios\AuthSystemNew\AuthSystem.Application\AuthSystem.Application.csproj" (el destino "ResolvePackageDependenciesForBuild" depende de ├®l):
  2:10>Usando la tarea "JoinItems" del ensamblado "C:\Program Files\dotnet\sdk\9.0.201\Sdks\Microsoft.NET.Sdk\targets\..\tools\net9.0\Microsoft.NET.Build.Tasks.dll".
  6:11>Compilaci├│n terminada del destino "_GetProjectJsonPath" en el proyecto "AuthSystem.Domain.csproj".
   3:6>_CheckForUnsupportedAppHostUsage:
       Se omiti├│ la tarea "NETSdkWarning" debido a una condici├│n falsa (False); ('$(RuntimeIdentifier)' != '' and '$(_TargetFrameworkVersionWithoutV)' != '' and $([MSBuild]::VersionLessThan($(_TargetFrameworkVersionWithoutV), '8.0')) and '$(_SelfContainedWasSpecified)' != 'true') se evalu├│ como ('' != '' and '8.0' != '' and False and '' != 'true').
   5:9>Se omiti├│ el destino "_CheckForFailedSDKResolution" debido a una condici├│n falsa (False); ('$(SdkResolverHonoredGlobalJson)' == 'false') se evalu├│ como ('' == 'false').
   4:6>Compilaci├│n terminada del destino "_CheckForLanguageAndFeatureCombinationSupport" en el proyecto "AuthSystem.UnitTests.csproj".
  2:10>Tarea "JoinItems"
  6:11>Se omiti├│ el destino "_CheckForUnsupportedTargetPlatformIdentifier" debido a una condici├│n falsa (False); ('$(TargetPlatformIdentifier)' != '' and '$(TargetFrameworkIdentifier)' == '.NETCoreApp' and $([MSBuild]::VersionGreaterThanOrEquals($(TargetFrameworkVersion), 5.0)) And ('$(DesignTimeBuild)' != 'true' Or '@(MissingWorkloadPack)' == '')) se evalu├│ como ('' != '' and '.NETCoreApp' == '.NETCoreApp' and True And ('' != 'true' Or '' == '')).
   5:9>Se omiti├│ el destino "_WarnWhenUsingNET9AndVSPriorTo1712" debido a una condici├│n falsa (False); ($([MSBuild]::VersionLessThan($(MSBuildVersion), '17.12.0')) and '$(TargetFrameworkIdentifier)' == '.NETCoreApp' and $([MSBuild]::VersionGreaterThanOrEquals($(_TargetFrameworkVersionWithoutV), '9.0'))) se evalu├│ como (False and '.NETCoreApp' == '.NETCoreApp' and False).
   4:6>Se omiti├│ el destino "_CheckForNETCoreSdkIsPreview" debido a una condici├│n falsa (False); ( '$(_NETCoreSdkIsPreview)' == 'true' AND '$(SuppressNETCoreSdkPreviewMessage)' != 'true' ) se evalu├│ como ( 'false' == 'true' AND '' != 'true' ).
   3:6>_CheckForUnsupportedAppHostUsage:
       Se omiti├│ la tarea "NetSdkError" debido a una condici├│n falsa (False); (('$(UseWindowsForms)' == 'true') and ('$(PublishTrimmed)' == 'true') and ('$(_SuppressWinFormsTrimError)' != 'true')) se evalu├│ como (('' == 'true') and ('' == 'true') and ('' != 'true')).
  6:11>Se omiti├│ el destino "_CheckForMissingWorkload" debido a una condici├│n falsa (False); ('@(MissingWorkloadPack)' != '' And '$(DesignTimeBuild)' != 'true') se evalu├│ como ('' != '' And '' != 'true').
  2:10>Ejecuci├│n de la tarea "JoinItems" terminada.
   5:9>Se omiti├│ el destino "_CheckForInvalidWindowsDesktopTargetingConfiguration" debido a una condici├│n falsa (False); ('$(TargetFrameworkIdentifier)' == '.NETCoreApp' and $([MSBuild]::VersionGreaterThanOrEquals($(_TargetFrameworkVersionWithoutV), '5.0')) and ('$(UseWindowsForms)' == 'true' or '$(UseWPF)' == 'true')) se evalu├│ como ('.NETCoreApp' == '.NETCoreApp' and True and ('' == 'true' or '' == 'true')).
  6:11>Se omiti├│ el destino "_CheckForNotRecommendedNETStandardVersion" debido a una condici├│n falsa (False); ('$(TargetFrameworkIdentifier)' == '.NETStandard' and $([MSBuild]::VersionLessThan($(TargetFrameworkVersion), '2.0'))) se evalu├│ como ('.NETCoreApp' == '.NETStandard' and False).
   3:6>_CheckForUnsupportedAppHostUsage:
       Se omiti├│ la tarea "NetSdkError" debido a una condici├│n falsa (False); (('$(UseWpf)' == 'true') and ('$(PublishTrimmed)' == 'true') and ('$(_SuppressWpfTrimError)' != 'true')) se evalu├│ como (('' == 'true') and ('' == 'true') and ('' != 'true')).
  2:10>Compilaci├│n terminada del destino "ResolveLockFileReferences" en el proyecto "AuthSystem.Application.csproj".
   5:9>Se omiti├│ el destino "_CheckForUnnecessaryWindowsDesktopSDK" debido a una condici├│n falsa (False); ('$(TargetFrameworkIdentifier)' == '.NETCoreApp' and $([MSBuild]::VersionGreaterThanOrEquals($(_TargetFrameworkVersionWithoutV), '5.0')) and '$(_MicrosoftWindowsDesktopSdkImported)' == 'true' and '$(TargetFrameworks)' == '') se evalu├│ como ('.NETCoreApp' == '.NETCoreApp' and True and '' == 'true' and '' == '').
  6:11>Se omiti├│ el destino "_CheckForUnsupportedNETStandardVersion" debido a una condici├│n falsa (False); ('$(TargetFrameworkIdentifier)' == '.NETStandard' And '$(NETStandardMaximumVersion)' != '') se evalu├│ como ('.NETCoreApp' == '.NETStandard' And '' != '').
   4:6>Destino "_GetProjectJsonPath" en el archivo "C:\Program Files\dotnet\sdk\9.0.201\NuGet.targets" del proyecto "D:\Users\Jhon\Documentos\Mintrabajo\Modulo General usuarios\AuthSystemNew\AuthSystem.UnitTests\AuthSystem.UnitTests.csproj" (el destino "_GetRestoreProjectStyle" depende de ├®l):
   4:6>Se omiti├│ la tarea "GetRestoreProjectJsonPathTask" debido a una condici├│n falsa (False); ( '$(RestoreProjectStyle)' == 'ProjectJson' OR '$(RestoreProjectStyle)' == '' ) se evalu├│ como ( 'PackageReference' == 'ProjectJson' OR 'PackageReference' == '' ).
  2:10>Se omiti├│ el destino "ResolvePackageAssets". Compilado previamente de forma correcta.
   3:6>Compilaci├│n terminada del destino "_CheckForUnsupportedAppHostUsage" en el proyecto "AuthSystem.IntegrationTests.csproj".
   5:9>Se omiti├│ el destino "ProcessFrameworkReferences". Compilado previamente de forma correcta.
   4:6>Compilaci├│n terminada del destino "_GetProjectJsonPath" en el proyecto "AuthSystem.UnitTests.csproj".
  6:11>Se omiti├│ el destino "_CheckForUnsupportedTargetFrameworkAndFeatureCombination" debido a una condici├│n falsa (False); ('$(TargetFrameworkIdentifier)' == '.NETFramework') se evalu├│ como ('.NETCoreApp' == '.NETFramework').
   5:9>Se omiti├│ el destino "IncludeTargetingPackReference" debido a una condici├│n falsa (False); ('$(TargetFrameworkMoniker)' != '' and '$(TargetFrameworkIdentifier)' == '.NETFramework' and '$(AutomaticallyUseReferenceAssemblyPackages)' == 'true') se evalu├│ como ('.NETCoreApp,Version=v8.0' != '' and '.NETCoreApp' == '.NETFramework' and 'true' == 'true').
   4:6>Se omiti├│ el destino "_CheckForUnsupportedTargetPlatformIdentifier" debido a una condici├│n falsa (False); ('$(TargetPlatformIdentifier)' != '' and '$(TargetFrameworkIdentifier)' == '.NETCoreApp' and $([MSBuild]::VersionGreaterThanOrEquals($(TargetFrameworkVersion), 5.0)) And ('$(DesignTimeBuild)' != 'true' Or '@(MissingWorkloadPack)' == '')) se evalu├│ como ('' != '' and '.NETCoreApp' == '.NETCoreApp' and True And ('' != 'true' Or '' == '')).
   3:6>Destino "_CheckForUnsupportedHostingUsage" en el archivo "C:\Program Files\dotnet\sdk\9.0.201\Sdks\Microsoft.NET.Sdk\targets\Microsoft.NET.RuntimeIdentifierInference.targets" del proyecto "D:\Users\Jhon\Documentos\Mintrabajo\Modulo General usuarios\AuthSystemNew\AuthSystem.IntegrationTests\AuthSystem.IntegrationTests.csproj" (el destino "_CheckForInvalidConfigurationAndPlatform" depende de ├®l):
   3:6>Se omiti├│ la tarea "NETSdkWarning" debido a una condici├│n falsa (False); ('$(SelfContained)' == 'true' and '$(EnableComHosting)' == 'true') se evalu├│ como ('' == 'true' and '' == 'true').
  2:10>Destino "ResolveLockFileAnalyzers" en el archivo "C:\Program Files\dotnet\sdk\9.0.201\Sdks\Microsoft.NET.Sdk\targets\Microsoft.PackageDependencyResolution.targets" del proyecto "D:\Users\Jhon\Documentos\Mintrabajo\Modulo General usuarios\AuthSystemNew\AuthSystem.Application\AuthSystem.Application.csproj" (el destino "ResolvePackageDependenciesForBuild" depende de ├®l):
  2:10>Compilaci├│n terminada del destino "ResolveLockFileAnalyzers" en el proyecto "AuthSystem.Application.csproj".
   4:6>Se omiti├│ el destino "_CheckForMissingWorkload" debido a una condici├│n falsa (False); ('@(MissingWorkloadPack)' != '' And '$(DesignTimeBuild)' != 'true') se evalu├│ como ('' != '' And '' != 'true').
   3:6>Compilaci├│n terminada del destino "_CheckForUnsupportedHostingUsage" en el proyecto "AuthSystem.IntegrationTests.csproj".
  2:10>Se omiti├│ el destino "ResolvePackageAssets". Compilado previamente de forma correcta.
   4:6>Se omiti├│ el destino "_CheckForNotRecommendedNETStandardVersion" debido a una condici├│n falsa (False); ('$(TargetFrameworkIdentifier)' == '.NETStandard' and $([MSBuild]::VersionLessThan($(TargetFrameworkVersion), '2.0'))) se evalu├│ como ('.NETCoreApp' == '.NETStandard' and False).
   5:9>Destino "_CheckForInvalidConfigurationAndPlatform" en el archivo "C:\Program Files\dotnet\sdk\9.0.201\Microsoft.Common.CurrentVersion.targets" del proyecto "D:\Users\Jhon\Documentos\Mintrabajo\Modulo General usuarios\AuthSystemNew\AuthSystem.Infrastructure\AuthSystem.Infrastructure.csproj" (el destino "BeforeBuild" depende de ├®l):
   5:9>Se omiti├│ la tarea "MSBuildInternalMessage" debido a una condici├│n falsa (False); ('$(_InvalidConfigurationMessageSeverity)' != '') se evalu├│ como ('' != '').
  6:11>Destino "UpdateAspNetToFrameworkReference" en el archivo "C:\Program Files\dotnet\sdk\9.0.201\Sdks\Microsoft.NET.Sdk\targets\Microsoft.NET.Sdk.DefaultItems.Shared.targets" del proyecto "D:\Users\Jhon\Documentos\Mintrabajo\Modulo General usuarios\AuthSystemNew\AuthSystem.Domain\AuthSystem.Domain.csproj" (el destino "ApplyImplicitVersions" depende de ├®l):
  6:11>Usando la tarea "CheckIfPackageReferenceShouldBeFrameworkReference" del ensamblado "C:\Program Files\dotnet\sdk\9.0.201\Sdks\Microsoft.NET.Sdk\targets\..\tools\net9.0\Microsoft.NET.Build.Tasks.dll".
   4:6>Se omiti├│ el destino "_CheckForUnsupportedNETStandardVersion" debido a una condici├│n falsa (False); ('$(TargetFrameworkIdentifier)' == '.NETStandard' And '$(NETStandardMaximumVersion)' != '') se evalu├│ como ('.NETCoreApp' == '.NETStandard' And '' != '').
  2:10>Se omiti├│ el destino "RunProduceContentAssets" debido a una condici├│n falsa (False); ('@(_ContentFilesToPreprocess)' != '' and '$(_CleaningWithoutRebuilding)' != 'true') se evalu├│ como ('' != '' and '' != 'true').
   5:9>Tarea "Message"
   3:6>Destino "_CheckAndUnsetUnsupportedPrefer32Bit" en el archivo "C:\Program Files\dotnet\sdk\9.0.201\Sdks\Microsoft.NET.Sdk\targets\Microsoft.NET.RuntimeIdentifierInference.targets" del proyecto "D:\Users\Jhon\Documentos\Mintrabajo\Modulo General usuarios\AuthSystemNew\AuthSystem.IntegrationTests\AuthSystem.IntegrationTests.csproj" (el destino "_CheckForInvalidConfigurationAndPlatform" depende de ├®l):
   3:6>Se omiti├│ la tarea "NETSdkWarning" debido a una condici├│n falsa (False); ('$(Prefer32Bit)' == 'true') se evalu├│ como ('false' == 'true').
   4:6>Se omiti├│ el destino "_CheckForUnsupportedTargetFrameworkAndFeatureCombination" debido a una condici├│n falsa (False); ('$(TargetFrameworkIdentifier)' == '.NETFramework') se evalu├│ como ('.NETCoreApp' == '.NETFramework').
   5:9>_CheckForInvalidConfigurationAndPlatform:
         Configuration=Debug
  6:11>Tarea "CheckIfPackageReferenceShouldBeFrameworkReference"
   3:6>Compilaci├│n terminada del destino "_CheckAndUnsetUnsupportedPrefer32Bit" en el proyecto "AuthSystem.IntegrationTests.csproj".
  2:10>Destino "ResolveLockFileCopyLocalFiles" en el archivo "C:\Program Files\dotnet\sdk\9.0.201\Sdks\Microsoft.NET.Sdk\targets\Microsoft.PackageDependencyResolution.targets" del proyecto "D:\Users\Jhon\Documentos\Mintrabajo\Modulo General usuarios\AuthSystemNew\AuthSystem.Application\AuthSystem.Application.csproj" (el destino "ResolvePackageDependenciesForBuild" depende de ├®l):
  2:10>Compilaci├│n terminada del destino "ResolveLockFileCopyLocalFiles" en el proyecto "AuthSystem.Application.csproj".
   5:9>Ejecuci├│n de la tarea "Message" terminada.
   3:6>Se omiti├│ el destino "_CheckAndUnsetUnsupportedPreferNativeArm64" debido a una condici├│n falsa (False); ('$(TargetFrameworkIdentifier)' == '.NETCoreApp' and '$(PreferNativeArm64)' == 'true') se evalu├│ como ('.NETCoreApp' == '.NETCoreApp' and 'false' == 'true').
   4:6>Destino "UpdateAspNetToFrameworkReference" en el archivo "C:\Program Files\dotnet\sdk\9.0.201\Sdks\Microsoft.NET.Sdk\targets\Microsoft.NET.Sdk.DefaultItems.Shared.targets" del proyecto "D:\Users\Jhon\Documentos\Mintrabajo\Modulo General usuarios\AuthSystemNew\AuthSystem.UnitTests\AuthSystem.UnitTests.csproj" (el destino "ApplyImplicitVersions" depende de ├®l):
   4:6>Usando la tarea "CheckIfPackageReferenceShouldBeFrameworkReference" del ensamblado "C:\Program Files\dotnet\sdk\9.0.201\Sdks\Microsoft.NET.Sdk\targets\..\tools\net9.0\Microsoft.NET.Build.Tasks.dll".
  6:11>Ejecuci├│n de la tarea "CheckIfPackageReferenceShouldBeFrameworkReference" terminada.
   3:6>Se omiti├│ el destino "_CheckForMismatchingPlatform" debido a una condici├│n falsa (False); ('$(RuntimeIdentifier)' != '' and '$(PlatformTarget)' != '') se evalu├│ como ('' != '' and '' != '').
   4:6>Tarea "CheckIfPackageReferenceShouldBeFrameworkReference"
  2:10>Se omiti├│ el destino "ResolveRuntimePackAssets" debido a una condici├│n falsa (False); ('@(RuntimePack)' != '') se evalu├│ como ('' != '').
   5:9>Tarea "Message"
  6:11>UpdateAspNetToFrameworkReference:
       Se omiti├│ la tarea "NETSdkError" debido a una condici├│n falsa (False); ('$(_ShouldRemoveAspNetCoreAll)' == 'true') se evalu├│ como ('False' == 'true').
   5:9>_CheckForInvalidConfigurationAndPlatform:
         Platform=AnyCPU
  2:10>Se omiti├│ el destino "RunProduceContentAssets" debido a una condici├│n falsa (False); ('@(_ContentFilesToPreprocess)' != '' and '$(_CleaningWithoutRebuilding)' != 'true') se evalu├│ como ('' != '' and '' != 'true').
   4:6>Ejecuci├│n de la tarea "CheckIfPackageReferenceShouldBeFrameworkReference" terminada.
  6:11>Tarea "CheckIfPackageReferenceShouldBeFrameworkReference"
   5:9>Ejecuci├│n de la tarea "Message" terminada.
  2:10>Se omiti├│ el destino "ResolvePackageAssets". Compilado previamente de forma correcta.
   4:6>UpdateAspNetToFrameworkReference:
       Se omiti├│ la tarea "NETSdkError" debido a una condici├│n falsa (False); ('$(_ShouldRemoveAspNetCoreAll)' == 'true') se evalu├│ como ('False' == 'true').
   3:6>Destino "_CheckForLanguageAndFeatureCombinationSupport" en el archivo "C:\Program Files\dotnet\sdk\9.0.201\Sdks\Microsoft.NET.Sdk\targets\Microsoft.NET.RuntimeIdentifierInference.targets" del proyecto "D:\Users\Jhon\Documentos\Mintrabajo\Modulo General usuarios\AuthSystemNew\AuthSystem.IntegrationTests\AuthSystem.IntegrationTests.csproj" (el destino "_CheckForInvalidConfigurationAndPlatform" depende de ├®l):
   3:6>Se omiti├│ la tarea "NETSdkError" debido a una condici├│n falsa (False); (('$(Language)' == 'C++' and '$(_EnablePackageReferencesInVCProjects)' != 'true') and $(OutputType) != 'library' and '$(TargetFrameworkIdentifier)' == '.NETCoreApp') se evalu├│ como (('C#' == 'C++' and '' != 'true') and Exe != 'library' and '.NETCoreApp' == '.NETCoreApp').
  6:11>Ejecuci├│n de la tarea "CheckIfPackageReferenceShouldBeFrameworkReference" terminada.
   4:6>Tarea "CheckIfPackageReferenceShouldBeFrameworkReference"
   5:9>_CheckForInvalidConfigurationAndPlatform:
       Se omiti├│ la tarea "MSBuildInternalMessage" debido a una condici├│n falsa (False); ('$(OutDir)' != '' and !HasTrailingSlash('$(OutDir)')) se evalu├│ como ('bin\Debug\net8.0\' != '' and !HasTrailingSlash('bin\Debug\net8.0\')).
  2:10>Destino "IncludeTransitiveProjectReferences" en el archivo "C:\Program Files\dotnet\sdk\9.0.201\Sdks\Microsoft.NET.Sdk\targets\Microsoft.PackageDependencyResolution.targets" del proyecto "D:\Users\Jhon\Documentos\Mintrabajo\Modulo General usuarios\AuthSystemNew\AuthSystem.Application\AuthSystem.Application.csproj" (el destino "ResolvePackageDependenciesForBuild" depende de ├®l):
  2:10>Compilaci├│n terminada del destino "IncludeTransitiveProjectReferences" en el proyecto "AuthSystem.Application.csproj".
  6:11>UpdateAspNetToFrameworkReference:
       Se omiti├│ la tarea "NETSdkWarning" debido a una condici├│n falsa (False); ('$(_ShouldRemoveAspNetCoreApp)' == 'true') se evalu├│ como ('False' == 'true').
   4:6>Ejecuci├│n de la tarea "CheckIfPackageReferenceShouldBeFrameworkReference" terminada.
   5:9>_CheckForInvalidConfigurationAndPlatform:
       Se omiti├│ la tarea "MSBuildInternalMessage" debido a una condici├│n falsa (False); ('$(IntermediateOutputPath)' != '' and !HasTrailingSlash('$(IntermediateOutputPath)')) se evalu├│ como ('obj\Debug\net8.0\' != '' and !HasTrailingSlash('obj\Debug\net8.0\')).
   3:6>_CheckForLanguageAndFeatureCombinationSupport:
       Se omiti├│ la tarea "NETSdkError" debido a una condici├│n falsa (False); (('$(Language)' == 'C++' and '$(_EnablePackageReferencesInVCProjects)' != 'true') and $(EnableComHosting) == 'true') se evalu├│ como (('C#' == 'C++' and '' != 'true') and  == 'true').
       Se omiti├│ la tarea "NETSdkError" debido a una condici├│n falsa (False); (('$(Language)' == 'C++' and '$(_EnablePackageReferencesInVCProjects)' != 'true') and $(SelfContained) == 'true') se evalu├│ como (('C#' == 'C++' and '' != 'true') and  == 'true').
  6:11>Compilaci├│n terminada del destino "UpdateAspNetToFrameworkReference" en el proyecto "AuthSystem.Domain.csproj".
   4:6>UpdateAspNetToFrameworkReference:
       Se omiti├│ la tarea "NETSdkWarning" debido a una condici├│n falsa (False); ('$(_ShouldRemoveAspNetCoreApp)' == 'true') se evalu├│ como ('False' == 'true').
   5:9>_CheckForInvalidConfigurationAndPlatform:
       Se omiti├│ la tarea "MSBuildInternalMessage" debido a una condici├│n falsa (False); ('$(BaseIntermediateOutputPath)' != '' and !HasTrailingSlash('$(BaseIntermediateOutputPath)')) se evalu├│ como ('obj\' != '' and !HasTrailingSlash('obj\')).
  2:10>Destino "ResolvePackageDependenciesForBuild" en el archivo "C:\Program Files\dotnet\sdk\9.0.201\Sdks\Microsoft.NET.Sdk\targets\Microsoft.PackageDependencyResolution.targets" del proyecto "D:\Users\Jhon\Documentos\Mintrabajo\Modulo General usuarios\AuthSystemNew\AuthSystem.Application\AuthSystem.Application.csproj" (el destino "AssignProjectConfiguration" depende de ├®l):
  2:10>Compilaci├│n terminada del destino "ResolvePackageDependenciesForBuild" en el proyecto "AuthSystem.Application.csproj".
   3:6>Compilaci├│n terminada del destino "_CheckForLanguageAndFeatureCombinationSupport" en el proyecto "AuthSystem.IntegrationTests.csproj".
  6:11>Se omiti├│ el destino "IncludeTargetingPackReference" debido a una condici├│n falsa (False); ('$(TargetFrameworkMoniker)' != '' and '$(TargetFrameworkIdentifier)' == '.NETFramework' and '$(AutomaticallyUseReferenceAssemblyPackages)' == 'true') se evalu├│ como ('.NETCoreApp,Version=v8.0' != '' and '.NETCoreApp' == '.NETFramework' and 'true' == 'true').
   3:6>Se omiti├│ el destino "_CheckForNETCoreSdkIsPreview" debido a una condici├│n falsa (False); ( '$(_NETCoreSdkIsPreview)' == 'true' AND '$(SuppressNETCoreSdkPreviewMessage)' != 'true' ) se evalu├│ como ( 'false' == 'true' AND '' != 'true' ).
   5:9>_CheckForInvalidConfigurationAndPlatform:
       Se omiti├│ la tarea "MSBuildInternalMessage" debido a una condici├│n falsa (False); ( '$(Prefer32Bit)' == 'true' and '$(PreferNativeArm64)' == 'true' ) se evalu├│ como ( 'false' == 'true' and 'false' == 'true' ).
   4:6>Compilaci├│n terminada del destino "UpdateAspNetToFrameworkReference" en el proyecto "AuthSystem.UnitTests.csproj".
  2:10>Destino "AssignProjectConfiguration" en el archivo "C:\Program Files\dotnet\sdk\9.0.201\Microsoft.Common.CurrentVersion.targets" del proyecto "D:\Users\Jhon\Documentos\Mintrabajo\Modulo General usuarios\AuthSystemNew\AuthSystem.Application\AuthSystem.Application.csproj" (el destino "ResolveReferences" depende de ├®l):
  2:10>Usando la tarea "AssignProjectConfiguration" del ensamblado "Microsoft.Build.Tasks.Core, Version=15.1.0.0, Culture=neutral, PublicKeyToken=b03f5f7f11d50a3a".
   5:9>_CheckForInvalidConfigurationAndPlatform:
       Se omiti├│ la tarea "MSBuildInternalMessage" debido a una condici├│n falsa (False); ( '$(NoWin32Manifest)' == 'true' and '$(PreferNativeArm64)' == 'true' ) se evalu├│ como ( '' == 'true' and 'false' == 'true' ).
  6:11>Destino "CheckForImplicitPackageReferenceOverrides" en el archivo "C:\Program Files\dotnet\sdk\9.0.201\Sdks\Microsoft.NET.Sdk\targets\Microsoft.NET.Sdk.DefaultItems.Shared.targets" del proyecto "D:\Users\Jhon\Documentos\Mintrabajo\Modulo General usuarios\AuthSystemNew\AuthSystem.Domain\AuthSystem.Domain.csproj" (el destino "ApplyImplicitVersions" depende de ├®l):
  6:11>Usando la tarea "CheckForImplicitPackageReferenceOverrides" del ensamblado "C:\Program Files\dotnet\sdk\9.0.201\Sdks\Microsoft.NET.Sdk\targets\..\tools\net9.0\Microsoft.NET.Build.Tasks.dll".
  2:10>Tarea "AssignProjectConfiguration"
   3:6>Destino "_GetProjectJsonPath" en el archivo "C:\Program Files\dotnet\sdk\9.0.201\NuGet.targets" del proyecto "D:\Users\Jhon\Documentos\Mintrabajo\Modulo General usuarios\AuthSystemNew\AuthSystem.IntegrationTests\AuthSystem.IntegrationTests.csproj" (el destino "_GetRestoreProjectStyle" depende de ├®l):
   3:6>Se omiti├│ la tarea "GetRestoreProjectJsonPathTask" debido a una condici├│n falsa (False); ( '$(RestoreProjectStyle)' == 'ProjectJson' OR '$(RestoreProjectStyle)' == '' ) se evalu├│ como ( 'PackageReference' == 'ProjectJson' OR 'PackageReference' == '' ).
   4:6>Se omiti├│ el destino "IncludeTargetingPackReference" debido a una condici├│n falsa (False); ('$(TargetFrameworkMoniker)' != '' and '$(TargetFrameworkIdentifier)' == '.NETFramework' and '$(AutomaticallyUseReferenceAssemblyPackages)' == 'true') se evalu├│ como ('.NETCoreApp,Version=v8.0' != '' and '.NETCoreApp' == '.NETFramework' and 'true' == 'true').
   5:9>_CheckForInvalidConfigurationAndPlatform:
       Se omiti├│ la tarea "MSBuildInternalMessage" debido a una condici├│n falsa (False); ( '$(PreferNativeArm64)' == 'true' and '$(Platform)' != 'AnyCPU' ) se evalu├│ como ( 'false' == 'true' and 'AnyCPU' != 'AnyCPU' ).
  2:10>AssignProjectConfiguration:
         Se asign├│ la configuraci├│n "Debug|AnyCPU" a la referencia de proyecto "..\AuthSystem.Domain\AuthSystem.Domain.csproj".
  6:11>Tarea "CheckForImplicitPackageReferenceOverrides"
   5:9>_CheckForInvalidConfigurationAndPlatform:
       Se omiti├│ la tarea "MSBuildInternalMessage" debido a una condici├│n falsa (False); ( '$(_InitialMSBuildProjectExtensionsPath)' != '' And '$(MSBuildProjectExtensionsPath)' != '$(_InitialMSBuildProjectExtensionsPath)' ) se evalu├│ como ( 'D:\Users\Jhon\Documentos\Mintrabajo\Modulo General usuarios\AuthSystemNew\AuthSystem.Infrastructure\obj\' != '' And 'D:\Users\Jhon\Documentos\Mintrabajo\Modulo General usuarios\AuthSystemNew\AuthSystem.Infrastructure\obj\' != 'D:\Users\Jhon\Documentos\Mintrabajo\Modulo General usuarios\AuthSystemNew\AuthSystem.Infrastructure\obj\' ).
   3:6>Compilaci├│n terminada del destino "_GetProjectJsonPath" en el proyecto "AuthSystem.IntegrationTests.csproj".
  2:10>Ejecuci├│n de la tarea "AssignProjectConfiguration" terminada.
   4:6>Destino "CheckForImplicitPackageReferenceOverrides" en el archivo "C:\Program Files\dotnet\sdk\9.0.201\Sdks\Microsoft.NET.Sdk\targets\Microsoft.NET.Sdk.DefaultItems.Shared.targets" del proyecto "D:\Users\Jhon\Documentos\Mintrabajo\Modulo General usuarios\AuthSystemNew\AuthSystem.UnitTests\AuthSystem.UnitTests.csproj" (el destino "ApplyImplicitVersions" depende de ├®l):
   4:6>Usando la tarea "CheckForImplicitPackageReferenceOverrides" del ensamblado "C:\Program Files\dotnet\sdk\9.0.201\Sdks\Microsoft.NET.Sdk\targets\..\tools\net9.0\Microsoft.NET.Build.Tasks.dll".
  2:10>Compilaci├│n terminada del destino "AssignProjectConfiguration" en el proyecto "AuthSystem.Application.csproj".
   5:9>_CheckForInvalidConfigurationAndPlatform:
       Se omiti├│ la tarea "MSBuildInternalMessage" debido a una condici├│n falsa (False); ( '$(EnableBaseIntermediateOutputPathMismatchWarning)' == 'true' And '$(_InitialBaseIntermediateOutputPath)' != '$(BaseIntermediateOutputPath)' And '$(BaseIntermediateOutputPath)' != '$(MSBuildProjectExtensionsPath)' ) se evalu├│ como ( 'true' == 'true' And 'obj\' != 'obj\' And 'obj\' != 'D:\Users\Jhon\Documentos\Mintrabajo\Modulo General usuarios\AuthSystemNew\AuthSystem.Infrastructure\obj\' ).
   3:6>Se omiti├│ el destino "_CheckForUnsupportedTargetPlatformIdentifier" debido a una condici├│n falsa (False); ('$(TargetPlatformIdentifier)' != '' and '$(TargetFrameworkIdentifier)' == '.NETCoreApp' and $([MSBuild]::VersionGreaterThanOrEquals($(TargetFrameworkVersion), 5.0)) And ('$(DesignTimeBuild)' != 'true' Or '@(MissingWorkloadPack)' == '')) se evalu├│ como ('' != '' and '.NETCoreApp' == '.NETCoreApp' and True And ('' != 'true' Or '' == '')).
  6:11>Ejecuci├│n de la tarea "CheckForImplicitPackageReferenceOverrides" terminada.
   4:6>Tarea "CheckForImplicitPackageReferenceOverrides"
   3:6>Se omiti├│ el destino "_CheckForMissingWorkload" debido a una condici├│n falsa (False); ('@(MissingWorkloadPack)' != '' And '$(DesignTimeBuild)' != 'true') se evalu├│ como ('' != '' And '' != 'true').
   5:9>Compilaci├│n terminada del destino "_CheckForInvalidConfigurationAndPlatform" en el proyecto "AuthSystem.Infrastructure.csproj".
  2:10>Se omiti├│ el destino "AssignProjectConfiguration". Compilado previamente de forma correcta.
  6:11>Compilaci├│n terminada del destino "CheckForImplicitPackageReferenceOverrides" en el proyecto "AuthSystem.Domain.csproj".
   4:6>Ejecuci├│n de la tarea "CheckForImplicitPackageReferenceOverrides" terminada.
   3:6>Se omiti├│ el destino "_CheckForNotRecommendedNETStandardVersion" debido a una condici├│n falsa (False); ('$(TargetFrameworkIdentifier)' == '.NETStandard' and $([MSBuild]::VersionLessThan($(TargetFrameworkVersion), '2.0'))) se evalu├│ como ('.NETCoreApp' == '.NETStandard' and False).
   4:6>Compilaci├│n terminada del destino "CheckForImplicitPackageReferenceOverrides" en el proyecto "AuthSystem.UnitTests.csproj".
   5:9>Destino "ValidateCommandLineProperties" en el archivo "C:\Program Files\dotnet\sdk\9.0.201\Sdks\Microsoft.NET.Sdk\targets\Microsoft.NET.Sdk.targets" del proyecto "D:\Users\Jhon\Documentos\Mintrabajo\Modulo General usuarios\AuthSystemNew\AuthSystem.Infrastructure\AuthSystem.Infrastructure.csproj" (el destino "BeforeBuild" depende de ├®l):
   5:9>Compilaci├│n terminada del destino "ValidateCommandLineProperties" en el proyecto "AuthSystem.Infrastructure.csproj".
  2:10>Destino "_SplitProjectReferencesByFileExistence" en el archivo "C:\Program Files\dotnet\sdk\9.0.201\Microsoft.Common.CurrentVersion.targets" del proyecto "D:\Users\Jhon\Documentos\Mintrabajo\Modulo General usuarios\AuthSystemNew\AuthSystem.Application\AuthSystem.Application.csproj" (el destino "PrepareProjectReferences" depende de ├®l):
  2:10>Se omiti├│ la tarea "ResolveNonMSBuildProjectOutput" debido a una condici├│n falsa (False); ('$(BuildingInsideVisualStudio)'=='true' and '@(ProjectReferenceWithConfiguration)'!='') se evalu├│ como (''=='true' and '..\AuthSystem.Domain\AuthSystem.Domain.csproj'!='').
  6:11>Destino "ApplyImplicitVersions" en el archivo "C:\Program Files\dotnet\sdk\9.0.201\Sdks\Microsoft.NET.Sdk\targets\Microsoft.NET.Sdk.DefaultItems.Shared.targets" del proyecto "D:\Users\Jhon\Documentos\Mintrabajo\Modulo General usuarios\AuthSystemNew\AuthSystem.Domain\AuthSystem.Domain.csproj" (el destino "CollectPackageReferences" depende de ├®l):
  6:11>Usando la tarea "ApplyImplicitVersions" del ensamblado "C:\Program Files\dotnet\sdk\9.0.201\Sdks\Microsoft.NET.Sdk\targets\..\tools\net9.0\Microsoft.NET.Build.Tasks.dll".
   3:6>Se omiti├│ el destino "_CheckForUnsupportedNETStandardVersion" debido a una condici├│n falsa (False); ('$(TargetFrameworkIdentifier)' == '.NETStandard' And '$(NETStandardMaximumVersion)' != '') se evalu├│ como ('.NETCoreApp' == '.NETStandard' And '' != '').
  2:10>Compilaci├│n terminada del destino "_SplitProjectReferencesByFileExistence" en el proyecto "AuthSystem.Application.csproj".
   4:6>Destino "ApplyImplicitVersions" en el archivo "C:\Program Files\dotnet\sdk\9.0.201\Sdks\Microsoft.NET.Sdk\targets\Microsoft.NET.Sdk.DefaultItems.Shared.targets" del proyecto "D:\Users\Jhon\Documentos\Mintrabajo\Modulo General usuarios\AuthSystemNew\AuthSystem.UnitTests\AuthSystem.UnitTests.csproj" (el destino "CollectPackageReferences" depende de ├®l):
   4:6>Usando la tarea "ApplyImplicitVersions" del ensamblado "C:\Program Files\dotnet\sdk\9.0.201\Sdks\Microsoft.NET.Sdk\targets\..\tools\net9.0\Microsoft.NET.Build.Tasks.dll".
  6:11>Tarea "ApplyImplicitVersions"
   3:6>Se omiti├│ el destino "_CheckForUnsupportedTargetFrameworkAndFeatureCombination" debido a una condici├│n falsa (False); ('$(TargetFrameworkIdentifier)' == '.NETFramework') se evalu├│ como ('.NETCoreApp' == '.NETFramework').
   5:9>Destino "BeforeBuild" en el archivo "C:\Program Files\dotnet\sdk\9.0.201\Microsoft.Common.CurrentVersion.targets" del proyecto "D:\Users\Jhon\Documentos\Mintrabajo\Modulo General usuarios\AuthSystemNew\AuthSystem.Infrastructure\AuthSystem.Infrastructure.csproj" (el destino "Build" depende de ├®l):
   5:9>Compilaci├│n terminada del destino "BeforeBuild" en el proyecto "AuthSystem.Infrastructure.csproj".
  6:11>Ejecuci├│n de la tarea "ApplyImplicitVersions" terminada.
   4:6>Tarea "ApplyImplicitVersions"
  2:10>Destino "_AddOutputPathToGlobalPropertiesToRemove" en el archivo "C:\Program Files\dotnet\sdk\9.0.201\Microsoft.Common.CurrentVersion.targets" del proyecto "D:\Users\Jhon\Documentos\Mintrabajo\Modulo General usuarios\AuthSystemNew\AuthSystem.Application\AuthSystem.Application.csproj" (el destino "_GetProjectReferenceTargetFrameworkProperties" depende de ├®l):
  2:10>Compilaci├│n terminada del destino "_AddOutputPathToGlobalPropertiesToRemove" en el proyecto "AuthSystem.Application.csproj".
   5:9>Se omiti├│ el destino "_CheckForBuildWithNoBuild" debido a una condici├│n falsa (False); ('$(NoBuild)' == 'true' and '$(GeneratePackageOnBuild)' != 'true') se evalu├│ como ('' == 'true' and 'false' != 'true').
  6:11>Compilaci├│n terminada del destino "ApplyImplicitVersions" en el proyecto "AuthSystem.Domain.csproj".
   4:6>Ejecuci├│n de la tarea "ApplyImplicitVersions" terminada.
   3:6>Destino "UpdateAspNetToFrameworkReference" en el archivo "C:\Program Files\dotnet\sdk\9.0.201\Sdks\Microsoft.NET.Sdk\targets\Microsoft.NET.Sdk.DefaultItems.Shared.targets" del proyecto "D:\Users\Jhon\Documentos\Mintrabajo\Modulo General usuarios\AuthSystemNew\AuthSystem.IntegrationTests\AuthSystem.IntegrationTests.csproj" (el destino "ApplyImplicitVersions" depende de ├®l):
   3:6>Usando la tarea "CheckIfPackageReferenceShouldBeFrameworkReference" del ensamblado "C:\Program Files\dotnet\sdk\9.0.201\Sdks\Microsoft.NET.Sdk\targets\..\tools\net9.0\Microsoft.NET.Build.Tasks.dll".
  6:11>Se omiti├│ el destino "CheckForImplicitPackageReferenceOverrides". Compilado previamente de forma correcta.
   4:6>Compilaci├│n terminada del destino "ApplyImplicitVersions" en el proyecto "AuthSystem.UnitTests.csproj".
   3:6>Tarea "CheckIfPackageReferenceShouldBeFrameworkReference"
  2:10>Destino "_GetProjectReferenceTargetFrameworkProperties" en el archivo "C:\Program Files\dotnet\sdk\9.0.201\Microsoft.Common.CurrentVersion.targets" del proyecto "D:\Users\Jhon\Documentos\Mintrabajo\Modulo General usuarios\AuthSystemNew\AuthSystem.Application\AuthSystem.Application.csproj" (el destino "PrepareProjectReferences" depende de ├®l):
  2:10>Tarea "MSBuild"
   5:9>Destino "BuildOnlySettings" en el archivo "C:\Program Files\dotnet\sdk\9.0.201\Microsoft.Common.CurrentVersion.targets" del proyecto "D:\Users\Jhon\Documentos\Mintrabajo\Modulo General usuarios\AuthSystemNew\AuthSystem.Infrastructure\AuthSystem.Infrastructure.csproj" (el destino "CoreBuild" depende de ├®l):
   5:9>Compilaci├│n terminada del destino "BuildOnlySettings" en el proyecto "AuthSystem.Infrastructure.csproj".
  6:11>Se omiti├│ el destino "AddWindowsSdkKnownFrameworkReferences" debido a una condici├│n falsa (False); ('$(TargetFrameworkIdentifier)' == '.NETCoreApp' And '$(TargetPlatformIdentifier)' == 'Windows'
                     And ('$(Language)' != 'C++' Or '$(IncludeWindowsSDKRefFrameworkReferences)' == 'true')) se evalu├│ como ('.NETCoreApp' == '.NETCoreApp' And '' == 'Windows'
                     And ('C#' != 'C++' Or '' == 'true')).
   3:6>Ejecuci├│n de la tarea "CheckIfPackageReferenceShouldBeFrameworkReference" terminada.
  2:10>_GetProjectReferenceTargetFrameworkProperties:
         Propiedades globales:
   4:6>Se omiti├│ el destino "CheckForImplicitPackageReferenceOverrides". Compilado previamente de forma correcta.
  6:11>Se omiti├│ el destino "_NormalizeTargetPlatformVersion" debido a una condici├│n falsa (False); ('$(TargetPlatformVersion)' != '' and '$(TargetFrameworkIdentifier)' == '.NETCoreApp' and $([MSBuild]::VersionGreaterThanOrEquals($(TargetFrameworkVersion), 5.0)) and ('$(Language)' != 'C++' or '$(_EnablePackageReferencesInVCProjects)' == 'true')) se evalu├│ como ('' != '' and '.NETCoreApp' == '.NETCoreApp' and True and ('C#' != 'C++' or '' == 'true')).
   5:9>Se omiti├│ el destino "_CheckForUnsupportedTargetFramework" debido a una condici├│n falsa (False); ('$(_UnsupportedTargetFrameworkError)' == 'true') se evalu├│ como ('' == 'true').
   3:6>UpdateAspNetToFrameworkReference:
       Se omiti├│ la tarea "NETSdkError" debido a una condici├│n falsa (False); ('$(_ShouldRemoveAspNetCoreAll)' == 'true') se evalu├│ como ('False' == 'true').
  2:10>_GetProjectReferenceTargetFrameworkProperties:
           Configuration=Debug
   4:6>Se omiti├│ el destino "AddWindowsSdkKnownFrameworkReferences" debido a una condici├│n falsa (False); ('$(TargetFrameworkIdentifier)' == '.NETCoreApp' And '$(TargetPlatformIdentifier)' == 'Windows'
                     And ('$(Language)' != 'C++' Or '$(IncludeWindowsSDKRefFrameworkReferences)' == 'true')) se evalu├│ como ('.NETCoreApp' == '.NETCoreApp' And '' == 'Windows'
                     And ('C#' != 'C++' Or '' == 'true')).
   3:6>Tarea "CheckIfPackageReferenceShouldBeFrameworkReference"
   5:9>Se omiti├│ el destino "_CheckForUnsupportedTargetPlatformIdentifier" debido a una condici├│n falsa (False); ('$(TargetPlatformIdentifier)' != '' and '$(TargetFrameworkIdentifier)' == '.NETCoreApp' and $([MSBuild]::VersionGreaterThanOrEquals($(TargetFrameworkVersion), 5.0)) And ('$(DesignTimeBuild)' != 'true' Or '@(MissingWorkloadPack)' == '')) se evalu├│ como ('' != '' and '.NETCoreApp' == '.NETCoreApp' and True And ('' != 'true' Or '' == '')).
  2:10>_GetProjectReferenceTargetFrameworkProperties:
           Platform=AnyCPU
   5:9>Se omiti├│ el destino "_CheckForMissingWorkload" debido a una condici├│n falsa (False); ('@(MissingWorkloadPack)' != '' And '$(DesignTimeBuild)' != 'true') se evalu├│ como ('' != '' And '' != 'true').
   4:6>Se omiti├│ el destino "_NormalizeTargetPlatformVersion" debido a una condici├│n falsa (False); ('$(TargetPlatformVersion)' != '' and '$(TargetFrameworkIdentifier)' == '.NETCoreApp' and $([MSBuild]::VersionGreaterThanOrEquals($(TargetFrameworkVersion), 5.0)) and ('$(Language)' != 'C++' or '$(_EnablePackageReferencesInVCProjects)' == 'true')) se evalu├│ como ('' != '' and '.NETCoreApp' == '.NETCoreApp' and True and ('C#' != 'C++' or '' == 'true')).
  2:10>_GetProjectReferenceTargetFrameworkProperties:
         Quitando propiedades:
   3:6>Ejecuci├│n de la tarea "CheckIfPackageReferenceShouldBeFrameworkReference" terminada.
  6:11>Destino "_ComputeToolPackInputsToProcessFrameworkReferences" en el archivo "C:\Program Files\dotnet\sdk\9.0.201\Sdks\Microsoft.NET.Sdk\targets\Microsoft.NET.Publish.targets" del proyecto "D:\Users\Jhon\Documentos\Mintrabajo\Modulo General usuarios\AuthSystemNew\AuthSystem.Domain\AuthSystem.Domain.csproj" (el destino "ProcessFrameworkReferences" depende de ├®l):
  6:11>Compilaci├│n terminada del destino "_ComputeToolPackInputsToProcessFrameworkReferences" en el proyecto "AuthSystem.Domain.csproj".
   3:6>UpdateAspNetToFrameworkReference:
       Se omiti├│ la tarea "NETSdkWarning" debido a una condici├│n falsa (False); ('$(_ShouldRemoveAspNetCoreApp)' == 'true') se evalu├│ como ('False' == 'true').
  2:10>_GetProjectReferenceTargetFrameworkProperties:
           TargetFramework
   5:9>Destino "GetFrameworkPaths" en el archivo "C:\Program Files\dotnet\sdk\9.0.201\Sdks\Microsoft.NET.Sdk\targets\Microsoft.NET.DisableStandardFrameworkResolution.targets" del proyecto "D:\Users\Jhon\Documentos\Mintrabajo\Modulo General usuarios\AuthSystemNew\AuthSystem.Infrastructure\AuthSystem.Infrastructure.csproj" (el destino "PrepareForBuild" depende de ├®l):
   5:9>Compilaci├│n terminada del destino "GetFrameworkPaths" en el proyecto "AuthSystem.Infrastructure.csproj".
   3:6>Compilaci├│n terminada del destino "UpdateAspNetToFrameworkReference" en el proyecto "AuthSystem.IntegrationTests.csproj".
   4:6>Destino "_ComputeToolPackInputsToProcessFrameworkReferences" en el archivo "C:\Program Files\dotnet\sdk\9.0.201\Sdks\Microsoft.NET.Sdk\targets\Microsoft.NET.Publish.targets" del proyecto "D:\Users\Jhon\Documentos\Mintrabajo\Modulo General usuarios\AuthSystemNew\AuthSystem.UnitTests\AuthSystem.UnitTests.csproj" (el destino "ProcessFrameworkReferences" depende de ├®l):
   4:6>Compilaci├│n terminada del destino "_ComputeToolPackInputsToProcessFrameworkReferences" en el proyecto "AuthSystem.UnitTests.csproj".
  6:11>Destino "ProcessFrameworkReferences" en el archivo "C:\Program Files\dotnet\sdk\9.0.201\Sdks\Microsoft.NET.Sdk\targets\Microsoft.NET.Sdk.FrameworkReferenceResolution.targets" del proyecto "D:\Users\Jhon\Documentos\Mintrabajo\Modulo General usuarios\AuthSystemNew\AuthSystem.Domain\AuthSystem.Domain.csproj" (el destino "CollectPackageReferences" depende de ├®l):
  6:11>Usando la tarea "CheckForDuplicateFrameworkReferences" del ensamblado "C:\Program Files\dotnet\sdk\9.0.201\Sdks\Microsoft.NET.Sdk\targets\..\tools\net9.0\Microsoft.NET.Build.Tasks.dll".
   5:9>Se omiti├│ el destino "_CheckForUnsupportedTargetFramework" debido a una condici├│n falsa (False); ('$(_UnsupportedTargetFrameworkError)' == 'true') se evalu├│ como ('' == 'true').
  2:10>_GetProjectReferenceTargetFrameworkProperties:
           RuntimeIdentifier
   3:6>Se omiti├│ el destino "IncludeTargetingPackReference" debido a una condici├│n falsa (False); ('$(TargetFrameworkMoniker)' != '' and '$(TargetFrameworkIdentifier)' == '.NETFramework' and '$(AutomaticallyUseReferenceAssemblyPackages)' == 'true') se evalu├│ como ('.NETCoreApp,Version=v8.0' != '' and '.NETCoreApp' == '.NETFramework' and 'true' == 'true').
  6:11>Tarea "CheckForDuplicateFrameworkReferences"
   5:9>Se omiti├│ el destino "_CheckForUnsupportedTargetPlatformIdentifier" debido a una condici├│n falsa (False); ('$(TargetPlatformIdentifier)' != '' and '$(TargetFrameworkIdentifier)' == '.NETCoreApp' and $([MSBuild]::VersionGreaterThanOrEquals($(TargetFrameworkVersion), 5.0)) And ('$(DesignTimeBuild)' != 'true' Or '@(MissingWorkloadPack)' == '')) se evalu├│ como ('' != '' and '.NETCoreApp' == '.NETCoreApp' and True And ('' != 'true' Or '' == '')).
  2:10>_GetProjectReferenceTargetFrameworkProperties:
           SelfContained
   4:6>Destino "ProcessFrameworkReferences" en el archivo "C:\Program Files\dotnet\sdk\9.0.201\Sdks\Microsoft.NET.Sdk\targets\Microsoft.NET.Sdk.FrameworkReferenceResolution.targets" del proyecto "D:\Users\Jhon\Documentos\Mintrabajo\Modulo General usuarios\AuthSystemNew\AuthSystem.UnitTests\AuthSystem.UnitTests.csproj" (el destino "CollectPackageReferences" depende de ├®l):
   4:6>Usando la tarea "CheckForDuplicateFrameworkReferences" del ensamblado "C:\Program Files\dotnet\sdk\9.0.201\Sdks\Microsoft.NET.Sdk\targets\..\tools\net9.0\Microsoft.NET.Build.Tasks.dll".
   5:9>Se omiti├│ el destino "_CheckForMissingWorkload" debido a una condici├│n falsa (False); ('@(MissingWorkloadPack)' != '' And '$(DesignTimeBuild)' != 'true') se evalu├│ como ('' != '' And '' != 'true').
  6:11>Ejecuci├│n de la tarea "CheckForDuplicateFrameworkReferences" terminada.
   4:6>Tarea "CheckForDuplicateFrameworkReferences"
       Ejecuci├│n de la tarea "CheckForDuplicateFrameworkReferences" terminada.
  6:11>ProcessFrameworkReferences:
       Usando la tarea "ProcessFrameworkReferences" del ensamblado "C:\Program Files\dotnet\sdk\9.0.201\Sdks\Microsoft.NET.Sdk\targets\..\tools\net9.0\Microsoft.NET.Build.Tasks.dll".
   4:6>ProcessFrameworkReferences:
       Usando la tarea "ProcessFrameworkReferences" del ensamblado "C:\Program Files\dotnet\sdk\9.0.201\Sdks\Microsoft.NET.Sdk\targets\..\tools\net9.0\Microsoft.NET.Build.Tasks.dll".
   3:6>Destino "CheckForImplicitPackageReferenceOverrides" en el archivo "C:\Program Files\dotnet\sdk\9.0.201\Sdks\Microsoft.NET.Sdk\targets\Microsoft.NET.Sdk.DefaultItems.Shared.targets" del proyecto "D:\Users\Jhon\Documentos\Mintrabajo\Modulo General usuarios\AuthSystemNew\AuthSystem.IntegrationTests\AuthSystem.IntegrationTests.csproj" (el destino "ApplyImplicitVersions" depende de ├®l):
   3:6>Usando la tarea "CheckForImplicitPackageReferenceOverrides" del ensamblado "C:\Program Files\dotnet\sdk\9.0.201\Sdks\Microsoft.NET.Sdk\targets\..\tools\net9.0\Microsoft.NET.Build.Tasks.dll".
   5:9>Destino "GetReferenceAssemblyPaths" en el archivo "C:\Program Files\dotnet\sdk\9.0.201\Sdks\Microsoft.NET.Sdk\targets\Microsoft.NET.DisableStandardFrameworkResolution.targets" del proyecto "D:\Users\Jhon\Documentos\Mintrabajo\Modulo General usuarios\AuthSystemNew\AuthSystem.Infrastructure\AuthSystem.Infrastructure.csproj" (el destino "PrepareForBuild" depende de ├®l):
   5:9>Compilaci├│n terminada del destino "GetReferenceAssemblyPaths" en el proyecto "AuthSystem.Infrastructure.csproj".
  6:11>Tarea "ProcessFrameworkReferences"
   3:6>Tarea "CheckForImplicitPackageReferenceOverrides"
   5:9>Se omiti├│ el destino "AssignLinkMetadata" debido a una condici├│n falsa (False); ( '$(SynthesizeLinkMetadata)' == 'true' ) se evalu├│ como ( '' == 'true' ).
   4:6>Tarea "ProcessFrameworkReferences"
   5:9>Se omiti├│ el destino "_VerifyPackReleaseConfigurations" debido a una condici├│n falsa (False); ('$(_IsPacking)' == 'true' and '$(DOTNET_CLI_DISABLE_PUBLISH_AND_PACK_RELEASE)' != 'true' and '$(DOTNET_CLI_LAZY_PUBLISH_AND_PACK_RELEASE_FOR_SOLUTIONS)' == 'true') se evalu├│ como ('' == 'true' and '' != 'true' and '' == 'true').
  6:11>Ejecuci├│n de la tarea "ProcessFrameworkReferences" terminada.
   3:6>Ejecuci├│n de la tarea "CheckForImplicitPackageReferenceOverrides" terminada.
   3:6>Compilaci├│n terminada del destino "CheckForImplicitPackageReferenceOverrides" en el proyecto "AuthSystem.IntegrationTests.csproj".
  6:11>ProcessFrameworkReferences:
       Usando la tarea "ResolveAppHosts" del ensamblado "C:\Program Files\dotnet\sdk\9.0.201\Sdks\Microsoft.NET.Sdk\targets\..\tools\net9.0\Microsoft.NET.Build.Tasks.dll".
   4:6>Ejecuci├│n de la tarea "ProcessFrameworkReferences" terminada.
   5:9>Destino "PrepareForBuild" en el archivo "C:\Program Files\dotnet\sdk\9.0.201\Microsoft.Common.CurrentVersion.targets" del proyecto "D:\Users\Jhon\Documentos\Mintrabajo\Modulo General usuarios\AuthSystemNew\AuthSystem.Infrastructure\AuthSystem.Infrastructure.csproj" (el destino "CoreBuild" depende de ├®l):
   5:9>Usando la tarea "FindAppConfigFile" del ensamblado "Microsoft.Build.Tasks.Core, Version=15.1.0.0, Culture=neutral, PublicKeyToken=b03f5f7f11d50a3a".
   4:6>ProcessFrameworkReferences:
       Usando la tarea "ResolveAppHosts" del ensamblado "C:\Program Files\dotnet\sdk\9.0.201\Sdks\Microsoft.NET.Sdk\targets\..\tools\net9.0\Microsoft.NET.Build.Tasks.dll".
  6:11>Tarea "ResolveAppHosts"
   5:9>Tarea "FindAppConfigFile"
  6:11>Ejecuci├│n de la tarea "ResolveAppHosts" terminada.
   3:6>Destino "ApplyImplicitVersions" en el archivo "C:\Program Files\dotnet\sdk\9.0.201\Sdks\Microsoft.NET.Sdk\targets\Microsoft.NET.Sdk.DefaultItems.Shared.targets" del proyecto "D:\Users\Jhon\Documentos\Mintrabajo\Modulo General usuarios\AuthSystemNew\AuthSystem.IntegrationTests\AuthSystem.IntegrationTests.csproj" (el destino "CollectPackageReferences" depende de ├®l):
   3:6>Usando la tarea "ApplyImplicitVersions" del ensamblado "C:\Program Files\dotnet\sdk\9.0.201\Sdks\Microsoft.NET.Sdk\targets\..\tools\net9.0\Microsoft.NET.Build.Tasks.dll".
   5:9>Ejecuci├│n de la tarea "FindAppConfigFile" terminada.
   4:6>Tarea "ResolveAppHosts"
   5:9>PrepareForBuild:
       Usando la tarea "MakeDir" del ensamblado "Microsoft.Build.Tasks.Core, Version=15.1.0.0, Culture=neutral, PublicKeyToken=b03f5f7f11d50a3a".
   3:6>Tarea "ApplyImplicitVersions"
  6:11>Compilaci├│n terminada del destino "ProcessFrameworkReferences" en el proyecto "AuthSystem.Domain.csproj".
   4:6>Ejecuci├│n de la tarea "ResolveAppHosts" terminada.
   3:6>Ejecuci├│n de la tarea "ApplyImplicitVersions" terminada.
   5:9>Tarea "MakeDir"
  6:11>Se omiti├│ el destino "IncludeTargetingPackReference" debido a una condici├│n falsa (False); ('$(TargetFrameworkMoniker)' != '' and '$(TargetFrameworkIdentifier)' == '.NETFramework' and '$(AutomaticallyUseReferenceAssemblyPackages)' == 'true') se evalu├│ como ('.NETCoreApp,Version=v8.0' != '' and '.NETCoreApp' == '.NETFramework' and 'true' == 'true').
   4:6>Compilaci├│n terminada del destino "ProcessFrameworkReferences" en el proyecto "AuthSystem.UnitTests.csproj".
   5:9>Ejecuci├│n de la tarea "MakeDir" terminada.
   3:6>Compilaci├│n terminada del destino "ApplyImplicitVersions" en el proyecto "AuthSystem.IntegrationTests.csproj".
   4:6>Se omiti├│ el destino "IncludeTargetingPackReference" debido a una condici├│n falsa (False); ('$(TargetFrameworkMoniker)' != '' and '$(TargetFrameworkIdentifier)' == '.NETFramework' and '$(AutomaticallyUseReferenceAssemblyPackages)' == 'true') se evalu├│ como ('.NETCoreApp,Version=v8.0' != '' and '.NETCoreApp' == '.NETFramework' and 'true' == 'true').
   5:9>Compilaci├│n terminada del destino "PrepareForBuild" en el proyecto "AuthSystem.Infrastructure.csproj".
  6:11>Se omiti├│ el destino "_CheckMicrosoftNetCompilersToolsetFrameworkPackageReference" debido a una condici├│n falsa (False); ('$(MSBuildRuntimeType)' == 'Full') se evalu├│ como ('Core' == 'Full').
   3:6>Se omiti├│ el destino "CheckForImplicitPackageReferenceOverrides". Compilado previamente de forma correcta.
   4:6>Se omiti├│ el destino "_CheckMicrosoftNetCompilersToolsetFrameworkPackageReference" debido a una condici├│n falsa (False); ('$(MSBuildRuntimeType)' == 'Full') se evalu├│ como ('Core' == 'Full').
   3:6>Se omiti├│ el destino "AddWindowsSdkKnownFrameworkReferences" debido a una condici├│n falsa (False); ('$(TargetFrameworkIdentifier)' == '.NETCoreApp' And '$(TargetPlatformIdentifier)' == 'Windows'
                     And ('$(Language)' != 'C++' Or '$(IncludeWindowsSDKRefFrameworkReferences)' == 'true')) se evalu├│ como ('.NETCoreApp' == '.NETCoreApp' And '' == 'Windows'
                     And ('C#' != 'C++' Or '' == 'true')).
   5:9>Destino "GenerateGlobalUsings" en el archivo "C:\Program Files\dotnet\sdk\9.0.201\Sdks\Microsoft.NET.Sdk\targets\Microsoft.NET.GenerateGlobalUsings.targets" del proyecto "D:\Users\Jhon\Documentos\Mintrabajo\Modulo General usuarios\AuthSystemNew\AuthSystem.Infrastructure\AuthSystem.Infrastructure.csproj" (el destino "CoreBuild" depende de ├®l):
   5:9>Usando la tarea "GenerateGlobalUsings" del ensamblado "C:\Program Files\dotnet\sdk\9.0.201\Sdks\Microsoft.NET.Sdk\targets\..\tools\net9.0\Microsoft.NET.Build.Tasks.dll".
   3:6>Se omiti├│ el destino "_NormalizeTargetPlatformVersion" debido a una condici├│n falsa (False); ('$(TargetPlatformVersion)' != '' and '$(TargetFrameworkIdentifier)' == '.NETCoreApp' and $([MSBuild]::VersionGreaterThanOrEquals($(TargetFrameworkVersion), 5.0)) and ('$(Language)' != 'C++' or '$(_EnablePackageReferencesInVCProjects)' == 'true')) se evalu├│ como ('' != '' and '.NETCoreApp' == '.NETCoreApp' and True and ('C#' != 'C++' or '' == 'true')).
  6:11>Destino "_CheckForObsoleteDotNetCliToolReferences" en el archivo "C:\Program Files\dotnet\sdk\9.0.201\Sdks\Microsoft.NET.Sdk\targets\Microsoft.NET.ObsoleteReferences.targets" del proyecto "D:\Users\Jhon\Documentos\Mintrabajo\Modulo General usuarios\AuthSystemNew\AuthSystem.Domain\AuthSystem.Domain.csproj" (el destino "CollectPackageReferences" depende de ├®l):
  6:11>Se omiti├│ la tarea "NETSdkWarning" debido a una condici├│n falsa (False); ( '%(_ReferenceToObsoleteDotNetCliTool.Identity)' != '' ) se evalu├│ como ( '' != '' ).
   4:6>Destino "_CheckForObsoleteDotNetCliToolReferences" en el archivo "C:\Program Files\dotnet\sdk\9.0.201\Sdks\Microsoft.NET.Sdk\targets\Microsoft.NET.ObsoleteReferences.targets" del proyecto "D:\Users\Jhon\Documentos\Mintrabajo\Modulo General usuarios\AuthSystemNew\AuthSystem.UnitTests\AuthSystem.UnitTests.csproj" (el destino "CollectPackageReferences" depende de ├®l):
   4:6>Se omiti├│ la tarea "NETSdkWarning" debido a una condici├│n falsa (False); ( '%(_ReferenceToObsoleteDotNetCliTool.Identity)' != '' ) se evalu├│ como ( '' != '' ).
   5:9>Tarea "GenerateGlobalUsings"
   4:6>Compilaci├│n terminada del destino "_CheckForObsoleteDotNetCliToolReferences" en el proyecto "AuthSystem.UnitTests.csproj".
  6:11>Compilaci├│n terminada del destino "_CheckForObsoleteDotNetCliToolReferences" en el proyecto "AuthSystem.Domain.csproj".
   5:9>Ejecuci├│n de la tarea "GenerateGlobalUsings" terminada.
   3:6>Destino "_ComputeToolPackInputsToProcessFrameworkReferences" en el archivo "C:\Program Files\dotnet\sdk\9.0.201\Sdks\Microsoft.NET.Sdk\targets\Microsoft.NET.Publish.targets" del proyecto "D:\Users\Jhon\Documentos\Mintrabajo\Modulo General usuarios\AuthSystemNew\AuthSystem.IntegrationTests\AuthSystem.IntegrationTests.csproj" (el destino "ProcessFrameworkReferences" depende de ├®l):
   3:6>Compilaci├│n terminada del destino "_ComputeToolPackInputsToProcessFrameworkReferences" en el proyecto "AuthSystem.IntegrationTests.csproj".
   4:6>Destino "CollectPackageReferences" en el archivo "C:\Program Files\dotnet\sdk\9.0.201\NuGet.targets" del proyecto "D:\Users\Jhon\Documentos\Mintrabajo\Modulo General usuarios\AuthSystemNew\AuthSystem.UnitTests\AuthSystem.UnitTests.csproj" (el destino "_GetRestoreProjectStyle" depende de ├®l):
   4:6>Usando la tarea "CheckForDuplicateNuGetItemsTask" del ensamblado "C:\Program Files\dotnet\sdk\9.0.201\NuGet.Build.Tasks.dll".
   5:9>GenerateGlobalUsings:
       Usando la tarea "WriteLinesToFile" del ensamblado "Microsoft.Build.Tasks.Core, Version=15.1.0.0, Culture=neutral, PublicKeyToken=b03f5f7f11d50a3a".
   4:6>Tarea "CheckForDuplicateNuGetItemsTask"
   5:9>Tarea "WriteLinesToFile"
  6:11>Destino "CollectPackageReferences" en el archivo "C:\Program Files\dotnet\sdk\9.0.201\NuGet.targets" del proyecto "D:\Users\Jhon\Documentos\Mintrabajo\Modulo General usuarios\AuthSystemNew\AuthSystem.Domain\AuthSystem.Domain.csproj" (el destino "_GetRestoreProjectStyle" depende de ├®l):
  6:11>Usando la tarea "CheckForDuplicateNuGetItemsTask" del ensamblado "C:\Program Files\dotnet\sdk\9.0.201\NuGet.Build.Tasks.dll".
   3:6>Destino "ProcessFrameworkReferences" en el archivo "C:\Program Files\dotnet\sdk\9.0.201\Sdks\Microsoft.NET.Sdk\targets\Microsoft.NET.Sdk.FrameworkReferenceResolution.targets" del proyecto "D:\Users\Jhon\Documentos\Mintrabajo\Modulo General usuarios\AuthSystemNew\AuthSystem.IntegrationTests\AuthSystem.IntegrationTests.csproj" (el destino "CollectPackageReferences" depende de ├®l):
   3:6>Usando la tarea "CheckForDuplicateFrameworkReferences" del ensamblado "C:\Program Files\dotnet\sdk\9.0.201\Sdks\Microsoft.NET.Sdk\targets\..\tools\net9.0\Microsoft.NET.Build.Tasks.dll".
   4:6>Ejecuci├│n de la tarea "CheckForDuplicateNuGetItemsTask" terminada.
   5:9>GenerateGlobalUsings:
         Omitiendo la escritura en el archivo "obj\Debug\net8.0\AuthSystem.Infrastructure.GlobalUsings.g.cs" porque el contenido no cambiar├í.
   4:6>Compilaci├│n terminada del destino "CollectPackageReferences" en el proyecto "AuthSystem.UnitTests.csproj".
   3:6>Tarea "CheckForDuplicateFrameworkReferences"
   5:9>Ejecuci├│n de la tarea "WriteLinesToFile" terminada.
  6:11>Tarea "CheckForDuplicateNuGetItemsTask"
   5:9>Compilaci├│n terminada del destino "GenerateGlobalUsings" en el proyecto "AuthSystem.Infrastructure.csproj".
   3:6>Ejecuci├│n de la tarea "CheckForDuplicateFrameworkReferences" terminada.
  6:11>Ejecuci├│n de la tarea "CheckForDuplicateNuGetItemsTask" terminada.
   5:9>Se omiti├│ el destino "PreBuildEvent" debido a una condici├│n falsa (False); ('$(PreBuildEvent)'!='') se evalu├│ como (''!='').
   4:6>Destino "_GetRestoreProjectStyle" en el archivo "C:\Program Files\dotnet\sdk\9.0.201\NuGet.targets" del proyecto "D:\Users\Jhon\Documentos\Mintrabajo\Modulo General usuarios\AuthSystemNew\AuthSystem.UnitTests\AuthSystem.UnitTests.csproj" (el destino "EnableIntermediateOutputPathMismatchWarning" depende de ├®l):
   4:6>Usando la tarea "GetRestoreProjectStyleTask" del ensamblado "C:\Program Files\dotnet\sdk\9.0.201\NuGet.Build.Tasks.dll".
   3:6>ProcessFrameworkReferences:
       Usando la tarea "ProcessFrameworkReferences" del ensamblado "C:\Program Files\dotnet\sdk\9.0.201\Sdks\Microsoft.NET.Sdk\targets\..\tools\net9.0\Microsoft.NET.Build.Tasks.dll".
   4:6>Tarea "GetRestoreProjectStyleTask"
  6:11>Compilaci├│n terminada del destino "CollectPackageReferences" en el proyecto "AuthSystem.Domain.csproj".
   3:6>Tarea "ProcessFrameworkReferences"
   4:6>Ejecuci├│n de la tarea "GetRestoreProjectStyleTask" terminada.
   5:9>Destino "BeforeResolveReferences" en el archivo "C:\Program Files\dotnet\sdk\9.0.201\Microsoft.Common.CurrentVersion.targets" del proyecto "D:\Users\Jhon\Documentos\Mintrabajo\Modulo General usuarios\AuthSystemNew\AuthSystem.Infrastructure\AuthSystem.Infrastructure.csproj" (el destino "ResolveReferences" depende de ├®l):
   5:9>Compilaci├│n terminada del destino "BeforeResolveReferences" en el proyecto "AuthSystem.Infrastructure.csproj".
   3:6>Ejecuci├│n de la tarea "ProcessFrameworkReferences" terminada.
   4:6>Compilaci├│n terminada del destino "_GetRestoreProjectStyle" en el proyecto "AuthSystem.UnitTests.csproj".
   3:6>ProcessFrameworkReferences:
       Usando la tarea "ResolveAppHosts" del ensamblado "C:\Program Files\dotnet\sdk\9.0.201\Sdks\Microsoft.NET.Sdk\targets\..\tools\net9.0\Microsoft.NET.Build.Tasks.dll".
  6:11>Destino "_GetRestoreProjectStyle" en el archivo "C:\Program Files\dotnet\sdk\9.0.201\NuGet.targets" del proyecto "D:\Users\Jhon\Documentos\Mintrabajo\Modulo General usuarios\AuthSystemNew\AuthSystem.Domain\AuthSystem.Domain.csproj" (el destino "EnableIntermediateOutputPathMismatchWarning" depende de ├®l):
  6:11>Usando la tarea "GetRestoreProjectStyleTask" del ensamblado "C:\Program Files\dotnet\sdk\9.0.201\NuGet.Build.Tasks.dll".
   5:9>Destino "IgnoreJavaScriptOutputAssembly" en el archivo "C:\Program Files\dotnet\sdk\9.0.201\Microsoft.Common.CurrentVersion.targets" del proyecto "D:\Users\Jhon\Documentos\Mintrabajo\Modulo General usuarios\AuthSystemNew\AuthSystem.Infrastructure\AuthSystem.Infrastructure.csproj" (el destino "AssignProjectConfiguration" depende de ├®l):
   5:9>Compilaci├│n terminada del destino "IgnoreJavaScriptOutputAssembly" en el proyecto "AuthSystem.Infrastructure.csproj".
  6:11>Tarea "GetRestoreProjectStyleTask"
   3:6>Tarea "ResolveAppHosts"
   5:9>Se omiti├│ el destino "ProcessFrameworkReferences". Compilado previamente de forma correcta.
   4:6>Destino "EnableIntermediateOutputPathMismatchWarning" en el archivo "C:\Program Files\dotnet\sdk\9.0.201\NuGet.targets" del proyecto "D:\Users\Jhon\Documentos\Mintrabajo\Modulo General usuarios\AuthSystemNew\AuthSystem.UnitTests\AuthSystem.UnitTests.csproj" (el destino "_CheckForInvalidConfigurationAndPlatform" depende de ├®l):
   4:6>Compilaci├│n terminada del destino "EnableIntermediateOutputPathMismatchWarning" en el proyecto "AuthSystem.UnitTests.csproj".
  6:11>Ejecuci├│n de la tarea "GetRestoreProjectStyleTask" terminada.
   4:6>Se omiti├│ el destino "ApplyImplicitVersions". Compilado previamente de forma correcta.
   3:6>Ejecuci├│n de la tarea "ResolveAppHosts" terminada.
   4:6>Se omiti├│ el destino "CheckForImplicitPackageReferenceOverrides". Compilado previamente de forma correcta.
   5:9>Destino "_DefaultMicrosoftNETPlatformLibrary" en el archivo "C:\Program Files\dotnet\sdk\9.0.201\Sdks\Microsoft.NET.Sdk\targets\Microsoft.NET.Sdk.Shared.targets" del proyecto "D:\Users\Jhon\Documentos\Mintrabajo\Modulo General usuarios\AuthSystemNew\AuthSystem.Infrastructure\AuthSystem.Infrastructure.csproj" (el destino "ResolvePackageAssets" depende de ├®l):
   5:9>Compilaci├│n terminada del destino "_DefaultMicrosoftNETPlatformLibrary" en el proyecto "AuthSystem.Infrastructure.csproj".
  6:11>Compilaci├│n terminada del destino "_GetRestoreProjectStyle" en el proyecto "AuthSystem.Domain.csproj".
   3:6>Compilaci├│n terminada del destino "ProcessFrameworkReferences" en el proyecto "AuthSystem.IntegrationTests.csproj".
       Se omiti├│ el destino "IncludeTargetingPackReference" debido a una condici├│n falsa (False); ('$(TargetFrameworkMoniker)' != '' and '$(TargetFrameworkIdentifier)' == '.NETFramework' and '$(AutomaticallyUseReferenceAssemblyPackages)' == 'true') se evalu├│ como ('.NETCoreApp,Version=v8.0' != '' and '.NETCoreApp' == '.NETFramework' and 'true' == 'true').
   5:9>Destino "_ComputePackageReferencePublish" en el archivo "C:\Program Files\dotnet\sdk\9.0.201\Sdks\Microsoft.NET.Sdk\targets\Microsoft.NET.Sdk.Shared.targets" del proyecto "D:\Users\Jhon\Documentos\Mintrabajo\Modulo General usuarios\AuthSystemNew\AuthSystem.Infrastructure\AuthSystem.Infrastructure.csproj" (el destino "ResolvePackageAssets" depende de ├®l):
   5:9>Compilaci├│n terminada del destino "_ComputePackageReferencePublish" en el proyecto "AuthSystem.Infrastructure.csproj".
   4:6>Destino "CheckForDuplicateItems" en el archivo "C:\Program Files\dotnet\sdk\9.0.201\Sdks\Microsoft.NET.Sdk\targets\Microsoft.NET.Sdk.DefaultItems.Shared.targets" del proyecto "D:\Users\Jhon\Documentos\Mintrabajo\Modulo General usuarios\AuthSystemNew\AuthSystem.UnitTests\AuthSystem.UnitTests.csproj" (el destino "_CheckForInvalidConfigurationAndPlatform" depende de ├®l):
   4:6>Usando la tarea "CheckForDuplicateItems" del ensamblado "C:\Program Files\dotnet\sdk\9.0.201\Sdks\Microsoft.NET.Sdk\targets\..\tools\net9.0\Microsoft.NET.Build.Tasks.dll".
   5:9>Se omiti├│ el destino "_ResolveCompilerVersion" debido a una condici├│n falsa (False); ('$(CompilerApiVersion)' == '' And
                     ('$(Language)' == 'C#' Or '$(Language)' == 'VB') And
                     Exists('$(RoslynTargetsPath)\Microsoft.Build.Tasks.CodeAnalysis.dll')) se evalu├│ como ('roslyn4.13' == '' And
                     ('C#' == 'C#' Or 'C#' == 'VB') And
                     Exists('C:\Program Files\dotnet\sdk\9.0.201\Roslyn\Microsoft.Build.Tasks.CodeAnalysis.dll')).
  6:11>Destino "EnableIntermediateOutputPathMismatchWarning" en el archivo "C:\Program Files\dotnet\sdk\9.0.201\NuGet.targets" del proyecto "D:\Users\Jhon\Documentos\Mintrabajo\Modulo General usuarios\AuthSystemNew\AuthSystem.Domain\AuthSystem.Domain.csproj" (el destino "_CheckForInvalidConfigurationAndPlatform" depende de ├®l):
  6:11>Compilaci├│n terminada del destino "EnableIntermediateOutputPathMismatchWarning" en el proyecto "AuthSystem.Domain.csproj".
   3:6>Se omiti├│ el destino "_CheckMicrosoftNetCompilersToolsetFrameworkPackageReference" debido a una condici├│n falsa (False); ('$(MSBuildRuntimeType)' == 'Full') se evalu├│ como ('Core' == 'Full').
   4:6>Tarea "CheckForDuplicateItems"
  6:11>Se omiti├│ el destino "ApplyImplicitVersions". Compilado previamente de forma correcta.
   4:6>Ejecuci├│n de la tarea "CheckForDuplicateItems" terminada.
   5:9>Destino "ResolvePackageAssets" en el archivo "C:\Program Files\dotnet\sdk\9.0.201\Sdks\Microsoft.NET.Sdk\targets\Microsoft.PackageDependencyResolution.targets" del proyecto "D:\Users\Jhon\Documentos\Mintrabajo\Modulo General usuarios\AuthSystemNew\AuthSystem.Infrastructure\AuthSystem.Infrastructure.csproj" (el destino "ResolveLockFileReferences" depende de ├®l):
   5:9>Usando la tarea "ResolvePackageAssets" del ensamblado "C:\Program Files\dotnet\sdk\9.0.201\Sdks\Microsoft.NET.Sdk\targets\..\tools\net9.0\Microsoft.NET.Build.Tasks.dll".
   3:6>Destino "_CheckForObsoleteDotNetCliToolReferences" en el archivo "C:\Program Files\dotnet\sdk\9.0.201\Sdks\Microsoft.NET.Sdk\targets\Microsoft.NET.ObsoleteReferences.targets" del proyecto "D:\Users\Jhon\Documentos\Mintrabajo\Modulo General usuarios\AuthSystemNew\AuthSystem.IntegrationTests\AuthSystem.IntegrationTests.csproj" (el destino "CollectPackageReferences" depende de ├®l):
   3:6>Se omiti├│ la tarea "NETSdkWarning" debido a una condici├│n falsa (False); ( '%(_ReferenceToObsoleteDotNetCliTool.Identity)' != '' ) se evalu├│ como ( '' != '' ).
  6:11>Se omiti├│ el destino "CheckForImplicitPackageReferenceOverrides". Compilado previamente de forma correcta.
   4:6>Tarea "CheckForDuplicateItems"
   5:9>Tarea "ResolvePackageAssets"
   3:6>Compilaci├│n terminada del destino "_CheckForObsoleteDotNetCliToolReferences" en el proyecto "AuthSystem.IntegrationTests.csproj".
   4:6>Ejecuci├│n de la tarea "CheckForDuplicateItems" terminada.
   5:9>D:\Users\Jhon\Documentos\Mintrabajo\Modulo General usuarios\AuthSystemNew\AuthSystem.Infrastructure\AuthSystem.Infrastructure.csproj : warning NU1903: El paquete "SixLabors.ImageSharp" 3.0.2 tiene una vulnerabilidad de gravedad alta conocida, https://github.com/advisories/GHSA-2cmq-823j-5qj8
  6:11>Destino "CheckForDuplicateItems" en el archivo "C:\Program Files\dotnet\sdk\9.0.201\Sdks\Microsoft.NET.Sdk\targets\Microsoft.NET.Sdk.DefaultItems.Shared.targets" del proyecto "D:\Users\Jhon\Documentos\Mintrabajo\Modulo General usuarios\AuthSystemNew\AuthSystem.Domain\AuthSystem.Domain.csproj" (el destino "_CheckForInvalidConfigurationAndPlatform" depende de ├®l):
  6:11>Usando la tarea "CheckForDuplicateItems" del ensamblado "C:\Program Files\dotnet\sdk\9.0.201\Sdks\Microsoft.NET.Sdk\targets\..\tools\net9.0\Microsoft.NET.Build.Tasks.dll".
   4:6>Tarea "CheckForDuplicateItems"
   3:6>Destino "CollectPackageReferences" en el archivo "C:\Program Files\dotnet\sdk\9.0.201\NuGet.targets" del proyecto "D:\Users\Jhon\Documentos\Mintrabajo\Modulo General usuarios\AuthSystemNew\AuthSystem.IntegrationTests\AuthSystem.IntegrationTests.csproj" (el destino "_GetRestoreProjectStyle" depende de ├®l):
   3:6>Usando la tarea "CheckForDuplicateNuGetItemsTask" del ensamblado "C:\Program Files\dotnet\sdk\9.0.201\NuGet.Build.Tasks.dll".
   5:9>D:\Users\Jhon\Documentos\Mintrabajo\Modulo General usuarios\AuthSystemNew\AuthSystem.Infrastructure\AuthSystem.Infrastructure.csproj : warning NU1902: El paquete "SixLabors.ImageSharp" 3.0.2 tiene una vulnerabilidad de gravedad moderada conocida, https://github.com/advisories/GHSA-5x7m-6737-26cr
   4:6>Ejecuci├│n de la tarea "CheckForDuplicateItems" terminada.
  6:11>Tarea "CheckForDuplicateItems"
   3:6>Tarea "CheckForDuplicateNuGetItemsTask"
   5:9>D:\Users\Jhon\Documentos\Mintrabajo\Modulo General usuarios\AuthSystemNew\AuthSystem.Infrastructure\AuthSystem.Infrastructure.csproj : warning NU1903: El paquete "SixLabors.ImageSharp" 3.0.2 tiene una vulnerabilidad de gravedad alta conocida, https://github.com/advisories/GHSA-63p8-c4ww-9cg7
   4:6>Compilaci├│n terminada del destino "CheckForDuplicateItems" en el proyecto "AuthSystem.UnitTests.csproj".
  6:11>Ejecuci├│n de la tarea "CheckForDuplicateItems" terminada.
   5:9>D:\Users\Jhon\Documentos\Mintrabajo\Modulo General usuarios\AuthSystemNew\AuthSystem.Infrastructure\AuthSystem.Infrastructure.csproj : warning NU1903: El paquete "SixLabors.ImageSharp" 3.0.2 tiene una vulnerabilidad de gravedad alta conocida, https://github.com/advisories/GHSA-65x7-c272-7g7r
   3:6>Ejecuci├│n de la tarea "CheckForDuplicateNuGetItemsTask" terminada.
   4:6>Se omiti├│ el destino "WarnForExplicitVersions" debido a una condici├│n falsa (False); ('@(SdkBuildWarning)' != '') se evalu├│ como ('' != '').
   5:9>D:\Users\Jhon\Documentos\Mintrabajo\Modulo General usuarios\AuthSystemNew\AuthSystem.Infrastructure\AuthSystem.Infrastructure.csproj : warning NU1902: El paquete "SixLabors.ImageSharp" 3.0.2 tiene una vulnerabilidad de gravedad moderada conocida, https://github.com/advisories/GHSA-g85r-6x2q-45w7
  6:11>Tarea "CheckForDuplicateItems"
   3:6>Compilaci├│n terminada del destino "CollectPackageReferences" en el proyecto "AuthSystem.IntegrationTests.csproj".
   4:6>Se omiti├│ el destino "_CheckForFailedSDKResolution" debido a una condici├│n falsa (False); ('$(SdkResolverHonoredGlobalJson)' == 'false') se evalu├│ como ('' == 'false').
   5:9>D:\Users\Jhon\Documentos\Mintrabajo\Modulo General usuarios\AuthSystemNew\AuthSystem.Infrastructure\AuthSystem.Infrastructure.csproj : warning NU1902: El paquete "SixLabors.ImageSharp" 3.0.2 tiene una vulnerabilidad de gravedad moderada conocida, https://github.com/advisories/GHSA-qxrv-gp6x-rc23
  6:11>Ejecuci├│n de la tarea "CheckForDuplicateItems" terminada.
   4:6>Se omiti├│ el destino "_WarnWhenUsingNET9AndVSPriorTo1712" debido a una condici├│n falsa (False); ($([MSBuild]::VersionLessThan($(MSBuildVersion), '17.12.0')) and '$(TargetFrameworkIdentifier)' == '.NETCoreApp' and $([MSBuild]::VersionGreaterThanOrEquals($(_TargetFrameworkVersionWithoutV), '9.0'))) se evalu├│ como (False and '.NETCoreApp' == '.NETCoreApp' and False).
  6:11>Tarea "CheckForDuplicateItems"
   4:6>Se omiti├│ el destino "_CheckForInvalidWindowsDesktopTargetingConfiguration" debido a una condici├│n falsa (False); ('$(TargetFrameworkIdentifier)' == '.NETCoreApp' and $([MSBuild]::VersionGreaterThanOrEquals($(_TargetFrameworkVersionWithoutV), '5.0')) and ('$(UseWindowsForms)' == 'true' or '$(UseWPF)' == 'true')) se evalu├│ como ('.NETCoreApp' == '.NETCoreApp' and True and ('' == 'true' or '' == 'true')).
   5:9>D:\Users\Jhon\Documentos\Mintrabajo\Modulo General usuarios\AuthSystemNew\AuthSystem.Infrastructure\AuthSystem.Infrastructure.csproj : warning NU1902: El paquete "System.IdentityModel.Tokens.Jwt" 7.0.3 tiene una vulnerabilidad de gravedad moderada conocida, https://github.com/advisories/GHSA-59j7-ghrg-fj52
   3:6>Destino "_GetRestoreProjectStyle" en el archivo "C:\Program Files\dotnet\sdk\9.0.201\NuGet.targets" del proyecto "D:\Users\Jhon\Documentos\Mintrabajo\Modulo General usuarios\AuthSystemNew\AuthSystem.IntegrationTests\AuthSystem.IntegrationTests.csproj" (el destino "EnableIntermediateOutputPathMismatchWarning" depende de ├®l):
   3:6>Usando la tarea "GetRestoreProjectStyleTask" del ensamblado "C:\Program Files\dotnet\sdk\9.0.201\NuGet.Build.Tasks.dll".
  6:11>Ejecuci├│n de la tarea "CheckForDuplicateItems" terminada.
   5:9>Ejecuci├│n de la tarea "ResolvePackageAssets" terminada.
   4:6>Se omiti├│ el destino "_CheckForUnnecessaryWindowsDesktopSDK" debido a una condici├│n falsa (False); ('$(TargetFrameworkIdentifier)' == '.NETCoreApp' and $([MSBuild]::VersionGreaterThanOrEquals($(_TargetFrameworkVersionWithoutV), '5.0')) and '$(_MicrosoftWindowsDesktopSdkImported)' == 'true' and '$(TargetFrameworks)' == '') se evalu├│ como ('.NETCoreApp' == '.NETCoreApp' and True and '' == 'true' and '' == '').
   3:6>Tarea "GetRestoreProjectStyleTask"
   5:9>Compilaci├│n terminada del destino "ResolvePackageAssets" en el proyecto "AuthSystem.Infrastructure.csproj".
  6:11>Compilaci├│n terminada del destino "CheckForDuplicateItems" en el proyecto "AuthSystem.Domain.csproj".
   3:6>Ejecuci├│n de la tarea "GetRestoreProjectStyleTask" terminada.
   4:6>Se omiti├│ el destino "ProcessFrameworkReferences". Compilado previamente de forma correcta.
   5:9>Se omiti├│ el destino "AdjustDefaultPlatformTargetForNetFrameworkExeWithNoNativeCopyLocalItems" debido a una condici├│n falsa (False); ('$(_UsingDefaultPlatformTarget)' == 'true' and
                     '$(_UsingDefaultRuntimeIdentifier)' == 'true') se evalu├│ como ('true' == 'true' and
                     '' == 'true').
   3:6>Compilaci├│n terminada del destino "_GetRestoreProjectStyle" en el proyecto "AuthSystem.IntegrationTests.csproj".
  6:11>Se omiti├│ el destino "WarnForExplicitVersions" debido a una condici├│n falsa (False); ('@(SdkBuildWarning)' != '') se evalu├│ como ('' != '').
   4:6>Se omiti├│ el destino "IncludeTargetingPackReference" debido a una condici├│n falsa (False); ('$(TargetFrameworkMoniker)' != '' and '$(TargetFrameworkIdentifier)' == '.NETFramework' and '$(AutomaticallyUseReferenceAssemblyPackages)' == 'true') se evalu├│ como ('.NETCoreApp,Version=v8.0' != '' and '.NETCoreApp' == '.NETFramework' and 'true' == 'true').
   5:9>Se omiti├│ el destino "_CheckForTransitiveWindowsDesktopDependencies" debido a una condici├│n falsa (False); ('$(TargetFrameworkIdentifier)' == '.NETCoreApp' and $([MSBuild]::VersionGreaterThanOrEquals($(_TargetFrameworkVersionWithoutV), '5.0')) and '$(TargetPlatformIdentifier)' != 'Windows' and '@(TransitiveFrameworkReference)' != '') se evalu├│ como ('.NETCoreApp' == '.NETCoreApp' and True and '' != 'Windows' and '' != '').
   3:6>Destino "EnableIntermediateOutputPathMismatchWarning" en el archivo "C:\Program Files\dotnet\sdk\9.0.201\NuGet.targets" del proyecto "D:\Users\Jhon\Documentos\Mintrabajo\Modulo General usuarios\AuthSystemNew\AuthSystem.IntegrationTests\AuthSystem.IntegrationTests.csproj" (el destino "_CheckForInvalidConfigurationAndPlatform" depende de ├®l):
   3:6>Compilaci├│n terminada del destino "EnableIntermediateOutputPathMismatchWarning" en el proyecto "AuthSystem.IntegrationTests.csproj".
   5:9>Se omiti├│ el destino "AddTransitiveFrameworkReferences" debido a una condici├│n falsa (False); ('@(TransitiveFrameworkReference)' != '') se evalu├│ como ('' != '').
  6:11>Se omiti├│ el destino "_CheckForFailedSDKResolution" debido a una condici├│n falsa (False); ('$(SdkResolverHonoredGlobalJson)' == 'false') se evalu├│ como ('' == 'false').
   3:6>Se omiti├│ el destino "ApplyImplicitVersions". Compilado previamente de forma correcta.
  6:11>Se omiti├│ el destino "_WarnWhenUsingNET9AndVSPriorTo1712" debido a una condici├│n falsa (False); ($([MSBuild]::VersionLessThan($(MSBuildVersion), '17.12.0')) and '$(TargetFrameworkIdentifier)' == '.NETCoreApp' and $([MSBuild]::VersionGreaterThanOrEquals($(_TargetFrameworkVersionWithoutV), '9.0'))) se evalu├│ como (False and '.NETCoreApp' == '.NETCoreApp' and False).
   4:6>Destino "_CheckForInvalidConfigurationAndPlatform" en el archivo "C:\Program Files\dotnet\sdk\9.0.201\Microsoft.Common.CurrentVersion.targets" del proyecto "D:\Users\Jhon\Documentos\Mintrabajo\Modulo General usuarios\AuthSystemNew\AuthSystem.UnitTests\AuthSystem.UnitTests.csproj" (el destino "BeforeBuild" depende de ├®l):
   4:6>Se omiti├│ la tarea "MSBuildInternalMessage" debido a una condici├│n falsa (False); ('$(_InvalidConfigurationMessageSeverity)' != '') se evalu├│ como ('' != '').
   3:6>Se omiti├│ el destino "CheckForImplicitPackageReferenceOverrides". Compilado previamente de forma correcta.
   5:9>Destino "ResolveLockFileReferences" en el archivo "C:\Program Files\dotnet\sdk\9.0.201\Sdks\Microsoft.NET.Sdk\targets\Microsoft.PackageDependencyResolution.targets" del proyecto "D:\Users\Jhon\Documentos\Mintrabajo\Modulo General usuarios\AuthSystemNew\AuthSystem.Infrastructure\AuthSystem.Infrastructure.csproj" (el destino "ResolvePackageDependenciesForBuild" depende de ├®l):
   5:9>Usando la tarea "JoinItems" del ensamblado "C:\Program Files\dotnet\sdk\9.0.201\Sdks\Microsoft.NET.Sdk\targets\..\tools\net9.0\Microsoft.NET.Build.Tasks.dll".
   4:6>Tarea "Message"
  6:11>Se omiti├│ el destino "_CheckForInvalidWindowsDesktopTargetingConfiguration" debido a una condici├│n falsa (False); ('$(TargetFrameworkIdentifier)' == '.NETCoreApp' and $([MSBuild]::VersionGreaterThanOrEquals($(_TargetFrameworkVersionWithoutV), '5.0')) and ('$(UseWindowsForms)' == 'true' or '$(UseWPF)' == 'true')) se evalu├│ como ('.NETCoreApp' == '.NETCoreApp' and True and ('' == 'true' or '' == 'true')).
   5:9>Tarea "JoinItems"
  6:11>Se omiti├│ el destino "_CheckForUnnecessaryWindowsDesktopSDK" debido a una condici├│n falsa (False); ('$(TargetFrameworkIdentifier)' == '.NETCoreApp' and $([MSBuild]::VersionGreaterThanOrEquals($(_TargetFrameworkVersionWithoutV), '5.0')) and '$(_MicrosoftWindowsDesktopSdkImported)' == 'true' and '$(TargetFrameworks)' == '') se evalu├│ como ('.NETCoreApp' == '.NETCoreApp' and True and '' == 'true' and '' == '').
   3:6>Destino "CheckForDuplicateItems" en el archivo "C:\Program Files\dotnet\sdk\9.0.201\Sdks\Microsoft.NET.Sdk\targets\Microsoft.NET.Sdk.DefaultItems.Shared.targets" del proyecto "D:\Users\Jhon\Documentos\Mintrabajo\Modulo General usuarios\AuthSystemNew\AuthSystem.IntegrationTests\AuthSystem.IntegrationTests.csproj" (el destino "_CheckForInvalidConfigurationAndPlatform" depende de ├®l):
   3:6>Usando la tarea "CheckForDuplicateItems" del ensamblado "C:\Program Files\dotnet\sdk\9.0.201\Sdks\Microsoft.NET.Sdk\targets\..\tools\net9.0\Microsoft.NET.Build.Tasks.dll".
   4:6>_CheckForInvalidConfigurationAndPlatform:
         Configuration=Debug
   5:9>Ejecuci├│n de la tarea "JoinItems" terminada.
  6:11>Se omiti├│ el destino "ProcessFrameworkReferences". Compilado previamente de forma correcta.
   3:6>Tarea "CheckForDuplicateItems"
   5:9>Compilaci├│n terminada del destino "ResolveLockFileReferences" en el proyecto "AuthSystem.Infrastructure.csproj".
   4:6>Ejecuci├│n de la tarea "Message" terminada.
   5:9>Se omiti├│ el destino "ResolvePackageAssets". Compilado previamente de forma correcta.
  6:11>Se omiti├│ el destino "IncludeTargetingPackReference" debido a una condici├│n falsa (False); ('$(TargetFrameworkMoniker)' != '' and '$(TargetFrameworkIdentifier)' == '.NETFramework' and '$(AutomaticallyUseReferenceAssemblyPackages)' == 'true') se evalu├│ como ('.NETCoreApp,Version=v8.0' != '' and '.NETCoreApp' == '.NETFramework' and 'true' == 'true').
   3:6>Ejecuci├│n de la tarea "CheckForDuplicateItems" terminada.
   4:6>Tarea "Message"
   3:6>Tarea "CheckForDuplicateItems"
   4:6>_CheckForInvalidConfigurationAndPlatform:
         Platform=AnyCPU
  6:11>Destino "_CheckForInvalidConfigurationAndPlatform" en el archivo "C:\Program Files\dotnet\sdk\9.0.201\Microsoft.Common.CurrentVersion.targets" del proyecto "D:\Users\Jhon\Documentos\Mintrabajo\Modulo General usuarios\AuthSystemNew\AuthSystem.Domain\AuthSystem.Domain.csproj" (el destino "BeforeBuild" depende de ├®l):
  6:11>Se omiti├│ la tarea "MSBuildInternalMessage" debido a una condici├│n falsa (False); ('$(_InvalidConfigurationMessageSeverity)' != '') se evalu├│ como ('' != '').
   3:6>Ejecuci├│n de la tarea "CheckForDuplicateItems" terminada.
   5:9>Destino "ResolveLockFileAnalyzers" en el archivo "C:\Program Files\dotnet\sdk\9.0.201\Sdks\Microsoft.NET.Sdk\targets\Microsoft.PackageDependencyResolution.targets" del proyecto "D:\Users\Jhon\Documentos\Mintrabajo\Modulo General usuarios\AuthSystemNew\AuthSystem.Infrastructure\AuthSystem.Infrastructure.csproj" (el destino "ResolvePackageDependenciesForBuild" depende de ├®l):
   5:9>Compilaci├│n terminada del destino "ResolveLockFileAnalyzers" en el proyecto "AuthSystem.Infrastructure.csproj".
   4:6>Ejecuci├│n de la tarea "Message" terminada.
  6:11>Tarea "Message"
   3:6>Tarea "CheckForDuplicateItems"
   5:9>Se omiti├│ el destino "ResolvePackageAssets". Compilado previamente de forma correcta.
   4:6>_CheckForInvalidConfigurationAndPlatform:
       Se omiti├│ la tarea "MSBuildInternalMessage" debido a una condici├│n falsa (False); ('$(OutDir)' != '' and !HasTrailingSlash('$(OutDir)')) se evalu├│ como ('bin\Debug\net8.0\' != '' and !HasTrailingSlash('bin\Debug\net8.0\')).
   3:6>Ejecuci├│n de la tarea "CheckForDuplicateItems" terminada.
  6:11>_CheckForInvalidConfigurationAndPlatform:
         Configuration=Debug
   5:9>Se omiti├│ el destino "RunProduceContentAssets" debido a una condici├│n falsa (False); ('@(_ContentFilesToPreprocess)' != '' and '$(_CleaningWithoutRebuilding)' != 'true') se evalu├│ como ('' != '' and '' != 'true').
   4:6>_CheckForInvalidConfigurationAndPlatform:
       Se omiti├│ la tarea "MSBuildInternalMessage" debido a una condici├│n falsa (False); ('$(IntermediateOutputPath)' != '' and !HasTrailingSlash('$(IntermediateOutputPath)')) se evalu├│ como ('obj\Debug\net8.0\' != '' and !HasTrailingSlash('obj\Debug\net8.0\')).
   3:6>Compilaci├│n terminada del destino "CheckForDuplicateItems" en el proyecto "AuthSystem.IntegrationTests.csproj".
  6:11>Ejecuci├│n de la tarea "Message" terminada.
   4:6>_CheckForInvalidConfigurationAndPlatform:
       Se omiti├│ la tarea "MSBuildInternalMessage" debido a una condici├│n falsa (False); ('$(BaseIntermediateOutputPath)' != '' and !HasTrailingSlash('$(BaseIntermediateOutputPath)')) se evalu├│ como ('obj\' != '' and !HasTrailingSlash('obj\')).
   3:6>Se omiti├│ el destino "WarnForExplicitVersions" debido a una condici├│n falsa (False); ('@(SdkBuildWarning)' != '') se evalu├│ como ('' != '').
   5:9>Destino "ResolveLockFileCopyLocalFiles" en el archivo "C:\Program Files\dotnet\sdk\9.0.201\Sdks\Microsoft.NET.Sdk\targets\Microsoft.PackageDependencyResolution.targets" del proyecto "D:\Users\Jhon\Documentos\Mintrabajo\Modulo General usuarios\AuthSystemNew\AuthSystem.Infrastructure\AuthSystem.Infrastructure.csproj" (el destino "ResolvePackageDependenciesForBuild" depende de ├®l):
   5:9>Compilaci├│n terminada del destino "ResolveLockFileCopyLocalFiles" en el proyecto "AuthSystem.Infrastructure.csproj".
  6:11>Tarea "Message"
   4:6>_CheckForInvalidConfigurationAndPlatform:
       Se omiti├│ la tarea "MSBuildInternalMessage" debido a una condici├│n falsa (False); ( '$(Prefer32Bit)' == 'true' and '$(PreferNativeArm64)' == 'true' ) se evalu├│ como ( 'false' == 'true' and 'false' == 'true' ).
  6:11>_CheckForInvalidConfigurationAndPlatform:
         Platform=AnyCPU
   5:9>Se omiti├│ el destino "ResolveRuntimePackAssets" debido a una condici├│n falsa (False); ('@(RuntimePack)' != '') se evalu├│ como ('' != '').
   3:6>Se omiti├│ el destino "_CheckForFailedSDKResolution" debido a una condici├│n falsa (False); ('$(SdkResolverHonoredGlobalJson)' == 'false') se evalu├│ como ('' == 'false').
   4:6>_CheckForInvalidConfigurationAndPlatform:
       Se omiti├│ la tarea "MSBuildInternalMessage" debido a una condici├│n falsa (False); ( '$(NoWin32Manifest)' == 'true' and '$(PreferNativeArm64)' == 'true' ) se evalu├│ como ( '' == 'true' and 'false' == 'true' ).
  6:11>Ejecuci├│n de la tarea "Message" terminada.
   5:9>Se omiti├│ el destino "RunProduceContentAssets" debido a una condici├│n falsa (False); ('@(_ContentFilesToPreprocess)' != '' and '$(_CleaningWithoutRebuilding)' != 'true') se evalu├│ como ('' != '' and '' != 'true').
   3:6>Se omiti├│ el destino "_WarnWhenUsingNET9AndVSPriorTo1712" debido a una condici├│n falsa (False); ($([MSBuild]::VersionLessThan($(MSBuildVersion), '17.12.0')) and '$(TargetFrameworkIdentifier)' == '.NETCoreApp' and $([MSBuild]::VersionGreaterThanOrEquals($(_TargetFrameworkVersionWithoutV), '9.0'))) se evalu├│ como (False and '.NETCoreApp' == '.NETCoreApp' and False).
   4:6>_CheckForInvalidConfigurationAndPlatform:
       Se omiti├│ la tarea "MSBuildInternalMessage" debido a una condici├│n falsa (False); ( '$(PreferNativeArm64)' == 'true' and '$(Platform)' != 'AnyCPU' ) se evalu├│ como ( 'false' == 'true' and 'AnyCPU' != 'AnyCPU' ).
  6:11>_CheckForInvalidConfigurationAndPlatform:
       Se omiti├│ la tarea "MSBuildInternalMessage" debido a una condici├│n falsa (False); ('$(OutDir)' != '' and !HasTrailingSlash('$(OutDir)')) se evalu├│ como ('bin\Debug\net8.0\' != '' and !HasTrailingSlash('bin\Debug\net8.0\')).
   5:9>Se omiti├│ el destino "ResolvePackageAssets". Compilado previamente de forma correcta.
   3:6>Se omiti├│ el destino "_CheckForInvalidWindowsDesktopTargetingConfiguration" debido a una condici├│n falsa (False); ('$(TargetFrameworkIdentifier)' == '.NETCoreApp' and $([MSBuild]::VersionGreaterThanOrEquals($(_TargetFrameworkVersionWithoutV), '5.0')) and ('$(UseWindowsForms)' == 'true' or '$(UseWPF)' == 'true')) se evalu├│ como ('.NETCoreApp' == '.NETCoreApp' and True and ('' == 'true' or '' == 'true')).
   4:6>_CheckForInvalidConfigurationAndPlatform:
       Se omiti├│ la tarea "MSBuildInternalMessage" debido a una condici├│n falsa (False); ( '$(_InitialMSBuildProjectExtensionsPath)' != '' And '$(MSBuildProjectExtensionsPath)' != '$(_InitialMSBuildProjectExtensionsPath)' ) se evalu├│ como ( 'D:\Users\Jhon\Documentos\Mintrabajo\Modulo General usuarios\AuthSystemNew\AuthSystem.UnitTests\obj\' != '' And 'D:\Users\Jhon\Documentos\Mintrabajo\Modulo General usuarios\AuthSystemNew\AuthSystem.UnitTests\obj\' != 'D:\Users\Jhon\Documentos\Mintrabajo\Modulo General usuarios\AuthSystemNew\AuthSystem.UnitTests\obj\' ).
       Se omiti├│ la tarea "MSBuildInternalMessage" debido a una condici├│n falsa (False); ( '$(EnableBaseIntermediateOutputPathMismatchWarning)' == 'true' And '$(_InitialBaseIntermediateOutputPath)' != '$(BaseIntermediateOutputPath)' And '$(BaseIntermediateOutputPath)' != '$(MSBuildProjectExtensionsPath)' ) se evalu├│ como ( 'true' == 'true' And 'obj\' != 'obj\' And 'obj\' != 'D:\Users\Jhon\Documentos\Mintrabajo\Modulo General usuarios\AuthSystemNew\AuthSystem.UnitTests\obj\' ).
   3:6>Se omiti├│ el destino "_CheckForUnnecessaryWindowsDesktopSDK" debido a una condici├│n falsa (False); ('$(TargetFrameworkIdentifier)' == '.NETCoreApp' and $([MSBuild]::VersionGreaterThanOrEquals($(_TargetFrameworkVersionWithoutV), '5.0')) and '$(_MicrosoftWindowsDesktopSdkImported)' == 'true' and '$(TargetFrameworks)' == '') se evalu├│ como ('.NETCoreApp' == '.NETCoreApp' and True and '' == 'true' and '' == '').
  6:11>_CheckForInvalidConfigurationAndPlatform:
       Se omiti├│ la tarea "MSBuildInternalMessage" debido a una condici├│n falsa (False); ('$(IntermediateOutputPath)' != '' and !HasTrailingSlash('$(IntermediateOutputPath)')) se evalu├│ como ('obj\Debug\net8.0\' != '' and !HasTrailingSlash('obj\Debug\net8.0\')).
   5:9>Destino "IncludeTransitiveProjectReferences" en el archivo "C:\Program Files\dotnet\sdk\9.0.201\Sdks\Microsoft.NET.Sdk\targets\Microsoft.PackageDependencyResolution.targets" del proyecto "D:\Users\Jhon\Documentos\Mintrabajo\Modulo General usuarios\AuthSystemNew\AuthSystem.Infrastructure\AuthSystem.Infrastructure.csproj" (el destino "ResolvePackageDependenciesForBuild" depende de ├®l):
   5:9>Compilaci├│n terminada del destino "IncludeTransitiveProjectReferences" en el proyecto "AuthSystem.Infrastructure.csproj".
   4:6>Compilaci├│n terminada del destino "_CheckForInvalidConfigurationAndPlatform" en el proyecto "AuthSystem.UnitTests.csproj".
  6:11>_CheckForInvalidConfigurationAndPlatform:
       Se omiti├│ la tarea "MSBuildInternalMessage" debido a una condici├│n falsa (False); ('$(BaseIntermediateOutputPath)' != '' and !HasTrailingSlash('$(BaseIntermediateOutputPath)')) se evalu├│ como ('obj\' != '' and !HasTrailingSlash('obj\')).
   3:6>Se omiti├│ el destino "ProcessFrameworkReferences". Compilado previamente de forma correcta.
       Se omiti├│ el destino "IncludeTargetingPackReference" debido a una condici├│n falsa (False); ('$(TargetFrameworkMoniker)' != '' and '$(TargetFrameworkIdentifier)' == '.NETFramework' and '$(AutomaticallyUseReferenceAssemblyPackages)' == 'true') se evalu├│ como ('.NETCoreApp,Version=v8.0' != '' and '.NETCoreApp' == '.NETFramework' and 'true' == 'true').
   5:9>Destino "ResolvePackageDependenciesForBuild" en el archivo "C:\Program Files\dotnet\sdk\9.0.201\Sdks\Microsoft.NET.Sdk\targets\Microsoft.PackageDependencyResolution.targets" del proyecto "D:\Users\Jhon\Documentos\Mintrabajo\Modulo General usuarios\AuthSystemNew\AuthSystem.Infrastructure\AuthSystem.Infrastructure.csproj" (el destino "AssignProjectConfiguration" depende de ├®l):
   5:9>Compilaci├│n terminada del destino "ResolvePackageDependenciesForBuild" en el proyecto "AuthSystem.Infrastructure.csproj".
  6:11>_CheckForInvalidConfigurationAndPlatform:
       Se omiti├│ la tarea "MSBuildInternalMessage" debido a una condici├│n falsa (False); ( '$(Prefer32Bit)' == 'true' and '$(PreferNativeArm64)' == 'true' ) se evalu├│ como ( 'false' == 'true' and 'false' == 'true' ).
       Se omiti├│ la tarea "MSBuildInternalMessage" debido a una condici├│n falsa (False); ( '$(NoWin32Manifest)' == 'true' and '$(PreferNativeArm64)' == 'true' ) se evalu├│ como ( '' == 'true' and 'false' == 'true' ).
   5:9>Se omiti├│ el destino "_System_Text_JsonAnalyzerMultiTargeting" debido a una condici├│n falsa (False); ('$(SupportsRoslynComponentVersioning)' != 'true') se evalu├│ como ('true' != 'true').
   4:6>Destino "ValidateCommandLineProperties" en el archivo "C:\Program Files\dotnet\sdk\9.0.201\Sdks\Microsoft.NET.Sdk\targets\Microsoft.NET.Sdk.targets" del proyecto "D:\Users\Jhon\Documentos\Mintrabajo\Modulo General usuarios\AuthSystemNew\AuthSystem.UnitTests\AuthSystem.UnitTests.csproj" (el destino "BeforeBuild" depende de ├®l):
   4:6>Compilaci├│n terminada del destino "ValidateCommandLineProperties" en el proyecto "AuthSystem.UnitTests.csproj".
  6:11>_CheckForInvalidConfigurationAndPlatform:
       Se omiti├│ la tarea "MSBuildInternalMessage" debido a una condici├│n falsa (False); ( '$(PreferNativeArm64)' == 'true' and '$(Platform)' != 'AnyCPU' ) se evalu├│ como ( 'false' == 'true' and 'AnyCPU' != 'AnyCPU' ).
   5:9>Se omiti├│ el destino "_System_Text_JsonRemoveAnalyzers" debido a una condici├│n falsa (False); ('$(DisableSystemTextJsonSourceGenerator)' == 'true') se evalu├│ como ('' == 'true').
   3:6>Destino "_CheckForInvalidConfigurationAndPlatform" en el archivo "C:\Program Files\dotnet\sdk\9.0.201\Microsoft.Common.CurrentVersion.targets" del proyecto "D:\Users\Jhon\Documentos\Mintrabajo\Modulo General usuarios\AuthSystemNew\AuthSystem.IntegrationTests\AuthSystem.IntegrationTests.csproj" (el destino "BeforeBuild" depende de ├®l):
   3:6>Se omiti├│ la tarea "MSBuildInternalMessage" debido a una condici├│n falsa (False); ('$(_InvalidConfigurationMessageSeverity)' != '') se evalu├│ como ('' != '').
  6:11>_CheckForInvalidConfigurationAndPlatform:
       Se omiti├│ la tarea "MSBuildInternalMessage" debido a una condici├│n falsa (False); ( '$(_InitialMSBuildProjectExtensionsPath)' != '' And '$(MSBuildProjectExtensionsPath)' != '$(_InitialMSBuildProjectExtensionsPath)' ) se evalu├│ como ( 'D:\Users\Jhon\Documentos\Mintrabajo\Modulo General usuarios\AuthSystemNew\AuthSystem.Domain\obj\' != '' And 'D:\Users\Jhon\Documentos\Mintrabajo\Modulo General usuarios\AuthSystemNew\AuthSystem.Domain\obj\' != 'D:\Users\Jhon\Documentos\Mintrabajo\Modulo General usuarios\AuthSystemNew\AuthSystem.Domain\obj\' ).
   5:9>Se omiti├│ el destino "_Microsoft_Extensions_OptionsAnalyzerMultiTargeting" debido a una condici├│n falsa (False); ('$(SupportsRoslynComponentVersioning)' != 'true') se evalu├│ como ('true' != 'true').
   4:6>Destino "BeforeBuild" en el archivo "C:\Program Files\dotnet\sdk\9.0.201\Microsoft.Common.CurrentVersion.targets" del proyecto "D:\Users\Jhon\Documentos\Mintrabajo\Modulo General usuarios\AuthSystemNew\AuthSystem.UnitTests\AuthSystem.UnitTests.csproj" (el destino "Build" depende de ├®l):
   4:6>Compilaci├│n terminada del destino "BeforeBuild" en el proyecto "AuthSystem.UnitTests.csproj".
  6:11>_CheckForInvalidConfigurationAndPlatform:
       Se omiti├│ la tarea "MSBuildInternalMessage" debido a una condici├│n falsa (False); ( '$(EnableBaseIntermediateOutputPathMismatchWarning)' == 'true' And '$(_InitialBaseIntermediateOutputPath)' != '$(BaseIntermediateOutputPath)' And '$(BaseIntermediateOutputPath)' != '$(MSBuildProjectExtensionsPath)' ) se evalu├│ como ( 'true' == 'true' And 'obj\' != 'obj\' And 'obj\' != 'D:\Users\Jhon\Documentos\Mintrabajo\Modulo General usuarios\AuthSystemNew\AuthSystem.Domain\obj\' ).
   3:6>Tarea "Message"
   5:9>Se omiti├│ el destino "_Microsoft_Extensions_OptionsRemoveAnalyzers" debido a una condici├│n falsa (False); ('$(DisableMicrosoftExtensionsOptionsSourceGenerator)' == 'true') se evalu├│ como ('' == 'true').
   3:6>_CheckForInvalidConfigurationAndPlatform:
         Configuration=Debug
   4:6>Se omiti├│ el destino "_CheckForBuildWithNoBuild" debido a una condici├│n falsa (False); ('$(NoBuild)' == 'true' and '$(GeneratePackageOnBuild)' != 'true') se evalu├│ como ('' == 'true' and 'false' != 'true').
  6:11>Compilaci├│n terminada del destino "_CheckForInvalidConfigurationAndPlatform" en el proyecto "AuthSystem.Domain.csproj".
   5:9>Se omiti├│ el destino "_Microsoft_Extensions_Logging_AbstractionsAnalyzerMultiTargeting" debido a una condici├│n falsa (False); ('$(SupportsRoslynComponentVersioning)' != 'true') se evalu├│ como ('true' != 'true').
   3:6>Ejecuci├│n de la tarea "Message" terminada.
  6:11>Destino "ValidateCommandLineProperties" en el archivo "C:\Program Files\dotnet\sdk\9.0.201\Sdks\Microsoft.NET.Sdk\targets\Microsoft.NET.Sdk.targets" del proyecto "D:\Users\Jhon\Documentos\Mintrabajo\Modulo General usuarios\AuthSystemNew\AuthSystem.Domain\AuthSystem.Domain.csproj" (el destino "BeforeBuild" depende de ├®l):
  6:11>Compilaci├│n terminada del destino "ValidateCommandLineProperties" en el proyecto "AuthSystem.Domain.csproj".
   5:9>Se omiti├│ el destino "_Microsoft_Extensions_Logging_AbstractionsRemoveAnalyzers" debido a una condici├│n falsa (False); ('$(DisableMicrosoftExtensionsLoggingSourceGenerator)' == 'true') se evalu├│ como ('' == 'true').
   3:6>Tarea "Message"
   4:6>Destino "BuildOnlySettings" en el archivo "C:\Program Files\dotnet\sdk\9.0.201\Microsoft.Common.CurrentVersion.targets" del proyecto "D:\Users\Jhon\Documentos\Mintrabajo\Modulo General usuarios\AuthSystemNew\AuthSystem.UnitTests\AuthSystem.UnitTests.csproj" (el destino "CoreBuild" depende de ├®l):
   4:6>Compilaci├│n terminada del destino "BuildOnlySettings" en el proyecto "AuthSystem.UnitTests.csproj".
   3:6>_CheckForInvalidConfigurationAndPlatform:
         Platform=AnyCPU
   4:6>Se omiti├│ el destino "_CheckForUnsupportedTargetFramework" debido a una condici├│n falsa (False); ('$(_UnsupportedTargetFrameworkError)' == 'true') se evalu├│ como ('' == 'true').
   3:6>Ejecuci├│n de la tarea "Message" terminada.
   5:9>Destino "AssignProjectConfiguration" en el archivo "C:\Program Files\dotnet\sdk\9.0.201\Microsoft.Common.CurrentVersion.targets" del proyecto "D:\Users\Jhon\Documentos\Mintrabajo\Modulo General usuarios\AuthSystemNew\AuthSystem.Infrastructure\AuthSystem.Infrastructure.csproj" (el destino "ResolveReferences" depende de ├®l):
   5:9>Usando la tarea "AssignProjectConfiguration" del ensamblado "Microsoft.Build.Tasks.Core, Version=15.1.0.0, Culture=neutral, PublicKeyToken=b03f5f7f11d50a3a".
   4:6>Se omiti├│ el destino "_CheckForUnsupportedTargetPlatformIdentifier" debido a una condici├│n falsa (False); ('$(TargetPlatformIdentifier)' != '' and '$(TargetFrameworkIdentifier)' == '.NETCoreApp' and $([MSBuild]::VersionGreaterThanOrEquals($(TargetFrameworkVersion), 5.0)) And ('$(DesignTimeBuild)' != 'true' Or '@(MissingWorkloadPack)' == '')) se evalu├│ como ('' != '' and '.NETCoreApp' == '.NETCoreApp' and True And ('' != 'true' Or '' == '')).
   5:9>Tarea "AssignProjectConfiguration"
   3:6>_CheckForInvalidConfigurationAndPlatform:
       Se omiti├│ la tarea "MSBuildInternalMessage" debido a una condici├│n falsa (False); ('$(OutDir)' != '' and !HasTrailingSlash('$(OutDir)')) se evalu├│ como ('bin\Debug\net8.0\' != '' and !HasTrailingSlash('bin\Debug\net8.0\')).
  6:11>Destino "BeforeBuild" en el archivo "C:\Program Files\dotnet\sdk\9.0.201\Microsoft.Common.CurrentVersion.targets" del proyecto "D:\Users\Jhon\Documentos\Mintrabajo\Modulo General usuarios\AuthSystemNew\AuthSystem.Domain\AuthSystem.Domain.csproj" (el destino "Build" depende de ├®l):
  6:11>Compilaci├│n terminada del destino "BeforeBuild" en el proyecto "AuthSystem.Domain.csproj".
   3:6>_CheckForInvalidConfigurationAndPlatform:
       Se omiti├│ la tarea "MSBuildInternalMessage" debido a una condici├│n falsa (False); ('$(IntermediateOutputPath)' != '' and !HasTrailingSlash('$(IntermediateOutputPath)')) se evalu├│ como ('obj\Debug\net8.0\' != '' and !HasTrailingSlash('obj\Debug\net8.0\')).
   4:6>Se omiti├│ el destino "_CheckForMissingWorkload" debido a una condici├│n falsa (False); ('@(MissingWorkloadPack)' != '' And '$(DesignTimeBuild)' != 'true') se evalu├│ como ('' != '' And '' != 'true').
   5:9>AssignProjectConfiguration:
         Se asign├│ la configuraci├│n "Debug|AnyCPU" a la referencia de proyecto "..\AuthSystem.Domain\AuthSystem.Domain.csproj".
   3:6>_CheckForInvalidConfigurationAndPlatform:
       Se omiti├│ la tarea "MSBuildInternalMessage" debido a una condici├│n falsa (False); ('$(BaseIntermediateOutputPath)' != '' and !HasTrailingSlash('$(BaseIntermediateOutputPath)')) se evalu├│ como ('obj\' != '' and !HasTrailingSlash('obj\')).
  6:11>Se omiti├│ el destino "_CheckForBuildWithNoBuild" debido a una condici├│n falsa (False); ('$(NoBuild)' == 'true' and '$(GeneratePackageOnBuild)' != 'true') se evalu├│ como ('' == 'true' and 'false' != 'true').
   5:9>AssignProjectConfiguration:
         Se asign├│ la configuraci├│n "Debug|AnyCPU" a la referencia de proyecto "..\AuthSystem.Application\AuthSystem.Application.csproj".
   3:6>_CheckForInvalidConfigurationAndPlatform:
       Se omiti├│ la tarea "MSBuildInternalMessage" debido a una condici├│n falsa (False); ( '$(Prefer32Bit)' == 'true' and '$(PreferNativeArm64)' == 'true' ) se evalu├│ como ( 'false' == 'true' and 'false' == 'true' ).
   5:9>Ejecuci├│n de la tarea "AssignProjectConfiguration" terminada.
   4:6>Destino "GetFrameworkPaths" en el archivo "C:\Program Files\dotnet\sdk\9.0.201\Sdks\Microsoft.NET.Sdk\targets\Microsoft.NET.DisableStandardFrameworkResolution.targets" del proyecto "D:\Users\Jhon\Documentos\Mintrabajo\Modulo General usuarios\AuthSystemNew\AuthSystem.UnitTests\AuthSystem.UnitTests.csproj" (el destino "PrepareForBuild" depende de ├®l):
   4:6>Compilaci├│n terminada del destino "GetFrameworkPaths" en el proyecto "AuthSystem.UnitTests.csproj".
   3:6>_CheckForInvalidConfigurationAndPlatform:
       Se omiti├│ la tarea "MSBuildInternalMessage" debido a una condici├│n falsa (False); ( '$(NoWin32Manifest)' == 'true' and '$(PreferNativeArm64)' == 'true' ) se evalu├│ como ( '' == 'true' and 'false' == 'true' ).
   5:9>Compilaci├│n terminada del destino "AssignProjectConfiguration" en el proyecto "AuthSystem.Infrastructure.csproj".
  6:11>Destino "BuildOnlySettings" en el archivo "C:\Program Files\dotnet\sdk\9.0.201\Microsoft.Common.CurrentVersion.targets" del proyecto "D:\Users\Jhon\Documentos\Mintrabajo\Modulo General usuarios\AuthSystemNew\AuthSystem.Domain\AuthSystem.Domain.csproj" (el destino "CoreBuild" depende de ├®l):
  6:11>Compilaci├│n terminada del destino "BuildOnlySettings" en el proyecto "AuthSystem.Domain.csproj".
   4:6>Se omiti├│ el destino "_CheckForUnsupportedTargetFramework" debido a una condici├│n falsa (False); ('$(_UnsupportedTargetFrameworkError)' == 'true') se evalu├│ como ('' == 'true').
   3:6>_CheckForInvalidConfigurationAndPlatform:
       Se omiti├│ la tarea "MSBuildInternalMessage" debido a una condici├│n falsa (False); ( '$(PreferNativeArm64)' == 'true' and '$(Platform)' != 'AnyCPU' ) se evalu├│ como ( 'false' == 'true' and 'AnyCPU' != 'AnyCPU' ).
   5:9>Se omiti├│ el destino "AssignProjectConfiguration". Compilado previamente de forma correcta.
  6:11>Se omiti├│ el destino "_CheckForUnsupportedTargetFramework" debido a una condici├│n falsa (False); ('$(_UnsupportedTargetFrameworkError)' == 'true') se evalu├│ como ('' == 'true').
   3:6>_CheckForInvalidConfigurationAndPlatform:
       Se omiti├│ la tarea "MSBuildInternalMessage" debido a una condici├│n falsa (False); ( '$(_InitialMSBuildProjectExtensionsPath)' != '' And '$(MSBuildProjectExtensionsPath)' != '$(_InitialMSBuildProjectExtensionsPath)' ) se evalu├│ como ( 'D:\Users\Jhon\Documentos\Mintrabajo\Modulo General usuarios\AuthSystemNew\AuthSystem.IntegrationTests\obj\' != '' And 'D:\Users\Jhon\Documentos\Mintrabajo\Modulo General usuarios\AuthSystemNew\AuthSystem.IntegrationTests\obj\' != 'D:\Users\Jhon\Documentos\Mintrabajo\Modulo General usuarios\AuthSystemNew\AuthSystem.IntegrationTests\obj\' ).
   4:6>Se omiti├│ el destino "_CheckForUnsupportedTargetPlatformIdentifier" debido a una condici├│n falsa (False); ('$(TargetPlatformIdentifier)' != '' and '$(TargetFrameworkIdentifier)' == '.NETCoreApp' and $([MSBuild]::VersionGreaterThanOrEquals($(TargetFrameworkVersion), 5.0)) And ('$(DesignTimeBuild)' != 'true' Or '@(MissingWorkloadPack)' == '')) se evalu├│ como ('' != '' and '.NETCoreApp' == '.NETCoreApp' and True And ('' != 'true' Or '' == '')).
  6:11>Se omiti├│ el destino "_CheckForUnsupportedTargetPlatformIdentifier" debido a una condici├│n falsa (False); ('$(TargetPlatformIdentifier)' != '' and '$(TargetFrameworkIdentifier)' == '.NETCoreApp' and $([MSBuild]::VersionGreaterThanOrEquals($(TargetFrameworkVersion), 5.0)) And ('$(DesignTimeBuild)' != 'true' Or '@(MissingWorkloadPack)' == '')) se evalu├│ como ('' != '' and '.NETCoreApp' == '.NETCoreApp' and True And ('' != 'true' Or '' == '')).
   5:9>Destino "_SplitProjectReferencesByFileExistence" en el archivo "C:\Program Files\dotnet\sdk\9.0.201\Microsoft.Common.CurrentVersion.targets" del proyecto "D:\Users\Jhon\Documentos\Mintrabajo\Modulo General usuarios\AuthSystemNew\AuthSystem.Infrastructure\AuthSystem.Infrastructure.csproj" (el destino "PrepareProjectReferences" depende de ├®l):
   5:9>Se omiti├│ la tarea "ResolveNonMSBuildProjectOutput" debido a una condici├│n falsa (False); ('$(BuildingInsideVisualStudio)'=='true' and '@(ProjectReferenceWithConfiguration)'!='') se evalu├│ como (''=='true' and '..\AuthSystem.Domain\AuthSystem.Domain.csproj;..\AuthSystem.Application\AuthSystem.Application.csproj'!='').
   3:6>_CheckForInvalidConfigurationAndPlatform:
       Se omiti├│ la tarea "MSBuildInternalMessage" debido a una condici├│n falsa (False); ( '$(EnableBaseIntermediateOutputPathMismatchWarning)' == 'true' And '$(_InitialBaseIntermediateOutputPath)' != '$(BaseIntermediateOutputPath)' And '$(BaseIntermediateOutputPath)' != '$(MSBuildProjectExtensionsPath)' ) se evalu├│ como ( 'true' == 'true' And 'obj\' != 'obj\' And 'obj\' != 'D:\Users\Jhon\Documentos\Mintrabajo\Modulo General usuarios\AuthSystemNew\AuthSystem.IntegrationTests\obj\' ).
  6:11>Se omiti├│ el destino "_CheckForMissingWorkload" debido a una condici├│n falsa (False); ('@(MissingWorkloadPack)' != '' And '$(DesignTimeBuild)' != 'true') se evalu├│ como ('' != '' And '' != 'true').
   4:6>Se omiti├│ el destino "_CheckForMissingWorkload" debido a una condici├│n falsa (False); ('@(MissingWorkloadPack)' != '' And '$(DesignTimeBuild)' != 'true') se evalu├│ como ('' != '' And '' != 'true').
   5:9>Compilaci├│n terminada del destino "_SplitProjectReferencesByFileExistence" en el proyecto "AuthSystem.Infrastructure.csproj".
   3:6>Compilaci├│n terminada del destino "_CheckForInvalidConfigurationAndPlatform" en el proyecto "AuthSystem.IntegrationTests.csproj".
   4:6>Destino "GetReferenceAssemblyPaths" en el archivo "C:\Program Files\dotnet\sdk\9.0.201\Sdks\Microsoft.NET.Sdk\targets\Microsoft.NET.DisableStandardFrameworkResolution.targets" del proyecto "D:\Users\Jhon\Documentos\Mintrabajo\Modulo General usuarios\AuthSystemNew\AuthSystem.UnitTests\AuthSystem.UnitTests.csproj" (el destino "PrepareForBuild" depende de ├®l):
   4:6>Compilaci├│n terminada del destino "GetReferenceAssemblyPaths" en el proyecto "AuthSystem.UnitTests.csproj".
  6:11>Destino "GetFrameworkPaths" en el archivo "C:\Program Files\dotnet\sdk\9.0.201\Sdks\Microsoft.NET.Sdk\targets\Microsoft.NET.DisableStandardFrameworkResolution.targets" del proyecto "D:\Users\Jhon\Documentos\Mintrabajo\Modulo General usuarios\AuthSystemNew\AuthSystem.Domain\AuthSystem.Domain.csproj" (el destino "PrepareForBuild" depende de ├®l):
  6:11>Compilaci├│n terminada del destino "GetFrameworkPaths" en el proyecto "AuthSystem.Domain.csproj".
   5:9>Destino "_AddOutputPathToGlobalPropertiesToRemove" en el archivo "C:\Program Files\dotnet\sdk\9.0.201\Microsoft.Common.CurrentVersion.targets" del proyecto "D:\Users\Jhon\Documentos\Mintrabajo\Modulo General usuarios\AuthSystemNew\AuthSystem.Infrastructure\AuthSystem.Infrastructure.csproj" (el destino "_GetProjectReferenceTargetFrameworkProperties" depende de ├®l):
   5:9>Compilaci├│n terminada del destino "_AddOutputPathToGlobalPropertiesToRemove" en el proyecto "AuthSystem.Infrastructure.csproj".
   4:6>Se omiti├│ el destino "AssignLinkMetadata" debido a una condici├│n falsa (False); ( '$(SynthesizeLinkMetadata)' == 'true' ) se evalu├│ como ( '' == 'true' ).
   3:6>Destino "ValidateCommandLineProperties" en el archivo "C:\Program Files\dotnet\sdk\9.0.201\Sdks\Microsoft.NET.Sdk\targets\Microsoft.NET.Sdk.targets" del proyecto "D:\Users\Jhon\Documentos\Mintrabajo\Modulo General usuarios\AuthSystemNew\AuthSystem.IntegrationTests\AuthSystem.IntegrationTests.csproj" (el destino "BeforeBuild" depende de ├®l):
   3:6>Compilaci├│n terminada del destino "ValidateCommandLineProperties" en el proyecto "AuthSystem.IntegrationTests.csproj".
  6:11>Se omiti├│ el destino "_CheckForUnsupportedTargetFramework" debido a una condici├│n falsa (False); ('$(_UnsupportedTargetFrameworkError)' == 'true') se evalu├│ como ('' == 'true').
   5:9>Destino "_GetProjectReferenceTargetFrameworkProperties" en el archivo "C:\Program Files\dotnet\sdk\9.0.201\Microsoft.Common.CurrentVersion.targets" del proyecto "D:\Users\Jhon\Documentos\Mintrabajo\Modulo General usuarios\AuthSystemNew\AuthSystem.Infrastructure\AuthSystem.Infrastructure.csproj" (el destino "PrepareProjectReferences" depende de ├®l):
   5:9>Tarea "MSBuild"
   4:6>Se omiti├│ el destino "_VerifyPackReleaseConfigurations" debido a una condici├│n falsa (False); ('$(_IsPacking)' == 'true' and '$(DOTNET_CLI_DISABLE_PUBLISH_AND_PACK_RELEASE)' != 'true' and '$(DOTNET_CLI_LAZY_PUBLISH_AND_PACK_RELEASE_FOR_SOLUTIONS)' == 'true') se evalu├│ como ('' == 'true' and '' != 'true' and '' == 'true').
  6:11>Se omiti├│ el destino "_CheckForUnsupportedTargetPlatformIdentifier" debido a una condici├│n falsa (False); ('$(TargetPlatformIdentifier)' != '' and '$(TargetFrameworkIdentifier)' == '.NETCoreApp' and $([MSBuild]::VersionGreaterThanOrEquals($(TargetFrameworkVersion), 5.0)) And ('$(DesignTimeBuild)' != 'true' Or '@(MissingWorkloadPack)' == '')) se evalu├│ como ('' != '' and '.NETCoreApp' == '.NETCoreApp' and True And ('' != 'true' Or '' == '')).
   3:6>Destino "BeforeBuild" en el archivo "C:\Program Files\dotnet\sdk\9.0.201\Microsoft.Common.CurrentVersion.targets" del proyecto "D:\Users\Jhon\Documentos\Mintrabajo\Modulo General usuarios\AuthSystemNew\AuthSystem.IntegrationTests\AuthSystem.IntegrationTests.csproj" (el destino "Build" depende de ├®l):
   3:6>Compilaci├│n terminada del destino "BeforeBuild" en el proyecto "AuthSystem.IntegrationTests.csproj".
   5:9>_GetProjectReferenceTargetFrameworkProperties:
         Propiedades globales:
           Configuration=Debug
  6:11>Se omiti├│ el destino "_CheckForMissingWorkload" debido a una condici├│n falsa (False); ('@(MissingWorkloadPack)' != '' And '$(DesignTimeBuild)' != 'true') se evalu├│ como ('' != '' And '' != 'true').
   4:6>Destino "PrepareForBuild" en el archivo "C:\Program Files\dotnet\sdk\9.0.201\Microsoft.Common.CurrentVersion.targets" del proyecto "D:\Users\Jhon\Documentos\Mintrabajo\Modulo General usuarios\AuthSystemNew\AuthSystem.UnitTests\AuthSystem.UnitTests.csproj" (el destino "CoreBuild" depende de ├®l):
   4:6>Usando la tarea "FindAppConfigFile" del ensamblado "Microsoft.Build.Tasks.Core, Version=15.1.0.0, Culture=neutral, PublicKeyToken=b03f5f7f11d50a3a".
   3:6>Se omiti├│ el destino "_CheckForBuildWithNoBuild" debido a una condici├│n falsa (False); ('$(NoBuild)' == 'true' and '$(GeneratePackageOnBuild)' != 'true') se evalu├│ como ('' == 'true' and 'false' != 'true').
   5:9>_GetProjectReferenceTargetFrameworkProperties:
           Platform=AnyCPU
   4:6>Tarea "FindAppConfigFile"
       Ejecuci├│n de la tarea "FindAppConfigFile" terminada.
   5:9>_GetProjectReferenceTargetFrameworkProperties:
         Quitando propiedades:
  6:11>Destino "GetReferenceAssemblyPaths" en el archivo "C:\Program Files\dotnet\sdk\9.0.201\Sdks\Microsoft.NET.Sdk\targets\Microsoft.NET.DisableStandardFrameworkResolution.targets" del proyecto "D:\Users\Jhon\Documentos\Mintrabajo\Modulo General usuarios\AuthSystemNew\AuthSystem.Domain\AuthSystem.Domain.csproj" (el destino "PrepareForBuild" depende de ├®l):
  6:11>Compilaci├│n terminada del destino "GetReferenceAssemblyPaths" en el proyecto "AuthSystem.Domain.csproj".
   3:6>Destino "BuildOnlySettings" en el archivo "C:\Program Files\dotnet\sdk\9.0.201\Microsoft.Common.CurrentVersion.targets" del proyecto "D:\Users\Jhon\Documentos\Mintrabajo\Modulo General usuarios\AuthSystemNew\AuthSystem.IntegrationTests\AuthSystem.IntegrationTests.csproj" (el destino "CoreBuild" depende de ├®l):
   3:6>Compilaci├│n terminada del destino "BuildOnlySettings" en el proyecto "AuthSystem.IntegrationTests.csproj".
   5:9>_GetProjectReferenceTargetFrameworkProperties:
           TargetFramework
   4:6>PrepareForBuild:
       Usando la tarea "MakeDir" del ensamblado "Microsoft.Build.Tasks.Core, Version=15.1.0.0, Culture=neutral, PublicKeyToken=b03f5f7f11d50a3a".
   3:6>Se omiti├│ el destino "_CheckForUnsupportedTargetFramework" debido a una condici├│n falsa (False); ('$(_UnsupportedTargetFrameworkError)' == 'true') se evalu├│ como ('' == 'true').
  6:11>Se omiti├│ el destino "AssignLinkMetadata" debido a una condici├│n falsa (False); ( '$(SynthesizeLinkMetadata)' == 'true' ) se evalu├│ como ( '' == 'true' ).
   4:6>Tarea "MakeDir"
   5:9>_GetProjectReferenceTargetFrameworkProperties:
           RuntimeIdentifier
   3:6>Se omiti├│ el destino "_CheckForUnsupportedTargetPlatformIdentifier" debido a una condici├│n falsa (False); ('$(TargetPlatformIdentifier)' != '' and '$(TargetFrameworkIdentifier)' == '.NETCoreApp' and $([MSBuild]::VersionGreaterThanOrEquals($(TargetFrameworkVersion), 5.0)) And ('$(DesignTimeBuild)' != 'true' Or '@(MissingWorkloadPack)' == '')) se evalu├│ como ('' != '' and '.NETCoreApp' == '.NETCoreApp' and True And ('' != 'true' Or '' == '')).
   4:6>Ejecuci├│n de la tarea "MakeDir" terminada.
  6:11>Se omiti├│ el destino "_VerifyPackReleaseConfigurations" debido a una condici├│n falsa (False); ('$(_IsPacking)' == 'true' and '$(DOTNET_CLI_DISABLE_PUBLISH_AND_PACK_RELEASE)' != 'true' and '$(DOTNET_CLI_LAZY_PUBLISH_AND_PACK_RELEASE_FOR_SOLUTIONS)' == 'true') se evalu├│ como ('' == 'true' and '' != 'true' and '' == 'true').
   5:9>_GetProjectReferenceTargetFrameworkProperties:
           SelfContained
   3:6>Se omiti├│ el destino "_CheckForMissingWorkload" debido a una condici├│n falsa (False); ('@(MissingWorkloadPack)' != '' And '$(DesignTimeBuild)' != 'true') se evalu├│ como ('' != '' And '' != 'true').
   4:6>Compilaci├│n terminada del destino "PrepareForBuild" en el proyecto "AuthSystem.UnitTests.csproj".
   3:6>Destino "GetFrameworkPaths" en el archivo "C:\Program Files\dotnet\sdk\9.0.201\Sdks\Microsoft.NET.Sdk\targets\Microsoft.NET.DisableStandardFrameworkResolution.targets" del proyecto "D:\Users\Jhon\Documentos\Mintrabajo\Modulo General usuarios\AuthSystemNew\AuthSystem.IntegrationTests\AuthSystem.IntegrationTests.csproj" (el destino "PrepareForBuild" depende de ├®l):
   3:6>Compilaci├│n terminada del destino "GetFrameworkPaths" en el proyecto "AuthSystem.IntegrationTests.csproj".
  6:11>Destino "PrepareForBuild" en el archivo "C:\Program Files\dotnet\sdk\9.0.201\Microsoft.Common.CurrentVersion.targets" del proyecto "D:\Users\Jhon\Documentos\Mintrabajo\Modulo General usuarios\AuthSystemNew\AuthSystem.Domain\AuthSystem.Domain.csproj" (el destino "CoreBuild" depende de ├®l):
  6:11>Usando la tarea "FindAppConfigFile" del ensamblado "Microsoft.Build.Tasks.Core, Version=15.1.0.0, Culture=neutral, PublicKeyToken=b03f5f7f11d50a3a".
   3:6>Se omiti├│ el destino "_CheckForUnsupportedTargetFramework" debido a una condici├│n falsa (False); ('$(_UnsupportedTargetFrameworkError)' == 'true') se evalu├│ como ('' == 'true').
  6:11>Tarea "FindAppConfigFile"
   3:6>Se omiti├│ el destino "_CheckForUnsupportedTargetPlatformIdentifier" debido a una condici├│n falsa (False); ('$(TargetPlatformIdentifier)' != '' and '$(TargetFrameworkIdentifier)' == '.NETCoreApp' and $([MSBuild]::VersionGreaterThanOrEquals($(TargetFrameworkVersion), 5.0)) And ('$(DesignTimeBuild)' != 'true' Or '@(MissingWorkloadPack)' == '')) se evalu├│ como ('' != '' and '.NETCoreApp' == '.NETCoreApp' and True And ('' != 'true' Or '' == '')).
   4:6>Destino "GenerateGlobalUsings" en el archivo "C:\Program Files\dotnet\sdk\9.0.201\Sdks\Microsoft.NET.Sdk\targets\Microsoft.NET.GenerateGlobalUsings.targets" del proyecto "D:\Users\Jhon\Documentos\Mintrabajo\Modulo General usuarios\AuthSystemNew\AuthSystem.UnitTests\AuthSystem.UnitTests.csproj" (el destino "CoreBuild" depende de ├®l):
   4:6>Usando la tarea "GenerateGlobalUsings" del ensamblado "C:\Program Files\dotnet\sdk\9.0.201\Sdks\Microsoft.NET.Sdk\targets\..\tools\net9.0\Microsoft.NET.Build.Tasks.dll".
   3:6>Se omiti├│ el destino "_CheckForMissingWorkload" debido a una condici├│n falsa (False); ('@(MissingWorkloadPack)' != '' And '$(DesignTimeBuild)' != 'true') se evalu├│ como ('' != '' And '' != 'true').
   4:6>Tarea "GenerateGlobalUsings"
  6:11>Ejecuci├│n de la tarea "FindAppConfigFile" terminada.
   4:6>Ejecuci├│n de la tarea "GenerateGlobalUsings" terminada.
   3:6>Destino "GetReferenceAssemblyPaths" en el archivo "C:\Program Files\dotnet\sdk\9.0.201\Sdks\Microsoft.NET.Sdk\targets\Microsoft.NET.DisableStandardFrameworkResolution.targets" del proyecto "D:\Users\Jhon\Documentos\Mintrabajo\Modulo General usuarios\AuthSystemNew\AuthSystem.IntegrationTests\AuthSystem.IntegrationTests.csproj" (el destino "PrepareForBuild" depende de ├®l):
   3:6>Compilaci├│n terminada del destino "GetReferenceAssemblyPaths" en el proyecto "AuthSystem.IntegrationTests.csproj".
  6:11>PrepareForBuild:
       Usando la tarea "MakeDir" del ensamblado "Microsoft.Build.Tasks.Core, Version=15.1.0.0, Culture=neutral, PublicKeyToken=b03f5f7f11d50a3a".
   4:6>GenerateGlobalUsings:
       Usando la tarea "WriteLinesToFile" del ensamblado "Microsoft.Build.Tasks.Core, Version=15.1.0.0, Culture=neutral, PublicKeyToken=b03f5f7f11d50a3a".
   3:6>Se omiti├│ el destino "AssignLinkMetadata" debido a una condici├│n falsa (False); ( '$(SynthesizeLinkMetadata)' == 'true' ) se evalu├│ como ( '' == 'true' ).
   4:6>Tarea "WriteLinesToFile"
   3:6>Se omiti├│ el destino "_VerifyPackReleaseConfigurations" debido a una condici├│n falsa (False); ('$(_IsPacking)' == 'true' and '$(DOTNET_CLI_DISABLE_PUBLISH_AND_PACK_RELEASE)' != 'true' and '$(DOTNET_CLI_LAZY_PUBLISH_AND_PACK_RELEASE_FOR_SOLUTIONS)' == 'true') se evalu├│ como ('' == 'true' and '' != 'true' and '' == 'true').
  6:11>Tarea "MakeDir"
   4:6>GenerateGlobalUsings:
         Omitiendo la escritura en el archivo "obj\Debug\net8.0\AuthSystem.UnitTests.GlobalUsings.g.cs" porque el contenido no cambiar├í.
  6:11>Ejecuci├│n de la tarea "MakeDir" terminada.
   4:6>Ejecuci├│n de la tarea "WriteLinesToFile" terminada.
   3:6>Destino "PrepareForBuild" en el archivo "C:\Program Files\dotnet\sdk\9.0.201\Microsoft.Common.CurrentVersion.targets" del proyecto "D:\Users\Jhon\Documentos\Mintrabajo\Modulo General usuarios\AuthSystemNew\AuthSystem.IntegrationTests\AuthSystem.IntegrationTests.csproj" (el destino "CoreBuild" depende de ├®l):
   3:6>Usando la tarea "FindAppConfigFile" del ensamblado "Microsoft.Build.Tasks.Core, Version=15.1.0.0, Culture=neutral, PublicKeyToken=b03f5f7f11d50a3a".
  6:11>Compilaci├│n terminada del destino "PrepareForBuild" en el proyecto "AuthSystem.Domain.csproj".
   4:6>Compilaci├│n terminada del destino "GenerateGlobalUsings" en el proyecto "AuthSystem.UnitTests.csproj".
   3:6>Tarea "FindAppConfigFile"
   4:6>Se omiti├│ el destino "PreBuildEvent" debido a una condici├│n falsa (False); ('$(PreBuildEvent)'!='') se evalu├│ como (''!='').
   3:6>Ejecuci├│n de la tarea "FindAppConfigFile" terminada.
       Usando la tarea "MakeDir" del ensamblado "Microsoft.Build.Tasks.Core, Version=15.1.0.0, Culture=neutral, PublicKeyToken=b03f5f7f11d50a3a".
  6:11>Destino "GenerateGlobalUsings" en el archivo "C:\Program Files\dotnet\sdk\9.0.201\Sdks\Microsoft.NET.Sdk\targets\Microsoft.NET.GenerateGlobalUsings.targets" del proyecto "D:\Users\Jhon\Documentos\Mintrabajo\Modulo General usuarios\AuthSystemNew\AuthSystem.Domain\AuthSystem.Domain.csproj" (el destino "CoreBuild" depende de ├®l):
  6:11>Usando la tarea "GenerateGlobalUsings" del ensamblado "C:\Program Files\dotnet\sdk\9.0.201\Sdks\Microsoft.NET.Sdk\targets\..\tools\net9.0\Microsoft.NET.Build.Tasks.dll".
   4:6>Destino "BeforeResolveReferences" en el archivo "C:\Program Files\dotnet\sdk\9.0.201\Microsoft.Common.CurrentVersion.targets" del proyecto "D:\Users\Jhon\Documentos\Mintrabajo\Modulo General usuarios\AuthSystemNew\AuthSystem.UnitTests\AuthSystem.UnitTests.csproj" (el destino "ResolveReferences" depende de ├®l):
   4:6>Compilaci├│n terminada del destino "BeforeResolveReferences" en el proyecto "AuthSystem.UnitTests.csproj".
   3:6>Tarea "MakeDir"
  6:11>Tarea "GenerateGlobalUsings"
   3:6>Ejecuci├│n de la tarea "MakeDir" terminada.
   4:6>Destino "IgnoreJavaScriptOutputAssembly" en el archivo "C:\Program Files\dotnet\sdk\9.0.201\Microsoft.Common.CurrentVersion.targets" del proyecto "D:\Users\Jhon\Documentos\Mintrabajo\Modulo General usuarios\AuthSystemNew\AuthSystem.UnitTests\AuthSystem.UnitTests.csproj" (el destino "AssignProjectConfiguration" depende de ├®l):
   4:6>Compilaci├│n terminada del destino "IgnoreJavaScriptOutputAssembly" en el proyecto "AuthSystem.UnitTests.csproj".
   3:6>Compilaci├│n terminada del destino "PrepareForBuild" en el proyecto "AuthSystem.IntegrationTests.csproj".
  6:11>Ejecuci├│n de la tarea "GenerateGlobalUsings" terminada.
   4:6>Se omiti├│ el destino "ProcessFrameworkReferences". Compilado previamente de forma correcta.
  6:11>GenerateGlobalUsings:
       Usando la tarea "WriteLinesToFile" del ensamblado "Microsoft.Build.Tasks.Core, Version=15.1.0.0, Culture=neutral, PublicKeyToken=b03f5f7f11d50a3a".
   3:6>Destino "GenerateGlobalUsings" en el archivo "C:\Program Files\dotnet\sdk\9.0.201\Sdks\Microsoft.NET.Sdk\targets\Microsoft.NET.GenerateGlobalUsings.targets" del proyecto "D:\Users\Jhon\Documentos\Mintrabajo\Modulo General usuarios\AuthSystemNew\AuthSystem.IntegrationTests\AuthSystem.IntegrationTests.csproj" (el destino "CoreBuild" depende de ├®l):
   3:6>Usando la tarea "GenerateGlobalUsings" del ensamblado "C:\Program Files\dotnet\sdk\9.0.201\Sdks\Microsoft.NET.Sdk\targets\..\tools\net9.0\Microsoft.NET.Build.Tasks.dll".
   4:6>Destino "_DefaultMicrosoftNETPlatformLibrary" en el archivo "C:\Program Files\dotnet\sdk\9.0.201\Sdks\Microsoft.NET.Sdk\targets\Microsoft.NET.Sdk.Shared.targets" del proyecto "D:\Users\Jhon\Documentos\Mintrabajo\Modulo General usuarios\AuthSystemNew\AuthSystem.UnitTests\AuthSystem.UnitTests.csproj" (el destino "ResolvePackageAssets" depende de ├®l):
   4:6>Compilaci├│n terminada del destino "_DefaultMicrosoftNETPlatformLibrary" en el proyecto "AuthSystem.UnitTests.csproj".
  6:11>Tarea "WriteLinesToFile"
   3:6>Tarea "GenerateGlobalUsings"
  6:11>GenerateGlobalUsings:
         Omitiendo la escritura en el archivo "obj\Debug\net8.0\AuthSystem.Domain.GlobalUsings.g.cs" porque el contenido no cambiar├í.
   3:6>Ejecuci├│n de la tarea "GenerateGlobalUsings" terminada.
  6:11>Ejecuci├│n de la tarea "WriteLinesToFile" terminada.
   3:6>GenerateGlobalUsings:
       Usando la tarea "WriteLinesToFile" del ensamblado "Microsoft.Build.Tasks.Core, Version=15.1.0.0, Culture=neutral, PublicKeyToken=b03f5f7f11d50a3a".
   4:6>Destino "_ComputePackageReferencePublish" en el archivo "C:\Program Files\dotnet\sdk\9.0.201\Sdks\Microsoft.NET.Sdk\targets\Microsoft.NET.Sdk.Shared.targets" del proyecto "D:\Users\Jhon\Documentos\Mintrabajo\Modulo General usuarios\AuthSystemNew\AuthSystem.UnitTests\AuthSystem.UnitTests.csproj" (el destino "ResolvePackageAssets" depende de ├®l):
   4:6>Compilaci├│n terminada del destino "_ComputePackageReferencePublish" en el proyecto "AuthSystem.UnitTests.csproj".
   3:6>Tarea "WriteLinesToFile"
  6:11>Compilaci├│n terminada del destino "GenerateGlobalUsings" en el proyecto "AuthSystem.Domain.csproj".
   4:6>Se omiti├│ el destino "_ResolveCompilerVersion" debido a una condici├│n falsa (False); ('$(CompilerApiVersion)' == '' And
                     ('$(Language)' == 'C#' Or '$(Language)' == 'VB') And
                     Exists('$(RoslynTargetsPath)\Microsoft.Build.Tasks.CodeAnalysis.dll')) se evalu├│ como ('roslyn4.13' == '' And
                     ('C#' == 'C#' Or 'C#' == 'VB') And
                     Exists('C:\Program Files\dotnet\sdk\9.0.201\Roslyn\Microsoft.Build.Tasks.CodeAnalysis.dll')).
   3:6>GenerateGlobalUsings:
         Omitiendo la escritura en el archivo "obj\Debug\net8.0\AuthSystem.IntegrationTests.GlobalUsings.g.cs" porque el contenido no cambiar├í.
  6:11>Se omiti├│ el destino "PreBuildEvent" debido a una condici├│n falsa (False); ('$(PreBuildEvent)'!='') se evalu├│ como (''!='').
   3:6>Ejecuci├│n de la tarea "WriteLinesToFile" terminada.
   4:6>Destino "ResolvePackageAssets" en el archivo "C:\Program Files\dotnet\sdk\9.0.201\Sdks\Microsoft.NET.Sdk\targets\Microsoft.PackageDependencyResolution.targets" del proyecto "D:\Users\Jhon\Documentos\Mintrabajo\Modulo General usuarios\AuthSystemNew\AuthSystem.UnitTests\AuthSystem.UnitTests.csproj" (el destino "ResolveLockFileReferences" depende de ├®l):
   4:6>Usando la tarea "ResolvePackageAssets" del ensamblado "C:\Program Files\dotnet\sdk\9.0.201\Sdks\Microsoft.NET.Sdk\targets\..\tools\net9.0\Microsoft.NET.Build.Tasks.dll".
       Tarea "ResolvePackageAssets"
  6:11>Destino "BeforeResolveReferences" en el archivo "C:\Program Files\dotnet\sdk\9.0.201\Microsoft.Common.CurrentVersion.targets" del proyecto "D:\Users\Jhon\Documentos\Mintrabajo\Modulo General usuarios\AuthSystemNew\AuthSystem.Domain\AuthSystem.Domain.csproj" (el destino "ResolveReferences" depende de ├®l):
  6:11>Compilaci├│n terminada del destino "BeforeResolveReferences" en el proyecto "AuthSystem.Domain.csproj".
   3:6>Compilaci├│n terminada del destino "GenerateGlobalUsings" en el proyecto "AuthSystem.IntegrationTests.csproj".
   4:6>Ejecuci├│n de la tarea "ResolvePackageAssets" terminada.
   3:6>Se omiti├│ el destino "PreBuildEvent" debido a una condici├│n falsa (False); ('$(PreBuildEvent)'!='') se evalu├│ como (''!='').
   4:6>Compilaci├│n terminada del destino "ResolvePackageAssets" en el proyecto "AuthSystem.UnitTests.csproj".
       Se omiti├│ el destino "AdjustDefaultPlatformTargetForNetFrameworkExeWithNoNativeCopyLocalItems" debido a una condici├│n falsa (False); ('$(_UsingDefaultPlatformTarget)' == 'true' and
                            '$(_UsingDefaultRuntimeIdentifier)' == 'true') se evalu├│ como ('true' == 'true' and
                            '' == 'true').
   3:6>Destino "BeforeResolveReferences" en el archivo "C:\Program Files\dotnet\sdk\9.0.201\Microsoft.Common.CurrentVersion.targets" del proyecto "D:\Users\Jhon\Documentos\Mintrabajo\Modulo General usuarios\AuthSystemNew\AuthSystem.IntegrationTests\AuthSystem.IntegrationTests.csproj" (el destino "ResolveReferences" depende de ├®l):
   3:6>Compilaci├│n terminada del destino "BeforeResolveReferences" en el proyecto "AuthSystem.IntegrationTests.csproj".
  6:11>Destino "IgnoreJavaScriptOutputAssembly" en el archivo "C:\Program Files\dotnet\sdk\9.0.201\Microsoft.Common.CurrentVersion.targets" del proyecto "D:\Users\Jhon\Documentos\Mintrabajo\Modulo General usuarios\AuthSystemNew\AuthSystem.Domain\AuthSystem.Domain.csproj" (el destino "AssignProjectConfiguration" depende de ├®l):
  6:11>Compilaci├│n terminada del destino "IgnoreJavaScriptOutputAssembly" en el proyecto "AuthSystem.Domain.csproj".
   4:6>Se omiti├│ el destino "_CheckForTransitiveWindowsDesktopDependencies" debido a una condici├│n falsa (False); ('$(TargetFrameworkIdentifier)' == '.NETCoreApp' and $([MSBuild]::VersionGreaterThanOrEquals($(_TargetFrameworkVersionWithoutV), '5.0')) and '$(TargetPlatformIdentifier)' != 'Windows' and '@(TransitiveFrameworkReference)' != '') se evalu├│ como ('.NETCoreApp' == '.NETCoreApp' and True and '' != 'Windows' and '' != '').
  6:11>Se omiti├│ el destino "ProcessFrameworkReferences". Compilado previamente de forma correcta.
   3:6>Destino "IgnoreJavaScriptOutputAssembly" en el archivo "C:\Program Files\dotnet\sdk\9.0.201\Microsoft.Common.CurrentVersion.targets" del proyecto "D:\Users\Jhon\Documentos\Mintrabajo\Modulo General usuarios\AuthSystemNew\AuthSystem.IntegrationTests\AuthSystem.IntegrationTests.csproj" (el destino "AssignProjectConfiguration" depende de ├®l):
   3:6>Compilaci├│n terminada del destino "IgnoreJavaScriptOutputAssembly" en el proyecto "AuthSystem.IntegrationTests.csproj".
   4:6>Se omiti├│ el destino "AddTransitiveFrameworkReferences" debido a una condici├│n falsa (False); ('@(TransitiveFrameworkReference)' != '') se evalu├│ como ('' != '').
   3:6>Se omiti├│ el destino "ProcessFrameworkReferences". Compilado previamente de forma correcta.
   4:6>Destino "ResolveLockFileReferences" en el archivo "C:\Program Files\dotnet\sdk\9.0.201\Sdks\Microsoft.NET.Sdk\targets\Microsoft.PackageDependencyResolution.targets" del proyecto "D:\Users\Jhon\Documentos\Mintrabajo\Modulo General usuarios\AuthSystemNew\AuthSystem.UnitTests\AuthSystem.UnitTests.csproj" (el destino "ResolvePackageDependenciesForBuild" depende de ├®l):
   4:6>Usando la tarea "JoinItems" del ensamblado "C:\Program Files\dotnet\sdk\9.0.201\Sdks\Microsoft.NET.Sdk\targets\..\tools\net9.0\Microsoft.NET.Build.Tasks.dll".
   5:9>El proyecto "D:\Users\Jhon\Documentos\Mintrabajo\Modulo General usuarios\AuthSystemNew\AuthSystem.Infrastructure\AuthSystem.Infrastructure.csproj" (5:9) est├í compilando "D:\Users\Jhon\Documentos\Mintrabajo\Modulo General usuarios\AuthSystemNew\AuthSystem.Application\AuthSystem.Application.csproj" (2:11) en el nodo 2 (GetTargetFrameworks destinos).
  2:11>Destino "GetTargetFrameworksWithPlatformForSingleTargetFramework" en el archivo "C:\Program Files\dotnet\sdk\9.0.201\Microsoft.Common.CurrentVersion.targets" del proyecto "D:\Users\Jhon\Documentos\Mintrabajo\Modulo General usuarios\AuthSystemNew\AuthSystem.Application\AuthSystem.Application.csproj" (el destino "GetTargetFrameworks" depende de ├®l):
  2:11>Usando la tarea "CombineTargetFrameworkInfoProperties" del ensamblado "Microsoft.Build.Tasks.Core, Version=15.1.0.0, Culture=neutral, PublicKeyToken=b03f5f7f11d50a3a".
  6:11>Destino "_DefaultMicrosoftNETPlatformLibrary" en el archivo "C:\Program Files\dotnet\sdk\9.0.201\Sdks\Microsoft.NET.Sdk\targets\Microsoft.NET.Sdk.Shared.targets" del proyecto "D:\Users\Jhon\Documentos\Mintrabajo\Modulo General usuarios\AuthSystemNew\AuthSystem.Domain\AuthSystem.Domain.csproj" (el destino "ResolvePackageAssets" depende de ├®l):
  6:11>Compilaci├│n terminada del destino "_DefaultMicrosoftNETPlatformLibrary" en el proyecto "AuthSystem.Domain.csproj".
  2:11>Tarea "CombineTargetFrameworkInfoProperties"
   4:6>Tarea "JoinItems"
   3:6>Destino "_DefaultMicrosoftNETPlatformLibrary" en el archivo "C:\Program Files\dotnet\sdk\9.0.201\Sdks\Microsoft.NET.Sdk\targets\Microsoft.NET.Sdk.Shared.targets" del proyecto "D:\Users\Jhon\Documentos\Mintrabajo\Modulo General usuarios\AuthSystemNew\AuthSystem.IntegrationTests\AuthSystem.IntegrationTests.csproj" (el destino "ResolvePackageAssets" depende de ├®l):
   3:6>Compilaci├│n terminada del destino "_DefaultMicrosoftNETPlatformLibrary" en el proyecto "AuthSystem.IntegrationTests.csproj".
   4:6>Ejecuci├│n de la tarea "JoinItems" terminada.
   4:6>Compilaci├│n terminada del destino "ResolveLockFileReferences" en el proyecto "AuthSystem.UnitTests.csproj".
  6:11>Destino "_ComputePackageReferencePublish" en el archivo "C:\Program Files\dotnet\sdk\9.0.201\Sdks\Microsoft.NET.Sdk\targets\Microsoft.NET.Sdk.Shared.targets" del proyecto "D:\Users\Jhon\Documentos\Mintrabajo\Modulo General usuarios\AuthSystemNew\AuthSystem.Domain\AuthSystem.Domain.csproj" (el destino "ResolvePackageAssets" depende de ├®l):
  6:11>Compilaci├│n terminada del destino "_ComputePackageReferencePublish" en el proyecto "AuthSystem.Domain.csproj".
   4:6>Se omiti├│ el destino "ResolvePackageAssets". Compilado previamente de forma correcta.
  6:11>Se omiti├│ el destino "_ResolveCompilerVersion" debido a una condici├│n falsa (False); ('$(CompilerApiVersion)' == '' And
                     ('$(Language)' == 'C#' Or '$(Language)' == 'VB') And
                     Exists('$(RoslynTargetsPath)\Microsoft.Build.Tasks.CodeAnalysis.dll')) se evalu├│ como ('roslyn4.13' == '' And
                     ('C#' == 'C#' Or 'C#' == 'VB') And
                     Exists('C:\Program Files\dotnet\sdk\9.0.201\Roslyn\Microsoft.Build.Tasks.CodeAnalysis.dll')).
   3:6>Destino "_ComputePackageReferencePublish" en el archivo "C:\Program Files\dotnet\sdk\9.0.201\Sdks\Microsoft.NET.Sdk\targets\Microsoft.NET.Sdk.Shared.targets" del proyecto "D:\Users\Jhon\Documentos\Mintrabajo\Modulo General usuarios\AuthSystemNew\AuthSystem.IntegrationTests\AuthSystem.IntegrationTests.csproj" (el destino "ResolvePackageAssets" depende de ├®l):
   3:6>Compilaci├│n terminada del destino "_ComputePackageReferencePublish" en el proyecto "AuthSystem.IntegrationTests.csproj".
  2:11>Ejecuci├│n de la tarea "CombineTargetFrameworkInfoProperties" terminada.
   3:6>Se omiti├│ el destino "_ResolveCompilerVersion" debido a una condici├│n falsa (False); ('$(CompilerApiVersion)' == '' And
                     ('$(Language)' == 'C#' Or '$(Language)' == 'VB') And
                     Exists('$(RoslynTargetsPath)\Microsoft.Build.Tasks.CodeAnalysis.dll')) se evalu├│ como ('roslyn4.13' == '' And
                     ('C#' == 'C#' Or 'C#' == 'VB') And
                     Exists('C:\Program Files\dotnet\sdk\9.0.201\Roslyn\Microsoft.Build.Tasks.CodeAnalysis.dll')).
   4:6>Destino "ResolveLockFileAnalyzers" en el archivo "C:\Program Files\dotnet\sdk\9.0.201\Sdks\Microsoft.NET.Sdk\targets\Microsoft.PackageDependencyResolution.targets" del proyecto "D:\Users\Jhon\Documentos\Mintrabajo\Modulo General usuarios\AuthSystemNew\AuthSystem.UnitTests\AuthSystem.UnitTests.csproj" (el destino "ResolvePackageDependenciesForBuild" depende de ├®l):
   4:6>Compilaci├│n terminada del destino "ResolveLockFileAnalyzers" en el proyecto "AuthSystem.UnitTests.csproj".
  6:11>Destino "ResolvePackageAssets" en el archivo "C:\Program Files\dotnet\sdk\9.0.201\Sdks\Microsoft.NET.Sdk\targets\Microsoft.PackageDependencyResolution.targets" del proyecto "D:\Users\Jhon\Documentos\Mintrabajo\Modulo General usuarios\AuthSystemNew\AuthSystem.Domain\AuthSystem.Domain.csproj" (el destino "ResolveLockFileReferences" depende de ├®l):
  6:11>Usando la tarea "ResolvePackageAssets" del ensamblado "C:\Program Files\dotnet\sdk\9.0.201\Sdks\Microsoft.NET.Sdk\targets\..\tools\net9.0\Microsoft.NET.Build.Tasks.dll".
  2:11>Compilaci├│n terminada del destino "GetTargetFrameworksWithPlatformForSingleTargetFramework" en el proyecto "AuthSystem.Application.csproj".
   4:6>Se omiti├│ el destino "ResolvePackageAssets". Compilado previamente de forma correcta.
   3:6>Destino "ResolvePackageAssets" en el archivo "C:\Program Files\dotnet\sdk\9.0.201\Sdks\Microsoft.NET.Sdk\targets\Microsoft.PackageDependencyResolution.targets" del proyecto "D:\Users\Jhon\Documentos\Mintrabajo\Modulo General usuarios\AuthSystemNew\AuthSystem.IntegrationTests\AuthSystem.IntegrationTests.csproj" (el destino "ResolveLockFileReferences" depende de ├®l):
   3:6>Usando la tarea "ResolvePackageAssets" del ensamblado "C:\Program Files\dotnet\sdk\9.0.201\Sdks\Microsoft.NET.Sdk\targets\..\tools\net9.0\Microsoft.NET.Build.Tasks.dll".
  6:11>Tarea "ResolvePackageAssets"
   4:6>Se omiti├│ el destino "RunProduceContentAssets" debido a una condici├│n falsa (False); ('@(_ContentFilesToPreprocess)' != '' and '$(_CleaningWithoutRebuilding)' != 'true') se evalu├│ como ('' != '' and '' != 'true').
  6:11>Ejecuci├│n de la tarea "ResolvePackageAssets" terminada.
   3:6>Tarea "ResolvePackageAssets"
  2:11>Destino "GetTargetFrameworks" en el archivo "C:\Program Files\dotnet\sdk\9.0.201\Microsoft.Common.CurrentVersion.targets" del proyecto "D:\Users\Jhon\Documentos\Mintrabajo\Modulo General usuarios\AuthSystemNew\AuthSystem.Application\AuthSystem.Application.csproj" (punto de entrada):
  2:11>Se omiti├│ la tarea "MSBuildInternalMessage" debido a una condici├│n falsa (False); ('$(IsCrossTargetingBuild)' == 'true') se evalu├│ como ('' == 'true').
   3:6>Ejecuci├│n de la tarea "ResolvePackageAssets" terminada.
  6:11>Compilaci├│n terminada del destino "ResolvePackageAssets" en el proyecto "AuthSystem.Domain.csproj".
   3:6>Compilaci├│n terminada del destino "ResolvePackageAssets" en el proyecto "AuthSystem.IntegrationTests.csproj".
   4:6>Destino "ResolveLockFileCopyLocalFiles" en el archivo "C:\Program Files\dotnet\sdk\9.0.201\Sdks\Microsoft.NET.Sdk\targets\Microsoft.PackageDependencyResolution.targets" del proyecto "D:\Users\Jhon\Documentos\Mintrabajo\Modulo General usuarios\AuthSystemNew\AuthSystem.UnitTests\AuthSystem.UnitTests.csproj" (el destino "ResolvePackageDependenciesForBuild" depende de ├®l):
   4:6>Compilaci├│n terminada del destino "ResolveLockFileCopyLocalFiles" en el proyecto "AuthSystem.UnitTests.csproj".
  6:11>Se omiti├│ el destino "AdjustDefaultPlatformTargetForNetFrameworkExeWithNoNativeCopyLocalItems" debido a una condici├│n falsa (False); ('$(_UsingDefaultPlatformTarget)' == 'true' and
                     '$(_UsingDefaultRuntimeIdentifier)' == 'true') se evalu├│ como ('true' == 'true' and
                     '' == 'true').
   3:6>Se omiti├│ el destino "AdjustDefaultPlatformTargetForNetFrameworkExeWithNoNativeCopyLocalItems" debido a una condici├│n falsa (False); ('$(_UsingDefaultPlatformTarget)' == 'true' and
                     '$(_UsingDefaultRuntimeIdentifier)' == 'true') se evalu├│ como ('true' == 'true' and
                     '' == 'true').
   4:6>Se omiti├│ el destino "ResolveRuntimePackAssets" debido a una condici├│n falsa (False); ('@(RuntimePack)' != '') se evalu├│ como ('' != '').
  6:11>Se omiti├│ el destino "_CheckForTransitiveWindowsDesktopDependencies" debido a una condici├│n falsa (False); ('$(TargetFrameworkIdentifier)' == '.NETCoreApp' and $([MSBuild]::VersionGreaterThanOrEquals($(_TargetFrameworkVersionWithoutV), '5.0')) and '$(TargetPlatformIdentifier)' != 'Windows' and '@(TransitiveFrameworkReference)' != '') se evalu├│ como ('.NETCoreApp' == '.NETCoreApp' and True and '' != 'Windows' and '' != '').
   4:6>Se omiti├│ el destino "RunProduceContentAssets" debido a una condici├│n falsa (False); ('@(_ContentFilesToPreprocess)' != '' and '$(_CleaningWithoutRebuilding)' != 'true') se evalu├│ como ('' != '' and '' != 'true').
   3:6>Destino "_CheckForTransitiveWindowsDesktopDependencies" en el archivo "C:\Program Files\dotnet\sdk\9.0.201\Sdks\Microsoft.NET.Sdk\targets\Microsoft.NET.Sdk.DefaultItems.Shared.targets" del proyecto "D:\Users\Jhon\Documentos\Mintrabajo\Modulo General usuarios\AuthSystemNew\AuthSystem.IntegrationTests\AuthSystem.IntegrationTests.csproj" (el destino "ResolveLockFileReferences" depende de ├®l):
   3:6>Se omiti├│ la tarea "NetSdkError" debido a una condici├│n falsa (False); ('@(_WindowsDesktopTransitiveFrameworkReference)' != '') se evalu├│ como ('' != '').
  2:11>GetTargetFrameworks:
       Usando la tarea "CombineXmlElements" del ensamblado "Microsoft.Build.Tasks.Core, Version=15.1.0.0, Culture=neutral, PublicKeyToken=b03f5f7f11d50a3a".
   4:6>Se omiti├│ el destino "ResolvePackageAssets". Compilado previamente de forma correcta.
  6:11>Se omiti├│ el destino "AddTransitiveFrameworkReferences" debido a una condici├│n falsa (False); ('@(TransitiveFrameworkReference)' != '') se evalu├│ como ('' != '').
   3:6>Compilaci├│n terminada del destino "_CheckForTransitiveWindowsDesktopDependencies" en el proyecto "AuthSystem.IntegrationTests.csproj".
   4:6>Destino "IncludeTransitiveProjectReferences" en el archivo "C:\Program Files\dotnet\sdk\9.0.201\Sdks\Microsoft.NET.Sdk\targets\Microsoft.PackageDependencyResolution.targets" del proyecto "D:\Users\Jhon\Documentos\Mintrabajo\Modulo General usuarios\AuthSystemNew\AuthSystem.UnitTests\AuthSystem.UnitTests.csproj" (el destino "ResolvePackageDependenciesForBuild" depende de ├®l):
   4:6>Compilaci├│n terminada del destino "IncludeTransitiveProjectReferences" en el proyecto "AuthSystem.UnitTests.csproj".
  2:11>Tarea "CombineXmlElements"
  6:11>Destino "ResolveLockFileReferences" en el archivo "C:\Program Files\dotnet\sdk\9.0.201\Sdks\Microsoft.NET.Sdk\targets\Microsoft.PackageDependencyResolution.targets" del proyecto "D:\Users\Jhon\Documentos\Mintrabajo\Modulo General usuarios\AuthSystemNew\AuthSystem.Domain\AuthSystem.Domain.csproj" (el destino "ResolvePackageDependenciesForBuild" depende de ├®l):
  6:11>Usando la tarea "JoinItems" del ensamblado "C:\Program Files\dotnet\sdk\9.0.201\Sdks\Microsoft.NET.Sdk\targets\..\tools\net9.0\Microsoft.NET.Build.Tasks.dll".
  2:11>Ejecuci├│n de la tarea "CombineXmlElements" terminada.
   3:6>Destino "AddTransitiveFrameworkReferences" en el archivo "C:\Program Files\dotnet\sdk\9.0.201\Sdks\Microsoft.NET.Sdk\targets\Microsoft.NET.Sdk.FrameworkReferenceResolution.targets" del proyecto "D:\Users\Jhon\Documentos\Mintrabajo\Modulo General usuarios\AuthSystemNew\AuthSystem.IntegrationTests\AuthSystem.IntegrationTests.csproj" (el destino "ResolveLockFileReferences" depende de ├®l):
   3:6>Compilaci├│n terminada del destino "AddTransitiveFrameworkReferences" en el proyecto "AuthSystem.IntegrationTests.csproj".
   4:6>Destino "ResolvePackageDependenciesForBuild" en el archivo "C:\Program Files\dotnet\sdk\9.0.201\Sdks\Microsoft.NET.Sdk\targets\Microsoft.PackageDependencyResolution.targets" del proyecto "D:\Users\Jhon\Documentos\Mintrabajo\Modulo General usuarios\AuthSystemNew\AuthSystem.UnitTests\AuthSystem.UnitTests.csproj" (el destino "AssignProjectConfiguration" depende de ├®l):
   4:6>Compilaci├│n terminada del destino "ResolvePackageDependenciesForBuild" en el proyecto "AuthSystem.UnitTests.csproj".
  6:11>Tarea "JoinItems"
   4:6>Se omiti├│ el destino "_Microsoft_Extensions_OptionsAnalyzerMultiTargeting" debido a una condici├│n falsa (False); ('$(SupportsRoslynComponentVersioning)' != 'true') se evalu├│ como ('true' != 'true').
   3:6>Destino "ResolveLockFileReferences" en el archivo "C:\Program Files\dotnet\sdk\9.0.201\Sdks\Microsoft.NET.Sdk\targets\Microsoft.PackageDependencyResolution.targets" del proyecto "D:\Users\Jhon\Documentos\Mintrabajo\Modulo General usuarios\AuthSystemNew\AuthSystem.IntegrationTests\AuthSystem.IntegrationTests.csproj" (el destino "ResolvePackageDependenciesForBuild" depende de ├®l):
   3:6>Usando la tarea "JoinItems" del ensamblado "C:\Program Files\dotnet\sdk\9.0.201\Sdks\Microsoft.NET.Sdk\targets\..\tools\net9.0\Microsoft.NET.Build.Tasks.dll".
   4:6>Se omiti├│ el destino "_Microsoft_Extensions_OptionsRemoveAnalyzers" debido a una condici├│n falsa (False); ('$(DisableMicrosoftExtensionsOptionsSourceGenerator)' == 'true') se evalu├│ como ('' == 'true').
  2:11>Compilaci├│n terminada del destino "GetTargetFrameworks" en el proyecto "AuthSystem.Application.csproj".
   3:6>Tarea "JoinItems"
   4:6>Se omiti├│ el destino "_Microsoft_Extensions_Logging_AbstractionsAnalyzerMultiTargeting" debido a una condici├│n falsa (False); ('$(SupportsRoslynComponentVersioning)' != 'true') se evalu├│ como ('true' != 'true').
  6:11>Ejecuci├│n de la tarea "JoinItems" terminada.
   3:6>Ejecuci├│n de la tarea "JoinItems" terminada.
  2:11>Compilaci├│n del proyecto terminada "D:\Users\Jhon\Documentos\Mintrabajo\Modulo General usuarios\AuthSystemNew\AuthSystem.Application\AuthSystem.Application.csproj" (GetTargetFrameworks destinos).
  6:11>Compilaci├│n terminada del destino "ResolveLockFileReferences" en el proyecto "AuthSystem.Domain.csproj".
   4:6>Se omiti├│ el destino "_Microsoft_Extensions_Logging_AbstractionsRemoveAnalyzers" debido a una condici├│n falsa (False); ('$(DisableMicrosoftExtensionsLoggingSourceGenerator)' == 'true') se evalu├│ como ('' == 'true').
   3:6>Compilaci├│n terminada del destino "ResolveLockFileReferences" en el proyecto "AuthSystem.IntegrationTests.csproj".
  6:11>Se omiti├│ el destino "ResolvePackageAssets". Compilado previamente de forma correcta.
   3:6>Se omiti├│ el destino "ResolvePackageAssets". Compilado previamente de forma correcta.
   4:6>Destino "AssignProjectConfiguration" en el archivo "C:\Program Files\dotnet\sdk\9.0.201\Microsoft.Common.CurrentVersion.targets" del proyecto "D:\Users\Jhon\Documentos\Mintrabajo\Modulo General usuarios\AuthSystemNew\AuthSystem.UnitTests\AuthSystem.UnitTests.csproj" (el destino "ResolveReferences" depende de ├®l):
   4:6>Usando la tarea "AssignProjectConfiguration" del ensamblado "Microsoft.Build.Tasks.Core, Version=15.1.0.0, Culture=neutral, PublicKeyToken=b03f5f7f11d50a3a".
       Tarea "AssignProjectConfiguration"
   3:6>Destino "ResolveLockFileAnalyzers" en el archivo "C:\Program Files\dotnet\sdk\9.0.201\Sdks\Microsoft.NET.Sdk\targets\Microsoft.PackageDependencyResolution.targets" del proyecto "D:\Users\Jhon\Documentos\Mintrabajo\Modulo General usuarios\AuthSystemNew\AuthSystem.IntegrationTests\AuthSystem.IntegrationTests.csproj" (el destino "ResolvePackageDependenciesForBuild" depende de ├®l):
   3:6>Compilaci├│n terminada del destino "ResolveLockFileAnalyzers" en el proyecto "AuthSystem.IntegrationTests.csproj".
  6:11>Destino "ResolveLockFileAnalyzers" en el archivo "C:\Program Files\dotnet\sdk\9.0.201\Sdks\Microsoft.NET.Sdk\targets\Microsoft.PackageDependencyResolution.targets" del proyecto "D:\Users\Jhon\Documentos\Mintrabajo\Modulo General usuarios\AuthSystemNew\AuthSystem.Domain\AuthSystem.Domain.csproj" (el destino "ResolvePackageDependenciesForBuild" depende de ├®l):
  6:11>Compilaci├│n terminada del destino "ResolveLockFileAnalyzers" en el proyecto "AuthSystem.Domain.csproj".
   4:6>AssignProjectConfiguration:
         Se asign├│ la configuraci├│n "Debug|AnyCPU" a la referencia de proyecto "..\AuthSystem.Domain\AuthSystem.Domain.csproj".
   3:6>Se omiti├│ el destino "ResolvePackageAssets". Compilado previamente de forma correcta.
  6:11>Se omiti├│ el destino "ResolvePackageAssets". Compilado previamente de forma correcta.
   4:6>AssignProjectConfiguration:
         Se asign├│ la configuraci├│n "Debug|AnyCPU" a la referencia de proyecto "..\AuthSystem.Application\AuthSystem.Application.csproj".
   3:6>Se omiti├│ el destino "RunProduceContentAssets" debido a una condici├│n falsa (False); ('@(_ContentFilesToPreprocess)' != '' and '$(_CleaningWithoutRebuilding)' != 'true') se evalu├│ como ('' != '' and '' != 'true').
   4:6>AssignProjectConfiguration:
         Se asign├│ la configuraci├│n "Debug|AnyCPU" a la referencia de proyecto "..\AuthSystem.Infrastructure\AuthSystem.Infrastructure.csproj".
  6:11>Se omiti├│ el destino "RunProduceContentAssets" debido a una condici├│n falsa (False); ('@(_ContentFilesToPreprocess)' != '' and '$(_CleaningWithoutRebuilding)' != 'true') se evalu├│ como ('' != '' and '' != 'true').
   4:6>Ejecuci├│n de la tarea "AssignProjectConfiguration" terminada.
   3:6>Destino "ResolveLockFileCopyLocalFiles" en el archivo "C:\Program Files\dotnet\sdk\9.0.201\Sdks\Microsoft.NET.Sdk\targets\Microsoft.PackageDependencyResolution.targets" del proyecto "D:\Users\Jhon\Documentos\Mintrabajo\Modulo General usuarios\AuthSystemNew\AuthSystem.IntegrationTests\AuthSystem.IntegrationTests.csproj" (el destino "ResolvePackageDependenciesForBuild" depende de ├®l):
   3:6>Compilaci├│n terminada del destino "ResolveLockFileCopyLocalFiles" en el proyecto "AuthSystem.IntegrationTests.csproj".
   4:6>Compilaci├│n terminada del destino "AssignProjectConfiguration" en el proyecto "AuthSystem.UnitTests.csproj".
  6:11>Destino "ResolveLockFileCopyLocalFiles" en el archivo "C:\Program Files\dotnet\sdk\9.0.201\Sdks\Microsoft.NET.Sdk\targets\Microsoft.PackageDependencyResolution.targets" del proyecto "D:\Users\Jhon\Documentos\Mintrabajo\Modulo General usuarios\AuthSystemNew\AuthSystem.Domain\AuthSystem.Domain.csproj" (el destino "ResolvePackageDependenciesForBuild" depende de ├®l):
  6:11>Compilaci├│n terminada del destino "ResolveLockFileCopyLocalFiles" en el proyecto "AuthSystem.Domain.csproj".
   3:6>Se omiti├│ el destino "ResolveRuntimePackAssets" debido a una condici├│n falsa (False); ('@(RuntimePack)' != '') se evalu├│ como ('' != '').
   4:6>Se omiti├│ el destino "AssignProjectConfiguration". Compilado previamente de forma correcta.
  6:11>Se omiti├│ el destino "ResolveRuntimePackAssets" debido a una condici├│n falsa (False); ('@(RuntimePack)' != '') se evalu├│ como ('' != '').
   3:6>Se omiti├│ el destino "RunProduceContentAssets" debido a una condici├│n falsa (False); ('@(_ContentFilesToPreprocess)' != '' and '$(_CleaningWithoutRebuilding)' != 'true') se evalu├│ como ('' != '' and '' != 'true').
   4:6>Destino "_SplitProjectReferencesByFileExistence" en el archivo "C:\Program Files\dotnet\sdk\9.0.201\Microsoft.Common.CurrentVersion.targets" del proyecto "D:\Users\Jhon\Documentos\Mintrabajo\Modulo General usuarios\AuthSystemNew\AuthSystem.UnitTests\AuthSystem.UnitTests.csproj" (el destino "PrepareProjectReferences" depende de ├®l):
   4:6>Se omiti├│ la tarea "ResolveNonMSBuildProjectOutput" debido a una condici├│n falsa (False); ('$(BuildingInsideVisualStudio)'=='true' and '@(ProjectReferenceWithConfiguration)'!='') se evalu├│ como (''=='true' and '..\AuthSystem.Domain\AuthSystem.Domain.csproj;..\AuthSystem.Application\AuthSystem.Application.csproj;..\AuthSystem.Infrastructure\AuthSystem.Infrastructure.csproj'!='').
  6:11>Se omiti├│ el destino "RunProduceContentAssets" debido a una condici├│n falsa (False); ('@(_ContentFilesToPreprocess)' != '' and '$(_CleaningWithoutRebuilding)' != 'true') se evalu├│ como ('' != '' and '' != 'true').
   3:6>Se omiti├│ el destino "ResolvePackageAssets". Compilado previamente de forma correcta.
   4:6>Compilaci├│n terminada del destino "_SplitProjectReferencesByFileExistence" en el proyecto "AuthSystem.UnitTests.csproj".
  6:11>Se omiti├│ el destino "ResolvePackageAssets". Compilado previamente de forma correcta.
   3:6>Destino "IncludeTransitiveProjectReferences" en el archivo "C:\Program Files\dotnet\sdk\9.0.201\Sdks\Microsoft.NET.Sdk\targets\Microsoft.PackageDependencyResolution.targets" del proyecto "D:\Users\Jhon\Documentos\Mintrabajo\Modulo General usuarios\AuthSystemNew\AuthSystem.IntegrationTests\AuthSystem.IntegrationTests.csproj" (el destino "ResolvePackageDependenciesForBuild" depende de ├®l):
   3:6>Compilaci├│n terminada del destino "IncludeTransitiveProjectReferences" en el proyecto "AuthSystem.IntegrationTests.csproj".
   4:6>Destino "_AddOutputPathToGlobalPropertiesToRemove" en el archivo "C:\Program Files\dotnet\sdk\9.0.201\Microsoft.Common.CurrentVersion.targets" del proyecto "D:\Users\Jhon\Documentos\Mintrabajo\Modulo General usuarios\AuthSystemNew\AuthSystem.UnitTests\AuthSystem.UnitTests.csproj" (el destino "_GetProjectReferenceTargetFrameworkProperties" depende de ├®l):
   4:6>Compilaci├│n terminada del destino "_AddOutputPathToGlobalPropertiesToRemove" en el proyecto "AuthSystem.UnitTests.csproj".
  6:11>Destino "IncludeTransitiveProjectReferences" en el archivo "C:\Program Files\dotnet\sdk\9.0.201\Sdks\Microsoft.NET.Sdk\targets\Microsoft.PackageDependencyResolution.targets" del proyecto "D:\Users\Jhon\Documentos\Mintrabajo\Modulo General usuarios\AuthSystemNew\AuthSystem.Domain\AuthSystem.Domain.csproj" (el destino "ResolvePackageDependenciesForBuild" depende de ├®l):
  6:11>Compilaci├│n terminada del destino "IncludeTransitiveProjectReferences" en el proyecto "AuthSystem.Domain.csproj".
   3:6>Destino "ResolvePackageDependenciesForBuild" en el archivo "C:\Program Files\dotnet\sdk\9.0.201\Sdks\Microsoft.NET.Sdk\targets\Microsoft.PackageDependencyResolution.targets" del proyecto "D:\Users\Jhon\Documentos\Mintrabajo\Modulo General usuarios\AuthSystemNew\AuthSystem.IntegrationTests\AuthSystem.IntegrationTests.csproj" (el destino "AssignProjectConfiguration" depende de ├®l):
   3:6>Compilaci├│n terminada del destino "ResolvePackageDependenciesForBuild" en el proyecto "AuthSystem.IntegrationTests.csproj".
   4:6>Destino "_GetProjectReferenceTargetFrameworkProperties" en el archivo "C:\Program Files\dotnet\sdk\9.0.201\Microsoft.Common.CurrentVersion.targets" del proyecto "D:\Users\Jhon\Documentos\Mintrabajo\Modulo General usuarios\AuthSystemNew\AuthSystem.UnitTests\AuthSystem.UnitTests.csproj" (el destino "PrepareProjectReferences" depende de ├®l):
   4:6>Tarea "MSBuild"
   3:6>Se omiti├│ el destino "_System_Text_JsonAnalyzerMultiTargeting" debido a una condici├│n falsa (False); ('$(SupportsRoslynComponentVersioning)' != 'true') se evalu├│ como ('true' != 'true').
  6:11>Destino "ResolvePackageDependenciesForBuild" en el archivo "C:\Program Files\dotnet\sdk\9.0.201\Sdks\Microsoft.NET.Sdk\targets\Microsoft.PackageDependencyResolution.targets" del proyecto "D:\Users\Jhon\Documentos\Mintrabajo\Modulo General usuarios\AuthSystemNew\AuthSystem.Domain\AuthSystem.Domain.csproj" (el destino "AssignProjectConfiguration" depende de ├®l):
  6:11>Compilaci├│n terminada del destino "ResolvePackageDependenciesForBuild" en el proyecto "AuthSystem.Domain.csproj".
   4:6>_GetProjectReferenceTargetFrameworkProperties:
         Propiedades globales:
   3:6>Se omiti├│ el destino "_System_Text_JsonRemoveAnalyzers" debido a una condici├│n falsa (False); ('$(DisableSystemTextJsonSourceGenerator)' == 'true') se evalu├│ como ('' == 'true').
   4:6>_GetProjectReferenceTargetFrameworkProperties:
           Configuration=Debug
   3:6>Se omiti├│ el destino "_Microsoft_Extensions_OptionsAnalyzerMultiTargeting" debido a una condici├│n falsa (False); ('$(SupportsRoslynComponentVersioning)' != 'true') se evalu├│ como ('true' != 'true').
   4:6>_GetProjectReferenceTargetFrameworkProperties:
           Platform=AnyCPU
         Quitando propiedades:
           TargetFramework
           RuntimeIdentifier
     0>El SDK "Microsoft.NET.SDK.WorkloadAutoImportPropsLocator" se resolvi├│ correctamente mediante el resolvedor "Microsoft.DotNet.MSBuildWorkloadSdkResolver" a la ubicaci├│n "C:\Program Files\dotnet\packs\Microsoft.NET.Runtime.WebAssembly.Sdk\9.0.3\Sdk" y la versi├│n "null".
   3:6>Se omiti├│ el destino "_Microsoft_Extensions_OptionsRemoveAnalyzers" debido a una condici├│n falsa (False); ('$(DisableMicrosoftExtensionsOptionsSourceGenerator)' == 'true') se evalu├│ como ('' == 'true').
  6:11>Destino "AssignProjectConfiguration" en el archivo "C:\Program Files\dotnet\sdk\9.0.201\Microsoft.Common.CurrentVersion.targets" del proyecto "D:\Users\Jhon\Documentos\Mintrabajo\Modulo General usuarios\AuthSystemNew\AuthSystem.Domain\AuthSystem.Domain.csproj" (el destino "ResolveReferences" depende de ├®l):
  6:11>Usando la tarea "AssignProjectConfiguration" del ensamblado "Microsoft.Build.Tasks.Core, Version=15.1.0.0, Culture=neutral, PublicKeyToken=b03f5f7f11d50a3a".
   4:6>_GetProjectReferenceTargetFrameworkProperties:
           SelfContained
  6:11>Tarea "AssignProjectConfiguration"
   3:6>Destino "_Microsoft_Extensions_Configuration_Binder_RemoveAnalyzer" en el archivo "C:\Users\JHON\.nuget\packages\microsoft.extensions.configuration.binder\8.0.0\buildTransitive\netstandard2.0\Microsoft.Extensions.Configuration.Binder.targets" del proyecto "D:\Users\Jhon\Documentos\Mintrabajo\Modulo General usuarios\AuthSystemNew\AuthSystem.IntegrationTests\AuthSystem.IntegrationTests.csproj" (el destino "AssignProjectConfiguration" depende de ├®l):
   3:6>Compilaci├│n terminada del destino "_Microsoft_Extensions_Configuration_Binder_RemoveAnalyzer" en el proyecto "AuthSystem.IntegrationTests.csproj".
  6:11>Ejecuci├│n de la tarea "AssignProjectConfiguration" terminada.
   3:6>Se omiti├│ el destino "_Microsoft_Extensions_Logging_AbstractionsAnalyzerMultiTargeting" debido a una condici├│n falsa (False); ('$(SupportsRoslynComponentVersioning)' != 'true') se evalu├│ como ('true' != 'true').
  6:11>Compilaci├│n terminada del destino "AssignProjectConfiguration" en el proyecto "AuthSystem.Domain.csproj".
   3:6>Se omiti├│ el destino "_Microsoft_Extensions_Logging_AbstractionsRemoveAnalyzers" debido a una condici├│n falsa (False); ('$(DisableMicrosoftExtensionsLoggingSourceGenerator)' == 'true') se evalu├│ como ('' == 'true').
  6:11>Se omiti├│ el destino "AssignProjectConfiguration". Compilado previamente de forma correcta.
  6:11>Destino "_SplitProjectReferencesByFileExistence" en el archivo "C:\Program Files\dotnet\sdk\9.0.201\Microsoft.Common.CurrentVersion.targets" del proyecto "D:\Users\Jhon\Documentos\Mintrabajo\Modulo General usuarios\AuthSystemNew\AuthSystem.Domain\AuthSystem.Domain.csproj" (el destino "PrepareProjectReferences" depende de ├®l):
       Se omiti├│ la tarea "ResolveNonMSBuildProjectOutput" debido a una condici├│n falsa (False); ('$(BuildingInsideVisualStudio)'=='true' and '@(ProjectReferenceWithConfiguration)'!='') se evalu├│ como (''=='true' and ''!='').
   3:6>Destino "AssignProjectConfiguration" en el archivo "C:\Program Files\dotnet\sdk\9.0.201\Microsoft.Common.CurrentVersion.targets" del proyecto "D:\Users\Jhon\Documentos\Mintrabajo\Modulo General usuarios\AuthSystemNew\AuthSystem.IntegrationTests\AuthSystem.IntegrationTests.csproj" (el destino "ResolveReferences" depende de ├®l):
   3:6>Usando la tarea "AssignProjectConfiguration" del ensamblado "Microsoft.Build.Tasks.Core, Version=15.1.0.0, Culture=neutral, PublicKeyToken=b03f5f7f11d50a3a".
  6:11>Compilaci├│n terminada del destino "_SplitProjectReferencesByFileExistence" en el proyecto "AuthSystem.Domain.csproj".
   3:6>Tarea "AssignProjectConfiguration"
         Se asign├│ la configuraci├│n "Debug|AnyCPU" a la referencia de proyecto "..\AuthSystem.API\AuthSystem.API.csproj".
         Se asign├│ la configuraci├│n "Debug|AnyCPU" a la referencia de proyecto "..\AuthSystem.Domain\AuthSystem.Domain.csproj".
         Se asign├│ la configuraci├│n "Debug|AnyCPU" a la referencia de proyecto "..\AuthSystem.Application\AuthSystem.Application.csproj".
         Se asign├│ la configuraci├│n "Debug|AnyCPU" a la referencia de proyecto "..\AuthSystem.Infrastructure\AuthSystem.Infrastructure.csproj".
     0>Reasignaci├│n de propiedad: $(WasmNativeWorkload)="true" (valor anterior: "net9.0") en C:\Program Files\dotnet\packs\Microsoft.NET.Runtime.WebAssembly.Sdk\6.0.36\Sdk\AutoImport.props (3,5)
  6:11>Destino "_AddOutputPathToGlobalPropertiesToRemove" en el archivo "C:\Program Files\dotnet\sdk\9.0.201\Microsoft.Common.CurrentVersion.targets" del proyecto "D:\Users\Jhon\Documentos\Mintrabajo\Modulo General usuarios\AuthSystemNew\AuthSystem.Domain\AuthSystem.Domain.csproj" (el destino "_GetProjectReferenceTargetFrameworkProperties" depende de ├®l):
  6:11>Compilaci├│n terminada del destino "_AddOutputPathToGlobalPropertiesToRemove" en el proyecto "AuthSystem.Domain.csproj".
   3:6>Ejecuci├│n de la tarea "AssignProjectConfiguration" terminada.
  6:11>Destino "_GetProjectReferenceTargetFrameworkProperties" en el archivo "C:\Program Files\dotnet\sdk\9.0.201\Microsoft.Common.CurrentVersion.targets" del proyecto "D:\Users\Jhon\Documentos\Mintrabajo\Modulo General usuarios\AuthSystemNew\AuthSystem.Domain\AuthSystem.Domain.csproj" (el destino "PrepareProjectReferences" depende de ├®l):
  6:11>Tarea "MSBuild"
   3:6>Compilaci├│n terminada del destino "AssignProjectConfiguration" en el proyecto "AuthSystem.IntegrationTests.csproj".
  6:11>Ejecuci├│n de la tarea "MSBuild" terminada.
   3:6>Se omiti├│ el destino "AssignProjectConfiguration". Compilado previamente de forma correcta.
  6:11>_GetProjectReferenceTargetFrameworkProperties:
       Se omiti├│ la tarea "MSBuild" debido a una condici├│n falsa (False); ('%(_MSBuildProjectReferenceExistent.SkipGetTargetFrameworkProperties)' != 'true' and '$(EnableDynamicPlatformResolution)' == 'true') se evalu├│ como ('' != 'true' and '' == 'true').
       Se omiti├│ la tarea "GetReferenceNearestTargetFrameworkTask" debido a una condici├│n falsa (False); ('@(_ProjectReferenceTargetFrameworkPossibilities)' != '' and '$(ReferringTargetFrameworkForProjectReferences)' != ''
                                                               And '$(GetReferenceNearestTargetFrameworkTaskSupportsTargetPlatformParameter)' == 'true' and '%(_ProjectReferenceTargetFrameworkPossibilities.IsVcxOrNativeProj)' != 'true') se evalu├│ como ('' != '' and '.NETCoreApp,Version=v8.0' != ''
                                                               And 'true' == 'true' and '' != 'true').
   3:6>Destino "_SplitProjectReferencesByFileExistence" en el archivo "C:\Program Files\dotnet\sdk\9.0.201\Microsoft.Common.CurrentVersion.targets" del proyecto "D:\Users\Jhon\Documentos\Mintrabajo\Modulo General usuarios\AuthSystemNew\AuthSystem.IntegrationTests\AuthSystem.IntegrationTests.csproj" (el destino "PrepareProjectReferences" depende de ├®l):
   3:6>Se omiti├│ la tarea "ResolveNonMSBuildProjectOutput" debido a una condici├│n falsa (False); ('$(BuildingInsideVisualStudio)'=='true' and '@(ProjectReferenceWithConfiguration)'!='') se evalu├│ como (''=='true' and '..\AuthSystem.API\AuthSystem.API.csproj;..\AuthSystem.Domain\AuthSystem.Domain.csproj;..\AuthSystem.Application\AuthSystem.Application.csproj;...'!='').
   3:6>Compilaci├│n terminada del destino "_SplitProjectReferencesByFileExistence" en el proyecto "AuthSystem.IntegrationTests.csproj".
  6:11>_GetProjectReferenceTargetFrameworkProperties:
       Se omiti├│ la tarea "GetReferenceNearestTargetFrameworkTask" debido a una condici├│n falsa (False); ('@(_ProjectReferenceTargetFrameworkPossibilities)' != '' and '$(ReferringTargetFrameworkForProjectReferences)' != ''
                                                               And '$(GetReferenceNearestTargetFrameworkTaskSupportsTargetPlatformParameter)' != 'true' and '%(_ProjectReferenceTargetFrameworkPossibilities.IsVcxOrNativeProj)' != 'true') se evalu├│ como ('' != '' and '.NETCoreApp,Version=v8.0' != ''
                                                               And 'true' != 'true' and '' != 'true').
       Usando la tarea "SetRidAgnosticValueForProjects" del ensamblado "Microsoft.Build.Tasks.Core, Version=15.1.0.0, Culture=neutral, PublicKeyToken=b03f5f7f11d50a3a".
   3:6>Destino "_AddOutputPathToGlobalPropertiesToRemove" en el archivo "C:\Program Files\dotnet\sdk\9.0.201\Microsoft.Common.CurrentVersion.targets" del proyecto "D:\Users\Jhon\Documentos\Mintrabajo\Modulo General usuarios\AuthSystemNew\AuthSystem.IntegrationTests\AuthSystem.IntegrationTests.csproj" (el destino "_GetProjectReferenceTargetFrameworkProperties" depende de ├®l):
   3:6>Compilaci├│n terminada del destino "_AddOutputPathToGlobalPropertiesToRemove" en el proyecto "AuthSystem.IntegrationTests.csproj".
  6:11>Tarea "SetRidAgnosticValueForProjects"
   3:6>Destino "_GetProjectReferenceTargetFrameworkProperties" en el archivo "C:\Program Files\dotnet\sdk\9.0.201\Microsoft.Common.CurrentVersion.targets" del proyecto "D:\Users\Jhon\Documentos\Mintrabajo\Modulo General usuarios\AuthSystemNew\AuthSystem.IntegrationTests\AuthSystem.IntegrationTests.csproj" (el destino "PrepareProjectReferences" depende de ├®l):
   3:6>Tarea "MSBuild"
  6:11>Ejecuci├│n de la tarea "SetRidAgnosticValueForProjects" terminada.
   4:6>El proyecto "D:\Users\Jhon\Documentos\Mintrabajo\Modulo General usuarios\AuthSystemNew\AuthSystem.UnitTests\AuthSystem.UnitTests.csproj" (4:6) est├í compilando "D:\Users\Jhon\Documentos\Mintrabajo\Modulo General usuarios\AuthSystemNew\AuthSystem.Application\AuthSystem.Application.csproj" (2:12) en el nodo 2 (GetTargetFrameworks destinos).
  2:12>Se omiti├│ el destino "GetTargetFrameworks". Compilado previamente de forma correcta.
   3:6>_GetProjectReferenceTargetFrameworkProperties:
         Propiedades globales:
  2:12>Compilaci├│n del proyecto terminada "D:\Users\Jhon\Documentos\Mintrabajo\Modulo General usuarios\AuthSystemNew\AuthSystem.Application\AuthSystem.Application.csproj" (GetTargetFrameworks destinos).
  6:11>Compilaci├│n terminada del destino "_GetProjectReferenceTargetFrameworkProperties" en el proyecto "AuthSystem.Domain.csproj".
   3:6>_GetProjectReferenceTargetFrameworkProperties:
           Configuration=Debug
           Platform=AnyCPU
         Quitando propiedades:
           TargetFramework
  6:11>Destino "ValidateExecutableReferences" en el archivo "C:\Program Files\dotnet\sdk\9.0.201\Sdks\Microsoft.NET.Sdk\targets\Microsoft.NET.Sdk.targets" del proyecto "D:\Users\Jhon\Documentos\Mintrabajo\Modulo General usuarios\AuthSystemNew\AuthSystem.Domain\AuthSystem.Domain.csproj" (el destino "PrepareProjectReferences" depende de ├®l):
  6:11>Usando la tarea "ValidateExecutableReferences" del ensamblado "C:\Program Files\dotnet\sdk\9.0.201\Sdks\Microsoft.NET.Sdk\targets\..\tools\net9.0\Microsoft.NET.Build.Tasks.dll".
   3:6>_GetProjectReferenceTargetFrameworkProperties:
           RuntimeIdentifier
  6:11>Tarea "ValidateExecutableReferences"
   3:6>_GetProjectReferenceTargetFrameworkProperties:
           SelfContained
  6:11>Ejecuci├│n de la tarea "ValidateExecutableReferences" terminada.
  6:11>Compilaci├│n terminada del destino "ValidateExecutableReferences" en el proyecto "AuthSystem.Domain.csproj".
       Se omiti├│ el destino "_GetProjectReferencePlatformProperties" debido a una condici├│n falsa (False); ('$(EnableDynamicPlatformResolution)' == 'true'
                            and '@(_MSBuildProjectReferenceExistent)' != '') se evalu├│ como ('' == 'true'
                            and '' != '').
  6:11>Destino "PrepareProjectReferences" en el archivo "C:\Program Files\dotnet\sdk\9.0.201\Microsoft.Common.CurrentVersion.targets" del proyecto "D:\Users\Jhon\Documentos\Mintrabajo\Modulo General usuarios\AuthSystemNew\AuthSystem.Domain\AuthSystem.Domain.csproj" (el destino "ResolveProjectReferences" depende de ├®l):
  6:11>Compilaci├│n terminada del destino "PrepareProjectReferences" en el proyecto "AuthSystem.Domain.csproj".
  6:11>Destino "ResolveProjectReferences" en el archivo "C:\Program Files\dotnet\sdk\9.0.201\Microsoft.Common.CurrentVersion.targets" del proyecto "D:\Users\Jhon\Documentos\Mintrabajo\Modulo General usuarios\AuthSystemNew\AuthSystem.Domain\AuthSystem.Domain.csproj" (el destino "ResolveReferences" depende de ├®l):
       Se omiti├│ la tarea "MSBuild" debido a una condici├│n falsa (False); ('%(_MSBuildProjectReferenceExistent.BuildReference)' == 'true' and '@(ProjectReferenceWithConfiguration)' != '' and ('$(BuildingInsideVisualStudio)' == 'true' or '$(BuildProjectReferences)' != 'true') and '$(VisualStudioVersion)' != '10.0' and '@(_MSBuildProjectReferenceExistent)' != '') se evalu├│ como ('' == 'true' and '' != '' and ('' == 'true' or 'true' != 'true') and '17.0' != '10.0' and '' != '').
       Se omiti├│ la tarea "MSBuild" debido a una condici├│n falsa (False); ('%(_MSBuildProjectReferenceExistent.BuildReference)' == 'true' and '@(ProjectReferenceWithConfiguration)' != '' and '$(BuildingInsideVisualStudio)' != 'true' and '$(BuildProjectReferences)' == 'true' and '@(_MSBuildProjectReferenceExistent)' != '') se evalu├│ como ('' == 'true' and '' != '' and '' != 'true' and 'true' == 'true' and '' != '').
       Se omiti├│ la tarea "MSBuild" debido a una condici├│n falsa (False); ('%(_MSBuildProjectReferenceExistent.BuildReference)' == 'true' and '@(ProjectReferenceWithConfiguration)' != '' and '$(BuildingProject)' == 'true' and '@(_MSBuildProjectReferenceExistent)' != '') se evalu├│ como ('' == 'true' and '' != '' and 'true' == 'true' and '' != '').
       Se omiti├│ la tarea "MSBuildInternalMessage" debido a una condici├│n falsa (False); ('$(_NonExistentProjectReferenceSeverity)' != '') se evalu├│ como ('' != '').
  6:11>Compilaci├│n terminada del destino "ResolveProjectReferences" en el proyecto "AuthSystem.Domain.csproj".
       Se omiti├│ el destino "FindInvalidProjectReferences" debido a una condici├│n falsa (False); ('$(FindInvalidProjectReferences)' == 'true') se evalu├│ como ('' == 'true').
       Se omiti├│ el destino "ResolveNativeReferences" debido a una condici├│n falsa (False); ('@(NativeReference)'!='') se evalu├│ como (''!='').
   4:6>El proyecto "D:\Users\Jhon\Documentos\Mintrabajo\Modulo General usuarios\AuthSystemNew\AuthSystem.UnitTests\AuthSystem.UnitTests.csproj" (4:6) est├í compilando "D:\Users\Jhon\Documentos\Mintrabajo\Modulo General usuarios\AuthSystemNew\AuthSystem.Infrastructure\AuthSystem.Infrastructure.csproj" (5:10) en el nodo 3 (GetTargetFrameworks destinos).
  5:10>Destino "GetTargetFrameworksWithPlatformForSingleTargetFramework" en el archivo "C:\Program Files\dotnet\sdk\9.0.201\Microsoft.Common.CurrentVersion.targets" del proyecto "D:\Users\Jhon\Documentos\Mintrabajo\Modulo General usuarios\AuthSystemNew\AuthSystem.Infrastructure\AuthSystem.Infrastructure.csproj" (el destino "GetTargetFrameworks" depende de ├®l):
  5:10>Usando la tarea "CombineTargetFrameworkInfoProperties" del ensamblado "Microsoft.Build.Tasks.Core, Version=15.1.0.0, Culture=neutral, PublicKeyToken=b03f5f7f11d50a3a".
  6:11>Se omiti├│ el destino "ResolveProjectReferences". Compilado previamente de forma correcta.
  5:10>Tarea "CombineTargetFrameworkInfoProperties"
  6:11>Se omiti├│ el destino "FindInvalidProjectReferences" debido a una condici├│n falsa (False); ('$(FindInvalidProjectReferences)' == 'true') se evalu├│ como ('' == 'true').
       Se omiti├│ el destino "GetFrameworkPaths". Compilado previamente de forma correcta.
  5:10>Ejecuci├│n de la tarea "CombineTargetFrameworkInfoProperties" terminada.
  6:11>Se omiti├│ el destino "GetReferenceAssemblyPaths". Compilado previamente de forma correcta.
       Se omiti├│ el destino "PrepareForBuild". Compilado previamente de forma correcta.
  5:10>Compilaci├│n terminada del destino "GetTargetFrameworksWithPlatformForSingleTargetFramework" en el proyecto "AuthSystem.Infrastructure.csproj".
  5:10>Destino "GetTargetFrameworks" en el archivo "C:\Program Files\dotnet\sdk\9.0.201\Microsoft.Common.CurrentVersion.targets" del proyecto "D:\Users\Jhon\Documentos\Mintrabajo\Modulo General usuarios\AuthSystemNew\AuthSystem.Infrastructure\AuthSystem.Infrastructure.csproj" (punto de entrada):
       Se omiti├│ la tarea "MSBuildInternalMessage" debido a una condici├│n falsa (False); ('$(IsCrossTargetingBuild)' == 'true') se evalu├│ como ('' == 'true').
  6:11>Se omiti├│ el destino "GetInstalledSDKLocations" debido a una condici├│n falsa (False); ('@(SDKReference)' != '') se evalu├│ como ('' != '').
  5:10>GetTargetFrameworks:
       Usando la tarea "CombineXmlElements" del ensamblado "Microsoft.Build.Tasks.Core, Version=15.1.0.0, Culture=neutral, PublicKeyToken=b03f5f7f11d50a3a".
       Tarea "CombineXmlElements"
  6:11>Destino "ResolveSDKReferences" en el archivo "C:\Program Files\dotnet\sdk\9.0.201\Microsoft.Common.CurrentVersion.targets" del proyecto "D:\Users\Jhon\Documentos\Mintrabajo\Modulo General usuarios\AuthSystemNew\AuthSystem.Domain\AuthSystem.Domain.csproj" (el destino "ResolveAssemblyReferences" depende de ├®l):
  6:11>Se omiti├│ la tarea "ResolveSDKReference" debido a una condici├│n falsa (False); ('@(SDKReference)'!='') se evalu├│ como (''!='').
  6:11>Compilaci├│n terminada del destino "ResolveSDKReferences" en el proyecto "AuthSystem.Domain.csproj".
  5:10>Ejecuci├│n de la tarea "CombineXmlElements" terminada.
  6:11>Se omiti├│ el destino "ResolveSDKReferences". Compilado previamente de forma correcta.
  5:10>Compilaci├│n terminada del destino "GetTargetFrameworks" en el proyecto "AuthSystem.Infrastructure.csproj".
  6:11>Destino "ExpandSDKReferences" en el archivo "C:\Program Files\dotnet\sdk\9.0.201\Microsoft.Common.CurrentVersion.targets" del proyecto "D:\Users\Jhon\Documentos\Mintrabajo\Modulo General usuarios\AuthSystemNew\AuthSystem.Domain\AuthSystem.Domain.csproj" (el destino "ResolveAssemblyReferences" depende de ├®l):
  6:11>Se omiti├│ la tarea "GetSDKReferenceFiles" debido a una condici├│n falsa (False); ('@(ResolvedSDKReference)'!='') se evalu├│ como (''!='').
  5:10>Compilaci├│n del proyecto terminada "D:\Users\Jhon\Documentos\Mintrabajo\Modulo General usuarios\AuthSystemNew\AuthSystem.Infrastructure\AuthSystem.Infrastructure.csproj" (GetTargetFrameworks destinos).
  6:11>Compilaci├│n terminada del destino "ExpandSDKReferences" en el proyecto "AuthSystem.Domain.csproj".
       Se omiti├│ el destino "ResolvePackageDependenciesForBuild". Compilado previamente de forma correcta.
   3:6>El proyecto "D:\Users\Jhon\Documentos\Mintrabajo\Modulo General usuarios\AuthSystemNew\AuthSystem.IntegrationTests\AuthSystem.IntegrationTests.csproj" (3:6) est├í compilando "D:\Users\Jhon\Documentos\Mintrabajo\Modulo General usuarios\AuthSystemNew\AuthSystem.Application\AuthSystem.Application.csproj" (2:13) en el nodo 2 (GetTargetFrameworks destinos).
  2:13>Se omiti├│ el destino "GetTargetFrameworks". Compilado previamente de forma correcta.
  2:13>Compilaci├│n del proyecto terminada "D:\Users\Jhon\Documentos\Mintrabajo\Modulo General usuarios\AuthSystemNew\AuthSystem.Application\AuthSystem.Application.csproj" (GetTargetFrameworks destinos).
  6:11>Se omiti├│ el destino "GetFrameworkPaths". Compilado previamente de forma correcta.
       Se omiti├│ el destino "GetReferenceAssemblyPaths". Compilado previamente de forma correcta.
       Se omiti├│ el destino "ProcessFrameworkReferences". Compilado previamente de forma correcta.
       Se omiti├│ el destino "ResolvePackageAssets". Compilado previamente de forma correcta.
  6:11>Destino "ResolveFrameworkReferences" en el archivo "C:\Program Files\dotnet\sdk\9.0.201\Sdks\Microsoft.NET.Sdk\targets\Microsoft.NET.Sdk.FrameworkReferenceResolution.targets" del proyecto "D:\Users\Jhon\Documentos\Mintrabajo\Modulo General usuarios\AuthSystemNew\AuthSystem.Domain\AuthSystem.Domain.csproj" (el destino "ResolveTargetingPackAssets" depende de ├®l):
       Usando la tarea "GetPackageDirectory" del ensamblado "C:\Program Files\dotnet\sdk\9.0.201\Sdks\Microsoft.NET.Sdk\targets\..\tools\net9.0\Microsoft.NET.Build.Tasks.dll".
       Tarea "GetPackageDirectory"
       Ejecuci├│n de la tarea "GetPackageDirectory" terminada.
       Tarea "GetPackageDirectory"
       Ejecuci├│n de la tarea "GetPackageDirectory" terminada.
       Tarea "GetPackageDirectory"
   3:6>El proyecto "D:\Users\Jhon\Documentos\Mintrabajo\Modulo General usuarios\AuthSystemNew\AuthSystem.IntegrationTests\AuthSystem.IntegrationTests.csproj" (3:6) est├í compilando "D:\Users\Jhon\Documentos\Mintrabajo\Modulo General usuarios\AuthSystemNew\AuthSystem.Infrastructure\AuthSystem.Infrastructure.csproj" (5:11) en el nodo 3 (GetTargetFrameworks destinos).
  5:11>Se omiti├│ el destino "GetTargetFrameworks". Compilado previamente de forma correcta.
  5:11>Compilaci├│n del proyecto terminada "D:\Users\Jhon\Documentos\Mintrabajo\Modulo General usuarios\AuthSystemNew\AuthSystem.Infrastructure\AuthSystem.Infrastructure.csproj" (GetTargetFrameworks destinos).
  6:11>Ejecuci├│n de la tarea "GetPackageDirectory" terminada.
       Tarea "GetPackageDirectory"
       Ejecuci├│n de la tarea "GetPackageDirectory" terminada.
       Tarea "GetPackageDirectory"
       Ejecuci├│n de la tarea "GetPackageDirectory" terminada.
       Tarea "GetPackageDirectory"
       Ejecuci├│n de la tarea "GetPackageDirectory" terminada.
       Tarea "GetPackageDirectory"
       Ejecuci├│n de la tarea "GetPackageDirectory" terminada.
       Tarea "GetPackageDirectory"
       Ejecuci├│n de la tarea "GetPackageDirectory" terminada.
       Tarea "GetPackageDirectory"
     0>Reasignaci├│n de propiedad: $(TargetsForTfmSpecificContentInPackage)=";PackTool;_PackProjectToolValidation" (valor anterior: ";PackTool") en C:\Program Files\dotnet\sdk\9.0.201\Sdks\Microsoft.NET.Sdk\targets\Microsoft.NET.PackProjectTool.props (15,5)
  6:11>Ejecuci├│n de la tarea "GetPackageDirectory" terminada.
       Tarea "GetPackageDirectory"
       Ejecuci├│n de la tarea "GetPackageDirectory" terminada.
       Usando la tarea "ResolveFrameworkReferences" del ensamblado "C:\Program Files\dotnet\sdk\9.0.201\Sdks\Microsoft.NET.Sdk\targets\..\tools\net9.0\Microsoft.NET.Build.Tasks.dll".
       Tarea "ResolveFrameworkReferences"
       Ejecuci├│n de la tarea "ResolveFrameworkReferences" terminada.
  6:11>Compilaci├│n terminada del destino "ResolveFrameworkReferences" en el proyecto "AuthSystem.Domain.csproj".
  6:11>Destino "ResolveTargetingPackAssets" en el archivo "C:\Program Files\dotnet\sdk\9.0.201\Sdks\Microsoft.NET.Sdk\targets\Microsoft.NET.Sdk.FrameworkReferenceResolution.targets" del proyecto "D:\Users\Jhon\Documentos\Mintrabajo\Modulo General usuarios\AuthSystemNew\AuthSystem.Domain\AuthSystem.Domain.csproj" (el destino "_HandlePackageFileConflicts" depende de ├®l):
       Usando la tarea "ResolveTargetingPackAssets" del ensamblado "C:\Program Files\dotnet\sdk\9.0.201\Sdks\Microsoft.NET.Sdk\targets\..\tools\net9.0\Microsoft.NET.Build.Tasks.dll".
       Tarea "ResolveTargetingPackAssets"
       Ejecuci├│n de la tarea "ResolveTargetingPackAssets" terminada.
  6:11>Compilaci├│n terminada del destino "ResolveTargetingPackAssets" en el proyecto "AuthSystem.Domain.csproj".
  6:11>Destino "ResolveOffByDefaultAnalyzers" en el archivo "C:\Program Files\dotnet\sdk\9.0.201\Sdks\Microsoft.NET.Sdk\targets\Microsoft.NET.Sdk.FrameworkReferenceResolution.targets" del proyecto "D:\Users\Jhon\Documentos\Mintrabajo\Modulo General usuarios\AuthSystemNew\AuthSystem.Domain\AuthSystem.Domain.csproj" (el destino "_HandlePackageFileConflicts" depende de ├®l):
  6:11>Compilaci├│n terminada del destino "ResolveOffByDefaultAnalyzers" en el proyecto "AuthSystem.Domain.csproj".
  6:11>Destino "_HandlePackageFileConflicts" en el archivo "C:\Program Files\dotnet\sdk\9.0.201\Sdks\Microsoft.NET.Sdk\targets\Microsoft.NET.ConflictResolution.targets" del proyecto "D:\Users\Jhon\Documentos\Mintrabajo\Modulo General usuarios\AuthSystemNew\AuthSystem.Domain\AuthSystem.Domain.csproj" (el destino "ResolveAssemblyReferences" depende de ├®l):
       Usando la tarea "ResolvePackageFileConflicts" del ensamblado "C:\Program Files\dotnet\sdk\9.0.201\Sdks\Microsoft.NET.Sdk\targets\..\tools\net9.0\Microsoft.NET.Build.Tasks.dll".
       Tarea "ResolvePackageFileConflicts"
         Se encontr├│ un conflicto entre "Reference:C:\Users\JHON\.nuget\packages\system.componentmodel.annotations\5.0.0\ref\netstandard2.1\System.ComponentModel.Annotations.dll" y "Reference:C:\Program Files\dotnet\packs\Microsoft.NETCore.App.Ref\8.0.14\ref/net8.0/System.ComponentModel.Annotations.dll". Se elegir├í "Reference:C:\Program Files\dotnet\packs\Microsoft.NETCore.App.Ref\8.0.14\ref/net8.0/System.ComponentModel.Annotations.dll" porque AssemblyVersion "8.0.0.0" es mayor que "5.0.0.0".
         Se encontr├│ un conflicto entre "Platform:System.ComponentModel.Annotations.dll" y "Runtime:C:\Users\JHON\.nuget\packages\system.componentmodel.annotations\5.0.0\lib\netstandard2.1\System.ComponentModel.Annotations.dll". Se elegir├í "Platform:System.ComponentModel.Annotations.dll" porque AssemblyVersion "8.0.0.0" es mayor que "5.0.0.0".
         Se encontr├│ un conflicto entre "Platform:mscorlib.dll" y "Platform:mscorlib.dll". No se pudo determinar el ganador porque las versiones de archivo y ensamblado son iguales.
         Se encontr├│ un conflicto entre "Platform:Microsoft.VisualBasic.dll" y "Platform:Microsoft.VisualBasic.dll". No se pudo determinar el ganador porque las versiones de archivo y ensamblado son iguales.
     0>El SDK "Microsoft.NET.Sdk.Razor" se resolvi├│ correctamente mediante el resolvedor "DefaultSdkResolver" a la ubicaci├│n "C:\Program Files\dotnet\sdk\9.0.201\Sdks\Microsoft.NET.Sdk.Razor\Sdk" y la versi├│n "".
  6:11>_HandlePackageFileConflicts:
         Se encontr├│ un conflicto entre "Platform:System.dll" y "Platform:System.dll". No se pudo determinar el ganador porque las versiones de archivo y ensamblado son iguales.
         Se encontr├│ un conflicto entre "Platform:System.ComponentModel.DataAnnotations.dll" y "Platform:System.ComponentModel.DataAnnotations.dll". No se pudo determinar el ganador porque las versiones de archivo y ensamblado son iguales.
         Se encontr├│ un conflicto entre "Platform:System.Configuration.dll" y "Platform:System.Configuration.dll". No se pudo determinar el ganador porque las versiones de archivo y ensamblado son iguales.
         Se encontr├│ un conflicto entre "Platform:System.Core.dll" y "Platform:System.Core.dll". No se pudo determinar el ganador porque las versiones de archivo y ensamblado son iguales.
     0>El SDK "Microsoft.NET.Sdk.StaticWebAssets" se resolvi├│ correctamente mediante el resolvedor "DefaultSdkResolver" a la ubicaci├│n "C:\Program Files\dotnet\sdk\9.0.201\Sdks\Microsoft.NET.Sdk.StaticWebAssets\Sdk" y la versi├│n "".
  6:11>_HandlePackageFileConflicts:
         Se encontr├│ un conflicto entre "Platform:System.Data.dll" y "Platform:System.Data.dll". No se pudo determinar el ganador porque las versiones de archivo y ensamblado son iguales.
         Se encontr├│ un conflicto entre "Platform:System.Drawing.dll" y "Platform:System.Drawing.dll". No se pudo determinar el ganador porque las versiones de archivo y ensamblado son iguales.
         Se encontr├│ un conflicto entre "Platform:System.IO.Compression.FileSystem.dll" y "Platform:System.IO.Compression.FileSystem.dll". No se pudo determinar el ganador porque las versiones de archivo y ensamblado son iguales.
         Se encontr├│ un conflicto entre "Platform:System.Net.dll" y "Platform:System.Net.dll". No se pudo determinar el ganador porque las versiones de archivo y ensamblado son iguales.
         Se encontr├│ un conflicto entre "Platform:System.Numerics.dll" y "Platform:System.Numerics.dll". No se pudo determinar el ganador porque las versiones de archivo y ensamblado son iguales.
         Se encontr├│ un conflicto entre "Platform:System.Runtime.Serialization.dll" y "Platform:System.Runtime.Serialization.dll". No se pudo determinar el ganador porque las versiones de archivo y ensamblado son iguales.
         Se encontr├│ un conflicto entre "Platform:System.Security.dll" y "Platform:System.Security.dll". No se pudo determinar el ganador porque las versiones de archivo y ensamblado son iguales.
         Se encontr├│ un conflicto entre "Platform:System.ServiceProcess.dll" y "Platform:System.ServiceProcess.dll". No se pudo determinar el ganador porque las versiones de archivo y ensamblado son iguales.
         Se encontr├│ un conflicto entre "Platform:System.ServiceModel.Web.dll" y "Platform:System.ServiceModel.Web.dll". No se pudo determinar el ganador porque las versiones de archivo y ensamblado son iguales.
         Se encontr├│ un conflicto entre "Platform:System.Transactions.dll" y "Platform:System.Transactions.dll". No se pudo determinar el ganador porque las versiones de archivo y ensamblado son iguales.
         Se encontr├│ un conflicto entre "Platform:System.Web.dll" y "Platform:System.Web.dll". No se pudo determinar el ganador porque las versiones de archivo y ensamblado son iguales.
         Se encontr├│ un conflicto entre "Platform:System.Windows.dll" y "Platform:System.Windows.dll". No se pudo determinar el ganador porque las versiones de archivo y ensamblado son iguales.
         Se encontr├│ un conflicto entre "Platform:System.Xml.dll" y "Platform:System.Xml.dll". No se pudo determinar el ganador porque las versiones de archivo y ensamblado son iguales.
     0>Reasignaci├│n de propiedad: $(DefaultItemExcludes)=";**\node_modules\**;node_modules\**;**\jspm_packages\**;jspm_packages\**" (valor anterior: ";**\node_modules\**;node_modules\**") en C:\Program Files\dotnet\sdk\9.0.201\Sdks\Microsoft.NET.Sdk.StaticWebAssets\Sdk\Sdk.StaticWebAssets.StaticAssets.ProjectSystem.props (23,5)
       Reasignaci├│n de propiedad: $(DefaultItemExcludes)=";**\node_modules\**;node_modules\**;**\jspm_packages\**;jspm_packages\**;**\bower_components\**;bower_components\**" (valor anterior: ";**\node_modules\**;node_modules\**;**\jspm_packages\**;jspm_packages\**") en C:\Program Files\dotnet\sdk\9.0.201\Sdks\Microsoft.NET.Sdk.StaticWebAssets\Sdk\Sdk.StaticWebAssets.StaticAssets.ProjectSystem.props (24,5)
       Reasignaci├│n de propiedad: $(DefaultItemExcludes)=";**\node_modules\**;node_modules\**;**\jspm_packages\**;jspm_packages\**;**\bower_components\**;bower_components\**;**\packages.lock.json" (valor anterior: ";**\node_modules\**;node_modules\**;**\jspm_packages\**;jspm_packages\**;**\bower_components\**;bower_components\**") en C:\Program Files\dotnet\sdk\9.0.201\Sdks\Microsoft.NET.Sdk.StaticWebAssets\Sdk\Sdk.StaticWebAssets.StaticAssets.ProjectSystem.props (25,5)
  6:11>_HandlePackageFileConflicts:
         Se encontr├│ un conflicto entre "Platform:System.Xml.Serialization.dll" y "Platform:System.Xml.Serialization.dll". No se pudo determinar el ganador porque las versiones de archivo y ensamblado son iguales.
         Se encontr├│ un conflicto entre "Platform:System.Xml.Linq.dll" y "Platform:System.Xml.Linq.dll". No se pudo determinar el ganador porque las versiones de archivo y ensamblado son iguales.
         Se encontr├│ un conflicto entre "Platform:WindowsBase.dll" y "Platform:WindowsBase.dll". No se pudo determinar el ganador porque las versiones de archivo y ensamblado son iguales.
         Se encontr├│ un conflicto entre "Platform:netstandard.dll" y "Platform:netstandard.dll". No se pudo determinar el ganador porque las versiones de archivo y ensamblado son iguales.
         Se encontr├│ un conflicto entre "Platform:System.Private.CoreLib.dll" y "Platform:System.Private.CoreLib.dll". No se pudo determinar el ganador porque las versiones de archivo y ensamblado son iguales.
         Se encontr├│ un conflicto entre "Platform:System.Private.DataContractSerialization.dll" y "Platform:System.Private.DataContractSerialization.dll". No se pudo determinar el ganador porque las versiones de archivo y ensamblado son iguales.
         Se encontr├│ un conflicto entre "Platform:System.Private.Uri.dll" y "Platform:System.Private.Uri.dll". No se pudo determinar el ganador porque las versiones de archivo y ensamblado son iguales.
         Se encontr├│ un conflicto entre "Platform:System.Private.Xml.dll" y "Platform:System.Private.Xml.dll". No se pudo determinar el ganador porque las versiones de archivo y ensamblado son iguales.
         Se encontr├│ un conflicto entre "Platform:System.Private.Xml.Linq.dll" y "Platform:System.Private.Xml.Linq.dll". No se pudo determinar el ganador porque las versiones de archivo y ensamblado son iguales.
         Se encontr├│ un conflicto entre "Platform:mscordaccore_amd64_amd64_8.0.1425.11118.dll" y "Platform:mscordaccore_amd64_amd64_8.0.1425.11118.dll". No se pudo determinar el ganador porque las versiones de archivo y ensamblado son iguales.
       Ejecuci├│n de la tarea "ResolvePackageFileConflicts" terminada.
  6:11>Compilaci├│n terminada del destino "_HandlePackageFileConflicts" en el proyecto "AuthSystem.Domain.csproj".
       Se omiti├│ el destino "ResolveTargetingPackAssets". Compilado previamente de forma correcta.
  6:11>Destino "ResolveAssemblyReferences" en el archivo "C:\Program Files\dotnet\sdk\9.0.201\Microsoft.Common.CurrentVersion.targets" del proyecto "D:\Users\Jhon\Documentos\Mintrabajo\Modulo General usuarios\AuthSystemNew\AuthSystem.Domain\AuthSystem.Domain.csproj" (el destino "ResolveReferences" depende de ├®l):
       Usando la tarea "ResolveAssemblyReference" del ensamblado "Microsoft.Build.Tasks.Core, Version=15.1.0.0, Culture=neutral, PublicKeyToken=b03f5f7f11d50a3a".
       Tarea "ResolveAssemblyReference"
         TargetFrameworkMoniker:
             .NETCoreApp,Version=v8.0
         TargetFrameworkMonikerDisplayName:
             .NET 8.0
         TargetedRuntimeVersion:
             
     0>El SDK "Microsoft.NET.Sdk.Web.ProjectSystem" se resolvi├│ correctamente mediante el resolvedor "DefaultSdkResolver" a la ubicaci├│n "C:\Program Files\dotnet\sdk\9.0.201\Sdks\Microsoft.NET.Sdk.Web.ProjectSystem\Sdk" y la versi├│n "".
  6:11>ResolveAssemblyReferences:
         Assemblies:
             C:\Program Files\dotnet\packs\Microsoft.NETCore.App.Ref\8.0.14\ref/net8.0/Microsoft.CSharp.dll
                 Private = 'false'
             C:\Program Files\dotnet\packs\Microsoft.NETCore.App.Ref\8.0.14\ref/net8.0/Microsoft.VisualBasic.Core.dll
                 Private = 'false'
             C:\Program Files\dotnet\packs\Microsoft.NETCore.App.Ref\8.0.14\ref/net8.0/Microsoft.VisualBasic.dll
                 Private = 'false'
             C:\Program Files\dotnet\packs\Microsoft.NETCore.App.Ref\8.0.14\ref/net8.0/Microsoft.Win32.Primitives.dll
                 Private = 'false'
             C:\Program Files\dotnet\packs\Microsoft.NETCore.App.Ref\8.0.14\ref/net8.0/Microsoft.Win32.Registry.dll
     0>Reasignaci├│n de propiedad: $(OutputType)="Exe" (valor anterior: "Library") en C:\Program Files\dotnet\sdk\9.0.201\Sdks\Microsoft.NET.Sdk.Web.ProjectSystem\targets\Microsoft.NET.Sdk.Web.ProjectSystem.props (16,5)
  6:11>ResolveAssemblyReferences:
                 Private = 'false'
             C:\Program Files\dotnet\packs\Microsoft.NETCore.App.Ref\8.0.14\ref/net8.0/System.AppContext.dll
                 Private = 'false'
             C:\Program Files\dotnet\packs\Microsoft.NETCore.App.Ref\8.0.14\ref/net8.0/System.Buffers.dll
                 Private = 'false'
             C:\Program Files\dotnet\packs\Microsoft.NETCore.App.Ref\8.0.14\ref/net8.0/System.Collections.Concurrent.dll
                 Private = 'false'
             C:\Program Files\dotnet\packs\Microsoft.NETCore.App.Ref\8.0.14\ref/net8.0/System.Collections.Immutable.dll
                 Private = 'false'
             C:\Program Files\dotnet\packs\Microsoft.NETCore.App.Ref\8.0.14\ref/net8.0/System.Collections.NonGeneric.dll
                 Private = 'false'
             C:\Program Files\dotnet\packs\Microsoft.NETCore.App.Ref\8.0.14\ref/net8.0/System.Collections.Specialized.dll
                 Private = 'false'
             C:\Program Files\dotnet\packs\Microsoft.NETCore.App.Ref\8.0.14\ref/net8.0/System.Collections.dll
     0>El SDK "Microsoft.NET.Sdk.Publish" se resolvi├│ correctamente mediante el resolvedor "DefaultSdkResolver" a la ubicaci├│n "C:\Program Files\dotnet\sdk\9.0.201\Sdks\Microsoft.NET.Sdk.Publish\Sdk" y la versi├│n "".
  6:11>ResolveAssemblyReferences:
                 Private = 'false'
             C:\Program Files\dotnet\packs\Microsoft.NETCore.App.Ref\8.0.14\ref/net8.0/System.ComponentModel.Annotations.dll
                 Private = 'false'
             C:\Program Files\dotnet\packs\Microsoft.NETCore.App.Ref\8.0.14\ref/net8.0/System.ComponentModel.DataAnnotations.dll
                 Private = 'false'
             C:\Program Files\dotnet\packs\Microsoft.NETCore.App.Ref\8.0.14\ref/net8.0/System.ComponentModel.EventBasedAsync.dll
                 Private = 'false'
             C:\Program Files\dotnet\packs\Microsoft.NETCore.App.Ref\8.0.14\ref/net8.0/System.ComponentModel.Primitives.dll
                 Private = 'false'
             C:\Program Files\dotnet\packs\Microsoft.NETCore.App.Ref\8.0.14\ref/net8.0/System.ComponentModel.TypeConverter.dll
                 Private = 'false'
             C:\Program Files\dotnet\packs\Microsoft.NETCore.App.Ref\8.0.14\ref/net8.0/System.ComponentModel.dll
                 Private = 'false'
             C:\Program Files\dotnet\packs\Microsoft.NETCore.App.Ref\8.0.14\ref/net8.0/System.Configuration.dll
                 Private = 'false'
             C:\Program Files\dotnet\packs\Microsoft.NETCore.App.Ref\8.0.14\ref/net8.0/System.Console.dll
                 Private = 'false'
             C:\Program Files\dotnet\packs\Microsoft.NETCore.App.Ref\8.0.14\ref/net8.0/System.Core.dll
                 Private = 'false'
             C:\Program Files\dotnet\packs\Microsoft.NETCore.App.Ref\8.0.14\ref/net8.0/System.Data.Common.dll
                 Private = 'false'
             C:\Program Files\dotnet\packs\Microsoft.NETCore.App.Ref\8.0.14\ref/net8.0/System.Data.DataSetExtensions.dll
                 Private = 'false'
             C:\Program Files\dotnet\packs\Microsoft.NETCore.App.Ref\8.0.14\ref/net8.0/System.Data.dll
                 Private = 'false'
             C:\Program Files\dotnet\packs\Microsoft.NETCore.App.Ref\8.0.14\ref/net8.0/System.Diagnostics.Contracts.dll
                 Private = 'false'
             C:\Program Files\dotnet\packs\Microsoft.NETCore.App.Ref\8.0.14\ref/net8.0/System.Diagnostics.Debug.dll
                 Private = 'false'
             C:\Program Files\dotnet\packs\Microsoft.NETCore.App.Ref\8.0.14\ref/net8.0/System.Diagnostics.DiagnosticSource.dll
                 Private = 'false'
             C:\Program Files\dotnet\packs\Microsoft.NETCore.App.Ref\8.0.14\ref/net8.0/System.Diagnostics.FileVersionInfo.dll
                 Private = 'false'
             C:\Program Files\dotnet\packs\Microsoft.NETCore.App.Ref\8.0.14\ref/net8.0/System.Diagnostics.Process.dll
                 Private = 'false'
             C:\Program Files\dotnet\packs\Microsoft.NETCore.App.Ref\8.0.14\ref/net8.0/System.Diagnostics.StackTrace.dll
                 Private = 'false'
             C:\Program Files\dotnet\packs\Microsoft.NETCore.App.Ref\8.0.14\ref/net8.0/System.Diagnostics.TextWriterTraceListener.dll
                 Private = 'false'
             C:\Program Files\dotnet\packs\Microsoft.NETCore.App.Ref\8.0.14\ref/net8.0/System.Diagnostics.Tools.dll
                 Private = 'false'
             C:\Program Files\dotnet\packs\Microsoft.NETCore.App.Ref\8.0.14\ref/net8.0/System.Diagnostics.TraceSource.dll
     0>La propiedad "Configuration" es global y no se puede modificar.
       La propiedad "Platform" es global y no se puede modificar.
  6:11>ResolveAssemblyReferences:
                 Private = 'false'
             C:\Program Files\dotnet\packs\Microsoft.NETCore.App.Ref\8.0.14\ref/net8.0/System.Diagnostics.Tracing.dll
                 Private = 'false'
             C:\Program Files\dotnet\packs\Microsoft.NETCore.App.Ref\8.0.14\ref/net8.0/System.Drawing.Primitives.dll
     0>Reasignaci├│n de propiedad: $(PublishProfileImported)="false" (valor anterior: "true") en C:\Program Files\dotnet\sdk\9.0.201\Sdks\Microsoft.NET.Sdk\targets\Microsoft.NET.Sdk.ImportPublishProfile.targets (28,5)
  6:11>ResolveAssemblyReferences:
                 Private = 'false'
             C:\Program Files\dotnet\packs\Microsoft.NETCore.App.Ref\8.0.14\ref/net8.0/System.Drawing.dll
                 Private = 'false'
             C:\Program Files\dotnet\packs\Microsoft.NETCore.App.Ref\8.0.14\ref/net8.0/System.Dynamic.Runtime.dll
                 Private = 'false'
             C:\Program Files\dotnet\packs\Microsoft.NETCore.App.Ref\8.0.14\ref/net8.0/System.Formats.Asn1.dll
                 Private = 'false'
             C:\Program Files\dotnet\packs\Microsoft.NETCore.App.Ref\8.0.14\ref/net8.0/System.Formats.Tar.dll
                 Private = 'false'
             C:\Program Files\dotnet\packs\Microsoft.NETCore.App.Ref\8.0.14\ref/net8.0/System.Globalization.Calendars.dll
                 Private = 'false'
             C:\Program Files\dotnet\packs\Microsoft.NETCore.App.Ref\8.0.14\ref/net8.0/System.Globalization.Extensions.dll
                 Private = 'false'
             C:\Program Files\dotnet\packs\Microsoft.NETCore.App.Ref\8.0.14\ref/net8.0/System.Globalization.dll
                 Private = 'false'
             C:\Program Files\dotnet\packs\Microsoft.NETCore.App.Ref\8.0.14\ref/net8.0/System.IO.Compression.Brotli.dll
                 Private = 'false'
             C:\Program Files\dotnet\packs\Microsoft.NETCore.App.Ref\8.0.14\ref/net8.0/System.IO.Compression.FileSystem.dll
     0>Reasignaci├│n de propiedad: $(TargetPlatformVersion)="" (valor anterior: "0.0") en C:\Program Files\dotnet\sdk\9.0.201\Sdks\Microsoft.NET.Sdk\targets\Microsoft.NET.TargetFrameworkInference.targets (69,5)
  6:11>ResolveAssemblyReferences:
                 Private = 'false'
             C:\Program Files\dotnet\packs\Microsoft.NETCore.App.Ref\8.0.14\ref/net8.0/System.IO.Compression.ZipFile.dll
                 Private = 'false'
             C:\Program Files\dotnet\packs\Microsoft.NETCore.App.Ref\8.0.14\ref/net8.0/System.IO.Compression.dll
                 Private = 'false'
             C:\Program Files\dotnet\packs\Microsoft.NETCore.App.Ref\8.0.14\ref/net8.0/System.IO.FileSystem.AccessControl.dll
                 Private = 'false'
             C:\Program Files\dotnet\packs\Microsoft.NETCore.App.Ref\8.0.14\ref/net8.0/System.IO.FileSystem.DriveInfo.dll
                 Private = 'false'
             C:\Program Files\dotnet\packs\Microsoft.NETCore.App.Ref\8.0.14\ref/net8.0/System.IO.FileSystem.Primitives.dll
                 Private = 'false'
             C:\Program Files\dotnet\packs\Microsoft.NETCore.App.Ref\8.0.14\ref/net8.0/System.IO.FileSystem.Watcher.dll
                 Private = 'false'
             C:\Program Files\dotnet\packs\Microsoft.NETCore.App.Ref\8.0.14\ref/net8.0/System.IO.FileSystem.dll
     0>Reasignaci├│n de propiedad: $(DefaultItemExcludes)=";**\node_modules\**;node_modules\**;**\jspm_packages\**;jspm_packages\**;**\bower_components\**;bower_components\**;**\packages.lock.json;bin\Debug\/**" (valor anterior: ";**\node_modules\**;node_modules\**;**\jspm_packages\**;jspm_packages\**;**\bower_components\**;bower_components\**;**\packages.lock.json") en C:\Program Files\dotnet\sdk\9.0.201\Sdks\Microsoft.NET.Sdk\targets\Microsoft.NET.DefaultOutputPaths.targets (121,5)
       Reasignaci├│n de propiedad: $(DefaultItemExcludes)=";**\node_modules\**;node_modules\**;**\jspm_packages\**;jspm_packages\**;**\bower_components\**;bower_components\**;**\packages.lock.json;bin\Debug\/**;obj\Debug\/**" (valor anterior: ";**\node_modules\**;node_modules\**;**\jspm_packages\**;jspm_packages\**;**\bower_components\**;bower_components\**;**\packages.lock.json;bin\Debug\/**") en C:\Program Files\dotnet\sdk\9.0.201\Sdks\Microsoft.NET.Sdk\targets\Microsoft.NET.DefaultOutputPaths.targets (122,5)
       Reasignaci├│n de propiedad: $(OutputPath)="bin\Debug\net8.0\" (valor anterior: "bin\Debug\") en C:\Program Files\dotnet\sdk\9.0.201\Sdks\Microsoft.NET.Sdk\targets\Microsoft.NET.DefaultOutputPaths.targets (137,5)
       Reasignaci├│n de propiedad: $(IntermediateOutputPath)="obj\Debug\net8.0\" (valor anterior: "obj\Debug\") en C:\Program Files\dotnet\sdk\9.0.201\Sdks\Microsoft.NET.Sdk\targets\Microsoft.NET.DefaultOutputPaths.targets (142,5)
  6:11>ResolveAssemblyReferences:
                 Private = 'false'
             C:\Program Files\dotnet\packs\Microsoft.NETCore.App.Ref\8.0.14\ref/net8.0/System.IO.IsolatedStorage.dll
                 Private = 'false'
             C:\Program Files\dotnet\packs\Microsoft.NETCore.App.Ref\8.0.14\ref/net8.0/System.IO.MemoryMappedFiles.dll
                 Private = 'false'
             C:\Program Files\dotnet\packs\Microsoft.NETCore.App.Ref\8.0.14\ref/net8.0/System.IO.Pipes.AccessControl.dll
                 Private = 'false'
             C:\Program Files\dotnet\packs\Microsoft.NETCore.App.Ref\8.0.14\ref/net8.0/System.IO.Pipes.dll
                 Private = 'false'
             C:\Program Files\dotnet\packs\Microsoft.NETCore.App.Ref\8.0.14\ref/net8.0/System.IO.UnmanagedMemoryStream.dll
                 Private = 'false'
             C:\Program Files\dotnet\packs\Microsoft.NETCore.App.Ref\8.0.14\ref/net8.0/System.IO.dll
     0>El solucionador "DefaultSdkResolver" intent├│ resolver el SDK "Microsoft.NET.SDK.WorkloadManifestTargetsLocator".
Advertencias: null
Errores: MSB4276: La resoluci├│n predeterminada del SDK no pudo resolver el SDK "Microsoft.NET.SDK.WorkloadManifestTargetsLocator" porque el directorio "C:\Program Files\dotnet\sdk\9.0.201\Sdks\Microsoft.NET.SDK.WorkloadManifestTargetsLocator\Sdk" no exist├¡a.
  6:11>ResolveAssemblyReferences:
                 Private = 'false'
             C:\Program Files\dotnet\packs\Microsoft.NETCore.App.Ref\8.0.14\ref/net8.0/System.Linq.Expressions.dll
                 Private = 'false'
             C:\Program Files\dotnet\packs\Microsoft.NETCore.App.Ref\8.0.14\ref/net8.0/System.Linq.Parallel.dll
                 Private = 'false'
             C:\Program Files\dotnet\packs\Microsoft.NETCore.App.Ref\8.0.14\ref/net8.0/System.Linq.Queryable.dll
                 Private = 'false'
             C:\Program Files\dotnet\packs\Microsoft.NETCore.App.Ref\8.0.14\ref/net8.0/System.Linq.dll
                 Private = 'false'
             C:\Program Files\dotnet\packs\Microsoft.NETCore.App.Ref\8.0.14\ref/net8.0/System.Memory.dll
                 Private = 'false'
             C:\Program Files\dotnet\packs\Microsoft.NETCore.App.Ref\8.0.14\ref/net8.0/System.Net.Http.Json.dll
                 Private = 'false'
             C:\Program Files\dotnet\packs\Microsoft.NETCore.App.Ref\8.0.14\ref/net8.0/System.Net.Http.dll
                 Private = 'false'
             C:\Program Files\dotnet\packs\Microsoft.NETCore.App.Ref\8.0.14\ref/net8.0/System.Net.HttpListener.dll
                 Private = 'false'
             C:\Program Files\dotnet\packs\Microsoft.NETCore.App.Ref\8.0.14\ref/net8.0/System.Net.Mail.dll
                 Private = 'false'
             C:\Program Files\dotnet\packs\Microsoft.NETCore.App.Ref\8.0.14\ref/net8.0/System.Net.NameResolution.dll
                 Private = 'false'
             C:\Program Files\dotnet\packs\Microsoft.NETCore.App.Ref\8.0.14\ref/net8.0/System.Net.NetworkInformation.dll
                 Private = 'false'
             C:\Program Files\dotnet\packs\Microsoft.NETCore.App.Ref\8.0.14\ref/net8.0/System.Net.Ping.dll
                 Private = 'false'
             C:\Program Files\dotnet\packs\Microsoft.NETCore.App.Ref\8.0.14\ref/net8.0/System.Net.Primitives.dll
                 Private = 'false'
             C:\Program Files\dotnet\packs\Microsoft.NETCore.App.Ref\8.0.14\ref/net8.0/System.Net.Quic.dll
                 Private = 'false'
             C:\Program Files\dotnet\packs\Microsoft.NETCore.App.Ref\8.0.14\ref/net8.0/System.Net.Requests.dll
                 Private = 'false'
             C:\Program Files\dotnet\packs\Microsoft.NETCore.App.Ref\8.0.14\ref/net8.0/System.Net.Security.dll
                 Private = 'false'
             C:\Program Files\dotnet\packs\Microsoft.NETCore.App.Ref\8.0.14\ref/net8.0/System.Net.ServicePoint.dll
                 Private = 'false'
             C:\Program Files\dotnet\packs\Microsoft.NETCore.App.Ref\8.0.14\ref/net8.0/System.Net.Sockets.dll
                 Private = 'false'
             C:\Program Files\dotnet\packs\Microsoft.NETCore.App.Ref\8.0.14\ref/net8.0/System.Net.WebClient.dll
                 Private = 'false'
             C:\Program Files\dotnet\packs\Microsoft.NETCore.App.Ref\8.0.14\ref/net8.0/System.Net.WebHeaderCollection.dll
                 Private = 'false'
             C:\Program Files\dotnet\packs\Microsoft.NETCore.App.Ref\8.0.14\ref/net8.0/System.Net.WebProxy.dll
                 Private = 'false'
             C:\Program Files\dotnet\packs\Microsoft.NETCore.App.Ref\8.0.14\ref/net8.0/System.Net.WebSockets.Client.dll
                 Private = 'false'
             C:\Program Files\dotnet\packs\Microsoft.NETCore.App.Ref\8.0.14\ref/net8.0/System.Net.WebSockets.dll
                 Private = 'false'
             C:\Program Files\dotnet\packs\Microsoft.NETCore.App.Ref\8.0.14\ref/net8.0/System.Net.dll
                 Private = 'false'
             C:\Program Files\dotnet\packs\Microsoft.NETCore.App.Ref\8.0.14\ref/net8.0/System.Numerics.Vectors.dll
                 Private = 'false'
             C:\Program Files\dotnet\packs\Microsoft.NETCore.App.Ref\8.0.14\ref/net8.0/System.Numerics.dll
                 Private = 'false'
             C:\Program Files\dotnet\packs\Microsoft.NETCore.App.Ref\8.0.14\ref/net8.0/System.ObjectModel.dll
                 Private = 'false'
             C:\Program Files\dotnet\packs\Microsoft.NETCore.App.Ref\8.0.14\ref/net8.0/System.Reflection.DispatchProxy.dll
                 Private = 'false'
             C:\Program Files\dotnet\packs\Microsoft.NETCore.App.Ref\8.0.14\ref/net8.0/System.Reflection.Emit.ILGeneration.dll
                 Private = 'false'
             C:\Program Files\dotnet\packs\Microsoft.NETCore.App.Ref\8.0.14\ref/net8.0/System.Reflection.Emit.Lightweight.dll
                 Private = 'false'
             C:\Program Files\dotnet\packs\Microsoft.NETCore.App.Ref\8.0.14\ref/net8.0/System.Reflection.Emit.dll
                 Private = 'false'
             C:\Program Files\dotnet\packs\Microsoft.NETCore.App.Ref\8.0.14\ref/net8.0/System.Reflection.Extensions.dll
                 Private = 'false'
             C:\Program Files\dotnet\packs\Microsoft.NETCore.App.Ref\8.0.14\ref/net8.0/System.Reflection.Metadata.dll
                 Private = 'false'
             C:\Program Files\dotnet\packs\Microsoft.NETCore.App.Ref\8.0.14\ref/net8.0/System.Reflection.Primitives.dll
                 Private = 'false'
             C:\Program Files\dotnet\packs\Microsoft.NETCore.App.Ref\8.0.14\ref/net8.0/System.Reflection.TypeExtensions.dll
                 Private = 'false'
             C:\Program Files\dotnet\packs\Microsoft.NETCore.App.Ref\8.0.14\ref/net8.0/System.Reflection.dll
                 Private = 'false'
             C:\Program Files\dotnet\packs\Microsoft.NETCore.App.Ref\8.0.14\ref/net8.0/System.Resources.Reader.dll
                 Private = 'false'
             C:\Program Files\dotnet\packs\Microsoft.NETCore.App.Ref\8.0.14\ref/net8.0/System.Resources.ResourceManager.dll
                 Private = 'false'
             C:\Program Files\dotnet\packs\Microsoft.NETCore.App.Ref\8.0.14\ref/net8.0/System.Resources.Writer.dll
                 Private = 'false'
             C:\Program Files\dotnet\packs\Microsoft.NETCore.App.Ref\8.0.14\ref/net8.0/System.Runtime.CompilerServices.Unsafe.dll
                 Private = 'false'
             C:\Program Files\dotnet\packs\Microsoft.NETCore.App.Ref\8.0.14\ref/net8.0/System.Runtime.CompilerServices.VisualC.dll
                 Private = 'false'
             C:\Program Files\dotnet\packs\Microsoft.NETCore.App.Ref\8.0.14\ref/net8.0/System.Runtime.Extensions.dll
                 Private = 'false'
             C:\Program Files\dotnet\packs\Microsoft.NETCore.App.Ref\8.0.14\ref/net8.0/System.Runtime.Handles.dll
                 Private = 'false'
             C:\Program Files\dotnet\packs\Microsoft.NETCore.App.Ref\8.0.14\ref/net8.0/System.Runtime.InteropServices.JavaScript.dll
                 Private = 'false'
             C:\Program Files\dotnet\packs\Microsoft.NETCore.App.Ref\8.0.14\ref/net8.0/System.Runtime.InteropServices.RuntimeInformation.dll
                 Private = 'false'
             C:\Program Files\dotnet\packs\Microsoft.NETCore.App.Ref\8.0.14\ref/net8.0/System.Runtime.InteropServices.dll
                 Private = 'false'
             C:\Program Files\dotnet\packs\Microsoft.NETCore.App.Ref\8.0.14\ref/net8.0/System.Runtime.Intrinsics.dll
                 Private = 'false'
             C:\Program Files\dotnet\packs\Microsoft.NETCore.App.Ref\8.0.14\ref/net8.0/System.Runtime.Loader.dll
                 Private = 'false'
             C:\Program Files\dotnet\packs\Microsoft.NETCore.App.Ref\8.0.14\ref/net8.0/System.Runtime.Numerics.dll
                 Private = 'false'
             C:\Program Files\dotnet\packs\Microsoft.NETCore.App.Ref\8.0.14\ref/net8.0/System.Runtime.Serialization.Formatters.dll
                 Private = 'false'
             C:\Program Files\dotnet\packs\Microsoft.NETCore.App.Ref\8.0.14\ref/net8.0/System.Runtime.Serialization.Json.dll
                 Private = 'false'
             C:\Program Files\dotnet\packs\Microsoft.NETCore.App.Ref\8.0.14\ref/net8.0/System.Runtime.Serialization.Primitives.dll
                 Private = 'false'
             C:\Program Files\dotnet\packs\Microsoft.NETCore.App.Ref\8.0.14\ref/net8.0/System.Runtime.Serialization.Xml.dll
                 Private = 'false'
             C:\Program Files\dotnet\packs\Microsoft.NETCore.App.Ref\8.0.14\ref/net8.0/System.Runtime.Serialization.dll
                 Private = 'false'
             C:\Program Files\dotnet\packs\Microsoft.NETCore.App.Ref\8.0.14\ref/net8.0/System.Runtime.dll
                 Private = 'false'
             C:\Program Files\dotnet\packs\Microsoft.NETCore.App.Ref\8.0.14\ref/net8.0/System.Security.AccessControl.dll
                 Private = 'false'
             C:\Program Files\dotnet\packs\Microsoft.NETCore.App.Ref\8.0.14\ref/net8.0/System.Security.Claims.dll
                 Private = 'false'
             C:\Program Files\dotnet\packs\Microsoft.NETCore.App.Ref\8.0.14\ref/net8.0/System.Security.Cryptography.Algorithms.dll
                 Private = 'false'
             C:\Program Files\dotnet\packs\Microsoft.NETCore.App.Ref\8.0.14\ref/net8.0/System.Security.Cryptography.Cng.dll
                 Private = 'false'
             C:\Program Files\dotnet\packs\Microsoft.NETCore.App.Ref\8.0.14\ref/net8.0/System.Security.Cryptography.Csp.dll
                 Private = 'false'
             C:\Program Files\dotnet\packs\Microsoft.NETCore.App.Ref\8.0.14\ref/net8.0/System.Security.Cryptography.Encoding.dll
                 Private = 'false'
             C:\Program Files\dotnet\packs\Microsoft.NETCore.App.Ref\8.0.14\ref/net8.0/System.Security.Cryptography.OpenSsl.dll
                 Private = 'false'
             C:\Program Files\dotnet\packs\Microsoft.NETCore.App.Ref\8.0.14\ref/net8.0/System.Security.Cryptography.Primitives.dll
                 Private = 'false'
             C:\Program Files\dotnet\packs\Microsoft.NETCore.App.Ref\8.0.14\ref/net8.0/System.Security.Cryptography.X509Certificates.dll
                 Private = 'false'
             C:\Program Files\dotnet\packs\Microsoft.NETCore.App.Ref\8.0.14\ref/net8.0/System.Security.Cryptography.dll
                 Private = 'false'
             C:\Program Files\dotnet\packs\Microsoft.NETCore.App.Ref\8.0.14\ref/net8.0/System.Security.Principal.Windows.dll
                 Private = 'false'
             C:\Program Files\dotnet\packs\Microsoft.NETCore.App.Ref\8.0.14\ref/net8.0/System.Security.Principal.dll
                 Private = 'false'
             C:\Program Files\dotnet\packs\Microsoft.NETCore.App.Ref\8.0.14\ref/net8.0/System.Security.SecureString.dll
                 Private = 'false'
             C:\Program Files\dotnet\packs\Microsoft.NETCore.App.Ref\8.0.14\ref/net8.0/System.Security.dll
                 Private = 'false'
             C:\Program Files\dotnet\packs\Microsoft.NETCore.App.Ref\8.0.14\ref/net8.0/System.ServiceModel.Web.dll
                 Private = 'false'
             C:\Program Files\dotnet\packs\Microsoft.NETCore.App.Ref\8.0.14\ref/net8.0/System.ServiceProcess.dll
                 Private = 'false'
             C:\Program Files\dotnet\packs\Microsoft.NETCore.App.Ref\8.0.14\ref/net8.0/System.Text.Encoding.CodePages.dll
                 Private = 'false'
             C:\Program Files\dotnet\packs\Microsoft.NETCore.App.Ref\8.0.14\ref/net8.0/System.Text.Encoding.Extensions.dll
                 Private = 'false'
             C:\Program Files\dotnet\packs\Microsoft.NETCore.App.Ref\8.0.14\ref/net8.0/System.Text.Encoding.dll
                 Private = 'false'
             C:\Program Files\dotnet\packs\Microsoft.NETCore.App.Ref\8.0.14\ref/net8.0/System.Text.Encodings.Web.dll
                 Private = 'false'
             C:\Program Files\dotnet\packs\Microsoft.NETCore.App.Ref\8.0.14\ref/net8.0/System.Text.Json.dll
                 Private = 'false'
             C:\Program Files\dotnet\packs\Microsoft.NETCore.App.Ref\8.0.14\ref/net8.0/System.Text.RegularExpressions.dll
                 Private = 'false'
             C:\Program Files\dotnet\packs\Microsoft.NETCore.App.Ref\8.0.14\ref/net8.0/System.Threading.Channels.dll
     0>El SDK "Microsoft.NET.SDK.WorkloadManifestTargetsLocator" se resolvi├│ correctamente mediante el resolvedor "Microsoft.DotNet.MSBuildWorkloadSdkResolver" a la ubicaci├│n "C:\Program Files\dotnet\sdk-manifests\9.0.100\microsoft.net.sdk.android\35.0.39" y la versi├│n "null".
  6:11>ResolveAssemblyReferences:
                 Private = 'false'
             C:\Program Files\dotnet\packs\Microsoft.NETCore.App.Ref\8.0.14\ref/net8.0/System.Threading.Overlapped.dll
                 Private = 'false'
             C:\Program Files\dotnet\packs\Microsoft.NETCore.App.Ref\8.0.14\ref/net8.0/System.Threading.Tasks.Dataflow.dll
                 Private = 'false'
             C:\Program Files\dotnet\packs\Microsoft.NETCore.App.Ref\8.0.14\ref/net8.0/System.Threading.Tasks.Extensions.dll
                 Private = 'false'
             C:\Program Files\dotnet\packs\Microsoft.NETCore.App.Ref\8.0.14\ref/net8.0/System.Threading.Tasks.Parallel.dll
                 Private = 'false'
             C:\Program Files\dotnet\packs\Microsoft.NETCore.App.Ref\8.0.14\ref/net8.0/System.Threading.Tasks.dll
                 Private = 'false'
             C:\Program Files\dotnet\packs\Microsoft.NETCore.App.Ref\8.0.14\ref/net8.0/System.Threading.Thread.dll
                 Private = 'false'
             C:\Program Files\dotnet\packs\Microsoft.NETCore.App.Ref\8.0.14\ref/net8.0/System.Threading.ThreadPool.dll
                 Private = 'false'
             C:\Program Files\dotnet\packs\Microsoft.NETCore.App.Ref\8.0.14\ref/net8.0/System.Threading.Timer.dll
                 Private = 'false'
             C:\Program Files\dotnet\packs\Microsoft.NETCore.App.Ref\8.0.14\ref/net8.0/System.Threading.dll
                 Private = 'false'
             C:\Program Files\dotnet\packs\Microsoft.NETCore.App.Ref\8.0.14\ref/net8.0/System.Transactions.Local.dll
                 Private = 'false'
             C:\Program Files\dotnet\packs\Microsoft.NETCore.App.Ref\8.0.14\ref/net8.0/System.Transactions.dll
                 Private = 'false'
             C:\Program Files\dotnet\packs\Microsoft.NETCore.App.Ref\8.0.14\ref/net8.0/System.ValueTuple.dll
                 Private = 'false'
             C:\Program Files\dotnet\packs\Microsoft.NETCore.App.Ref\8.0.14\ref/net8.0/System.Web.HttpUtility.dll
                 Private = 'false'
             C:\Program Files\dotnet\packs\Microsoft.NETCore.App.Ref\8.0.14\ref/net8.0/System.Web.dll
                 Private = 'false'
             C:\Program Files\dotnet\packs\Microsoft.NETCore.App.Ref\8.0.14\ref/net8.0/System.Windows.dll
                 Private = 'false'
             C:\Program Files\dotnet\packs\Microsoft.NETCore.App.Ref\8.0.14\ref/net8.0/System.Xml.Linq.dll
                 Private = 'false'
             C:\Program Files\dotnet\packs\Microsoft.NETCore.App.Ref\8.0.14\ref/net8.0/System.Xml.ReaderWriter.dll
                 Private = 'false'
             C:\Program Files\dotnet\packs\Microsoft.NETCore.App.Ref\8.0.14\ref/net8.0/System.Xml.Serialization.dll
                 Private = 'false'
             C:\Program Files\dotnet\packs\Microsoft.NETCore.App.Ref\8.0.14\ref/net8.0/System.Xml.XDocument.dll
                 Private = 'false'
             C:\Program Files\dotnet\packs\Microsoft.NETCore.App.Ref\8.0.14\ref/net8.0/System.Xml.XPath.XDocument.dll
                 Private = 'false'
             C:\Program Files\dotnet\packs\Microsoft.NETCore.App.Ref\8.0.14\ref/net8.0/System.Xml.XPath.dll
                 Private = 'false'
             C:\Program Files\dotnet\packs\Microsoft.NETCore.App.Ref\8.0.14\ref/net8.0/System.Xml.XmlDocument.dll
                 Private = 'false'
             C:\Program Files\dotnet\packs\Microsoft.NETCore.App.Ref\8.0.14\ref/net8.0/System.Xml.XmlSerializer.dll
                 Private = 'false'
             C:\Program Files\dotnet\packs\Microsoft.NETCore.App.Ref\8.0.14\ref/net8.0/System.Xml.dll
                 Private = 'false'
             C:\Program Files\dotnet\packs\Microsoft.NETCore.App.Ref\8.0.14\ref/net8.0/System.dll
                 Private = 'false'
             C:\Program Files\dotnet\packs\Microsoft.NETCore.App.Ref\8.0.14\ref/net8.0/WindowsBase.dll
                 Private = 'false'
             C:\Program Files\dotnet\packs\Microsoft.NETCore.App.Ref\8.0.14\ref/net8.0/mscorlib.dll
                 Private = 'false'
             C:\Program Files\dotnet\packs\Microsoft.NETCore.App.Ref\8.0.14\ref/net8.0/netstandard.dll
                 Private = 'false'
         AssemblyFiles:
         CandidateAssemblyFiles:
         TargetFrameworkDirectories:
             
         InstalledAssemblyTables:
         IgnoreInstalledAssemblyTable:
             False
         SearchPaths:
             {CandidateAssemblyFiles}
             {HintPathFromItem}
             {TargetFrameworkDirectory}
             {RawFileName}
         AllowedAssemblyExtensions:
             .winmd
             .dll
             .exe
         AllowedRelatedFileExtensions:
             .pdb
             .xml
             .pri
             .dll.config
             .exe.config
         AppConfigFile:
             
         AutoUnify:
             True
         CopyLocalDependenciesWhenParentReferenceInGac:
             True
         FindDependencies:
             True
         TargetProcessorArchitecture:
             msil
         StateFile:
             obj\Debug\net8.0\AuthSystem.Domain.csproj.AssemblyReference.cache
         InstalledAssemblySubsetTables:
         IgnoreInstalledAssemblySubsetTable:
             False
         TargetFrameworkSubsets:
         FullTargetFrameworkSubsetNames:
             Full
         ProfileName:
             
         FullFrameworkFolders:
         LatestTargetFrameworkDirectories:
         ProfileTablesLocation:
         Referencia principal "Microsoft.CSharp, Version=8.0.0.0, Culture=neutral, PublicKeyToken=b03f5f7f11d50a3a".
             La ruta de acceso del archivo resuelta es "C:\Program Files\dotnet\packs\Microsoft.NETCore.App.Ref\8.0.14\ref\net8.0\Microsoft.CSharp.dll".
             Se encontr├│ una referencia en la ubicaci├│n de ruta de acceso de b├║squeda "{RawFileName}".
             Esta referencia no es "CopyLocal" porque existe al menos un elemento de origen con "Private" establecido en "false" y ning├║n elemento de origen con "Private" establecido en "true".
         Referencia principal "Microsoft.VisualBasic.Core, Version=13.0.0.0, Culture=neutral, PublicKeyToken=b03f5f7f11d50a3a".
             La ruta de acceso del archivo resuelta es "C:\Program Files\dotnet\packs\Microsoft.NETCore.App.Ref\8.0.14\ref\net8.0\Microsoft.VisualBasic.Core.dll".
             Se encontr├│ una referencia en la ubicaci├│n de ruta de acceso de b├║squeda "{RawFileName}".
             Esta referencia no es "CopyLocal" porque existe al menos un elemento de origen con "Private" establecido en "false" y ning├║n elemento de origen con "Private" establecido en "true".
         Referencia principal "Microsoft.VisualBasic, Version=10.0.0.0, Culture=neutral, PublicKeyToken=b03f5f7f11d50a3a".
             La ruta de acceso del archivo resuelta es "C:\Program Files\dotnet\packs\Microsoft.NETCore.App.Ref\8.0.14\ref\net8.0\Microsoft.VisualBasic.dll".
             Se encontr├│ una referencia en la ubicaci├│n de ruta de acceso de b├║squeda "{RawFileName}".
             Esta referencia no es "CopyLocal" porque existe al menos un elemento de origen con "Private" establecido en "false" y ning├║n elemento de origen con "Private" establecido en "true".
         Referencia principal "Microsoft.Win32.Primitives, Version=8.0.0.0, Culture=neutral, PublicKeyToken=b03f5f7f11d50a3a".
             La ruta de acceso del archivo resuelta es "C:\Program Files\dotnet\packs\Microsoft.NETCore.App.Ref\8.0.14\ref\net8.0\Microsoft.Win32.Primitives.dll".
             Se encontr├│ una referencia en la ubicaci├│n de ruta de acceso de b├║squeda "{RawFileName}".
             Esta referencia no es "CopyLocal" porque existe al menos un elemento de origen con "Private" establecido en "false" y ning├║n elemento de origen con "Private" establecido en "true".
         Referencia principal "Microsoft.Win32.Registry, Version=8.0.0.0, Culture=neutral, PublicKeyToken=b03f5f7f11d50a3a".
             La ruta de acceso del archivo resuelta es "C:\Program Files\dotnet\packs\Microsoft.NETCore.App.Ref\8.0.14\ref\net8.0\Microsoft.Win32.Registry.dll".
             Se encontr├│ una referencia en la ubicaci├│n de ruta de acceso de b├║squeda "{RawFileName}".
             Esta referencia no es "CopyLocal" porque existe al menos un elemento de origen con "Private" establecido en "false" y ning├║n elemento de origen con "Private" establecido en "true".
         Referencia principal "System.AppContext, Version=8.0.0.0, Culture=neutral, PublicKeyToken=b03f5f7f11d50a3a".
             La ruta de acceso del archivo resuelta es "C:\Program Files\dotnet\packs\Microsoft.NETCore.App.Ref\8.0.14\ref\net8.0\System.AppContext.dll".
             Se encontr├│ una referencia en la ubicaci├│n de ruta de acceso de b├║squeda "{RawFileName}".
             Esta referencia no es "CopyLocal" porque existe al menos un elemento de origen con "Private" establecido en "false" y ning├║n elemento de origen con "Private" establecido en "true".
         Referencia principal "System.Buffers, Version=8.0.0.0, Culture=neutral, PublicKeyToken=cc7b13ffcd2ddd51".
             La ruta de acceso del archivo resuelta es "C:\Program Files\dotnet\packs\Microsoft.NETCore.App.Ref\8.0.14\ref\net8.0\System.Buffers.dll".
             Se encontr├│ una referencia en la ubicaci├│n de ruta de acceso de b├║squeda "{RawFileName}".
             Esta referencia no es "CopyLocal" porque existe al menos un elemento de origen con "Private" establecido en "false" y ning├║n elemento de origen con "Private" establecido en "true".
         Referencia principal "System.Collections.Concurrent, Version=8.0.0.0, Culture=neutral, PublicKeyToken=b03f5f7f11d50a3a".
             La ruta de acceso del archivo resuelta es "C:\Program Files\dotnet\packs\Microsoft.NETCore.App.Ref\8.0.14\ref\net8.0\System.Collections.Concurrent.dll".
             Se encontr├│ una referencia en la ubicaci├│n de ruta de acceso de b├║squeda "{RawFileName}".
             Esta referencia no es "CopyLocal" porque existe al menos un elemento de origen con "Private" establecido en "false" y ning├║n elemento de origen con "Private" establecido en "true".
         Referencia principal "System.Collections.Immutable, Version=8.0.0.0, Culture=neutral, PublicKeyToken=b03f5f7f11d50a3a".
             La ruta de acceso del archivo resuelta es "C:\Program Files\dotnet\packs\Microsoft.NETCore.App.Ref\8.0.14\ref\net8.0\System.Collections.Immutable.dll".
             Se encontr├│ una referencia en la ubicaci├│n de ruta de acceso de b├║squeda "{RawFileName}".
             Esta referencia no es "CopyLocal" porque existe al menos un elemento de origen con "Private" establecido en "false" y ning├║n elemento de origen con "Private" establecido en "true".
         Referencia principal "System.Collections.NonGeneric, Version=8.0.0.0, Culture=neutral, PublicKeyToken=b03f5f7f11d50a3a".
             La ruta de acceso del archivo resuelta es "C:\Program Files\dotnet\packs\Microsoft.NETCore.App.Ref\8.0.14\ref\net8.0\System.Collections.NonGeneric.dll".
             Se encontr├│ una referencia en la ubicaci├│n de ruta de acceso de b├║squeda "{RawFileName}".
             Esta referencia no es "CopyLocal" porque existe al menos un elemento de origen con "Private" establecido en "false" y ning├║n elemento de origen con "Private" establecido en "true".
     0>Reasignaci├│n de propiedad: $(_FrameworkIdentifierForImplicitDefine)="NET" (valor anterior: "NETCOREAPP") en C:\Program Files\dotnet\sdk\9.0.201\Sdks\Microsoft.NET.Sdk\targets\Microsoft.NET.Sdk.BeforeCommon.targets (187,5)
  6:11>ResolveAssemblyReferences:
         Referencia principal "System.Collections.Specialized, Version=8.0.0.0, Culture=neutral, PublicKeyToken=b03f5f7f11d50a3a".
     0>Reasignaci├│n de propiedad: $(_FrameworkVersionForImplicitDefine)="8_0" (valor anterior: "8.0") en C:\Program Files\dotnet\sdk\9.0.201\Sdks\Microsoft.NET.Sdk\targets\Microsoft.NET.Sdk.BeforeCommon.targets (192,5)
  6:11>ResolveAssemblyReferences:
             La ruta de acceso del archivo resuelta es "C:\Program Files\dotnet\packs\Microsoft.NETCore.App.Ref\8.0.14\ref\net8.0\System.Collections.Specialized.dll".
             Se encontr├│ una referencia en la ubicaci├│n de ruta de acceso de b├║squeda "{RawFileName}".
             Esta referencia no es "CopyLocal" porque existe al menos un elemento de origen con "Private" establecido en "false" y ning├║n elemento de origen con "Private" establecido en "true".
         Referencia principal "System.Collections, Version=8.0.0.0, Culture=neutral, PublicKeyToken=b03f5f7f11d50a3a".
             La ruta de acceso del archivo resuelta es "C:\Program Files\dotnet\packs\Microsoft.NETCore.App.Ref\8.0.14\ref\net8.0\System.Collections.dll".
             Se encontr├│ una referencia en la ubicaci├│n de ruta de acceso de b├║squeda "{RawFileName}".
             Esta referencia no es "CopyLocal" porque existe al menos un elemento de origen con "Private" establecido en "false" y ning├║n elemento de origen con "Private" establecido en "true".
         Referencia principal "System.ComponentModel.Annotations, Version=8.0.0.0, Culture=neutral, PublicKeyToken=b03f5f7f11d50a3a".
             La ruta de acceso del archivo resuelta es "C:\Program Files\dotnet\packs\Microsoft.NETCore.App.Ref\8.0.14\ref\net8.0\System.ComponentModel.Annotations.dll".
             Se encontr├│ una referencia en la ubicaci├│n de ruta de acceso de b├║squeda "{RawFileName}".
             Esta referencia no es "CopyLocal" porque existe al menos un elemento de origen con "Private" establecido en "false" y ning├║n elemento de origen con "Private" establecido en "true".
         Referencia principal "System.ComponentModel.DataAnnotations, Version=4.0.0.0, Culture=neutral, PublicKeyToken=31bf3856ad364e35".
             La ruta de acceso del archivo resuelta es "C:\Program Files\dotnet\packs\Microsoft.NETCore.App.Ref\8.0.14\ref\net8.0\System.ComponentModel.DataAnnotations.dll".
             Se encontr├│ una referencia en la ubicaci├│n de ruta de acceso de b├║squeda "{RawFileName}".
             Esta referencia no es "CopyLocal" porque existe al menos un elemento de origen con "Private" establecido en "false" y ning├║n elemento de origen con "Private" establecido en "true".
         Referencia principal "System.ComponentModel.EventBasedAsync, Version=8.0.0.0, Culture=neutral, PublicKeyToken=b03f5f7f11d50a3a".
             La ruta de acceso del archivo resuelta es "C:\Program Files\dotnet\packs\Microsoft.NETCore.App.Ref\8.0.14\ref\net8.0\System.ComponentModel.EventBasedAsync.dll".
             Se encontr├│ una referencia en la ubicaci├│n de ruta de acceso de b├║squeda "{RawFileName}".
             Esta referencia no es "CopyLocal" porque existe al menos un elemento de origen con "Private" establecido en "false" y ning├║n elemento de origen con "Private" establecido en "true".
         Referencia principal "System.ComponentModel.Primitives, Version=8.0.0.0, Culture=neutral, PublicKeyToken=b03f5f7f11d50a3a".
             La ruta de acceso del archivo resuelta es "C:\Program Files\dotnet\packs\Microsoft.NETCore.App.Ref\8.0.14\ref\net8.0\System.ComponentModel.Primitives.dll".
             Se encontr├│ una referencia en la ubicaci├│n de ruta de acceso de b├║squeda "{RawFileName}".
             Esta referencia no es "CopyLocal" porque existe al menos un elemento de origen con "Private" establecido en "false" y ning├║n elemento de origen con "Private" establecido en "true".
         Referencia principal "System.ComponentModel.TypeConverter, Version=8.0.0.0, Culture=neutral, PublicKeyToken=b03f5f7f11d50a3a".
             La ruta de acceso del archivo resuelta es "C:\Program Files\dotnet\packs\Microsoft.NETCore.App.Ref\8.0.14\ref\net8.0\System.ComponentModel.TypeConverter.dll".
             Se encontr├│ una referencia en la ubicaci├│n de ruta de acceso de b├║squeda "{RawFileName}".
             Esta referencia no es "CopyLocal" porque existe al menos un elemento de origen con "Private" establecido en "false" y ning├║n elemento de origen con "Private" establecido en "true".
         Referencia principal "System.ComponentModel, Version=8.0.0.0, Culture=neutral, PublicKeyToken=b03f5f7f11d50a3a".
             La ruta de acceso del archivo resuelta es "C:\Program Files\dotnet\packs\Microsoft.NETCore.App.Ref\8.0.14\ref\net8.0\System.ComponentModel.dll".
             Se encontr├│ una referencia en la ubicaci├│n de ruta de acceso de b├║squeda "{RawFileName}".
             Esta referencia no es "CopyLocal" porque existe al menos un elemento de origen con "Private" establecido en "false" y ning├║n elemento de origen con "Private" establecido en "true".
         Referencia principal "System.Configuration, Version=4.0.0.0, Culture=neutral, PublicKeyToken=b03f5f7f11d50a3a".
             La ruta de acceso del archivo resuelta es "C:\Program Files\dotnet\packs\Microsoft.NETCore.App.Ref\8.0.14\ref\net8.0\System.Configuration.dll".
             Se encontr├│ una referencia en la ubicaci├│n de ruta de acceso de b├║squeda "{RawFileName}".
             Esta referencia no es "CopyLocal" porque existe al menos un elemento de origen con "Private" establecido en "false" y ning├║n elemento de origen con "Private" establecido en "true".
         Referencia principal "System.Console, Version=8.0.0.0, Culture=neutral, PublicKeyToken=b03f5f7f11d50a3a".
             La ruta de acceso del archivo resuelta es "C:\Program Files\dotnet\packs\Microsoft.NETCore.App.Ref\8.0.14\ref\net8.0\System.Console.dll".
             Se encontr├│ una referencia en la ubicaci├│n de ruta de acceso de b├║squeda "{RawFileName}".
             Esta referencia no es "CopyLocal" porque existe al menos un elemento de origen con "Private" establecido en "false" y ning├║n elemento de origen con "Private" establecido en "true".
         Referencia principal "System.Core, Version=4.0.0.0, Culture=neutral, PublicKeyToken=b77a5c561934e089".
             La ruta de acceso del archivo resuelta es "C:\Program Files\dotnet\packs\Microsoft.NETCore.App.Ref\8.0.14\ref\net8.0\System.Core.dll".
             Se encontr├│ una referencia en la ubicaci├│n de ruta de acceso de b├║squeda "{RawFileName}".
             Esta referencia no es "CopyLocal" porque existe al menos un elemento de origen con "Private" establecido en "false" y ning├║n elemento de origen con "Private" establecido en "true".
         Referencia principal "System.Data.Common, Version=8.0.0.0, Culture=neutral, PublicKeyToken=b03f5f7f11d50a3a".
             La ruta de acceso del archivo resuelta es "C:\Program Files\dotnet\packs\Microsoft.NETCore.App.Ref\8.0.14\ref\net8.0\System.Data.Common.dll".
             Se encontr├│ una referencia en la ubicaci├│n de ruta de acceso de b├║squeda "{RawFileName}".
             Esta referencia no es "CopyLocal" porque existe al menos un elemento de origen con "Private" establecido en "false" y ning├║n elemento de origen con "Private" establecido en "true".
         Referencia principal "System.Data.DataSetExtensions, Version=8.0.0.0, Culture=neutral, PublicKeyToken=b77a5c561934e089".
             La ruta de acceso del archivo resuelta es "C:\Program Files\dotnet\packs\Microsoft.NETCore.App.Ref\8.0.14\ref\net8.0\System.Data.DataSetExtensions.dll".
             Se encontr├│ una referencia en la ubicaci├│n de ruta de acceso de b├║squeda "{RawFileName}".
             Esta referencia no es "CopyLocal" porque existe al menos un elemento de origen con "Private" establecido en "false" y ning├║n elemento de origen con "Private" establecido en "true".
         Referencia principal "System.Data, Version=4.0.0.0, Culture=neutral, PublicKeyToken=b77a5c561934e089".
             La ruta de acceso del archivo resuelta es "C:\Program Files\dotnet\packs\Microsoft.NETCore.App.Ref\8.0.14\ref\net8.0\System.Data.dll".
             Se encontr├│ una referencia en la ubicaci├│n de ruta de acceso de b├║squeda "{RawFileName}".
             Esta referencia no es "CopyLocal" porque existe al menos un elemento de origen con "Private" establecido en "false" y ning├║n elemento de origen con "Private" establecido en "true".
         Referencia principal "System.Diagnostics.Contracts, Version=8.0.0.0, Culture=neutral, PublicKeyToken=b03f5f7f11d50a3a".
             La ruta de acceso del archivo resuelta es "C:\Program Files\dotnet\packs\Microsoft.NETCore.App.Ref\8.0.14\ref\net8.0\System.Diagnostics.Contracts.dll".
             Se encontr├│ una referencia en la ubicaci├│n de ruta de acceso de b├║squeda "{RawFileName}".
             Esta referencia no es "CopyLocal" porque existe al menos un elemento de origen con "Private" establecido en "false" y ning├║n elemento de origen con "Private" establecido en "true".
         Referencia principal "System.Diagnostics.Debug, Version=8.0.0.0, Culture=neutral, PublicKeyToken=b03f5f7f11d50a3a".
             La ruta de acceso del archivo resuelta es "C:\Program Files\dotnet\packs\Microsoft.NETCore.App.Ref\8.0.14\ref\net8.0\System.Diagnostics.Debug.dll".
             Se encontr├│ una referencia en la ubicaci├│n de ruta de acceso de b├║squeda "{RawFileName}".
             Esta referencia no es "CopyLocal" porque existe al menos un elemento de origen con "Private" establecido en "false" y ning├║n elemento de origen con "Private" establecido en "true".
         Referencia principal "System.Diagnostics.DiagnosticSource, Version=8.0.0.0, Culture=neutral, PublicKeyToken=cc7b13ffcd2ddd51".
             La ruta de acceso del archivo resuelta es "C:\Program Files\dotnet\packs\Microsoft.NETCore.App.Ref\8.0.14\ref\net8.0\System.Diagnostics.DiagnosticSource.dll".
             Se encontr├│ una referencia en la ubicaci├│n de ruta de acceso de b├║squeda "{RawFileName}".
             Esta referencia no es "CopyLocal" porque existe al menos un elemento de origen con "Private" establecido en "false" y ning├║n elemento de origen con "Private" establecido en "true".
         Referencia principal "System.Diagnostics.FileVersionInfo, Version=8.0.0.0, Culture=neutral, PublicKeyToken=b03f5f7f11d50a3a".
             La ruta de acceso del archivo resuelta es "C:\Program Files\dotnet\packs\Microsoft.NETCore.App.Ref\8.0.14\ref\net8.0\System.Diagnostics.FileVersionInfo.dll".
             Se encontr├│ una referencia en la ubicaci├│n de ruta de acceso de b├║squeda "{RawFileName}".
             Esta referencia no es "CopyLocal" porque existe al menos un elemento de origen con "Private" establecido en "false" y ning├║n elemento de origen con "Private" establecido en "true".
         Referencia principal "System.Diagnostics.Process, Version=8.0.0.0, Culture=neutral, PublicKeyToken=b03f5f7f11d50a3a".
             La ruta de acceso del archivo resuelta es "C:\Program Files\dotnet\packs\Microsoft.NETCore.App.Ref\8.0.14\ref\net8.0\System.Diagnostics.Process.dll".
             Se encontr├│ una referencia en la ubicaci├│n de ruta de acceso de b├║squeda "{RawFileName}".
             Esta referencia no es "CopyLocal" porque existe al menos un elemento de origen con "Private" establecido en "false" y ning├║n elemento de origen con "Private" establecido en "true".
         Referencia principal "System.Diagnostics.StackTrace, Version=8.0.0.0, Culture=neutral, PublicKeyToken=b03f5f7f11d50a3a".
             La ruta de acceso del archivo resuelta es "C:\Program Files\dotnet\packs\Microsoft.NETCore.App.Ref\8.0.14\ref\net8.0\System.Diagnostics.StackTrace.dll".
             Se encontr├│ una referencia en la ubicaci├│n de ruta de acceso de b├║squeda "{RawFileName}".
             Esta referencia no es "CopyLocal" porque existe al menos un elemento de origen con "Private" establecido en "false" y ning├║n elemento de origen con "Private" establecido en "true".
         Referencia principal "System.Diagnostics.TextWriterTraceListener, Version=8.0.0.0, Culture=neutral, PublicKeyToken=b03f5f7f11d50a3a".
             La ruta de acceso del archivo resuelta es "C:\Program Files\dotnet\packs\Microsoft.NETCore.App.Ref\8.0.14\ref\net8.0\System.Diagnostics.TextWriterTraceListener.dll".
             Se encontr├│ una referencia en la ubicaci├│n de ruta de acceso de b├║squeda "{RawFileName}".
             Esta referencia no es "CopyLocal" porque existe al menos un elemento de origen con "Private" establecido en "false" y ning├║n elemento de origen con "Private" establecido en "true".
         Referencia principal "System.Diagnostics.Tools, Version=8.0.0.0, Culture=neutral, PublicKeyToken=b03f5f7f11d50a3a".
             La ruta de acceso del archivo resuelta es "C:\Program Files\dotnet\packs\Microsoft.NETCore.App.Ref\8.0.14\ref\net8.0\System.Diagnostics.Tools.dll".
             Se encontr├│ una referencia en la ubicaci├│n de ruta de acceso de b├║squeda "{RawFileName}".
     0>Reasignaci├│n de propiedad: $(CommandLineArgsForDesignTimeEvaluation)="-langversion:12.0 -define:TRACE" (valor anterior: "-langversion:12.0") en C:\Program Files\dotnet\sdk\9.0.201\Roslyn\Microsoft.CSharp.Core.targets (200,5)
  6:11>ResolveAssemblyReferences:
             Esta referencia no es "CopyLocal" porque existe al menos un elemento de origen con "Private" establecido en "false" y ning├║n elemento de origen con "Private" establecido en "true".
         Referencia principal "System.Diagnostics.TraceSource, Version=8.0.0.0, Culture=neutral, PublicKeyToken=b03f5f7f11d50a3a".
             La ruta de acceso del archivo resuelta es "C:\Program Files\dotnet\packs\Microsoft.NETCore.App.Ref\8.0.14\ref\net8.0\System.Diagnostics.TraceSource.dll".
             Se encontr├│ una referencia en la ubicaci├│n de ruta de acceso de b├║squeda "{RawFileName}".
             Esta referencia no es "CopyLocal" porque existe al menos un elemento de origen con "Private" establecido en "false" y ning├║n elemento de origen con "Private" establecido en "true".
         Referencia principal "System.Diagnostics.Tracing, Version=8.0.0.0, Culture=neutral, PublicKeyToken=b03f5f7f11d50a3a".
             La ruta de acceso del archivo resuelta es "C:\Program Files\dotnet\packs\Microsoft.NETCore.App.Ref\8.0.14\ref\net8.0\System.Diagnostics.Tracing.dll".
             Se encontr├│ una referencia en la ubicaci├│n de ruta de acceso de b├║squeda "{RawFileName}".
             Esta referencia no es "CopyLocal" porque existe al menos un elemento de origen con "Private" establecido en "false" y ning├║n elemento de origen con "Private" establecido en "true".
         Referencia principal "System.Drawing.Primitives, Version=8.0.0.0, Culture=neutral, PublicKeyToken=b03f5f7f11d50a3a".
             La ruta de acceso del archivo resuelta es "C:\Program Files\dotnet\packs\Microsoft.NETCore.App.Ref\8.0.14\ref\net8.0\System.Drawing.Primitives.dll".
             Se encontr├│ una referencia en la ubicaci├│n de ruta de acceso de b├║squeda "{RawFileName}".
             Esta referencia no es "CopyLocal" porque existe al menos un elemento de origen con "Private" establecido en "false" y ning├║n elemento de origen con "Private" establecido en "true".
         Referencia principal "System.Drawing, Version=4.0.0.0, Culture=neutral, PublicKeyToken=b03f5f7f11d50a3a".
             La ruta de acceso del archivo resuelta es "C:\Program Files\dotnet\packs\Microsoft.NETCore.App.Ref\8.0.14\ref\net8.0\System.Drawing.dll".
             Se encontr├│ una referencia en la ubicaci├│n de ruta de acceso de b├║squeda "{RawFileName}".
             Esta referencia no es "CopyLocal" porque existe al menos un elemento de origen con "Private" establecido en "false" y ning├║n elemento de origen con "Private" establecido en "true".
         Referencia principal "System.Dynamic.Runtime, Version=8.0.0.0, Culture=neutral, PublicKeyToken=b03f5f7f11d50a3a".
             La ruta de acceso del archivo resuelta es "C:\Program Files\dotnet\packs\Microsoft.NETCore.App.Ref\8.0.14\ref\net8.0\System.Dynamic.Runtime.dll".
             Se encontr├│ una referencia en la ubicaci├│n de ruta de acceso de b├║squeda "{RawFileName}".
             Esta referencia no es "CopyLocal" porque existe al menos un elemento de origen con "Private" establecido en "false" y ning├║n elemento de origen con "Private" establecido en "true".
         Referencia principal "System.Formats.Asn1, Version=8.0.0.0, Culture=neutral, PublicKeyToken=cc7b13ffcd2ddd51".
             La ruta de acceso del archivo resuelta es "C:\Program Files\dotnet\packs\Microsoft.NETCore.App.Ref\8.0.14\ref\net8.0\System.Formats.Asn1.dll".
             Se encontr├│ una referencia en la ubicaci├│n de ruta de acceso de b├║squeda "{RawFileName}".
             Esta referencia no es "CopyLocal" porque existe al menos un elemento de origen con "Private" establecido en "false" y ning├║n elemento de origen con "Private" establecido en "true".
         Referencia principal "System.Formats.Tar, Version=8.0.0.0, Culture=neutral, PublicKeyToken=cc7b13ffcd2ddd51".
             La ruta de acceso del archivo resuelta es "C:\Program Files\dotnet\packs\Microsoft.NETCore.App.Ref\8.0.14\ref\net8.0\System.Formats.Tar.dll".
             Se encontr├│ una referencia en la ubicaci├│n de ruta de acceso de b├║squeda "{RawFileName}".
             Esta referencia no es "CopyLocal" porque existe al menos un elemento de origen con "Private" establecido en "false" y ning├║n elemento de origen con "Private" establecido en "true".
         Referencia principal "System.Globalization.Calendars, Version=8.0.0.0, Culture=neutral, PublicKeyToken=b03f5f7f11d50a3a".
             La ruta de acceso del archivo resuelta es "C:\Program Files\dotnet\packs\Microsoft.NETCore.App.Ref\8.0.14\ref\net8.0\System.Globalization.Calendars.dll".
             Se encontr├│ una referencia en la ubicaci├│n de ruta de acceso de b├║squeda "{RawFileName}".
             Esta referencia no es "CopyLocal" porque existe al menos un elemento de origen con "Private" establecido en "false" y ning├║n elemento de origen con "Private" establecido en "true".
         Referencia principal "System.Globalization.Extensions, Version=8.0.0.0, Culture=neutral, PublicKeyToken=b03f5f7f11d50a3a".
             La ruta de acceso del archivo resuelta es "C:\Program Files\dotnet\packs\Microsoft.NETCore.App.Ref\8.0.14\ref\net8.0\System.Globalization.Extensions.dll".
             Se encontr├│ una referencia en la ubicaci├│n de ruta de acceso de b├║squeda "{RawFileName}".
             Esta referencia no es "CopyLocal" porque existe al menos un elemento de origen con "Private" establecido en "false" y ning├║n elemento de origen con "Private" establecido en "true".
         Referencia principal "System.Globalization, Version=8.0.0.0, Culture=neutral, PublicKeyToken=b03f5f7f11d50a3a".
             La ruta de acceso del archivo resuelta es "C:\Program Files\dotnet\packs\Microsoft.NETCore.App.Ref\8.0.14\ref\net8.0\System.Globalization.dll".
             Se encontr├│ una referencia en la ubicaci├│n de ruta de acceso de b├║squeda "{RawFileName}".
             Esta referencia no es "CopyLocal" porque existe al menos un elemento de origen con "Private" establecido en "false" y ning├║n elemento de origen con "Private" establecido en "true".
         Referencia principal "System.IO.Compression.Brotli, Version=8.0.0.0, Culture=neutral, PublicKeyToken=b77a5c561934e089".
             La ruta de acceso del archivo resuelta es "C:\Program Files\dotnet\packs\Microsoft.NETCore.App.Ref\8.0.14\ref\net8.0\System.IO.Compression.Brotli.dll".
             Se encontr├│ una referencia en la ubicaci├│n de ruta de acceso de b├║squeda "{RawFileName}".
             Esta referencia no es "CopyLocal" porque existe al menos un elemento de origen con "Private" establecido en "false" y ning├║n elemento de origen con "Private" establecido en "true".
         Referencia principal "System.IO.Compression.FileSystem, Version=4.0.0.0, Culture=neutral, PublicKeyToken=b77a5c561934e089".
             La ruta de acceso del archivo resuelta es "C:\Program Files\dotnet\packs\Microsoft.NETCore.App.Ref\8.0.14\ref\net8.0\System.IO.Compression.FileSystem.dll".
             Se encontr├│ una referencia en la ubicaci├│n de ruta de acceso de b├║squeda "{RawFileName}".
             Esta referencia no es "CopyLocal" porque existe al menos un elemento de origen con "Private" establecido en "false" y ning├║n elemento de origen con "Private" establecido en "true".
         Referencia principal "System.IO.Compression.ZipFile, Version=8.0.0.0, Culture=neutral, PublicKeyToken=b77a5c561934e089".
             La ruta de acceso del archivo resuelta es "C:\Program Files\dotnet\packs\Microsoft.NETCore.App.Ref\8.0.14\ref\net8.0\System.IO.Compression.ZipFile.dll".
             Se encontr├│ una referencia en la ubicaci├│n de ruta de acceso de b├║squeda "{RawFileName}".
             Esta referencia no es "CopyLocal" porque existe al menos un elemento de origen con "Private" establecido en "false" y ning├║n elemento de origen con "Private" establecido en "true".
         Referencia principal "System.IO.Compression, Version=8.0.0.0, Culture=neutral, PublicKeyToken=b77a5c561934e089".
             La ruta de acceso del archivo resuelta es "C:\Program Files\dotnet\packs\Microsoft.NETCore.App.Ref\8.0.14\ref\net8.0\System.IO.Compression.dll".
             Se encontr├│ una referencia en la ubicaci├│n de ruta de acceso de b├║squeda "{RawFileName}".
             Esta referencia no es "CopyLocal" porque existe al menos un elemento de origen con "Private" establecido en "false" y ning├║n elemento de origen con "Private" establecido en "true".
         Referencia principal "System.IO.FileSystem.AccessControl, Version=8.0.0.0, Culture=neutral, PublicKeyToken=b03f5f7f11d50a3a".
             La ruta de acceso del archivo resuelta es "C:\Program Files\dotnet\packs\Microsoft.NETCore.App.Ref\8.0.14\ref\net8.0\System.IO.FileSystem.AccessControl.dll".
             Se encontr├│ una referencia en la ubicaci├│n de ruta de acceso de b├║squeda "{RawFileName}".
             Esta referencia no es "CopyLocal" porque existe al menos un elemento de origen con "Private" establecido en "false" y ning├║n elemento de origen con "Private" establecido en "true".
         Referencia principal "System.IO.FileSystem.DriveInfo, Version=8.0.0.0, Culture=neutral, PublicKeyToken=b03f5f7f11d50a3a".
             La ruta de acceso del archivo resuelta es "C:\Program Files\dotnet\packs\Microsoft.NETCore.App.Ref\8.0.14\ref\net8.0\System.IO.FileSystem.DriveInfo.dll".
             Se encontr├│ una referencia en la ubicaci├│n de ruta de acceso de b├║squeda "{RawFileName}".
             Esta referencia no es "CopyLocal" porque existe al menos un elemento de origen con "Private" establecido en "false" y ning├║n elemento de origen con "Private" establecido en "true".
         Referencia principal "System.IO.FileSystem.Primitives, Version=8.0.0.0, Culture=neutral, PublicKeyToken=b03f5f7f11d50a3a".
             La ruta de acceso del archivo resuelta es "C:\Program Files\dotnet\packs\Microsoft.NETCore.App.Ref\8.0.14\ref\net8.0\System.IO.FileSystem.Primitives.dll".
             Se encontr├│ una referencia en la ubicaci├│n de ruta de acceso de b├║squeda "{RawFileName}".
             Esta referencia no es "CopyLocal" porque existe al menos un elemento de origen con "Private" establecido en "false" y ning├║n elemento de origen con "Private" establecido en "true".
         Referencia principal "System.IO.FileSystem.Watcher, Version=8.0.0.0, Culture=neutral, PublicKeyToken=b03f5f7f11d50a3a".
             La ruta de acceso del archivo resuelta es "C:\Program Files\dotnet\packs\Microsoft.NETCore.App.Ref\8.0.14\ref\net8.0\System.IO.FileSystem.Watcher.dll".
             Se encontr├│ una referencia en la ubicaci├│n de ruta de acceso de b├║squeda "{RawFileName}".
             Esta referencia no es "CopyLocal" porque existe al menos un elemento de origen con "Private" establecido en "false" y ning├║n elemento de origen con "Private" establecido en "true".
         Referencia principal "System.IO.FileSystem, Version=8.0.0.0, Culture=neutral, PublicKeyToken=b03f5f7f11d50a3a".
             La ruta de acceso del archivo resuelta es "C:\Program Files\dotnet\packs\Microsoft.NETCore.App.Ref\8.0.14\ref\net8.0\System.IO.FileSystem.dll".
             Se encontr├│ una referencia en la ubicaci├│n de ruta de acceso de b├║squeda "{RawFileName}".
             Esta referencia no es "CopyLocal" porque existe al menos un elemento de origen con "Private" establecido en "false" y ning├║n elemento de origen con "Private" establecido en "true".
         Referencia principal "System.IO.IsolatedStorage, Version=8.0.0.0, Culture=neutral, PublicKeyToken=b03f5f7f11d50a3a".
             La ruta de acceso del archivo resuelta es "C:\Program Files\dotnet\packs\Microsoft.NETCore.App.Ref\8.0.14\ref\net8.0\System.IO.IsolatedStorage.dll".
             Se encontr├│ una referencia en la ubicaci├│n de ruta de acceso de b├║squeda "{RawFileName}".
             Esta referencia no es "CopyLocal" porque existe al menos un elemento de origen con "Private" establecido en "false" y ning├║n elemento de origen con "Private" establecido en "true".
         Referencia principal "System.IO.MemoryMappedFiles, Version=8.0.0.0, Culture=neutral, PublicKeyToken=b03f5f7f11d50a3a".
             La ruta de acceso del archivo resuelta es "C:\Program Files\dotnet\packs\Microsoft.NETCore.App.Ref\8.0.14\ref\net8.0\System.IO.MemoryMappedFiles.dll".
             Se encontr├│ una referencia en la ubicaci├│n de ruta de acceso de b├║squeda "{RawFileName}".
             Esta referencia no es "CopyLocal" porque existe al menos un elemento de origen con "Private" establecido en "false" y ning├║n elemento de origen con "Private" establecido en "true".
         Referencia principal "System.IO.Pipes.AccessControl, Version=8.0.0.0, Culture=neutral, PublicKeyToken=b03f5f7f11d50a3a".
             La ruta de acceso del archivo resuelta es "C:\Program Files\dotnet\packs\Microsoft.NETCore.App.Ref\8.0.14\ref\net8.0\System.IO.Pipes.AccessControl.dll".
             Se encontr├│ una referencia en la ubicaci├│n de ruta de acceso de b├║squeda "{RawFileName}".
             Esta referencia no es "CopyLocal" porque existe al menos un elemento de origen con "Private" establecido en "false" y ning├║n elemento de origen con "Private" establecido en "true".
         Referencia principal "System.IO.Pipes, Version=8.0.0.0, Culture=neutral, PublicKeyToken=b03f5f7f11d50a3a".
             La ruta de acceso del archivo resuelta es "C:\Program Files\dotnet\packs\Microsoft.NETCore.App.Ref\8.0.14\ref\net8.0\System.IO.Pipes.dll".
             Se encontr├│ una referencia en la ubicaci├│n de ruta de acceso de b├║squeda "{RawFileName}".
             Esta referencia no es "CopyLocal" porque existe al menos un elemento de origen con "Private" establecido en "false" y ning├║n elemento de origen con "Private" establecido en "true".
         Referencia principal "System.IO.UnmanagedMemoryStream, Version=8.0.0.0, Culture=neutral, PublicKeyToken=b03f5f7f11d50a3a".
             La ruta de acceso del archivo resuelta es "C:\Program Files\dotnet\packs\Microsoft.NETCore.App.Ref\8.0.14\ref\net8.0\System.IO.UnmanagedMemoryStream.dll".
             Se encontr├│ una referencia en la ubicaci├│n de ruta de acceso de b├║squeda "{RawFileName}".
             Esta referencia no es "CopyLocal" porque existe al menos un elemento de origen con "Private" establecido en "false" y ning├║n elemento de origen con "Private" establecido en "true".
         Referencia principal "System.IO, Version=8.0.0.0, Culture=neutral, PublicKeyToken=b03f5f7f11d50a3a".
             La ruta de acceso del archivo resuelta es "C:\Program Files\dotnet\packs\Microsoft.NETCore.App.Ref\8.0.14\ref\net8.0\System.IO.dll".
             Se encontr├│ una referencia en la ubicaci├│n de ruta de acceso de b├║squeda "{RawFileName}".
             Esta referencia no es "CopyLocal" porque existe al menos un elemento de origen con "Private" establecido en "false" y ning├║n elemento de origen con "Private" establecido en "true".
         Referencia principal "System.Linq.Expressions, Version=8.0.0.0, Culture=neutral, PublicKeyToken=b03f5f7f11d50a3a".
             La ruta de acceso del archivo resuelta es "C:\Program Files\dotnet\packs\Microsoft.NETCore.App.Ref\8.0.14\ref\net8.0\System.Linq.Expressions.dll".
             Se encontr├│ una referencia en la ubicaci├│n de ruta de acceso de b├║squeda "{RawFileName}".
             Esta referencia no es "CopyLocal" porque existe al menos un elemento de origen con "Private" establecido en "false" y ning├║n elemento de origen con "Private" establecido en "true".
         Referencia principal "System.Linq.Parallel, Version=8.0.0.0, Culture=neutral, PublicKeyToken=b03f5f7f11d50a3a".
             La ruta de acceso del archivo resuelta es "C:\Program Files\dotnet\packs\Microsoft.NETCore.App.Ref\8.0.14\ref\net8.0\System.Linq.Parallel.dll".
             Se encontr├│ una referencia en la ubicaci├│n de ruta de acceso de b├║squeda "{RawFileName}".
             Esta referencia no es "CopyLocal" porque existe al menos un elemento de origen con "Private" establecido en "false" y ning├║n elemento de origen con "Private" establecido en "true".
         Referencia principal "System.Linq.Queryable, Version=8.0.0.0, Culture=neutral, PublicKeyToken=b03f5f7f11d50a3a".
             La ruta de acceso del archivo resuelta es "C:\Program Files\dotnet\packs\Microsoft.NETCore.App.Ref\8.0.14\ref\net8.0\System.Linq.Queryable.dll".
             Se encontr├│ una referencia en la ubicaci├│n de ruta de acceso de b├║squeda "{RawFileName}".
             Esta referencia no es "CopyLocal" porque existe al menos un elemento de origen con "Private" establecido en "false" y ning├║n elemento de origen con "Private" establecido en "true".
         Referencia principal "System.Linq, Version=8.0.0.0, Culture=neutral, PublicKeyToken=b03f5f7f11d50a3a".
             La ruta de acceso del archivo resuelta es "C:\Program Files\dotnet\packs\Microsoft.NETCore.App.Ref\8.0.14\ref\net8.0\System.Linq.dll".
             Se encontr├│ una referencia en la ubicaci├│n de ruta de acceso de b├║squeda "{RawFileName}".
             Esta referencia no es "CopyLocal" porque existe al menos un elemento de origen con "Private" establecido en "false" y ning├║n elemento de origen con "Private" establecido en "true".
         Referencia principal "System.Memory, Version=8.0.0.0, Culture=neutral, PublicKeyToken=cc7b13ffcd2ddd51".
             La ruta de acceso del archivo resuelta es "C:\Program Files\dotnet\packs\Microsoft.NETCore.App.Ref\8.0.14\ref\net8.0\System.Memory.dll".
             Se encontr├│ una referencia en la ubicaci├│n de ruta de acceso de b├║squeda "{RawFileName}".
             Esta referencia no es "CopyLocal" porque existe al menos un elemento de origen con "Private" establecido en "false" y ning├║n elemento de origen con "Private" establecido en "true".
         Referencia principal "System.Net.Http.Json, Version=8.0.0.0, Culture=neutral, PublicKeyToken=cc7b13ffcd2ddd51".
             La ruta de acceso del archivo resuelta es "C:\Program Files\dotnet\packs\Microsoft.NETCore.App.Ref\8.0.14\ref\net8.0\System.Net.Http.Json.dll".
             Se encontr├│ una referencia en la ubicaci├│n de ruta de acceso de b├║squeda "{RawFileName}".
             Esta referencia no es "CopyLocal" porque existe al menos un elemento de origen con "Private" establecido en "false" y ning├║n elemento de origen con "Private" establecido en "true".
         Referencia principal "System.Net.Http, Version=8.0.0.0, Culture=neutral, PublicKeyToken=b03f5f7f11d50a3a".
             La ruta de acceso del archivo resuelta es "C:\Program Files\dotnet\packs\Microsoft.NETCore.App.Ref\8.0.14\ref\net8.0\System.Net.Http.dll".
             Se encontr├│ una referencia en la ubicaci├│n de ruta de acceso de b├║squeda "{RawFileName}".
             Esta referencia no es "CopyLocal" porque existe al menos un elemento de origen con "Private" establecido en "false" y ning├║n elemento de origen con "Private" establecido en "true".
         Referencia principal "System.Net.HttpListener, Version=8.0.0.0, Culture=neutral, PublicKeyToken=cc7b13ffcd2ddd51".
             La ruta de acceso del archivo resuelta es "C:\Program Files\dotnet\packs\Microsoft.NETCore.App.Ref\8.0.14\ref\net8.0\System.Net.HttpListener.dll".
             Se encontr├│ una referencia en la ubicaci├│n de ruta de acceso de b├║squeda "{RawFileName}".
             Esta referencia no es "CopyLocal" porque existe al menos un elemento de origen con "Private" establecido en "false" y ning├║n elemento de origen con "Private" establecido en "true".
         Referencia principal "System.Net.Mail, Version=8.0.0.0, Culture=neutral, PublicKeyToken=cc7b13ffcd2ddd51".
             La ruta de acceso del archivo resuelta es "C:\Program Files\dotnet\packs\Microsoft.NETCore.App.Ref\8.0.14\ref\net8.0\System.Net.Mail.dll".
             Se encontr├│ una referencia en la ubicaci├│n de ruta de acceso de b├║squeda "{RawFileName}".
             Esta referencia no es "CopyLocal" porque existe al menos un elemento de origen con "Private" establecido en "false" y ning├║n elemento de origen con "Private" establecido en "true".
         Referencia principal "System.Net.NameResolution, Version=8.0.0.0, Culture=neutral, PublicKeyToken=b03f5f7f11d50a3a".
             La ruta de acceso del archivo resuelta es "C:\Program Files\dotnet\packs\Microsoft.NETCore.App.Ref\8.0.14\ref\net8.0\System.Net.NameResolution.dll".
             Se encontr├│ una referencia en la ubicaci├│n de ruta de acceso de b├║squeda "{RawFileName}".
             Esta referencia no es "CopyLocal" porque existe al menos un elemento de origen con "Private" establecido en "false" y ning├║n elemento de origen con "Private" establecido en "true".
         Referencia principal "System.Net.NetworkInformation, Version=8.0.0.0, Culture=neutral, PublicKeyToken=b03f5f7f11d50a3a".
             La ruta de acceso del archivo resuelta es "C:\Program Files\dotnet\packs\Microsoft.NETCore.App.Ref\8.0.14\ref\net8.0\System.Net.NetworkInformation.dll".
             Se encontr├│ una referencia en la ubicaci├│n de ruta de acceso de b├║squeda "{RawFileName}".
             Esta referencia no es "CopyLocal" porque existe al menos un elemento de origen con "Private" establecido en "false" y ning├║n elemento de origen con "Private" establecido en "true".
         Referencia principal "System.Net.Ping, Version=8.0.0.0, Culture=neutral, PublicKeyToken=b03f5f7f11d50a3a".
             La ruta de acceso del archivo resuelta es "C:\Program Files\dotnet\packs\Microsoft.NETCore.App.Ref\8.0.14\ref\net8.0\System.Net.Ping.dll".
             Se encontr├│ una referencia en la ubicaci├│n de ruta de acceso de b├║squeda "{RawFileName}".
             Esta referencia no es "CopyLocal" porque existe al menos un elemento de origen con "Private" establecido en "false" y ning├║n elemento de origen con "Private" establecido en "true".
         Referencia principal "System.Net.Primitives, Version=8.0.0.0, Culture=neutral, PublicKeyToken=b03f5f7f11d50a3a".
             La ruta de acceso del archivo resuelta es "C:\Program Files\dotnet\packs\Microsoft.NETCore.App.Ref\8.0.14\ref\net8.0\System.Net.Primitives.dll".
             Se encontr├│ una referencia en la ubicaci├│n de ruta de acceso de b├║squeda "{RawFileName}".
             Esta referencia no es "CopyLocal" porque existe al menos un elemento de origen con "Private" establecido en "false" y ning├║n elemento de origen con "Private" establecido en "true".
         Referencia principal "System.Net.Quic, Version=8.0.0.0, Culture=neutral, PublicKeyToken=b03f5f7f11d50a3a".
             La ruta de acceso del archivo resuelta es "C:\Program Files\dotnet\packs\Microsoft.NETCore.App.Ref\8.0.14\ref\net8.0\System.Net.Quic.dll".
             Se encontr├│ una referencia en la ubicaci├│n de ruta de acceso de b├║squeda "{RawFileName}".
             Esta referencia no es "CopyLocal" porque existe al menos un elemento de origen con "Private" establecido en "false" y ning├║n elemento de origen con "Private" establecido en "true".
         Referencia principal "System.Net.Requests, Version=8.0.0.0, Culture=neutral, PublicKeyToken=b03f5f7f11d50a3a".
             La ruta de acceso del archivo resuelta es "C:\Program Files\dotnet\packs\Microsoft.NETCore.App.Ref\8.0.14\ref\net8.0\System.Net.Requests.dll".
             Se encontr├│ una referencia en la ubicaci├│n de ruta de acceso de b├║squeda "{RawFileName}".
             Esta referencia no es "CopyLocal" porque existe al menos un elemento de origen con "Private" establecido en "false" y ning├║n elemento de origen con "Private" establecido en "true".
         Referencia principal "System.Net.Security, Version=8.0.0.0, Culture=neutral, PublicKeyToken=b03f5f7f11d50a3a".
             La ruta de acceso del archivo resuelta es "C:\Program Files\dotnet\packs\Microsoft.NETCore.App.Ref\8.0.14\ref\net8.0\System.Net.Security.dll".
             Se encontr├│ una referencia en la ubicaci├│n de ruta de acceso de b├║squeda "{RawFileName}".
             Esta referencia no es "CopyLocal" porque existe al menos un elemento de origen con "Private" establecido en "false" y ning├║n elemento de origen con "Private" establecido en "true".
         Referencia principal "System.Net.ServicePoint, Version=8.0.0.0, Culture=neutral, PublicKeyToken=cc7b13ffcd2ddd51".
             La ruta de acceso del archivo resuelta es "C:\Program Files\dotnet\packs\Microsoft.NETCore.App.Ref\8.0.14\ref\net8.0\System.Net.ServicePoint.dll".
             Se encontr├│ una referencia en la ubicaci├│n de ruta de acceso de b├║squeda "{RawFileName}".
             Esta referencia no es "CopyLocal" porque existe al menos un elemento de origen con "Private" establecido en "false" y ning├║n elemento de origen con "Private" establecido en "true".
         Referencia principal "System.Net.Sockets, Version=8.0.0.0, Culture=neutral, PublicKeyToken=b03f5f7f11d50a3a".
             La ruta de acceso del archivo resuelta es "C:\Program Files\dotnet\packs\Microsoft.NETCore.App.Ref\8.0.14\ref\net8.0\System.Net.Sockets.dll".
             Se encontr├│ una referencia en la ubicaci├│n de ruta de acceso de b├║squeda "{RawFileName}".
             Esta referencia no es "CopyLocal" porque existe al menos un elemento de origen con "Private" establecido en "false" y ning├║n elemento de origen con "Private" establecido en "true".
         Referencia principal "System.Net.WebClient, Version=8.0.0.0, Culture=neutral, PublicKeyToken=cc7b13ffcd2ddd51".
             La ruta de acceso del archivo resuelta es "C:\Program Files\dotnet\packs\Microsoft.NETCore.App.Ref\8.0.14\ref\net8.0\System.Net.WebClient.dll".
             Se encontr├│ una referencia en la ubicaci├│n de ruta de acceso de b├║squeda "{RawFileName}".
             Esta referencia no es "CopyLocal" porque existe al menos un elemento de origen con "Private" establecido en "false" y ning├║n elemento de origen con "Private" establecido en "true".
         Referencia principal "System.Net.WebHeaderCollection, Version=8.0.0.0, Culture=neutral, PublicKeyToken=b03f5f7f11d50a3a".
             La ruta de acceso del archivo resuelta es "C:\Program Files\dotnet\packs\Microsoft.NETCore.App.Ref\8.0.14\ref\net8.0\System.Net.WebHeaderCollection.dll".
             Se encontr├│ una referencia en la ubicaci├│n de ruta de acceso de b├║squeda "{RawFileName}".
             Esta referencia no es "CopyLocal" porque existe al menos un elemento de origen con "Private" establecido en "false" y ning├║n elemento de origen con "Private" establecido en "true".
         Referencia principal "System.Net.WebProxy, Version=8.0.0.0, Culture=neutral, PublicKeyToken=cc7b13ffcd2ddd51".
             La ruta de acceso del archivo resuelta es "C:\Program Files\dotnet\packs\Microsoft.NETCore.App.Ref\8.0.14\ref\net8.0\System.Net.WebProxy.dll".
             Se encontr├│ una referencia en la ubicaci├│n de ruta de acceso de b├║squeda "{RawFileName}".
             Esta referencia no es "CopyLocal" porque existe al menos un elemento de origen con "Private" establecido en "false" y ning├║n elemento de origen con "Private" establecido en "true".
         Referencia principal "System.Net.WebSockets.Client, Version=8.0.0.0, Culture=neutral, PublicKeyToken=b03f5f7f11d50a3a".
             La ruta de acceso del archivo resuelta es "C:\Program Files\dotnet\packs\Microsoft.NETCore.App.Ref\8.0.14\ref\net8.0\System.Net.WebSockets.Client.dll".
             Se encontr├│ una referencia en la ubicaci├│n de ruta de acceso de b├║squeda "{RawFileName}".
             Esta referencia no es "CopyLocal" porque existe al menos un elemento de origen con "Private" establecido en "false" y ning├║n elemento de origen con "Private" establecido en "true".
         Referencia principal "System.Net.WebSockets, Version=8.0.0.0, Culture=neutral, PublicKeyToken=b03f5f7f11d50a3a".
             La ruta de acceso del archivo resuelta es "C:\Program Files\dotnet\packs\Microsoft.NETCore.App.Ref\8.0.14\ref\net8.0\System.Net.WebSockets.dll".
             Se encontr├│ una referencia en la ubicaci├│n de ruta de acceso de b├║squeda "{RawFileName}".
             Esta referencia no es "CopyLocal" porque existe al menos un elemento de origen con "Private" establecido en "false" y ning├║n elemento de origen con "Private" establecido en "true".
         Referencia principal "System.Net, Version=4.0.0.0, Culture=neutral, PublicKeyToken=b03f5f7f11d50a3a".
             La ruta de acceso del archivo resuelta es "C:\Program Files\dotnet\packs\Microsoft.NETCore.App.Ref\8.0.14\ref\net8.0\System.Net.dll".
             Se encontr├│ una referencia en la ubicaci├│n de ruta de acceso de b├║squeda "{RawFileName}".
             Esta referencia no es "CopyLocal" porque existe al menos un elemento de origen con "Private" establecido en "false" y ning├║n elemento de origen con "Private" establecido en "true".
         Referencia principal "System.Numerics.Vectors, Version=8.0.0.0, Culture=neutral, PublicKeyToken=b03f5f7f11d50a3a".
             La ruta de acceso del archivo resuelta es "C:\Program Files\dotnet\packs\Microsoft.NETCore.App.Ref\8.0.14\ref\net8.0\System.Numerics.Vectors.dll".
             Se encontr├│ una referencia en la ubicaci├│n de ruta de acceso de b├║squeda "{RawFileName}".
             Esta referencia no es "CopyLocal" porque existe al menos un elemento de origen con "Private" establecido en "false" y ning├║n elemento de origen con "Private" establecido en "true".
         Referencia principal "System.Numerics, Version=4.0.0.0, Culture=neutral, PublicKeyToken=b77a5c561934e089".
             La ruta de acceso del archivo resuelta es "C:\Program Files\dotnet\packs\Microsoft.NETCore.App.Ref\8.0.14\ref\net8.0\System.Numerics.dll".
             Se encontr├│ una referencia en la ubicaci├│n de ruta de acceso de b├║squeda "{RawFileName}".
             Esta referencia no es "CopyLocal" porque existe al menos un elemento de origen con "Private" establecido en "false" y ning├║n elemento de origen con "Private" establecido en "true".
         Referencia principal "System.ObjectModel, Version=8.0.0.0, Culture=neutral, PublicKeyToken=b03f5f7f11d50a3a".
             La ruta de acceso del archivo resuelta es "C:\Program Files\dotnet\packs\Microsoft.NETCore.App.Ref\8.0.14\ref\net8.0\System.ObjectModel.dll".
             Se encontr├│ una referencia en la ubicaci├│n de ruta de acceso de b├║squeda "{RawFileName}".
             Esta referencia no es "CopyLocal" porque existe al menos un elemento de origen con "Private" establecido en "false" y ning├║n elemento de origen con "Private" establecido en "true".
         Referencia principal "System.Reflection.DispatchProxy, Version=8.0.0.0, Culture=neutral, PublicKeyToken=b03f5f7f11d50a3a".
             La ruta de acceso del archivo resuelta es "C:\Program Files\dotnet\packs\Microsoft.NETCore.App.Ref\8.0.14\ref\net8.0\System.Reflection.DispatchProxy.dll".
             Se encontr├│ una referencia en la ubicaci├│n de ruta de acceso de b├║squeda "{RawFileName}".
             Esta referencia no es "CopyLocal" porque existe al menos un elemento de origen con "Private" establecido en "false" y ning├║n elemento de origen con "Private" establecido en "true".
         Referencia principal "System.Reflection.Emit.ILGeneration, Version=8.0.0.0, Culture=neutral, PublicKeyToken=b03f5f7f11d50a3a".
             La ruta de acceso del archivo resuelta es "C:\Program Files\dotnet\packs\Microsoft.NETCore.App.Ref\8.0.14\ref\net8.0\System.Reflection.Emit.ILGeneration.dll".
             Se encontr├│ una referencia en la ubicaci├│n de ruta de acceso de b├║squeda "{RawFileName}".
             Esta referencia no es "CopyLocal" porque existe al menos un elemento de origen con "Private" establecido en "false" y ning├║n elemento de origen con "Private" establecido en "true".
         Referencia principal "System.Reflection.Emit.Lightweight, Version=8.0.0.0, Culture=neutral, PublicKeyToken=b03f5f7f11d50a3a".
             La ruta de acceso del archivo resuelta es "C:\Program Files\dotnet\packs\Microsoft.NETCore.App.Ref\8.0.14\ref\net8.0\System.Reflection.Emit.Lightweight.dll".
             Se encontr├│ una referencia en la ubicaci├│n de ruta de acceso de b├║squeda "{RawFileName}".
             Esta referencia no es "CopyLocal" porque existe al menos un elemento de origen con "Private" establecido en "false" y ning├║n elemento de origen con "Private" establecido en "true".
         Referencia principal "System.Reflection.Emit, Version=8.0.0.0, Culture=neutral, PublicKeyToken=b03f5f7f11d50a3a".
             La ruta de acceso del archivo resuelta es "C:\Program Files\dotnet\packs\Microsoft.NETCore.App.Ref\8.0.14\ref\net8.0\System.Reflection.Emit.dll".
             Se encontr├│ una referencia en la ubicaci├│n de ruta de acceso de b├║squeda "{RawFileName}".
             Esta referencia no es "CopyLocal" porque existe al menos un elemento de origen con "Private" establecido en "false" y ning├║n elemento de origen con "Private" establecido en "true".
         Referencia principal "System.Reflection.Extensions, Version=8.0.0.0, Culture=neutral, PublicKeyToken=b03f5f7f11d50a3a".
             La ruta de acceso del archivo resuelta es "C:\Program Files\dotnet\packs\Microsoft.NETCore.App.Ref\8.0.14\ref\net8.0\System.Reflection.Extensions.dll".
             Se encontr├│ una referencia en la ubicaci├│n de ruta de acceso de b├║squeda "{RawFileName}".
             Esta referencia no es "CopyLocal" porque existe al menos un elemento de origen con "Private" establecido en "false" y ning├║n elemento de origen con "Private" establecido en "true".
         Referencia principal "System.Reflection.Metadata, Version=8.0.0.0, Culture=neutral, PublicKeyToken=b03f5f7f11d50a3a".
             La ruta de acceso del archivo resuelta es "C:\Program Files\dotnet\packs\Microsoft.NETCore.App.Ref\8.0.14\ref\net8.0\System.Reflection.Metadata.dll".
             Se encontr├│ una referencia en la ubicaci├│n de ruta de acceso de b├║squeda "{RawFileName}".
             Esta referencia no es "CopyLocal" porque existe al menos un elemento de origen con "Private" establecido en "false" y ning├║n elemento de origen con "Private" establecido en "true".
         Referencia principal "System.Reflection.Primitives, Version=8.0.0.0, Culture=neutral, PublicKeyToken=b03f5f7f11d50a3a".
             La ruta de acceso del archivo resuelta es "C:\Program Files\dotnet\packs\Microsoft.NETCore.App.Ref\8.0.14\ref\net8.0\System.Reflection.Primitives.dll".
             Se encontr├│ una referencia en la ubicaci├│n de ruta de acceso de b├║squeda "{RawFileName}".
             Esta referencia no es "CopyLocal" porque existe al menos un elemento de origen con "Private" establecido en "false" y ning├║n elemento de origen con "Private" establecido en "true".
         Referencia principal "System.Reflection.TypeExtensions, Version=8.0.0.0, Culture=neutral, PublicKeyToken=b03f5f7f11d50a3a".
             La ruta de acceso del archivo resuelta es "C:\Program Files\dotnet\packs\Microsoft.NETCore.App.Ref\8.0.14\ref\net8.0\System.Reflection.TypeExtensions.dll".
             Se encontr├│ una referencia en la ubicaci├│n de ruta de acceso de b├║squeda "{RawFileName}".
             Esta referencia no es "CopyLocal" porque existe al menos un elemento de origen con "Private" establecido en "false" y ning├║n elemento de origen con "Private" establecido en "true".
         Referencia principal "System.Reflection, Version=8.0.0.0, Culture=neutral, PublicKeyToken=b03f5f7f11d50a3a".
             La ruta de acceso del archivo resuelta es "C:\Program Files\dotnet\packs\Microsoft.NETCore.App.Ref\8.0.14\ref\net8.0\System.Reflection.dll".
             Se encontr├│ una referencia en la ubicaci├│n de ruta de acceso de b├║squeda "{RawFileName}".
             Esta referencia no es "CopyLocal" porque existe al menos un elemento de origen con "Private" establecido en "false" y ning├║n elemento de origen con "Private" establecido en "true".
         Referencia principal "System.Resources.Reader, Version=8.0.0.0, Culture=neutral, PublicKeyToken=b03f5f7f11d50a3a".
             La ruta de acceso del archivo resuelta es "C:\Program Files\dotnet\packs\Microsoft.NETCore.App.Ref\8.0.14\ref\net8.0\System.Resources.Reader.dll".
             Se encontr├│ una referencia en la ubicaci├│n de ruta de acceso de b├║squeda "{RawFileName}".
             Esta referencia no es "CopyLocal" porque existe al menos un elemento de origen con "Private" establecido en "false" y ning├║n elemento de origen con "Private" establecido en "true".
         Referencia principal "System.Resources.ResourceManager, Version=8.0.0.0, Culture=neutral, PublicKeyToken=b03f5f7f11d50a3a".
             La ruta de acceso del archivo resuelta es "C:\Program Files\dotnet\packs\Microsoft.NETCore.App.Ref\8.0.14\ref\net8.0\System.Resources.ResourceManager.dll".
             Se encontr├│ una referencia en la ubicaci├│n de ruta de acceso de b├║squeda "{RawFileName}".
             Esta referencia no es "CopyLocal" porque existe al menos un elemento de origen con "Private" establecido en "false" y ning├║n elemento de origen con "Private" establecido en "true".
         Referencia principal "System.Resources.Writer, Version=8.0.0.0, Culture=neutral, PublicKeyToken=b03f5f7f11d50a3a".
             La ruta de acceso del archivo resuelta es "C:\Program Files\dotnet\packs\Microsoft.NETCore.App.Ref\8.0.14\ref\net8.0\System.Resources.Writer.dll".
             Se encontr├│ una referencia en la ubicaci├│n de ruta de acceso de b├║squeda "{RawFileName}".
             Esta referencia no es "CopyLocal" porque existe al menos un elemento de origen con "Private" establecido en "false" y ning├║n elemento de origen con "Private" establecido en "true".
         Referencia principal "System.Runtime.CompilerServices.Unsafe, Version=8.0.0.0, Culture=neutral, PublicKeyToken=b03f5f7f11d50a3a".
             La ruta de acceso del archivo resuelta es "C:\Program Files\dotnet\packs\Microsoft.NETCore.App.Ref\8.0.14\ref\net8.0\System.Runtime.CompilerServices.Unsafe.dll".
             Se encontr├│ una referencia en la ubicaci├│n de ruta de acceso de b├║squeda "{RawFileName}".
             Esta referencia no es "CopyLocal" porque existe al menos un elemento de origen con "Private" establecido en "false" y ning├║n elemento de origen con "Private" establecido en "true".
         Referencia principal "System.Runtime.CompilerServices.VisualC, Version=8.0.0.0, Culture=neutral, PublicKeyToken=b03f5f7f11d50a3a".
             La ruta de acceso del archivo resuelta es "C:\Program Files\dotnet\packs\Microsoft.NETCore.App.Ref\8.0.14\ref\net8.0\System.Runtime.CompilerServices.VisualC.dll".
             Se encontr├│ una referencia en la ubicaci├│n de ruta de acceso de b├║squeda "{RawFileName}".
             Esta referencia no es "CopyLocal" porque existe al menos un elemento de origen con "Private" establecido en "false" y ning├║n elemento de origen con "Private" establecido en "true".
         Referencia principal "System.Runtime.Extensions, Version=8.0.0.0, Culture=neutral, PublicKeyToken=b03f5f7f11d50a3a".
     0>La propiedad "Platform" es global y no se puede modificar.
       La propiedad "Configuration" es global y no se puede modificar.
  6:11>ResolveAssemblyReferences:
             La ruta de acceso del archivo resuelta es "C:\Program Files\dotnet\packs\Microsoft.NETCore.App.Ref\8.0.14\ref\net8.0\System.Runtime.Extensions.dll".
     0>Reasignaci├│n de propiedad: $(_DebugSymbolsProduced)="true" (valor anterior: "false") en C:\Program Files\dotnet\sdk\9.0.201\Microsoft.Common.CurrentVersion.targets (175,5)
       Reasignaci├│n de propiedad: $(_DocumentationFileProduced)="false" (valor anterior: "true") en C:\Program Files\dotnet\sdk\9.0.201\Microsoft.Common.CurrentVersion.targets (185,5)
  6:11>ResolveAssemblyReferences:
             Se encontr├│ una referencia en la ubicaci├│n de ruta de acceso de b├║squeda "{RawFileName}".
             Esta referencia no es "CopyLocal" porque existe al menos un elemento de origen con "Private" establecido en "false" y ning├║n elemento de origen con "Private" establecido en "true".
         Referencia principal "System.Runtime.Handles, Version=8.0.0.0, Culture=neutral, PublicKeyToken=b03f5f7f11d50a3a".
             La ruta de acceso del archivo resuelta es "C:\Program Files\dotnet\packs\Microsoft.NETCore.App.Ref\8.0.14\ref\net8.0\System.Runtime.Handles.dll".
             Se encontr├│ una referencia en la ubicaci├│n de ruta de acceso de b├║squeda "{RawFileName}".
             Esta referencia no es "CopyLocal" porque existe al menos un elemento de origen con "Private" establecido en "false" y ning├║n elemento de origen con "Private" establecido en "true".
         Referencia principal "System.Runtime.InteropServices.JavaScript, Version=8.0.0.0, Culture=neutral, PublicKeyToken=b03f5f7f11d50a3a".
     0>La propiedad "SolutionName" es global y no se puede modificar.
       La propiedad "SolutionFileName" es global y no se puede modificar.
       La propiedad "SolutionPath" es global y no se puede modificar.
       La propiedad "SolutionDir" es global y no se puede modificar.
       La propiedad "SolutionExt" es global y no se puede modificar.
  6:11>ResolveAssemblyReferences:
             La ruta de acceso del archivo resuelta es "C:\Program Files\dotnet\packs\Microsoft.NETCore.App.Ref\8.0.14\ref\net8.0\System.Runtime.InteropServices.JavaScript.dll".
             Se encontr├│ una referencia en la ubicaci├│n de ruta de acceso de b├║squeda "{RawFileName}".
             Esta referencia no es "CopyLocal" porque existe al menos un elemento de origen con "Private" establecido en "false" y ning├║n elemento de origen con "Private" establecido en "true".
     0>Reasignaci├│n de propiedad: $(MSBuildCopyMarkerName)="AuthSyst.5283D117" (valor anterior: "AuthSystem.API.csproj") en C:\Program Files\dotnet\sdk\9.0.201\Microsoft.Common.CurrentVersion.targets (392,5)
       Reasignaci├│n de propiedad: $(MSBuildCopyMarkerName)="AuthSyst.5283D117.Up2Date" (valor anterior: "AuthSyst.5283D117") en C:\Program Files\dotnet\sdk\9.0.201\Microsoft.Common.CurrentVersion.targets (393,5)
  6:11>ResolveAssemblyReferences:
         Referencia principal "System.Runtime.InteropServices.RuntimeInformation, Version=8.0.0.0, Culture=neutral, PublicKeyToken=b03f5f7f11d50a3a".
             La ruta de acceso del archivo resuelta es "C:\Program Files\dotnet\packs\Microsoft.NETCore.App.Ref\8.0.14\ref\net8.0\System.Runtime.InteropServices.RuntimeInformation.dll".
     0>Reasignaci├│n de propiedad: $(ProcessorArchitecture)="msil" (valor anterior: "") en C:\Program Files\dotnet\sdk\9.0.201\Microsoft.Common.CurrentVersion.targets (541,5)
  6:11>ResolveAssemblyReferences:
             Se encontr├│ una referencia en la ubicaci├│n de ruta de acceso de b├║squeda "{RawFileName}".
     0>Reasignaci├│n de propiedad: $(DelaySign)="" (valor anterior: "false") en C:\Program Files\dotnet\sdk\9.0.201\Microsoft.Common.CurrentVersion.targets (580,5)
  6:11>ResolveAssemblyReferences:
             Esta referencia no es "CopyLocal" porque existe al menos un elemento de origen con "Private" establecido en "false" y ning├║n elemento de origen con "Private" establecido en "true".
         Referencia principal "System.Runtime.InteropServices, Version=8.0.0.0, Culture=neutral, PublicKeyToken=b03f5f7f11d50a3a".
             La ruta de acceso del archivo resuelta es "C:\Program Files\dotnet\packs\Microsoft.NETCore.App.Ref\8.0.14\ref\net8.0\System.Runtime.InteropServices.dll".
             Se encontr├│ una referencia en la ubicaci├│n de ruta de acceso de b├║squeda "{RawFileName}".
             Esta referencia no es "CopyLocal" porque existe al menos un elemento de origen con "Private" establecido en "false" y ning├║n elemento de origen con "Private" establecido en "true".
     0>C:\Program Files\dotnet\sdk\9.0.201\Microsoft.Common.CurrentVersion.targets(2590,5): message : Propiedad "LOCALAPPDATA" con el valor "C:\Users\JHON\AppData\Local" expandido desde el entorno.
  6:11>ResolveAssemblyReferences:
         Referencia principal "System.Runtime.Intrinsics, Version=8.0.0.0, Culture=neutral, PublicKeyToken=cc7b13ffcd2ddd51".
             La ruta de acceso del archivo resuelta es "C:\Program Files\dotnet\packs\Microsoft.NETCore.App.Ref\8.0.14\ref\net8.0\System.Runtime.Intrinsics.dll".
     0>Reasignaci├│n de propiedad: $(_SGenGenerateSerializationAssembliesConfig)="Auto" (valor anterior: "") en C:\Program Files\dotnet\sdk\9.0.201\Microsoft.Common.CurrentVersion.targets (3917,5)
  6:11>ResolveAssemblyReferences:
             Se encontr├│ una referencia en la ubicaci├│n de ruta de acceso de b├║squeda "{RawFileName}".
     0>Reasignaci├│n de propiedad: $(_SGenGenerateSerializationAssembliesConfig)="Off" (valor anterior: "Auto") en C:\Program Files\dotnet\sdk\9.0.201\Microsoft.Common.CurrentVersion.targets (3918,5)
  6:11>ResolveAssemblyReferences:
             Esta referencia no es "CopyLocal" porque existe al menos un elemento de origen con "Private" establecido en "false" y ning├║n elemento de origen con "Private" establecido en "true".
     0>Reasignaci├│n de propiedad: $(_TargetsThatPrepareProjectReferences)="
      AssignProjectConfiguration;
      _SplitProjectReferencesByFileExistence
    " (valor anterior: "_SplitProjectReferencesByFileExistence") en C:\Program Files\dotnet\sdk\9.0.201\Microsoft.Common.CurrentVersion.targets (5129,5)
  6:11>ResolveAssemblyReferences:
         Referencia principal "System.Runtime.Loader, Version=8.0.0.0, Culture=neutral, PublicKeyToken=b03f5f7f11d50a3a".
             La ruta de acceso del archivo resuelta es "C:\Program Files\dotnet\packs\Microsoft.NETCore.App.Ref\8.0.14\ref\net8.0\System.Runtime.Loader.dll".
     0>C:\Program Files\dotnet\sdk\9.0.201\Microsoft.Common.CurrentVersion.targets(6924,5): message : Propiedad "MSBuildExtensionsPath32" con el valor "C:\Program Files\dotnet\sdk\9.0.201" expandido desde el entorno.
  6:11>ResolveAssemblyReferences:
             Se encontr├│ una referencia en la ubicaci├│n de ruta de acceso de b├║squeda "{RawFileName}".
             Esta referencia no es "CopyLocal" porque existe al menos un elemento de origen con "Private" establecido en "false" y ning├║n elemento de origen con "Private" establecido en "true".
         Referencia principal "System.Runtime.Numerics, Version=8.0.0.0, Culture=neutral, PublicKeyToken=b03f5f7f11d50a3a".
             La ruta de acceso del archivo resuelta es "C:\Program Files\dotnet\packs\Microsoft.NETCore.App.Ref\8.0.14\ref\net8.0\System.Runtime.Numerics.dll".
             Se encontr├│ una referencia en la ubicaci├│n de ruta de acceso de b├║squeda "{RawFileName}".
             Esta referencia no es "CopyLocal" porque existe al menos un elemento de origen con "Private" establecido en "false" y ning├║n elemento de origen con "Private" establecido en "true".
         Referencia principal "System.Runtime.Serialization.Formatters, Version=8.0.0.0, Culture=neutral, PublicKeyToken=b03f5f7f11d50a3a".
             La ruta de acceso del archivo resuelta es "C:\Program Files\dotnet\packs\Microsoft.NETCore.App.Ref\8.0.14\ref\net8.0\System.Runtime.Serialization.Formatters.dll".
             Se encontr├│ una referencia en la ubicaci├│n de ruta de acceso de b├║squeda "{RawFileName}".
             Esta referencia no es "CopyLocal" porque existe al menos un elemento de origen con "Private" establecido en "false" y ning├║n elemento de origen con "Private" establecido en "true".
         Referencia principal "System.Runtime.Serialization.Json, Version=8.0.0.0, Culture=neutral, PublicKeyToken=b03f5f7f11d50a3a".
             La ruta de acceso del archivo resuelta es "C:\Program Files\dotnet\packs\Microsoft.NETCore.App.Ref\8.0.14\ref\net8.0\System.Runtime.Serialization.Json.dll".
             Se encontr├│ una referencia en la ubicaci├│n de ruta de acceso de b├║squeda "{RawFileName}".
             Esta referencia no es "CopyLocal" porque existe al menos un elemento de origen con "Private" establecido en "false" y ning├║n elemento de origen con "Private" establecido en "true".
         Referencia principal "System.Runtime.Serialization.Primitives, Version=8.0.0.0, Culture=neutral, PublicKeyToken=b03f5f7f11d50a3a".
             La ruta de acceso del archivo resuelta es "C:\Program Files\dotnet\packs\Microsoft.NETCore.App.Ref\8.0.14\ref\net8.0\System.Runtime.Serialization.Primitives.dll".
             Se encontr├│ una referencia en la ubicaci├│n de ruta de acceso de b├║squeda "{RawFileName}".
             Esta referencia no es "CopyLocal" porque existe al menos un elemento de origen con "Private" establecido en "false" y ning├║n elemento de origen con "Private" establecido en "true".
         Referencia principal "System.Runtime.Serialization.Xml, Version=8.0.0.0, Culture=neutral, PublicKeyToken=b03f5f7f11d50a3a".
             La ruta de acceso del archivo resuelta es "C:\Program Files\dotnet\packs\Microsoft.NETCore.App.Ref\8.0.14\ref\net8.0\System.Runtime.Serialization.Xml.dll".
             Se encontr├│ una referencia en la ubicaci├│n de ruta de acceso de b├║squeda "{RawFileName}".
             Esta referencia no es "CopyLocal" porque existe al menos un elemento de origen con "Private" establecido en "false" y ning├║n elemento de origen con "Private" establecido en "true".
         Referencia principal "System.Runtime.Serialization, Version=4.0.0.0, Culture=neutral, PublicKeyToken=b77a5c561934e089".
             La ruta de acceso del archivo resuelta es "C:\Program Files\dotnet\packs\Microsoft.NETCore.App.Ref\8.0.14\ref\net8.0\System.Runtime.Serialization.dll".
             Se encontr├│ una referencia en la ubicaci├│n de ruta de acceso de b├║squeda "{RawFileName}".
             Esta referencia no es "CopyLocal" porque existe al menos un elemento de origen con "Private" establecido en "false" y ning├║n elemento de origen con "Private" establecido en "true".
         Referencia principal "System.Runtime, Version=8.0.0.0, Culture=neutral, PublicKeyToken=b03f5f7f11d50a3a".
             La ruta de acceso del archivo resuelta es "C:\Program Files\dotnet\packs\Microsoft.NETCore.App.Ref\8.0.14\ref\net8.0\System.Runtime.dll".
             Se encontr├│ una referencia en la ubicaci├│n de ruta de acceso de b├║squeda "{RawFileName}".
             Esta referencia no es "CopyLocal" porque existe al menos un elemento de origen con "Private" establecido en "false" y ning├║n elemento de origen con "Private" establecido en "true".
         Referencia principal "System.Security.AccessControl, Version=8.0.0.0, Culture=neutral, PublicKeyToken=b03f5f7f11d50a3a".
             La ruta de acceso del archivo resuelta es "C:\Program Files\dotnet\packs\Microsoft.NETCore.App.Ref\8.0.14\ref\net8.0\System.Security.AccessControl.dll".
             Se encontr├│ una referencia en la ubicaci├│n de ruta de acceso de b├║squeda "{RawFileName}".
             Esta referencia no es "CopyLocal" porque existe al menos un elemento de origen con "Private" establecido en "false" y ning├║n elemento de origen con "Private" establecido en "true".
         Referencia principal "System.Security.Claims, Version=8.0.0.0, Culture=neutral, PublicKeyToken=b03f5f7f11d50a3a".
             La ruta de acceso del archivo resuelta es "C:\Program Files\dotnet\packs\Microsoft.NETCore.App.Ref\8.0.14\ref\net8.0\System.Security.Claims.dll".
             Se encontr├│ una referencia en la ubicaci├│n de ruta de acceso de b├║squeda "{RawFileName}".
             Esta referencia no es "CopyLocal" porque existe al menos un elemento de origen con "Private" establecido en "false" y ning├║n elemento de origen con "Private" establecido en "true".
         Referencia principal "System.Security.Cryptography.Algorithms, Version=8.0.0.0, Culture=neutral, PublicKeyToken=b03f5f7f11d50a3a".
             La ruta de acceso del archivo resuelta es "C:\Program Files\dotnet\packs\Microsoft.NETCore.App.Ref\8.0.14\ref\net8.0\System.Security.Cryptography.Algorithms.dll".
             Se encontr├│ una referencia en la ubicaci├│n de ruta de acceso de b├║squeda "{RawFileName}".
             Esta referencia no es "CopyLocal" porque existe al menos un elemento de origen con "Private" establecido en "false" y ning├║n elemento de origen con "Private" establecido en "true".
         Referencia principal "System.Security.Cryptography.Cng, Version=8.0.0.0, Culture=neutral, PublicKeyToken=b03f5f7f11d50a3a".
             La ruta de acceso del archivo resuelta es "C:\Program Files\dotnet\packs\Microsoft.NETCore.App.Ref\8.0.14\ref\net8.0\System.Security.Cryptography.Cng.dll".
             Se encontr├│ una referencia en la ubicaci├│n de ruta de acceso de b├║squeda "{RawFileName}".
             Esta referencia no es "CopyLocal" porque existe al menos un elemento de origen con "Private" establecido en "false" y ning├║n elemento de origen con "Private" establecido en "true".
         Referencia principal "System.Security.Cryptography.Csp, Version=8.0.0.0, Culture=neutral, PublicKeyToken=b03f5f7f11d50a3a".
             La ruta de acceso del archivo resuelta es "C:\Program Files\dotnet\packs\Microsoft.NETCore.App.Ref\8.0.14\ref\net8.0\System.Security.Cryptography.Csp.dll".
             Se encontr├│ una referencia en la ubicaci├│n de ruta de acceso de b├║squeda "{RawFileName}".
             Esta referencia no es "CopyLocal" porque existe al menos un elemento de origen con "Private" establecido en "false" y ning├║n elemento de origen con "Private" establecido en "true".
         Referencia principal "System.Security.Cryptography.Encoding, Version=8.0.0.0, Culture=neutral, PublicKeyToken=b03f5f7f11d50a3a".
             La ruta de acceso del archivo resuelta es "C:\Program Files\dotnet\packs\Microsoft.NETCore.App.Ref\8.0.14\ref\net8.0\System.Security.Cryptography.Encoding.dll".
             Se encontr├│ una referencia en la ubicaci├│n de ruta de acceso de b├║squeda "{RawFileName}".
             Esta referencia no es "CopyLocal" porque existe al menos un elemento de origen con "Private" establecido en "false" y ning├║n elemento de origen con "Private" establecido en "true".
         Referencia principal "System.Security.Cryptography.OpenSsl, Version=8.0.0.0, Culture=neutral, PublicKeyToken=b03f5f7f11d50a3a".
             La ruta de acceso del archivo resuelta es "C:\Program Files\dotnet\packs\Microsoft.NETCore.App.Ref\8.0.14\ref\net8.0\System.Security.Cryptography.OpenSsl.dll".
             Se encontr├│ una referencia en la ubicaci├│n de ruta de acceso de b├║squeda "{RawFileName}".
             Esta referencia no es "CopyLocal" porque existe al menos un elemento de origen con "Private" establecido en "false" y ning├║n elemento de origen con "Private" establecido en "true".
         Referencia principal "System.Security.Cryptography.Primitives, Version=8.0.0.0, Culture=neutral, PublicKeyToken=b03f5f7f11d50a3a".
             La ruta de acceso del archivo resuelta es "C:\Program Files\dotnet\packs\Microsoft.NETCore.App.Ref\8.0.14\ref\net8.0\System.Security.Cryptography.Primitives.dll".
             Se encontr├│ una referencia en la ubicaci├│n de ruta de acceso de b├║squeda "{RawFileName}".
             Esta referencia no es "CopyLocal" porque existe al menos un elemento de origen con "Private" establecido en "false" y ning├║n elemento de origen con "Private" establecido en "true".
         Referencia principal "System.Security.Cryptography.X509Certificates, Version=8.0.0.0, Culture=neutral, PublicKeyToken=b03f5f7f11d50a3a".
             La ruta de acceso del archivo resuelta es "C:\Program Files\dotnet\packs\Microsoft.NETCore.App.Ref\8.0.14\ref\net8.0\System.Security.Cryptography.X509Certificates.dll".
             Se encontr├│ una referencia en la ubicaci├│n de ruta de acceso de b├║squeda "{RawFileName}".
             Esta referencia no es "CopyLocal" porque existe al menos un elemento de origen con "Private" establecido en "false" y ning├║n elemento de origen con "Private" establecido en "true".
         Referencia principal "System.Security.Cryptography, Version=8.0.0.0, Culture=neutral, PublicKeyToken=b03f5f7f11d50a3a".
             La ruta de acceso del archivo resuelta es "C:\Program Files\dotnet\packs\Microsoft.NETCore.App.Ref\8.0.14\ref\net8.0\System.Security.Cryptography.dll".
             Se encontr├│ una referencia en la ubicaci├│n de ruta de acceso de b├║squeda "{RawFileName}".
             Esta referencia no es "CopyLocal" porque existe al menos un elemento de origen con "Private" establecido en "false" y ning├║n elemento de origen con "Private" establecido en "true".
         Referencia principal "System.Security.Principal.Windows, Version=8.0.0.0, Culture=neutral, PublicKeyToken=b03f5f7f11d50a3a".
             La ruta de acceso del archivo resuelta es "C:\Program Files\dotnet\packs\Microsoft.NETCore.App.Ref\8.0.14\ref\net8.0\System.Security.Principal.Windows.dll".
             Se encontr├│ una referencia en la ubicaci├│n de ruta de acceso de b├║squeda "{RawFileName}".
             Esta referencia no es "CopyLocal" porque existe al menos un elemento de origen con "Private" establecido en "false" y ning├║n elemento de origen con "Private" establecido en "true".
         Referencia principal "System.Security.Principal, Version=8.0.0.0, Culture=neutral, PublicKeyToken=b03f5f7f11d50a3a".
             La ruta de acceso del archivo resuelta es "C:\Program Files\dotnet\packs\Microsoft.NETCore.App.Ref\8.0.14\ref\net8.0\System.Security.Principal.dll".
             Se encontr├│ una referencia en la ubicaci├│n de ruta de acceso de b├║squeda "{RawFileName}".
             Esta referencia no es "CopyLocal" porque existe al menos un elemento de origen con "Private" establecido en "false" y ning├║n elemento de origen con "Private" establecido en "true".
         Referencia principal "System.Security.SecureString, Version=8.0.0.0, Culture=neutral, PublicKeyToken=b03f5f7f11d50a3a".
             La ruta de acceso del archivo resuelta es "C:\Program Files\dotnet\packs\Microsoft.NETCore.App.Ref\8.0.14\ref\net8.0\System.Security.SecureString.dll".
             Se encontr├│ una referencia en la ubicaci├│n de ruta de acceso de b├║squeda "{RawFileName}".
             Esta referencia no es "CopyLocal" porque existe al menos un elemento de origen con "Private" establecido en "false" y ning├║n elemento de origen con "Private" establecido en "true".
         Referencia principal "System.Security, Version=4.0.0.0, Culture=neutral, PublicKeyToken=b03f5f7f11d50a3a".
             La ruta de acceso del archivo resuelta es "C:\Program Files\dotnet\packs\Microsoft.NETCore.App.Ref\8.0.14\ref\net8.0\System.Security.dll".
             Se encontr├│ una referencia en la ubicaci├│n de ruta de acceso de b├║squeda "{RawFileName}".
             Esta referencia no es "CopyLocal" porque existe al menos un elemento de origen con "Private" establecido en "false" y ning├║n elemento de origen con "Private" establecido en "true".
         Referencia principal "System.ServiceModel.Web, Version=4.0.0.0, Culture=neutral, PublicKeyToken=31bf3856ad364e35".
             La ruta de acceso del archivo resuelta es "C:\Program Files\dotnet\packs\Microsoft.NETCore.App.Ref\8.0.14\ref\net8.0\System.ServiceModel.Web.dll".
             Se encontr├│ una referencia en la ubicaci├│n de ruta de acceso de b├║squeda "{RawFileName}".
             Esta referencia no es "CopyLocal" porque existe al menos un elemento de origen con "Private" establecido en "false" y ning├║n elemento de origen con "Private" establecido en "true".
         Referencia principal "System.ServiceProcess, Version=4.0.0.0, Culture=neutral, PublicKeyToken=b03f5f7f11d50a3a".
             La ruta de acceso del archivo resuelta es "C:\Program Files\dotnet\packs\Microsoft.NETCore.App.Ref\8.0.14\ref\net8.0\System.ServiceProcess.dll".
             Se encontr├│ una referencia en la ubicaci├│n de ruta de acceso de b├║squeda "{RawFileName}".
             Esta referencia no es "CopyLocal" porque existe al menos un elemento de origen con "Private" establecido en "false" y ning├║n elemento de origen con "Private" establecido en "true".
         Referencia principal "System.Text.Encoding.CodePages, Version=8.0.0.0, Culture=neutral, PublicKeyToken=b03f5f7f11d50a3a".
             La ruta de acceso del archivo resuelta es "C:\Program Files\dotnet\packs\Microsoft.NETCore.App.Ref\8.0.14\ref\net8.0\System.Text.Encoding.CodePages.dll".
             Se encontr├│ una referencia en la ubicaci├│n de ruta de acceso de b├║squeda "{RawFileName}".
             Esta referencia no es "CopyLocal" porque existe al menos un elemento de origen con "Private" establecido en "false" y ning├║n elemento de origen con "Private" establecido en "true".
         Referencia principal "System.Text.Encoding.Extensions, Version=8.0.0.0, Culture=neutral, PublicKeyToken=b03f5f7f11d50a3a".
             La ruta de acceso del archivo resuelta es "C:\Program Files\dotnet\packs\Microsoft.NETCore.App.Ref\8.0.14\ref\net8.0\System.Text.Encoding.Extensions.dll".
             Se encontr├│ una referencia en la ubicaci├│n de ruta de acceso de b├║squeda "{RawFileName}".
             Esta referencia no es "CopyLocal" porque existe al menos un elemento de origen con "Private" establecido en "false" y ning├║n elemento de origen con "Private" establecido en "true".
         Referencia principal "System.Text.Encoding, Version=8.0.0.0, Culture=neutral, PublicKeyToken=b03f5f7f11d50a3a".
             La ruta de acceso del archivo resuelta es "C:\Program Files\dotnet\packs\Microsoft.NETCore.App.Ref\8.0.14\ref\net8.0\System.Text.Encoding.dll".
             Se encontr├│ una referencia en la ubicaci├│n de ruta de acceso de b├║squeda "{RawFileName}".
             Esta referencia no es "CopyLocal" porque existe al menos un elemento de origen con "Private" establecido en "false" y ning├║n elemento de origen con "Private" establecido en "true".
         Referencia principal "System.Text.Encodings.Web, Version=8.0.0.0, Culture=neutral, PublicKeyToken=cc7b13ffcd2ddd51".
             La ruta de acceso del archivo resuelta es "C:\Program Files\dotnet\packs\Microsoft.NETCore.App.Ref\8.0.14\ref\net8.0\System.Text.Encodings.Web.dll".
             Se encontr├│ una referencia en la ubicaci├│n de ruta de acceso de b├║squeda "{RawFileName}".
             Esta referencia no es "CopyLocal" porque existe al menos un elemento de origen con "Private" establecido en "false" y ning├║n elemento de origen con "Private" establecido en "true".
         Referencia principal "System.Text.Json, Version=8.0.0.0, Culture=neutral, PublicKeyToken=cc7b13ffcd2ddd51".
             La ruta de acceso del archivo resuelta es "C:\Program Files\dotnet\packs\Microsoft.NETCore.App.Ref\8.0.14\ref\net8.0\System.Text.Json.dll".
             Se encontr├│ una referencia en la ubicaci├│n de ruta de acceso de b├║squeda "{RawFileName}".
             Esta referencia no es "CopyLocal" porque existe al menos un elemento de origen con "Private" establecido en "false" y ning├║n elemento de origen con "Private" establecido en "true".
         Referencia principal "System.Text.RegularExpressions, Version=8.0.0.0, Culture=neutral, PublicKeyToken=b03f5f7f11d50a3a".
             La ruta de acceso del archivo resuelta es "C:\Program Files\dotnet\packs\Microsoft.NETCore.App.Ref\8.0.14\ref\net8.0\System.Text.RegularExpressions.dll".
             Se encontr├│ una referencia en la ubicaci├│n de ruta de acceso de b├║squeda "{RawFileName}".
             Esta referencia no es "CopyLocal" porque existe al menos un elemento de origen con "Private" establecido en "false" y ning├║n elemento de origen con "Private" establecido en "true".
         Referencia principal "System.Threading.Channels, Version=8.0.0.0, Culture=neutral, PublicKeyToken=cc7b13ffcd2ddd51".
             La ruta de acceso del archivo resuelta es "C:\Program Files\dotnet\packs\Microsoft.NETCore.App.Ref\8.0.14\ref\net8.0\System.Threading.Channels.dll".
             Se encontr├│ una referencia en la ubicaci├│n de ruta de acceso de b├║squeda "{RawFileName}".
             Esta referencia no es "CopyLocal" porque existe al menos un elemento de origen con "Private" establecido en "false" y ning├║n elemento de origen con "Private" establecido en "true".
         Referencia principal "System.Threading.Overlapped, Version=8.0.0.0, Culture=neutral, PublicKeyToken=b03f5f7f11d50a3a".
             La ruta de acceso del archivo resuelta es "C:\Program Files\dotnet\packs\Microsoft.NETCore.App.Ref\8.0.14\ref\net8.0\System.Threading.Overlapped.dll".
             Se encontr├│ una referencia en la ubicaci├│n de ruta de acceso de b├║squeda "{RawFileName}".
             Esta referencia no es "CopyLocal" porque existe al menos un elemento de origen con "Private" establecido en "false" y ning├║n elemento de origen con "Private" establecido en "true".
         Referencia principal "System.Threading.Tasks.Dataflow, Version=8.0.0.0, Culture=neutral, PublicKeyToken=b03f5f7f11d50a3a".
             La ruta de acceso del archivo resuelta es "C:\Program Files\dotnet\packs\Microsoft.NETCore.App.Ref\8.0.14\ref\net8.0\System.Threading.Tasks.Dataflow.dll".
             Se encontr├│ una referencia en la ubicaci├│n de ruta de acceso de b├║squeda "{RawFileName}".
             Esta referencia no es "CopyLocal" porque existe al menos un elemento de origen con "Private" establecido en "false" y ning├║n elemento de origen con "Private" establecido en "true".
         Referencia principal "System.Threading.Tasks.Extensions, Version=8.0.0.0, Culture=neutral, PublicKeyToken=cc7b13ffcd2ddd51".
             La ruta de acceso del archivo resuelta es "C:\Program Files\dotnet\packs\Microsoft.NETCore.App.Ref\8.0.14\ref\net8.0\System.Threading.Tasks.Extensions.dll".
             Se encontr├│ una referencia en la ubicaci├│n de ruta de acceso de b├║squeda "{RawFileName}".
             Esta referencia no es "CopyLocal" porque existe al menos un elemento de origen con "Private" establecido en "false" y ning├║n elemento de origen con "Private" establecido en "true".
         Referencia principal "System.Threading.Tasks.Parallel, Version=8.0.0.0, Culture=neutral, PublicKeyToken=b03f5f7f11d50a3a".
             La ruta de acceso del archivo resuelta es "C:\Program Files\dotnet\packs\Microsoft.NETCore.App.Ref\8.0.14\ref\net8.0\System.Threading.Tasks.Parallel.dll".
             Se encontr├│ una referencia en la ubicaci├│n de ruta de acceso de b├║squeda "{RawFileName}".
             Esta referencia no es "CopyLocal" porque existe al menos un elemento de origen con "Private" establecido en "false" y ning├║n elemento de origen con "Private" establecido en "true".
         Referencia principal "System.Threading.Tasks, Version=8.0.0.0, Culture=neutral, PublicKeyToken=b03f5f7f11d50a3a".
             La ruta de acceso del archivo resuelta es "C:\Program Files\dotnet\packs\Microsoft.NETCore.App.Ref\8.0.14\ref\net8.0\System.Threading.Tasks.dll".
             Se encontr├│ una referencia en la ubicaci├│n de ruta de acceso de b├║squeda "{RawFileName}".
             Esta referencia no es "CopyLocal" porque existe al menos un elemento de origen con "Private" establecido en "false" y ning├║n elemento de origen con "Private" establecido en "true".
         Referencia principal "System.Threading.Thread, Version=8.0.0.0, Culture=neutral, PublicKeyToken=b03f5f7f11d50a3a".
             La ruta de acceso del archivo resuelta es "C:\Program Files\dotnet\packs\Microsoft.NETCore.App.Ref\8.0.14\ref\net8.0\System.Threading.Thread.dll".
             Se encontr├│ una referencia en la ubicaci├│n de ruta de acceso de b├║squeda "{RawFileName}".
             Esta referencia no es "CopyLocal" porque existe al menos un elemento de origen con "Private" establecido en "false" y ning├║n elemento de origen con "Private" establecido en "true".
         Referencia principal "System.Threading.ThreadPool, Version=8.0.0.0, Culture=neutral, PublicKeyToken=b03f5f7f11d50a3a".
             La ruta de acceso del archivo resuelta es "C:\Program Files\dotnet\packs\Microsoft.NETCore.App.Ref\8.0.14\ref\net8.0\System.Threading.ThreadPool.dll".
             Se encontr├│ una referencia en la ubicaci├│n de ruta de acceso de b├║squeda "{RawFileName}".
             Esta referencia no es "CopyLocal" porque existe al menos un elemento de origen con "Private" establecido en "false" y ning├║n elemento de origen con "Private" establecido en "true".
         Referencia principal "System.Threading.Timer, Version=8.0.0.0, Culture=neutral, PublicKeyToken=b03f5f7f11d50a3a".
             La ruta de acceso del archivo resuelta es "C:\Program Files\dotnet\packs\Microsoft.NETCore.App.Ref\8.0.14\ref\net8.0\System.Threading.Timer.dll".
             Se encontr├│ una referencia en la ubicaci├│n de ruta de acceso de b├║squeda "{RawFileName}".
             Esta referencia no es "CopyLocal" porque existe al menos un elemento de origen con "Private" establecido en "false" y ning├║n elemento de origen con "Private" establecido en "true".
         Referencia principal "System.Threading, Version=8.0.0.0, Culture=neutral, PublicKeyToken=b03f5f7f11d50a3a".
             La ruta de acceso del archivo resuelta es "C:\Program Files\dotnet\packs\Microsoft.NETCore.App.Ref\8.0.14\ref\net8.0\System.Threading.dll".
             Se encontr├│ una referencia en la ubicaci├│n de ruta de acceso de b├║squeda "{RawFileName}".
             Esta referencia no es "CopyLocal" porque existe al menos un elemento de origen con "Private" establecido en "false" y ning├║n elemento de origen con "Private" establecido en "true".
         Referencia principal "System.Transactions.Local, Version=8.0.0.0, Culture=neutral, PublicKeyToken=cc7b13ffcd2ddd51".
             La ruta de acceso del archivo resuelta es "C:\Program Files\dotnet\packs\Microsoft.NETCore.App.Ref\8.0.14\ref\net8.0\System.Transactions.Local.dll".
     0>Reasignaci├│n de propiedad: $(OpenApiGenerateDocuments)="true" (valor anterior: "") en C:\Users\JHON\.nuget\packages\microsoft.extensions.apidescription.server\6.0.5\build\Microsoft.Extensions.ApiDescription.Server.targets (9,5)
  6:11>ResolveAssemblyReferences:
             Se encontr├│ una referencia en la ubicaci├│n de ruta de acceso de b├║squeda "{RawFileName}".
             Esta referencia no es "CopyLocal" porque existe al menos un elemento de origen con "Private" establecido en "false" y ning├║n elemento de origen con "Private" establecido en "true".
         Referencia principal "System.Transactions, Version=4.0.0.0, Culture=neutral, PublicKeyToken=b77a5c561934e089".
             La ruta de acceso del archivo resuelta es "C:\Program Files\dotnet\packs\Microsoft.NETCore.App.Ref\8.0.14\ref\net8.0\System.Transactions.dll".
             Se encontr├│ una referencia en la ubicaci├│n de ruta de acceso de b├║squeda "{RawFileName}".
             Esta referencia no es "CopyLocal" porque existe al menos un elemento de origen con "Private" establecido en "false" y ning├║n elemento de origen con "Private" establecido en "true".
         Referencia principal "System.ValueTuple, Version=8.0.0.0, Culture=neutral, PublicKeyToken=cc7b13ffcd2ddd51".
             La ruta de acceso del archivo resuelta es "C:\Program Files\dotnet\packs\Microsoft.NETCore.App.Ref\8.0.14\ref\net8.0\System.ValueTuple.dll".
             Se encontr├│ una referencia en la ubicaci├│n de ruta de acceso de b├║squeda "{RawFileName}".
             Esta referencia no es "CopyLocal" porque existe al menos un elemento de origen con "Private" establecido en "false" y ning├║n elemento de origen con "Private" establecido en "true".
         Referencia principal "System.Web.HttpUtility, Version=8.0.0.0, Culture=neutral, PublicKeyToken=cc7b13ffcd2ddd51".
             La ruta de acceso del archivo resuelta es "C:\Program Files\dotnet\packs\Microsoft.NETCore.App.Ref\8.0.14\ref\net8.0\System.Web.HttpUtility.dll".
             Se encontr├│ una referencia en la ubicaci├│n de ruta de acceso de b├║squeda "{RawFileName}".
             Esta referencia no es "CopyLocal" porque existe al menos un elemento de origen con "Private" establecido en "false" y ning├║n elemento de origen con "Private" establecido en "true".
         Referencia principal "System.Web, Version=4.0.0.0, Culture=neutral, PublicKeyToken=b03f5f7f11d50a3a".
             La ruta de acceso del archivo resuelta es "C:\Program Files\dotnet\packs\Microsoft.NETCore.App.Ref\8.0.14\ref\net8.0\System.Web.dll".
             Se encontr├│ una referencia en la ubicaci├│n de ruta de acceso de b├║squeda "{RawFileName}".
             Esta referencia no es "CopyLocal" porque existe al menos un elemento de origen con "Private" establecido en "false" y ning├║n elemento de origen con "Private" establecido en "true".
         Referencia principal "System.Windows, Version=4.0.0.0, Culture=neutral, PublicKeyToken=b03f5f7f11d50a3a".
             La ruta de acceso del archivo resuelta es "C:\Program Files\dotnet\packs\Microsoft.NETCore.App.Ref\8.0.14\ref\net8.0\System.Windows.dll".
             Se encontr├│ una referencia en la ubicaci├│n de ruta de acceso de b├║squeda "{RawFileName}".
             Esta referencia no es "CopyLocal" porque existe al menos un elemento de origen con "Private" establecido en "false" y ning├║n elemento de origen con "Private" establecido en "true".
         Referencia principal "System.Xml.Linq, Version=4.0.0.0, Culture=neutral, PublicKeyToken=b77a5c561934e089".
             La ruta de acceso del archivo resuelta es "C:\Program Files\dotnet\packs\Microsoft.NETCore.App.Ref\8.0.14\ref\net8.0\System.Xml.Linq.dll".
             Se encontr├│ una referencia en la ubicaci├│n de ruta de acceso de b├║squeda "{RawFileName}".
             Esta referencia no es "CopyLocal" porque existe al menos un elemento de origen con "Private" establecido en "false" y ning├║n elemento de origen con "Private" establecido en "true".
         Referencia principal "System.Xml.ReaderWriter, Version=8.0.0.0, Culture=neutral, PublicKeyToken=b03f5f7f11d50a3a".
             La ruta de acceso del archivo resuelta es "C:\Program Files\dotnet\packs\Microsoft.NETCore.App.Ref\8.0.14\ref\net8.0\System.Xml.ReaderWriter.dll".
             Se encontr├│ una referencia en la ubicaci├│n de ruta de acceso de b├║squeda "{RawFileName}".
             Esta referencia no es "CopyLocal" porque existe al menos un elemento de origen con "Private" establecido en "false" y ning├║n elemento de origen con "Private" establecido en "true".
         Referencia principal "System.Xml.Serialization, Version=4.0.0.0, Culture=neutral, PublicKeyToken=b77a5c561934e089".
             La ruta de acceso del archivo resuelta es "C:\Program Files\dotnet\packs\Microsoft.NETCore.App.Ref\8.0.14\ref\net8.0\System.Xml.Serialization.dll".
             Se encontr├│ una referencia en la ubicaci├│n de ruta de acceso de b├║squeda "{RawFileName}".
             Esta referencia no es "CopyLocal" porque existe al menos un elemento de origen con "Private" establecido en "false" y ning├║n elemento de origen con "Private" establecido en "true".
         Referencia principal "System.Xml.XDocument, Version=8.0.0.0, Culture=neutral, PublicKeyToken=b03f5f7f11d50a3a".
             La ruta de acceso del archivo resuelta es "C:\Program Files\dotnet\packs\Microsoft.NETCore.App.Ref\8.0.14\ref\net8.0\System.Xml.XDocument.dll".
             Se encontr├│ una referencia en la ubicaci├│n de ruta de acceso de b├║squeda "{RawFileName}".
             Esta referencia no es "CopyLocal" porque existe al menos un elemento de origen con "Private" establecido en "false" y ning├║n elemento de origen con "Private" establecido en "true".
         Referencia principal "System.Xml.XPath.XDocument, Version=8.0.0.0, Culture=neutral, PublicKeyToken=b03f5f7f11d50a3a".
             La ruta de acceso del archivo resuelta es "C:\Program Files\dotnet\packs\Microsoft.NETCore.App.Ref\8.0.14\ref\net8.0\System.Xml.XPath.XDocument.dll".
             Se encontr├│ una referencia en la ubicaci├│n de ruta de acceso de b├║squeda "{RawFileName}".
             Esta referencia no es "CopyLocal" porque existe al menos un elemento de origen con "Private" establecido en "false" y ning├║n elemento de origen con "Private" establecido en "true".
         Referencia principal "System.Xml.XPath, Version=8.0.0.0, Culture=neutral, PublicKeyToken=b03f5f7f11d50a3a".
             La ruta de acceso del archivo resuelta es "C:\Program Files\dotnet\packs\Microsoft.NETCore.App.Ref\8.0.14\ref\net8.0\System.Xml.XPath.dll".
             Se encontr├│ una referencia en la ubicaci├│n de ruta de acceso de b├║squeda "{RawFileName}".
             Esta referencia no es "CopyLocal" porque existe al menos un elemento de origen con "Private" establecido en "false" y ning├║n elemento de origen con "Private" establecido en "true".
         Referencia principal "System.Xml.XmlDocument, Version=8.0.0.0, Culture=neutral, PublicKeyToken=b03f5f7f11d50a3a".
             La ruta de acceso del archivo resuelta es "C:\Program Files\dotnet\packs\Microsoft.NETCore.App.Ref\8.0.14\ref\net8.0\System.Xml.XmlDocument.dll".
             Se encontr├│ una referencia en la ubicaci├│n de ruta de acceso de b├║squeda "{RawFileName}".
             Esta referencia no es "CopyLocal" porque existe al menos un elemento de origen con "Private" establecido en "false" y ning├║n elemento de origen con "Private" establecido en "true".
         Referencia principal "System.Xml.XmlSerializer, Version=8.0.0.0, Culture=neutral, PublicKeyToken=b03f5f7f11d50a3a".
             La ruta de acceso del archivo resuelta es "C:\Program Files\dotnet\packs\Microsoft.NETCore.App.Ref\8.0.14\ref\net8.0\System.Xml.XmlSerializer.dll".
             Se encontr├│ una referencia en la ubicaci├│n de ruta de acceso de b├║squeda "{RawFileName}".
             Esta referencia no es "CopyLocal" porque existe al menos un elemento de origen con "Private" establecido en "false" y ning├║n elemento de origen con "Private" establecido en "true".
         Referencia principal "System.Xml, Version=4.0.0.0, Culture=neutral, PublicKeyToken=b77a5c561934e089".
             La ruta de acceso del archivo resuelta es "C:\Program Files\dotnet\packs\Microsoft.NETCore.App.Ref\8.0.14\ref\net8.0\System.Xml.dll".
             Se encontr├│ una referencia en la ubicaci├│n de ruta de acceso de b├║squeda "{RawFileName}".
             Esta referencia no es "CopyLocal" porque existe al menos un elemento de origen con "Private" establecido en "false" y ning├║n elemento de origen con "Private" establecido en "true".
         Referencia principal "System, Version=4.0.0.0, Culture=neutral, PublicKeyToken=b77a5c561934e089".
             La ruta de acceso del archivo resuelta es "C:\Program Files\dotnet\packs\Microsoft.NETCore.App.Ref\8.0.14\ref\net8.0\System.dll".
             Se encontr├│ una referencia en la ubicaci├│n de ruta de acceso de b├║squeda "{RawFileName}".
             Esta referencia no es "CopyLocal" porque existe al menos un elemento de origen con "Private" establecido en "false" y ning├║n elemento de origen con "Private" establecido en "true".
         Referencia principal "WindowsBase, Version=4.0.0.0, Culture=neutral, PublicKeyToken=31bf3856ad364e35".
             La ruta de acceso del archivo resuelta es "C:\Program Files\dotnet\packs\Microsoft.NETCore.App.Ref\8.0.14\ref\net8.0\WindowsBase.dll".
             Se encontr├│ una referencia en la ubicaci├│n de ruta de acceso de b├║squeda "{RawFileName}".
             Esta referencia no es "CopyLocal" porque existe al menos un elemento de origen con "Private" establecido en "false" y ning├║n elemento de origen con "Private" establecido en "true".
         Referencia principal "mscorlib, Version=4.0.0.0, Culture=neutral, PublicKeyToken=b77a5c561934e089".
             La ruta de acceso del archivo resuelta es "C:\Program Files\dotnet\packs\Microsoft.NETCore.App.Ref\8.0.14\ref\net8.0\mscorlib.dll".
             Se encontr├│ una referencia en la ubicaci├│n de ruta de acceso de b├║squeda "{RawFileName}".
             Esta referencia no es "CopyLocal" porque existe al menos un elemento de origen con "Private" establecido en "false" y ning├║n elemento de origen con "Private" establecido en "true".
         Referencia principal "netstandard, Version=2.1.0.0, Culture=neutral, PublicKeyToken=cc7b13ffcd2ddd51".
             La ruta de acceso del archivo resuelta es "C:\Program Files\dotnet\packs\Microsoft.NETCore.App.Ref\8.0.14\ref\net8.0\netstandard.dll".
             Se encontr├│ una referencia en la ubicaci├│n de ruta de acceso de b├║squeda "{RawFileName}".
             Esta referencia no es "CopyLocal" porque existe al menos un elemento de origen con "Private" establecido en "false" y ning├║n elemento de origen con "Private" establecido en "true".
       Ejecuci├│n de la tarea "ResolveAssemblyReference" terminada.
  6:11>Compilaci├│n terminada del destino "ResolveAssemblyReferences" en el proyecto "AuthSystem.Domain.csproj".
       Se omiti├│ el destino "GenerateBindingRedirects" debido a una condici├│n falsa (False); ('$(AutoGenerateBindingRedirects)' == 'true' and '$(GenerateBindingRedirectsOutputType)' == 'true' and '@(SuggestedBindingRedirects)' != '' and '$(DesignTimeBuild)' != 'true' and '$(BuildingProject)' == 'true') se evalu├│ como ('' == 'true' and '' == 'true' and '' != '' and '' != 'true' and 'true' == 'true').
       Se omiti├│ el destino "GenerateSupportedRuntime" debido a una condici├│n falsa (False); ('$(GenerateSupportedRuntime)' != 'false' and '$(TargetFrameworkIdentifier)' == '.NETFramework' and '$(HasRuntimeOutput)' == 'true') se evalu├│ como ('' != 'false' and '.NETCoreApp' == '.NETFramework' and '' == 'true').
       Se omiti├│ el destino "GenerateBindingRedirectsUpdateAppConfig" debido a una condici├│n falsa (False); ('$(AutoGenerateBindingRedirects)' == 'true' and '$(GenerateBindingRedirectsOutputType)' == 'true') se evalu├│ como ('' == 'true' and '' == 'true').
       Se omiti├│ el destino "ResolveComReferences" debido a una condici├│n falsa (False); ('@(COMReference)'!='' or '@(COMFileReference)'!='') se evalu├│ como (''!='' or ''!='').
  6:11>Destino "AfterResolveReferences" en el archivo "C:\Program Files\dotnet\sdk\9.0.201\Microsoft.Common.CurrentVersion.targets" del proyecto "D:\Users\Jhon\Documentos\Mintrabajo\Modulo General usuarios\AuthSystemNew\AuthSystem.Domain\AuthSystem.Domain.csproj" (el destino "ResolveReferences" depende de ├®l):
  6:11>Compilaci├│n terminada del destino "AfterResolveReferences" en el proyecto "AuthSystem.Domain.csproj".
  6:11>Destino "ResolveReferences" en el archivo "C:\Program Files\dotnet\sdk\9.0.201\Microsoft.Common.CurrentVersion.targets" del proyecto "D:\Users\Jhon\Documentos\Mintrabajo\Modulo General usuarios\AuthSystemNew\AuthSystem.Domain\AuthSystem.Domain.csproj" (el destino "_BlockWinMDsOnUnsupportedTFMs" depende de ├®l):
  6:11>Compilaci├│n terminada del destino "ResolveReferences" en el proyecto "AuthSystem.Domain.csproj".
  6:11>Destino "_BlockWinMDsOnUnsupportedTFMs" en el archivo "C:\Program Files\dotnet\sdk\9.0.201\Sdks\Microsoft.NET.Sdk\targets\Microsoft.NET.Sdk.targets" del proyecto "D:\Users\Jhon\Documentos\Mintrabajo\Modulo General usuarios\AuthSystemNew\AuthSystem.Domain\AuthSystem.Domain.csproj" (el destino "CoreBuild" depende de ├®l):
       Usando la tarea "CheckForUnsupportedWinMDReferences" del ensamblado "C:\Program Files\dotnet\sdk\9.0.201\Sdks\Microsoft.NET.Sdk\targets\..\tools\net9.0\Microsoft.NET.Build.Tasks.dll".
       Tarea "CheckForUnsupportedWinMDReferences"
       Ejecuci├│n de la tarea "CheckForUnsupportedWinMDReferences" terminada.
       Se omiti├│ la tarea "NETSdkError" debido a una condici├│n falsa (False); ('$(OutputType)' == 'winmdobj') se evalu├│ como ('Library' == 'winmdobj').
  6:11>Compilaci├│n terminada del destino "_BlockWinMDsOnUnsupportedTFMs" en el proyecto "AuthSystem.Domain.csproj".
       Se omiti├│ el destino "ResolveReferences". Compilado previamente de forma correcta.
       Se omiti├│ el destino "ResolvePackageDependenciesForBuild". Compilado previamente de forma correcta.
       Se omiti├│ el destino "_HandlePackageFileConflicts". Compilado previamente de forma correcta.
  6:11>Destino "CopyAdditionalFiles" en el archivo "C:\Program Files\dotnet\sdk\9.0.201\Roslyn\Microsoft.Managed.Core.targets" del proyecto "D:\Users\Jhon\Documentos\Mintrabajo\Modulo General usuarios\AuthSystemNew\AuthSystem.Domain\AuthSystem.Domain.csproj" (el destino "AssignTargetPaths" depende de ├®l):
  6:11>Compilaci├│n terminada del destino "CopyAdditionalFiles" en el proyecto "AuthSystem.Domain.csproj".
       Se omiti├│ el destino "_GetAppHostPaths" debido a una condici├│n falsa (False); ('$(UseAppHost)' == 'true' and '$(_IsExecutable)' == 'true') se evalu├│ como ('' == 'true' and '' == 'true').
       Se omiti├│ el destino "_GetAppHostCreationConfiguration" debido a una condici├│n falsa (False); ('$(UseAppHost)' == 'true' and '$(_IsExecutable)' == 'true') se evalu├│ como ('' == 'true' and '' == 'true').
       Se omiti├│ el destino "_GetComHostPaths" debido a una condici├│n falsa (False); ('$(EnableComHosting)' == 'true' and '$(_IsExecutable)' != 'true') se evalu├│ como ('' == 'true' and '' != 'true').
       Se omiti├│ el destino "_GetIjwHostPaths" debido a una condici├│n falsa (False); ('$(UseIJWHost)' == 'true') se evalu├│ como ('' == 'true').
  6:11>Destino "_ComputeNETCoreBuildOutputFiles" en el archivo "C:\Program Files\dotnet\sdk\9.0.201\Sdks\Microsoft.NET.Sdk\targets\Microsoft.NET.Sdk.targets" del proyecto "D:\Users\Jhon\Documentos\Mintrabajo\Modulo General usuarios\AuthSystemNew\AuthSystem.Domain\AuthSystem.Domain.csproj" (el destino "AssignTargetPaths" depende de ├®l):
  6:11>Compilaci├│n terminada del destino "_ComputeNETCoreBuildOutputFiles" en el proyecto "AuthSystem.Domain.csproj".
  6:11>Destino "AssignTargetPaths" en el archivo "C:\Program Files\dotnet\sdk\9.0.201\Microsoft.Common.CurrentVersion.targets" del proyecto "D:\Users\Jhon\Documentos\Mintrabajo\Modulo General usuarios\AuthSystemNew\AuthSystem.Domain\AuthSystem.Domain.csproj" (el destino "PrepareResourceNames" depende de ├®l):
       Usando la tarea "AssignTargetPath" del ensamblado "Microsoft.Build.Tasks.Core, Version=15.1.0.0, Culture=neutral, PublicKeyToken=b03f5f7f11d50a3a".
       Tarea "AssignTargetPath"
       Ejecuci├│n de la tarea "AssignTargetPath" terminada.
       Tarea "AssignTargetPath"
       Ejecuci├│n de la tarea "AssignTargetPath" terminada.
       Tarea "AssignTargetPath"
       Ejecuci├│n de la tarea "AssignTargetPath" terminada.
       Tarea "AssignTargetPath"
       Ejecuci├│n de la tarea "AssignTargetPath" terminada.
       Se omiti├│ la tarea "AssignTargetPath" debido a una condici├│n falsa (False); ('@(_DeploymentBaseManifestWithTargetPath)'=='' and '%(None.Extension)'=='.manifest') se evalu├│ como (''=='' and ''=='.manifest').
  6:11>Compilaci├│n terminada del destino "AssignTargetPaths" en el proyecto "AuthSystem.Domain.csproj".
       Se omiti├│ el destino "AssignTargetPaths". Compilado previamente de forma correcta.
  6:11>Destino "SplitResourcesByCulture" en el archivo "C:\Program Files\dotnet\sdk\9.0.201\Microsoft.Common.CurrentVersion.targets" del proyecto "D:\Users\Jhon\Documentos\Mintrabajo\Modulo General usuarios\AuthSystemNew\AuthSystem.Domain\AuthSystem.Domain.csproj" (el destino "PrepareResourceNames" depende de ├®l):
       Se omiti├│ la tarea "MSBuildInternalMessage" debido a una condici├│n falsa (False); ('@(ResxWithNoCulture)'!='') se evalu├│ como (''!='').
       Se omiti├│ la tarea "MSBuildInternalMessage" debido a una condici├│n falsa (False); ('@(ResxWithCulture)'!='') se evalu├│ como (''!='').
       Se omiti├│ la tarea "MSBuildInternalMessage" debido a una condici├│n falsa (False); ('@(NonResxWithCulture)'!='') se evalu├│ como (''!='').
       Se omiti├│ la tarea "MSBuildInternalMessage" debido a una condici├│n falsa (False); ('@(NonResxWithNoCulture)'!='') se evalu├│ como (''!='').
       Usando la tarea "AssignCulture" del ensamblado "Microsoft.Build.Tasks.Core, Version=15.1.0.0, Culture=neutral, PublicKeyToken=b03f5f7f11d50a3a".
       Tarea "AssignCulture"
       Ejecuci├│n de la tarea "AssignCulture" terminada.
  6:11>Compilaci├│n terminada del destino "SplitResourcesByCulture" en el proyecto "AuthSystem.Domain.csproj".
       Se omiti├│ el destino "CreateManifestResourceNames" debido a una condici├│n falsa (False); ('@(EmbeddedResource)' != '') se evalu├│ como ('' != '').
  6:11>Destino "CreateCustomManifestResourceNames" en el archivo "C:\Program Files\dotnet\sdk\9.0.201\Microsoft.Common.CurrentVersion.targets" del proyecto "D:\Users\Jhon\Documentos\Mintrabajo\Modulo General usuarios\AuthSystemNew\AuthSystem.Domain\AuthSystem.Domain.csproj" (el destino "PrepareResourceNames" depende de ├®l):
  6:11>Compilaci├│n terminada del destino "CreateCustomManifestResourceNames" en el proyecto "AuthSystem.Domain.csproj".
  6:11>Destino "PrepareResourceNames" en el archivo "C:\Program Files\dotnet\sdk\9.0.201\Microsoft.Common.CurrentVersion.targets" del proyecto "D:\Users\Jhon\Documentos\Mintrabajo\Modulo General usuarios\AuthSystemNew\AuthSystem.Domain\AuthSystem.Domain.csproj" (el destino "PrepareResources" depende de ├®l):
  6:11>Compilaci├│n terminada del destino "PrepareResourceNames" en el proyecto "AuthSystem.Domain.csproj".
       Se omiti├│ el destino "ResolveAssemblyReferences". Compilado previamente de forma correcta.
       Se omiti├│ el destino "SplitResourcesByCulture". Compilado previamente de forma correcta.
  6:11>Destino "BeforeResGen" en el archivo "C:\Program Files\dotnet\sdk\9.0.201\Microsoft.Common.CurrentVersion.targets" del proyecto "D:\Users\Jhon\Documentos\Mintrabajo\Modulo General usuarios\AuthSystemNew\AuthSystem.Domain\AuthSystem.Domain.csproj" (el destino "ResGen" depende de ├®l):
  6:11>Compilaci├│n terminada del destino "BeforeResGen" en el proyecto "AuthSystem.Domain.csproj".
       Se omiti├│ el destino "ResolveReferences". Compilado previamente de forma correcta.
  6:11>Destino "FindReferenceAssembliesForReferences" en el archivo "C:\Program Files\dotnet\sdk\9.0.201\Microsoft.Common.CurrentVersion.targets" del proyecto "D:\Users\Jhon\Documentos\Mintrabajo\Modulo General usuarios\AuthSystemNew\AuthSystem.Domain\AuthSystem.Domain.csproj" (el destino "CoreResGen" depende de ├®l):
  6:11>Compilaci├│n terminada del destino "FindReferenceAssembliesForReferences" en el proyecto "AuthSystem.Domain.csproj".
  6:11>Destino "CoreResGen" en el archivo "C:\Program Files\dotnet\sdk\9.0.201\Microsoft.Common.CurrentVersion.targets" del proyecto "D:\Users\Jhon\Documentos\Mintrabajo\Modulo General usuarios\AuthSystemNew\AuthSystem.Domain\AuthSystem.Domain.csproj" (el destino "ResGen" depende de ├®l):
       Se omiti├│ la tarea "GenerateResource" debido a una condici├│n falsa (False); ('%(EmbeddedResource.Type)' == 'Resx' and '%(EmbeddedResource.GenerateResource)' != 'false' and '$(GenerateResourceMSBuildRuntime)' != 'CLR2') se evalu├│ como ('' == 'Resx' and '' != 'false' and 'CurrentRuntime' != 'CLR2').
       Se omiti├│ la tarea "GenerateResource" debido a una condici├│n falsa (False); ('%(EmbeddedResource.Type)' == 'Resx' and '%(EmbeddedResource.GenerateResource)' != 'false' and '$(GenerateResourceMSBuildRuntime)' == 'CLR2') se evalu├│ como ('' == 'Resx' and '' != 'false' and 'CurrentRuntime' == 'CLR2').
  6:11>Compilaci├│n terminada del destino "CoreResGen" en el proyecto "AuthSystem.Domain.csproj".
  6:11>Destino "AfterResGen" en el archivo "C:\Program Files\dotnet\sdk\9.0.201\Microsoft.Common.CurrentVersion.targets" del proyecto "D:\Users\Jhon\Documentos\Mintrabajo\Modulo General usuarios\AuthSystemNew\AuthSystem.Domain\AuthSystem.Domain.csproj" (el destino "ResGen" depende de ├®l):
  6:11>Compilaci├│n terminada del destino "AfterResGen" en el proyecto "AuthSystem.Domain.csproj".
  6:11>Destino "ResGen" en el archivo "C:\Program Files\dotnet\sdk\9.0.201\Microsoft.Common.CurrentVersion.targets" del proyecto "D:\Users\Jhon\Documentos\Mintrabajo\Modulo General usuarios\AuthSystemNew\AuthSystem.Domain\AuthSystem.Domain.csproj" (el destino "PrepareResources" depende de ├®l):
  6:11>Compilaci├│n terminada del destino "ResGen" en el proyecto "AuthSystem.Domain.csproj".
       Se omiti├│ el destino "CompileLicxFiles" debido a una condici├│n falsa (False); ('@(_LicxFile)'!='') se evalu├│ como (''!='').
  6:11>Destino "PrepareResources" en el archivo "C:\Program Files\dotnet\sdk\9.0.201\Microsoft.Common.CurrentVersion.targets" del proyecto "D:\Users\Jhon\Documentos\Mintrabajo\Modulo General usuarios\AuthSystemNew\AuthSystem.Domain\AuthSystem.Domain.csproj" (el destino "CoreBuild" depende de ├®l):
  6:11>Compilaci├│n terminada del destino "PrepareResources" en el proyecto "AuthSystem.Domain.csproj".
       Se omiti├│ el destino "ResolveKeySource" debido a una condici├│n falsa (False); ($(SignManifests) == 'true' or $(SignAssembly) == 'true') se evalu├│ como ( == 'true' or false == 'true').
       Se omiti├│ el destino "ResolveReferences". Compilado previamente de forma correcta.
       Se omiti├│ el destino "ResolveKeySource" debido a una condici├│n falsa (False); ($(SignManifests) == 'true' or $(SignAssembly) == 'true') se evalu├│ como ( == 'true' or false == 'true').
       Se omiti├│ el destino "ResolveComReferences" debido a una condici├│n falsa (False); ('@(COMReference)'!='' or '@(COMFileReference)'!='') se evalu├│ como (''!='' or ''!='').
       Se omiti├│ el destino "ResolveNativeReferences" debido a una condici├│n falsa (False); ('@(NativeReference)'!='') se evalu├│ como (''!='').
       Se omiti├│ el destino "_SetExternalWin32ManifestProperties" debido a una condici├│n falsa (False); ('$(GenerateClickOnceManifests)'=='true' or '@(NativeReference)'!='' or '@(ResolvedIsolatedComModules)'!='') se evalu├│ como (''=='true' or ''!='' or ''!='').
  6:11>Destino "_SetEmbeddedWin32ManifestProperties" en el archivo "C:\Program Files\dotnet\sdk\9.0.201\Microsoft.Common.CurrentVersion.targets" del proyecto "D:\Users\Jhon\Documentos\Mintrabajo\Modulo General usuarios\AuthSystemNew\AuthSystem.Domain\AuthSystem.Domain.csproj" (el destino "SetWin32ManifestProperties" depende de ├®l):
       Usando la tarea "GetFrameworkPath" del ensamblado "Microsoft.Build.Tasks.Core, Version=15.1.0.0, Culture=neutral, PublicKeyToken=b03f5f7f11d50a3a".
       Tarea "GetFrameworkPath"
       Ejecuci├│n de la tarea "GetFrameworkPath" terminada.
  6:11>Compilaci├│n terminada del destino "_SetEmbeddedWin32ManifestProperties" en el proyecto "AuthSystem.Domain.csproj".
  6:11>Destino "SetWin32ManifestProperties" en el archivo "C:\Program Files\dotnet\sdk\9.0.201\Microsoft.Common.CurrentVersion.targets" del proyecto "D:\Users\Jhon\Documentos\Mintrabajo\Modulo General usuarios\AuthSystemNew\AuthSystem.Domain\AuthSystem.Domain.csproj" (el destino "Compile" depende de ├®l):
  6:11>Compilaci├│n terminada del destino "SetWin32ManifestProperties" en el proyecto "AuthSystem.Domain.csproj".
       Se omiti├│ el destino "_SetPreferNativeArm64Win32ManifestProperties" debido a una condici├│n falsa (False); ( '$(PreferNativeArm64)'=='true' and '$(NoWin32Manifest)'!='true') se evalu├│ como ( 'false'=='true' and ''!='true').
     0>Reasignaci├│n de propiedad: $(ProjectAssetsCacheFile)="D:\Users\Jhon\Documentos\Mintrabajo\Modulo General usuarios\AuthSystemNew\AuthSystem.API\obj\Debug\net8.0\AuthSystem.API.assets.cache" (valor anterior: "obj\Debug\net8.0\AuthSystem.API.assets.cache") en C:\Program Files\dotnet\sdk\9.0.201\Sdks\Microsoft.NET.Sdk\targets\Microsoft.PackageDependencyResolution.targets (29,5)
  6:11>Se omiti├│ el destino "FindReferenceAssembliesForReferences". Compilado previamente de forma correcta.
     0>Reasignaci├│n de propiedad: $(ResolveAssemblyReferencesDependsOn)="
      
      ResolveProjectReferences;
      FindInvalidProjectReferences;
      GetFrameworkPaths;
      GetReferenceAssemblyPaths;
      PrepareForBuild;
      ResolveSDKReferences;
      ExpandSDKReferences;
    ;
      ResolvePackageDependenciesForBuild;
      _HandlePackageFileConflicts;
    " (valor anterior: "
      ResolveProjectReferences;
      FindInvalidProjectReferences;
      GetFrameworkPaths;
      GetReferenceAssemblyPaths;
      PrepareForBuild;
      ResolveSDKReferences;
      ExpandSDKReferences;
    ") en C:\Program Files\dotnet\sdk\9.0.201\Sdks\Microsoft.NET.Sdk\targets\Microsoft.PackageDependencyResolution.targets (80,5)
       Reasignaci├│n de propiedad: $(PrepareResourcesDependsOn)="
             ResolvePackageDependenciesForBuild;
             _HandlePackageFileConflicts;
             
             ;
             PrepareResourceNames;
             ResGen;
             CompileLicxFiles
           
           " (valor anterior: "
             ;
             PrepareResourceNames;
             ResGen;
             CompileLicxFiles
           ") en C:\Program Files\dotnet\sdk\9.0.201\Sdks\Microsoft.NET.Sdk\targets\Microsoft.PackageDependencyResolution.targets (86,5)
  6:11>Destino "_GenerateCompileInputs" en el archivo "C:\Program Files\dotnet\sdk\9.0.201\Microsoft.Common.CurrentVersion.targets" del proyecto "D:\Users\Jhon\Documentos\Mintrabajo\Modulo General usuarios\AuthSystemNew\AuthSystem.Domain\AuthSystem.Domain.csproj" (el destino "Compile" depende de ├®l):
  6:11>Se omiti├│ la tarea "MSBuildInternalMessage" debido a una condici├│n falsa (False); ('@(ManifestResourceWithNoCulture)'!='' and '%(ManifestResourceWithNoCulture.EmittedForCompatibilityOnly)'=='') se evalu├│ como (''!='' and ''=='').
       Se omiti├│ la tarea "MSBuildInternalMessage" debido a una condici├│n falsa (False); ('@(ManifestNonResxWithNoCultureOnDisk)'!='' and '%(ManifestNonResxWithNoCultureOnDisk.EmittedForCompatibilityOnly)'=='') se evalu├│ como (''!='' and ''=='').
  6:11>Compilaci├│n terminada del destino "_GenerateCompileInputs" en el proyecto "AuthSystem.Domain.csproj".
       Se omiti├│ el destino "GenerateTargetPlatformDefineConstants" debido a una condici├│n falsa (False); ( '$(DisableImplicitFrameworkDefines)' != 'true' and '$(TargetPlatformIdentifier)' != '' and '$(TargetFrameworkIdentifier)' == '.NETCoreApp' and $([MSBuild]::VersionGreaterThanOrEquals($(TargetFrameworkVersion), 5.0)) ) se evalu├│ como ( '' != 'true' and '' != '' and '.NETCoreApp' == '.NETCoreApp' and True ).
  6:11>Destino "GenerateNETCompatibleDefineConstants" en el archivo "C:\Program Files\dotnet\sdk\9.0.201\Sdks\Microsoft.NET.Sdk\targets\Microsoft.NET.Sdk.BeforeCommon.targets" del proyecto "D:\Users\Jhon\Documentos\Mintrabajo\Modulo General usuarios\AuthSystemNew\AuthSystem.Domain\AuthSystem.Domain.csproj" (el destino "AddImplicitDefineConstants" depende de ├®l):
  6:11>Compilaci├│n terminada del destino "GenerateNETCompatibleDefineConstants" en el proyecto "AuthSystem.Domain.csproj".
       Se omiti├│ el destino "GeneratePlatformCompatibleDefineConstants" debido a una condici├│n falsa (False); ( '$(DisableImplicitFrameworkDefines)' != 'true' and '$(TargetPlatformIdentifier)' != '' and '$(TargetFrameworkIdentifier)' == '.NETCoreApp' and $([MSBuild]::VersionGreaterThanOrEquals($(TargetFrameworkVersion), 5.0)) ) se evalu├│ como ( '' != 'true' and '' != '' and '.NETCoreApp' == '.NETCoreApp' and True ).
       Se omiti├│ el destino "_DisableDiagnosticTracing" debido a una condici├│n falsa (False); ('$(DisableDiagnosticTracing)' == 'true') se evalu├│ como ('' == 'true').
  6:11>Destino "AddImplicitDefineConstants" en el archivo "C:\Program Files\dotnet\sdk\9.0.201\Sdks\Microsoft.NET.Sdk\targets\Microsoft.NET.Sdk.BeforeCommon.targets" del proyecto "D:\Users\Jhon\Documentos\Mintrabajo\Modulo General usuarios\AuthSystemNew\AuthSystem.Domain\AuthSystem.Domain.csproj" (el destino "BeforeCompile" depende de ├®l):
  6:11>Compilaci├│n terminada del destino "AddImplicitDefineConstants" en el proyecto "AuthSystem.Domain.csproj".
       Se omiti├│ el destino "PrepareForBuild". Compilado previamente de forma correcta.
  6:11>Destino "GenerateMSBuildEditorConfigFileShouldRun" en el archivo "C:\Program Files\dotnet\sdk\9.0.201\Roslyn\Microsoft.Managed.Core.targets" del proyecto "D:\Users\Jhon\Documentos\Mintrabajo\Modulo General usuarios\AuthSystemNew\AuthSystem.Domain\AuthSystem.Domain.csproj" (el destino "GenerateMSBuildEditorConfigFile" depende de ├®l):
  6:11>Compilaci├│n terminada del destino "GenerateMSBuildEditorConfigFileShouldRun" en el proyecto "AuthSystem.Domain.csproj".
  6:11>Destino "AddGlobalAnalyzerConfigForPackage_MicrosoftCodeAnalysisCSharpCodeStyle" en el archivo "C:\Program Files\dotnet\sdk\9.0.201\Sdks\Microsoft.NET.Sdk\codestyle\cs\build\Microsoft.CodeAnalysis.CSharp.CodeStyle.targets" del proyecto "D:\Users\Jhon\Documentos\Mintrabajo\Modulo General usuarios\AuthSystemNew\AuthSystem.Domain\AuthSystem.Domain.csproj" (el destino "GenerateMSBuildEditorConfigFileCore" depende de ├®l):
  6:11>Compilaci├│n terminada del destino "AddGlobalAnalyzerConfigForPackage_MicrosoftCodeAnalysisCSharpCodeStyle" en el proyecto "AuthSystem.Domain.csproj".
  6:11>Destino "GenerateMSBuildEditorConfigFileCore" en el archivo "C:\Program Files\dotnet\sdk\9.0.201\Roslyn\Microsoft.Managed.Core.targets" del proyecto "D:\Users\Jhon\Documentos\Mintrabajo\Modulo General usuarios\AuthSystemNew\AuthSystem.Domain\AuthSystem.Domain.csproj" (el destino "GenerateMSBuildEditorConfigFile" depende de ├®l):
       Compilando completamente el destino "GenerateMSBuildEditorConfigFileCore".
       No se especificaron archivos de entrada.
       Usando la tarea "GenerateMSBuildEditorConfig" del ensamblado "C:\Program Files\dotnet\sdk\9.0.201\Roslyn\Microsoft.Build.Tasks.CodeAnalysis.dll".
       Tarea "GenerateMSBuildEditorConfig"
     0>Reasignaci├│n de propiedad: $(DefaultItemExcludes)=";**\node_modules\**;node_modules\**;**\jspm_packages\**;jspm_packages\**;**\bower_components\**;bower_components\**;**\packages.lock.json;bin\Debug\/**;obj\Debug\/**;bin\/**" (valor anterior: ";**\node_modules\**;node_modules\**;**\jspm_packages\**;jspm_packages\**;**\bower_components\**;bower_components\**;**\packages.lock.json;bin\Debug\/**;obj\Debug\/**") en C:\Program Files\dotnet\sdk\9.0.201\Sdks\Microsoft.NET.Sdk\targets\Microsoft.NET.Sdk.DefaultItems.targets (27,5)
  6:11>Ejecuci├│n de la tarea "GenerateMSBuildEditorConfig" terminada.
     0>Reasignaci├│n de propiedad: $(DefaultItemExcludes)=";**\node_modules\**;node_modules\**;**\jspm_packages\**;jspm_packages\**;**\bower_components\**;bower_components\**;**\packages.lock.json;bin\Debug\/**;obj\Debug\/**;bin\/**;obj\/**" (valor anterior: ";**\node_modules\**;node_modules\**;**\jspm_packages\**;jspm_packages\**;**\bower_components\**;bower_components\**;**\packages.lock.json;bin\Debug\/**;obj\Debug\/**;bin\/**") en C:\Program Files\dotnet\sdk\9.0.201\Sdks\Microsoft.NET.Sdk\targets\Microsoft.NET.Sdk.DefaultItems.targets (29,5)
       Reasignaci├│n de propiedad: $(DefaultItemExcludes)=";**\node_modules\**;node_modules\**;**\jspm_packages\**;jspm_packages\**;**\bower_components\**;bower_components\**;**\packages.lock.json;bin\Debug\/**;obj\Debug\/**;bin\/**;obj\/**;**/*.user" (valor anterior: ";**\node_modules\**;node_modules\**;**\jspm_packages\**;jspm_packages\**;**\bower_components\**;bower_components\**;**\packages.lock.json;bin\Debug\/**;obj\Debug\/**;bin\/**;obj\/**") en C:\Program Files\dotnet\sdk\9.0.201\Sdks\Microsoft.NET.Sdk\targets\Microsoft.NET.Sdk.DefaultItems.targets (32,5)
  6:11>Compilaci├│n terminada del destino "GenerateMSBuildEditorConfigFileCore" en el proyecto "AuthSystem.Domain.csproj".
     0>Reasignaci├│n de propiedad: $(DefaultItemExcludes)=";**\node_modules\**;node_modules\**;**\jspm_packages\**;jspm_packages\**;**\bower_components\**;bower_components\**;**\packages.lock.json;bin\Debug\/**;obj\Debug\/**;bin\/**;obj\/**;**/*.user;**/*.*proj" (valor anterior: ";**\node_modules\**;node_modules\**;**\jspm_packages\**;jspm_packages\**;**\bower_components\**;bower_components\**;**\packages.lock.json;bin\Debug\/**;obj\Debug\/**;bin\/**;obj\/**;**/*.user") en C:\Program Files\dotnet\sdk\9.0.201\Sdks\Microsoft.NET.Sdk\targets\Microsoft.NET.Sdk.DefaultItems.targets (33,5)
       Reasignaci├│n de propiedad: $(DefaultItemExcludes)=";**\node_modules\**;node_modules\**;**\jspm_packages\**;jspm_packages\**;**\bower_components\**;bower_components\**;**\packages.lock.json;bin\Debug\/**;obj\Debug\/**;bin\/**;obj\/**;**/*.user;**/*.*proj;**/*.sln" (valor anterior: ";**\node_modules\**;node_modules\**;**\jspm_packages\**;jspm_packages\**;**\bower_components\**;bower_components\**;**\packages.lock.json;bin\Debug\/**;obj\Debug\/**;bin\/**;obj\/**;**/*.user;**/*.*proj") en C:\Program Files\dotnet\sdk\9.0.201\Sdks\Microsoft.NET.Sdk\targets\Microsoft.NET.Sdk.DefaultItems.targets (34,5)
       Reasignaci├│n de propiedad: $(DefaultItemExcludes)=";**\node_modules\**;node_modules\**;**\jspm_packages\**;jspm_packages\**;**\bower_components\**;bower_components\**;**\packages.lock.json;bin\Debug\/**;obj\Debug\/**;bin\/**;obj\/**;**/*.user;**/*.*proj;**/*.sln;**/*.vssscc" (valor anterior: ";**\node_modules\**;node_modules\**;**\jspm_packages\**;jspm_packages\**;**\bower_components\**;bower_components\**;**\packages.lock.json;bin\Debug\/**;obj\Debug\/**;bin\/**;obj\/**;**/*.user;**/*.*proj;**/*.sln") en C:\Program Files\dotnet\sdk\9.0.201\Sdks\Microsoft.NET.Sdk\targets\Microsoft.NET.Sdk.DefaultItems.targets (35,5)
       Reasignaci├│n de propiedad: $(DefaultItemExcludes)=";**\node_modules\**;node_modules\**;**\jspm_packages\**;jspm_packages\**;**\bower_components\**;bower_components\**;**\packages.lock.json;bin\Debug\/**;obj\Debug\/**;bin\/**;obj\/**;**/*.user;**/*.*proj;**/*.sln;**/*.vssscc;**/.DS_Store" (valor anterior: ";**\node_modules\**;node_modules\**;**\jspm_packages\**;jspm_packages\**;**\bower_components\**;bower_components\**;**\packages.lock.json;bin\Debug\/**;obj\Debug\/**;bin\/**;obj\/**;**/*.user;**/*.*proj;**/*.sln;**/*.vssscc") en C:\Program Files\dotnet\sdk\9.0.201\Sdks\Microsoft.NET.Sdk\targets\Microsoft.NET.Sdk.DefaultItems.targets (36,5)
  6:11>Destino "GenerateMSBuildEditorConfigFile" en el archivo "C:\Program Files\dotnet\sdk\9.0.201\Roslyn\Microsoft.Managed.Core.targets" del proyecto "D:\Users\Jhon\Documentos\Mintrabajo\Modulo General usuarios\AuthSystemNew\AuthSystem.Domain\AuthSystem.Domain.csproj" (el destino "BeforeCompile" depende de ├®l):
  6:11>Compilaci├│n terminada del destino "GenerateMSBuildEditorConfigFile" en el proyecto "AuthSystem.Domain.csproj".
       Se omiti├│ el destino "PrepareForBuild". Compilado previamente de forma correcta.
       Se omiti├│ el destino "GetReferenceAssemblyPaths". Compilado previamente de forma correcta.
  6:11>Destino "_SetTargetFrameworkMonikerAttribute" en el archivo "C:\Program Files\dotnet\sdk\9.0.201\Microsoft.CSharp.CurrentVersion.targets" del proyecto "D:\Users\Jhon\Documentos\Mintrabajo\Modulo General usuarios\AuthSystemNew\AuthSystem.Domain\AuthSystem.Domain.csproj" (el destino "GenerateTargetFrameworkMonikerAttribute" depende de ├®l):
  6:11>Compilaci├│n terminada del destino "_SetTargetFrameworkMonikerAttribute" en el proyecto "AuthSystem.Domain.csproj".
  6:11>Destino "GenerateTargetFrameworkMonikerAttribute" en el archivo "C:\Program Files\dotnet\sdk\9.0.201\Microsoft.Common.CurrentVersion.targets" del proyecto "D:\Users\Jhon\Documentos\Mintrabajo\Modulo General usuarios\AuthSystemNew\AuthSystem.Domain\AuthSystem.Domain.csproj" (el destino "BeforeCompile" depende de ├®l):
       Se omitir├í el destino "GenerateTargetFrameworkMonikerAttribute" porque todos los archivos de salida est├ín actualizados respecto a los archivos de entrada.
       Archivos de entrada: C:\Program Files\dotnet\sdk\9.0.201\Microsoft.Common.targets
       Archivos de salida: obj\Debug\net8.0\.NETCoreApp,Version=v8.0.AssemblyAttributes.cs
  6:11>Compilaci├│n terminada del destino "GenerateTargetFrameworkMonikerAttribute" en el proyecto "AuthSystem.Domain.csproj".
       Se omiti├│ el destino "GenerateAdditionalSources" debido a una condici├│n falsa (False); ('@(AssemblyAttributes)' != '' and '$(GenerateAdditionalSources)' == 'true') se evalu├│ como ('' != '' and '' == 'true').
       Se omiti├│ el destino "PrepareForBuild". Compilado previamente de forma correcta.
  6:11>Destino "GetAssemblyVersion" en el archivo "C:\Program Files\dotnet\sdk\9.0.201\Sdks\Microsoft.NET.Sdk\targets\Microsoft.NET.GenerateAssemblyInfo.targets" del proyecto "D:\Users\Jhon\Documentos\Mintrabajo\Modulo General usuarios\AuthSystemNew\AuthSystem.Domain\AuthSystem.Domain.csproj" (el destino "GetAssemblyAttributes" depende de ├®l):
       Usando la tarea "GetAssemblyVersion" del ensamblado "C:\Program Files\dotnet\sdk\9.0.201\Sdks\Microsoft.NET.Sdk\targets\..\tools\net9.0\Microsoft.NET.Build.Tasks.dll".
       Tarea "GetAssemblyVersion"
       Ejecuci├│n de la tarea "GetAssemblyVersion" terminada.
  6:11>Compilaci├│n terminada del destino "GetAssemblyVersion" en el proyecto "AuthSystem.Domain.csproj".
       Se omiti├│ el destino "GetAssemblyVersion". Compilado previamente de forma correcta.
  6:11>Destino "InitializeSourceControlInformationFromSourceControlManager" en el archivo "C:\Program Files\dotnet\sdk\9.0.201\Sdks\Microsoft.Build.Tasks.Git\build\Microsoft.Build.Tasks.Git.targets" del proyecto "D:\Users\Jhon\Documentos\Mintrabajo\Modulo General usuarios\AuthSystemNew\AuthSystem.Domain\AuthSystem.Domain.csproj" (el destino "_InitializeSourceControlInformationFromSourceControlManager" depende de ├®l):
       Usando la tarea "Microsoft.Build.Tasks.Git.LocateRepository" del ensamblado "C:\Program Files\dotnet\sdk\9.0.201\Sdks\Microsoft.Build.Tasks.Git\build\..\tools\net\Microsoft.Build.Tasks.Git.dll".
       Tarea "Microsoft.Build.Tasks.Git.LocateRepository"
         SourceLink: Repository instance not found in cache: '*:D:\Users\Jhon\Documentos\Mintrabajo\Modulo General usuarios\AuthSystemNew\.git'
       Ejecuci├│n de la tarea "Microsoft.Build.Tasks.Git.LocateRepository" terminada.
  6:11>Compilaci├│n terminada del destino "InitializeSourceControlInformationFromSourceControlManager" en el proyecto "AuthSystem.Domain.csproj".
  6:11>Destino "_SourceLinkHasSingleProvider" en el archivo "C:\Program Files\dotnet\sdk\9.0.201\Sdks\Microsoft.SourceLink.Common\build\InitializeSourceControlInformation.targets" del proyecto "D:\Users\Jhon\Documentos\Mintrabajo\Modulo General usuarios\AuthSystemNew\AuthSystem.Domain\AuthSystem.Domain.csproj" (el destino "_InitializeSourceControlInformationFromSourceControlManager" depende de ├®l):
       Usando la tarea "Microsoft.SourceLink.Common.SourceLinkHasSingleProvider" del ensamblado "C:\Program Files\dotnet\sdk\9.0.201\Sdks\Microsoft.SourceLink.Common\build\..\tools\net\Microsoft.SourceLink.Common.dll".
       Tarea "Microsoft.SourceLink.Common.SourceLinkHasSingleProvider"
       Ejecuci├│n de la tarea "Microsoft.SourceLink.Common.SourceLinkHasSingleProvider" terminada.
  6:11>Compilaci├│n terminada del destino "_SourceLinkHasSingleProvider" en el proyecto "AuthSystem.Domain.csproj".
  6:11>Destino "TranslateGitHubUrlsInSourceControlInformation" en el archivo "C:\Program Files\dotnet\sdk\9.0.201\Sdks\Microsoft.SourceLink.GitHub\build\Microsoft.SourceLink.GitHub.targets" del proyecto "D:\Users\Jhon\Documentos\Mintrabajo\Modulo General usuarios\AuthSystemNew\AuthSystem.Domain\AuthSystem.Domain.csproj" (el destino "_InitializeSourceControlInformationFromSourceControlManager" depende de ├®l):
       Usando la tarea "Microsoft.SourceLink.GitHub.TranslateRepositoryUrls" del ensamblado "C:\Program Files\dotnet\sdk\9.0.201\Sdks\Microsoft.SourceLink.GitHub\build\..\tools\net\Microsoft.SourceLink.GitHub.dll".
       Tarea "Microsoft.SourceLink.GitHub.TranslateRepositoryUrls"
       Ejecuci├│n de la tarea "Microsoft.SourceLink.GitHub.TranslateRepositoryUrls" terminada.
  6:11>Compilaci├│n terminada del destino "TranslateGitHubUrlsInSourceControlInformation" en el proyecto "AuthSystem.Domain.csproj".
  6:11>Destino "TranslateGitLabUrlsInSourceControlInformation" en el archivo "C:\Program Files\dotnet\sdk\9.0.201\Sdks\Microsoft.SourceLink.GitLab\build\Microsoft.SourceLink.GitLab.targets" del proyecto "D:\Users\Jhon\Documentos\Mintrabajo\Modulo General usuarios\AuthSystemNew\AuthSystem.Domain\AuthSystem.Domain.csproj" (el destino "_InitializeSourceControlInformationFromSourceControlManager" depende de ├®l):
       Usando la tarea "Microsoft.SourceLink.GitLab.TranslateRepositoryUrls" del ensamblado "C:\Program Files\dotnet\sdk\9.0.201\Sdks\Microsoft.SourceLink.GitLab\build\..\tools\net\Microsoft.SourceLink.GitLab.dll".
       Tarea "Microsoft.SourceLink.GitLab.TranslateRepositoryUrls"
       Ejecuci├│n de la tarea "Microsoft.SourceLink.GitLab.TranslateRepositoryUrls" terminada.
  6:11>Compilaci├│n terminada del destino "TranslateGitLabUrlsInSourceControlInformation" en el proyecto "AuthSystem.Domain.csproj".
  6:11>Destino "TranslateAzureReposGitUrlsInSourceControlInformation" en el archivo "C:\Program Files\dotnet\sdk\9.0.201\Sdks\Microsoft.SourceLink.AzureRepos.Git\build\Microsoft.SourceLink.AzureRepos.Git.targets" del proyecto "D:\Users\Jhon\Documentos\Mintrabajo\Modulo General usuarios\AuthSystemNew\AuthSystem.Domain\AuthSystem.Domain.csproj" (el destino "_InitializeSourceControlInformationFromSourceControlManager" depende de ├®l):
       Usando la tarea "Microsoft.SourceLink.AzureRepos.Git.TranslateRepositoryUrls" del ensamblado "C:\Program Files\dotnet\sdk\9.0.201\Sdks\Microsoft.SourceLink.AzureRepos.Git\build\..\tools\net\Microsoft.SourceLink.AzureRepos.Git.dll".
       Tarea "Microsoft.SourceLink.AzureRepos.Git.TranslateRepositoryUrls"
       Ejecuci├│n de la tarea "Microsoft.SourceLink.AzureRepos.Git.TranslateRepositoryUrls" terminada.
  6:11>Compilaci├│n terminada del destino "TranslateAzureReposGitUrlsInSourceControlInformation" en el proyecto "AuthSystem.Domain.csproj".
  6:11>Destino "TranslateBitbucketGitUrlsInSourceControlInformation" en el archivo "C:\Program Files\dotnet\sdk\9.0.201\Sdks\Microsoft.SourceLink.Bitbucket.Git\build\Microsoft.SourceLink.Bitbucket.Git.targets" del proyecto "D:\Users\Jhon\Documentos\Mintrabajo\Modulo General usuarios\AuthSystemNew\AuthSystem.Domain\AuthSystem.Domain.csproj" (el destino "_InitializeSourceControlInformationFromSourceControlManager" depende de ├®l):
       Usando la tarea "Microsoft.SourceLink.Bitbucket.Git.TranslateRepositoryUrls" del ensamblado "C:\Program Files\dotnet\sdk\9.0.201\Sdks\Microsoft.SourceLink.Bitbucket.Git\build\..\tools\net\Microsoft.SourceLink.Bitbucket.Git.dll".
       Tarea "Microsoft.SourceLink.Bitbucket.Git.TranslateRepositoryUrls"
       Ejecuci├│n de la tarea "Microsoft.SourceLink.Bitbucket.Git.TranslateRepositoryUrls" terminada.
  6:11>Compilaci├│n terminada del destino "TranslateBitbucketGitUrlsInSourceControlInformation" en el proyecto "AuthSystem.Domain.csproj".
  6:11>Destino "SourceControlManagerPublishTranslatedUrls" en el archivo "C:\Program Files\dotnet\sdk\9.0.201\Sdks\Microsoft.SourceLink.Common\build\InitializeSourceControlInformation.targets" del proyecto "D:\Users\Jhon\Documentos\Mintrabajo\Modulo General usuarios\AuthSystemNew\AuthSystem.Domain\AuthSystem.Domain.csproj" (el destino "_InitializeSourceControlInformationFromSourceControlManager" depende de ├®l):
  6:11>Compilaci├│n terminada del destino "SourceControlManagerPublishTranslatedUrls" en el proyecto "AuthSystem.Domain.csproj".
  6:11>Destino "_InitializeSourceControlInformationFromSourceControlManager" en el archivo "C:\Program Files\dotnet\sdk\9.0.201\Sdks\Microsoft.SourceLink.Common\build\InitializeSourceControlInformation.targets" del proyecto "D:\Users\Jhon\Documentos\Mintrabajo\Modulo General usuarios\AuthSystemNew\AuthSystem.Domain\AuthSystem.Domain.csproj" (el destino "InitializeSourceControlInformation" depende de ├®l):
  6:11>Compilaci├│n terminada del destino "_InitializeSourceControlInformationFromSourceControlManager" en el proyecto "AuthSystem.Domain.csproj".
  6:11>Destino "InitializeSourceControlInformation" en el archivo "C:\Program Files\dotnet\sdk\9.0.201\Microsoft.Common.CurrentVersion.targets" del proyecto "D:\Users\Jhon\Documentos\Mintrabajo\Modulo General usuarios\AuthSystemNew\AuthSystem.Domain\AuthSystem.Domain.csproj" (el destino "AddSourceRevisionToInformationalVersion" depende de ├®l):
  6:11>Compilaci├│n terminada del destino "InitializeSourceControlInformation" en el proyecto "AuthSystem.Domain.csproj".
  6:11>Destino "AddSourceRevisionToInformationalVersion" en el archivo "C:\Program Files\dotnet\sdk\9.0.201\Sdks\Microsoft.NET.Sdk\targets\Microsoft.NET.GenerateAssemblyInfo.targets" del proyecto "D:\Users\Jhon\Documentos\Mintrabajo\Modulo General usuarios\AuthSystemNew\AuthSystem.Domain\AuthSystem.Domain.csproj" (el destino "GetAssemblyAttributes" depende de ├®l):
  6:11>Compilaci├│n terminada del destino "AddSourceRevisionToInformationalVersion" en el proyecto "AuthSystem.Domain.csproj".
       Se omiti├│ el destino "_GetUserSecretsAssemblyAttribute" debido a una condici├│n falsa (False); ( '$(UserSecretsId)' != '' AND '$(GenerateUserSecretsAttribute)' != 'false' AND '$(GeneratedUserSecretsAttributeFile)' == '' ) se evalu├│ como ( '' != '' AND '' != 'false' AND '' == '' ).
     0>Reasignaci├│n de propiedad: $(ResolveAssemblyReferencesDependsOn)="
      
      
      ResolveProjectReferences;
      FindInvalidProjectReferences;
      GetFrameworkPaths;
      GetReferenceAssemblyPaths;
      PrepareForBuild;
      ResolveSDKReferences;
      ExpandSDKReferences;
    ;
      ResolvePackageDependenciesForBuild;
      _HandlePackageFileConflicts;
    ;
      ResolveTargetingPackAssets;
    " (valor anterior: "
      
      ResolveProjectReferences;
      FindInvalidProjectReferences;
      GetFrameworkPaths;
      GetReferenceAssemblyPaths;
      PrepareForBuild;
      ResolveSDKReferences;
      ExpandSDKReferences;
    ;
      ResolvePackageDependenciesForBuild;
      _HandlePackageFileConflicts;
    ") en C:\Program Files\dotnet\sdk\9.0.201\Sdks\Microsoft.NET.Sdk\targets\Microsoft.NET.Sdk.FrameworkReferenceResolution.targets (14,5)
  6:11>Destino "GetAssemblyAttributes" en el archivo "C:\Program Files\dotnet\sdk\9.0.201\Sdks\Microsoft.NET.Sdk\targets\Microsoft.NET.GenerateAssemblyInfo.targets" del proyecto "D:\Users\Jhon\Documentos\Mintrabajo\Modulo General usuarios\AuthSystemNew\AuthSystem.Domain\AuthSystem.Domain.csproj" (el destino "CreateGeneratedAssemblyInfoInputsCacheFile" depende de ├®l):
  6:11>Compilaci├│n terminada del destino "GetAssemblyAttributes" en el proyecto "AuthSystem.Domain.csproj".
     0>Reasignaci├│n de propiedad: $(_GenerateRuntimeConfigurationPropertyInputsCache)="D:\Users\Jhon\Documentos\Mintrabajo\Modulo General usuarios\AuthSystemNew\AuthSystem.API\obj\Debug\net8.0\AuthSystem.API.genruntimeconfig.cache" (valor anterior: "obj\Debug\net8.0\AuthSystem.API.genruntimeconfig.cache") en C:\Program Files\dotnet\sdk\9.0.201\Sdks\Microsoft.NET.Sdk\targets\Microsoft.NET.Sdk.targets (44,5)
       Reasignaci├│n de propiedad: $(_GeneratePublishDependencyFilePropertyInputsCache)="D:\Users\Jhon\Documentos\Mintrabajo\Modulo General usuarios\AuthSystemNew\AuthSystem.API\obj\Debug\net8.0\AuthSystem.API.genpublishdeps.cache" (valor anterior: "obj\Debug\net8.0\AuthSystem.API.genpublishdeps.cache") en C:\Program Files\dotnet\sdk\9.0.201\Sdks\Microsoft.NET.Sdk\targets\Microsoft.NET.Sdk.targets (46,5)
       Reasignaci├│n de propiedad: $(_GenerateSingleFileBundlePropertyInputsCache)="D:\Users\Jhon\Documentos\Mintrabajo\Modulo General usuarios\AuthSystemNew\AuthSystem.API\obj\Debug\net8.0\AuthSystem.API.genbundle.cache" (valor anterior: "obj\Debug\net8.0\AuthSystem.API.genbundle.cache") en C:\Program Files\dotnet\sdk\9.0.201\Sdks\Microsoft.NET.Sdk\targets\Microsoft.NET.Sdk.targets (48,5)
  6:11>Destino "CreateGeneratedAssemblyInfoInputsCacheFile" en el archivo "C:\Program Files\dotnet\sdk\9.0.201\Sdks\Microsoft.NET.Sdk\targets\Microsoft.NET.GenerateAssemblyInfo.targets" del proyecto "D:\Users\Jhon\Documentos\Mintrabajo\Modulo General usuarios\AuthSystemNew\AuthSystem.Domain\AuthSystem.Domain.csproj" (el destino "CoreGenerateAssemblyInfo" depende de ├®l):
  6:11>Usando la tarea "Hash" del ensamblado "Microsoft.Build.Tasks.Core, Version=15.1.0.0, Culture=neutral, PublicKeyToken=b03f5f7f11d50a3a".
       Tarea "Hash"
     0>Reasignaci├│n de propiedad: $(GenerateRuntimeConfigDevFile)="false" (valor anterior: "true") en C:\Program Files\dotnet\sdk\9.0.201\Sdks\Microsoft.NET.Sdk\targets\Microsoft.NET.Sdk.targets (81,5)
  6:11>Ejecuci├│n de la tarea "Hash" terminada.
       Tarea "WriteLinesToFile"
         Omitiendo la escritura en el archivo "obj\Debug\net8.0\AuthSystem.Domain.AssemblyInfoInputs.cache" porque el contenido no cambiar├í.
       Ejecuci├│n de la tarea "WriteLinesToFile" terminada.
  6:11>Compilaci├│n terminada del destino "CreateGeneratedAssemblyInfoInputsCacheFile" en el proyecto "AuthSystem.Domain.csproj".
  6:11>Destino "CoreGenerateAssemblyInfo" en el archivo "C:\Program Files\dotnet\sdk\9.0.201\Sdks\Microsoft.NET.Sdk\targets\Microsoft.NET.GenerateAssemblyInfo.targets" del proyecto "D:\Users\Jhon\Documentos\Mintrabajo\Modulo General usuarios\AuthSystemNew\AuthSystem.Domain\AuthSystem.Domain.csproj" (el destino "GenerateAssemblyInfo" depende de ├®l):
       Se omitir├í el destino "CoreGenerateAssemblyInfo" porque todos los archivos de salida est├ín actualizados respecto a los archivos de entrada.
       Archivos de entrada: obj\Debug\net8.0\AuthSystem.Domain.AssemblyInfoInputs.cache
       Archivos de salida: obj\Debug\net8.0\AuthSystem.Domain.AssemblyInfo.cs
  6:11>Compilaci├│n terminada del destino "CoreGenerateAssemblyInfo" en el proyecto "AuthSystem.Domain.csproj".
  6:11>Destino "GenerateAssemblyInfo" en el archivo "C:\Program Files\dotnet\sdk\9.0.201\Sdks\Microsoft.NET.Sdk\targets\Microsoft.NET.GenerateAssemblyInfo.targets" del proyecto "D:\Users\Jhon\Documentos\Mintrabajo\Modulo General usuarios\AuthSystemNew\AuthSystem.Domain\AuthSystem.Domain.csproj" (el destino "BeforeCompile" depende de ├®l):
  6:11>Compilaci├│n terminada del destino "GenerateAssemblyInfo" en el proyecto "AuthSystem.Domain.csproj".
     0>Reasignaci├│n de propiedad: $(_DefaultUserProfileRuntimeStorePath)="C:\Users\JHON" (valor anterior: "") en C:\Program Files\dotnet\sdk\9.0.201\Sdks\Microsoft.NET.Sdk\targets\Microsoft.NET.Sdk.targets (97,5)
       Reasignaci├│n de propiedad: $(_DefaultUserProfileRuntimeStorePath)="C:\Users\JHON\.dotnet\store" (valor anterior: "C:\Users\JHON") en C:\Program Files\dotnet\sdk\9.0.201\Sdks\Microsoft.NET.Sdk\targets\Microsoft.NET.Sdk.targets (98,5)
  6:11>Destino "BeforeCompile" en el archivo "C:\Program Files\dotnet\sdk\9.0.201\Microsoft.Common.CurrentVersion.targets" del proyecto "D:\Users\Jhon\Documentos\Mintrabajo\Modulo General usuarios\AuthSystemNew\AuthSystem.Domain\AuthSystem.Domain.csproj" (el destino "Compile" depende de ├®l):
  6:11>Compilaci├│n terminada del destino "BeforeCompile" en el proyecto "AuthSystem.Domain.csproj".
       Se omiti├│ el destino "_TimeStampBeforeCompile" debido a una condici├│n falsa (False); ('$(RunPostBuildEvent)'=='OnOutputUpdated' or ('$(RegisterForComInterop)'=='true' and '$(OutputType)'=='library')) se evalu├│ como (''=='OnOutputUpdated' or (''=='true' and 'Library'=='library')).
       Se omiti├│ el destino "ResolveAssemblyReferences". Compilado previamente de forma correcta.
  6:11>Destino "_GenerateCompileDependencyCache" en el archivo "C:\Program Files\dotnet\sdk\9.0.201\Microsoft.Common.CurrentVersion.targets" del proyecto "D:\Users\Jhon\Documentos\Mintrabajo\Modulo General usuarios\AuthSystemNew\AuthSystem.Domain\AuthSystem.Domain.csproj" (el destino "Compile" depende de ├®l):
       Tarea "Hash"
       Ejecuci├│n de la tarea "Hash" terminada.
     0>Reasignaci├│n de propiedad: $(AvailablePlatforms)="Any CPU,x86,x64,ARM32" (valor anterior: "Any CPU,x86,x64") en C:\Program Files\dotnet\sdk\9.0.201\Sdks\Microsoft.NET.Sdk\targets\Microsoft.NET.Sdk.targets (140,5)
  6:11>Tarea "WriteLinesToFile"
     0>Reasignaci├│n de propiedad: $(AvailablePlatforms)="Any CPU,x86,x64,ARM32,ARM64" (valor anterior: "Any CPU,x86,x64,ARM32") en C:\Program Files\dotnet\sdk\9.0.201\Sdks\Microsoft.NET.Sdk\targets\Microsoft.NET.Sdk.targets (144,5)
  6:11>_GenerateCompileDependencyCache:
         Omitiendo la escritura en el archivo "obj\Debug\net8.0\AuthSystem.Domain.csproj.CoreCompileInputs.cache" porque el contenido no cambiar├í.
       Ejecuci├│n de la tarea "WriteLinesToFile" terminada.
     0>Reasignaci├│n de propiedad: $(CoreBuildDependsOn)="
      _CheckForBuildWithNoBuild;
      
      BuildOnlySettings;
      PrepareForBuild;
      PreBuildEvent;
      ResolveReferences;
      PrepareResources;
      ResolveKeySource;
      Compile;
      ExportWindowsMDFile;
      UnmanagedUnregistration;
      GenerateSerializationAssemblies;
      CreateSatelliteAssemblies;
      GenerateManifests;
      GetTargetPath;
      PrepareForRun;
      UnmanagedRegistration;
      IncrementalClean;
      PostBuildEvent
    ;
      GenerateBuildDependencyFile;
      GenerateBuildRuntimeConfigurationFiles
    " (valor anterior: "
      BuildOnlySettings;
      PrepareForBuild;
      PreBuildEvent;
      ResolveReferences;
      PrepareResources;
      ResolveKeySource;
      Compile;
      ExportWindowsMDFile;
      UnmanagedUnregistration;
      GenerateSerializationAssemblies;
      CreateSatelliteAssemblies;
      GenerateManifests;
      GetTargetPath;
      PrepareForRun;
      UnmanagedRegistration;
      IncrementalClean;
      PostBuildEvent
    ") en C:\Program Files\dotnet\sdk\9.0.201\Sdks\Microsoft.NET.Sdk\targets\Microsoft.NET.Sdk.targets (201,5)
       Reasignaci├│n de propiedad: $(CoreCleanDependsOn)="
             _SdkBeforeClean;
             
           " (valor anterior: "") en C:\Program Files\dotnet\sdk\9.0.201\Sdks\Microsoft.NET.Sdk\targets\Microsoft.NET.Sdk.targets (210,5)
  6:11>Compilaci├│n terminada del destino "_GenerateCompileDependencyCache" en el proyecto "AuthSystem.Domain.csproj".
     0>Reasignaci├│n de propiedad: $(RebuildDependsOn)="
      _SdkBeforeRebuild;
      
      BeforeRebuild;
      Clean;
      Build;
      AfterRebuild;
    
    " (valor anterior: "
      BeforeRebuild;
      Clean;
      Build;
      AfterRebuild;
    ") en C:\Program Files\dotnet\sdk\9.0.201\Sdks\Microsoft.NET.Sdk\targets\Microsoft.NET.Sdk.targets (217,5)
  6:11>Se omiti├│ el destino "_ComputeNonExistentFileProperty" debido a una condici├│n falsa (False); (('$(BuildingInsideVisualStudio)' == 'true') and ('$(BuildingOutOfProcess)' != 'true') and (('$(BuildingProject)' == 'false') or ('$(UseHostCompilerIfAvailable)' == 'true'))) se evalu├│ como (('' == 'true') and ('' != 'true') and (('true' == 'false') or ('true' == 'true'))).
     0>Reasignaci├│n de propiedad: $(CompileDependsOn)="
      
      ResolveReferences;
      ResolveKeySource;
      SetWin32ManifestProperties;
      _SetPreferNativeArm64Win32ManifestProperties;
      FindReferenceAssembliesForReferences;
      _GenerateCompileInputs;
      BeforeCompile;
      _TimeStampBeforeCompile;
      _GenerateCompileDependencyCache;
      CoreCompile;
      _TimeStampAfterCompile;
      AfterCompile;
    ;
      _CreateAppHost;
      _CreateComHost;
      _GetIjwHostPaths;
    " (valor anterior: "
      ResolveReferences;
      ResolveKeySource;
      SetWin32ManifestProperties;
      _SetPreferNativeArm64Win32ManifestProperties;
      FindReferenceAssembliesForReferences;
      _GenerateCompileInputs;
      BeforeCompile;
      _TimeStampBeforeCompile;
      _GenerateCompileDependencyCache;
      CoreCompile;
      _TimeStampAfterCompile;
      AfterCompile;
    ") en C:\Program Files\dotnet\sdk\9.0.201\Sdks\Microsoft.NET.Sdk\targets\Microsoft.NET.Sdk.targets (784,5)
  6:11>Se omiti├│ el destino "ResolveCodeAnalysisRuleSet" debido a una condici├│n falsa (False); ('$(CodeAnalysisRuleSet)' != '') se evalu├│ como ('' != '').
     0>Reasignaci├│n de propiedad: $(CreateSatelliteAssembliesDependsOn)="
      
      ;
      _GenerateSatelliteAssemblyInputs;
      ComputeIntermediateSatelliteAssemblies;
      GenerateSatelliteAssemblies
    ;
      CoreGenerateSatelliteAssemblies
    " (valor anterior: "
      ;
      _GenerateSatelliteAssemblyInputs;
      ComputeIntermediateSatelliteAssemblies;
      GenerateSatelliteAssemblies
    ") en C:\Program Files\dotnet\sdk\9.0.201\Sdks\Microsoft.NET.Sdk\targets\Microsoft.NET.Sdk.targets (1184,5)
  6:11>Se omiti├│ el destino "ShimReferencePathsWhenCommonTargetsDoesNotUnderstandReferenceAssemblies" debido a una condici├│n falsa (False); ('@(ReferencePathWithRefAssemblies)' == '') se evalu├│ como ('C:\Program Files\dotnet\packs\Microsoft.NETCore.App.Ref\8.0.14\ref\net8.0\Microsoft.CSharp.dll;C:\Program Files\dotnet\packs\Microsoft.NETCore.App.Ref\8.0.14\ref\net8.0\Microsoft.VisualBasic.Core.dll;C:\Program Files\dotnet\packs\Microsoft.NETCore.App.Ref\8.0.14\ref\net8.0\Microsoft.VisualBasic.dll;...' == '').
  6:11>Destino "_BeforeVBCSCoreCompile" en el archivo "C:\Program Files\dotnet\sdk\9.0.201\Roslyn\Microsoft.Managed.Core.targets" del proyecto "D:\Users\Jhon\Documentos\Mintrabajo\Modulo General usuarios\AuthSystemNew\AuthSystem.Domain\AuthSystem.Domain.csproj" (el destino "CoreCompile" depende de ├®l):
  6:11>Compilaci├│n terminada del destino "_BeforeVBCSCoreCompile" en el proyecto "AuthSystem.Domain.csproj".
       Se omiti├│ el destino "AdjustDefaultPlatformTargetForNetFrameworkExeWithNoNativeCopyLocalItems" debido a una condici├│n falsa (False); ('$(_UsingDefaultPlatformTarget)' == 'true' and
                            '$(_UsingDefaultRuntimeIdentifier)' == 'true') se evalu├│ como ('true' == 'true' and
                            '' == 'true').
       Se omiti├│ el destino "_DisableDiagnosticTracing" debido a una condici├│n falsa (False); ('$(DisableDiagnosticTracing)' == 'true') se evalu├│ como ('' == 'true').
       Se omiti├│ el destino "ShimReferencePathsWhenCommonTargetsDoesNotUnderstandReferenceAssemblies" debido a una condici├│n falsa (False); ('@(ReferencePathWithRefAssemblies)' == '') se evalu├│ como ('C:\Program Files\dotnet\packs\Microsoft.NETCore.App.Ref\8.0.14\ref\net8.0\Microsoft.CSharp.dll;C:\Program Files\dotnet\packs\Microsoft.NETCore.App.Ref\8.0.14\ref\net8.0\Microsoft.VisualBasic.Core.dll;C:\Program Files\dotnet\packs\Microsoft.NETCore.App.Ref\8.0.14\ref\net8.0\Microsoft.VisualBasic.dll;...' == '').
  6:11>Destino "_ComputeSkipAnalyzers" en el archivo "C:\Program Files\dotnet\sdk\9.0.201\Roslyn\Microsoft.Managed.Core.targets" del proyecto "D:\Users\Jhon\Documentos\Mintrabajo\Modulo General usuarios\AuthSystemNew\AuthSystem.Domain\AuthSystem.Domain.csproj" (el destino "CoreCompile" depende de ├®l):
       Se omiti├│ la tarea "ShowMessageForImplicitlySkipAnalyzers" debido a una condici├│n falsa (False); ('$(_ImplicitlySkipAnalyzers)' == 'true') se evalu├│ como ('' == 'true').
  6:11>Compilaci├│n terminada del destino "_ComputeSkipAnalyzers" en el proyecto "AuthSystem.Domain.csproj".
       Se omiti├│ el destino "_SetPathMapFromSourceRoots" debido a una condici├│n falsa (False); ('$(DeterministicSourcePaths)' == 'true') se evalu├│ como ('' == 'true').
       Se omiti├│ el destino "CreateCompilerGeneratedFilesOutputPath" debido a una condici├│n falsa (False); ('$(EmitCompilerGeneratedFiles)' == 'true' and !('$(DesignTimeBuild)' == 'true' OR '$(BuildingProject)' != 'true')) se evalu├│ como ('false' == 'true' and !('' == 'true' OR 'true' != 'true')).
       Se omiti├│ el destino "_CheckMicrosoftNetSdkCompilersToolsetPackageExists" debido a una condici├│n falsa (False); ('$(_NeedToDownloadMicrosoftNetSdkCompilersToolsetPackage)' == 'true' and '$(DesignTimeBuild)' != 'true') se evalu├│ como ('' == 'true' and '' != 'true').
       Se omiti├│ el destino "BeforeCompile". Compilado previamente de forma correcta.
       Se omiti├│ el destino "InitializeSourceControlInformationFromSourceControlManager". Compilado previamente de forma correcta.
  6:11>Destino "SetEmbeddedFilesFromSourceControlManagerUntrackedFiles" en el archivo "C:\Program Files\dotnet\sdk\9.0.201\Sdks\Microsoft.Build.Tasks.Git\build\Microsoft.Build.Tasks.Git.targets" del proyecto "D:\Users\Jhon\Documentos\Mintrabajo\Modulo General usuarios\AuthSystemNew\AuthSystem.Domain\AuthSystem.Domain.csproj" (el destino "_SetEmbeddedFilesFromSourceControlManagerUntrackedFiles" depende de ├®l):
       Usando la tarea "Microsoft.Build.Tasks.Git.GetUntrackedFiles" del ensamblado "C:\Program Files\dotnet\sdk\9.0.201\Sdks\Microsoft.Build.Tasks.Git\build\..\tools\net\Microsoft.Build.Tasks.Git.dll".
       Tarea "Microsoft.Build.Tasks.Git.GetUntrackedFiles"
         SourceLink: Reusing cached git repository information.
       Ejecuci├│n de la tarea "Microsoft.Build.Tasks.Git.GetUntrackedFiles" terminada.
  6:11>Compilaci├│n terminada del destino "SetEmbeddedFilesFromSourceControlManagerUntrackedFiles" en el proyecto "AuthSystem.Domain.csproj".
  6:11>Destino "_SetEmbeddedFilesFromSourceControlManagerUntrackedFiles" en el archivo "C:\Program Files\dotnet\sdk\9.0.201\Sdks\Microsoft.SourceLink.Common\build\Microsoft.SourceLink.Common.targets" del proyecto "D:\Users\Jhon\Documentos\Mintrabajo\Modulo General usuarios\AuthSystemNew\AuthSystem.Domain\AuthSystem.Domain.csproj" (el destino "CoreCompile" depende de ├®l):
  6:11>Compilaci├│n terminada del destino "_SetEmbeddedFilesFromSourceControlManagerUntrackedFiles" en el proyecto "AuthSystem.Domain.csproj".
       Se omiti├│ el destino "InitializeSourceControlInformation". Compilado previamente de forma correcta.
  6:11>Destino "_SetSourceLinkFilePath" en el archivo "C:\Program Files\dotnet\sdk\9.0.201\Sdks\Microsoft.SourceLink.Common\build\Microsoft.SourceLink.Common.targets" del proyecto "D:\Users\Jhon\Documentos\Mintrabajo\Modulo General usuarios\AuthSystemNew\AuthSystem.Domain\AuthSystem.Domain.csproj" (el destino "_GenerateSourceLinkFile" depende de ├®l):
  6:11>Compilaci├│n terminada del destino "_SetSourceLinkFilePath" en el proyecto "AuthSystem.Domain.csproj".
       Se omiti├│ el destino "InitializeSourceControlInformation". Compilado previamente de forma correcta.
  6:11>Destino "_InitializeSourceRootMappedPathsFromSourceControl" en el archivo "C:\Program Files\dotnet\sdk\9.0.201\Roslyn\Microsoft.Managed.Core.targets" del proyecto "D:\Users\Jhon\Documentos\Mintrabajo\Modulo General usuarios\AuthSystemNew\AuthSystem.Domain\AuthSystem.Domain.csproj" (el destino "InitializeSourceRootMappedPaths" depende de ├®l):
  6:11>Compilaci├│n terminada del destino "_InitializeSourceRootMappedPathsFromSourceControl" en el proyecto "AuthSystem.Domain.csproj".
  6:11>Destino "InitializeSourceRootMappedPaths" en el archivo "C:\Program Files\dotnet\sdk\9.0.201\Roslyn\Microsoft.Managed.Core.targets" del proyecto "D:\Users\Jhon\Documentos\Mintrabajo\Modulo General usuarios\AuthSystemNew\AuthSystem.Domain\AuthSystem.Domain.csproj" (el destino "_InitializeSourceRootMappedPathsOpt" depende de ├®l):
       Usando la tarea "Microsoft.CodeAnalysis.BuildTasks.MapSourceRoots" del ensamblado "C:\Program Files\dotnet\sdk\9.0.201\Roslyn\Microsoft.Build.Tasks.CodeAnalysis.dll".
       Tarea "Microsoft.CodeAnalysis.BuildTasks.MapSourceRoots"
       Ejecuci├│n de la tarea "Microsoft.CodeAnalysis.BuildTasks.MapSourceRoots" terminada.
  6:11>Compilaci├│n terminada del destino "InitializeSourceRootMappedPaths" en el proyecto "AuthSystem.Domain.csproj".
  6:11>Destino "_InitializeSourceRootMappedPathsOpt" en el archivo "C:\Program Files\dotnet\sdk\9.0.201\Sdks\Microsoft.SourceLink.Common\build\Microsoft.SourceLink.Common.targets" del proyecto "D:\Users\Jhon\Documentos\Mintrabajo\Modulo General usuarios\AuthSystemNew\AuthSystem.Domain\AuthSystem.Domain.csproj" (el destino "_GenerateSourceLinkFile" depende de ├®l):
  6:11>Compilaci├│n terminada del destino "_InitializeSourceRootMappedPathsOpt" en el proyecto "AuthSystem.Domain.csproj".
  6:11>Destino "_InitializeGitHubSourceLinkUrl" en el archivo "C:\Program Files\dotnet\sdk\9.0.201\Sdks\Microsoft.SourceLink.GitHub\build\Microsoft.SourceLink.GitHub.targets" del proyecto "D:\Users\Jhon\Documentos\Mintrabajo\Modulo General usuarios\AuthSystemNew\AuthSystem.Domain\AuthSystem.Domain.csproj" (el destino "_GenerateSourceLinkFile" depende de ├®l):
       Compilando completamente el destino "_InitializeGitHubSourceLinkUrl".
       No se especificaron archivos de entrada.
       Usando la tarea "Microsoft.SourceLink.GitHub.GetSourceLinkUrl" del ensamblado "C:\Program Files\dotnet\sdk\9.0.201\Sdks\Microsoft.SourceLink.GitHub\build\..\tools\net\Microsoft.SourceLink.GitHub.dll".
     0>Reasignaci├│n de propiedad: $(SourceLinkUrlInitializerTargets)=";_InitializeGitHubSourceLinkUrl;_InitializeGitLabSourceLinkUrl" (valor anterior: ";_InitializeGitHubSourceLinkUrl") en C:\Program Files\dotnet\sdk\9.0.201\Sdks\Microsoft.SourceLink.GitLab\build\Microsoft.SourceLink.GitLab.targets (12,5)
       Reasignaci├│n de propiedad: $(SourceControlManagerUrlTranslationTargets)=";TranslateGitHubUrlsInSourceControlInformation;TranslateGitLabUrlsInSourceControlInformation" (valor anterior: ";TranslateGitHubUrlsInSourceControlInformation") en C:\Program Files\dotnet\sdk\9.0.201\Sdks\Microsoft.SourceLink.GitLab\build\Microsoft.SourceLink.GitLab.targets (13,5)
  6:11>Tarea "Microsoft.SourceLink.GitHub.GetSourceLinkUrl"
       Ejecuci├│n de la tarea "Microsoft.SourceLink.GitHub.GetSourceLinkUrl" terminada.
  6:11>Compilaci├│n terminada del destino "_InitializeGitHubSourceLinkUrl" en el proyecto "AuthSystem.Domain.csproj".
  6:11>Destino "_InitializeGitHubSourceLinkUrl" en el archivo "C:\Program Files\dotnet\sdk\9.0.201\Sdks\Microsoft.SourceLink.GitHub\build\Microsoft.SourceLink.GitHub.targets" del proyecto "D:\Users\Jhon\Documentos\Mintrabajo\Modulo General usuarios\AuthSystemNew\AuthSystem.Domain\AuthSystem.Domain.csproj" (el destino "_GenerateSourceLinkFile" depende de ├®l):
       Compilando completamente el destino "_InitializeGitHubSourceLinkUrl".
       No se especificaron archivos de entrada.
       Tarea "Microsoft.SourceLink.GitHub.GetSourceLinkUrl"
     0>Reasignaci├│n de propiedad: $(SourceLinkUrlInitializerTargets)=";_InitializeGitHubSourceLinkUrl;_InitializeGitLabSourceLinkUrl;_InitializeAzureReposGitSourceLinkUrl" (valor anterior: ";_InitializeGitHubSourceLinkUrl;_InitializeGitLabSourceLinkUrl") en C:\Program Files\dotnet\sdk\9.0.201\Sdks\Microsoft.SourceLink.AzureRepos.Git\build\Microsoft.SourceLink.AzureRepos.Git.targets (12,5)
       Reasignaci├│n de propiedad: $(SourceControlManagerUrlTranslationTargets)=";TranslateGitHubUrlsInSourceControlInformation;TranslateGitLabUrlsInSourceControlInformation;TranslateAzureReposGitUrlsInSourceControlInformation" (valor anterior: ";TranslateGitHubUrlsInSourceControlInformation;TranslateGitLabUrlsInSourceControlInformation") en C:\Program Files\dotnet\sdk\9.0.201\Sdks\Microsoft.SourceLink.AzureRepos.Git\build\Microsoft.SourceLink.AzureRepos.Git.targets (13,5)
  6:11>Ejecuci├│n de la tarea "Microsoft.SourceLink.GitHub.GetSourceLinkUrl" terminada.
  6:11>Compilaci├│n terminada del destino "_InitializeGitHubSourceLinkUrl" en el proyecto "AuthSystem.Domain.csproj".
  6:11>Destino "_InitializeGitHubSourceLinkUrl" en el archivo "C:\Program Files\dotnet\sdk\9.0.201\Sdks\Microsoft.SourceLink.GitHub\build\Microsoft.SourceLink.GitHub.targets" del proyecto "D:\Users\Jhon\Documentos\Mintrabajo\Modulo General usuarios\AuthSystemNew\AuthSystem.Domain\AuthSystem.Domain.csproj" (el destino "_GenerateSourceLinkFile" depende de ├®l):
       Compilando completamente el destino "_InitializeGitHubSourceLinkUrl".
       No se especificaron archivos de entrada.
       Tarea "Microsoft.SourceLink.GitHub.GetSourceLinkUrl"
       Ejecuci├│n de la tarea "Microsoft.SourceLink.GitHub.GetSourceLinkUrl" terminada.
  6:11>Compilaci├│n terminada del destino "_InitializeGitHubSourceLinkUrl" en el proyecto "AuthSystem.Domain.csproj".
     0>Reasignaci├│n de propiedad: $(SourceLinkUrlInitializerTargets)=";_InitializeGitHubSourceLinkUrl;_InitializeGitLabSourceLinkUrl;_InitializeAzureReposGitSourceLinkUrl;_InitializeBitbucketGitSourceLinkUrl" (valor anterior: ";_InitializeGitHubSourceLinkUrl;_InitializeGitLabSourceLinkUrl;_InitializeAzureReposGitSourceLinkUrl") en C:\Program Files\dotnet\sdk\9.0.201\Sdks\Microsoft.SourceLink.Bitbucket.Git\build\Microsoft.SourceLink.Bitbucket.Git.targets (12,5)
       Reasignaci├│n de propiedad: $(SourceControlManagerUrlTranslationTargets)=";TranslateGitHubUrlsInSourceControlInformation;TranslateGitLabUrlsInSourceControlInformation;TranslateAzureReposGitUrlsInSourceControlInformation;TranslateBitbucketGitUrlsInSourceControlInformation" (valor anterior: ";TranslateGitHubUrlsInSourceControlInformation;TranslateGitLabUrlsInSourceControlInformation;TranslateAzureReposGitUrlsInSourceControlInformation") en C:\Program Files\dotnet\sdk\9.0.201\Sdks\Microsoft.SourceLink.Bitbucket.Git\build\Microsoft.SourceLink.Bitbucket.Git.targets (13,5)
  6:11>Destino "_InitializeGitLabSourceLinkUrl" en el archivo "C:\Program Files\dotnet\sdk\9.0.201\Sdks\Microsoft.SourceLink.GitLab\build\Microsoft.SourceLink.GitLab.targets" del proyecto "D:\Users\Jhon\Documentos\Mintrabajo\Modulo General usuarios\AuthSystemNew\AuthSystem.Domain\AuthSystem.Domain.csproj" (el destino "_GenerateSourceLinkFile" depende de ├®l):
  6:11>Compilando completamente el destino "_InitializeGitLabSourceLinkUrl".
       No se especificaron archivos de entrada.
       Usando la tarea "Microsoft.SourceLink.GitLab.GetSourceLinkUrl" del ensamblado "C:\Program Files\dotnet\sdk\9.0.201\Sdks\Microsoft.SourceLink.GitLab\build\..\tools\net\Microsoft.SourceLink.GitLab.dll".
       Tarea "Microsoft.SourceLink.GitLab.GetSourceLinkUrl"
       Ejecuci├│n de la tarea "Microsoft.SourceLink.GitLab.GetSourceLinkUrl" terminada.
  6:11>Compilaci├│n terminada del destino "_InitializeGitLabSourceLinkUrl" en el proyecto "AuthSystem.Domain.csproj".
  6:11>Destino "_InitializeGitLabSourceLinkUrl" en el archivo "C:\Program Files\dotnet\sdk\9.0.201\Sdks\Microsoft.SourceLink.GitLab\build\Microsoft.SourceLink.GitLab.targets" del proyecto "D:\Users\Jhon\Documentos\Mintrabajo\Modulo General usuarios\AuthSystemNew\AuthSystem.Domain\AuthSystem.Domain.csproj" (el destino "_GenerateSourceLinkFile" depende de ├®l):
       Compilando completamente el destino "_InitializeGitLabSourceLinkUrl".
       No se especificaron archivos de entrada.
       Tarea "Microsoft.SourceLink.GitLab.GetSourceLinkUrl"
       Ejecuci├│n de la tarea "Microsoft.SourceLink.GitLab.GetSourceLinkUrl" terminada.
  6:11>Compilaci├│n terminada del destino "_InitializeGitLabSourceLinkUrl" en el proyecto "AuthSystem.Domain.csproj".
  6:11>Destino "_InitializeGitLabSourceLinkUrl" en el archivo "C:\Program Files\dotnet\sdk\9.0.201\Sdks\Microsoft.SourceLink.GitLab\build\Microsoft.SourceLink.GitLab.targets" del proyecto "D:\Users\Jhon\Documentos\Mintrabajo\Modulo General usuarios\AuthSystemNew\AuthSystem.Domain\AuthSystem.Domain.csproj" (el destino "_GenerateSourceLinkFile" depende de ├®l):
       Compilando completamente el destino "_InitializeGitLabSourceLinkUrl".
       No se especificaron archivos de entrada.
       Tarea "Microsoft.SourceLink.GitLab.GetSourceLinkUrl"
       Ejecuci├│n de la tarea "Microsoft.SourceLink.GitLab.GetSourceLinkUrl" terminada.
  6:11>Compilaci├│n terminada del destino "_InitializeGitLabSourceLinkUrl" en el proyecto "AuthSystem.Domain.csproj".
     0>Reasignaci├│n de propiedad: $(DesignerRuntimeImplementationProjectOutputGroupDependsOn)="
      
      ;
      
      ;
      BuildOnlySettings;
      PrepareForBuild;
      AssignTargetPaths;
      ResolveReferences
    
    ;
      _GenerateDesignerDepsFile;
      _GenerateDesignerRuntimeConfigFile;
      GetCopyToOutputDirectoryItems;
      _GatherDesignerShadowCopyFiles;
    " (valor anterior: "
      ;
      
      ;
      BuildOnlySettings;
      PrepareForBuild;
      AssignTargetPaths;
      ResolveReferences
    
    ") en C:\Program Files\dotnet\sdk\9.0.201\Sdks\Microsoft.NET.Sdk\targets\Microsoft.NET.DesignerSupport.targets (21,5)
  6:11>Destino "_InitializeAzureReposGitSourceLinkUrl" en el archivo "C:\Program Files\dotnet\sdk\9.0.201\Sdks\Microsoft.SourceLink.AzureRepos.Git\build\Microsoft.SourceLink.AzureRepos.Git.targets" del proyecto "D:\Users\Jhon\Documentos\Mintrabajo\Modulo General usuarios\AuthSystemNew\AuthSystem.Domain\AuthSystem.Domain.csproj" (el destino "_GenerateSourceLinkFile" depende de ├®l):
  6:11>Compilando completamente el destino "_InitializeAzureReposGitSourceLinkUrl".
       No se especificaron archivos de entrada.
       Usando la tarea "Microsoft.SourceLink.AzureRepos.Git.GetSourceLinkUrl" del ensamblado "C:\Program Files\dotnet\sdk\9.0.201\Sdks\Microsoft.SourceLink.AzureRepos.Git\build\..\tools\net\Microsoft.SourceLink.AzureRepos.Git.dll".
       Tarea "Microsoft.SourceLink.AzureRepos.Git.GetSourceLinkUrl"
       Ejecuci├│n de la tarea "Microsoft.SourceLink.AzureRepos.Git.GetSourceLinkUrl" terminada.
  6:11>Compilaci├│n terminada del destino "_InitializeAzureReposGitSourceLinkUrl" en el proyecto "AuthSystem.Domain.csproj".
  6:11>Destino "_InitializeAzureReposGitSourceLinkUrl" en el archivo "C:\Program Files\dotnet\sdk\9.0.201\Sdks\Microsoft.SourceLink.AzureRepos.Git\build\Microsoft.SourceLink.AzureRepos.Git.targets" del proyecto "D:\Users\Jhon\Documentos\Mintrabajo\Modulo General usuarios\AuthSystemNew\AuthSystem.Domain\AuthSystem.Domain.csproj" (el destino "_GenerateSourceLinkFile" depende de ├®l):
       Compilando completamente el destino "_InitializeAzureReposGitSourceLinkUrl".
       No se especificaron archivos de entrada.
       Tarea "Microsoft.SourceLink.AzureRepos.Git.GetSourceLinkUrl"
       Ejecuci├│n de la tarea "Microsoft.SourceLink.AzureRepos.Git.GetSourceLinkUrl" terminada.
  6:11>Compilaci├│n terminada del destino "_InitializeAzureReposGitSourceLinkUrl" en el proyecto "AuthSystem.Domain.csproj".
  6:11>Destino "_InitializeAzureReposGitSourceLinkUrl" en el archivo "C:\Program Files\dotnet\sdk\9.0.201\Sdks\Microsoft.SourceLink.AzureRepos.Git\build\Microsoft.SourceLink.AzureRepos.Git.targets" del proyecto "D:\Users\Jhon\Documentos\Mintrabajo\Modulo General usuarios\AuthSystemNew\AuthSystem.Domain\AuthSystem.Domain.csproj" (el destino "_GenerateSourceLinkFile" depende de ├®l):
       Compilando completamente el destino "_InitializeAzureReposGitSourceLinkUrl".
       No se especificaron archivos de entrada.
       Tarea "Microsoft.SourceLink.AzureRepos.Git.GetSourceLinkUrl"
       Ejecuci├│n de la tarea "Microsoft.SourceLink.AzureRepos.Git.GetSourceLinkUrl" terminada.
  6:11>Compilaci├│n terminada del destino "_InitializeAzureReposGitSourceLinkUrl" en el proyecto "AuthSystem.Domain.csproj".
  6:11>Destino "_InitializeBitbucketGitSourceLinkUrl" en el archivo "C:\Program Files\dotnet\sdk\9.0.201\Sdks\Microsoft.SourceLink.Bitbucket.Git\build\Microsoft.SourceLink.Bitbucket.Git.targets" del proyecto "D:\Users\Jhon\Documentos\Mintrabajo\Modulo General usuarios\AuthSystemNew\AuthSystem.Domain\AuthSystem.Domain.csproj" (el destino "_GenerateSourceLinkFile" depende de ├®l):
       Compilando completamente el destino "_InitializeBitbucketGitSourceLinkUrl".
       No se especificaron archivos de entrada.
       Usando la tarea "Microsoft.SourceLink.Bitbucket.Git.GetSourceLinkUrl" del ensamblado "C:\Program Files\dotnet\sdk\9.0.201\Sdks\Microsoft.SourceLink.Bitbucket.Git\build\..\tools\net\Microsoft.SourceLink.Bitbucket.Git.dll".
       Tarea "Microsoft.SourceLink.Bitbucket.Git.GetSourceLinkUrl"
       Ejecuci├│n de la tarea "Microsoft.SourceLink.Bitbucket.Git.GetSourceLinkUrl" terminada.
  6:11>Compilaci├│n terminada del destino "_InitializeBitbucketGitSourceLinkUrl" en el proyecto "AuthSystem.Domain.csproj".
  6:11>Destino "_InitializeBitbucketGitSourceLinkUrl" en el archivo "C:\Program Files\dotnet\sdk\9.0.201\Sdks\Microsoft.SourceLink.Bitbucket.Git\build\Microsoft.SourceLink.Bitbucket.Git.targets" del proyecto "D:\Users\Jhon\Documentos\Mintrabajo\Modulo General usuarios\AuthSystemNew\AuthSystem.Domain\AuthSystem.Domain.csproj" (el destino "_GenerateSourceLinkFile" depende de ├®l):
       Compilando completamente el destino "_InitializeBitbucketGitSourceLinkUrl".
       No se especificaron archivos de entrada.
       Tarea "Microsoft.SourceLink.Bitbucket.Git.GetSourceLinkUrl"
       Ejecuci├│n de la tarea "Microsoft.SourceLink.Bitbucket.Git.GetSourceLinkUrl" terminada.
  6:11>Compilaci├│n terminada del destino "_InitializeBitbucketGitSourceLinkUrl" en el proyecto "AuthSystem.Domain.csproj".
  6:11>Destino "_InitializeBitbucketGitSourceLinkUrl" en el archivo "C:\Program Files\dotnet\sdk\9.0.201\Sdks\Microsoft.SourceLink.Bitbucket.Git\build\Microsoft.SourceLink.Bitbucket.Git.targets" del proyecto "D:\Users\Jhon\Documentos\Mintrabajo\Modulo General usuarios\AuthSystemNew\AuthSystem.Domain\AuthSystem.Domain.csproj" (el destino "_GenerateSourceLinkFile" depende de ├®l):
       Compilando completamente el destino "_InitializeBitbucketGitSourceLinkUrl".
       No se especificaron archivos de entrada.
       Tarea "Microsoft.SourceLink.Bitbucket.Git.GetSourceLinkUrl"
       Ejecuci├│n de la tarea "Microsoft.SourceLink.Bitbucket.Git.GetSourceLinkUrl" terminada.
  6:11>Compilaci├│n terminada del destino "_InitializeBitbucketGitSourceLinkUrl" en el proyecto "AuthSystem.Domain.csproj".
  6:11>Destino "_GenerateSourceLinkFile" en el archivo "C:\Program Files\dotnet\sdk\9.0.201\Sdks\Microsoft.SourceLink.Common\build\Microsoft.SourceLink.Common.targets" del proyecto "D:\Users\Jhon\Documentos\Mintrabajo\Modulo General usuarios\AuthSystemNew\AuthSystem.Domain\AuthSystem.Domain.csproj" (el destino "GenerateSourceLinkFile" depende de ├®l):
       Compilando completamente el destino "_GenerateSourceLinkFile".
       No se especificaron archivos de entrada.
       Usando la tarea "Microsoft.SourceLink.Common.GenerateSourceLinkFile" del ensamblado "C:\Program Files\dotnet\sdk\9.0.201\Sdks\Microsoft.SourceLink.Common\build\..\tools\net\Microsoft.SourceLink.Common.dll".
       Tarea "Microsoft.SourceLink.Common.GenerateSourceLinkFile"
         El archivo de Source Link 'obj\Debug\net8.0\AuthSystem.Domain.sourcelink.json' est├í actualizado.
       Ejecuci├│n de la tarea "Microsoft.SourceLink.Common.GenerateSourceLinkFile" terminada.
  6:11>Compilaci├│n terminada del destino "_GenerateSourceLinkFile" en el proyecto "AuthSystem.Domain.csproj".
  6:11>Destino "GenerateSourceLinkFile" en el archivo "C:\Program Files\dotnet\sdk\9.0.201\Sdks\Microsoft.SourceLink.Common\build\Microsoft.SourceLink.Common.targets" del proyecto "D:\Users\Jhon\Documentos\Mintrabajo\Modulo General usuarios\AuthSystemNew\AuthSystem.Domain\AuthSystem.Domain.csproj" (el destino "CoreCompile" depende de ├®l):
  6:11>Compilaci├│n terminada del destino "GenerateSourceLinkFile" en el proyecto "AuthSystem.Domain.csproj".
  6:11>Destino "AddGlobalAnalyzerConfigForPackage_MicrosoftCodeAnalysisNetAnalyzers" en el archivo "C:\Program Files\dotnet\sdk\9.0.201\Sdks\Microsoft.NET.Sdk\analyzers\build\Microsoft.CodeAnalysis.NetAnalyzers.targets" del proyecto "D:\Users\Jhon\Documentos\Mintrabajo\Modulo General usuarios\AuthSystemNew\AuthSystem.Domain\AuthSystem.Domain.csproj" (el destino "CoreCompile" depende de ├®l):
  6:11>Compilaci├│n terminada del destino "AddGlobalAnalyzerConfigForPackage_MicrosoftCodeAnalysisNetAnalyzers" en el proyecto "AuthSystem.Domain.csproj".
       Se omiti├│ el destino "AddGlobalAnalyzerConfigForPackage_MicrosoftCodeAnalysisNetAnalyzersDesign" debido a una condici├│n falsa (False); ('$(SkipGlobalAnalyzerConfigForPackage)' != 'true' and ('$(AnalysisLevelDesign)' != '' or '$(AnalysisModeDesign)' != '')) se evalu├│ como ('' != 'true' and ('' != '' or '' != '')).
       Se omiti├│ el destino "AddGlobalAnalyzerConfigForPackage_MicrosoftCodeAnalysisNetAnalyzersDocumentation" debido a una condici├│n falsa (False); ('$(SkipGlobalAnalyzerConfigForPackage)' != 'true' and ('$(AnalysisLevelDocumentation)' != '' or '$(AnalysisModeDocumentation)' != '')) se evalu├│ como ('' != 'true' and ('' != '' or '' != '')).
       Se omiti├│ el destino "AddGlobalAnalyzerConfigForPackage_MicrosoftCodeAnalysisNetAnalyzersGlobalization" debido a una condici├│n falsa (False); ('$(SkipGlobalAnalyzerConfigForPackage)' != 'true' and ('$(AnalysisLevelGlobalization)' != '' or '$(AnalysisModeGlobalization)' != '')) se evalu├│ como ('' != 'true' and ('' != '' or '' != '')).
       Se omiti├│ el destino "AddGlobalAnalyzerConfigForPackage_MicrosoftCodeAnalysisNetAnalyzersInteroperability" debido a una condici├│n falsa (False); ('$(SkipGlobalAnalyzerConfigForPackage)' != 'true' and ('$(AnalysisLevelInteroperability)' != '' or '$(AnalysisModeInteroperability)' != '')) se evalu├│ como ('' != 'true' and ('' != '' or '' != '')).
       Se omiti├│ el destino "AddGlobalAnalyzerConfigForPackage_MicrosoftCodeAnalysisNetAnalyzersMaintainability" debido a una condici├│n falsa (False); ('$(SkipGlobalAnalyzerConfigForPackage)' != 'true' and ('$(AnalysisLevelMaintainability)' != '' or '$(AnalysisModeMaintainability)' != '')) se evalu├│ como ('' != 'true' and ('' != '' or '' != '')).
       Se omiti├│ el destino "AddGlobalAnalyzerConfigForPackage_MicrosoftCodeAnalysisNetAnalyzersNaming" debido a una condici├│n falsa (False); ('$(SkipGlobalAnalyzerConfigForPackage)' != 'true' and ('$(AnalysisLevelNaming)' != '' or '$(AnalysisModeNaming)' != '')) se evalu├│ como ('' != 'true' and ('' != '' or '' != '')).
       Se omiti├│ el destino "AddGlobalAnalyzerConfigForPackage_MicrosoftCodeAnalysisNetAnalyzersPerformance" debido a una condici├│n falsa (False); ('$(SkipGlobalAnalyzerConfigForPackage)' != 'true' and ('$(AnalysisLevelPerformance)' != '' or '$(AnalysisModePerformance)' != '')) se evalu├│ como ('' != 'true' and ('' != '' or '' != '')).
       Se omiti├│ el destino "AddGlobalAnalyzerConfigForPackage_MicrosoftCodeAnalysisNetAnalyzersReliability" debido a una condici├│n falsa (False); ('$(SkipGlobalAnalyzerConfigForPackage)' != 'true' and ('$(AnalysisLevelReliability)' != '' or '$(AnalysisModeReliability)' != '')) se evalu├│ como ('' != 'true' and ('' != '' or '' != '')).
       Se omiti├│ el destino "AddGlobalAnalyzerConfigForPackage_MicrosoftCodeAnalysisNetAnalyzersSecurity" debido a una condici├│n falsa (False); ('$(SkipGlobalAnalyzerConfigForPackage)' != 'true' and ('$(AnalysisLevelSecurity)' != '' or '$(AnalysisModeSecurity)' != '')) se evalu├│ como ('' != 'true' and ('' != '' or '' != '')).
       Se omiti├│ el destino "AddGlobalAnalyzerConfigForPackage_MicrosoftCodeAnalysisNetAnalyzersUsage" debido a una condici├│n falsa (False); ('$(SkipGlobalAnalyzerConfigForPackage)' != 'true' and ('$(AnalysisLevelUsage)' != '' or '$(AnalysisModeUsage)' != '')) se evalu├│ como ('' != 'true' and ('' != '' or '' != '')).
       Se omiti├│ el destino "_CodeAnalysisTreatWarningsAsErrors" debido a una condici├│n falsa (False); ('$(DesignTimeBuild)' == 'true' OR '$(BuildingProject)' != 'true') se evalu├│ como ('' == 'true' OR 'true' != 'true').
  6:11>Destino "CoreCompile" en el archivo "C:\Program Files\dotnet\sdk\9.0.201\Roslyn\Microsoft.CSharp.Core.targets" del proyecto "D:\Users\Jhon\Documentos\Mintrabajo\Modulo General usuarios\AuthSystemNew\AuthSystem.Domain\AuthSystem.Domain.csproj" (el destino "Compile" depende de ├®l):
       Se omitir├í el destino "CoreCompile" porque todos los archivos de salida est├ín actualizados respecto a los archivos de entrada.
       Archivos de entrada: 
           Class1.cs
           Common\BaseEntity.cs
           Common\Enums\UserType.cs
           Entities\Module.cs
           Entities\Permission.cs
           Entities\PermissionModule.cs
           Entities\PermissionRoute.cs
           Entities\Role.cs
           Entities\RolePermission.cs
           Entities\RoleRoute.cs
           Entities\Route.cs
           Entities\User.cs
           Entities\UserRole.cs
           Entities\UserSession.cs
           Interfaces\IUnitOfWork.cs
           Interfaces\Repositories\IGenericRepository.cs
           Interfaces\Repositories\IModuleRepository.cs
           Interfaces\Repositories\IPermissionModuleRepository.cs
           Interfaces\Repositories\IPermissionRepository.cs
           Interfaces\Repositories\IPermissionRouteRepository.cs
           Interfaces\Repositories\IRepository.cs
           Interfaces\Repositories\IRolePermissionRepository.cs
           Interfaces\Repositories\IRoleRepository.cs
           Interfaces\Repositories\IRoleRouteRepository.cs
           Interfaces\Repositories\IRouteRepository.cs
           Interfaces\Repositories\IUserRepository.cs
           Interfaces\Repositories\IUserRoleRepository.cs
           Interfaces\Repositories\IUserSessionRepository.cs
           Interfaces\Services\IAccountLockoutService.cs
           Interfaces\Services\ICaptchaService.cs
           Interfaces\Services\IJwtService.cs
           Interfaces\Services\ILdapService.cs
           Models\Auth\AuthResponse.cs
           Models\Auth\CaptchaResponse.cs
           Models\Auth\ErrorResponse.cs
           Models\Auth\LoginRequest.cs
           Models\Auth\LoginWithCaptchaRequest.cs
           Models\Auth\LoginWithGoogleRecaptchaRequest.cs
           Models\Auth\LoginWithRecaptchaRequest.cs
           Models\Auth\LogoutRequest.cs
           Models\Auth\RefreshTokenRequest.cs
           Models\Auth\SuccessResponse.cs
           Models\Modules\AssignModuleToRoleRequest.cs
           Models\Modules\CreateModuleRequest.cs
           Models\Modules\ModuleDto.cs
           Models\Modules\UpdateModuleRequest.cs
           Models\Permissions\AssignPermissionRequest.cs
           Models\Permissions\CreatePermissionRequest.cs
           Models\Permissions\PermissionDetailDto.cs
           Models\Permissions\UpdatePermissionRequest.cs
           Models\Roles\CreateRoleRequest.cs
           Models\Roles\PermissionDto.cs
           Models\Roles\RoleDetailDto.cs
           Models\Roles\RoleDto.cs
           Models\Roles\UpdateRoleRequest.cs
           Models\Routes\AssignPermissionToRouteRequest.cs
           Models\Routes\AssignRouteToModuleRequest.cs
           Models\Routes\AssignRouteToRoleRequest.cs
           Models\Routes\CreateRouteRequest.cs
           Models\Routes\RouteDto.cs
           Models\Routes\UpdateRouteRequest.cs
           Models\Users\CreateUserRequest.cs
           Models\Users\UpdateUserRequest.cs
           Models\Users\UserDto.cs
           obj\Debug\net8.0\AuthSystem.Domain.GlobalUsings.g.cs
           obj\Debug\net8.0\.NETCoreApp,Version=v8.0.AssemblyAttributes.cs
           obj\Debug\net8.0\AuthSystem.Domain.AssemblyInfo.cs
           C:\Program Files\dotnet\packs\Microsoft.NETCore.App.Ref\8.0.14\ref\net8.0\Microsoft.CSharp.dll
           C:\Program Files\dotnet\packs\Microsoft.NETCore.App.Ref\8.0.14\ref\net8.0\Microsoft.VisualBasic.Core.dll
           C:\Program Files\dotnet\packs\Microsoft.NETCore.App.Ref\8.0.14\ref\net8.0\Microsoft.VisualBasic.dll
           C:\Program Files\dotnet\packs\Microsoft.NETCore.App.Ref\8.0.14\ref\net8.0\Microsoft.Win32.Primitives.dll
           C:\Program Files\dotnet\packs\Microsoft.NETCore.App.Ref\8.0.14\ref\net8.0\Microsoft.Win32.Registry.dll
           C:\Program Files\dotnet\packs\Microsoft.NETCore.App.Ref\8.0.14\ref\net8.0\mscorlib.dll
           C:\Program Files\dotnet\packs\Microsoft.NETCore.App.Ref\8.0.14\ref\net8.0\netstandard.dll
           C:\Program Files\dotnet\packs\Microsoft.NETCore.App.Ref\8.0.14\ref\net8.0\System.AppContext.dll
           C:\Program Files\dotnet\packs\Microsoft.NETCore.App.Ref\8.0.14\ref\net8.0\System.Buffers.dll
           C:\Program Files\dotnet\packs\Microsoft.NETCore.App.Ref\8.0.14\ref\net8.0\System.Collections.Concurrent.dll
           C:\Program Files\dotnet\packs\Microsoft.NETCore.App.Ref\8.0.14\ref\net8.0\System.Collections.dll
           C:\Program Files\dotnet\packs\Microsoft.NETCore.App.Ref\8.0.14\ref\net8.0\System.Collections.Immutable.dll
           C:\Program Files\dotnet\packs\Microsoft.NETCore.App.Ref\8.0.14\ref\net8.0\System.Collections.NonGeneric.dll
           C:\Program Files\dotnet\packs\Microsoft.NETCore.App.Ref\8.0.14\ref\net8.0\System.Collections.Specialized.dll
           C:\Program Files\dotnet\packs\Microsoft.NETCore.App.Ref\8.0.14\ref\net8.0\System.ComponentModel.Annotations.dll
           C:\Program Files\dotnet\packs\Microsoft.NETCore.App.Ref\8.0.14\ref\net8.0\System.ComponentModel.DataAnnotations.dll
           C:\Program Files\dotnet\packs\Microsoft.NETCore.App.Ref\8.0.14\ref\net8.0\System.ComponentModel.dll
           C:\Program Files\dotnet\packs\Microsoft.NETCore.App.Ref\8.0.14\ref\net8.0\System.ComponentModel.EventBasedAsync.dll
           C:\Program Files\dotnet\packs\Microsoft.NETCore.App.Ref\8.0.14\ref\net8.0\System.ComponentModel.Primitives.dll
           C:\Program Files\dotnet\packs\Microsoft.NETCore.App.Ref\8.0.14\ref\net8.0\System.ComponentModel.TypeConverter.dll
           C:\Program Files\dotnet\packs\Microsoft.NETCore.App.Ref\8.0.14\ref\net8.0\System.Configuration.dll
           C:\Program Files\dotnet\packs\Microsoft.NETCore.App.Ref\8.0.14\ref\net8.0\System.Console.dll
           C:\Program Files\dotnet\packs\Microsoft.NETCore.App.Ref\8.0.14\ref\net8.0\System.Core.dll
           C:\Program Files\dotnet\packs\Microsoft.NETCore.App.Ref\8.0.14\ref\net8.0\System.Data.Common.dll
           C:\Program Files\dotnet\packs\Microsoft.NETCore.App.Ref\8.0.14\ref\net8.0\System.Data.DataSetExtensions.dll
           C:\Program Files\dotnet\packs\Microsoft.NETCore.App.Ref\8.0.14\ref\net8.0\System.Data.dll
           C:\Program Files\dotnet\packs\Microsoft.NETCore.App.Ref\8.0.14\ref\net8.0\System.Diagnostics.Contracts.dll
           C:\Program Files\dotnet\packs\Microsoft.NETCore.App.Ref\8.0.14\ref\net8.0\System.Diagnostics.Debug.dll
           C:\Program Files\dotnet\packs\Microsoft.NETCore.App.Ref\8.0.14\ref\net8.0\System.Diagnostics.DiagnosticSource.dll
           C:\Program Files\dotnet\packs\Microsoft.NETCore.App.Ref\8.0.14\ref\net8.0\System.Diagnostics.FileVersionInfo.dll
           C:\Program Files\dotnet\packs\Microsoft.NETCore.App.Ref\8.0.14\ref\net8.0\System.Diagnostics.Process.dll
           C:\Program Files\dotnet\packs\Microsoft.NETCore.App.Ref\8.0.14\ref\net8.0\System.Diagnostics.StackTrace.dll
           C:\Program Files\dotnet\packs\Microsoft.NETCore.App.Ref\8.0.14\ref\net8.0\System.Diagnostics.TextWriterTraceListener.dll
           C:\Program Files\dotnet\packs\Microsoft.NETCore.App.Ref\8.0.14\ref\net8.0\System.Diagnostics.Tools.dll
           C:\Program Files\dotnet\packs\Microsoft.NETCore.App.Ref\8.0.14\ref\net8.0\System.Diagnostics.TraceSource.dll
           C:\Program Files\dotnet\packs\Microsoft.NETCore.App.Ref\8.0.14\ref\net8.0\System.Diagnostics.Tracing.dll
           C:\Program Files\dotnet\packs\Microsoft.NETCore.App.Ref\8.0.14\ref\net8.0\System.dll
           C:\Program Files\dotnet\packs\Microsoft.NETCore.App.Ref\8.0.14\ref\net8.0\System.Drawing.dll
           C:\Program Files\dotnet\packs\Microsoft.NETCore.App.Ref\8.0.14\ref\net8.0\System.Drawing.Primitives.dll
           C:\Program Files\dotnet\packs\Microsoft.NETCore.App.Ref\8.0.14\ref\net8.0\System.Dynamic.Runtime.dll
           C:\Program Files\dotnet\packs\Microsoft.NETCore.App.Ref\8.0.14\ref\net8.0\System.Formats.Asn1.dll
           C:\Program Files\dotnet\packs\Microsoft.NETCore.App.Ref\8.0.14\ref\net8.0\System.Formats.Tar.dll
           C:\Program Files\dotnet\packs\Microsoft.NETCore.App.Ref\8.0.14\ref\net8.0\System.Globalization.Calendars.dll
           C:\Program Files\dotnet\packs\Microsoft.NETCore.App.Ref\8.0.14\ref\net8.0\System.Globalization.dll
           C:\Program Files\dotnet\packs\Microsoft.NETCore.App.Ref\8.0.14\ref\net8.0\System.Globalization.Extensions.dll
           C:\Program Files\dotnet\packs\Microsoft.NETCore.App.Ref\8.0.14\ref\net8.0\System.IO.Compression.Brotli.dll
           C:\Program Files\dotnet\packs\Microsoft.NETCore.App.Ref\8.0.14\ref\net8.0\System.IO.Compression.dll
           C:\Program Files\dotnet\packs\Microsoft.NETCore.App.Ref\8.0.14\ref\net8.0\System.IO.Compression.FileSystem.dll
           C:\Program Files\dotnet\packs\Microsoft.NETCore.App.Ref\8.0.14\ref\net8.0\System.IO.Compression.ZipFile.dll
           C:\Program Files\dotnet\packs\Microsoft.NETCore.App.Ref\8.0.14\ref\net8.0\System.IO.dll
           C:\Program Files\dotnet\packs\Microsoft.NETCore.App.Ref\8.0.14\ref\net8.0\System.IO.FileSystem.AccessControl.dll
           C:\Program Files\dotnet\packs\Microsoft.NETCore.App.Ref\8.0.14\ref\net8.0\System.IO.FileSystem.dll
           C:\Program Files\dotnet\packs\Microsoft.NETCore.App.Ref\8.0.14\ref\net8.0\System.IO.FileSystem.DriveInfo.dll
           C:\Program Files\dotnet\packs\Microsoft.NETCore.App.Ref\8.0.14\ref\net8.0\System.IO.FileSystem.Primitives.dll
           C:\Program Files\dotnet\packs\Microsoft.NETCore.App.Ref\8.0.14\ref\net8.0\System.IO.FileSystem.Watcher.dll
           C:\Program Files\dotnet\packs\Microsoft.NETCore.App.Ref\8.0.14\ref\net8.0\System.IO.IsolatedStorage.dll
           C:\Program Files\dotnet\packs\Microsoft.NETCore.App.Ref\8.0.14\ref\net8.0\System.IO.MemoryMappedFiles.dll
           C:\Program Files\dotnet\packs\Microsoft.NETCore.App.Ref\8.0.14\ref\net8.0\System.IO.Pipes.AccessControl.dll
           C:\Program Files\dotnet\packs\Microsoft.NETCore.App.Ref\8.0.14\ref\net8.0\System.IO.Pipes.dll
           C:\Program Files\dotnet\packs\Microsoft.NETCore.App.Ref\8.0.14\ref\net8.0\System.IO.UnmanagedMemoryStream.dll
           C:\Program Files\dotnet\packs\Microsoft.NETCore.App.Ref\8.0.14\ref\net8.0\System.Linq.dll
           C:\Program Files\dotnet\packs\Microsoft.NETCore.App.Ref\8.0.14\ref\net8.0\System.Linq.Expressions.dll
           C:\Program Files\dotnet\packs\Microsoft.NETCore.App.Ref\8.0.14\ref\net8.0\System.Linq.Parallel.dll
           C:\Program Files\dotnet\packs\Microsoft.NETCore.App.Ref\8.0.14\ref\net8.0\System.Linq.Queryable.dll
           C:\Program Files\dotnet\packs\Microsoft.NETCore.App.Ref\8.0.14\ref\net8.0\System.Memory.dll
           C:\Program Files\dotnet\packs\Microsoft.NETCore.App.Ref\8.0.14\ref\net8.0\System.Net.dll
           C:\Program Files\dotnet\packs\Microsoft.NETCore.App.Ref\8.0.14\ref\net8.0\System.Net.Http.dll
           C:\Program Files\dotnet\packs\Microsoft.NETCore.App.Ref\8.0.14\ref\net8.0\System.Net.Http.Json.dll
           C:\Program Files\dotnet\packs\Microsoft.NETCore.App.Ref\8.0.14\ref\net8.0\System.Net.HttpListener.dll
           C:\Program Files\dotnet\packs\Microsoft.NETCore.App.Ref\8.0.14\ref\net8.0\System.Net.Mail.dll
           C:\Program Files\dotnet\packs\Microsoft.NETCore.App.Ref\8.0.14\ref\net8.0\System.Net.NameResolution.dll
           C:\Program Files\dotnet\packs\Microsoft.NETCore.App.Ref\8.0.14\ref\net8.0\System.Net.NetworkInformation.dll
           C:\Program Files\dotnet\packs\Microsoft.NETCore.App.Ref\8.0.14\ref\net8.0\System.Net.Ping.dll
           C:\Program Files\dotnet\packs\Microsoft.NETCore.App.Ref\8.0.14\ref\net8.0\System.Net.Primitives.dll
           C:\Program Files\dotnet\packs\Microsoft.NETCore.App.Ref\8.0.14\ref\net8.0\System.Net.Quic.dll
           C:\Program Files\dotnet\packs\Microsoft.NETCore.App.Ref\8.0.14\ref\net8.0\System.Net.Requests.dll
           C:\Program Files\dotnet\packs\Microsoft.NETCore.App.Ref\8.0.14\ref\net8.0\System.Net.Security.dll
           C:\Program Files\dotnet\packs\Microsoft.NETCore.App.Ref\8.0.14\ref\net8.0\System.Net.ServicePoint.dll
           C:\Program Files\dotnet\packs\Microsoft.NETCore.App.Ref\8.0.14\ref\net8.0\System.Net.Sockets.dll
           C:\Program Files\dotnet\packs\Microsoft.NETCore.App.Ref\8.0.14\ref\net8.0\System.Net.WebClient.dll
           C:\Program Files\dotnet\packs\Microsoft.NETCore.App.Ref\8.0.14\ref\net8.0\System.Net.WebHeaderCollection.dll
           C:\Program Files\dotnet\packs\Microsoft.NETCore.App.Ref\8.0.14\ref\net8.0\System.Net.WebProxy.dll
           C:\Program Files\dotnet\packs\Microsoft.NETCore.App.Ref\8.0.14\ref\net8.0\System.Net.WebSockets.Client.dll
           C:\Program Files\dotnet\packs\Microsoft.NETCore.App.Ref\8.0.14\ref\net8.0\System.Net.WebSockets.dll
           C:\Program Files\dotnet\packs\Microsoft.NETCore.App.Ref\8.0.14\ref\net8.0\System.Numerics.dll
           C:\Program Files\dotnet\packs\Microsoft.NETCore.App.Ref\8.0.14\ref\net8.0\System.Numerics.Vectors.dll
           C:\Program Files\dotnet\packs\Microsoft.NETCore.App.Ref\8.0.14\ref\net8.0\System.ObjectModel.dll
           C:\Program Files\dotnet\packs\Microsoft.NETCore.App.Ref\8.0.14\ref\net8.0\System.Reflection.DispatchProxy.dll
           C:\Program Files\dotnet\packs\Microsoft.NETCore.App.Ref\8.0.14\ref\net8.0\System.Reflection.dll
           C:\Program Files\dotnet\packs\Microsoft.NETCore.App.Ref\8.0.14\ref\net8.0\System.Reflection.Emit.dll
           C:\Program Files\dotnet\packs\Microsoft.NETCore.App.Ref\8.0.14\ref\net8.0\System.Reflection.Emit.ILGeneration.dll
           C:\Program Files\dotnet\packs\Microsoft.NETCore.App.Ref\8.0.14\ref\net8.0\System.Reflection.Emit.Lightweight.dll
           C:\Program Files\dotnet\packs\Microsoft.NETCore.App.Ref\8.0.14\ref\net8.0\System.Reflection.Extensions.dll
           C:\Program Files\dotnet\packs\Microsoft.NETCore.App.Ref\8.0.14\ref\net8.0\System.Reflection.Metadata.dll
           C:\Program Files\dotnet\packs\Microsoft.NETCore.App.Ref\8.0.14\ref\net8.0\System.Reflection.Primitives.dll
           C:\Program Files\dotnet\packs\Microsoft.NETCore.App.Ref\8.0.14\ref\net8.0\System.Reflection.TypeExtensions.dll
           C:\Program Files\dotnet\packs\Microsoft.NETCore.App.Ref\8.0.14\ref\net8.0\System.Resources.Reader.dll
           C:\Program Files\dotnet\packs\Microsoft.NETCore.App.Ref\8.0.14\ref\net8.0\System.Resources.ResourceManager.dll
           C:\Program Files\dotnet\packs\Microsoft.NETCore.App.Ref\8.0.14\ref\net8.0\System.Resources.Writer.dll
           C:\Program Files\dotnet\packs\Microsoft.NETCore.App.Ref\8.0.14\ref\net8.0\System.Runtime.CompilerServices.Unsafe.dll
           C:\Program Files\dotnet\packs\Microsoft.NETCore.App.Ref\8.0.14\ref\net8.0\System.Runtime.CompilerServices.VisualC.dll
           C:\Program Files\dotnet\packs\Microsoft.NETCore.App.Ref\8.0.14\ref\net8.0\System.Runtime.dll
           C:\Program Files\dotnet\packs\Microsoft.NETCore.App.Ref\8.0.14\ref\net8.0\System.Runtime.Extensions.dll
           C:\Program Files\dotnet\packs\Microsoft.NETCore.App.Ref\8.0.14\ref\net8.0\System.Runtime.Handles.dll
           C:\Program Files\dotnet\packs\Microsoft.NETCore.App.Ref\8.0.14\ref\net8.0\System.Runtime.InteropServices.dll
           C:\Program Files\dotnet\packs\Microsoft.NETCore.App.Ref\8.0.14\ref\net8.0\System.Runtime.InteropServices.JavaScript.dll
           C:\Program Files\dotnet\packs\Microsoft.NETCore.App.Ref\8.0.14\ref\net8.0\System.Runtime.InteropServices.RuntimeInformation.dll
           C:\Program Files\dotnet\packs\Microsoft.NETCore.App.Ref\8.0.14\ref\net8.0\System.Runtime.Intrinsics.dll
           C:\Program Files\dotnet\packs\Microsoft.NETCore.App.Ref\8.0.14\ref\net8.0\System.Runtime.Loader.dll
           C:\Program Files\dotnet\packs\Microsoft.NETCore.App.Ref\8.0.14\ref\net8.0\System.Runtime.Numerics.dll
           C:\Program Files\dotnet\packs\Microsoft.NETCore.App.Ref\8.0.14\ref\net8.0\System.Runtime.Serialization.dll
           C:\Program Files\dotnet\packs\Microsoft.NETCore.App.Ref\8.0.14\ref\net8.0\System.Runtime.Serialization.Formatters.dll
           C:\Program Files\dotnet\packs\Microsoft.NETCore.App.Ref\8.0.14\ref\net8.0\System.Runtime.Serialization.Json.dll
           C:\Program Files\dotnet\packs\Microsoft.NETCore.App.Ref\8.0.14\ref\net8.0\System.Runtime.Serialization.Primitives.dll
           C:\Program Files\dotnet\packs\Microsoft.NETCore.App.Ref\8.0.14\ref\net8.0\System.Runtime.Serialization.Xml.dll
           C:\Program Files\dotnet\packs\Microsoft.NETCore.App.Ref\8.0.14\ref\net8.0\System.Security.AccessControl.dll
           C:\Program Files\dotnet\packs\Microsoft.NETCore.App.Ref\8.0.14\ref\net8.0\System.Security.Claims.dll
           C:\Program Files\dotnet\packs\Microsoft.NETCore.App.Ref\8.0.14\ref\net8.0\System.Security.Cryptography.Algorithms.dll
           C:\Program Files\dotnet\packs\Microsoft.NETCore.App.Ref\8.0.14\ref\net8.0\System.Security.Cryptography.Cng.dll
           C:\Program Files\dotnet\packs\Microsoft.NETCore.App.Ref\8.0.14\ref\net8.0\System.Security.Cryptography.Csp.dll
           C:\Program Files\dotnet\packs\Microsoft.NETCore.App.Ref\8.0.14\ref\net8.0\System.Security.Cryptography.dll
           C:\Program Files\dotnet\packs\Microsoft.NETCore.App.Ref\8.0.14\ref\net8.0\System.Security.Cryptography.Encoding.dll
           C:\Program Files\dotnet\packs\Microsoft.NETCore.App.Ref\8.0.14\ref\net8.0\System.Security.Cryptography.OpenSsl.dll
           C:\Program Files\dotnet\packs\Microsoft.NETCore.App.Ref\8.0.14\ref\net8.0\System.Security.Cryptography.Primitives.dll
           C:\Program Files\dotnet\packs\Microsoft.NETCore.App.Ref\8.0.14\ref\net8.0\System.Security.Cryptography.X509Certificates.dll
           C:\Program Files\dotnet\packs\Microsoft.NETCore.App.Ref\8.0.14\ref\net8.0\System.Security.dll
           C:\Program Files\dotnet\packs\Microsoft.NETCore.App.Ref\8.0.14\ref\net8.0\System.Security.Principal.dll
           C:\Program Files\dotnet\packs\Microsoft.NETCore.App.Ref\8.0.14\ref\net8.0\System.Security.Principal.Windows.dll
           C:\Program Files\dotnet\packs\Microsoft.NETCore.App.Ref\8.0.14\ref\net8.0\System.Security.SecureString.dll
           C:\Program Files\dotnet\packs\Microsoft.NETCore.App.Ref\8.0.14\ref\net8.0\System.ServiceModel.Web.dll
           C:\Program Files\dotnet\packs\Microsoft.NETCore.App.Ref\8.0.14\ref\net8.0\System.ServiceProcess.dll
           C:\Program Files\dotnet\packs\Microsoft.NETCore.App.Ref\8.0.14\ref\net8.0\System.Text.Encoding.CodePages.dll
           C:\Program Files\dotnet\packs\Microsoft.NETCore.App.Ref\8.0.14\ref\net8.0\System.Text.Encoding.dll
           C:\Program Files\dotnet\packs\Microsoft.NETCore.App.Ref\8.0.14\ref\net8.0\System.Text.Encoding.Extensions.dll
           C:\Program Files\dotnet\packs\Microsoft.NETCore.App.Ref\8.0.14\ref\net8.0\System.Text.Encodings.Web.dll
           C:\Program Files\dotnet\packs\Microsoft.NETCore.App.Ref\8.0.14\ref\net8.0\System.Text.Json.dll
           C:\Program Files\dotnet\packs\Microsoft.NETCore.App.Ref\8.0.14\ref\net8.0\System.Text.RegularExpressions.dll
           C:\Program Files\dotnet\packs\Microsoft.NETCore.App.Ref\8.0.14\ref\net8.0\System.Threading.Channels.dll
           C:\Program Files\dotnet\packs\Microsoft.NETCore.App.Ref\8.0.14\ref\net8.0\System.Threading.dll
           C:\Program Files\dotnet\packs\Microsoft.NETCore.App.Ref\8.0.14\ref\net8.0\System.Threading.Overlapped.dll
           C:\Program Files\dotnet\packs\Microsoft.NETCore.App.Ref\8.0.14\ref\net8.0\System.Threading.Tasks.Dataflow.dll
           C:\Program Files\dotnet\packs\Microsoft.NETCore.App.Ref\8.0.14\ref\net8.0\System.Threading.Tasks.dll
           C:\Program Files\dotnet\packs\Microsoft.NETCore.App.Ref\8.0.14\ref\net8.0\System.Threading.Tasks.Extensions.dll
           C:\Program Files\dotnet\packs\Microsoft.NETCore.App.Ref\8.0.14\ref\net8.0\System.Threading.Tasks.Parallel.dll
           C:\Program Files\dotnet\packs\Microsoft.NETCore.App.Ref\8.0.14\ref\net8.0\System.Threading.Thread.dll
           C:\Program Files\dotnet\packs\Microsoft.NETCore.App.Ref\8.0.14\ref\net8.0\System.Threading.ThreadPool.dll
           C:\Program Files\dotnet\packs\Microsoft.NETCore.App.Ref\8.0.14\ref\net8.0\System.Threading.Timer.dll
           C:\Program Files\dotnet\packs\Microsoft.NETCore.App.Ref\8.0.14\ref\net8.0\System.Transactions.dll
           C:\Program Files\dotnet\packs\Microsoft.NETCore.App.Ref\8.0.14\ref\net8.0\System.Transactions.Local.dll
           C:\Program Files\dotnet\packs\Microsoft.NETCore.App.Ref\8.0.14\ref\net8.0\System.ValueTuple.dll
           C:\Program Files\dotnet\packs\Microsoft.NETCore.App.Ref\8.0.14\ref\net8.0\System.Web.dll
           C:\Program Files\dotnet\packs\Microsoft.NETCore.App.Ref\8.0.14\ref\net8.0\System.Web.HttpUtility.dll
           C:\Program Files\dotnet\packs\Microsoft.NETCore.App.Ref\8.0.14\ref\net8.0\System.Windows.dll
           C:\Program Files\dotnet\packs\Microsoft.NETCore.App.Ref\8.0.14\ref\net8.0\System.Xml.dll
           C:\Program Files\dotnet\packs\Microsoft.NETCore.App.Ref\8.0.14\ref\net8.0\System.Xml.Linq.dll
           C:\Program Files\dotnet\packs\Microsoft.NETCore.App.Ref\8.0.14\ref\net8.0\System.Xml.ReaderWriter.dll
           C:\Program Files\dotnet\packs\Microsoft.NETCore.App.Ref\8.0.14\ref\net8.0\System.Xml.Serialization.dll
           C:\Program Files\dotnet\packs\Microsoft.NETCore.App.Ref\8.0.14\ref\net8.0\System.Xml.XDocument.dll
           C:\Program Files\dotnet\packs\Microsoft.NETCore.App.Ref\8.0.14\ref\net8.0\System.Xml.XmlDocument.dll
           C:\Program Files\dotnet\packs\Microsoft.NETCore.App.Ref\8.0.14\ref\net8.0\System.Xml.XmlSerializer.dll
           C:\Program Files\dotnet\packs\Microsoft.NETCore.App.Ref\8.0.14\ref\net8.0\System.Xml.XPath.dll
           C:\Program Files\dotnet\packs\Microsoft.NETCore.App.Ref\8.0.14\ref\net8.0\System.Xml.XPath.XDocument.dll
           C:\Program Files\dotnet\packs\Microsoft.NETCore.App.Ref\8.0.14\ref\net8.0\WindowsBase.dll
           obj\Debug\net8.0\AuthSystem.Domain.csproj.CoreCompileInputs.cache
           C:\Program Files\dotnet\sdk\9.0.201\Sdks\Microsoft.NET.Sdk\targets\..\analyzers\Microsoft.CodeAnalysis.CSharp.NetAnalyzers.dll
           C:\Program Files\dotnet\sdk\9.0.201\Sdks\Microsoft.NET.Sdk\targets\..\analyzers\Microsoft.CodeAnalysis.NetAnalyzers.dll
           C:\Program Files\dotnet\packs\Microsoft.NETCore.App.Ref\8.0.14\analyzers/dotnet/cs/Microsoft.Interop.ComInterfaceGenerator.dll
           C:\Program Files\dotnet\packs\Microsoft.NETCore.App.Ref\8.0.14\analyzers/dotnet/cs/Microsoft.Interop.JavaScript.JSImportGenerator.dll
           C:\Program Files\dotnet\packs\Microsoft.NETCore.App.Ref\8.0.14\analyzers/dotnet/cs/Microsoft.Interop.LibraryImportGenerator.dll
           C:\Program Files\dotnet\packs\Microsoft.NETCore.App.Ref\8.0.14\analyzers/dotnet/cs/Microsoft.Interop.SourceGeneration.dll
           C:\Program Files\dotnet\packs\Microsoft.NETCore.App.Ref\8.0.14\analyzers/dotnet/cs/System.Text.Json.SourceGeneration.dll
           C:\Program Files\dotnet\packs\Microsoft.NETCore.App.Ref\8.0.14\analyzers/dotnet/cs/System.Text.RegularExpressions.Generator.dll
           obj\Debug\net8.0\AuthSystem.Domain.GeneratedMSBuildEditorConfig.editorconfig
           C:\Program Files\dotnet\sdk\9.0.201\Sdks\Microsoft.NET.Sdk\analyzers\build\config\analysislevel_8_default.globalconfig
           D:\Users\Jhon\Documentos\Mintrabajo\Modulo General usuarios\AuthSystemNew\AuthSystem.Domain\AuthSystem.Domain.csproj
           C:\Program Files\dotnet\sdk\9.0.201\Current\Microsoft.Common.targets\ImportAfter\Microsoft.TestPlatform.ImportAfter.targets
           obj\Debug\net8.0\AuthSystem.Domain.sourcelink.json
       Archivos de salida: 
           obj\Debug\net8.0\AuthSystem.Domain.dll
           obj\Debug\net8.0\refint\AuthSystem.Domain.dll
           obj\Debug\net8.0\AuthSystem.Domain.pdb
  6:11>Compilaci├│n terminada del destino "CoreCompile" en el proyecto "AuthSystem.Domain.csproj".
       Se omiti├│ el destino "_TouchLastBuildWithSkipAnalyzers" debido a una condici├│n falsa (False); ('$(_SkipAnalyzers)' == 'true') se evalu├│ como ('' == 'true').
       Se omiti├│ el destino "_TimeStampAfterCompile" debido a una condici├│n falsa (False); ('$(RunPostBuildEvent)'=='OnOutputUpdated' or ('$(RegisterForComInterop)'=='true' and '$(OutputType)'=='library')) se evalu├│ como (''=='OnOutputUpdated' or (''=='true' and 'Library'=='library')).
  6:11>Destino "AfterCompile" en el archivo "C:\Program Files\dotnet\sdk\9.0.201\Microsoft.Common.CurrentVersion.targets" del proyecto "D:\Users\Jhon\Documentos\Mintrabajo\Modulo General usuarios\AuthSystemNew\AuthSystem.Domain\AuthSystem.Domain.csproj" (el destino "Compile" depende de ├®l):
  6:11>Compilaci├│n terminada del destino "AfterCompile" en el proyecto "AuthSystem.Domain.csproj".
       Se omiti├│ el destino "_CreateAppHost" debido a una condici├│n falsa (False); ('$(ComputeNETCoreBuildOutputFiles)' == 'true' and
                            '$(AppHostSourcePath)' != '' and
                            Exists('@(IntermediateAssembly)') and
                            Exists('$(AppHostSourcePath)')) se evalu├│ como ('true' == 'true' and
                            '' != '' and
                            Exists('obj\Debug\net8.0\AuthSystem.Domain.dll') and
                            Exists('')).
       Se omiti├│ el destino "_CreateComHost" debido a una condici├│n falsa (False); ('$(ComputeNETCoreBuildOutputFiles)' == 'true' and
                            '$(ComHostIntermediatePath)' != '' and
                            Exists('@(IntermediateAssembly)') and
                            Exists('$(ComHostSourcePath)')) se evalu├│ como ('true' == 'true' and
                            '' != '' and
                            Exists('obj\Debug\net8.0\AuthSystem.Domain.dll') and
                            Exists('')).
       Se omiti├│ el destino "_GetIjwHostPaths" debido a una condici├│n falsa (False); ('$(UseIJWHost)' == 'true') se evalu├│ como ('' == 'true').
  6:11>Destino "Compile" en el archivo "C:\Program Files\dotnet\sdk\9.0.201\Microsoft.Common.CurrentVersion.targets" del proyecto "D:\Users\Jhon\Documentos\Mintrabajo\Modulo General usuarios\AuthSystemNew\AuthSystem.Domain\AuthSystem.Domain.csproj" (el destino "CoreBuild" depende de ├®l):
  6:11>Compilaci├│n terminada del destino "Compile" en el proyecto "AuthSystem.Domain.csproj".
       Se omiti├│ el destino "ExportWindowsMDFile" debido a una condici├│n falsa (False); ('$(ExportWinMDFile)' == 'true') se evalu├│ como ('' == 'true').
       Se omiti├│ el destino "UnmanagedUnregistration" debido a una condici├│n falsa (False); ((('$(_AssemblyTimestampBeforeCompile)' != '$(_AssemblyTimestampAfterCompile)' or '$(RegisterForComInterop)' != 'true' or '$(OutputType)' != 'library') or
                           ('$(_AssemblyTimestampBeforeCompile)' == '')) and
                          Exists('@(_UnmanagedRegistrationCache)')) se evalu├│ como ((('' != '' or '' != 'true' or 'Library' != 'library') or
                           ('' == '')) and
                          Exists('obj\AuthSystem.Domain.csproj.UnmanagedRegistration.cache')).
       Se omiti├│ el destino "GenerateSerializationAssemblies" debido a una condici├│n falsa (False); ('$(_SGenGenerateSerializationAssembliesConfig)' == 'On' or ('@(WebReferenceUrl)'!='' and '$(_SGenGenerateSerializationAssembliesConfig)' == 'Auto')) se evalu├│ como ('Off' == 'On' or (''!='' and 'Off' == 'Auto')).
  6:11>Destino "_GenerateSatelliteAssemblyInputs" en el archivo "C:\Program Files\dotnet\sdk\9.0.201\Microsoft.Common.CurrentVersion.targets" del proyecto "D:\Users\Jhon\Documentos\Mintrabajo\Modulo General usuarios\AuthSystemNew\AuthSystem.Domain\AuthSystem.Domain.csproj" (el destino "CreateSatelliteAssemblies" depende de ├®l):
       Se omiti├│ la tarea "MSBuildInternalMessage" debido a una condici├│n falsa (False); ('@(ManifestResourceWithCulture)'!='' and '%(ManifestResourceWithCulture.EmittedForCompatibilityOnly)'=='') se evalu├│ como (''!='' and ''=='').
       Se omiti├│ la tarea "MSBuildInternalMessage" debido a una condici├│n falsa (False); ('@(ManifestNonResxWithCultureOnDisk)'!='' and '%(ManifestNonResxWithCultureOnDisk.EmittedForCompatibilityOnly)'=='') se evalu├│ como (''!='' and ''=='').
  6:11>Compilaci├│n terminada del destino "_GenerateSatelliteAssemblyInputs" en el proyecto "AuthSystem.Domain.csproj".
       Se omiti├│ el destino "ComputeIntermediateSatelliteAssemblies" debido a una condici├│n falsa (False); (@(EmbeddedResource->'%(WithCulture)') != '') se evalu├│ como ( != '').
       Se omiti├│ el destino "GenerateSatelliteAssemblies" debido a una condici├│n falsa (False); ('@(_SatelliteAssemblyResourceInputs)' != '' and '$(GenerateSatelliteAssembliesForCore)' != 'true') se evalu├│ como ('' != '' and 'true' != 'true').
       Se omiti├│ el destino "CoreGenerateSatelliteAssemblies" debido a una condici├│n falsa (False); ('@(_SatelliteAssemblyResourceInputs)' != ''  and '$(GenerateSatelliteAssembliesForCore)' == 'true' ) se evalu├│ como ('' != ''  and 'true' == 'true' ).
  6:11>Destino "CreateSatelliteAssemblies" en el archivo "C:\Program Files\dotnet\sdk\9.0.201\Microsoft.Common.CurrentVersion.targets" del proyecto "D:\Users\Jhon\Documentos\Mintrabajo\Modulo General usuarios\AuthSystemNew\AuthSystem.Domain\AuthSystem.Domain.csproj" (el destino "CoreBuild" depende de ├®l):
  6:11>Compilaci├│n terminada del destino "CreateSatelliteAssemblies" en el proyecto "AuthSystem.Domain.csproj".
       Se omiti├│ el destino "GenerateManifests" debido a una condici├│n falsa (False); ('$(GenerateClickOnceManifests)'=='true' or '@(NativeReference)'!='' or '@(ResolvedIsolatedComModules)'!='' or '$(GenerateAppxManifest)' == 'true') se evalu├│ como (''=='true' or ''!='' or ''!='' or '' == 'true').
  6:11>Destino "GetTargetPathWithTargetPlatformMoniker" en el archivo "C:\Program Files\dotnet\sdk\9.0.201\Microsoft.Common.CurrentVersion.targets" del proyecto "D:\Users\Jhon\Documentos\Mintrabajo\Modulo General usuarios\AuthSystemNew\AuthSystem.Domain\AuthSystem.Domain.csproj" (el destino "GetTargetPath" depende de ├®l):
  6:11>Compilaci├│n terminada del destino "GetTargetPathWithTargetPlatformMoniker" en el proyecto "AuthSystem.Domain.csproj".
  6:11>Destino "GetTargetPath" en el archivo "C:\Program Files\dotnet\sdk\9.0.201\Microsoft.Common.CurrentVersion.targets" del proyecto "D:\Users\Jhon\Documentos\Mintrabajo\Modulo General usuarios\AuthSystemNew\AuthSystem.Domain\AuthSystem.Domain.csproj" (el destino "CoreBuild" depende de ├®l):
  6:11>Compilaci├│n terminada del destino "GetTargetPath" en el proyecto "AuthSystem.Domain.csproj".
       Se omiti├│ el destino "ComputeIntermediateSatelliteAssemblies" debido a una condici├│n falsa (False); (@(EmbeddedResource->'%(WithCulture)') != '') se evalu├│ como ( != '').
       Se omiti├│ el destino "_CopyFilesMarkedCopyLocal" debido a una condici├│n falsa (False); ('@(ReferenceCopyLocalPaths)' != '') se evalu├│ como ('' != '').
       Se omiti├│ el destino "AssignTargetPaths". Compilado previamente de forma correcta.
       Se omiti├│ el destino "AssignProjectConfiguration". Compilado previamente de forma correcta.
       Se omiti├│ el destino "_SplitProjectReferencesByFileExistence". Compilado previamente de forma correcta.
       Se omiti├│ el destino "_GetProjectReferenceTargetFrameworkProperties". Compilado previamente de forma correcta.
  6:11>Destino "_PopulateCommonStateForGetCopyToOutputDirectoryItems" en el archivo "C:\Program Files\dotnet\sdk\9.0.201\Microsoft.Common.CurrentVersion.targets" del proyecto "D:\Users\Jhon\Documentos\Mintrabajo\Modulo General usuarios\AuthSystemNew\AuthSystem.Domain\AuthSystem.Domain.csproj" (el destino "GetCopyToOutputDirectoryItems" depende de ├®l):
  6:11>Compilaci├│n terminada del destino "_PopulateCommonStateForGetCopyToOutputDirectoryItems" en el proyecto "AuthSystem.Domain.csproj".
       Se omiti├│ el destino "AddDepsJsonAndRuntimeConfigToCopyItemsForReferencingProjects" debido a una condici├│n falsa (False); ('$(HasRuntimeOutput)' == 'true') se evalu├│ como ('' == 'true').
  6:11>Destino "GetCopyToOutputDirectoryItems" en el archivo "C:\Program Files\dotnet\sdk\9.0.201\Microsoft.Common.CurrentVersion.targets" del proyecto "D:\Users\Jhon\Documentos\Mintrabajo\Modulo General usuarios\AuthSystemNew\AuthSystem.Domain\AuthSystem.Domain.csproj" (el destino "_CopySourceItemsToOutputDirectory" depende de ├®l):
       Usando la tarea "CallTarget" del ensamblado "Microsoft.Build.Tasks.Core, Version=15.1.0.0, Culture=neutral, PublicKeyToken=b03f5f7f11d50a3a".
       Tarea "CallTarget"
       Se omiti├│ el destino "_PopulateCommonStateForGetCopyToOutputDirectoryItems". Compilado previamente de forma correcta.
       Se omiti├│ el destino "_AddOutputPathToGlobalPropertiesToRemove". Compilado previamente de forma correcta.
  6:11>Destino "_GetCopyToOutputDirectoryItemsFromTransitiveProjectReferences" en el archivo "C:\Program Files\dotnet\sdk\9.0.201\Microsoft.Common.CurrentVersion.targets" del proyecto "D:\Users\Jhon\Documentos\Mintrabajo\Modulo General usuarios\AuthSystemNew\AuthSystem.Domain\AuthSystem.Domain.csproj" (el destino "GetCopyToOutputDirectoryItems" depende de ├®l):
       Se omiti├│ la tarea "MSBuild" debido a una condici├│n falsa (False); ('@(_MSBuildProjectReferenceExistent)' != '' and '$(_GetChildProjectCopyToOutputDirectoryItems)' == 'true' and '%(_MSBuildProjectReferenceExistent.Private)' != 'false' and '$(UseCommonOutputDirectory)' != 'true') se evalu├│ como ('' != '' and 'true' == 'true' and '' != 'false' and 'false' != 'true').
       Tarea "AssignTargetPath"
       Ejecuci├│n de la tarea "AssignTargetPath" terminada.
  6:11>Compilaci├│n terminada del destino "_GetCopyToOutputDirectoryItemsFromTransitiveProjectReferences" en el proyecto "AuthSystem.Domain.csproj".
       Ejecuci├│n de la tarea "CallTarget" terminada.
       Tarea "CallTarget"
       Se omiti├│ el destino "AssignTargetPaths". Compilado previamente de forma correcta.
       Se omiti├│ el destino "_PopulateCommonStateForGetCopyToOutputDirectoryItems". Compilado previamente de forma correcta.
       Se omiti├│ el destino "AddDepsJsonAndRuntimeConfigToCopyItemsForReferencingProjects" debido a una condici├│n falsa (False); ('$(HasRuntimeOutput)' == 'true') se evalu├│ como ('' == 'true').
  6:11>Destino "_GetCopyToOutputDirectoryItemsFromThisProject" en el archivo "C:\Program Files\dotnet\sdk\9.0.201\Microsoft.Common.CurrentVersion.targets" del proyecto "D:\Users\Jhon\Documentos\Mintrabajo\Modulo General usuarios\AuthSystemNew\AuthSystem.Domain\AuthSystem.Domain.csproj" (el destino "GetCopyToOutputDirectoryItems" depende de ├®l):
       Tarea "AssignTargetPath"
       Ejecuci├│n de la tarea "AssignTargetPath" terminada.
  6:11>Compilaci├│n terminada del destino "_GetCopyToOutputDirectoryItemsFromThisProject" en el proyecto "AuthSystem.Domain.csproj".
       Ejecuci├│n de la tarea "CallTarget" terminada.
  6:11>Compilaci├│n terminada del destino "GetCopyToOutputDirectoryItems" en el proyecto "AuthSystem.Domain.csproj".
       Se omiti├│ el destino "_CopyOutOfDateSourceItemsToOutputDirectory" debido a una condici├│n falsa (False); ( '@(_SourceItemsToCopyToOutputDirectory)' != '' ) se evalu├│ como ( '' != '' ).
       Se omiti├│ el destino "_CopyOutOfDateSourceItemsToOutputDirectoryAlways" debido a una condici├│n falsa (False); ( '@(_SourceItemsToCopyToOutputDirectoryAlways)' != '' ) se evalu├│ como ( '' != '' ).
       Se omiti├│ el destino "_CopyDifferingSourceItemsToOutputDirectory" debido a una condici├│n falsa (False); ( '@(_SourceItemsToCopyToOutputDirectoryIfDifferent)' != '' ) se evalu├│ como ( '' != '' ).
  6:11>Destino "_CopySourceItemsToOutputDirectory" en el archivo "C:\Program Files\dotnet\sdk\9.0.201\Microsoft.Common.CurrentVersion.targets" del proyecto "D:\Users\Jhon\Documentos\Mintrabajo\Modulo General usuarios\AuthSystemNew\AuthSystem.Domain\AuthSystem.Domain.csproj" (el destino "CopyFilesToOutputDirectory" depende de ├®l):
  6:11>Compilaci├│n terminada del destino "_CopySourceItemsToOutputDirectory" en el proyecto "AuthSystem.Domain.csproj".
       Se omiti├│ el destino "_CopyAppConfigFile" debido a una condici├│n falsa (False); ( '@(AppConfigWithTargetPath)' != '' ) se evalu├│ como ( '' != '' ).
       Se omiti├│ el destino "_CopyManifestFiles" debido a una condici├│n falsa (False); ( '$(_DeploymentCopyApplicationManifest)'=='true' or '$(GenerateClickOnceManifests)'=='true' ) se evalu├│ como ( ''=='true' or ''=='true' ).
  6:11>Destino "_CheckForCompileOutputs" en el archivo "C:\Program Files\dotnet\sdk\9.0.201\Microsoft.Common.CurrentVersion.targets" del proyecto "D:\Users\Jhon\Documentos\Mintrabajo\Modulo General usuarios\AuthSystemNew\AuthSystem.Domain\AuthSystem.Domain.csproj" (el destino "CopyFilesToOutputDirectory" depende de ├®l):
  6:11>Compilaci├│n terminada del destino "_CheckForCompileOutputs" en el proyecto "AuthSystem.Domain.csproj".
       Se omiti├│ el destino "_SGenCheckForOutputs" debido a una condici├│n falsa (False); ('$(_SGenGenerateSerializationAssembliesConfig)' == 'On' or ('@(WebReferenceUrl)'!='' and '$(_SGenGenerateSerializationAssembliesConfig)' == 'Auto')) se evalu├│ como ('Off' == 'On' or (''!='' and 'Off' == 'Auto')).
       Se omiti├│ el destino "_DefaultMicrosoftNETPlatformLibrary". Compilado previamente de forma correcta.
       Se omiti├│ el destino "_HandlePackageFileConflicts". Compilado previamente de forma correcta.
       Se omiti├│ el destino "ResolveAssemblyReferences". Compilado previamente de forma correcta.
  6:11>Destino "_ComputeReferenceAssemblies" en el archivo "C:\Program Files\dotnet\sdk\9.0.201\Sdks\Microsoft.NET.Sdk\targets\Microsoft.NET.Sdk.targets" del proyecto "D:\Users\Jhon\Documentos\Mintrabajo\Modulo General usuarios\AuthSystemNew\AuthSystem.Domain\AuthSystem.Domain.csproj" (el destino "GenerateBuildDependencyFile" depende de ├®l):
  6:11>Compilaci├│n terminada del destino "_ComputeReferenceAssemblies" en el proyecto "AuthSystem.Domain.csproj".
  6:11>Destino "_ComputeUserRuntimeAssemblies" en el archivo "C:\Program Files\dotnet\sdk\9.0.201\Sdks\Microsoft.NET.Sdk\targets\Microsoft.NET.Sdk.targets" del proyecto "D:\Users\Jhon\Documentos\Mintrabajo\Modulo General usuarios\AuthSystemNew\AuthSystem.Domain\AuthSystem.Domain.csproj" (el destino "GenerateBuildDependencyFile" depende de ├®l):
  6:11>Compilaci├│n terminada del destino "_ComputeUserRuntimeAssemblies" en el proyecto "AuthSystem.Domain.csproj".
       Se omiti├│ el destino "ResolveRuntimePackAssets" debido a una condici├│n falsa (False); ('@(RuntimePack)' != '') se evalu├│ como ('' != '').
       Se omiti├│ el destino "_ComputePackageReferencePublish". Compilado previamente de forma correcta.
       Se omiti├│ el destino "ComputeDependencyFileCompilerOptions" debido a una condici├│n falsa (False); ('$(PreserveCompilationContext)' == 'true') se evalu├│ como ('' == 'true').
  6:11>Destino "GenerateBuildDependencyFile" en el archivo "C:\Program Files\dotnet\sdk\9.0.201\Sdks\Microsoft.NET.Sdk\targets\Microsoft.NET.Sdk.targets" del proyecto "D:\Users\Jhon\Documentos\Mintrabajo\Modulo General usuarios\AuthSystemNew\AuthSystem.Domain\AuthSystem.Domain.csproj" (el destino "CopyFilesToOutputDirectory" depende de ├®l):
       Se omitir├í el destino "GenerateBuildDependencyFile" porque todos los archivos de salida est├ín actualizados respecto a los archivos de entrada.
       Archivos de entrada: 
           D:\Users\Jhon\Documentos\Mintrabajo\Modulo General usuarios\AuthSystemNew\AuthSystem.Domain\obj\project.assets.json
           D:\Users\Jhon\Documentos\Mintrabajo\Modulo General usuarios\AuthSystemNew\AuthSystem.Domain\obj\Debug\net8.0\AuthSystem.Domain.assets.cache
           D:\Users\Jhon\Documentos\Mintrabajo\Modulo General usuarios\AuthSystemNew\AuthSystem.Domain\AuthSystem.Domain.csproj
           C:\Program Files\dotnet\sdk\9.0.201\Current\Microsoft.Common.targets\ImportAfter\Microsoft.TestPlatform.ImportAfter.targets
       Archivos de salida: D:\Users\Jhon\Documentos\Mintrabajo\Modulo General usuarios\AuthSystemNew\AuthSystem.Domain\bin\Debug\net8.0\AuthSystem.Domain.deps.json
  6:11>Compilaci├│n terminada del destino "GenerateBuildDependencyFile" en el proyecto "AuthSystem.Domain.csproj".
       Se omiti├│ el destino "GenerateBuildRuntimeConfigurationFiles" debido a una condici├│n falsa (False); ( '$(GenerateRuntimeConfigurationFiles)' == 'true') se evalu├│ como ( '' == 'true').
       Se omiti├│ el destino "GenerateShimsAssets" debido a una condici├│n falsa (False); ('$(PackAsTool)' == 'true' and $(PackAsToolShimRuntimeIdentifiers) != '' ) se evalu├│ como ('' == 'true' and  != '' ).
  6:11>Destino "CopyFilesToOutputDirectory" en el archivo "C:\Program Files\dotnet\sdk\9.0.201\Microsoft.Common.CurrentVersion.targets" del proyecto "D:\Users\Jhon\Documentos\Mintrabajo\Modulo General usuarios\AuthSystemNew\AuthSystem.Domain\AuthSystem.Domain.csproj" (el destino "PrepareForRun" depende de ├®l):
       Usando la tarea "Copy" del ensamblado "Microsoft.Build.Tasks.Core, Version=15.1.0.0, Culture=neutral, PublicKeyToken=b03f5f7f11d50a3a".
       Tarea "Copy"
         No se copi├│ del archivo "obj\Debug\net8.0\AuthSystem.Domain.dll" en el archivo "bin\Debug\net8.0\AuthSystem.Domain.dll" porque el par├ímetro "SkipUnchangedFiles" se estableci├│ como "true" en el proyecto y los tama├▒os y las marcas de tiempo de los archivos coinciden.
       Ejecuci├│n de la tarea "Copy" terminada.
       Usando la tarea "CopyRefAssembly" del ensamblado "C:\Program Files\dotnet\sdk\9.0.201\Roslyn\Microsoft.Build.Tasks.CodeAnalysis.dll".
       Tarea "CopyRefAssembly"
         El ensamblado de referencia "D:\Users\Jhon\Documentos\Mintrabajo\Modulo General usuarios\AuthSystemNew\AuthSystem.Domain\obj\Debug\net8.0\ref\AuthSystem.Domain.dll" ya tiene la informaci├│n m├ís reciente. Se dejar├í como est├í.
       Ejecuci├│n de la tarea "CopyRefAssembly" terminada.
       Tarea "Message"
         AuthSystem.Domain -> D:\Users\Jhon\Documentos\Mintrabajo\Modulo General usuarios\AuthSystemNew\AuthSystem.Domain\bin\Debug\net8.0\AuthSystem.Domain.dll
       Ejecuci├│n de la tarea "Message" terminada.
       Se omiti├│ la tarea "Copy" debido a una condici├│n falsa (False); ('@(AddModules)' != '') se evalu├│ como ('' != '').
       Se omiti├│ la tarea "Copy" debido a una condici├│n falsa (False); ('$(_SGenDllCreated)'=='true') se evalu├│ como ('false'=='true').
       Tarea "Copy"
         No se copi├│ del archivo "obj\Debug\net8.0\AuthSystem.Domain.pdb" en el archivo "bin\Debug\net8.0\AuthSystem.Domain.pdb" porque el par├ímetro "SkipUnchangedFiles" se estableci├│ como "true" en el proyecto y los tama├▒os y las marcas de tiempo de los archivos coinciden.
       Ejecuci├│n de la tarea "Copy" terminada.
     0>Reasignaci├│n de propiedad: $(_GenerateToolsSettingsFileCacheFile)="D:\Users\Jhon\Documentos\Mintrabajo\Modulo General usuarios\AuthSystemNew\AuthSystem.API\obj\Debug\net8.0\AuthSystem.API.toolssettingsinput.cache" (valor anterior: "obj\Debug\net8.0\AuthSystem.API.toolssettingsinput.cache") en C:\Program Files\dotnet\sdk\9.0.201\Sdks\Microsoft.NET.Sdk\targets\Microsoft.NET.PackTool.targets (68,5)
  6:11>CopyFilesToOutputDirectory:
       Se omiti├│ la tarea "Copy" debido a una condici├│n falsa (False); ('$(_DocumentationFileProduced)'=='true' and '$(CopyDocumentationFileToOutputDirectory)'=='true') se evalu├│ como ('false'=='true' and 'true'=='true').
     0>Reasignaci├│n de propiedad: $(_ShimInputCacheFile)="D:\Users\Jhon\Documentos\Mintrabajo\Modulo General usuarios\AuthSystemNew\AuthSystem.API\obj\Debug\net8.0\AuthSystem.API.shiminput.cache" (valor anterior: "obj\Debug\net8.0\AuthSystem.API.shiminput.cache") en C:\Program Files\dotnet\sdk\9.0.201\Sdks\Microsoft.NET.Sdk\targets\Microsoft.NET.PackTool.targets (137,5)
       Reasignaci├│n de propiedad: $(_ShimCreatedSentinelFile)="D:\Users\Jhon\Documentos\Mintrabajo\Modulo General usuarios\AuthSystemNew\AuthSystem.API\obj\Debug\net8.0\AuthSystem.API.shimcreated.sentinel" (valor anterior: "obj\Debug\net8.0\AuthSystem.API.shimcreated.sentinel") en C:\Program Files\dotnet\sdk\9.0.201\Sdks\Microsoft.NET.Sdk\targets\Microsoft.NET.PackTool.targets (139,5)
  6:11>CopyFilesToOutputDirectory:
       Se omiti├│ la tarea "Copy" debido a una condici├│n falsa (False); ('@(IntermediateSatelliteAssembliesWithTargetPath)' != '') se evalu├│ como ('' != '').
       Se omiti├│ la tarea "Copy" debido a una condici├│n falsa (False); ('@(ReferenceComWrappersToCopyLocal)' != '' or '@(ResolvedIsolatedComModules)' != '' or '@(_DeploymentLooseManifestFile)' != '' or '@(NativeReferenceFile)' != '' ) se evalu├│ como ('' != '' or '' != '' or '' != '' or '' != '' ).
       Se omiti├│ la tarea "Copy" debido a una condici├│n falsa (False); ('$(SkipCopyWinMDArtifact)' != 'true' and '@(WinMDExpArtifacts)' != '') se evalu├│ como ('' != 'true' and '' != '').
       Se omiti├│ la tarea "Message" debido a una condici├│n falsa (False); ('$(SkipCopyWinMDArtifact)' != 'true' and '$(_WindowsMetadataOutputPath)' != '') se evalu├│ como ('' != 'true' and '' != '').
  6:11>Compilaci├│n terminada del destino "CopyFilesToOutputDirectory" en el proyecto "AuthSystem.Domain.csproj".
       Se omiti├│ el destino "_CopyReferenceOnlyAssembliesForBuild" debido a una condici├│n falsa (False); ('$(PreserveCompilationReferences)' == 'true') se evalu├│ como ('' == 'true').
  6:11>Destino "PrepareForRun" en el archivo "C:\Program Files\dotnet\sdk\9.0.201\Microsoft.Common.CurrentVersion.targets" del proyecto "D:\Users\Jhon\Documentos\Mintrabajo\Modulo General usuarios\AuthSystemNew\AuthSystem.Domain\AuthSystem.Domain.csproj" (el destino "CoreBuild" depende de ├®l):
  6:11>Compilaci├│n terminada del destino "PrepareForRun" en el proyecto "AuthSystem.Domain.csproj".
       Se omiti├│ el destino "UnmanagedRegistration" debido a una condici├│n falsa (False); ('$(RegisterForComInterop)'=='true' and '$(OutputType)'=='library') se evalu├│ como (''=='true' and 'Library'=='library').
       Se omiti├│ el destino "_CheckForCompileOutputs". Compilado previamente de forma correcta.
       Se omiti├│ el destino "_SGenCheckForOutputs" debido a una condici├│n falsa (False); ('$(_SGenGenerateSerializationAssembliesConfig)' == 'On' or ('@(WebReferenceUrl)'!='' and '$(_SGenGenerateSerializationAssembliesConfig)' == 'Auto')) se evalu├│ como ('Off' == 'On' or (''!='' and 'Off' == 'Auto')).
  6:11>Destino "_CleanGetCurrentAndPriorFileWrites" en el archivo "C:\Program Files\dotnet\sdk\9.0.201\Microsoft.Common.CurrentVersion.targets" del proyecto "D:\Users\Jhon\Documentos\Mintrabajo\Modulo General usuarios\AuthSystemNew\AuthSystem.Domain\AuthSystem.Domain.csproj" (el destino "IncrementalClean" depende de ├®l):
       Usando la tarea "ReadLinesFromFile" del ensamblado "Microsoft.Build.Tasks.Core, Version=15.1.0.0, Culture=neutral, PublicKeyToken=b03f5f7f11d50a3a".
       Tarea "ReadLinesFromFile"
       Ejecuci├│n de la tarea "ReadLinesFromFile" terminada.
       Tarea "ConvertToAbsolutePath"
       Ejecuci├│n de la tarea "ConvertToAbsolutePath" terminada.
       Usando la tarea "FindUnderPath" del ensamblado "Microsoft.Build.Tasks.Core, Version=15.1.0.0, Culture=neutral, PublicKeyToken=b03f5f7f11d50a3a".
       Tarea "FindUnderPath"
         La ruta de comparaci├│n es "D:\Users\Jhon\Documentos\Mintrabajo\Modulo General usuarios\AuthSystemNew\AuthSystem.Domain".
       Ejecuci├│n de la tarea "FindUnderPath" terminada.
       Tarea "FindUnderPath"
         La ruta de comparaci├│n es "bin\Debug\net8.0\".
       Ejecuci├│n de la tarea "FindUnderPath" terminada.
       Tarea "FindUnderPath"
         La ruta de comparaci├│n es "obj\Debug\net8.0\".
       Ejecuci├│n de la tarea "FindUnderPath" terminada.
       Tarea "RemoveDuplicates"
       Ejecuci├│n de la tarea "RemoveDuplicates" terminada.
  6:11>Compilaci├│n terminada del destino "_CleanGetCurrentAndPriorFileWrites" en el proyecto "AuthSystem.Domain.csproj".
  6:11>Destino "IncrementalClean" en el archivo "C:\Program Files\dotnet\sdk\9.0.201\Microsoft.Common.CurrentVersion.targets" del proyecto "D:\Users\Jhon\Documentos\Mintrabajo\Modulo General usuarios\AuthSystemNew\AuthSystem.Domain\AuthSystem.Domain.csproj" (el destino "CoreBuild" depende de ├®l):
       Tarea "FindUnderPath"
         La ruta de comparaci├│n es "bin\Debug\net8.0\".
       Ejecuci├│n de la tarea "FindUnderPath" terminada.
       Tarea "FindUnderPath"
         La ruta de comparaci├│n es "obj\Debug\net8.0\".
       Ejecuci├│n de la tarea "FindUnderPath" terminada.
       Usando la tarea "Delete" del ensamblado "Microsoft.Build.Tasks.Core, Version=15.1.0.0, Culture=neutral, PublicKeyToken=b03f5f7f11d50a3a".
       Tarea "Delete"
       Ejecuci├│n de la tarea "Delete" terminada.
       Tarea "RemoveDuplicates"
       Ejecuci├│n de la tarea "RemoveDuplicates" terminada.
       Se omiti├│ la tarea "WriteLinesToFile" debido a una condici├│n falsa (False); ('@(_CleanUnfilteredPriorFileWrites)'!='@(_CleanUniqueRemainingFileWritesAfterIncrementalClean)') se evalu├│ como ('D:\Users\Jhon\Documentos\Mintrabajo\Modulo General usuarios\AuthSystemNew\AuthSystem.Domain\bin\Debug\net8.0\AuthSystem.Domain.deps.json;D:\Users\Jhon\Documentos\Mintrabajo\Modulo General usuarios\AuthSystemNew\AuthSystem.Domain\bin\Debug\net8.0\AuthSystem.Domain.dll;D:\Users\Jhon\Documentos\Mintrabajo\Modulo General usuarios\AuthSystemNew\AuthSystem.Domain\bin\Debug\net8.0\AuthSystem.Domain.pdb;...'!='D:\Users\Jhon\Documentos\Mintrabajo\Modulo General usuarios\AuthSystemNew\AuthSystem.Domain\bin\Debug\net8.0\AuthSystem.Domain.deps.json;D:\Users\Jhon\Documentos\Mintrabajo\Modulo General usuarios\AuthSystemNew\AuthSystem.Domain\bin\Debug\net8.0\AuthSystem.Domain.dll;D:\Users\Jhon\Documentos\Mintrabajo\Modulo General usuarios\AuthSystemNew\AuthSystem.Domain\bin\Debug\net8.0\AuthSystem.Domain.pdb;...').
  6:11>Compilaci├│n terminada del destino "IncrementalClean" en el proyecto "AuthSystem.Domain.csproj".
     0>Reasignaci├│n de propiedad: $(DefineConstants)="TRACE;DEBUG" (valor anterior: "TRACE") en C:\Program Files\dotnet\sdk\9.0.201\Sdks\Microsoft.NET.Sdk\targets\Microsoft.NET.Sdk.CSharp.targets (31,5)
       Reasignaci├│n de propiedad: $(DefineConstants)="TRACE;DEBUG;NET;NET8_0;NETCOREAPP" (valor anterior: "TRACE;DEBUG") en C:\Program Files\dotnet\sdk\9.0.201\Sdks\Microsoft.NET.Sdk\targets\Microsoft.NET.Sdk.CSharp.targets (34,5)
       Reasignaci├│n de propiedad: $(WarningsAsErrors)=";NU1605;SYSLIB0011" (valor anterior: ";NU1605") en C:\Program Files\dotnet\sdk\9.0.201\Sdks\Microsoft.NET.Sdk\targets\Microsoft.NET.Sdk.CSharp.targets (48,5)
  6:11>Se omiti├│ el destino "PostBuildEvent" debido a una condici├│n falsa (False); ('$(PostBuildEvent)' != '' and ('$(RunPostBuildEvent)' != 'OnOutputUpdated' or '$(_AssemblyTimestampBeforeCompile)' != '$(_AssemblyTimestampAfterCompile)')) se evalu├│ como ('' != '' and ('' != 'OnOutputUpdated' or '' != '')).
       Se omiti├│ el destino "GenerateBuildDependencyFile". Compilado previamente de forma correcta.
       Se omiti├│ el destino "GenerateBuildRuntimeConfigurationFiles" debido a una condici├│n falsa (False); ( '$(GenerateRuntimeConfigurationFiles)' == 'true') se evalu├│ como ( '' == 'true').
  6:11>Destino "CoreBuild" en el archivo "C:\Program Files\dotnet\sdk\9.0.201\Microsoft.Common.CurrentVersion.targets" del proyecto "D:\Users\Jhon\Documentos\Mintrabajo\Modulo General usuarios\AuthSystemNew\AuthSystem.Domain\AuthSystem.Domain.csproj" (el destino "Build" depende de ├®l):
  6:11>Compilaci├│n terminada del destino "CoreBuild" en el proyecto "AuthSystem.Domain.csproj".
  6:11>Destino "AfterBuild" en el archivo "C:\Program Files\dotnet\sdk\9.0.201\Microsoft.Common.CurrentVersion.targets" del proyecto "D:\Users\Jhon\Documentos\Mintrabajo\Modulo General usuarios\AuthSystemNew\AuthSystem.Domain\AuthSystem.Domain.csproj" (el destino "Build" depende de ├®l):
  6:11>Compilaci├│n terminada del destino "AfterBuild" en el proyecto "AuthSystem.Domain.csproj".
       Se omiti├│ el destino "_CheckBrowserWorkloadNeededButNotAvailable" debido a una condici├│n falsa (False); ('$(RuntimeIdentifier)' == 'browser-wasm' and '$(_BrowserWorkloadDisabled)' != 'true' and '$(WasmNativeWorkloadAvailable)' != 'true') se evalu├│ como ('' == 'browser-wasm' and '' != 'true' and '' != 'true').
       Se omiti├│ el destino "_ErrorWorkloadDisabledForTFMLessThan6" debido a una condici├│n falsa (False); ('$(_BrowserWorkloadNotSupportedForTFM)' == 'true') se evalu├│ como ('' == 'true').
       Se omiti├│ el destino "_ErrorDualWasmThreadPropsOn7" debido a una condici├│n falsa (False); ('$(TargetsNet7)' == 'true' and '$(RuntimeIdentifier)' == 'browser-wasm' and
           '$(BrowserWorkloadDisabled)' != 'true' and '$(WasmEnableThreads)' == 'true' and '$(WasmEnablePerfTrace)' == 'true') se evalu├│ como ('' == 'true' and '' == 'browser-wasm' and
           '' != 'true' and '' == 'true' and '' == 'true').
       Se omiti├│ el destino "_CheckForInvalidConfigurationAndPlatform". Compilado previamente de forma correcta.
       Se omiti├│ el destino "_CheckForInvalidConfigurationAndPlatform". Compilado previamente de forma correcta.
  6:11>Destino "Build" en el archivo "C:\Program Files\dotnet\sdk\9.0.201\Microsoft.Common.CurrentVersion.targets" del proyecto "D:\Users\Jhon\Documentos\Mintrabajo\Modulo General usuarios\AuthSystemNew\AuthSystem.Domain\AuthSystem.Domain.csproj" (punto de entrada):
  6:11>Compilaci├│n terminada del destino "Build" en el proyecto "AuthSystem.Domain.csproj".
       Se omiti├│ el destino "_PackAsBuildAfterTarget" debido a una condici├│n falsa (False); ('$(GeneratePackageOnBuild)' == 'true' AND '$(IsInnerBuild)' != 'true') se evalu├│ como ('false' == 'true' AND '' != 'true').
  6:11>Destino "_CheckContainersPackage" en el archivo "C:\Program Files\dotnet\sdk\9.0.201\Containers\build\Microsoft.NET.Build.Containers.targets" del proyecto "D:\Users\Jhon\Documentos\Mintrabajo\Modulo General usuarios\AuthSystemNew\AuthSystem.Domain\AuthSystem.Domain.csproj" (punto de entrada):
       Se omiti├│ la tarea "Warning" debido a una condici├│n falsa (False); ($(_ContainerPackageIsPresent)
               and (
                 ($(_SdkCanPublishWeb) and $(_IsWebProject)) or
                 ($(_SdkCanPublishWorker) and $(_IsWorkerProject)) or
                 ($(_SdkCanPublishConsole) and '$(EnableSdkContainerSupport)' == 'true')
               )) se evalu├│ como (false
               and (
                 (True and false) or
                 (True and false) or
                 (True and '' == 'true')
               )).
  6:11>Compilaci├│n terminada del destino "_CheckContainersPackage" en el proyecto "AuthSystem.Domain.csproj".
  6:11>Compilaci├│n del proyecto terminada "D:\Users\Jhon\Documentos\Mintrabajo\Modulo General usuarios\AuthSystemNew\AuthSystem.Domain\AuthSystem.Domain.csproj" (destinos predeterminados).
   3:6>El proyecto "D:\Users\Jhon\Documentos\Mintrabajo\Modulo General usuarios\AuthSystemNew\AuthSystem.IntegrationTests\AuthSystem.IntegrationTests.csproj" (3:6) est├í compilando "D:\Users\Jhon\Documentos\Mintrabajo\Modulo General usuarios\AuthSystemNew\AuthSystem.Domain\AuthSystem.Domain.csproj" (6:12) en el nodo 6 (GetTargetFrameworks destinos).
  6:12>Destino "GetTargetFrameworksWithPlatformForSingleTargetFramework" en el archivo "C:\Program Files\dotnet\sdk\9.0.201\Microsoft.Common.CurrentVersion.targets" del proyecto "D:\Users\Jhon\Documentos\Mintrabajo\Modulo General usuarios\AuthSystemNew\AuthSystem.Domain\AuthSystem.Domain.csproj" (el destino "GetTargetFrameworks" depende de ├®l):
  6:12>Usando la tarea "CombineTargetFrameworkInfoProperties" del ensamblado "Microsoft.Build.Tasks.Core, Version=15.1.0.0, Culture=neutral, PublicKeyToken=b03f5f7f11d50a3a".
       Tarea "CombineTargetFrameworkInfoProperties"
       Ejecuci├│n de la tarea "CombineTargetFrameworkInfoProperties" terminada.
  6:12>Compilaci├│n terminada del destino "GetTargetFrameworksWithPlatformForSingleTargetFramework" en el proyecto "AuthSystem.Domain.csproj".
  6:12>Destino "GetTargetFrameworks" en el archivo "C:\Program Files\dotnet\sdk\9.0.201\Microsoft.Common.CurrentVersion.targets" del proyecto "D:\Users\Jhon\Documentos\Mintrabajo\Modulo General usuarios\AuthSystemNew\AuthSystem.Domain\AuthSystem.Domain.csproj" (punto de entrada):
       Se omiti├│ la tarea "MSBuildInternalMessage" debido a una condici├│n falsa (False); ('$(IsCrossTargetingBuild)' == 'true') se evalu├│ como ('' == 'true').
       Usando la tarea "CombineXmlElements" del ensamblado "Microsoft.Build.Tasks.Core, Version=15.1.0.0, Culture=neutral, PublicKeyToken=b03f5f7f11d50a3a".
       Tarea "CombineXmlElements"
       Ejecuci├│n de la tarea "CombineXmlElements" terminada.
  6:12>Compilaci├│n terminada del destino "GetTargetFrameworks" en el proyecto "AuthSystem.Domain.csproj".
  6:12>Compilaci├│n del proyecto terminada "D:\Users\Jhon\Documentos\Mintrabajo\Modulo General usuarios\AuthSystemNew\AuthSystem.Domain\AuthSystem.Domain.csproj" (GetTargetFrameworks destinos).
   4:6>El proyecto "D:\Users\Jhon\Documentos\Mintrabajo\Modulo General usuarios\AuthSystemNew\AuthSystem.UnitTests\AuthSystem.UnitTests.csproj" (4:6) est├í compilando "D:\Users\Jhon\Documentos\Mintrabajo\Modulo General usuarios\AuthSystemNew\AuthSystem.Domain\AuthSystem.Domain.csproj" (6:13) en el nodo 6 (GetTargetFrameworks destinos).
  6:13>Se omiti├│ el destino "GetTargetFrameworks". Compilado previamente de forma correcta.
  6:13>Compilaci├│n del proyecto terminada "D:\Users\Jhon\Documentos\Mintrabajo\Modulo General usuarios\AuthSystemNew\AuthSystem.Domain\AuthSystem.Domain.csproj" (GetTargetFrameworks destinos).
   5:9>El proyecto "D:\Users\Jhon\Documentos\Mintrabajo\Modulo General usuarios\AuthSystemNew\AuthSystem.Infrastructure\AuthSystem.Infrastructure.csproj" (5:9) est├í compilando "D:\Users\Jhon\Documentos\Mintrabajo\Modulo General usuarios\AuthSystemNew\AuthSystem.Domain\AuthSystem.Domain.csproj" (6:14) en el nodo 6 (GetTargetFrameworks destinos).
  6:14>Se omiti├│ el destino "GetTargetFrameworks". Compilado previamente de forma correcta.
  6:14>Compilaci├│n del proyecto terminada "D:\Users\Jhon\Documentos\Mintrabajo\Modulo General usuarios\AuthSystemNew\AuthSystem.Domain\AuthSystem.Domain.csproj" (GetTargetFrameworks destinos).
  2:10>El proyecto "D:\Users\Jhon\Documentos\Mintrabajo\Modulo General usuarios\AuthSystemNew\AuthSystem.Application\AuthSystem.Application.csproj" (2:10) est├í compilando "D:\Users\Jhon\Documentos\Mintrabajo\Modulo General usuarios\AuthSystemNew\AuthSystem.Domain\AuthSystem.Domain.csproj" (6:15) en el nodo 6 (GetTargetFrameworks destinos).
  6:15>Se omiti├│ el destino "GetTargetFrameworks". Compilado previamente de forma correcta.
  6:15>Compilaci├│n del proyecto terminada "D:\Users\Jhon\Documentos\Mintrabajo\Modulo General usuarios\AuthSystemNew\AuthSystem.Domain\AuthSystem.Domain.csproj" (GetTargetFrameworks destinos).
  2:10>Ejecuci├│n de la tarea "MSBuild" terminada.
       Se omiti├│ la tarea "MSBuild" debido a una condici├│n falsa (False); ('%(_MSBuildProjectReferenceExistent.SkipGetTargetFrameworkProperties)' != 'true' and '$(EnableDynamicPlatformResolution)' == 'true') se evalu├│ como ('' != 'true' and '' == 'true').
   5:9>Ejecuci├│n de la tarea "MSBuild" terminada.
   4:6>Ejecuci├│n de la tarea "MSBuild" terminada.
       Se omiti├│ la tarea "MSBuild" debido a una condici├│n falsa (False); ('%(_MSBuildProjectReferenceExistent.SkipGetTargetFrameworkProperties)' != 'true' and '$(EnableDynamicPlatformResolution)' == 'true') se evalu├│ como ('' != 'true' and '' == 'true').
   5:9>_GetProjectReferenceTargetFrameworkProperties:
       Se omiti├│ la tarea "MSBuild" debido a una condici├│n falsa (False); ('%(_MSBuildProjectReferenceExistent.SkipGetTargetFrameworkProperties)' != 'true' and '$(EnableDynamicPlatformResolution)' == 'true') se evalu├│ como ('' != 'true' and '' == 'true').
  2:10>_GetProjectReferenceTargetFrameworkProperties:
       Usando la tarea "GetReferenceNearestTargetFrameworkTask" del ensamblado "C:\Program Files\dotnet\sdk\9.0.201\NuGet.Build.Tasks.dll".
       Tarea "GetReferenceNearestTargetFrameworkTask"
   4:6>_GetProjectReferenceTargetFrameworkProperties:
       Usando la tarea "GetReferenceNearestTargetFrameworkTask" del ensamblado "C:\Program Files\dotnet\sdk\9.0.201\NuGet.Build.Tasks.dll".
   5:9>_GetProjectReferenceTargetFrameworkProperties:
       Usando la tarea "GetReferenceNearestTargetFrameworkTask" del ensamblado "C:\Program Files\dotnet\sdk\9.0.201\NuGet.Build.Tasks.dll".
   4:6>Tarea "GetReferenceNearestTargetFrameworkTask"
   5:9>Tarea "GetReferenceNearestTargetFrameworkTask"
  2:10>Ejecuci├│n de la tarea "GetReferenceNearestTargetFrameworkTask" terminada.
       Se omiti├│ la tarea "GetReferenceNearestTargetFrameworkTask" debido a una condici├│n falsa (False); ('@(_ProjectReferenceTargetFrameworkPossibilities)' != '' and '$(ReferringTargetFrameworkForProjectReferences)' != ''
                                                               And '$(GetReferenceNearestTargetFrameworkTaskSupportsTargetPlatformParameter)' != 'true' and '%(_ProjectReferenceTargetFrameworkPossibilities.IsVcxOrNativeProj)' != 'true') se evalu├│ como ('..\AuthSystem.Domain\AuthSystem.Domain.csproj' != '' and '.NETCoreApp,Version=v8.0' != ''
                                                               And 'true' != 'true' and '' != 'true').
   5:9>Ejecuci├│n de la tarea "GetReferenceNearestTargetFrameworkTask" terminada.
   4:6>Ejecuci├│n de la tarea "GetReferenceNearestTargetFrameworkTask" terminada.
   5:9>_GetProjectReferenceTargetFrameworkProperties:
       Se omiti├│ la tarea "GetReferenceNearestTargetFrameworkTask" debido a una condici├│n falsa (False); ('@(_ProjectReferenceTargetFrameworkPossibilities)' != '' and '$(ReferringTargetFrameworkForProjectReferences)' != ''
                                                               And '$(GetReferenceNearestTargetFrameworkTaskSupportsTargetPlatformParameter)' != 'true' and '%(_ProjectReferenceTargetFrameworkPossibilities.IsVcxOrNativeProj)' != 'true') se evalu├│ como ('..\AuthSystem.Domain\AuthSystem.Domain.csproj;..\AuthSystem.Application\AuthSystem.Application.csproj' != '' and '.NETCoreApp,Version=v8.0' != ''
                                                               And 'true' != 'true' and '' != 'true').
  2:10>_GetProjectReferenceTargetFrameworkProperties:
       Usando la tarea "SetRidAgnosticValueForProjects" del ensamblado "Microsoft.Build.Tasks.Core, Version=15.1.0.0, Culture=neutral, PublicKeyToken=b03f5f7f11d50a3a".
       Tarea "SetRidAgnosticValueForProjects"
       Ejecuci├│n de la tarea "SetRidAgnosticValueForProjects" terminada.
   4:6>_GetProjectReferenceTargetFrameworkProperties:
       Se omiti├│ la tarea "GetReferenceNearestTargetFrameworkTask" debido a una condici├│n falsa (False); ('@(_ProjectReferenceTargetFrameworkPossibilities)' != '' and '$(ReferringTargetFrameworkForProjectReferences)' != ''
                                                               And '$(GetReferenceNearestTargetFrameworkTaskSupportsTargetPlatformParameter)' != 'true' and '%(_ProjectReferenceTargetFrameworkPossibilities.IsVcxOrNativeProj)' != 'true') se evalu├│ como ('..\AuthSystem.Domain\AuthSystem.Domain.csproj;..\AuthSystem.Application\AuthSystem.Application.csproj;..\AuthSystem.Infrastructure\AuthSystem.Infrastructure.csproj' != '' and '.NETCoreApp,Version=v8.0' != ''
                                                               And 'true' != 'true' and '' != 'true').
   5:9>_GetProjectReferenceTargetFrameworkProperties:
       Usando la tarea "SetRidAgnosticValueForProjects" del ensamblado "Microsoft.Build.Tasks.Core, Version=15.1.0.0, Culture=neutral, PublicKeyToken=b03f5f7f11d50a3a".
       Tarea "SetRidAgnosticValueForProjects"
     0>Reasignaci├│n de propiedad: $(PackageDescription)="Package Description" (valor anterior: "") en C:\Program Files\dotnet\sdk\9.0.201\Sdks\NuGet.Build.Tasks.Pack\build\NuGet.Build.Tasks.Pack.targets (34,5)
  2:10>Compilaci├│n terminada del destino "_GetProjectReferenceTargetFrameworkProperties" en el proyecto "AuthSystem.Application.csproj".
   4:6>_GetProjectReferenceTargetFrameworkProperties:
       Usando la tarea "SetRidAgnosticValueForProjects" del ensamblado "Microsoft.Build.Tasks.Core, Version=15.1.0.0, Culture=neutral, PublicKeyToken=b03f5f7f11d50a3a".
   5:9>Ejecuci├│n de la tarea "SetRidAgnosticValueForProjects" terminada.
     0>Reasignaci├│n de propiedad: $(GenerateNuspecDependsOn)="Build;_LoadPackInputItems; _GetTargetFrameworksOutput; _WalkEachTargetPerFramework; _GetPackageFiles; " (valor anterior: "_LoadPackInputItems; _GetTargetFrameworksOutput; _WalkEachTargetPerFramework; _GetPackageFiles; ") en C:\Program Files\dotnet\sdk\9.0.201\Sdks\NuGet.Build.Tasks.Pack\build\NuGet.Build.Tasks.Pack.targets (59,5)
   4:6>Tarea "SetRidAgnosticValueForProjects"
     0>Reasignaci├│n de propiedad: $(_IsNotSetContainersTargetsDir)="true" (valor anterior: "false") en C:\Program Files\dotnet\sdk\9.0.201\Sdks\Microsoft.NET.Sdk\Sdk\Sdk.targets (60,5)
   4:6>Ejecuci├│n de la tarea "SetRidAgnosticValueForProjects" terminada.
  2:10>Destino "ValidateExecutableReferences" en el archivo "C:\Program Files\dotnet\sdk\9.0.201\Sdks\Microsoft.NET.Sdk\targets\Microsoft.NET.Sdk.targets" del proyecto "D:\Users\Jhon\Documentos\Mintrabajo\Modulo General usuarios\AuthSystemNew\AuthSystem.Application\AuthSystem.Application.csproj" (el destino "PrepareProjectReferences" depende de ├®l):
  2:10>Usando la tarea "ValidateExecutableReferences" del ensamblado "C:\Program Files\dotnet\sdk\9.0.201\Sdks\Microsoft.NET.Sdk\targets\..\tools\net9.0\Microsoft.NET.Build.Tasks.dll".
       Tarea "ValidateExecutableReferences"
       Ejecuci├│n de la tarea "ValidateExecutableReferences" terminada.
   5:9>Compilaci├│n terminada del destino "_GetProjectReferenceTargetFrameworkProperties" en el proyecto "AuthSystem.Infrastructure.csproj".
  2:10>Compilaci├│n terminada del destino "ValidateExecutableReferences" en el proyecto "AuthSystem.Application.csproj".
       Se omiti├│ el destino "_GetProjectReferencePlatformProperties" debido a una condici├│n falsa (False); ('$(EnableDynamicPlatformResolution)' == 'true'
                            and '@(_MSBuildProjectReferenceExistent)' != '') se evalu├│ como ('' == 'true'
                            and '..\AuthSystem.Domain\AuthSystem.Domain.csproj' != '').
   4:6>Compilaci├│n terminada del destino "_GetProjectReferenceTargetFrameworkProperties" en el proyecto "AuthSystem.UnitTests.csproj".
   5:9>Destino "ValidateExecutableReferences" en el archivo "C:\Program Files\dotnet\sdk\9.0.201\Sdks\Microsoft.NET.Sdk\targets\Microsoft.NET.Sdk.targets" del proyecto "D:\Users\Jhon\Documentos\Mintrabajo\Modulo General usuarios\AuthSystemNew\AuthSystem.Infrastructure\AuthSystem.Infrastructure.csproj" (el destino "PrepareProjectReferences" depende de ├®l):
   5:9>Usando la tarea "ValidateExecutableReferences" del ensamblado "C:\Program Files\dotnet\sdk\9.0.201\Sdks\Microsoft.NET.Sdk\targets\..\tools\net9.0\Microsoft.NET.Build.Tasks.dll".
   4:6>Se omiti├│ el destino "ValidateExecutableReferences" debido a una condici├│n falsa (False); ('$(ValidateExecutableReferencesMatchSelfContained)' != 'false') se evalu├│ como ('false' != 'false').
  2:10>Destino "PrepareProjectReferences" en el archivo "C:\Program Files\dotnet\sdk\9.0.201\Microsoft.Common.CurrentVersion.targets" del proyecto "D:\Users\Jhon\Documentos\Mintrabajo\Modulo General usuarios\AuthSystemNew\AuthSystem.Application\AuthSystem.Application.csproj" (el destino "ResolveProjectReferences" depende de ├®l):
  2:10>Compilaci├│n terminada del destino "PrepareProjectReferences" en el proyecto "AuthSystem.Application.csproj".
   4:6>Se omiti├│ el destino "_GetProjectReferencePlatformProperties" debido a una condici├│n falsa (False); ('$(EnableDynamicPlatformResolution)' == 'true'
                     and '@(_MSBuildProjectReferenceExistent)' != '') se evalu├│ como ('' == 'true'
                     and '..\AuthSystem.Domain\AuthSystem.Domain.csproj;..\AuthSystem.Application\AuthSystem.Application.csproj;..\AuthSystem.Infrastructure\AuthSystem.Infrastructure.csproj' != '').
   5:9>Tarea "ValidateExecutableReferences"
  2:10>Destino "ResolveProjectReferences" en el archivo "C:\Program Files\dotnet\sdk\9.0.201\Microsoft.Common.CurrentVersion.targets" del proyecto "D:\Users\Jhon\Documentos\Mintrabajo\Modulo General usuarios\AuthSystemNew\AuthSystem.Application\AuthSystem.Application.csproj" (el destino "ResolveReferences" depende de ├®l):
  2:10>Se omiti├│ la tarea "MSBuild" debido a una condici├│n falsa (False); ('%(_MSBuildProjectReferenceExistent.BuildReference)' == 'true' and '@(ProjectReferenceWithConfiguration)' != '' and ('$(BuildingInsideVisualStudio)' == 'true' or '$(BuildProjectReferences)' != 'true') and '$(VisualStudioVersion)' != '10.0' and '@(_MSBuildProjectReferenceExistent)' != '') se evalu├│ como ('true' == 'true' and '..\AuthSystem.Domain\AuthSystem.Domain.csproj' != '' and ('' == 'true' or 'true' != 'true') and '17.0' != '10.0' and '..\AuthSystem.Domain\AuthSystem.Domain.csproj' != '').
   4:6>Destino "PrepareProjectReferences" en el archivo "C:\Program Files\dotnet\sdk\9.0.201\Microsoft.Common.CurrentVersion.targets" del proyecto "D:\Users\Jhon\Documentos\Mintrabajo\Modulo General usuarios\AuthSystemNew\AuthSystem.UnitTests\AuthSystem.UnitTests.csproj" (el destino "ResolveProjectReferences" depende de ├®l):
   4:6>Compilaci├│n terminada del destino "PrepareProjectReferences" en el proyecto "AuthSystem.UnitTests.csproj".
  2:10>Tarea "MSBuild"
   5:9>Ejecuci├│n de la tarea "ValidateExecutableReferences" terminada.
  2:10>ResolveProjectReferences:
         Propiedades globales:
   4:6>Destino "ResolveProjectReferences" en el archivo "C:\Program Files\dotnet\sdk\9.0.201\Microsoft.Common.CurrentVersion.targets" del proyecto "D:\Users\Jhon\Documentos\Mintrabajo\Modulo General usuarios\AuthSystemNew\AuthSystem.UnitTests\AuthSystem.UnitTests.csproj" (el destino "ResolveReferences" depende de ├®l):
   4:6>Se omiti├│ la tarea "MSBuild" debido a una condici├│n falsa (False); ('%(_MSBuildProjectReferenceExistent.BuildReference)' == 'true' and '@(ProjectReferenceWithConfiguration)' != '' and ('$(BuildingInsideVisualStudio)' == 'true' or '$(BuildProjectReferences)' != 'true') and '$(VisualStudioVersion)' != '10.0' and '@(_MSBuildProjectReferenceExistent)' != '') se evalu├│ como ('true' == 'true' and '..\AuthSystem.Domain\AuthSystem.Domain.csproj;..\AuthSystem.Application\AuthSystem.Application.csproj;..\AuthSystem.Infrastructure\AuthSystem.Infrastructure.csproj' != '' and ('' == 'true' or 'true' != 'true') and '17.0' != '10.0' and '..\AuthSystem.Domain\AuthSystem.Domain.csproj;..\AuthSystem.Application\AuthSystem.Application.csproj;..\AuthSystem.Infrastructure\AuthSystem.Infrastructure.csproj' != '').
  2:10>ResolveProjectReferences:
           Configuration=Debug
   5:9>Compilaci├│n terminada del destino "ValidateExecutableReferences" en el proyecto "AuthSystem.Infrastructure.csproj".
  2:10>ResolveProjectReferences:
           Platform=AnyCPU
   4:6>Tarea "MSBuild"
  2:10>ResolveProjectReferences:
         Quitando propiedades del proyecto "..\AuthSystem.Domain\AuthSystem.Domain.csproj":
   5:9>Se omiti├│ el destino "_GetProjectReferencePlatformProperties" debido a una condici├│n falsa (False); ('$(EnableDynamicPlatformResolution)' == 'true'
                     and '@(_MSBuildProjectReferenceExistent)' != '') se evalu├│ como ('' == 'true'
                     and '..\AuthSystem.Domain\AuthSystem.Domain.csproj;..\AuthSystem.Application\AuthSystem.Application.csproj' != '').
   4:6>ResolveProjectReferences:
         Propiedades globales:
  2:10>ResolveProjectReferences:
           TargetFramework
           RuntimeIdentifier
   4:6>ResolveProjectReferences:
           Configuration=Debug
  2:10>ResolveProjectReferences:
           SelfContained
   5:9>Destino "PrepareProjectReferences" en el archivo "C:\Program Files\dotnet\sdk\9.0.201\Microsoft.Common.CurrentVersion.targets" del proyecto "D:\Users\Jhon\Documentos\Mintrabajo\Modulo General usuarios\AuthSystemNew\AuthSystem.Infrastructure\AuthSystem.Infrastructure.csproj" (el destino "ResolveProjectReferences" depende de ├®l):
   5:9>Compilaci├│n terminada del destino "PrepareProjectReferences" en el proyecto "AuthSystem.Infrastructure.csproj".
   4:6>ResolveProjectReferences:
           Platform=AnyCPU
   5:9>Destino "ResolveProjectReferences" en el archivo "C:\Program Files\dotnet\sdk\9.0.201\Microsoft.Common.CurrentVersion.targets" del proyecto "D:\Users\Jhon\Documentos\Mintrabajo\Modulo General usuarios\AuthSystemNew\AuthSystem.Infrastructure\AuthSystem.Infrastructure.csproj" (el destino "ResolveReferences" depende de ├®l):
   5:9>Se omiti├│ la tarea "MSBuild" debido a una condici├│n falsa (False); ('%(_MSBuildProjectReferenceExistent.BuildReference)' == 'true' and '@(ProjectReferenceWithConfiguration)' != '' and ('$(BuildingInsideVisualStudio)' == 'true' or '$(BuildProjectReferences)' != 'true') and '$(VisualStudioVersion)' != '10.0' and '@(_MSBuildProjectReferenceExistent)' != '') se evalu├│ como ('true' == 'true' and '..\AuthSystem.Domain\AuthSystem.Domain.csproj;..\AuthSystem.Application\AuthSystem.Application.csproj' != '' and ('' == 'true' or 'true' != 'true') and '17.0' != '10.0' and '..\AuthSystem.Domain\AuthSystem.Domain.csproj;..\AuthSystem.Application\AuthSystem.Application.csproj' != '').
   4:6>ResolveProjectReferences:
         Quitando propiedades del proyecto "..\AuthSystem.Domain\AuthSystem.Domain.csproj":
   5:9>Tarea "MSBuild"
   4:6>ResolveProjectReferences:
           TargetFramework
           RuntimeIdentifier
  2:10>El proyecto "D:\Users\Jhon\Documentos\Mintrabajo\Modulo General usuarios\AuthSystemNew\AuthSystem.Application\AuthSystem.Application.csproj" (2:10) est├í compilando "D:\Users\Jhon\Documentos\Mintrabajo\Modulo General usuarios\AuthSystemNew\AuthSystem.Domain\AuthSystem.Domain.csproj" (6:16) en el nodo 6 (destinos predeterminados).
  6:16>Se omiti├│ el destino "Build". Compilado previamente de forma correcta.
  6:16>Compilaci├│n del proyecto terminada "D:\Users\Jhon\Documentos\Mintrabajo\Modulo General usuarios\AuthSystemNew\AuthSystem.Domain\AuthSystem.Domain.csproj" (destinos predeterminados).
   5:9>ResolveProjectReferences:
         Propiedades globales:
   4:6>ResolveProjectReferences:
           SelfContained
   5:9>ResolveProjectReferences:
           Configuration=Debug
           Platform=AnyCPU
   4:6>ResolveProjectReferences:
         Quitando propiedades del proyecto "..\AuthSystem.Application\AuthSystem.Application.csproj":
   5:9>ResolveProjectReferences:
         Quitando propiedades del proyecto "..\AuthSystem.Domain\AuthSystem.Domain.csproj":
   4:6>ResolveProjectReferences:
           TargetFramework
   5:9>ResolveProjectReferences:
           TargetFramework
   4:6>ResolveProjectReferences:
           RuntimeIdentifier
   5:9>ResolveProjectReferences:
           RuntimeIdentifier
   4:6>ResolveProjectReferences:
           SelfContained
   5:9>ResolveProjectReferences:
           SelfContained
   4:6>ResolveProjectReferences:
         Quitando propiedades del proyecto "..\AuthSystem.Infrastructure\AuthSystem.Infrastructure.csproj":
   5:9>ResolveProjectReferences:
         Quitando propiedades del proyecto "..\AuthSystem.Application\AuthSystem.Application.csproj":
   4:6>ResolveProjectReferences:
           TargetFramework
   5:9>ResolveProjectReferences:
           TargetFramework
   4:6>ResolveProjectReferences:
           RuntimeIdentifier
   5:9>ResolveProjectReferences:
           RuntimeIdentifier
           SelfContained
   4:6>ResolveProjectReferences:
           SelfContained
   4:6>El proyecto "D:\Users\Jhon\Documentos\Mintrabajo\Modulo General usuarios\AuthSystemNew\AuthSystem.UnitTests\AuthSystem.UnitTests.csproj" (4:6) est├í compilando "D:\Users\Jhon\Documentos\Mintrabajo\Modulo General usuarios\AuthSystemNew\AuthSystem.Domain\AuthSystem.Domain.csproj" (6:17) en el nodo 6 (destinos predeterminados).
  6:17>Se omiti├│ el destino "Build". Compilado previamente de forma correcta.
  6:17>Compilaci├│n del proyecto terminada "D:\Users\Jhon\Documentos\Mintrabajo\Modulo General usuarios\AuthSystemNew\AuthSystem.Domain\AuthSystem.Domain.csproj" (destinos predeterminados).
   5:9>El proyecto "D:\Users\Jhon\Documentos\Mintrabajo\Modulo General usuarios\AuthSystemNew\AuthSystem.Infrastructure\AuthSystem.Infrastructure.csproj" (5:9) est├í compilando "D:\Users\Jhon\Documentos\Mintrabajo\Modulo General usuarios\AuthSystemNew\AuthSystem.Domain\AuthSystem.Domain.csproj" (6:18) en el nodo 6 (destinos predeterminados).
  6:18>Se omiti├│ el destino "Build". Compilado previamente de forma correcta.
  6:18>Compilaci├│n del proyecto terminada "D:\Users\Jhon\Documentos\Mintrabajo\Modulo General usuarios\AuthSystemNew\AuthSystem.Domain\AuthSystem.Domain.csproj" (destinos predeterminados).
     0>Reasignaci├│n de propiedad: $(_IsSDKContainerAllowedVersion)="true" (valor anterior: "false") en C:\Program Files\dotnet\sdk\9.0.201\Containers\build\Microsoft.NET.Build.Containers.targets (5,5)
       Reasignaci├│n de propiedad: $(_ContainerIsTargetingNet8TFM)="true" (valor anterior: "false") en C:\Program Files\dotnet\sdk\9.0.201\Containers\build\Microsoft.NET.Build.Containers.targets (15,5)
  2:10>Ejecuci├│n de la tarea "MSBuild" terminada.
       Tarea "MSBuild"
         Propiedades globales:
           Configuration=Debug
           Platform=AnyCPU
         Quitando propiedades del proyecto "..\AuthSystem.Domain\AuthSystem.Domain.csproj":
           TargetFramework
           RuntimeIdentifier
           SelfContained
     0>C:\Program Files\dotnet\sdk\9.0.201\Sdks\Microsoft.NET.Sdk.StaticWebAssets\targets\Sdk.StaticWebAssets.CurrentVersion.targets(37,18): message : Propiedad "DOTNET_HOST_PATH" con el valor "C:\Program Files\dotnet\dotnet.exe" expandido desde el entorno.
  2:10>El proyecto "D:\Users\Jhon\Documentos\Mintrabajo\Modulo General usuarios\AuthSystemNew\AuthSystem.Application\AuthSystem.Application.csproj" (2:10) est├í compilando "D:\Users\Jhon\Documentos\Mintrabajo\Modulo General usuarios\AuthSystemNew\AuthSystem.Domain\AuthSystem.Domain.csproj" (6:19) en el nodo 6 (GetNativeManifest destinos).
  6:19>Destino "GetNativeManifest" en el archivo "C:\Program Files\dotnet\sdk\9.0.201\Microsoft.Common.CurrentVersion.targets" del proyecto "D:\Users\Jhon\Documentos\Mintrabajo\Modulo General usuarios\AuthSystemNew\AuthSystem.Domain\AuthSystem.Domain.csproj" (punto de entrada):
  6:19>Compilaci├│n terminada del destino "GetNativeManifest" en el proyecto "AuthSystem.Domain.csproj".
  6:19>Compilaci├│n del proyecto terminada "D:\Users\Jhon\Documentos\Mintrabajo\Modulo General usuarios\AuthSystemNew\AuthSystem.Domain\AuthSystem.Domain.csproj" (GetNativeManifest destinos).
  2:10>Ejecuci├│n de la tarea "MSBuild" terminada.
       Se omiti├│ la tarea "MSBuildInternalMessage" debido a una condici├│n falsa (False); ('$(_NonExistentProjectReferenceSeverity)' != '') se evalu├│ como ('' != '').
  2:10>Compilaci├│n terminada del destino "ResolveProjectReferences" en el proyecto "AuthSystem.Application.csproj".
       Se omiti├│ el destino "FindInvalidProjectReferences" debido a una condici├│n falsa (False); ('$(FindInvalidProjectReferences)' == 'true') se evalu├│ como ('' == 'true').
       Se omiti├│ el destino "ResolveNativeReferences" debido a una condici├│n falsa (False); ('@(NativeReference)'!='') se evalu├│ como (''!='').
       Se omiti├│ el destino "ResolveProjectReferences". Compilado previamente de forma correcta.
       Se omiti├│ el destino "FindInvalidProjectReferences" debido a una condici├│n falsa (False); ('$(FindInvalidProjectReferences)' == 'true') se evalu├│ como ('' == 'true').
       Se omiti├│ el destino "GetFrameworkPaths". Compilado previamente de forma correcta.
       Se omiti├│ el destino "GetReferenceAssemblyPaths". Compilado previamente de forma correcta.
       Se omiti├│ el destino "PrepareForBuild". Compilado previamente de forma correcta.
       Se omiti├│ el destino "GetInstalledSDKLocations" debido a una condici├│n falsa (False); ('@(SDKReference)' != '') se evalu├│ como ('' != '').
  2:10>Destino "ResolveSDKReferences" en el archivo "C:\Program Files\dotnet\sdk\9.0.201\Microsoft.Common.CurrentVersion.targets" del proyecto "D:\Users\Jhon\Documentos\Mintrabajo\Modulo General usuarios\AuthSystemNew\AuthSystem.Application\AuthSystem.Application.csproj" (el destino "ResolveAssemblyReferences" depende de ├®l):
       Se omiti├│ la tarea "ResolveSDKReference" debido a una condici├│n falsa (False); ('@(SDKReference)'!='') se evalu├│ como (''!='').
     0>Reasignaci├│n de propiedad: $(PrepareForRunDependsOn)="StaticWebAssetsPrepareForRun;
      CopyFilesToOutputDirectory
    " (valor anterior: "
      CopyFilesToOutputDirectory
    ") en C:\Program Files\dotnet\sdk\9.0.201\Sdks\Microsoft.NET.Sdk.StaticWebAssets\targets\Microsoft.NET.Sdk.StaticWebAssets.targets (286,5)
  2:10>Compilaci├│n terminada del destino "ResolveSDKReferences" en el proyecto "AuthSystem.Application.csproj".
     0>Reasignaci├│n de propiedad: $(GetCopyToOutputDirectoryItemsDependsOn)="
      AssignTargetPaths;
      
      AssignProjectConfiguration;
      _SplitProjectReferencesByFileExistence
    ;
      _GetProjectReferenceTargetFrameworkProperties;
      _PopulateCommonStateForGetCopyToOutputDirectoryItems
    ;AddStaticWebAssetsManifest;AddStaticWebAssetEndpointsBuildManifest" (valor anterior: "
      AssignTargetPaths;
      
      AssignProjectConfiguration;
      _SplitProjectReferencesByFileExistence
    ;
      _GetProjectReferenceTargetFrameworkProperties;
      _PopulateCommonStateForGetCopyToOutputDirectoryItems
    ") en C:\Program Files\dotnet\sdk\9.0.201\Sdks\Microsoft.NET.Sdk.StaticWebAssets\targets\Microsoft.NET.Sdk.StaticWebAssets.targets (323,5)
  2:10>Se omiti├│ el destino "ResolveSDKReferences". Compilado previamente de forma correcta.
  2:10>Destino "ExpandSDKReferences" en el archivo "C:\Program Files\dotnet\sdk\9.0.201\Microsoft.Common.CurrentVersion.targets" del proyecto "D:\Users\Jhon\Documentos\Mintrabajo\Modulo General usuarios\AuthSystemNew\AuthSystem.Application\AuthSystem.Application.csproj" (el destino "ResolveAssemblyReferences" depende de ├®l):
       Se omiti├│ la tarea "GetSDKReferenceFiles" debido a una condici├│n falsa (False); ('@(ResolvedSDKReference)'!='') se evalu├│ como (''!='').
  2:10>Compilaci├│n terminada del destino "ExpandSDKReferences" en el proyecto "AuthSystem.Application.csproj".
       Se omiti├│ el destino "ResolvePackageDependenciesForBuild". Compilado previamente de forma correcta.
       Se omiti├│ el destino "GetFrameworkPaths". Compilado previamente de forma correcta.
       Se omiti├│ el destino "GetReferenceAssemblyPaths". Compilado previamente de forma correcta.
       Se omiti├│ el destino "ProcessFrameworkReferences". Compilado previamente de forma correcta.
       Se omiti├│ el destino "ResolvePackageAssets". Compilado previamente de forma correcta.
  2:10>Destino "ResolveFrameworkReferences" en el archivo "C:\Program Files\dotnet\sdk\9.0.201\Sdks\Microsoft.NET.Sdk\targets\Microsoft.NET.Sdk.FrameworkReferenceResolution.targets" del proyecto "D:\Users\Jhon\Documentos\Mintrabajo\Modulo General usuarios\AuthSystemNew\AuthSystem.Application\AuthSystem.Application.csproj" (el destino "ResolveTargetingPackAssets" depende de ├®l):
       Usando la tarea "GetPackageDirectory" del ensamblado "C:\Program Files\dotnet\sdk\9.0.201\Sdks\Microsoft.NET.Sdk\targets\..\tools\net9.0\Microsoft.NET.Build.Tasks.dll".
       Tarea "GetPackageDirectory"
       Ejecuci├│n de la tarea "GetPackageDirectory" terminada.
       Tarea "GetPackageDirectory"
       Ejecuci├│n de la tarea "GetPackageDirectory" terminada.
       Tarea "GetPackageDirectory"
       Ejecuci├│n de la tarea "GetPackageDirectory" terminada.
       Tarea "GetPackageDirectory"
       Ejecuci├│n de la tarea "GetPackageDirectory" terminada.
       Tarea "GetPackageDirectory"
       Ejecuci├│n de la tarea "GetPackageDirectory" terminada.
       Tarea "GetPackageDirectory"
       Ejecuci├│n de la tarea "GetPackageDirectory" terminada.
       Tarea "GetPackageDirectory"
       Ejecuci├│n de la tarea "GetPackageDirectory" terminada.
       Tarea "GetPackageDirectory"
       Ejecuci├│n de la tarea "GetPackageDirectory" terminada.
       Tarea "GetPackageDirectory"
       Ejecuci├│n de la tarea "GetPackageDirectory" terminada.
       Tarea "GetPackageDirectory"
       Ejecuci├│n de la tarea "GetPackageDirectory" terminada.
       Usando la tarea "ResolveFrameworkReferences" del ensamblado "C:\Program Files\dotnet\sdk\9.0.201\Sdks\Microsoft.NET.Sdk\targets\..\tools\net9.0\Microsoft.NET.Build.Tasks.dll".
       Tarea "ResolveFrameworkReferences"
       Ejecuci├│n de la tarea "ResolveFrameworkReferences" terminada.
  2:10>Compilaci├│n terminada del destino "ResolveFrameworkReferences" en el proyecto "AuthSystem.Application.csproj".
  2:10>Destino "ResolveTargetingPackAssets" en el archivo "C:\Program Files\dotnet\sdk\9.0.201\Sdks\Microsoft.NET.Sdk\targets\Microsoft.NET.Sdk.FrameworkReferenceResolution.targets" del proyecto "D:\Users\Jhon\Documentos\Mintrabajo\Modulo General usuarios\AuthSystemNew\AuthSystem.Application\AuthSystem.Application.csproj" (el destino "_HandlePackageFileConflicts" depende de ├®l):
       Usando la tarea "ResolveTargetingPackAssets" del ensamblado "C:\Program Files\dotnet\sdk\9.0.201\Sdks\Microsoft.NET.Sdk\targets\..\tools\net9.0\Microsoft.NET.Build.Tasks.dll".
       Tarea "ResolveTargetingPackAssets"
       Ejecuci├│n de la tarea "ResolveTargetingPackAssets" terminada.
  2:10>Compilaci├│n terminada del destino "ResolveTargetingPackAssets" en el proyecto "AuthSystem.Application.csproj".
  2:10>Destino "ResolveOffByDefaultAnalyzers" en el archivo "C:\Program Files\dotnet\sdk\9.0.201\Sdks\Microsoft.NET.Sdk\targets\Microsoft.NET.Sdk.FrameworkReferenceResolution.targets" del proyecto "D:\Users\Jhon\Documentos\Mintrabajo\Modulo General usuarios\AuthSystemNew\AuthSystem.Application\AuthSystem.Application.csproj" (el destino "_HandlePackageFileConflicts" depende de ├®l):
  2:10>Compilaci├│n terminada del destino "ResolveOffByDefaultAnalyzers" en el proyecto "AuthSystem.Application.csproj".
  2:10>Destino "_HandlePackageFileConflicts" en el archivo "C:\Program Files\dotnet\sdk\9.0.201\Sdks\Microsoft.NET.Sdk\targets\Microsoft.NET.ConflictResolution.targets" del proyecto "D:\Users\Jhon\Documentos\Mintrabajo\Modulo General usuarios\AuthSystemNew\AuthSystem.Application\AuthSystem.Application.csproj" (el destino "ResolveAssemblyReferences" depende de ├®l):
       Usando la tarea "ResolvePackageFileConflicts" del ensamblado "C:\Program Files\dotnet\sdk\9.0.201\Sdks\Microsoft.NET.Sdk\targets\..\tools\net9.0\Microsoft.NET.Build.Tasks.dll".
       Tarea "ResolvePackageFileConflicts"
         Se encontr├│ un conflicto entre "Reference:C:\Users\JHON\.nuget\packages\system.componentmodel.annotations\5.0.0\ref\netstandard2.1\System.ComponentModel.Annotations.dll" y "Reference:C:\Program Files\dotnet\packs\Microsoft.NETCore.App.Ref\8.0.14\ref/net8.0/System.ComponentModel.Annotations.dll". Se elegir├í "Reference:C:\Program Files\dotnet\packs\Microsoft.NETCore.App.Ref\8.0.14\ref/net8.0/System.ComponentModel.Annotations.dll" porque AssemblyVersion "8.0.0.0" es mayor que "5.0.0.0".
     0>Reasignaci├│n de propiedad: $(GenerateNuspecDependsOn)="
      IncludeStaticWebAssetsPackItems;
      Build;_LoadPackInputItems; _GetTargetFrameworksOutput; _WalkEachTargetPerFramework; _GetPackageFiles; ;
    " (valor anterior: "Build;_LoadPackInputItems; _GetTargetFrameworksOutput; _WalkEachTargetPerFramework; _GetPackageFiles; ") en C:\Program Files\dotnet\sdk\9.0.201\Sdks\Microsoft.NET.Sdk.StaticWebAssets\targets\Microsoft.NET.Sdk.StaticWebAssets.Pack.targets (46,5)
       Reasignaci├│n de propiedad: $(IncludeStaticWebAssetsPackItemsDependsOn)="
             Build;
             ResolveStaticWebAssetsConfiguration;LoadStaticWebAssetsBuildManifest
           ;
           " (valor anterior: "
             ResolveStaticWebAssetsConfiguration;LoadStaticWebAssetsBuildManifest
           ") en C:\Program Files\dotnet\sdk\9.0.201\Sdks\Microsoft.NET.Sdk.StaticWebAssets\targets\Microsoft.NET.Sdk.StaticWebAssets.Pack.targets (55,5)
  2:10>_HandlePackageFileConflicts:
         Se encontr├│ un conflicto entre "Platform:System.ComponentModel.Annotations.dll" y "Runtime:C:\Users\JHON\.nuget\packages\system.componentmodel.annotations\5.0.0\lib\netstandard2.1\System.ComponentModel.Annotations.dll". Se elegir├í "Platform:System.ComponentModel.Annotations.dll" porque AssemblyVersion "8.0.0.0" es mayor que "5.0.0.0".
         Se encontr├│ un conflicto entre "Platform:mscorlib.dll" y "Platform:mscorlib.dll". No se pudo determinar el ganador porque las versiones de archivo y ensamblado son iguales.
         Se encontr├│ un conflicto entre "Platform:Microsoft.VisualBasic.dll" y "Platform:Microsoft.VisualBasic.dll". No se pudo determinar el ganador porque las versiones de archivo y ensamblado son iguales.
         Se encontr├│ un conflicto entre "Platform:System.dll" y "Platform:System.dll". No se pudo determinar el ganador porque las versiones de archivo y ensamblado son iguales.
         Se encontr├│ un conflicto entre "Platform:System.ComponentModel.DataAnnotations.dll" y "Platform:System.ComponentModel.DataAnnotations.dll". No se pudo determinar el ganador porque las versiones de archivo y ensamblado son iguales.
         Se encontr├│ un conflicto entre "Platform:System.Configuration.dll" y "Platform:System.Configuration.dll". No se pudo determinar el ganador porque las versiones de archivo y ensamblado son iguales.
         Se encontr├│ un conflicto entre "Platform:System.Core.dll" y "Platform:System.Core.dll". No se pudo determinar el ganador porque las versiones de archivo y ensamblado son iguales.
         Se encontr├│ un conflicto entre "Platform:System.Data.dll" y "Platform:System.Data.dll". No se pudo determinar el ganador porque las versiones de archivo y ensamblado son iguales.
         Se encontr├│ un conflicto entre "Platform:System.Drawing.dll" y "Platform:System.Drawing.dll". No se pudo determinar el ganador porque las versiones de archivo y ensamblado son iguales.
         Se encontr├│ un conflicto entre "Platform:System.IO.Compression.FileSystem.dll" y "Platform:System.IO.Compression.FileSystem.dll". No se pudo determinar el ganador porque las versiones de archivo y ensamblado son iguales.
         Se encontr├│ un conflicto entre "Platform:System.Net.dll" y "Platform:System.Net.dll". No se pudo determinar el ganador porque las versiones de archivo y ensamblado son iguales.
         Se encontr├│ un conflicto entre "Platform:System.Numerics.dll" y "Platform:System.Numerics.dll". No se pudo determinar el ganador porque las versiones de archivo y ensamblado son iguales.
         Se encontr├│ un conflicto entre "Platform:System.Runtime.Serialization.dll" y "Platform:System.Runtime.Serialization.dll". No se pudo determinar el ganador porque las versiones de archivo y ensamblado son iguales.
         Se encontr├│ un conflicto entre "Platform:System.Security.dll" y "Platform:System.Security.dll". No se pudo determinar el ganador porque las versiones de archivo y ensamblado son iguales.
         Se encontr├│ un conflicto entre "Platform:System.ServiceProcess.dll" y "Platform:System.ServiceProcess.dll". No se pudo determinar el ganador porque las versiones de archivo y ensamblado son iguales.
         Se encontr├│ un conflicto entre "Platform:System.ServiceModel.Web.dll" y "Platform:System.ServiceModel.Web.dll". No se pudo determinar el ganador porque las versiones de archivo y ensamblado son iguales.
         Se encontr├│ un conflicto entre "Platform:System.Transactions.dll" y "Platform:System.Transactions.dll". No se pudo determinar el ganador porque las versiones de archivo y ensamblado son iguales.
         Se encontr├│ un conflicto entre "Platform:System.Web.dll" y "Platform:System.Web.dll". No se pudo determinar el ganador porque las versiones de archivo y ensamblado son iguales.
         Se encontr├│ un conflicto entre "Platform:System.Windows.dll" y "Platform:System.Windows.dll". No se pudo determinar el ganador porque las versiones de archivo y ensamblado son iguales.
         Se encontr├│ un conflicto entre "Platform:System.Xml.dll" y "Platform:System.Xml.dll". No se pudo determinar el ganador porque las versiones de archivo y ensamblado son iguales.
         Se encontr├│ un conflicto entre "Platform:System.Xml.Serialization.dll" y "Platform:System.Xml.Serialization.dll". No se pudo determinar el ganador porque las versiones de archivo y ensamblado son iguales.
     0>Reasignaci├│n de propiedad: $(ResolveStaticWebAssetsInputsDependsOn)="
    
      ResolveCoreStaticWebAssets;
      GenerateComputedBuildStaticWebAssets;
      
    ;
    ResolveScopedCssAssets;
  " (valor anterior: "
      ResolveCoreStaticWebAssets;
      GenerateComputedBuildStaticWebAssets;
      
    ") en C:\Program Files\dotnet\sdk\9.0.201\Sdks\Microsoft.NET.Sdk.StaticWebAssets\targets\Microsoft.NET.Sdk.StaticWebAssets.ScopedCss.targets (55,3)
  2:10>_HandlePackageFileConflicts:
         Se encontr├│ un conflicto entre "Platform:System.Xml.Linq.dll" y "Platform:System.Xml.Linq.dll". No se pudo determinar el ganador porque las versiones de archivo y ensamblado son iguales.
     0>Reasignaci├│n de propiedad: $(GenerateComputedBuildStaticWebAssetsDependsOn)="
    ResolveCoreStaticWebAssets;;
    BundleScopedCssFiles;
  " (valor anterior: "ResolveCoreStaticWebAssets;") en C:\Program Files\dotnet\sdk\9.0.201\Sdks\Microsoft.NET.Sdk.StaticWebAssets\targets\Microsoft.NET.Sdk.StaticWebAssets.ScopedCss.targets (88,3)
  2:10>_HandlePackageFileConflicts:
         Se encontr├│ un conflicto entre "Platform:WindowsBase.dll" y "Platform:WindowsBase.dll". No se pudo determinar el ganador porque las versiones de archivo y ensamblado son iguales.
         Se encontr├│ un conflicto entre "Platform:netstandard.dll" y "Platform:netstandard.dll". No se pudo determinar el ganador porque las versiones de archivo y ensamblado son iguales.
         Se encontr├│ un conflicto entre "Platform:System.Private.CoreLib.dll" y "Platform:System.Private.CoreLib.dll". No se pudo determinar el ganador porque las versiones de archivo y ensamblado son iguales.
         Se encontr├│ un conflicto entre "Platform:System.Private.DataContractSerialization.dll" y "Platform:System.Private.DataContractSerialization.dll". No se pudo determinar el ganador porque las versiones de archivo y ensamblado son iguales.
         Se encontr├│ un conflicto entre "Platform:System.Private.Uri.dll" y "Platform:System.Private.Uri.dll". No se pudo determinar el ganador porque las versiones de archivo y ensamblado son iguales.
         Se encontr├│ un conflicto entre "Platform:System.Private.Xml.dll" y "Platform:System.Private.Xml.dll". No se pudo determinar el ganador porque las versiones de archivo y ensamblado son iguales.
         Se encontr├│ un conflicto entre "Platform:System.Private.Xml.Linq.dll" y "Platform:System.Private.Xml.Linq.dll". No se pudo determinar el ganador porque las versiones de archivo y ensamblado son iguales.
         Se encontr├│ un conflicto entre "Platform:mscordaccore_amd64_amd64_8.0.1425.11118.dll" y "Platform:mscordaccore_amd64_amd64_8.0.1425.11118.dll". No se pudo determinar el ganador porque las versiones de archivo y ensamblado son iguales.
       Ejecuci├│n de la tarea "ResolvePackageFileConflicts" terminada.
  2:10>Compilaci├│n terminada del destino "_HandlePackageFileConflicts" en el proyecto "AuthSystem.Application.csproj".
       Se omiti├│ el destino "ResolveTargetingPackAssets". Compilado previamente de forma correcta.
  2:10>Destino "ResolveAssemblyReferences" en el archivo "C:\Program Files\dotnet\sdk\9.0.201\Microsoft.Common.CurrentVersion.targets" del proyecto "D:\Users\Jhon\Documentos\Mintrabajo\Modulo General usuarios\AuthSystemNew\AuthSystem.Application\AuthSystem.Application.csproj" (el destino "ResolveReferences" depende de ├®l):
       Usando la tarea "ResolveAssemblyReference" del ensamblado "Microsoft.Build.Tasks.Core, Version=15.1.0.0, Culture=neutral, PublicKeyToken=b03f5f7f11d50a3a".
       Tarea "ResolveAssemblyReference"
         TargetFrameworkMoniker:
             .NETCoreApp,Version=v8.0
         TargetFrameworkMonikerDisplayName:
             .NET 8.0
         TargetedRuntimeVersion:
             
         Assemblies:
             C:\Users\JHON\.nuget\packages\fluentvalidation\11.5.2\lib\net7.0\FluentValidation.dll
                 Private = 'false'
                 HintPath = 'C:\Users\JHON\.nuget\packages\fluentvalidation\11.5.2\lib\net7.0\FluentValidation.dll'
             C:\Users\JHON\.nuget\packages\mediatr\12.0.1\lib\net6.0\MediatR.dll
                 Private = 'false'
     0>Reasignaci├│n de propiedad: $(ResolveCoreStaticWebAssetsDependsOn)="
      
      UpdateExistingPackageStaticWebAssets;
      ResolveProjectStaticWebAssets;
      ResolveEmbeddedProjectsStaticWebAssets;
      ResolveReferencedProjectsStaticWebAssets;
      ;
    ;
      ResolveJsInitializerModuleStaticWebAssets;
    " (valor anterior: "
      UpdateExistingPackageStaticWebAssets;
      ResolveProjectStaticWebAssets;
      ResolveEmbeddedProjectsStaticWebAssets;
      ResolveReferencedProjectsStaticWebAssets;
      ;
    ") en C:\Program Files\dotnet\sdk\9.0.201\Sdks\Microsoft.NET.Sdk.StaticWebAssets\targets\Microsoft.NET.Sdk.StaticWebAssets.JSModules.targets (37,5)
  2:10>ResolveAssemblyReferences:
                 HintPath = 'C:\Users\JHON\.nuget\packages\mediatr\12.0.1\lib\net6.0\MediatR.dll'
     0>Reasignaci├│n de propiedad: $(ResolveCoreStaticWebAssetsDependsOn)="
      
      
      UpdateExistingPackageStaticWebAssets;
      ResolveProjectStaticWebAssets;
      ResolveEmbeddedProjectsStaticWebAssets;
      ResolveReferencedProjectsStaticWebAssets;
      ;
    ;
      ResolveJsInitializerModuleStaticWebAssets;
    ;
      ResolveJSModuleStaticWebAssets;
    " (valor anterior: "
      
      UpdateExistingPackageStaticWebAssets;
      ResolveProjectStaticWebAssets;
      ResolveEmbeddedProjectsStaticWebAssets;
      ResolveReferencedProjectsStaticWebAssets;
      ;
    ;
      ResolveJsInitializerModuleStaticWebAssets;
    ") en C:\Program Files\dotnet\sdk\9.0.201\Sdks\Microsoft.NET.Sdk.StaticWebAssets\targets\Microsoft.NET.Sdk.StaticWebAssets.JSModules.targets (42,5)
       Reasignaci├│n de propiedad: $(ResolveStaticWebAssetsInputsDependsOn)="
             ResolveJSModuleManifestBuildStaticWebAssets;
             
           
             ResolveCoreStaticWebAssets;
             GenerateComputedBuildStaticWebAssets;
             
           ;
           ResolveScopedCssAssets;
         
           " (valor anterior: "
           
             ResolveCoreStaticWebAssets;
             GenerateComputedBuildStaticWebAssets;
             
           ;
           ResolveScopedCssAssets;
         ") en C:\Program Files\dotnet\sdk\9.0.201\Sdks\Microsoft.NET.Sdk.StaticWebAssets\targets\Microsoft.NET.Sdk.StaticWebAssets.JSModules.targets (57,5)
  2:10>ResolveAssemblyReferences:
             C:\Users\JHON\.nuget\packages\mediatr.contracts\2.0.1\lib\netstandard2.0\MediatR.Contracts.dll
                 Private = 'false'
     0>Reasignaci├│n de propiedad: $(ResolvePublishStaticWebAssetsDependsOn)="
      ResolveJSModuleManifestPublishStaticWebAssets;
      
      ResolveCorePublishStaticWebAssets;
      GenerateComputedPublishStaticWebAssets;
      ;
    
    " (valor anterior: "
      ResolveCorePublishStaticWebAssets;
      GenerateComputedPublishStaticWebAssets;
      ;
    ") en C:\Program Files\dotnet\sdk\9.0.201\Sdks\Microsoft.NET.Sdk.StaticWebAssets\targets\Microsoft.NET.Sdk.StaticWebAssets.JSModules.targets (76,5)
  2:10>ResolveAssemblyReferences:
                 HintPath = 'C:\Users\JHON\.nuget\packages\mediatr.contracts\2.0.1\lib\netstandard2.0\MediatR.Contracts.dll'
             C:\Users\JHON\.nuget\packages\microsoft.extensions.dependencyinjection.abstractions\8.0.0\lib\net8.0\Microsoft.Extensions.DependencyInjection.Abstractions.dll
                 Private = 'false'
                 HintPath = 'C:\Users\JHON\.nuget\packages\microsoft.extensions.dependencyinjection.abstractions\8.0.0\lib\net8.0\Microsoft.Extensions.DependencyInjection.Abstractions.dll'
             C:\Program Files\dotnet\packs\Microsoft.NETCore.App.Ref\8.0.14\ref/net8.0/Microsoft.CSharp.dll
                 Private = 'false'
             C:\Program Files\dotnet\packs\Microsoft.NETCore.App.Ref\8.0.14\ref/net8.0/Microsoft.VisualBasic.Core.dll
                 Private = 'false'
             C:\Program Files\dotnet\packs\Microsoft.NETCore.App.Ref\8.0.14\ref/net8.0/Microsoft.VisualBasic.dll
                 Private = 'false'
             C:\Program Files\dotnet\packs\Microsoft.NETCore.App.Ref\8.0.14\ref/net8.0/Microsoft.Win32.Primitives.dll
                 Private = 'false'
             C:\Program Files\dotnet\packs\Microsoft.NETCore.App.Ref\8.0.14\ref/net8.0/Microsoft.Win32.Registry.dll
                 Private = 'false'
             C:\Program Files\dotnet\packs\Microsoft.NETCore.App.Ref\8.0.14\ref/net8.0/System.AppContext.dll
                 Private = 'false'
             C:\Program Files\dotnet\packs\Microsoft.NETCore.App.Ref\8.0.14\ref/net8.0/System.Buffers.dll
                 Private = 'false'
             C:\Program Files\dotnet\packs\Microsoft.NETCore.App.Ref\8.0.14\ref/net8.0/System.Collections.Concurrent.dll
     0>Reasignaci├│n de propiedad: $(ResolveBuildRelatedStaticWebAssetsDependsOn)="
      ResolveBuildCompressedStaticWebAssets;
      
      ResolveStaticWebAssetsInputs;
      
    
    " (valor anterior: "
      ResolveStaticWebAssetsInputs;
      
    ") en C:\Program Files\dotnet\sdk\9.0.201\Sdks\Microsoft.NET.Sdk.StaticWebAssets\targets\Microsoft.NET.Sdk.StaticWebAssets.Compression.targets (179,5)
  2:10>ResolveAssemblyReferences:
                 Private = 'false'
     0>Reasignaci├│n de propiedad: $(ResolvePublishRelatedStaticWebAssetsDependsOn)="
      ResolvePublishCompressedStaticWebAssets;
      
    " (valor anterior: "") en C:\Program Files\dotnet\sdk\9.0.201\Sdks\Microsoft.NET.Sdk.StaticWebAssets\targets\Microsoft.NET.Sdk.StaticWebAssets.Compression.targets (198,5)
  2:10>ResolveAssemblyReferences:
             C:\Program Files\dotnet\packs\Microsoft.NETCore.App.Ref\8.0.14\ref/net8.0/System.Collections.Immutable.dll
                 Private = 'false'
             C:\Program Files\dotnet\packs\Microsoft.NETCore.App.Ref\8.0.14\ref/net8.0/System.Collections.NonGeneric.dll
                 Private = 'false'
             C:\Program Files\dotnet\packs\Microsoft.NETCore.App.Ref\8.0.14\ref/net8.0/System.Collections.Specialized.dll
                 Private = 'false'
             C:\Program Files\dotnet\packs\Microsoft.NETCore.App.Ref\8.0.14\ref/net8.0/System.Collections.dll
                 Private = 'false'
             C:\Program Files\dotnet\packs\Microsoft.NETCore.App.Ref\8.0.14\ref/net8.0/System.ComponentModel.Annotations.dll
                 Private = 'false'
             C:\Program Files\dotnet\packs\Microsoft.NETCore.App.Ref\8.0.14\ref/net8.0/System.ComponentModel.DataAnnotations.dll
                 Private = 'false'
             C:\Program Files\dotnet\packs\Microsoft.NETCore.App.Ref\8.0.14\ref/net8.0/System.ComponentModel.EventBasedAsync.dll
                 Private = 'false'
             C:\Program Files\dotnet\packs\Microsoft.NETCore.App.Ref\8.0.14\ref/net8.0/System.ComponentModel.Primitives.dll
                 Private = 'false'
             C:\Program Files\dotnet\packs\Microsoft.NETCore.App.Ref\8.0.14\ref/net8.0/System.ComponentModel.TypeConverter.dll
                 Private = 'false'
             C:\Program Files\dotnet\packs\Microsoft.NETCore.App.Ref\8.0.14\ref/net8.0/System.ComponentModel.dll
                 Private = 'false'
             C:\Program Files\dotnet\packs\Microsoft.NETCore.App.Ref\8.0.14\ref/net8.0/System.Configuration.dll
                 Private = 'false'
             C:\Program Files\dotnet\packs\Microsoft.NETCore.App.Ref\8.0.14\ref/net8.0/System.Console.dll
                 Private = 'false'
             C:\Program Files\dotnet\packs\Microsoft.NETCore.App.Ref\8.0.14\ref/net8.0/System.Core.dll
                 Private = 'false'
             C:\Program Files\dotnet\packs\Microsoft.NETCore.App.Ref\8.0.14\ref/net8.0/System.Data.Common.dll
                 Private = 'false'
             C:\Program Files\dotnet\packs\Microsoft.NETCore.App.Ref\8.0.14\ref/net8.0/System.Data.DataSetExtensions.dll
                 Private = 'false'
             C:\Program Files\dotnet\packs\Microsoft.NETCore.App.Ref\8.0.14\ref/net8.0/System.Data.dll
                 Private = 'false'
             C:\Program Files\dotnet\packs\Microsoft.NETCore.App.Ref\8.0.14\ref/net8.0/System.Diagnostics.Contracts.dll
                 Private = 'false'
             C:\Program Files\dotnet\packs\Microsoft.NETCore.App.Ref\8.0.14\ref/net8.0/System.Diagnostics.Debug.dll
                 Private = 'false'
             C:\Program Files\dotnet\packs\Microsoft.NETCore.App.Ref\8.0.14\ref/net8.0/System.Diagnostics.DiagnosticSource.dll
                 Private = 'false'
             C:\Program Files\dotnet\packs\Microsoft.NETCore.App.Ref\8.0.14\ref/net8.0/System.Diagnostics.FileVersionInfo.dll
                 Private = 'false'
             C:\Program Files\dotnet\packs\Microsoft.NETCore.App.Ref\8.0.14\ref/net8.0/System.Diagnostics.Process.dll
                 Private = 'false'
             C:\Program Files\dotnet\packs\Microsoft.NETCore.App.Ref\8.0.14\ref/net8.0/System.Diagnostics.StackTrace.dll
                 Private = 'false'
             C:\Program Files\dotnet\packs\Microsoft.NETCore.App.Ref\8.0.14\ref/net8.0/System.Diagnostics.TextWriterTraceListener.dll
                 Private = 'false'
     0>Reasignaci├│n de propiedad: $(DebugSymbolsProjectOutputGroupDependsOn)="
      ;
      _RazorAddDebugSymbolsProjectOutputGroupOutput
    " (valor anterior: "") en C:\Program Files\dotnet\sdk\9.0.201\Sdks\Microsoft.NET.Sdk.Razor\targets\Sdk.Razor.CurrentVersion.targets (205,5)
       Reasignaci├│n de propiedad: $(PrepareForBuildDependsOn)="
             ;GetFrameworkPaths;GetReferenceAssemblyPaths;AssignLinkMetadata;
             ResolveRazorGenerateInputs
           " (valor anterior: ";GetFrameworkPaths;GetReferenceAssemblyPaths;AssignLinkMetadata") en C:\Program Files\dotnet\sdk\9.0.201\Sdks\Microsoft.NET.Sdk.Razor\targets\Sdk.Razor.CurrentVersion.targets (210,5)
       Reasignaci├│n de propiedad: $(GenerateNuspecDependsOn)="
             ResolveRazorGenerateInputs;
             
             IncludeStaticWebAssetsPackItems;
             Build;_LoadPackInputItems; _GetTargetFrameworksOutput; _WalkEachTargetPerFramework; _GetPackageFiles; ;
           
           " (valor anterior: "
             IncludeStaticWebAssetsPackItems;
             Build;_LoadPackInputItems; _GetTargetFrameworksOutput; _WalkEachTargetPerFramework; _GetPackageFiles; ;
           ") en C:\Program Files\dotnet\sdk\9.0.201\Sdks\Microsoft.NET.Sdk.Razor\targets\Sdk.Razor.CurrentVersion.targets (215,5)
       Reasignaci├│n de propiedad: $(PrepareForRunDependsOn)="
             _RazorPrepareForRun;
             StaticWebAssetsPrepareForRun;
             CopyFilesToOutputDirectory
           
           " (valor anterior: "StaticWebAssetsPrepareForRun;
             CopyFilesToOutputDirectory
           ") en C:\Program Files\dotnet\sdk\9.0.201\Sdks\Microsoft.NET.Sdk.Razor\targets\Sdk.Razor.CurrentVersion.targets (220,5)
  2:10>ResolveAssemblyReferences:
             C:\Program Files\dotnet\packs\Microsoft.NETCore.App.Ref\8.0.14\ref/net8.0/System.Diagnostics.Tools.dll
                 Private = 'false'
     0>Reasignaci├│n de propiedad: $(UseRazorBuildServer)="true" (valor anterior: "") en C:\Program Files\dotnet\sdk\9.0.201\Sdks\Microsoft.NET.Sdk.Razor\targets\Sdk.Razor.CurrentVersion.targets (311,5)
  2:10>ResolveAssemblyReferences:
             C:\Program Files\dotnet\packs\Microsoft.NETCore.App.Ref\8.0.14\ref/net8.0/System.Diagnostics.TraceSource.dll
     0>Reasignaci├│n de propiedad: $(_RazorDebugSymbolsProduced)="true" (valor anterior: "false") en C:\Program Files\dotnet\sdk\9.0.201\Sdks\Microsoft.NET.Sdk.Razor\targets\Sdk.Razor.CurrentVersion.targets (317,5)
  2:10>ResolveAssemblyReferences:
                 Private = 'false'
             C:\Program Files\dotnet\packs\Microsoft.NETCore.App.Ref\8.0.14\ref/net8.0/System.Diagnostics.Tracing.dll
                 Private = 'false'
             C:\Program Files\dotnet\packs\Microsoft.NETCore.App.Ref\8.0.14\ref/net8.0/System.Drawing.Primitives.dll
                 Private = 'false'
             C:\Program Files\dotnet\packs\Microsoft.NETCore.App.Ref\8.0.14\ref/net8.0/System.Drawing.dll
                 Private = 'false'
             C:\Program Files\dotnet\packs\Microsoft.NETCore.App.Ref\8.0.14\ref/net8.0/System.Dynamic.Runtime.dll
                 Private = 'false'
             C:\Program Files\dotnet\packs\Microsoft.NETCore.App.Ref\8.0.14\ref/net8.0/System.Formats.Asn1.dll
                 Private = 'false'
             C:\Program Files\dotnet\packs\Microsoft.NETCore.App.Ref\8.0.14\ref/net8.0/System.Formats.Tar.dll
                 Private = 'false'
             C:\Program Files\dotnet\packs\Microsoft.NETCore.App.Ref\8.0.14\ref/net8.0/System.Globalization.Calendars.dll
                 Private = 'false'
             C:\Program Files\dotnet\packs\Microsoft.NETCore.App.Ref\8.0.14\ref/net8.0/System.Globalization.Extensions.dll
                 Private = 'false'
             C:\Program Files\dotnet\packs\Microsoft.NETCore.App.Ref\8.0.14\ref/net8.0/System.Globalization.dll
                 Private = 'false'
             C:\Program Files\dotnet\packs\Microsoft.NETCore.App.Ref\8.0.14\ref/net8.0/System.IO.Compression.Brotli.dll
                 Private = 'false'
             C:\Program Files\dotnet\packs\Microsoft.NETCore.App.Ref\8.0.14\ref/net8.0/System.IO.Compression.FileSystem.dll
                 Private = 'false'
             C:\Program Files\dotnet\packs\Microsoft.NETCore.App.Ref\8.0.14\ref/net8.0/System.IO.Compression.ZipFile.dll
                 Private = 'false'
             C:\Program Files\dotnet\packs\Microsoft.NETCore.App.Ref\8.0.14\ref/net8.0/System.IO.Compression.dll
                 Private = 'false'
             C:\Program Files\dotnet\packs\Microsoft.NETCore.App.Ref\8.0.14\ref/net8.0/System.IO.FileSystem.AccessControl.dll
                 Private = 'false'
             C:\Program Files\dotnet\packs\Microsoft.NETCore.App.Ref\8.0.14\ref/net8.0/System.IO.FileSystem.DriveInfo.dll
                 Private = 'false'
             C:\Program Files\dotnet\packs\Microsoft.NETCore.App.Ref\8.0.14\ref/net8.0/System.IO.FileSystem.Primitives.dll
                 Private = 'false'
             C:\Program Files\dotnet\packs\Microsoft.NETCore.App.Ref\8.0.14\ref/net8.0/System.IO.FileSystem.Watcher.dll
                 Private = 'false'
             C:\Program Files\dotnet\packs\Microsoft.NETCore.App.Ref\8.0.14\ref/net8.0/System.IO.FileSystem.dll
                 Private = 'false'
             C:\Program Files\dotnet\packs\Microsoft.NETCore.App.Ref\8.0.14\ref/net8.0/System.IO.IsolatedStorage.dll
                 Private = 'false'
             C:\Program Files\dotnet\packs\Microsoft.NETCore.App.Ref\8.0.14\ref/net8.0/System.IO.MemoryMappedFiles.dll
                 Private = 'false'
             C:\Program Files\dotnet\packs\Microsoft.NETCore.App.Ref\8.0.14\ref/net8.0/System.IO.Pipes.AccessControl.dll
                 Private = 'false'
     0>Reasignaci├│n de propiedad: $(GenerateRazorTargetAssemblyInfoDependsOn)="
      _ResolveMvcAssemblyAttributes;
      
      GetRazorTargetAssemblyAttributes;
      _CreateRazorTargetAssemblyInfoInputsCacheFile;
      CoreGenerateRazorTargetAssemblyInfo
    
    " (valor anterior: "
      GetRazorTargetAssemblyAttributes;
      _CreateRazorTargetAssemblyInfoInputsCacheFile;
      CoreGenerateRazorTargetAssemblyInfo
    ") en C:\Program Files\dotnet\sdk\9.0.201\Sdks\Microsoft.NET.Sdk.Razor\targets\Microsoft.NET.Sdk.Razor.GenerateAssemblyInfo.targets (36,5)
       Reasignaci├│n de propiedad: $(CoreCompileDependsOn)="
             ;_ComputeNonExistentFileProperty;ResolveCodeAnalysisRuleSet;
             _GenerateRazorAssemblyInfo
           " (valor anterior: ";_ComputeNonExistentFileProperty;ResolveCodeAnalysisRuleSet") en C:\Program Files\dotnet\sdk\9.0.201\Sdks\Microsoft.NET.Sdk.Razor\targets\Microsoft.NET.Sdk.Razor.GenerateAssemblyInfo.targets (181,5)
       Reasignaci├│n de propiedad: $(_GenerateRazorAssemblyInfoDependsOn)="
             _ResolveMvcAssemblyAttributes;
             RazorGetAssemblyAttributes;PrepareForBuild;_CoreGenerateRazorAssemblyInfo;
           " (valor anterior: "RazorGetAssemblyAttributes;PrepareForBuild;_CoreGenerateRazorAssemblyInfo") en C:\Program Files\dotnet\sdk\9.0.201\Sdks\Microsoft.NET.Sdk.Razor\targets\Microsoft.NET.Sdk.Razor.GenerateAssemblyInfo.targets (189,5)
  2:10>ResolveAssemblyReferences:
             C:\Program Files\dotnet\packs\Microsoft.NETCore.App.Ref\8.0.14\ref/net8.0/System.IO.Pipes.dll
                 Private = 'false'
             C:\Program Files\dotnet\packs\Microsoft.NETCore.App.Ref\8.0.14\ref/net8.0/System.IO.UnmanagedMemoryStream.dll
                 Private = 'false'
             C:\Program Files\dotnet\packs\Microsoft.NETCore.App.Ref\8.0.14\ref/net8.0/System.IO.dll
                 Private = 'false'
             C:\Program Files\dotnet\packs\Microsoft.NETCore.App.Ref\8.0.14\ref/net8.0/System.Linq.Expressions.dll
                 Private = 'false'
             C:\Program Files\dotnet\packs\Microsoft.NETCore.App.Ref\8.0.14\ref/net8.0/System.Linq.Parallel.dll
     0>Reasignaci├│n de propiedad: $(CoreCompileDependsOn)="
      _DiscoverMvcApplicationParts;
      
      ;_ComputeNonExistentFileProperty;ResolveCodeAnalysisRuleSet;
      _GenerateRazorAssemblyInfo
    ;
    " (valor anterior: "
      ;_ComputeNonExistentFileProperty;ResolveCodeAnalysisRuleSet;
      _GenerateRazorAssemblyInfo
    ") en C:\Program Files\dotnet\sdk\9.0.201\Sdks\Microsoft.NET.Sdk.Razor\targets\Microsoft.NET.Sdk.Razor.MvcApplicationPartsDiscovery.targets (22,5)
  2:10>ResolveAssemblyReferences:
                 Private = 'false'
             C:\Program Files\dotnet\packs\Microsoft.NETCore.App.Ref\8.0.14\ref/net8.0/System.Linq.Queryable.dll
                 Private = 'false'
     0>Reasignaci├│n de propiedad: $(RazorDesignTimeTargets)="C:\Program Files\dotnet\sdk\9.0.201\Sdks\Microsoft.NET.Sdk.Razor\targets\Microsoft.NET.Sdk.Razor.DesignTime.targets" (valor anterior: "C:\Program Files\dotnet\sdk\9.0.201\\Microsoft\VisualStudio\Razor\Microsoft.NET.Sdk.Razor.DesignTime.targets") en C:\Program Files\dotnet\sdk\9.0.201\Sdks\Microsoft.NET.Sdk.Razor\targets\Sdk.Razor.CurrentVersion.targets (791,5)
  2:10>ResolveAssemblyReferences:
             C:\Program Files\dotnet\packs\Microsoft.NETCore.App.Ref\8.0.14\ref/net8.0/System.Linq.dll
                 Private = 'false'
             C:\Program Files\dotnet\packs\Microsoft.NETCore.App.Ref\8.0.14\ref/net8.0/System.Memory.dll
                 Private = 'false'
             C:\Program Files\dotnet\packs\Microsoft.NETCore.App.Ref\8.0.14\ref/net8.0/System.Net.Http.Json.dll
                 Private = 'false'
             C:\Program Files\dotnet\packs\Microsoft.NETCore.App.Ref\8.0.14\ref/net8.0/System.Net.Http.dll
                 Private = 'false'
             C:\Program Files\dotnet\packs\Microsoft.NETCore.App.Ref\8.0.14\ref/net8.0/System.Net.HttpListener.dll
                 Private = 'false'
             C:\Program Files\dotnet\packs\Microsoft.NETCore.App.Ref\8.0.14\ref/net8.0/System.Net.Mail.dll
                 Private = 'false'
             C:\Program Files\dotnet\packs\Microsoft.NETCore.App.Ref\8.0.14\ref/net8.0/System.Net.NameResolution.dll
                 Private = 'false'
             C:\Program Files\dotnet\packs\Microsoft.NETCore.App.Ref\8.0.14\ref/net8.0/System.Net.NetworkInformation.dll
                 Private = 'false'
             C:\Program Files\dotnet\packs\Microsoft.NETCore.App.Ref\8.0.14\ref/net8.0/System.Net.Ping.dll
                 Private = 'false'
             C:\Program Files\dotnet\packs\Microsoft.NETCore.App.Ref\8.0.14\ref/net8.0/System.Net.Primitives.dll
                 Private = 'false'
             C:\Program Files\dotnet\packs\Microsoft.NETCore.App.Ref\8.0.14\ref/net8.0/System.Net.Quic.dll
                 Private = 'false'
             C:\Program Files\dotnet\packs\Microsoft.NETCore.App.Ref\8.0.14\ref/net8.0/System.Net.Requests.dll
                 Private = 'false'
             C:\Program Files\dotnet\packs\Microsoft.NETCore.App.Ref\8.0.14\ref/net8.0/System.Net.Security.dll
                 Private = 'false'
             C:\Program Files\dotnet\packs\Microsoft.NETCore.App.Ref\8.0.14\ref/net8.0/System.Net.ServicePoint.dll
     0>Reasignaci├│n de propiedad: $(RunWorkingDirectory)="D:\Users\Jhon\Documentos\Mintrabajo\Modulo General usuarios\AuthSystemNew\AuthSystem.API" (valor anterior: "") en C:\Program Files\dotnet\sdk\9.0.201\Sdks\Microsoft.NET.Sdk.Web.ProjectSystem\targets\Microsoft.NET.Sdk.Web.ProjectSystem.targets (21,5)
  2:10>ResolveAssemblyReferences:
                 Private = 'false'
             C:\Program Files\dotnet\packs\Microsoft.NETCore.App.Ref\8.0.14\ref/net8.0/System.Net.Sockets.dll
                 Private = 'false'
             C:\Program Files\dotnet\packs\Microsoft.NETCore.App.Ref\8.0.14\ref/net8.0/System.Net.WebClient.dll
                 Private = 'false'
             C:\Program Files\dotnet\packs\Microsoft.NETCore.App.Ref\8.0.14\ref/net8.0/System.Net.WebHeaderCollection.dll
                 Private = 'false'
             C:\Program Files\dotnet\packs\Microsoft.NETCore.App.Ref\8.0.14\ref/net8.0/System.Net.WebProxy.dll
                 Private = 'false'
             C:\Program Files\dotnet\packs\Microsoft.NETCore.App.Ref\8.0.14\ref/net8.0/System.Net.WebSockets.Client.dll
                 Private = 'false'
             C:\Program Files\dotnet\packs\Microsoft.NETCore.App.Ref\8.0.14\ref/net8.0/System.Net.WebSockets.dll
                 Private = 'false'
             C:\Program Files\dotnet\packs\Microsoft.NETCore.App.Ref\8.0.14\ref/net8.0/System.Net.dll
                 Private = 'false'
             C:\Program Files\dotnet\packs\Microsoft.NETCore.App.Ref\8.0.14\ref/net8.0/System.Numerics.Vectors.dll
                 Private = 'false'
             C:\Program Files\dotnet\packs\Microsoft.NETCore.App.Ref\8.0.14\ref/net8.0/System.Numerics.dll
                 Private = 'false'
             C:\Program Files\dotnet\packs\Microsoft.NETCore.App.Ref\8.0.14\ref/net8.0/System.ObjectModel.dll
                 Private = 'false'
             C:\Program Files\dotnet\packs\Microsoft.NETCore.App.Ref\8.0.14\ref/net8.0/System.Reflection.DispatchProxy.dll
                 Private = 'false'
             C:\Program Files\dotnet\packs\Microsoft.NETCore.App.Ref\8.0.14\ref/net8.0/System.Reflection.Emit.ILGeneration.dll
                 Private = 'false'
             C:\Program Files\dotnet\packs\Microsoft.NETCore.App.Ref\8.0.14\ref/net8.0/System.Reflection.Emit.Lightweight.dll
                 Private = 'false'
             C:\Program Files\dotnet\packs\Microsoft.NETCore.App.Ref\8.0.14\ref/net8.0/System.Reflection.Emit.dll
     0>Reasignaci├│n de propiedad: $(PublishProfileImported)="true" (valor anterior: "false") en C:\Program Files\dotnet\sdk\9.0.201\Sdks\Microsoft.NET.Sdk.Publish\targets\Microsoft.NET.Sdk.Publish.targets (60,5)
  2:10>ResolveAssemblyReferences:
                 Private = 'false'
     0>Reasignaci├│n de propiedad: $(PublishConfiguration)="Debug" (valor anterior: "") en C:\Program Files\dotnet\sdk\9.0.201\Sdks\Microsoft.NET.Sdk.Publish\targets\Microsoft.NET.Sdk.Publish.targets (81,5)
  2:10>ResolveAssemblyReferences:
             C:\Program Files\dotnet\packs\Microsoft.NETCore.App.Ref\8.0.14\ref/net8.0/System.Reflection.Extensions.dll
     0>Reasignaci├│n de propiedad: $(BaseIntermediateOutputPath)="D:\Users\Jhon\Documentos\Mintrabajo\Modulo General usuarios\AuthSystemNew\AuthSystem.API\obj\" (valor anterior: "obj\") en C:\Program Files\dotnet\sdk\9.0.201\Sdks\Microsoft.NET.Sdk.Publish\targets\Microsoft.NET.Sdk.Publish.targets (87,5)
  2:10>ResolveAssemblyReferences:
                 Private = 'false'
             C:\Program Files\dotnet\packs\Microsoft.NETCore.App.Ref\8.0.14\ref/net8.0/System.Reflection.Metadata.dll
                 Private = 'false'
             C:\Program Files\dotnet\packs\Microsoft.NETCore.App.Ref\8.0.14\ref/net8.0/System.Reflection.Primitives.dll
                 Private = 'false'
             C:\Program Files\dotnet\packs\Microsoft.NETCore.App.Ref\8.0.14\ref/net8.0/System.Reflection.TypeExtensions.dll
                 Private = 'false'
             C:\Program Files\dotnet\packs\Microsoft.NETCore.App.Ref\8.0.14\ref/net8.0/System.Reflection.dll
                 Private = 'false'
             C:\Program Files\dotnet\packs\Microsoft.NETCore.App.Ref\8.0.14\ref/net8.0/System.Resources.Reader.dll
                 Private = 'false'
             C:\Program Files\dotnet\packs\Microsoft.NETCore.App.Ref\8.0.14\ref/net8.0/System.Resources.ResourceManager.dll
                 Private = 'false'
             C:\Program Files\dotnet\packs\Microsoft.NETCore.App.Ref\8.0.14\ref/net8.0/System.Resources.Writer.dll
                 Private = 'false'
             C:\Program Files\dotnet\packs\Microsoft.NETCore.App.Ref\8.0.14\ref/net8.0/System.Runtime.CompilerServices.Unsafe.dll
                 Private = 'false'
             C:\Program Files\dotnet\packs\Microsoft.NETCore.App.Ref\8.0.14\ref/net8.0/System.Runtime.CompilerServices.VisualC.dll
                 Private = 'false'
             C:\Program Files\dotnet\packs\Microsoft.NETCore.App.Ref\8.0.14\ref/net8.0/System.Runtime.Extensions.dll
                 Private = 'false'
             C:\Program Files\dotnet\packs\Microsoft.NETCore.App.Ref\8.0.14\ref/net8.0/System.Runtime.Handles.dll
                 Private = 'false'
             C:\Program Files\dotnet\packs\Microsoft.NETCore.App.Ref\8.0.14\ref/net8.0/System.Runtime.InteropServices.JavaScript.dll
                 Private = 'false'
             C:\Program Files\dotnet\packs\Microsoft.NETCore.App.Ref\8.0.14\ref/net8.0/System.Runtime.InteropServices.RuntimeInformation.dll
                 Private = 'false'
             C:\Program Files\dotnet\packs\Microsoft.NETCore.App.Ref\8.0.14\ref/net8.0/System.Runtime.InteropServices.dll
                 Private = 'false'
             C:\Program Files\dotnet\packs\Microsoft.NETCore.App.Ref\8.0.14\ref/net8.0/System.Runtime.Intrinsics.dll
                 Private = 'false'
             C:\Program Files\dotnet\packs\Microsoft.NETCore.App.Ref\8.0.14\ref/net8.0/System.Runtime.Loader.dll
                 Private = 'false'
             C:\Program Files\dotnet\packs\Microsoft.NETCore.App.Ref\8.0.14\ref/net8.0/System.Runtime.Numerics.dll
                 Private = 'false'
             C:\Program Files\dotnet\packs\Microsoft.NETCore.App.Ref\8.0.14\ref/net8.0/System.Runtime.Serialization.Formatters.dll
                 Private = 'false'
             C:\Program Files\dotnet\packs\Microsoft.NETCore.App.Ref\8.0.14\ref/net8.0/System.Runtime.Serialization.Json.dll
                 Private = 'false'
             C:\Program Files\dotnet\packs\Microsoft.NETCore.App.Ref\8.0.14\ref/net8.0/System.Runtime.Serialization.Primitives.dll
                 Private = 'false'
             C:\Program Files\dotnet\packs\Microsoft.NETCore.App.Ref\8.0.14\ref/net8.0/System.Runtime.Serialization.Xml.dll
                 Private = 'false'
             C:\Program Files\dotnet\packs\Microsoft.NETCore.App.Ref\8.0.14\ref/net8.0/System.Runtime.Serialization.dll
                 Private = 'false'
             C:\Program Files\dotnet\packs\Microsoft.NETCore.App.Ref\8.0.14\ref/net8.0/System.Runtime.dll
                 Private = 'false'
             C:\Program Files\dotnet\packs\Microsoft.NETCore.App.Ref\8.0.14\ref/net8.0/System.Security.AccessControl.dll
                 Private = 'false'
             C:\Program Files\dotnet\packs\Microsoft.NETCore.App.Ref\8.0.14\ref/net8.0/System.Security.Claims.dll
                 Private = 'false'
             C:\Program Files\dotnet\packs\Microsoft.NETCore.App.Ref\8.0.14\ref/net8.0/System.Security.Cryptography.Algorithms.dll
                 Private = 'false'
             C:\Program Files\dotnet\packs\Microsoft.NETCore.App.Ref\8.0.14\ref/net8.0/System.Security.Cryptography.Cng.dll
                 Private = 'false'
             C:\Program Files\dotnet\packs\Microsoft.NETCore.App.Ref\8.0.14\ref/net8.0/System.Security.Cryptography.Csp.dll
                 Private = 'false'
             C:\Program Files\dotnet\packs\Microsoft.NETCore.App.Ref\8.0.14\ref/net8.0/System.Security.Cryptography.Encoding.dll
                 Private = 'false'
             C:\Program Files\dotnet\packs\Microsoft.NETCore.App.Ref\8.0.14\ref/net8.0/System.Security.Cryptography.OpenSsl.dll
                 Private = 'false'
             C:\Program Files\dotnet\packs\Microsoft.NETCore.App.Ref\8.0.14\ref/net8.0/System.Security.Cryptography.Primitives.dll
                 Private = 'false'
             C:\Program Files\dotnet\packs\Microsoft.NETCore.App.Ref\8.0.14\ref/net8.0/System.Security.Cryptography.X509Certificates.dll
                 Private = 'false'
             C:\Program Files\dotnet\packs\Microsoft.NETCore.App.Ref\8.0.14\ref/net8.0/System.Security.Cryptography.dll
                 Private = 'false'
             C:\Program Files\dotnet\packs\Microsoft.NETCore.App.Ref\8.0.14\ref/net8.0/System.Security.Principal.Windows.dll
                 Private = 'false'
             C:\Program Files\dotnet\packs\Microsoft.NETCore.App.Ref\8.0.14\ref/net8.0/System.Security.Principal.dll
                 Private = 'false'
             C:\Program Files\dotnet\packs\Microsoft.NETCore.App.Ref\8.0.14\ref/net8.0/System.Security.SecureString.dll
                 Private = 'false'
             C:\Program Files\dotnet\packs\Microsoft.NETCore.App.Ref\8.0.14\ref/net8.0/System.Security.dll
                 Private = 'false'
             C:\Program Files\dotnet\packs\Microsoft.NETCore.App.Ref\8.0.14\ref/net8.0/System.ServiceModel.Web.dll
                 Private = 'false'
             C:\Program Files\dotnet\packs\Microsoft.NETCore.App.Ref\8.0.14\ref/net8.0/System.ServiceProcess.dll
                 Private = 'false'
             C:\Program Files\dotnet\packs\Microsoft.NETCore.App.Ref\8.0.14\ref/net8.0/System.Text.Encoding.CodePages.dll
                 Private = 'false'
             C:\Program Files\dotnet\packs\Microsoft.NETCore.App.Ref\8.0.14\ref/net8.0/System.Text.Encoding.Extensions.dll
                 Private = 'false'
             C:\Program Files\dotnet\packs\Microsoft.NETCore.App.Ref\8.0.14\ref/net8.0/System.Text.Encoding.dll
                 Private = 'false'
             C:\Program Files\dotnet\packs\Microsoft.NETCore.App.Ref\8.0.14\ref/net8.0/System.Text.Encodings.Web.dll
                 Private = 'false'
             C:\Program Files\dotnet\packs\Microsoft.NETCore.App.Ref\8.0.14\ref/net8.0/System.Text.Json.dll
                 Private = 'false'
             C:\Program Files\dotnet\packs\Microsoft.NETCore.App.Ref\8.0.14\ref/net8.0/System.Text.RegularExpressions.dll
                 Private = 'false'
             C:\Program Files\dotnet\packs\Microsoft.NETCore.App.Ref\8.0.14\ref/net8.0/System.Threading.Channels.dll
                 Private = 'false'
             C:\Program Files\dotnet\packs\Microsoft.NETCore.App.Ref\8.0.14\ref/net8.0/System.Threading.Overlapped.dll
                 Private = 'false'
             C:\Program Files\dotnet\packs\Microsoft.NETCore.App.Ref\8.0.14\ref/net8.0/System.Threading.Tasks.Dataflow.dll
                 Private = 'false'
             C:\Program Files\dotnet\packs\Microsoft.NETCore.App.Ref\8.0.14\ref/net8.0/System.Threading.Tasks.Extensions.dll
                 Private = 'false'
             C:\Program Files\dotnet\packs\Microsoft.NETCore.App.Ref\8.0.14\ref/net8.0/System.Threading.Tasks.Parallel.dll
                 Private = 'false'
             C:\Program Files\dotnet\packs\Microsoft.NETCore.App.Ref\8.0.14\ref/net8.0/System.Threading.Tasks.dll
                 Private = 'false'
             C:\Program Files\dotnet\packs\Microsoft.NETCore.App.Ref\8.0.14\ref/net8.0/System.Threading.Thread.dll
                 Private = 'false'
             C:\Program Files\dotnet\packs\Microsoft.NETCore.App.Ref\8.0.14\ref/net8.0/System.Threading.ThreadPool.dll
                 Private = 'false'
             C:\Program Files\dotnet\packs\Microsoft.NETCore.App.Ref\8.0.14\ref/net8.0/System.Threading.Timer.dll
                 Private = 'false'
             C:\Program Files\dotnet\packs\Microsoft.NETCore.App.Ref\8.0.14\ref/net8.0/System.Threading.dll
                 Private = 'false'
             C:\Program Files\dotnet\packs\Microsoft.NETCore.App.Ref\8.0.14\ref/net8.0/System.Transactions.Local.dll
                 Private = 'false'
             C:\Program Files\dotnet\packs\Microsoft.NETCore.App.Ref\8.0.14\ref/net8.0/System.Transactions.dll
                 Private = 'false'
             C:\Program Files\dotnet\packs\Microsoft.NETCore.App.Ref\8.0.14\ref/net8.0/System.ValueTuple.dll
                 Private = 'false'
             C:\Program Files\dotnet\packs\Microsoft.NETCore.App.Ref\8.0.14\ref/net8.0/System.Web.HttpUtility.dll
                 Private = 'false'
             C:\Program Files\dotnet\packs\Microsoft.NETCore.App.Ref\8.0.14\ref/net8.0/System.Web.dll
                 Private = 'false'
             C:\Program Files\dotnet\packs\Microsoft.NETCore.App.Ref\8.0.14\ref/net8.0/System.Windows.dll
                 Private = 'false'
             C:\Program Files\dotnet\packs\Microsoft.NETCore.App.Ref\8.0.14\ref/net8.0/System.Xml.Linq.dll
                 Private = 'false'
             C:\Program Files\dotnet\packs\Microsoft.NETCore.App.Ref\8.0.14\ref/net8.0/System.Xml.ReaderWriter.dll
                 Private = 'false'
             C:\Program Files\dotnet\packs\Microsoft.NETCore.App.Ref\8.0.14\ref/net8.0/System.Xml.Serialization.dll
                 Private = 'false'
             C:\Program Files\dotnet\packs\Microsoft.NETCore.App.Ref\8.0.14\ref/net8.0/System.Xml.XDocument.dll
                 Private = 'false'
             C:\Program Files\dotnet\packs\Microsoft.NETCore.App.Ref\8.0.14\ref/net8.0/System.Xml.XPath.XDocument.dll
                 Private = 'false'
             C:\Program Files\dotnet\packs\Microsoft.NETCore.App.Ref\8.0.14\ref/net8.0/System.Xml.XPath.dll
                 Private = 'false'
             C:\Program Files\dotnet\packs\Microsoft.NETCore.App.Ref\8.0.14\ref/net8.0/System.Xml.XmlDocument.dll
                 Private = 'false'
             C:\Program Files\dotnet\packs\Microsoft.NETCore.App.Ref\8.0.14\ref/net8.0/System.Xml.XmlSerializer.dll
                 Private = 'false'
             C:\Program Files\dotnet\packs\Microsoft.NETCore.App.Ref\8.0.14\ref/net8.0/System.Xml.dll
                 Private = 'false'
             C:\Program Files\dotnet\packs\Microsoft.NETCore.App.Ref\8.0.14\ref/net8.0/System.dll
                 Private = 'false'
             C:\Program Files\dotnet\packs\Microsoft.NETCore.App.Ref\8.0.14\ref/net8.0/WindowsBase.dll
                 Private = 'false'
             C:\Program Files\dotnet\packs\Microsoft.NETCore.App.Ref\8.0.14\ref/net8.0/mscorlib.dll
                 Private = 'false'
             C:\Program Files\dotnet\packs\Microsoft.NETCore.App.Ref\8.0.14\ref/net8.0/netstandard.dll
                 Private = 'false'
         AssemblyFiles:
             D:\Users\Jhon\Documentos\Mintrabajo\Modulo General usuarios\AuthSystemNew\AuthSystem.Domain\bin\Debug\net8.0\AuthSystem.Domain.dll
         CandidateAssemblyFiles:
         TargetFrameworkDirectories:
             
         InstalledAssemblyTables:
         IgnoreInstalledAssemblyTable:
             False
         SearchPaths:
             {CandidateAssemblyFiles}
             {HintPathFromItem}
             {TargetFrameworkDirectory}
             {RawFileName}
         AllowedAssemblyExtensions:
             .winmd
             .dll
             .exe
         AllowedRelatedFileExtensions:
             .pdb
             .xml
             .pri
             .dll.config
             .exe.config
         AppConfigFile:
             
         AutoUnify:
             True
         CopyLocalDependenciesWhenParentReferenceInGac:
             True
         FindDependencies:
             True
         TargetProcessorArchitecture:
             msil
         StateFile:
             obj\Debug\net8.0\AuthSystem.Application.csproj.AssemblyReference.cache
         InstalledAssemblySubsetTables:
         IgnoreInstalledAssemblySubsetTable:
             False
         TargetFrameworkSubsets:
         FullTargetFrameworkSubsetNames:
             Full
         ProfileName:
             
         FullFrameworkFolders:
         LatestTargetFrameworkDirectories:
         ProfileTablesLocation:
         Referencia principal "AuthSystem.Domain, Version=1.0.0.0, Culture=neutral, PublicKeyToken=null".
             La ruta de acceso del archivo resuelta es "D:\Users\Jhon\Documentos\Mintrabajo\Modulo General usuarios\AuthSystemNew\AuthSystem.Domain\bin\Debug\net8.0\AuthSystem.Domain.dll".
             Se encontr├│ una referencia en la ubicaci├│n de ruta de acceso de b├║squeda "D:\Users\Jhon\Documentos\Mintrabajo\Modulo General usuarios\AuthSystemNew\AuthSystem.Domain\bin\Debug\net8.0\AuthSystem.Domain.dll".
             Se encontr├│ el archivo "D:\Users\Jhon\Documentos\Mintrabajo\Modulo General usuarios\AuthSystemNew\AuthSystem.Domain\bin\Debug\net8.0\AuthSystem.Domain.pdb" relacionado.
         Referencia principal "FluentValidation, Version=11.0.0.0, Culture=neutral, PublicKeyToken=7de548da2fbae0f0".
             La ruta de acceso del archivo resuelta es "C:\Users\JHON\.nuget\packages\fluentvalidation\11.5.2\lib\net7.0\FluentValidation.dll".
             Se encontr├│ una referencia en la ubicaci├│n de ruta de acceso de b├║squeda "{HintPathFromItem}".
             Esta referencia no es "CopyLocal" porque existe al menos un elemento de origen con "Private" establecido en "false" y ning├║n elemento de origen con "Private" establecido en "true".
         Referencia principal "MediatR, Version=12.0.0.0, Culture=neutral, PublicKeyToken=bb9a41a5e8aaa7e2".
             La ruta de acceso del archivo resuelta es "C:\Users\JHON\.nuget\packages\mediatr\12.0.1\lib\net6.0\MediatR.dll".
             Se encontr├│ una referencia en la ubicaci├│n de ruta de acceso de b├║squeda "{HintPathFromItem}".
             Esta referencia no es "CopyLocal" porque existe al menos un elemento de origen con "Private" establecido en "false" y ning├║n elemento de origen con "Private" establecido en "true".
         Referencia principal "MediatR.Contracts, Version=2.0.1.0, Culture=neutral, PublicKeyToken=bb9a41a5e8aaa7e2".
             La ruta de acceso del archivo resuelta es "C:\Users\JHON\.nuget\packages\mediatr.contracts\2.0.1\lib\netstandard2.0\MediatR.Contracts.dll".
             Se encontr├│ una referencia en la ubicaci├│n de ruta de acceso de b├║squeda "{HintPathFromItem}".
             Esta referencia no es "CopyLocal" porque existe al menos un elemento de origen con "Private" establecido en "false" y ning├║n elemento de origen con "Private" establecido en "true".
         Referencia principal "Microsoft.Extensions.DependencyInjection.Abstractions, Version=8.0.0.0, Culture=neutral, PublicKeyToken=adb9793829ddae60".
             La ruta de acceso del archivo resuelta es "C:\Users\JHON\.nuget\packages\microsoft.extensions.dependencyinjection.abstractions\8.0.0\lib\net8.0\Microsoft.Extensions.DependencyInjection.Abstractions.dll".
             Se encontr├│ una referencia en la ubicaci├│n de ruta de acceso de b├║squeda "{HintPathFromItem}".
             Esta referencia no es "CopyLocal" porque existe al menos un elemento de origen con "Private" establecido en "false" y ning├║n elemento de origen con "Private" establecido en "true".
         Referencia principal "Microsoft.CSharp, Version=8.0.0.0, Culture=neutral, PublicKeyToken=b03f5f7f11d50a3a".
             La ruta de acceso del archivo resuelta es "C:\Program Files\dotnet\packs\Microsoft.NETCore.App.Ref\8.0.14\ref\net8.0\Microsoft.CSharp.dll".
             Se encontr├│ una referencia en la ubicaci├│n de ruta de acceso de b├║squeda "{RawFileName}".
             Esta referencia no es "CopyLocal" porque existe al menos un elemento de origen con "Private" establecido en "false" y ning├║n elemento de origen con "Private" establecido en "true".
         Referencia principal "Microsoft.VisualBasic.Core, Version=13.0.0.0, Culture=neutral, PublicKeyToken=b03f5f7f11d50a3a".
             La ruta de acceso del archivo resuelta es "C:\Program Files\dotnet\packs\Microsoft.NETCore.App.Ref\8.0.14\ref\net8.0\Microsoft.VisualBasic.Core.dll".
             Se encontr├│ una referencia en la ubicaci├│n de ruta de acceso de b├║squeda "{RawFileName}".
             Esta referencia no es "CopyLocal" porque existe al menos un elemento de origen con "Private" establecido en "false" y ning├║n elemento de origen con "Private" establecido en "true".
         Referencia principal "Microsoft.VisualBasic, Version=10.0.0.0, Culture=neutral, PublicKeyToken=b03f5f7f11d50a3a".
             La ruta de acceso del archivo resuelta es "C:\Program Files\dotnet\packs\Microsoft.NETCore.App.Ref\8.0.14\ref\net8.0\Microsoft.VisualBasic.dll".
             Se encontr├│ una referencia en la ubicaci├│n de ruta de acceso de b├║squeda "{RawFileName}".
             Esta referencia no es "CopyLocal" porque existe al menos un elemento de origen con "Private" establecido en "false" y ning├║n elemento de origen con "Private" establecido en "true".
         Referencia principal "Microsoft.Win32.Primitives, Version=8.0.0.0, Culture=neutral, PublicKeyToken=b03f5f7f11d50a3a".
             La ruta de acceso del archivo resuelta es "C:\Program Files\dotnet\packs\Microsoft.NETCore.App.Ref\8.0.14\ref\net8.0\Microsoft.Win32.Primitives.dll".
             Se encontr├│ una referencia en la ubicaci├│n de ruta de acceso de b├║squeda "{RawFileName}".
             Esta referencia no es "CopyLocal" porque existe al menos un elemento de origen con "Private" establecido en "false" y ning├║n elemento de origen con "Private" establecido en "true".
         Referencia principal "Microsoft.Win32.Registry, Version=8.0.0.0, Culture=neutral, PublicKeyToken=b03f5f7f11d50a3a".
             La ruta de acceso del archivo resuelta es "C:\Program Files\dotnet\packs\Microsoft.NETCore.App.Ref\8.0.14\ref\net8.0\Microsoft.Win32.Registry.dll".
             Se encontr├│ una referencia en la ubicaci├│n de ruta de acceso de b├║squeda "{RawFileName}".
             Esta referencia no es "CopyLocal" porque existe al menos un elemento de origen con "Private" establecido en "false" y ning├║n elemento de origen con "Private" establecido en "true".
         Referencia principal "System.AppContext, Version=8.0.0.0, Culture=neutral, PublicKeyToken=b03f5f7f11d50a3a".
             La ruta de acceso del archivo resuelta es "C:\Program Files\dotnet\packs\Microsoft.NETCore.App.Ref\8.0.14\ref\net8.0\System.AppContext.dll".
             Se encontr├│ una referencia en la ubicaci├│n de ruta de acceso de b├║squeda "{RawFileName}".
             Esta referencia no es "CopyLocal" porque existe al menos un elemento de origen con "Private" establecido en "false" y ning├║n elemento de origen con "Private" establecido en "true".
         Referencia principal "System.Buffers, Version=8.0.0.0, Culture=neutral, PublicKeyToken=cc7b13ffcd2ddd51".
             La ruta de acceso del archivo resuelta es "C:\Program Files\dotnet\packs\Microsoft.NETCore.App.Ref\8.0.14\ref\net8.0\System.Buffers.dll".
             Se encontr├│ una referencia en la ubicaci├│n de ruta de acceso de b├║squeda "{RawFileName}".
             Esta referencia no es "CopyLocal" porque existe al menos un elemento de origen con "Private" establecido en "false" y ning├║n elemento de origen con "Private" establecido en "true".
         Referencia principal "System.Collections.Concurrent, Version=8.0.0.0, Culture=neutral, PublicKeyToken=b03f5f7f11d50a3a".
             La ruta de acceso del archivo resuelta es "C:\Program Files\dotnet\packs\Microsoft.NETCore.App.Ref\8.0.14\ref\net8.0\System.Collections.Concurrent.dll".
             Se encontr├│ una referencia en la ubicaci├│n de ruta de acceso de b├║squeda "{RawFileName}".
             Esta referencia no es "CopyLocal" porque existe al menos un elemento de origen con "Private" establecido en "false" y ning├║n elemento de origen con "Private" establecido en "true".
         Referencia principal "System.Collections.Immutable, Version=8.0.0.0, Culture=neutral, PublicKeyToken=b03f5f7f11d50a3a".
             La ruta de acceso del archivo resuelta es "C:\Program Files\dotnet\packs\Microsoft.NETCore.App.Ref\8.0.14\ref\net8.0\System.Collections.Immutable.dll".
             Se encontr├│ una referencia en la ubicaci├│n de ruta de acceso de b├║squeda "{RawFileName}".
             Esta referencia no es "CopyLocal" porque existe al menos un elemento de origen con "Private" establecido en "false" y ning├║n elemento de origen con "Private" establecido en "true".
         Referencia principal "System.Collections.NonGeneric, Version=8.0.0.0, Culture=neutral, PublicKeyToken=b03f5f7f11d50a3a".
             La ruta de acceso del archivo resuelta es "C:\Program Files\dotnet\packs\Microsoft.NETCore.App.Ref\8.0.14\ref\net8.0\System.Collections.NonGeneric.dll".
             Se encontr├│ una referencia en la ubicaci├│n de ruta de acceso de b├║squeda "{RawFileName}".
             Esta referencia no es "CopyLocal" porque existe al menos un elemento de origen con "Private" establecido en "false" y ning├║n elemento de origen con "Private" establecido en "true".
         Referencia principal "System.Collections.Specialized, Version=8.0.0.0, Culture=neutral, PublicKeyToken=b03f5f7f11d50a3a".
             La ruta de acceso del archivo resuelta es "C:\Program Files\dotnet\packs\Microsoft.NETCore.App.Ref\8.0.14\ref\net8.0\System.Collections.Specialized.dll".
             Se encontr├│ una referencia en la ubicaci├│n de ruta de acceso de b├║squeda "{RawFileName}".
             Esta referencia no es "CopyLocal" porque existe al menos un elemento de origen con "Private" establecido en "false" y ning├║n elemento de origen con "Private" establecido en "true".
         Referencia principal "System.Collections, Version=8.0.0.0, Culture=neutral, PublicKeyToken=b03f5f7f11d50a3a".
             La ruta de acceso del archivo resuelta es "C:\Program Files\dotnet\packs\Microsoft.NETCore.App.Ref\8.0.14\ref\net8.0\System.Collections.dll".
             Se encontr├│ una referencia en la ubicaci├│n de ruta de acceso de b├║squeda "{RawFileName}".
             Esta referencia no es "CopyLocal" porque existe al menos un elemento de origen con "Private" establecido en "false" y ning├║n elemento de origen con "Private" establecido en "true".
         Referencia principal "System.ComponentModel.Annotations, Version=8.0.0.0, Culture=neutral, PublicKeyToken=b03f5f7f11d50a3a".
             La ruta de acceso del archivo resuelta es "C:\Program Files\dotnet\packs\Microsoft.NETCore.App.Ref\8.0.14\ref\net8.0\System.ComponentModel.Annotations.dll".
             Se encontr├│ una referencia en la ubicaci├│n de ruta de acceso de b├║squeda "{RawFileName}".
             Esta referencia no es "CopyLocal" porque existe al menos un elemento de origen con "Private" establecido en "false" y ning├║n elemento de origen con "Private" establecido en "true".
         Referencia principal "System.ComponentModel.DataAnnotations, Version=4.0.0.0, Culture=neutral, PublicKeyToken=31bf3856ad364e35".
             La ruta de acceso del archivo resuelta es "C:\Program Files\dotnet\packs\Microsoft.NETCore.App.Ref\8.0.14\ref\net8.0\System.ComponentModel.DataAnnotations.dll".
             Se encontr├│ una referencia en la ubicaci├│n de ruta de acceso de b├║squeda "{RawFileName}".
             Esta referencia no es "CopyLocal" porque existe al menos un elemento de origen con "Private" establecido en "false" y ning├║n elemento de origen con "Private" establecido en "true".
         Referencia principal "System.ComponentModel.EventBasedAsync, Version=8.0.0.0, Culture=neutral, PublicKeyToken=b03f5f7f11d50a3a".
             La ruta de acceso del archivo resuelta es "C:\Program Files\dotnet\packs\Microsoft.NETCore.App.Ref\8.0.14\ref\net8.0\System.ComponentModel.EventBasedAsync.dll".
             Se encontr├│ una referencia en la ubicaci├│n de ruta de acceso de b├║squeda "{RawFileName}".
             Esta referencia no es "CopyLocal" porque existe al menos un elemento de origen con "Private" establecido en "false" y ning├║n elemento de origen con "Private" establecido en "true".
         Referencia principal "System.ComponentModel.Primitives, Version=8.0.0.0, Culture=neutral, PublicKeyToken=b03f5f7f11d50a3a".
             La ruta de acceso del archivo resuelta es "C:\Program Files\dotnet\packs\Microsoft.NETCore.App.Ref\8.0.14\ref\net8.0\System.ComponentModel.Primitives.dll".
     0>Invalidando el destino "ResolveFrameworkReferences" del proyecto"C:\Program Files\dotnet\sdk\9.0.201\Microsoft.Common.CurrentVersion.targets" con el destino "ResolveFrameworkReferences" del proyecto "C:\Program Files\dotnet\sdk\9.0.201\Sdks\Microsoft.NET.Sdk\targets\Microsoft.NET.Sdk.FrameworkReferenceResolution.targets".
  2:10>ResolveAssemblyReferences:
             Se encontr├│ una referencia en la ubicaci├│n de ruta de acceso de b├║squeda "{RawFileName}".
             Esta referencia no es "CopyLocal" porque existe al menos un elemento de origen con "Private" establecido en "false" y ning├║n elemento de origen con "Private" establecido en "true".
         Referencia principal "System.ComponentModel.TypeConverter, Version=8.0.0.0, Culture=neutral, PublicKeyToken=b03f5f7f11d50a3a".
             La ruta de acceso del archivo resuelta es "C:\Program Files\dotnet\packs\Microsoft.NETCore.App.Ref\8.0.14\ref\net8.0\System.ComponentModel.TypeConverter.dll".
             Se encontr├│ una referencia en la ubicaci├│n de ruta de acceso de b├║squeda "{RawFileName}".
             Esta referencia no es "CopyLocal" porque existe al menos un elemento de origen con "Private" establecido en "false" y ning├║n elemento de origen con "Private" establecido en "true".
         Referencia principal "System.ComponentModel, Version=8.0.0.0, Culture=neutral, PublicKeyToken=b03f5f7f11d50a3a".
             La ruta de acceso del archivo resuelta es "C:\Program Files\dotnet\packs\Microsoft.NETCore.App.Ref\8.0.14\ref\net8.0\System.ComponentModel.dll".
             Se encontr├│ una referencia en la ubicaci├│n de ruta de acceso de b├║squeda "{RawFileName}".
             Esta referencia no es "CopyLocal" porque existe al menos un elemento de origen con "Private" establecido en "false" y ning├║n elemento de origen con "Private" establecido en "true".
         Referencia principal "System.Configuration, Version=4.0.0.0, Culture=neutral, PublicKeyToken=b03f5f7f11d50a3a".
             La ruta de acceso del archivo resuelta es "C:\Program Files\dotnet\packs\Microsoft.NETCore.App.Ref\8.0.14\ref\net8.0\System.Configuration.dll".
             Se encontr├│ una referencia en la ubicaci├│n de ruta de acceso de b├║squeda "{RawFileName}".
             Esta referencia no es "CopyLocal" porque existe al menos un elemento de origen con "Private" establecido en "false" y ning├║n elemento de origen con "Private" establecido en "true".
         Referencia principal "System.Console, Version=8.0.0.0, Culture=neutral, PublicKeyToken=b03f5f7f11d50a3a".
             La ruta de acceso del archivo resuelta es "C:\Program Files\dotnet\packs\Microsoft.NETCore.App.Ref\8.0.14\ref\net8.0\System.Console.dll".
             Se encontr├│ una referencia en la ubicaci├│n de ruta de acceso de b├║squeda "{RawFileName}".
             Esta referencia no es "CopyLocal" porque existe al menos un elemento de origen con "Private" establecido en "false" y ning├║n elemento de origen con "Private" establecido en "true".
         Referencia principal "System.Core, Version=4.0.0.0, Culture=neutral, PublicKeyToken=b77a5c561934e089".
             La ruta de acceso del archivo resuelta es "C:\Program Files\dotnet\packs\Microsoft.NETCore.App.Ref\8.0.14\ref\net8.0\System.Core.dll".
     0>Invalidando el destino "Run" del proyecto"C:\Program Files\dotnet\sdk\9.0.201\Microsoft.Common.CurrentVersion.targets" con el destino "Run" del proyecto "C:\Program Files\dotnet\sdk\9.0.201\Sdks\Microsoft.NET.Sdk\targets\Microsoft.NET.Sdk.targets".
  2:10>ResolveAssemblyReferences:
             Se encontr├│ una referencia en la ubicaci├│n de ruta de acceso de b├║squeda "{RawFileName}".
             Esta referencia no es "CopyLocal" porque existe al menos un elemento de origen con "Private" establecido en "false" y ning├║n elemento de origen con "Private" establecido en "true".
         Referencia principal "System.Data.Common, Version=8.0.0.0, Culture=neutral, PublicKeyToken=b03f5f7f11d50a3a".
             La ruta de acceso del archivo resuelta es "C:\Program Files\dotnet\packs\Microsoft.NETCore.App.Ref\8.0.14\ref\net8.0\System.Data.Common.dll".
     0>Invalidando el destino "GenerateSupportedTargetFrameworkAlias" del proyecto"C:\Program Files\dotnet\sdk\9.0.201\Microsoft.Common.CurrentVersion.targets" con el destino "GenerateSupportedTargetFrameworkAlias" del proyecto "C:\Program Files\dotnet\sdk\9.0.201\Sdks\Microsoft.NET.Sdk\targets\Microsoft.NET.Sdk.targets".
  2:10>ResolveAssemblyReferences:
             Se encontr├│ una referencia en la ubicaci├│n de ruta de acceso de b├║squeda "{RawFileName}".
             Esta referencia no es "CopyLocal" porque existe al menos un elemento de origen con "Private" establecido en "false" y ning├║n elemento de origen con "Private" establecido en "true".
         Referencia principal "System.Data.DataSetExtensions, Version=8.0.0.0, Culture=neutral, PublicKeyToken=b77a5c561934e089".
             La ruta de acceso del archivo resuelta es "C:\Program Files\dotnet\packs\Microsoft.NETCore.App.Ref\8.0.14\ref\net8.0\System.Data.DataSetExtensions.dll".
             Se encontr├│ una referencia en la ubicaci├│n de ruta de acceso de b├║squeda "{RawFileName}".
             Esta referencia no es "CopyLocal" porque existe al menos un elemento de origen con "Private" establecido en "false" y ning├║n elemento de origen con "Private" establecido en "true".
         Referencia principal "System.Data, Version=4.0.0.0, Culture=neutral, PublicKeyToken=b77a5c561934e089".
             La ruta de acceso del archivo resuelta es "C:\Program Files\dotnet\packs\Microsoft.NETCore.App.Ref\8.0.14\ref\net8.0\System.Data.dll".
             Se encontr├│ una referencia en la ubicaci├│n de ruta de acceso de b├║squeda "{RawFileName}".
     0>Invalidando el destino "GetReferenceAssemblyPaths" del proyecto"C:\Program Files\dotnet\sdk\9.0.201\Microsoft.Common.CurrentVersion.targets" con el destino "GetReferenceAssemblyPaths" del proyecto "C:\Program Files\dotnet\sdk\9.0.201\Sdks\Microsoft.NET.Sdk\targets\Microsoft.NET.DisableStandardFrameworkResolution.targets".
       Invalidando el destino "GetFrameworkPaths" del proyecto"C:\Program Files\dotnet\sdk\9.0.201\Microsoft.Common.CurrentVersion.targets" con el destino "GetFrameworkPaths" del proyecto "C:\Program Files\dotnet\sdk\9.0.201\Sdks\Microsoft.NET.Sdk\targets\Microsoft.NET.DisableStandardFrameworkResolution.targets".
       Invalidando el destino "DesignerRuntimeImplementationProjectOutputGroup" del proyecto"C:\Program Files\dotnet\sdk\9.0.201\Microsoft.Common.CurrentVersion.targets" con el destino "DesignerRuntimeImplementationProjectOutputGroup" del proyecto "C:\Program Files\dotnet\sdk\9.0.201\Sdks\Microsoft.NET.Sdk\targets\Microsoft.NET.DesignerSupport.targets".
  2:10>ResolveAssemblyReferences:
             Esta referencia no es "CopyLocal" porque existe al menos un elemento de origen con "Private" establecido en "false" y ning├║n elemento de origen con "Private" establecido en "true".
         Referencia principal "System.Diagnostics.Contracts, Version=8.0.0.0, Culture=neutral, PublicKeyToken=b03f5f7f11d50a3a".
             La ruta de acceso del archivo resuelta es "C:\Program Files\dotnet\packs\Microsoft.NETCore.App.Ref\8.0.14\ref\net8.0\System.Diagnostics.Contracts.dll".
             Se encontr├│ una referencia en la ubicaci├│n de ruta de acceso de b├║squeda "{RawFileName}".
             Esta referencia no es "CopyLocal" porque existe al menos un elemento de origen con "Private" establecido en "false" y ning├║n elemento de origen con "Private" establecido en "true".
         Referencia principal "System.Diagnostics.Debug, Version=8.0.0.0, Culture=neutral, PublicKeyToken=b03f5f7f11d50a3a".
             La ruta de acceso del archivo resuelta es "C:\Program Files\dotnet\packs\Microsoft.NETCore.App.Ref\8.0.14\ref\net8.0\System.Diagnostics.Debug.dll".
             Se encontr├│ una referencia en la ubicaci├│n de ruta de acceso de b├║squeda "{RawFileName}".
             Esta referencia no es "CopyLocal" porque existe al menos un elemento de origen con "Private" establecido en "false" y ning├║n elemento de origen con "Private" establecido en "true".
         Referencia principal "System.Diagnostics.DiagnosticSource, Version=8.0.0.0, Culture=neutral, PublicKeyToken=cc7b13ffcd2ddd51".
             La ruta de acceso del archivo resuelta es "C:\Program Files\dotnet\packs\Microsoft.NETCore.App.Ref\8.0.14\ref\net8.0\System.Diagnostics.DiagnosticSource.dll".
             Se encontr├│ una referencia en la ubicaci├│n de ruta de acceso de b├║squeda "{RawFileName}".
             Esta referencia no es "CopyLocal" porque existe al menos un elemento de origen con "Private" establecido en "false" y ning├║n elemento de origen con "Private" establecido en "true".
         Referencia principal "System.Diagnostics.FileVersionInfo, Version=8.0.0.0, Culture=neutral, PublicKeyToken=b03f5f7f11d50a3a".
             La ruta de acceso del archivo resuelta es "C:\Program Files\dotnet\packs\Microsoft.NETCore.App.Ref\8.0.14\ref\net8.0\System.Diagnostics.FileVersionInfo.dll".
             Se encontr├│ una referencia en la ubicaci├│n de ruta de acceso de b├║squeda "{RawFileName}".
             Esta referencia no es "CopyLocal" porque existe al menos un elemento de origen con "Private" establecido en "false" y ning├║n elemento de origen con "Private" establecido en "true".
         Referencia principal "System.Diagnostics.Process, Version=8.0.0.0, Culture=neutral, PublicKeyToken=b03f5f7f11d50a3a".
             La ruta de acceso del archivo resuelta es "C:\Program Files\dotnet\packs\Microsoft.NETCore.App.Ref\8.0.14\ref\net8.0\System.Diagnostics.Process.dll".
             Se encontr├│ una referencia en la ubicaci├│n de ruta de acceso de b├║squeda "{RawFileName}".
             Esta referencia no es "CopyLocal" porque existe al menos un elemento de origen con "Private" establecido en "false" y ning├║n elemento de origen con "Private" establecido en "true".
         Referencia principal "System.Diagnostics.StackTrace, Version=8.0.0.0, Culture=neutral, PublicKeyToken=b03f5f7f11d50a3a".
             La ruta de acceso del archivo resuelta es "C:\Program Files\dotnet\packs\Microsoft.NETCore.App.Ref\8.0.14\ref\net8.0\System.Diagnostics.StackTrace.dll".
             Se encontr├│ una referencia en la ubicaci├│n de ruta de acceso de b├║squeda "{RawFileName}".
             Esta referencia no es "CopyLocal" porque existe al menos un elemento de origen con "Private" establecido en "false" y ning├║n elemento de origen con "Private" establecido en "true".
         Referencia principal "System.Diagnostics.TextWriterTraceListener, Version=8.0.0.0, Culture=neutral, PublicKeyToken=b03f5f7f11d50a3a".
             La ruta de acceso del archivo resuelta es "C:\Program Files\dotnet\packs\Microsoft.NETCore.App.Ref\8.0.14\ref\net8.0\System.Diagnostics.TextWriterTraceListener.dll".
             Se encontr├│ una referencia en la ubicaci├│n de ruta de acceso de b├║squeda "{RawFileName}".
             Esta referencia no es "CopyLocal" porque existe al menos un elemento de origen con "Private" establecido en "false" y ning├║n elemento de origen con "Private" establecido en "true".
         Referencia principal "System.Diagnostics.Tools, Version=8.0.0.0, Culture=neutral, PublicKeyToken=b03f5f7f11d50a3a".
             La ruta de acceso del archivo resuelta es "C:\Program Files\dotnet\packs\Microsoft.NETCore.App.Ref\8.0.14\ref\net8.0\System.Diagnostics.Tools.dll".
             Se encontr├│ una referencia en la ubicaci├│n de ruta de acceso de b├║squeda "{RawFileName}".
             Esta referencia no es "CopyLocal" porque existe al menos un elemento de origen con "Private" establecido en "false" y ning├║n elemento de origen con "Private" establecido en "true".
         Referencia principal "System.Diagnostics.TraceSource, Version=8.0.0.0, Culture=neutral, PublicKeyToken=b03f5f7f11d50a3a".
             La ruta de acceso del archivo resuelta es "C:\Program Files\dotnet\packs\Microsoft.NETCore.App.Ref\8.0.14\ref\net8.0\System.Diagnostics.TraceSource.dll".
             Se encontr├│ una referencia en la ubicaci├│n de ruta de acceso de b├║squeda "{RawFileName}".
             Esta referencia no es "CopyLocal" porque existe al menos un elemento de origen con "Private" establecido en "false" y ning├║n elemento de origen con "Private" establecido en "true".
         Referencia principal "System.Diagnostics.Tracing, Version=8.0.0.0, Culture=neutral, PublicKeyToken=b03f5f7f11d50a3a".
             La ruta de acceso del archivo resuelta es "C:\Program Files\dotnet\packs\Microsoft.NETCore.App.Ref\8.0.14\ref\net8.0\System.Diagnostics.Tracing.dll".
             Se encontr├│ una referencia en la ubicaci├│n de ruta de acceso de b├║squeda "{RawFileName}".
     0>Invalidando el destino "Publish" del proyecto"C:\Program Files\dotnet\sdk\9.0.201\Microsoft.Common.CurrentVersion.targets" con el destino "Publish" del proyecto "C:\Program Files\dotnet\sdk\9.0.201\Sdks\Microsoft.NET.Sdk\targets\Microsoft.NET.Publish.targets".
  2:10>ResolveAssemblyReferences:
             Esta referencia no es "CopyLocal" porque existe al menos un elemento de origen con "Private" establecido en "false" y ning├║n elemento de origen con "Private" establecido en "true".
         Referencia principal "System.Drawing.Primitives, Version=8.0.0.0, Culture=neutral, PublicKeyToken=b03f5f7f11d50a3a".
             La ruta de acceso del archivo resuelta es "C:\Program Files\dotnet\packs\Microsoft.NETCore.App.Ref\8.0.14\ref\net8.0\System.Drawing.Primitives.dll".
             Se encontr├│ una referencia en la ubicaci├│n de ruta de acceso de b├║squeda "{RawFileName}".
     0>Invalidando el destino "ResolveReadyToRunCompilers" del proyecto"C:\Program Files\dotnet\sdk\9.0.201\Sdks\Microsoft.NET.Sdk\targets\Microsoft.NET.CrossGen.targets" con el destino "ResolveReadyToRunCompilers" del proyecto "C:\Program Files\dotnet\sdk\9.0.201\Sdks\Microsoft.NET.Sdk\targets\Microsoft.NET.Publish.targets".
  2:10>ResolveAssemblyReferences:
             Esta referencia no es "CopyLocal" porque existe al menos un elemento de origen con "Private" establecido en "false" y ning├║n elemento de origen con "Private" establecido en "true".
         Referencia principal "System.Drawing, Version=4.0.0.0, Culture=neutral, PublicKeyToken=b03f5f7f11d50a3a".
             La ruta de acceso del archivo resuelta es "C:\Program Files\dotnet\packs\Microsoft.NETCore.App.Ref\8.0.14\ref\net8.0\System.Drawing.dll".
             Se encontr├│ una referencia en la ubicaci├│n de ruta de acceso de b├║squeda "{RawFileName}".
             Esta referencia no es "CopyLocal" porque existe al menos un elemento de origen con "Private" establecido en "false" y ning├║n elemento de origen con "Private" establecido en "true".
         Referencia principal "System.Dynamic.Runtime, Version=8.0.0.0, Culture=neutral, PublicKeyToken=b03f5f7f11d50a3a".
             La ruta de acceso del archivo resuelta es "C:\Program Files\dotnet\packs\Microsoft.NETCore.App.Ref\8.0.14\ref\net8.0\System.Dynamic.Runtime.dll".
             Se encontr├│ una referencia en la ubicaci├│n de ruta de acceso de b├║squeda "{RawFileName}".
             Esta referencia no es "CopyLocal" porque existe al menos un elemento de origen con "Private" establecido en "false" y ning├║n elemento de origen con "Private" establecido en "true".
         Referencia principal "System.Formats.Asn1, Version=8.0.0.0, Culture=neutral, PublicKeyToken=cc7b13ffcd2ddd51".
             La ruta de acceso del archivo resuelta es "C:\Program Files\dotnet\packs\Microsoft.NETCore.App.Ref\8.0.14\ref\net8.0\System.Formats.Asn1.dll".
     0>Invalidando el destino "GetCopyToPublishDirectoryItems" del proyecto"C:\Program Files\dotnet\sdk\9.0.201\Microsoft.Common.CurrentVersion.targets" con el destino "GetCopyToPublishDirectoryItems" del proyecto "C:\Program Files\dotnet\sdk\9.0.201\Sdks\Microsoft.NET.Sdk\targets\Microsoft.NET.Publish.targets".
  2:10>ResolveAssemblyReferences:
             Se encontr├│ una referencia en la ubicaci├│n de ruta de acceso de b├║squeda "{RawFileName}".
             Esta referencia no es "CopyLocal" porque existe al menos un elemento de origen con "Private" establecido en "false" y ning├║n elemento de origen con "Private" establecido en "true".
         Referencia principal "System.Formats.Tar, Version=8.0.0.0, Culture=neutral, PublicKeyToken=cc7b13ffcd2ddd51".
             La ruta de acceso del archivo resuelta es "C:\Program Files\dotnet\packs\Microsoft.NETCore.App.Ref\8.0.14\ref\net8.0\System.Formats.Tar.dll".
             Se encontr├│ una referencia en la ubicaci├│n de ruta de acceso de b├║squeda "{RawFileName}".
             Esta referencia no es "CopyLocal" porque existe al menos un elemento de origen con "Private" establecido en "false" y ning├║n elemento de origen con "Private" establecido en "true".
         Referencia principal "System.Globalization.Calendars, Version=8.0.0.0, Culture=neutral, PublicKeyToken=b03f5f7f11d50a3a".
             La ruta de acceso del archivo resuelta es "C:\Program Files\dotnet\packs\Microsoft.NETCore.App.Ref\8.0.14\ref\net8.0\System.Globalization.Calendars.dll".
             Se encontr├│ una referencia en la ubicaci├│n de ruta de acceso de b├║squeda "{RawFileName}".
             Esta referencia no es "CopyLocal" porque existe al menos un elemento de origen con "Private" establecido en "false" y ning├║n elemento de origen con "Private" establecido en "true".
         Referencia principal "System.Globalization.Extensions, Version=8.0.0.0, Culture=neutral, PublicKeyToken=b03f5f7f11d50a3a".
             La ruta de acceso del archivo resuelta es "C:\Program Files\dotnet\packs\Microsoft.NETCore.App.Ref\8.0.14\ref\net8.0\System.Globalization.Extensions.dll".
             Se encontr├│ una referencia en la ubicaci├│n de ruta de acceso de b├║squeda "{RawFileName}".
             Esta referencia no es "CopyLocal" porque existe al menos un elemento de origen con "Private" establecido en "false" y ning├║n elemento de origen con "Private" establecido en "true".
         Referencia principal "System.Globalization, Version=8.0.0.0, Culture=neutral, PublicKeyToken=b03f5f7f11d50a3a".
             La ruta de acceso del archivo resuelta es "C:\Program Files\dotnet\packs\Microsoft.NETCore.App.Ref\8.0.14\ref\net8.0\System.Globalization.dll".
             Se encontr├│ una referencia en la ubicaci├│n de ruta de acceso de b├║squeda "{RawFileName}".
             Esta referencia no es "CopyLocal" porque existe al menos un elemento de origen con "Private" establecido en "false" y ning├║n elemento de origen con "Private" establecido en "true".
         Referencia principal "System.IO.Compression.Brotli, Version=8.0.0.0, Culture=neutral, PublicKeyToken=b77a5c561934e089".
             La ruta de acceso del archivo resuelta es "C:\Program Files\dotnet\packs\Microsoft.NETCore.App.Ref\8.0.14\ref\net8.0\System.IO.Compression.Brotli.dll".
             Se encontr├│ una referencia en la ubicaci├│n de ruta de acceso de b├║squeda "{RawFileName}".
             Esta referencia no es "CopyLocal" porque existe al menos un elemento de origen con "Private" establecido en "false" y ning├║n elemento de origen con "Private" establecido en "true".
         Referencia principal "System.IO.Compression.FileSystem, Version=4.0.0.0, Culture=neutral, PublicKeyToken=b77a5c561934e089".
             La ruta de acceso del archivo resuelta es "C:\Program Files\dotnet\packs\Microsoft.NETCore.App.Ref\8.0.14\ref\net8.0\System.IO.Compression.FileSystem.dll".
             Se encontr├│ una referencia en la ubicaci├│n de ruta de acceso de b├║squeda "{RawFileName}".
             Esta referencia no es "CopyLocal" porque existe al menos un elemento de origen con "Private" establecido en "false" y ning├║n elemento de origen con "Private" establecido en "true".
         Referencia principal "System.IO.Compression.ZipFile, Version=8.0.0.0, Culture=neutral, PublicKeyToken=b77a5c561934e089".
             La ruta de acceso del archivo resuelta es "C:\Program Files\dotnet\packs\Microsoft.NETCore.App.Ref\8.0.14\ref\net8.0\System.IO.Compression.ZipFile.dll".
             Se encontr├│ una referencia en la ubicaci├│n de ruta de acceso de b├║squeda "{RawFileName}".
             Esta referencia no es "CopyLocal" porque existe al menos un elemento de origen con "Private" establecido en "false" y ning├║n elemento de origen con "Private" establecido en "true".
         Referencia principal "System.IO.Compression, Version=8.0.0.0, Culture=neutral, PublicKeyToken=b77a5c561934e089".
             La ruta de acceso del archivo resuelta es "C:\Program Files\dotnet\packs\Microsoft.NETCore.App.Ref\8.0.14\ref\net8.0\System.IO.Compression.dll".
             Se encontr├│ una referencia en la ubicaci├│n de ruta de acceso de b├║squeda "{RawFileName}".
             Esta referencia no es "CopyLocal" porque existe al menos un elemento de origen con "Private" establecido en "false" y ning├║n elemento de origen con "Private" establecido en "true".
         Referencia principal "System.IO.FileSystem.AccessControl, Version=8.0.0.0, Culture=neutral, PublicKeyToken=b03f5f7f11d50a3a".
             La ruta de acceso del archivo resuelta es "C:\Program Files\dotnet\packs\Microsoft.NETCore.App.Ref\8.0.14\ref\net8.0\System.IO.FileSystem.AccessControl.dll".
             Se encontr├│ una referencia en la ubicaci├│n de ruta de acceso de b├║squeda "{RawFileName}".
             Esta referencia no es "CopyLocal" porque existe al menos un elemento de origen con "Private" establecido en "false" y ning├║n elemento de origen con "Private" establecido en "true".
         Referencia principal "System.IO.FileSystem.DriveInfo, Version=8.0.0.0, Culture=neutral, PublicKeyToken=b03f5f7f11d50a3a".
             La ruta de acceso del archivo resuelta es "C:\Program Files\dotnet\packs\Microsoft.NETCore.App.Ref\8.0.14\ref\net8.0\System.IO.FileSystem.DriveInfo.dll".
             Se encontr├│ una referencia en la ubicaci├│n de ruta de acceso de b├║squeda "{RawFileName}".
             Esta referencia no es "CopyLocal" porque existe al menos un elemento de origen con "Private" establecido en "false" y ning├║n elemento de origen con "Private" establecido en "true".
         Referencia principal "System.IO.FileSystem.Primitives, Version=8.0.0.0, Culture=neutral, PublicKeyToken=b03f5f7f11d50a3a".
             La ruta de acceso del archivo resuelta es "C:\Program Files\dotnet\packs\Microsoft.NETCore.App.Ref\8.0.14\ref\net8.0\System.IO.FileSystem.Primitives.dll".
             Se encontr├│ una referencia en la ubicaci├│n de ruta de acceso de b├║squeda "{RawFileName}".
             Esta referencia no es "CopyLocal" porque existe al menos un elemento de origen con "Private" establecido en "false" y ning├║n elemento de origen con "Private" establecido en "true".
         Referencia principal "System.IO.FileSystem.Watcher, Version=8.0.0.0, Culture=neutral, PublicKeyToken=b03f5f7f11d50a3a".
             La ruta de acceso del archivo resuelta es "C:\Program Files\dotnet\packs\Microsoft.NETCore.App.Ref\8.0.14\ref\net8.0\System.IO.FileSystem.Watcher.dll".
             Se encontr├│ una referencia en la ubicaci├│n de ruta de acceso de b├║squeda "{RawFileName}".
             Esta referencia no es "CopyLocal" porque existe al menos un elemento de origen con "Private" establecido en "false" y ning├║n elemento de origen con "Private" establecido en "true".
         Referencia principal "System.IO.FileSystem, Version=8.0.0.0, Culture=neutral, PublicKeyToken=b03f5f7f11d50a3a".
             La ruta de acceso del archivo resuelta es "C:\Program Files\dotnet\packs\Microsoft.NETCore.App.Ref\8.0.14\ref\net8.0\System.IO.FileSystem.dll".
             Se encontr├│ una referencia en la ubicaci├│n de ruta de acceso de b├║squeda "{RawFileName}".
             Esta referencia no es "CopyLocal" porque existe al menos un elemento de origen con "Private" establecido en "false" y ning├║n elemento de origen con "Private" establecido en "true".
         Referencia principal "System.IO.IsolatedStorage, Version=8.0.0.0, Culture=neutral, PublicKeyToken=b03f5f7f11d50a3a".
             La ruta de acceso del archivo resuelta es "C:\Program Files\dotnet\packs\Microsoft.NETCore.App.Ref\8.0.14\ref\net8.0\System.IO.IsolatedStorage.dll".
             Se encontr├│ una referencia en la ubicaci├│n de ruta de acceso de b├║squeda "{RawFileName}".
             Esta referencia no es "CopyLocal" porque existe al menos un elemento de origen con "Private" establecido en "false" y ning├║n elemento de origen con "Private" establecido en "true".
         Referencia principal "System.IO.MemoryMappedFiles, Version=8.0.0.0, Culture=neutral, PublicKeyToken=b03f5f7f11d50a3a".
             La ruta de acceso del archivo resuelta es "C:\Program Files\dotnet\packs\Microsoft.NETCore.App.Ref\8.0.14\ref\net8.0\System.IO.MemoryMappedFiles.dll".
             Se encontr├│ una referencia en la ubicaci├│n de ruta de acceso de b├║squeda "{RawFileName}".
             Esta referencia no es "CopyLocal" porque existe al menos un elemento de origen con "Private" establecido en "false" y ning├║n elemento de origen con "Private" establecido en "true".
         Referencia principal "System.IO.Pipes.AccessControl, Version=8.0.0.0, Culture=neutral, PublicKeyToken=b03f5f7f11d50a3a".
             La ruta de acceso del archivo resuelta es "C:\Program Files\dotnet\packs\Microsoft.NETCore.App.Ref\8.0.14\ref\net8.0\System.IO.Pipes.AccessControl.dll".
             Se encontr├│ una referencia en la ubicaci├│n de ruta de acceso de b├║squeda "{RawFileName}".
             Esta referencia no es "CopyLocal" porque existe al menos un elemento de origen con "Private" establecido en "false" y ning├║n elemento de origen con "Private" establecido en "true".
         Referencia principal "System.IO.Pipes, Version=8.0.0.0, Culture=neutral, PublicKeyToken=b03f5f7f11d50a3a".
             La ruta de acceso del archivo resuelta es "C:\Program Files\dotnet\packs\Microsoft.NETCore.App.Ref\8.0.14\ref\net8.0\System.IO.Pipes.dll".
             Se encontr├│ una referencia en la ubicaci├│n de ruta de acceso de b├║squeda "{RawFileName}".
             Esta referencia no es "CopyLocal" porque existe al menos un elemento de origen con "Private" establecido en "false" y ning├║n elemento de origen con "Private" establecido en "true".
         Referencia principal "System.IO.UnmanagedMemoryStream, Version=8.0.0.0, Culture=neutral, PublicKeyToken=b03f5f7f11d50a3a".
             La ruta de acceso del archivo resuelta es "C:\Program Files\dotnet\packs\Microsoft.NETCore.App.Ref\8.0.14\ref\net8.0\System.IO.UnmanagedMemoryStream.dll".
             Se encontr├│ una referencia en la ubicaci├│n de ruta de acceso de b├║squeda "{RawFileName}".
             Esta referencia no es "CopyLocal" porque existe al menos un elemento de origen con "Private" establecido en "false" y ning├║n elemento de origen con "Private" establecido en "true".
         Referencia principal "System.IO, Version=8.0.0.0, Culture=neutral, PublicKeyToken=b03f5f7f11d50a3a".
             La ruta de acceso del archivo resuelta es "C:\Program Files\dotnet\packs\Microsoft.NETCore.App.Ref\8.0.14\ref\net8.0\System.IO.dll".
             Se encontr├│ una referencia en la ubicaci├│n de ruta de acceso de b├║squeda "{RawFileName}".
             Esta referencia no es "CopyLocal" porque existe al menos un elemento de origen con "Private" establecido en "false" y ning├║n elemento de origen con "Private" establecido en "true".
         Referencia principal "System.Linq.Expressions, Version=8.0.0.0, Culture=neutral, PublicKeyToken=b03f5f7f11d50a3a".
             La ruta de acceso del archivo resuelta es "C:\Program Files\dotnet\packs\Microsoft.NETCore.App.Ref\8.0.14\ref\net8.0\System.Linq.Expressions.dll".
             Se encontr├│ una referencia en la ubicaci├│n de ruta de acceso de b├║squeda "{RawFileName}".
             Esta referencia no es "CopyLocal" porque existe al menos un elemento de origen con "Private" establecido en "false" y ning├║n elemento de origen con "Private" establecido en "true".
         Referencia principal "System.Linq.Parallel, Version=8.0.0.0, Culture=neutral, PublicKeyToken=b03f5f7f11d50a3a".
             La ruta de acceso del archivo resuelta es "C:\Program Files\dotnet\packs\Microsoft.NETCore.App.Ref\8.0.14\ref\net8.0\System.Linq.Parallel.dll".
             Se encontr├│ una referencia en la ubicaci├│n de ruta de acceso de b├║squeda "{RawFileName}".
             Esta referencia no es "CopyLocal" porque existe al menos un elemento de origen con "Private" establecido en "false" y ning├║n elemento de origen con "Private" establecido en "true".
         Referencia principal "System.Linq.Queryable, Version=8.0.0.0, Culture=neutral, PublicKeyToken=b03f5f7f11d50a3a".
             La ruta de acceso del archivo resuelta es "C:\Program Files\dotnet\packs\Microsoft.NETCore.App.Ref\8.0.14\ref\net8.0\System.Linq.Queryable.dll".
             Se encontr├│ una referencia en la ubicaci├│n de ruta de acceso de b├║squeda "{RawFileName}".
             Esta referencia no es "CopyLocal" porque existe al menos un elemento de origen con "Private" establecido en "false" y ning├║n elemento de origen con "Private" establecido en "true".
         Referencia principal "System.Linq, Version=8.0.0.0, Culture=neutral, PublicKeyToken=b03f5f7f11d50a3a".
             La ruta de acceso del archivo resuelta es "C:\Program Files\dotnet\packs\Microsoft.NETCore.App.Ref\8.0.14\ref\net8.0\System.Linq.dll".
             Se encontr├│ una referencia en la ubicaci├│n de ruta de acceso de b├║squeda "{RawFileName}".
             Esta referencia no es "CopyLocal" porque existe al menos un elemento de origen con "Private" establecido en "false" y ning├║n elemento de origen con "Private" establecido en "true".
         Referencia principal "System.Memory, Version=8.0.0.0, Culture=neutral, PublicKeyToken=cc7b13ffcd2ddd51".
             La ruta de acceso del archivo resuelta es "C:\Program Files\dotnet\packs\Microsoft.NETCore.App.Ref\8.0.14\ref\net8.0\System.Memory.dll".
             Se encontr├│ una referencia en la ubicaci├│n de ruta de acceso de b├║squeda "{RawFileName}".
             Esta referencia no es "CopyLocal" porque existe al menos un elemento de origen con "Private" establecido en "false" y ning├║n elemento de origen con "Private" establecido en "true".
         Referencia principal "System.Net.Http.Json, Version=8.0.0.0, Culture=neutral, PublicKeyToken=cc7b13ffcd2ddd51".
             La ruta de acceso del archivo resuelta es "C:\Program Files\dotnet\packs\Microsoft.NETCore.App.Ref\8.0.14\ref\net8.0\System.Net.Http.Json.dll".
             Se encontr├│ una referencia en la ubicaci├│n de ruta de acceso de b├║squeda "{RawFileName}".
             Esta referencia no es "CopyLocal" porque existe al menos un elemento de origen con "Private" establecido en "false" y ning├║n elemento de origen con "Private" establecido en "true".
         Referencia principal "System.Net.Http, Version=8.0.0.0, Culture=neutral, PublicKeyToken=b03f5f7f11d50a3a".
             La ruta de acceso del archivo resuelta es "C:\Program Files\dotnet\packs\Microsoft.NETCore.App.Ref\8.0.14\ref\net8.0\System.Net.Http.dll".
             Se encontr├│ una referencia en la ubicaci├│n de ruta de acceso de b├║squeda "{RawFileName}".
             Esta referencia no es "CopyLocal" porque existe al menos un elemento de origen con "Private" establecido en "false" y ning├║n elemento de origen con "Private" establecido en "true".
         Referencia principal "System.Net.HttpListener, Version=8.0.0.0, Culture=neutral, PublicKeyToken=cc7b13ffcd2ddd51".
             La ruta de acceso del archivo resuelta es "C:\Program Files\dotnet\packs\Microsoft.NETCore.App.Ref\8.0.14\ref\net8.0\System.Net.HttpListener.dll".
             Se encontr├│ una referencia en la ubicaci├│n de ruta de acceso de b├║squeda "{RawFileName}".
             Esta referencia no es "CopyLocal" porque existe al menos un elemento de origen con "Private" establecido en "false" y ning├║n elemento de origen con "Private" establecido en "true".
         Referencia principal "System.Net.Mail, Version=8.0.0.0, Culture=neutral, PublicKeyToken=cc7b13ffcd2ddd51".
             La ruta de acceso del archivo resuelta es "C:\Program Files\dotnet\packs\Microsoft.NETCore.App.Ref\8.0.14\ref\net8.0\System.Net.Mail.dll".
             Se encontr├│ una referencia en la ubicaci├│n de ruta de acceso de b├║squeda "{RawFileName}".
             Esta referencia no es "CopyLocal" porque existe al menos un elemento de origen con "Private" establecido en "false" y ning├║n elemento de origen con "Private" establecido en "true".
         Referencia principal "System.Net.NameResolution, Version=8.0.0.0, Culture=neutral, PublicKeyToken=b03f5f7f11d50a3a".
             La ruta de acceso del archivo resuelta es "C:\Program Files\dotnet\packs\Microsoft.NETCore.App.Ref\8.0.14\ref\net8.0\System.Net.NameResolution.dll".
             Se encontr├│ una referencia en la ubicaci├│n de ruta de acceso de b├║squeda "{RawFileName}".
             Esta referencia no es "CopyLocal" porque existe al menos un elemento de origen con "Private" establecido en "false" y ning├║n elemento de origen con "Private" establecido en "true".
         Referencia principal "System.Net.NetworkInformation, Version=8.0.0.0, Culture=neutral, PublicKeyToken=b03f5f7f11d50a3a".
             La ruta de acceso del archivo resuelta es "C:\Program Files\dotnet\packs\Microsoft.NETCore.App.Ref\8.0.14\ref\net8.0\System.Net.NetworkInformation.dll".
             Se encontr├│ una referencia en la ubicaci├│n de ruta de acceso de b├║squeda "{RawFileName}".
             Esta referencia no es "CopyLocal" porque existe al menos un elemento de origen con "Private" establecido en "false" y ning├║n elemento de origen con "Private" establecido en "true".
         Referencia principal "System.Net.Ping, Version=8.0.0.0, Culture=neutral, PublicKeyToken=b03f5f7f11d50a3a".
             La ruta de acceso del archivo resuelta es "C:\Program Files\dotnet\packs\Microsoft.NETCore.App.Ref\8.0.14\ref\net8.0\System.Net.Ping.dll".
             Se encontr├│ una referencia en la ubicaci├│n de ruta de acceso de b├║squeda "{RawFileName}".
             Esta referencia no es "CopyLocal" porque existe al menos un elemento de origen con "Private" establecido en "false" y ning├║n elemento de origen con "Private" establecido en "true".
         Referencia principal "System.Net.Primitives, Version=8.0.0.0, Culture=neutral, PublicKeyToken=b03f5f7f11d50a3a".
             La ruta de acceso del archivo resuelta es "C:\Program Files\dotnet\packs\Microsoft.NETCore.App.Ref\8.0.14\ref\net8.0\System.Net.Primitives.dll".
             Se encontr├│ una referencia en la ubicaci├│n de ruta de acceso de b├║squeda "{RawFileName}".
             Esta referencia no es "CopyLocal" porque existe al menos un elemento de origen con "Private" establecido en "false" y ning├║n elemento de origen con "Private" establecido en "true".
         Referencia principal "System.Net.Quic, Version=8.0.0.0, Culture=neutral, PublicKeyToken=b03f5f7f11d50a3a".
             La ruta de acceso del archivo resuelta es "C:\Program Files\dotnet\packs\Microsoft.NETCore.App.Ref\8.0.14\ref\net8.0\System.Net.Quic.dll".
             Se encontr├│ una referencia en la ubicaci├│n de ruta de acceso de b├║squeda "{RawFileName}".
             Esta referencia no es "CopyLocal" porque existe al menos un elemento de origen con "Private" establecido en "false" y ning├║n elemento de origen con "Private" establecido en "true".
         Referencia principal "System.Net.Requests, Version=8.0.0.0, Culture=neutral, PublicKeyToken=b03f5f7f11d50a3a".
             La ruta de acceso del archivo resuelta es "C:\Program Files\dotnet\packs\Microsoft.NETCore.App.Ref\8.0.14\ref\net8.0\System.Net.Requests.dll".
             Se encontr├│ una referencia en la ubicaci├│n de ruta de acceso de b├║squeda "{RawFileName}".
             Esta referencia no es "CopyLocal" porque existe al menos un elemento de origen con "Private" establecido en "false" y ning├║n elemento de origen con "Private" establecido en "true".
         Referencia principal "System.Net.Security, Version=8.0.0.0, Culture=neutral, PublicKeyToken=b03f5f7f11d50a3a".
             La ruta de acceso del archivo resuelta es "C:\Program Files\dotnet\packs\Microsoft.NETCore.App.Ref\8.0.14\ref\net8.0\System.Net.Security.dll".
             Se encontr├│ una referencia en la ubicaci├│n de ruta de acceso de b├║squeda "{RawFileName}".
             Esta referencia no es "CopyLocal" porque existe al menos un elemento de origen con "Private" establecido en "false" y ning├║n elemento de origen con "Private" establecido en "true".
         Referencia principal "System.Net.ServicePoint, Version=8.0.0.0, Culture=neutral, PublicKeyToken=cc7b13ffcd2ddd51".
             La ruta de acceso del archivo resuelta es "C:\Program Files\dotnet\packs\Microsoft.NETCore.App.Ref\8.0.14\ref\net8.0\System.Net.ServicePoint.dll".
             Se encontr├│ una referencia en la ubicaci├│n de ruta de acceso de b├║squeda "{RawFileName}".
             Esta referencia no es "CopyLocal" porque existe al menos un elemento de origen con "Private" establecido en "false" y ning├║n elemento de origen con "Private" establecido en "true".
         Referencia principal "System.Net.Sockets, Version=8.0.0.0, Culture=neutral, PublicKeyToken=b03f5f7f11d50a3a".
             La ruta de acceso del archivo resuelta es "C:\Program Files\dotnet\packs\Microsoft.NETCore.App.Ref\8.0.14\ref\net8.0\System.Net.Sockets.dll".
             Se encontr├│ una referencia en la ubicaci├│n de ruta de acceso de b├║squeda "{RawFileName}".
             Esta referencia no es "CopyLocal" porque existe al menos un elemento de origen con "Private" establecido en "false" y ning├║n elemento de origen con "Private" establecido en "true".
         Referencia principal "System.Net.WebClient, Version=8.0.0.0, Culture=neutral, PublicKeyToken=cc7b13ffcd2ddd51".
             La ruta de acceso del archivo resuelta es "C:\Program Files\dotnet\packs\Microsoft.NETCore.App.Ref\8.0.14\ref\net8.0\System.Net.WebClient.dll".
             Se encontr├│ una referencia en la ubicaci├│n de ruta de acceso de b├║squeda "{RawFileName}".
             Esta referencia no es "CopyLocal" porque existe al menos un elemento de origen con "Private" establecido en "false" y ning├║n elemento de origen con "Private" establecido en "true".
         Referencia principal "System.Net.WebHeaderCollection, Version=8.0.0.0, Culture=neutral, PublicKeyToken=b03f5f7f11d50a3a".
             La ruta de acceso del archivo resuelta es "C:\Program Files\dotnet\packs\Microsoft.NETCore.App.Ref\8.0.14\ref\net8.0\System.Net.WebHeaderCollection.dll".
             Se encontr├│ una referencia en la ubicaci├│n de ruta de acceso de b├║squeda "{RawFileName}".
             Esta referencia no es "CopyLocal" porque existe al menos un elemento de origen con "Private" establecido en "false" y ning├║n elemento de origen con "Private" establecido en "true".
         Referencia principal "System.Net.WebProxy, Version=8.0.0.0, Culture=neutral, PublicKeyToken=cc7b13ffcd2ddd51".
             La ruta de acceso del archivo resuelta es "C:\Program Files\dotnet\packs\Microsoft.NETCore.App.Ref\8.0.14\ref\net8.0\System.Net.WebProxy.dll".
             Se encontr├│ una referencia en la ubicaci├│n de ruta de acceso de b├║squeda "{RawFileName}".
     0>Invalidando el destino "BeforePublish" del proyecto"C:\Program Files\dotnet\sdk\9.0.201\Microsoft.Common.CurrentVersion.targets" con el destino "BeforePublish" del proyecto "C:\Program Files\dotnet\sdk\9.0.201\Sdks\Microsoft.NET.Sdk.Publish\targets\Microsoft.NET.Sdk.Publish.targets".
       Invalidando el destino "AfterPublish" del proyecto"C:\Program Files\dotnet\sdk\9.0.201\Microsoft.Common.CurrentVersion.targets" con el destino "AfterPublish" del proyecto "C:\Program Files\dotnet\sdk\9.0.201\Sdks\Microsoft.NET.Sdk.Publish\targets\Microsoft.NET.Sdk.Publish.targets".
  2:10>ResolveAssemblyReferences:
             Esta referencia no es "CopyLocal" porque existe al menos un elemento de origen con "Private" establecido en "false" y ning├║n elemento de origen con "Private" establecido en "true".
         Referencia principal "System.Net.WebSockets.Client, Version=8.0.0.0, Culture=neutral, PublicKeyToken=b03f5f7f11d50a3a".
             La ruta de acceso del archivo resuelta es "C:\Program Files\dotnet\packs\Microsoft.NETCore.App.Ref\8.0.14\ref\net8.0\System.Net.WebSockets.Client.dll".
             Se encontr├│ una referencia en la ubicaci├│n de ruta de acceso de b├║squeda "{RawFileName}".
             Esta referencia no es "CopyLocal" porque existe al menos un elemento de origen con "Private" establecido en "false" y ning├║n elemento de origen con "Private" establecido en "true".
         Referencia principal "System.Net.WebSockets, Version=8.0.0.0, Culture=neutral, PublicKeyToken=b03f5f7f11d50a3a".
             La ruta de acceso del archivo resuelta es "C:\Program Files\dotnet\packs\Microsoft.NETCore.App.Ref\8.0.14\ref\net8.0\System.Net.WebSockets.dll".
             Se encontr├│ una referencia en la ubicaci├│n de ruta de acceso de b├║squeda "{RawFileName}".
             Esta referencia no es "CopyLocal" porque existe al menos un elemento de origen con "Private" establecido en "false" y ning├║n elemento de origen con "Private" establecido en "true".
         Referencia principal "System.Net, Version=4.0.0.0, Culture=neutral, PublicKeyToken=b03f5f7f11d50a3a".
             La ruta de acceso del archivo resuelta es "C:\Program Files\dotnet\packs\Microsoft.NETCore.App.Ref\8.0.14\ref\net8.0\System.Net.dll".
             Se encontr├│ una referencia en la ubicaci├│n de ruta de acceso de b├║squeda "{RawFileName}".
             Esta referencia no es "CopyLocal" porque existe al menos un elemento de origen con "Private" establecido en "false" y ning├║n elemento de origen con "Private" establecido en "true".
         Referencia principal "System.Numerics.Vectors, Version=8.0.0.0, Culture=neutral, PublicKeyToken=b03f5f7f11d50a3a".
             La ruta de acceso del archivo resuelta es "C:\Program Files\dotnet\packs\Microsoft.NETCore.App.Ref\8.0.14\ref\net8.0\System.Numerics.Vectors.dll".
             Se encontr├│ una referencia en la ubicaci├│n de ruta de acceso de b├║squeda "{RawFileName}".
             Esta referencia no es "CopyLocal" porque existe al menos un elemento de origen con "Private" establecido en "false" y ning├║n elemento de origen con "Private" establecido en "true".
         Referencia principal "System.Numerics, Version=4.0.0.0, Culture=neutral, PublicKeyToken=b77a5c561934e089".
             La ruta de acceso del archivo resuelta es "C:\Program Files\dotnet\packs\Microsoft.NETCore.App.Ref\8.0.14\ref\net8.0\System.Numerics.dll".
             Se encontr├│ una referencia en la ubicaci├│n de ruta de acceso de b├║squeda "{RawFileName}".
             Esta referencia no es "CopyLocal" porque existe al menos un elemento de origen con "Private" establecido en "false" y ning├║n elemento de origen con "Private" establecido en "true".
         Referencia principal "System.ObjectModel, Version=8.0.0.0, Culture=neutral, PublicKeyToken=b03f5f7f11d50a3a".
             La ruta de acceso del archivo resuelta es "C:\Program Files\dotnet\packs\Microsoft.NETCore.App.Ref\8.0.14\ref\net8.0\System.ObjectModel.dll".
     0>El destino "ResolveNuGetPackageAssets" que aparece en un atributo AfterTargets en "C:\Users\JHON\.nuget\packages\system.text.json\8.0.0\buildTransitive\net6.0\System.Text.Json.targets (11,11)" no existe en el proyecto y se omitir├í.
       El destino "ResolveNuGetPackageAssets" que aparece en un atributo AfterTargets en "C:\Users\JHON\.nuget\packages\system.text.json\8.0.0\buildTransitive\net6.0\System.Text.Json.targets (23,11)" no existe en el proyecto y se omitir├í.
       El destino "ResolveNuGetPackageAssets" que aparece en un atributo AfterTargets en "C:\Users\JHON\.nuget\packages\microsoft.extensions.options\8.0.0\buildTransitive\net6.0\Microsoft.Extensions.Options.targets (11,11)" no existe en el proyecto y se omitir├í.
       El destino "ResolveNuGetPackageAssets" que aparece en un atributo AfterTargets en "C:\Users\JHON\.nuget\packages\microsoft.extensions.options\8.0.0\buildTransitive\net6.0\Microsoft.Extensions.Options.targets (23,11)" no existe en el proyecto y se omitir├í.
       El destino "ResolveNuGetPackageAssets" que aparece en un atributo AfterTargets en "C:\Users\JHON\.nuget\packages\microsoft.extensions.logging.abstractions\8.0.0\buildTransitive\net6.0\Microsoft.Extensions.Logging.Abstractions.targets (11,11)" no existe en el proyecto y se omitir├í.
       El destino "ResolveNuGetPackageAssets" que aparece en un atributo AfterTargets en "C:\Users\JHON\.nuget\packages\microsoft.extensions.logging.abstractions\8.0.0\buildTransitive\net6.0\Microsoft.Extensions.Logging.Abstractions.targets (23,11)" no existe en el proyecto y se omitir├í.
  2:10>ResolveAssemblyReferences:
             Se encontr├│ una referencia en la ubicaci├│n de ruta de acceso de b├║squeda "{RawFileName}".
             Esta referencia no es "CopyLocal" porque existe al menos un elemento de origen con "Private" establecido en "false" y ning├║n elemento de origen con "Private" establecido en "true".
         Referencia principal "System.Reflection.DispatchProxy, Version=8.0.0.0, Culture=neutral, PublicKeyToken=b03f5f7f11d50a3a".
             La ruta de acceso del archivo resuelta es "C:\Program Files\dotnet\packs\Microsoft.NETCore.App.Ref\8.0.14\ref\net8.0\System.Reflection.DispatchProxy.dll".
             Se encontr├│ una referencia en la ubicaci├│n de ruta de acceso de b├║squeda "{RawFileName}".
             Esta referencia no es "CopyLocal" porque existe al menos un elemento de origen con "Private" establecido en "false" y ning├║n elemento de origen con "Private" establecido en "true".
         Referencia principal "System.Reflection.Emit.ILGeneration, Version=8.0.0.0, Culture=neutral, PublicKeyToken=b03f5f7f11d50a3a".
             La ruta de acceso del archivo resuelta es "C:\Program Files\dotnet\packs\Microsoft.NETCore.App.Ref\8.0.14\ref\net8.0\System.Reflection.Emit.ILGeneration.dll".
             Se encontr├│ una referencia en la ubicaci├│n de ruta de acceso de b├║squeda "{RawFileName}".
             Esta referencia no es "CopyLocal" porque existe al menos un elemento de origen con "Private" establecido en "false" y ning├║n elemento de origen con "Private" establecido en "true".
     0>El destino "CollectUpToDateCheckInputDesignTime" que aparece en un atributo BeforeTargets en "C:\Program Files\dotnet\sdk\9.0.201\Sdks\Microsoft.NET.Sdk.StaticWebAssets\targets\Microsoft.NET.Sdk.StaticWebAssets.ScopedCss.targets (171,5)" no existe en el proyecto y se omitir├í.
       El destino "CollectUpToDateCheckBuiltDesignTime" que aparece en un atributo BeforeTargets en "C:\Program Files\dotnet\sdk\9.0.201\Sdks\Microsoft.NET.Sdk.StaticWebAssets\targets\Microsoft.NET.Sdk.StaticWebAssets.ScopedCss.targets (171,5)" no existe en el proyecto y se omitir├í.
  2:10>ResolveAssemblyReferences:
         Referencia principal "System.Reflection.Emit.Lightweight, Version=8.0.0.0, Culture=neutral, PublicKeyToken=b03f5f7f11d50a3a".
     0>El destino "RazorGenerateComponentDeclaration" que aparece en un atributo AfterTargets en "C:\Program Files\dotnet\sdk\9.0.201\Sdks\Microsoft.NET.Sdk.Razor\targets\Microsoft.NET.Sdk.Razor.DesignTime.targets (55,53)" no existe en el proyecto y se omitir├í.
  2:10>ResolveAssemblyReferences:
             La ruta de acceso del archivo resuelta es "C:\Program Files\dotnet\packs\Microsoft.NETCore.App.Ref\8.0.14\ref\net8.0\System.Reflection.Emit.Lightweight.dll".
             Se encontr├│ una referencia en la ubicaci├│n de ruta de acceso de b├║squeda "{RawFileName}".
             Esta referencia no es "CopyLocal" porque existe al menos un elemento de origen con "Private" establecido en "false" y ning├║n elemento de origen con "Private" establecido en "true".
         Referencia principal "System.Reflection.Emit, Version=8.0.0.0, Culture=neutral, PublicKeyToken=b03f5f7f11d50a3a".
             La ruta de acceso del archivo resuelta es "C:\Program Files\dotnet\packs\Microsoft.NETCore.App.Ref\8.0.14\ref\net8.0\System.Reflection.Emit.dll".
             Se encontr├│ una referencia en la ubicaci├│n de ruta de acceso de b├║squeda "{RawFileName}".
             Esta referencia no es "CopyLocal" porque existe al menos un elemento de origen con "Private" establecido en "false" y ning├║n elemento de origen con "Private" establecido en "true".
         Referencia principal "System.Reflection.Extensions, Version=8.0.0.0, Culture=neutral, PublicKeyToken=b03f5f7f11d50a3a".
             La ruta de acceso del archivo resuelta es "C:\Program Files\dotnet\packs\Microsoft.NETCore.App.Ref\8.0.14\ref\net8.0\System.Reflection.Extensions.dll".
             Se encontr├│ una referencia en la ubicaci├│n de ruta de acceso de b├║squeda "{RawFileName}".
             Esta referencia no es "CopyLocal" porque existe al menos un elemento de origen con "Private" establecido en "false" y ning├║n elemento de origen con "Private" establecido en "true".
         Referencia principal "System.Reflection.Metadata, Version=8.0.0.0, Culture=neutral, PublicKeyToken=b03f5f7f11d50a3a".
             La ruta de acceso del archivo resuelta es "C:\Program Files\dotnet\packs\Microsoft.NETCore.App.Ref\8.0.14\ref\net8.0\System.Reflection.Metadata.dll".
             Se encontr├│ una referencia en la ubicaci├│n de ruta de acceso de b├║squeda "{RawFileName}".
             Esta referencia no es "CopyLocal" porque existe al menos un elemento de origen con "Private" establecido en "false" y ning├║n elemento de origen con "Private" establecido en "true".
         Referencia principal "System.Reflection.Primitives, Version=8.0.0.0, Culture=neutral, PublicKeyToken=b03f5f7f11d50a3a".
   1:2>El proyecto "D:\Users\Jhon\Documentos\Mintrabajo\Modulo General usuarios\AuthSystemNew\AuthSystem.sln" (1:2) est├í compilando "D:\Users\Jhon\Documentos\Mintrabajo\Modulo General usuarios\AuthSystemNew\AuthSystem.API\AuthSystem.API.csproj" (7:7) en el nodo 1 (destinos predeterminados).
   7:7>Se omiti├│ el destino "_CheckForUnsupportedTargetFramework" debido a una condici├│n falsa (False); ('$(_UnsupportedTargetFrameworkError)' == 'true') se evalu├│ como ('' == 'true').
  2:10>ResolveAssemblyReferences:
             La ruta de acceso del archivo resuelta es "C:\Program Files\dotnet\packs\Microsoft.NETCore.App.Ref\8.0.14\ref\net8.0\System.Reflection.Primitives.dll".
             Se encontr├│ una referencia en la ubicaci├│n de ruta de acceso de b├║squeda "{RawFileName}".
             Esta referencia no es "CopyLocal" porque existe al menos un elemento de origen con "Private" establecido en "false" y ning├║n elemento de origen con "Private" establecido en "true".
         Referencia principal "System.Reflection.TypeExtensions, Version=8.0.0.0, Culture=neutral, PublicKeyToken=b03f5f7f11d50a3a".
             La ruta de acceso del archivo resuelta es "C:\Program Files\dotnet\packs\Microsoft.NETCore.App.Ref\8.0.14\ref\net8.0\System.Reflection.TypeExtensions.dll".
             Se encontr├│ una referencia en la ubicaci├│n de ruta de acceso de b├║squeda "{RawFileName}".
             Esta referencia no es "CopyLocal" porque existe al menos un elemento de origen con "Private" establecido en "false" y ning├║n elemento de origen con "Private" establecido en "true".
         Referencia principal "System.Reflection, Version=8.0.0.0, Culture=neutral, PublicKeyToken=b03f5f7f11d50a3a".
             La ruta de acceso del archivo resuelta es "C:\Program Files\dotnet\packs\Microsoft.NETCore.App.Ref\8.0.14\ref\net8.0\System.Reflection.dll".
             Se encontr├│ una referencia en la ubicaci├│n de ruta de acceso de b├║squeda "{RawFileName}".
             Esta referencia no es "CopyLocal" porque existe al menos un elemento de origen con "Private" establecido en "false" y ning├║n elemento de origen con "Private" establecido en "true".
         Referencia principal "System.Resources.Reader, Version=8.0.0.0, Culture=neutral, PublicKeyToken=b03f5f7f11d50a3a".
             La ruta de acceso del archivo resuelta es "C:\Program Files\dotnet\packs\Microsoft.NETCore.App.Ref\8.0.14\ref\net8.0\System.Resources.Reader.dll".
             Se encontr├│ una referencia en la ubicaci├│n de ruta de acceso de b├║squeda "{RawFileName}".
             Esta referencia no es "CopyLocal" porque existe al menos un elemento de origen con "Private" establecido en "false" y ning├║n elemento de origen con "Private" establecido en "true".
   7:7>Destino "_CollectTargetFrameworkForTelemetry" en el archivo "C:\Program Files\dotnet\sdk\9.0.201\Sdks\Microsoft.NET.Sdk\targets\Microsoft.NET.TargetFrameworkInference.targets" del proyecto "D:\Users\Jhon\Documentos\Mintrabajo\Modulo General usuarios\AuthSystemNew\AuthSystem.API\AuthSystem.API.csproj" (el destino "_CheckForInvalidConfigurationAndPlatform" depende de ├®l):
   7:7>Usando la tarea "AllowEmptyTelemetry" del ensamblado "C:\Program Files\dotnet\sdk\9.0.201\Sdks\Microsoft.NET.Sdk\targets\..\tools\net9.0\Microsoft.NET.Build.Tasks.dll".
       Tarea "AllowEmptyTelemetry"
  2:10>ResolveAssemblyReferences:
         Referencia principal "System.Resources.ResourceManager, Version=8.0.0.0, Culture=neutral, PublicKeyToken=b03f5f7f11d50a3a".
             La ruta de acceso del archivo resuelta es "C:\Program Files\dotnet\packs\Microsoft.NETCore.App.Ref\8.0.14\ref\net8.0\System.Resources.ResourceManager.dll".
             Se encontr├│ una referencia en la ubicaci├│n de ruta de acceso de b├║squeda "{RawFileName}".
             Esta referencia no es "CopyLocal" porque existe al menos un elemento de origen con "Private" establecido en "false" y ning├║n elemento de origen con "Private" establecido en "true".
         Referencia principal "System.Resources.Writer, Version=8.0.0.0, Culture=neutral, PublicKeyToken=b03f5f7f11d50a3a".
             La ruta de acceso del archivo resuelta es "C:\Program Files\dotnet\packs\Microsoft.NETCore.App.Ref\8.0.14\ref\net8.0\System.Resources.Writer.dll".
             Se encontr├│ una referencia en la ubicaci├│n de ruta de acceso de b├║squeda "{RawFileName}".
             Esta referencia no es "CopyLocal" porque existe al menos un elemento de origen con "Private" establecido en "false" y ning├║n elemento de origen con "Private" establecido en "true".
         Referencia principal "System.Runtime.CompilerServices.Unsafe, Version=8.0.0.0, Culture=neutral, PublicKeyToken=b03f5f7f11d50a3a".
             La ruta de acceso del archivo resuelta es "C:\Program Files\dotnet\packs\Microsoft.NETCore.App.Ref\8.0.14\ref\net8.0\System.Runtime.CompilerServices.Unsafe.dll".
             Se encontr├│ una referencia en la ubicaci├│n de ruta de acceso de b├║squeda "{RawFileName}".
             Esta referencia no es "CopyLocal" porque existe al menos un elemento de origen con "Private" establecido en "false" y ning├║n elemento de origen con "Private" establecido en "true".
   7:7>Ejecuci├│n de la tarea "AllowEmptyTelemetry" terminada.
   7:7>Compilaci├│n terminada del destino "_CollectTargetFrameworkForTelemetry" en el proyecto "AuthSystem.API.csproj".
  2:10>ResolveAssemblyReferences:
         Referencia principal "System.Runtime.CompilerServices.VisualC, Version=8.0.0.0, Culture=neutral, PublicKeyToken=b03f5f7f11d50a3a".
   7:7>Se omiti├│ el destino "_CheckForUnsupportedTargetPlatformIdentifier" debido a una condici├│n falsa (False); ('$(TargetPlatformIdentifier)' != '' and '$(TargetFrameworkIdentifier)' == '.NETCoreApp' and $([MSBuild]::VersionGreaterThanOrEquals($(TargetFrameworkVersion), 5.0)) And ('$(DesignTimeBuild)' != 'true' Or '@(MissingWorkloadPack)' == '')) se evalu├│ como ('' != '' and '.NETCoreApp' == '.NETCoreApp' and True And ('' != 'true' Or '' == '')).
  2:10>ResolveAssemblyReferences:
             La ruta de acceso del archivo resuelta es "C:\Program Files\dotnet\packs\Microsoft.NETCore.App.Ref\8.0.14\ref\net8.0\System.Runtime.CompilerServices.VisualC.dll".
   7:7>Se omiti├│ el destino "_CheckForMissingWorkload" debido a una condici├│n falsa (False); ('@(MissingWorkloadPack)' != '' And '$(DesignTimeBuild)' != 'true') se evalu├│ como ('' != '' And '' != 'true').
  2:10>ResolveAssemblyReferences:
             Se encontr├│ una referencia en la ubicaci├│n de ruta de acceso de b├║squeda "{RawFileName}".
             Esta referencia no es "CopyLocal" porque existe al menos un elemento de origen con "Private" establecido en "false" y ning├║n elemento de origen con "Private" establecido en "true".
         Referencia principal "System.Runtime.Extensions, Version=8.0.0.0, Culture=neutral, PublicKeyToken=b03f5f7f11d50a3a".
   7:7>Destino "_CheckForUnsupportedNETCoreVersion" en el archivo "C:\Program Files\dotnet\sdk\9.0.201\Sdks\Microsoft.NET.Sdk\targets\Microsoft.NET.TargetFrameworkInference.targets" del proyecto "D:\Users\Jhon\Documentos\Mintrabajo\Modulo General usuarios\AuthSystemNew\AuthSystem.API\AuthSystem.API.csproj" (el destino "_CheckForInvalidConfigurationAndPlatform" depende de ├®l):
   7:7>Se omiti├│ la tarea "NETSdkError" debido a una condici├│n falsa (False); ('$(_TargetFrameworkVersionWithoutV)' > '$(NETCoreAppMaximumVersion)' and '$(DisplayVSMessage)' != 'true') se evalu├│ como ('8.0' > '9.0' and '' != 'true').
  2:10>ResolveAssemblyReferences:
             La ruta de acceso del archivo resuelta es "C:\Program Files\dotnet\packs\Microsoft.NETCore.App.Ref\8.0.14\ref\net8.0\System.Runtime.Extensions.dll".
   7:7>_CheckForUnsupportedNETCoreVersion:
       Se omiti├│ la tarea "NETSdkError" debido a una condici├│n falsa (False); ('$(DisplayVSMessage)' == 'true') se evalu├│ como ('' == 'true').
   7:7>Compilaci├│n terminada del destino "_CheckForUnsupportedNETCoreVersion" en el proyecto "AuthSystem.API.csproj".
  2:10>ResolveAssemblyReferences:
             Se encontr├│ una referencia en la ubicaci├│n de ruta de acceso de b├║squeda "{RawFileName}".
   7:7>Se omiti├│ el destino "_CheckForEolTargetFrameworks" debido a una condici├│n falsa (False); ('@(_EolNetCoreTargetFrameworkVersions->AnyHaveMetadataValue('Identity', '$(_TargetFrameworkVersionWithoutV)'))' and '$(TargetFrameworkIdentifier)' == '.NETCoreApp' and '$(CheckEolTargetFramework)' == 'true') se evalu├│ como ('false' and '.NETCoreApp' == '.NETCoreApp' and 'true' == 'true').
  2:10>ResolveAssemblyReferences:
             Esta referencia no es "CopyLocal" porque existe al menos un elemento de origen con "Private" establecido en "false" y ning├║n elemento de origen con "Private" establecido en "true".
   7:7>Se omiti├│ el destino "_CheckForEolWorkloads" debido a una condici├│n falsa (False); ('@(EolWorkload)' != '' and '$(CheckEolWorkloads)' == 'true') se evalu├│ como ('' != '' and 'true' == 'true').
  2:10>ResolveAssemblyReferences:
         Referencia principal "System.Runtime.Handles, Version=8.0.0.0, Culture=neutral, PublicKeyToken=b03f5f7f11d50a3a".
   7:7>Se omiti├│ el destino "_CheckForNotRecommendedNETStandardVersion" debido a una condici├│n falsa (False); ('$(TargetFrameworkIdentifier)' == '.NETStandard' and $([MSBuild]::VersionLessThan($(TargetFrameworkVersion), '2.0'))) se evalu├│ como ('.NETCoreApp' == '.NETStandard' and False).
  2:10>ResolveAssemblyReferences:
             La ruta de acceso del archivo resuelta es "C:\Program Files\dotnet\packs\Microsoft.NETCore.App.Ref\8.0.14\ref\net8.0\System.Runtime.Handles.dll".
   7:7>Destino "_CheckForUnsupportedCppNETCoreVersion" en el archivo "C:\Program Files\dotnet\sdk\9.0.201\Sdks\Microsoft.NET.Sdk\targets\Microsoft.NET.TargetFrameworkInference.targets" del proyecto "D:\Users\Jhon\Documentos\Mintrabajo\Modulo General usuarios\AuthSystemNew\AuthSystem.API\AuthSystem.API.csproj" (el destino "_CheckForInvalidConfigurationAndPlatform" depende de ├®l):
   7:7>Se omiti├│ la tarea "NETSdkError" debido a una condici├│n falsa (False); ('$(TargetFrameworkIdentifier)' == '.NETCoreApp' and '$(_TargetFrameworkVersionWithoutV)' < '3.1' and ('$(Language)' == 'C++' and '$(_EnablePackageReferencesInVCProjects)' != 'true')) se evalu├│ como ('.NETCoreApp' == '.NETCoreApp' and '8.0' < '3.1' and ('C#' == 'C++' and '' != 'true')).
   7:7>Compilaci├│n terminada del destino "_CheckForUnsupportedCppNETCoreVersion" en el proyecto "AuthSystem.API.csproj".
  2:10>ResolveAssemblyReferences:
             Se encontr├│ una referencia en la ubicaci├│n de ruta de acceso de b├║squeda "{RawFileName}".
   7:7>Se omiti├│ el destino "_CheckForUnsupportedNETStandardVersion" debido a una condici├│n falsa (False); ('$(TargetFrameworkIdentifier)' == '.NETStandard' And '$(NETStandardMaximumVersion)' != '') se evalu├│ como ('.NETCoreApp' == '.NETStandard' And '' != '').
       Se omiti├│ el destino "_CheckForUnsupportedTargetFrameworkAndFeatureCombination" debido a una condici├│n falsa (False); ('$(TargetFrameworkIdentifier)' == '.NETFramework') se evalu├│ como ('.NETCoreApp' == '.NETFramework').
  2:10>ResolveAssemblyReferences:
             Esta referencia no es "CopyLocal" porque existe al menos un elemento de origen con "Private" establecido en "false" y ning├║n elemento de origen con "Private" establecido en "true".
   7:7>Se omiti├│ el destino "_CheckForSupportedOSPlatformVersionHigherThanTargetPlatformVersion" debido a una condici├│n falsa (False); ('$(TargetPlatformVersion)' != '' and '$(TargetFrameworkIdentifier)' == '.NETCoreApp' and $([MSBuild]::VersionGreaterThanOrEquals($(TargetFrameworkVersion), 5.0))) se evalu├│ como ('' != '' and '.NETCoreApp' == '.NETCoreApp' and True).
  2:10>ResolveAssemblyReferences:
         Referencia principal "System.Runtime.InteropServices.JavaScript, Version=8.0.0.0, Culture=neutral, PublicKeyToken=b03f5f7f11d50a3a".
   7:7>Se omiti├│ el destino "_CheckForInvalidTargetPlatformVersion" debido a una condici├│n falsa (False); ('$(TargetPlatformVersion)' != '' and '$(TargetFrameworkIdentifier)' == '.NETCoreApp' and $([MSBuild]::VersionGreaterThanOrEquals($(TargetFrameworkVersion), 5.0)) and ('$(Language)' != 'C++' or '$(_EnablePackageReferencesInVCProjects)' == 'true')) se evalu├│ como ('' != '' and '.NETCoreApp' == '.NETCoreApp' and True and ('C#' != 'C++' or '' == 'true')).
  2:10>ResolveAssemblyReferences:
             La ruta de acceso del archivo resuelta es "C:\Program Files\dotnet\packs\Microsoft.NETCore.App.Ref\8.0.14\ref\net8.0\System.Runtime.InteropServices.JavaScript.dll".
   7:7>Destino "_CheckForUnsupportedArtifactsPath" en el archivo "C:\Program Files\dotnet\sdk\9.0.201\Sdks\Microsoft.NET.Sdk\targets\Microsoft.NET.DefaultOutputPaths.targets" del proyecto "D:\Users\Jhon\Documentos\Mintrabajo\Modulo General usuarios\AuthSystemNew\AuthSystem.API\AuthSystem.API.csproj" (el destino "_CheckForInvalidConfigurationAndPlatform" depende de ├®l):
   7:7>Se omiti├│ la tarea "NetSdkError" debido a una condici├│n falsa (False); ('$(UseArtifactsOutput)' == 'true' and '$(_ArtifactsPathSetEarly)' != 'true') se evalu├│ como ('' == 'true' and '' != 'true').
  2:10>ResolveAssemblyReferences:
             Se encontr├│ una referencia en la ubicaci├│n de ruta de acceso de b├║squeda "{RawFileName}".
             Esta referencia no es "CopyLocal" porque existe al menos un elemento de origen con "Private" establecido en "false" y ning├║n elemento de origen con "Private" establecido en "true".
   7:7>_CheckForUnsupportedArtifactsPath:
       Se omiti├│ la tarea "NetSdkError" debido a una condici├│n falsa (False); ('$(_ArtifactsPathLocationType)' == 'ProjectFolder') se evalu├│ como ('' == 'ProjectFolder').
   7:7>Compilaci├│n terminada del destino "_CheckForUnsupportedArtifactsPath" en el proyecto "AuthSystem.API.csproj".
  2:10>ResolveAssemblyReferences:
         Referencia principal "System.Runtime.InteropServices.RuntimeInformation, Version=8.0.0.0, Culture=neutral, PublicKeyToken=b03f5f7f11d50a3a".
   7:7>Se omiti├│ el destino "_CheckForMissingWorkload" debido a una condici├│n falsa (False); ('@(MissingWorkloadPack)' != '' And '$(DesignTimeBuild)' != 'true') se evalu├│ como ('' != '' And '' != 'true').
  2:10>ResolveAssemblyReferences:
             La ruta de acceso del archivo resuelta es "C:\Program Files\dotnet\packs\Microsoft.NETCore.App.Ref\8.0.14\ref\net8.0\System.Runtime.InteropServices.RuntimeInformation.dll".
             Se encontr├│ una referencia en la ubicaci├│n de ruta de acceso de b├║squeda "{RawFileName}".
   7:7>Destino "_CheckForUnsupportedAppHostUsage" en el archivo "C:\Program Files\dotnet\sdk\9.0.201\Sdks\Microsoft.NET.Sdk\targets\Microsoft.NET.RuntimeIdentifierInference.targets" del proyecto "D:\Users\Jhon\Documentos\Mintrabajo\Modulo General usuarios\AuthSystemNew\AuthSystem.API\AuthSystem.API.csproj" (el destino "_CheckForInvalidConfigurationAndPlatform" depende de ├®l):
   7:7>Se omiti├│ la tarea "NETSdkError" debido a una condici├│n falsa (False); ('$(SelfContained)' == 'true' and '$(RuntimeIdentifier)' == '' and '$(AllowSelfContainedWithoutRuntimeIdentifier)' != 'true') se evalu├│ como ('false' == 'true' and '' == '' and '' != 'true').
  2:10>ResolveAssemblyReferences:
             Esta referencia no es "CopyLocal" porque existe al menos un elemento de origen con "Private" establecido en "false" y ning├║n elemento de origen con "Private" establecido en "true".
   7:7>_CheckForUnsupportedAppHostUsage:
       Se omiti├│ la tarea "NETSdkError" debido a una condici├│n falsa (False); ('$(PublishReadyToRun)' == 'true' and '$(RuntimeIdentifier)' == '' and '$(_IsPublishing)' == 'true') se evalu├│ como ('' == 'true' and '' == '' and '' == 'true').
       Se omiti├│ la tarea "NETSdkError" debido a una condici├│n falsa (False); ('$(PublishSingleFile)' == 'true' and '$(RuntimeIdentifier)' == '' and '$(_IsPublishing)' == 'true') se evalu├│ como ('' == 'true' and '' == '' and '' == 'true').
  2:10>ResolveAssemblyReferences:
         Referencia principal "System.Runtime.InteropServices, Version=8.0.0.0, Culture=neutral, PublicKeyToken=b03f5f7f11d50a3a".
   7:7>_CheckForUnsupportedAppHostUsage:
       Se omiti├│ la tarea "NETSdkError" debido a una condici├│n falsa (False); ('$(PublishAot)' == 'true' and '$(RuntimeIdentifier)' == '' and '$(_IsPublishing)' == 'true' and '$(AllowPublishAotWithoutRuntimeIdentifier)' != 'true') se evalu├│ como ('' == 'true' and '' == '' and '' == 'true' and '' != 'true').
       Se omiti├│ la tarea "NETSdkError" debido a una condici├│n falsa (False); ('$(PublishSelfContained)' != 'true' and '$(PublishSelfContained)' != 'false' and '$(PublishSelfContained)' != '') se evalu├│ como ('' != 'true' and '' != 'false' and '' != '').
  2:10>ResolveAssemblyReferences:
             La ruta de acceso del archivo resuelta es "C:\Program Files\dotnet\packs\Microsoft.NETCore.App.Ref\8.0.14\ref\net8.0\System.Runtime.InteropServices.dll".
   7:7>_CheckForUnsupportedAppHostUsage:
       Se omiti├│ la tarea "NETSdkError" debido a una condici├│n falsa (False); ('$(SelfContained)' == 'true' and '$(UseAppHost)' != 'true' and '$(_RuntimeIdentifierUsesAppHost)' == 'true') se evalu├│ como ('false' == 'true' and 'true' != 'true' and 'true' == 'true').
       Se omiti├│ la tarea "NETSdkError" debido a una condici├│n falsa (False); ('$(SelfContained)' != 'true' and '$(UseAppHost)' == 'true' and '$(_TargetFrameworkVersionWithoutV)' < '2.1') se evalu├│ como ('false' != 'true' and 'true' == 'true' and '8.0' < '2.1').
       Se omiti├│ la tarea "NETSdkError" debido a una condici├│n falsa (False); ('$(PublishSingleFile)' == 'true' and '$(_TargetFrameworkVersionWithoutV)' < '3.0') se evalu├│ como ('' == 'true' and '8.0' < '3.0').
  2:10>ResolveAssemblyReferences:
             Se encontr├│ una referencia en la ubicaci├│n de ruta de acceso de b├║squeda "{RawFileName}".
   7:7>_CheckForUnsupportedAppHostUsage:
       Se omiti├│ la tarea "NETSdkWarning" debido a una condici├│n falsa (False); ('$(PublishReadyToRun)' == 'true' and '$(_TargetFrameworkVersionWithoutV)' < '3.0') se evalu├│ como ('' == 'true' and '8.0' < '3.0').
  2:10>ResolveAssemblyReferences:
             Esta referencia no es "CopyLocal" porque existe al menos un elemento de origen con "Private" establecido en "false" y ning├║n elemento de origen con "Private" establecido en "true".
   7:7>_CheckForUnsupportedAppHostUsage:
       Se omiti├│ la tarea "NETSdkWarning" debido a una condici├│n falsa (False); ('$(RuntimeIdentifier)' != '' and '$(_TargetFrameworkVersionWithoutV)' != '' and $([MSBuild]::VersionLessThan($(_TargetFrameworkVersionWithoutV), '8.0')) and '$(_SelfContainedWasSpecified)' != 'true') se evalu├│ como ('' != '' and '8.0' != '' and False and '' != 'true').
  2:10>ResolveAssemblyReferences:
         Referencia principal "System.Runtime.Intrinsics, Version=8.0.0.0, Culture=neutral, PublicKeyToken=cc7b13ffcd2ddd51".
   7:7>_CheckForUnsupportedAppHostUsage:
       Se omiti├│ la tarea "NetSdkError" debido a una condici├│n falsa (False); (('$(UseWindowsForms)' == 'true') and ('$(PublishTrimmed)' == 'true') and ('$(_SuppressWinFormsTrimError)' != 'true')) se evalu├│ como (('' == 'true') and ('' == 'true') and ('' != 'true')).
       Se omiti├│ la tarea "NetSdkError" debido a una condici├│n falsa (False); (('$(UseWpf)' == 'true') and ('$(PublishTrimmed)' == 'true') and ('$(_SuppressWpfTrimError)' != 'true')) se evalu├│ como (('' == 'true') and ('' == 'true') and ('' != 'true')).
   7:7>Compilaci├│n terminada del destino "_CheckForUnsupportedAppHostUsage" en el proyecto "AuthSystem.API.csproj".
  2:10>ResolveAssemblyReferences:
             La ruta de acceso del archivo resuelta es "C:\Program Files\dotnet\packs\Microsoft.NETCore.App.Ref\8.0.14\ref\net8.0\System.Runtime.Intrinsics.dll".
   7:7>Destino "_CheckForUnsupportedHostingUsage" en el archivo "C:\Program Files\dotnet\sdk\9.0.201\Sdks\Microsoft.NET.Sdk\targets\Microsoft.NET.RuntimeIdentifierInference.targets" del proyecto "D:\Users\Jhon\Documentos\Mintrabajo\Modulo General usuarios\AuthSystemNew\AuthSystem.API\AuthSystem.API.csproj" (el destino "_CheckForInvalidConfigurationAndPlatform" depende de ├®l):
   7:7>Se omiti├│ la tarea "NETSdkWarning" debido a una condici├│n falsa (False); ('$(SelfContained)' == 'true' and '$(EnableComHosting)' == 'true') se evalu├│ como ('false' == 'true' and '' == 'true').
   7:7>Compilaci├│n terminada del destino "_CheckForUnsupportedHostingUsage" en el proyecto "AuthSystem.API.csproj".
  2:10>ResolveAssemblyReferences:
             Se encontr├│ una referencia en la ubicaci├│n de ruta de acceso de b├║squeda "{RawFileName}".
   7:7>Destino "_CheckAndUnsetUnsupportedPrefer32Bit" en el archivo "C:\Program Files\dotnet\sdk\9.0.201\Sdks\Microsoft.NET.Sdk\targets\Microsoft.NET.RuntimeIdentifierInference.targets" del proyecto "D:\Users\Jhon\Documentos\Mintrabajo\Modulo General usuarios\AuthSystemNew\AuthSystem.API\AuthSystem.API.csproj" (el destino "_CheckForInvalidConfigurationAndPlatform" depende de ├®l):
   7:7>Se omiti├│ la tarea "NETSdkWarning" debido a una condici├│n falsa (False); ('$(Prefer32Bit)' == 'true') se evalu├│ como ('false' == 'true').
  2:10>ResolveAssemblyReferences:
             Esta referencia no es "CopyLocal" porque existe al menos un elemento de origen con "Private" establecido en "false" y ning├║n elemento de origen con "Private" establecido en "true".
   7:7>Compilaci├│n terminada del destino "_CheckAndUnsetUnsupportedPrefer32Bit" en el proyecto "AuthSystem.API.csproj".
       Se omiti├│ el destino "_CheckAndUnsetUnsupportedPreferNativeArm64" debido a una condici├│n falsa (False); ('$(TargetFrameworkIdentifier)' == '.NETCoreApp' and '$(PreferNativeArm64)' == 'true') se evalu├│ como ('.NETCoreApp' == '.NETCoreApp' and 'false' == 'true').
  2:10>ResolveAssemblyReferences:
         Referencia principal "System.Runtime.Loader, Version=8.0.0.0, Culture=neutral, PublicKeyToken=b03f5f7f11d50a3a".
   7:7>Se omiti├│ el destino "_CheckForMismatchingPlatform" debido a una condici├│n falsa (False); ('$(RuntimeIdentifier)' != '' and '$(PlatformTarget)' != '') se evalu├│ como ('' != '' and '' != '').
  2:10>ResolveAssemblyReferences:
             La ruta de acceso del archivo resuelta es "C:\Program Files\dotnet\packs\Microsoft.NETCore.App.Ref\8.0.14\ref\net8.0\System.Runtime.Loader.dll".
   7:7>Destino "_CheckForLanguageAndFeatureCombinationSupport" en el archivo "C:\Program Files\dotnet\sdk\9.0.201\Sdks\Microsoft.NET.Sdk\targets\Microsoft.NET.RuntimeIdentifierInference.targets" del proyecto "D:\Users\Jhon\Documentos\Mintrabajo\Modulo General usuarios\AuthSystemNew\AuthSystem.API\AuthSystem.API.csproj" (el destino "_CheckForInvalidConfigurationAndPlatform" depende de ├®l):
   7:7>Se omiti├│ la tarea "NETSdkError" debido a una condici├│n falsa (False); (('$(Language)' == 'C++' and '$(_EnablePackageReferencesInVCProjects)' != 'true') and $(OutputType) != 'library' and '$(TargetFrameworkIdentifier)' == '.NETCoreApp') se evalu├│ como (('C#' == 'C++' and '' != 'true') and Exe != 'library' and '.NETCoreApp' == '.NETCoreApp').
  2:10>ResolveAssemblyReferences:
             Se encontr├│ una referencia en la ubicaci├│n de ruta de acceso de b├║squeda "{RawFileName}".
   7:7>_CheckForLanguageAndFeatureCombinationSupport:
       Se omiti├│ la tarea "NETSdkError" debido a una condici├│n falsa (False); (('$(Language)' == 'C++' and '$(_EnablePackageReferencesInVCProjects)' != 'true') and $(EnableComHosting) == 'true') se evalu├│ como (('C#' == 'C++' and '' != 'true') and  == 'true').
  2:10>ResolveAssemblyReferences:
             Esta referencia no es "CopyLocal" porque existe al menos un elemento de origen con "Private" establecido en "false" y ning├║n elemento de origen con "Private" establecido en "true".
   7:7>_CheckForLanguageAndFeatureCombinationSupport:
       Se omiti├│ la tarea "NETSdkError" debido a una condici├│n falsa (False); (('$(Language)' == 'C++' and '$(_EnablePackageReferencesInVCProjects)' != 'true') and $(SelfContained) == 'true') se evalu├│ como (('C#' == 'C++' and '' != 'true') and false == 'true').
  2:10>ResolveAssemblyReferences:
         Referencia principal "System.Runtime.Numerics, Version=8.0.0.0, Culture=neutral, PublicKeyToken=b03f5f7f11d50a3a".
   7:7>Compilaci├│n terminada del destino "_CheckForLanguageAndFeatureCombinationSupport" en el proyecto "AuthSystem.API.csproj".
  2:10>ResolveAssemblyReferences:
             La ruta de acceso del archivo resuelta es "C:\Program Files\dotnet\packs\Microsoft.NETCore.App.Ref\8.0.14\ref\net8.0\System.Runtime.Numerics.dll".
   7:7>Se omiti├│ el destino "_CheckForNETCoreSdkIsPreview" debido a una condici├│n falsa (False); ( '$(_NETCoreSdkIsPreview)' == 'true' AND '$(SuppressNETCoreSdkPreviewMessage)' != 'true' ) se evalu├│ como ( 'false' == 'true' AND '' != 'true' ).
  2:10>ResolveAssemblyReferences:
             Se encontr├│ una referencia en la ubicaci├│n de ruta de acceso de b├║squeda "{RawFileName}".
   7:7>Destino "_GetProjectJsonPath" en el archivo "C:\Program Files\dotnet\sdk\9.0.201\NuGet.targets" del proyecto "D:\Users\Jhon\Documentos\Mintrabajo\Modulo General usuarios\AuthSystemNew\AuthSystem.API\AuthSystem.API.csproj" (el destino "_GetRestoreProjectStyle" depende de ├®l):
   7:7>Se omiti├│ la tarea "GetRestoreProjectJsonPathTask" debido a una condici├│n falsa (False); ( '$(RestoreProjectStyle)' == 'ProjectJson' OR '$(RestoreProjectStyle)' == '' ) se evalu├│ como ( 'PackageReference' == 'ProjectJson' OR 'PackageReference' == '' ).
   7:7>Compilaci├│n terminada del destino "_GetProjectJsonPath" en el proyecto "AuthSystem.API.csproj".
  2:10>ResolveAssemblyReferences:
             Esta referencia no es "CopyLocal" porque existe al menos un elemento de origen con "Private" establecido en "false" y ning├║n elemento de origen con "Private" establecido en "true".
   7:7>Se omiti├│ el destino "_CheckForUnsupportedTargetPlatformIdentifier" debido a una condici├│n falsa (False); ('$(TargetPlatformIdentifier)' != '' and '$(TargetFrameworkIdentifier)' == '.NETCoreApp' and $([MSBuild]::VersionGreaterThanOrEquals($(TargetFrameworkVersion), 5.0)) And ('$(DesignTimeBuild)' != 'true' Or '@(MissingWorkloadPack)' == '')) se evalu├│ como ('' != '' and '.NETCoreApp' == '.NETCoreApp' and True And ('' != 'true' Or '' == '')).
       Se omiti├│ el destino "_CheckForMissingWorkload" debido a una condici├│n falsa (False); ('@(MissingWorkloadPack)' != '' And '$(DesignTimeBuild)' != 'true') se evalu├│ como ('' != '' And '' != 'true').
  2:10>ResolveAssemblyReferences:
         Referencia principal "System.Runtime.Serialization.Formatters, Version=8.0.0.0, Culture=neutral, PublicKeyToken=b03f5f7f11d50a3a".
   7:7>Se omiti├│ el destino "_CheckForNotRecommendedNETStandardVersion" debido a una condici├│n falsa (False); ('$(TargetFrameworkIdentifier)' == '.NETStandard' and $([MSBuild]::VersionLessThan($(TargetFrameworkVersion), '2.0'))) se evalu├│ como ('.NETCoreApp' == '.NETStandard' and False).
       Se omiti├│ el destino "_CheckForUnsupportedNETStandardVersion" debido a una condici├│n falsa (False); ('$(TargetFrameworkIdentifier)' == '.NETStandard' And '$(NETStandardMaximumVersion)' != '') se evalu├│ como ('.NETCoreApp' == '.NETStandard' And '' != '').
       Se omiti├│ el destino "_CheckForUnsupportedTargetFrameworkAndFeatureCombination" debido a una condici├│n falsa (False); ('$(TargetFrameworkIdentifier)' == '.NETFramework') se evalu├│ como ('.NETCoreApp' == '.NETFramework').
  2:10>ResolveAssemblyReferences:
             La ruta de acceso del archivo resuelta es "C:\Program Files\dotnet\packs\Microsoft.NETCore.App.Ref\8.0.14\ref\net8.0\System.Runtime.Serialization.Formatters.dll".
             Se encontr├│ una referencia en la ubicaci├│n de ruta de acceso de b├║squeda "{RawFileName}".
             Esta referencia no es "CopyLocal" porque existe al menos un elemento de origen con "Private" establecido en "false" y ning├║n elemento de origen con "Private" establecido en "true".
         Referencia principal "System.Runtime.Serialization.Json, Version=8.0.0.0, Culture=neutral, PublicKeyToken=b03f5f7f11d50a3a".
   7:7>Destino "UpdateAspNetToFrameworkReference" en el archivo "C:\Program Files\dotnet\sdk\9.0.201\Sdks\Microsoft.NET.Sdk\targets\Microsoft.NET.Sdk.DefaultItems.Shared.targets" del proyecto "D:\Users\Jhon\Documentos\Mintrabajo\Modulo General usuarios\AuthSystemNew\AuthSystem.API\AuthSystem.API.csproj" (el destino "ApplyImplicitVersions" depende de ├®l):
   7:7>Usando la tarea "CheckIfPackageReferenceShouldBeFrameworkReference" del ensamblado "C:\Program Files\dotnet\sdk\9.0.201\Sdks\Microsoft.NET.Sdk\targets\..\tools\net9.0\Microsoft.NET.Build.Tasks.dll".
       Tarea "CheckIfPackageReferenceShouldBeFrameworkReference"
  2:10>ResolveAssemblyReferences:
             La ruta de acceso del archivo resuelta es "C:\Program Files\dotnet\packs\Microsoft.NETCore.App.Ref\8.0.14\ref\net8.0\System.Runtime.Serialization.Json.dll".
             Se encontr├│ una referencia en la ubicaci├│n de ruta de acceso de b├║squeda "{RawFileName}".
             Esta referencia no es "CopyLocal" porque existe al menos un elemento de origen con "Private" establecido en "false" y ning├║n elemento de origen con "Private" establecido en "true".
         Referencia principal "System.Runtime.Serialization.Primitives, Version=8.0.0.0, Culture=neutral, PublicKeyToken=b03f5f7f11d50a3a".
             La ruta de acceso del archivo resuelta es "C:\Program Files\dotnet\packs\Microsoft.NETCore.App.Ref\8.0.14\ref\net8.0\System.Runtime.Serialization.Primitives.dll".
             Se encontr├│ una referencia en la ubicaci├│n de ruta de acceso de b├║squeda "{RawFileName}".
             Esta referencia no es "CopyLocal" porque existe al menos un elemento de origen con "Private" establecido en "false" y ning├║n elemento de origen con "Private" establecido en "true".
         Referencia principal "System.Runtime.Serialization.Xml, Version=8.0.0.0, Culture=neutral, PublicKeyToken=b03f5f7f11d50a3a".
             La ruta de acceso del archivo resuelta es "C:\Program Files\dotnet\packs\Microsoft.NETCore.App.Ref\8.0.14\ref\net8.0\System.Runtime.Serialization.Xml.dll".
             Se encontr├│ una referencia en la ubicaci├│n de ruta de acceso de b├║squeda "{RawFileName}".
             Esta referencia no es "CopyLocal" porque existe al menos un elemento de origen con "Private" establecido en "false" y ning├║n elemento de origen con "Private" establecido en "true".
         Referencia principal "System.Runtime.Serialization, Version=4.0.0.0, Culture=neutral, PublicKeyToken=b77a5c561934e089".
             La ruta de acceso del archivo resuelta es "C:\Program Files\dotnet\packs\Microsoft.NETCore.App.Ref\8.0.14\ref\net8.0\System.Runtime.Serialization.dll".
             Se encontr├│ una referencia en la ubicaci├│n de ruta de acceso de b├║squeda "{RawFileName}".
             Esta referencia no es "CopyLocal" porque existe al menos un elemento de origen con "Private" establecido en "false" y ning├║n elemento de origen con "Private" establecido en "true".
   7:7>Ejecuci├│n de la tarea "CheckIfPackageReferenceShouldBeFrameworkReference" terminada.
       Se omiti├│ la tarea "NETSdkError" debido a una condici├│n falsa (False); ('$(_ShouldRemoveAspNetCoreAll)' == 'true') se evalu├│ como ('False' == 'true').
  2:10>ResolveAssemblyReferences:
         Referencia principal "System.Runtime, Version=8.0.0.0, Culture=neutral, PublicKeyToken=b03f5f7f11d50a3a".
   7:7>Tarea "CheckIfPackageReferenceShouldBeFrameworkReference"
  2:10>ResolveAssemblyReferences:
             La ruta de acceso del archivo resuelta es "C:\Program Files\dotnet\packs\Microsoft.NETCore.App.Ref\8.0.14\ref\net8.0\System.Runtime.dll".
             Se encontr├│ una referencia en la ubicaci├│n de ruta de acceso de b├║squeda "{RawFileName}".
             Esta referencia no es "CopyLocal" porque existe al menos un elemento de origen con "Private" establecido en "false" y ning├║n elemento de origen con "Private" establecido en "true".
         Referencia principal "System.Security.AccessControl, Version=8.0.0.0, Culture=neutral, PublicKeyToken=b03f5f7f11d50a3a".
             La ruta de acceso del archivo resuelta es "C:\Program Files\dotnet\packs\Microsoft.NETCore.App.Ref\8.0.14\ref\net8.0\System.Security.AccessControl.dll".
             Se encontr├│ una referencia en la ubicaci├│n de ruta de acceso de b├║squeda "{RawFileName}".
   7:7>Ejecuci├│n de la tarea "CheckIfPackageReferenceShouldBeFrameworkReference" terminada.
  2:10>ResolveAssemblyReferences:
             Esta referencia no es "CopyLocal" porque existe al menos un elemento de origen con "Private" establecido en "false" y ning├║n elemento de origen con "Private" establecido en "true".
         Referencia principal "System.Security.Claims, Version=8.0.0.0, Culture=neutral, PublicKeyToken=b03f5f7f11d50a3a".
   7:7>UpdateAspNetToFrameworkReference:
       Se omiti├│ la tarea "NETSdkWarning" debido a una condici├│n falsa (False); ('$(_ShouldRemoveAspNetCoreApp)' == 'true') se evalu├│ como ('False' == 'true').
   7:7>Compilaci├│n terminada del destino "UpdateAspNetToFrameworkReference" en el proyecto "AuthSystem.API.csproj".
  2:10>ResolveAssemblyReferences:
             La ruta de acceso del archivo resuelta es "C:\Program Files\dotnet\packs\Microsoft.NETCore.App.Ref\8.0.14\ref\net8.0\System.Security.Claims.dll".
   7:7>Se omiti├│ el destino "IncludeTargetingPackReference" debido a una condici├│n falsa (False); ('$(TargetFrameworkMoniker)' != '' and '$(TargetFrameworkIdentifier)' == '.NETFramework' and '$(AutomaticallyUseReferenceAssemblyPackages)' == 'true') se evalu├│ como ('.NETCoreApp,Version=v8.0' != '' and '.NETCoreApp' == '.NETFramework' and 'true' == 'true').
  2:10>ResolveAssemblyReferences:
             Se encontr├│ una referencia en la ubicaci├│n de ruta de acceso de b├║squeda "{RawFileName}".
             Esta referencia no es "CopyLocal" porque existe al menos un elemento de origen con "Private" establecido en "false" y ning├║n elemento de origen con "Private" establecido en "true".
         Referencia principal "System.Security.Cryptography.Algorithms, Version=8.0.0.0, Culture=neutral, PublicKeyToken=b03f5f7f11d50a3a".
             La ruta de acceso del archivo resuelta es "C:\Program Files\dotnet\packs\Microsoft.NETCore.App.Ref\8.0.14\ref\net8.0\System.Security.Cryptography.Algorithms.dll".
   7:7>Destino "CheckForImplicitPackageReferenceOverrides" en el archivo "C:\Program Files\dotnet\sdk\9.0.201\Sdks\Microsoft.NET.Sdk\targets\Microsoft.NET.Sdk.DefaultItems.Shared.targets" del proyecto "D:\Users\Jhon\Documentos\Mintrabajo\Modulo General usuarios\AuthSystemNew\AuthSystem.API\AuthSystem.API.csproj" (el destino "ApplyImplicitVersions" depende de ├®l):
   7:7>Usando la tarea "CheckForImplicitPackageReferenceOverrides" del ensamblado "C:\Program Files\dotnet\sdk\9.0.201\Sdks\Microsoft.NET.Sdk\targets\..\tools\net9.0\Microsoft.NET.Build.Tasks.dll".
       Tarea "CheckForImplicitPackageReferenceOverrides"
  2:10>ResolveAssemblyReferences:
             Se encontr├│ una referencia en la ubicaci├│n de ruta de acceso de b├║squeda "{RawFileName}".
             Esta referencia no es "CopyLocal" porque existe al menos un elemento de origen con "Private" establecido en "false" y ning├║n elemento de origen con "Private" establecido en "true".
         Referencia principal "System.Security.Cryptography.Cng, Version=8.0.0.0, Culture=neutral, PublicKeyToken=b03f5f7f11d50a3a".
             La ruta de acceso del archivo resuelta es "C:\Program Files\dotnet\packs\Microsoft.NETCore.App.Ref\8.0.14\ref\net8.0\System.Security.Cryptography.Cng.dll".
             Se encontr├│ una referencia en la ubicaci├│n de ruta de acceso de b├║squeda "{RawFileName}".
             Esta referencia no es "CopyLocal" porque existe al menos un elemento de origen con "Private" establecido en "false" y ning├║n elemento de origen con "Private" establecido en "true".
         Referencia principal "System.Security.Cryptography.Csp, Version=8.0.0.0, Culture=neutral, PublicKeyToken=b03f5f7f11d50a3a".
             La ruta de acceso del archivo resuelta es "C:\Program Files\dotnet\packs\Microsoft.NETCore.App.Ref\8.0.14\ref\net8.0\System.Security.Cryptography.Csp.dll".
             Se encontr├│ una referencia en la ubicaci├│n de ruta de acceso de b├║squeda "{RawFileName}".
             Esta referencia no es "CopyLocal" porque existe al menos un elemento de origen con "Private" establecido en "false" y ning├║n elemento de origen con "Private" establecido en "true".
         Referencia principal "System.Security.Cryptography.Encoding, Version=8.0.0.0, Culture=neutral, PublicKeyToken=b03f5f7f11d50a3a".
             La ruta de acceso del archivo resuelta es "C:\Program Files\dotnet\packs\Microsoft.NETCore.App.Ref\8.0.14\ref\net8.0\System.Security.Cryptography.Encoding.dll".
   7:7>Ejecuci├│n de la tarea "CheckForImplicitPackageReferenceOverrides" terminada.
  2:10>ResolveAssemblyReferences:
             Se encontr├│ una referencia en la ubicaci├│n de ruta de acceso de b├║squeda "{RawFileName}".
             Esta referencia no es "CopyLocal" porque existe al menos un elemento de origen con "Private" establecido en "false" y ning├║n elemento de origen con "Private" establecido en "true".
         Referencia principal "System.Security.Cryptography.OpenSsl, Version=8.0.0.0, Culture=neutral, PublicKeyToken=b03f5f7f11d50a3a".
   7:7>Compilaci├│n terminada del destino "CheckForImplicitPackageReferenceOverrides" en el proyecto "AuthSystem.API.csproj".
  2:10>ResolveAssemblyReferences:
             La ruta de acceso del archivo resuelta es "C:\Program Files\dotnet\packs\Microsoft.NETCore.App.Ref\8.0.14\ref\net8.0\System.Security.Cryptography.OpenSsl.dll".
             Se encontr├│ una referencia en la ubicaci├│n de ruta de acceso de b├║squeda "{RawFileName}".
             Esta referencia no es "CopyLocal" porque existe al menos un elemento de origen con "Private" establecido en "false" y ning├║n elemento de origen con "Private" establecido en "true".
   7:7>Destino "ApplyImplicitVersions" en el archivo "C:\Program Files\dotnet\sdk\9.0.201\Sdks\Microsoft.NET.Sdk\targets\Microsoft.NET.Sdk.DefaultItems.Shared.targets" del proyecto "D:\Users\Jhon\Documentos\Mintrabajo\Modulo General usuarios\AuthSystemNew\AuthSystem.API\AuthSystem.API.csproj" (el destino "CollectPackageReferences" depende de ├®l):
   7:7>Usando la tarea "ApplyImplicitVersions" del ensamblado "C:\Program Files\dotnet\sdk\9.0.201\Sdks\Microsoft.NET.Sdk\targets\..\tools\net9.0\Microsoft.NET.Build.Tasks.dll".
       Tarea "ApplyImplicitVersions"
  2:10>ResolveAssemblyReferences:
         Referencia principal "System.Security.Cryptography.Primitives, Version=8.0.0.0, Culture=neutral, PublicKeyToken=b03f5f7f11d50a3a".
             La ruta de acceso del archivo resuelta es "C:\Program Files\dotnet\packs\Microsoft.NETCore.App.Ref\8.0.14\ref\net8.0\System.Security.Cryptography.Primitives.dll".
             Se encontr├│ una referencia en la ubicaci├│n de ruta de acceso de b├║squeda "{RawFileName}".
             Esta referencia no es "CopyLocal" porque existe al menos un elemento de origen con "Private" establecido en "false" y ning├║n elemento de origen con "Private" establecido en "true".
         Referencia principal "System.Security.Cryptography.X509Certificates, Version=8.0.0.0, Culture=neutral, PublicKeyToken=b03f5f7f11d50a3a".
             La ruta de acceso del archivo resuelta es "C:\Program Files\dotnet\packs\Microsoft.NETCore.App.Ref\8.0.14\ref\net8.0\System.Security.Cryptography.X509Certificates.dll".
             Se encontr├│ una referencia en la ubicaci├│n de ruta de acceso de b├║squeda "{RawFileName}".
             Esta referencia no es "CopyLocal" porque existe al menos un elemento de origen con "Private" establecido en "false" y ning├║n elemento de origen con "Private" establecido en "true".
         Referencia principal "System.Security.Cryptography, Version=8.0.0.0, Culture=neutral, PublicKeyToken=b03f5f7f11d50a3a".
             La ruta de acceso del archivo resuelta es "C:\Program Files\dotnet\packs\Microsoft.NETCore.App.Ref\8.0.14\ref\net8.0\System.Security.Cryptography.dll".
             Se encontr├│ una referencia en la ubicaci├│n de ruta de acceso de b├║squeda "{RawFileName}".
             Esta referencia no es "CopyLocal" porque existe al menos un elemento de origen con "Private" establecido en "false" y ning├║n elemento de origen con "Private" establecido en "true".
         Referencia principal "System.Security.Principal.Windows, Version=8.0.0.0, Culture=neutral, PublicKeyToken=b03f5f7f11d50a3a".
             La ruta de acceso del archivo resuelta es "C:\Program Files\dotnet\packs\Microsoft.NETCore.App.Ref\8.0.14\ref\net8.0\System.Security.Principal.Windows.dll".
             Se encontr├│ una referencia en la ubicaci├│n de ruta de acceso de b├║squeda "{RawFileName}".
             Esta referencia no es "CopyLocal" porque existe al menos un elemento de origen con "Private" establecido en "false" y ning├║n elemento de origen con "Private" establecido en "true".
         Referencia principal "System.Security.Principal, Version=8.0.0.0, Culture=neutral, PublicKeyToken=b03f5f7f11d50a3a".
             La ruta de acceso del archivo resuelta es "C:\Program Files\dotnet\packs\Microsoft.NETCore.App.Ref\8.0.14\ref\net8.0\System.Security.Principal.dll".
   7:7>Ejecuci├│n de la tarea "ApplyImplicitVersions" terminada.
  2:10>ResolveAssemblyReferences:
             Se encontr├│ una referencia en la ubicaci├│n de ruta de acceso de b├║squeda "{RawFileName}".
             Esta referencia no es "CopyLocal" porque existe al menos un elemento de origen con "Private" establecido en "false" y ning├║n elemento de origen con "Private" establecido en "true".
         Referencia principal "System.Security.SecureString, Version=8.0.0.0, Culture=neutral, PublicKeyToken=b03f5f7f11d50a3a".
             La ruta de acceso del archivo resuelta es "C:\Program Files\dotnet\packs\Microsoft.NETCore.App.Ref\8.0.14\ref\net8.0\System.Security.SecureString.dll".
             Se encontr├│ una referencia en la ubicaci├│n de ruta de acceso de b├║squeda "{RawFileName}".
             Esta referencia no es "CopyLocal" porque existe al menos un elemento de origen con "Private" establecido en "false" y ning├║n elemento de origen con "Private" establecido en "true".
   7:7>Compilaci├│n terminada del destino "ApplyImplicitVersions" en el proyecto "AuthSystem.API.csproj".
       Se omiti├│ el destino "CheckForImplicitPackageReferenceOverrides". Compilado previamente de forma correcta.
  2:10>ResolveAssemblyReferences:
         Referencia principal "System.Security, Version=4.0.0.0, Culture=neutral, PublicKeyToken=b03f5f7f11d50a3a".
             La ruta de acceso del archivo resuelta es "C:\Program Files\dotnet\packs\Microsoft.NETCore.App.Ref\8.0.14\ref\net8.0\System.Security.dll".
   7:7>Se omiti├│ el destino "AddWindowsSdkKnownFrameworkReferences" debido a una condici├│n falsa (False); ('$(TargetFrameworkIdentifier)' == '.NETCoreApp' And '$(TargetPlatformIdentifier)' == 'Windows'
                     And ('$(Language)' != 'C++' Or '$(IncludeWindowsSDKRefFrameworkReferences)' == 'true')) se evalu├│ como ('.NETCoreApp' == '.NETCoreApp' And '' == 'Windows'
                     And ('C#' != 'C++' Or '' == 'true')).
  2:10>ResolveAssemblyReferences:
             Se encontr├│ una referencia en la ubicaci├│n de ruta de acceso de b├║squeda "{RawFileName}".
   7:7>Se omiti├│ el destino "_NormalizeTargetPlatformVersion" debido a una condici├│n falsa (False); ('$(TargetPlatformVersion)' != '' and '$(TargetFrameworkIdentifier)' == '.NETCoreApp' and $([MSBuild]::VersionGreaterThanOrEquals($(TargetFrameworkVersion), 5.0)) and ('$(Language)' != 'C++' or '$(_EnablePackageReferencesInVCProjects)' == 'true')) se evalu├│ como ('' != '' and '.NETCoreApp' == '.NETCoreApp' and True and ('C#' != 'C++' or '' == 'true')).
  2:10>ResolveAssemblyReferences:
             Esta referencia no es "CopyLocal" porque existe al menos un elemento de origen con "Private" establecido en "false" y ning├║n elemento de origen con "Private" establecido en "true".
         Referencia principal "System.ServiceModel.Web, Version=4.0.0.0, Culture=neutral, PublicKeyToken=31bf3856ad364e35".
             La ruta de acceso del archivo resuelta es "C:\Program Files\dotnet\packs\Microsoft.NETCore.App.Ref\8.0.14\ref\net8.0\System.ServiceModel.Web.dll".
             Se encontr├│ una referencia en la ubicaci├│n de ruta de acceso de b├║squeda "{RawFileName}".
             Esta referencia no es "CopyLocal" porque existe al menos un elemento de origen con "Private" establecido en "false" y ning├║n elemento de origen con "Private" establecido en "true".
         Referencia principal "System.ServiceProcess, Version=4.0.0.0, Culture=neutral, PublicKeyToken=b03f5f7f11d50a3a".
             La ruta de acceso del archivo resuelta es "C:\Program Files\dotnet\packs\Microsoft.NETCore.App.Ref\8.0.14\ref\net8.0\System.ServiceProcess.dll".
             Se encontr├│ una referencia en la ubicaci├│n de ruta de acceso de b├║squeda "{RawFileName}".
             Esta referencia no es "CopyLocal" porque existe al menos un elemento de origen con "Private" establecido en "false" y ning├║n elemento de origen con "Private" establecido en "true".
         Referencia principal "System.Text.Encoding.CodePages, Version=8.0.0.0, Culture=neutral, PublicKeyToken=b03f5f7f11d50a3a".
             La ruta de acceso del archivo resuelta es "C:\Program Files\dotnet\packs\Microsoft.NETCore.App.Ref\8.0.14\ref\net8.0\System.Text.Encoding.CodePages.dll".
   7:7>Destino "_ComputeToolPackInputsToProcessFrameworkReferences" en el archivo "C:\Program Files\dotnet\sdk\9.0.201\Sdks\Microsoft.NET.Sdk\targets\Microsoft.NET.Publish.targets" del proyecto "D:\Users\Jhon\Documentos\Mintrabajo\Modulo General usuarios\AuthSystemNew\AuthSystem.API\AuthSystem.API.csproj" (el destino "ProcessFrameworkReferences" depende de ├®l):
   7:7>Compilaci├│n terminada del destino "_ComputeToolPackInputsToProcessFrameworkReferences" en el proyecto "AuthSystem.API.csproj".
  2:10>ResolveAssemblyReferences:
             Se encontr├│ una referencia en la ubicaci├│n de ruta de acceso de b├║squeda "{RawFileName}".
             Esta referencia no es "CopyLocal" porque existe al menos un elemento de origen con "Private" establecido en "false" y ning├║n elemento de origen con "Private" establecido en "true".
   7:7>Destino "ProcessFrameworkReferences" en el archivo "C:\Program Files\dotnet\sdk\9.0.201\Sdks\Microsoft.NET.Sdk\targets\Microsoft.NET.Sdk.FrameworkReferenceResolution.targets" del proyecto "D:\Users\Jhon\Documentos\Mintrabajo\Modulo General usuarios\AuthSystemNew\AuthSystem.API\AuthSystem.API.csproj" (el destino "CollectPackageReferences" depende de ├®l):
   7:7>Usando la tarea "CheckForDuplicateFrameworkReferences" del ensamblado "C:\Program Files\dotnet\sdk\9.0.201\Sdks\Microsoft.NET.Sdk\targets\..\tools\net9.0\Microsoft.NET.Build.Tasks.dll".
       Tarea "CheckForDuplicateFrameworkReferences"
  2:10>ResolveAssemblyReferences:
         Referencia principal "System.Text.Encoding.Extensions, Version=8.0.0.0, Culture=neutral, PublicKeyToken=b03f5f7f11d50a3a".
             La ruta de acceso del archivo resuelta es "C:\Program Files\dotnet\packs\Microsoft.NETCore.App.Ref\8.0.14\ref\net8.0\System.Text.Encoding.Extensions.dll".
             Se encontr├│ una referencia en la ubicaci├│n de ruta de acceso de b├║squeda "{RawFileName}".
             Esta referencia no es "CopyLocal" porque existe al menos un elemento de origen con "Private" establecido en "false" y ning├║n elemento de origen con "Private" establecido en "true".
         Referencia principal "System.Text.Encoding, Version=8.0.0.0, Culture=neutral, PublicKeyToken=b03f5f7f11d50a3a".
             La ruta de acceso del archivo resuelta es "C:\Program Files\dotnet\packs\Microsoft.NETCore.App.Ref\8.0.14\ref\net8.0\System.Text.Encoding.dll".
             Se encontr├│ una referencia en la ubicaci├│n de ruta de acceso de b├║squeda "{RawFileName}".
             Esta referencia no es "CopyLocal" porque existe al menos un elemento de origen con "Private" establecido en "false" y ning├║n elemento de origen con "Private" establecido en "true".
         Referencia principal "System.Text.Encodings.Web, Version=8.0.0.0, Culture=neutral, PublicKeyToken=cc7b13ffcd2ddd51".
   7:7>Ejecuci├│n de la tarea "CheckForDuplicateFrameworkReferences" terminada.
  2:10>ResolveAssemblyReferences:
             La ruta de acceso del archivo resuelta es "C:\Program Files\dotnet\packs\Microsoft.NETCore.App.Ref\8.0.14\ref\net8.0\System.Text.Encodings.Web.dll".
             Se encontr├│ una referencia en la ubicaci├│n de ruta de acceso de b├║squeda "{RawFileName}".
             Esta referencia no es "CopyLocal" porque existe al menos un elemento de origen con "Private" establecido en "false" y ning├║n elemento de origen con "Private" establecido en "true".
         Referencia principal "System.Text.Json, Version=8.0.0.0, Culture=neutral, PublicKeyToken=cc7b13ffcd2ddd51".
             La ruta de acceso del archivo resuelta es "C:\Program Files\dotnet\packs\Microsoft.NETCore.App.Ref\8.0.14\ref\net8.0\System.Text.Json.dll".
             Se encontr├│ una referencia en la ubicaci├│n de ruta de acceso de b├║squeda "{RawFileName}".
             Esta referencia no es "CopyLocal" porque existe al menos un elemento de origen con "Private" establecido en "false" y ning├║n elemento de origen con "Private" establecido en "true".
         Referencia principal "System.Text.RegularExpressions, Version=8.0.0.0, Culture=neutral, PublicKeyToken=b03f5f7f11d50a3a".
             La ruta de acceso del archivo resuelta es "C:\Program Files\dotnet\packs\Microsoft.NETCore.App.Ref\8.0.14\ref\net8.0\System.Text.RegularExpressions.dll".
   7:7>ProcessFrameworkReferences:
       Usando la tarea "ProcessFrameworkReferences" del ensamblado "C:\Program Files\dotnet\sdk\9.0.201\Sdks\Microsoft.NET.Sdk\targets\..\tools\net9.0\Microsoft.NET.Build.Tasks.dll".
       Tarea "ProcessFrameworkReferences"
  2:10>ResolveAssemblyReferences:
             Se encontr├│ una referencia en la ubicaci├│n de ruta de acceso de b├║squeda "{RawFileName}".
             Esta referencia no es "CopyLocal" porque existe al menos un elemento de origen con "Private" establecido en "false" y ning├║n elemento de origen con "Private" establecido en "true".
         Referencia principal "System.Threading.Channels, Version=8.0.0.0, Culture=neutral, PublicKeyToken=cc7b13ffcd2ddd51".
             La ruta de acceso del archivo resuelta es "C:\Program Files\dotnet\packs\Microsoft.NETCore.App.Ref\8.0.14\ref\net8.0\System.Threading.Channels.dll".
             Se encontr├│ una referencia en la ubicaci├│n de ruta de acceso de b├║squeda "{RawFileName}".
             Esta referencia no es "CopyLocal" porque existe al menos un elemento de origen con "Private" establecido en "false" y ning├║n elemento de origen con "Private" establecido en "true".
         Referencia principal "System.Threading.Overlapped, Version=8.0.0.0, Culture=neutral, PublicKeyToken=b03f5f7f11d50a3a".
             La ruta de acceso del archivo resuelta es "C:\Program Files\dotnet\packs\Microsoft.NETCore.App.Ref\8.0.14\ref\net8.0\System.Threading.Overlapped.dll".
             Se encontr├│ una referencia en la ubicaci├│n de ruta de acceso de b├║squeda "{RawFileName}".
             Esta referencia no es "CopyLocal" porque existe al menos un elemento de origen con "Private" establecido en "false" y ning├║n elemento de origen con "Private" establecido en "true".
         Referencia principal "System.Threading.Tasks.Dataflow, Version=8.0.0.0, Culture=neutral, PublicKeyToken=b03f5f7f11d50a3a".
             La ruta de acceso del archivo resuelta es "C:\Program Files\dotnet\packs\Microsoft.NETCore.App.Ref\8.0.14\ref\net8.0\System.Threading.Tasks.Dataflow.dll".
             Se encontr├│ una referencia en la ubicaci├│n de ruta de acceso de b├║squeda "{RawFileName}".
             Esta referencia no es "CopyLocal" porque existe al menos un elemento de origen con "Private" establecido en "false" y ning├║n elemento de origen con "Private" establecido en "true".
         Referencia principal "System.Threading.Tasks.Extensions, Version=8.0.0.0, Culture=neutral, PublicKeyToken=cc7b13ffcd2ddd51".
             La ruta de acceso del archivo resuelta es "C:\Program Files\dotnet\packs\Microsoft.NETCore.App.Ref\8.0.14\ref\net8.0\System.Threading.Tasks.Extensions.dll".
             Se encontr├│ una referencia en la ubicaci├│n de ruta de acceso de b├║squeda "{RawFileName}".
             Esta referencia no es "CopyLocal" porque existe al menos un elemento de origen con "Private" establecido en "false" y ning├║n elemento de origen con "Private" establecido en "true".
         Referencia principal "System.Threading.Tasks.Parallel, Version=8.0.0.0, Culture=neutral, PublicKeyToken=b03f5f7f11d50a3a".
             La ruta de acceso del archivo resuelta es "C:\Program Files\dotnet\packs\Microsoft.NETCore.App.Ref\8.0.14\ref\net8.0\System.Threading.Tasks.Parallel.dll".
             Se encontr├│ una referencia en la ubicaci├│n de ruta de acceso de b├║squeda "{RawFileName}".
             Esta referencia no es "CopyLocal" porque existe al menos un elemento de origen con "Private" establecido en "false" y ning├║n elemento de origen con "Private" establecido en "true".
         Referencia principal "System.Threading.Tasks, Version=8.0.0.0, Culture=neutral, PublicKeyToken=b03f5f7f11d50a3a".
             La ruta de acceso del archivo resuelta es "C:\Program Files\dotnet\packs\Microsoft.NETCore.App.Ref\8.0.14\ref\net8.0\System.Threading.Tasks.dll".
             Se encontr├│ una referencia en la ubicaci├│n de ruta de acceso de b├║squeda "{RawFileName}".
             Esta referencia no es "CopyLocal" porque existe al menos un elemento de origen con "Private" establecido en "false" y ning├║n elemento de origen con "Private" establecido en "true".
         Referencia principal "System.Threading.Thread, Version=8.0.0.0, Culture=neutral, PublicKeyToken=b03f5f7f11d50a3a".
             La ruta de acceso del archivo resuelta es "C:\Program Files\dotnet\packs\Microsoft.NETCore.App.Ref\8.0.14\ref\net8.0\System.Threading.Thread.dll".
             Se encontr├│ una referencia en la ubicaci├│n de ruta de acceso de b├║squeda "{RawFileName}".
             Esta referencia no es "CopyLocal" porque existe al menos un elemento de origen con "Private" establecido en "false" y ning├║n elemento de origen con "Private" establecido en "true".
         Referencia principal "System.Threading.ThreadPool, Version=8.0.0.0, Culture=neutral, PublicKeyToken=b03f5f7f11d50a3a".
             La ruta de acceso del archivo resuelta es "C:\Program Files\dotnet\packs\Microsoft.NETCore.App.Ref\8.0.14\ref\net8.0\System.Threading.ThreadPool.dll".
             Se encontr├│ una referencia en la ubicaci├│n de ruta de acceso de b├║squeda "{RawFileName}".
             Esta referencia no es "CopyLocal" porque existe al menos un elemento de origen con "Private" establecido en "false" y ning├║n elemento de origen con "Private" establecido en "true".
         Referencia principal "System.Threading.Timer, Version=8.0.0.0, Culture=neutral, PublicKeyToken=b03f5f7f11d50a3a".
             La ruta de acceso del archivo resuelta es "C:\Program Files\dotnet\packs\Microsoft.NETCore.App.Ref\8.0.14\ref\net8.0\System.Threading.Timer.dll".
             Se encontr├│ una referencia en la ubicaci├│n de ruta de acceso de b├║squeda "{RawFileName}".
             Esta referencia no es "CopyLocal" porque existe al menos un elemento de origen con "Private" establecido en "false" y ning├║n elemento de origen con "Private" establecido en "true".
         Referencia principal "System.Threading, Version=8.0.0.0, Culture=neutral, PublicKeyToken=b03f5f7f11d50a3a".
             La ruta de acceso del archivo resuelta es "C:\Program Files\dotnet\packs\Microsoft.NETCore.App.Ref\8.0.14\ref\net8.0\System.Threading.dll".
             Se encontr├│ una referencia en la ubicaci├│n de ruta de acceso de b├║squeda "{RawFileName}".
             Esta referencia no es "CopyLocal" porque existe al menos un elemento de origen con "Private" establecido en "false" y ning├║n elemento de origen con "Private" establecido en "true".
         Referencia principal "System.Transactions.Local, Version=8.0.0.0, Culture=neutral, PublicKeyToken=cc7b13ffcd2ddd51".
             La ruta de acceso del archivo resuelta es "C:\Program Files\dotnet\packs\Microsoft.NETCore.App.Ref\8.0.14\ref\net8.0\System.Transactions.Local.dll".
             Se encontr├│ una referencia en la ubicaci├│n de ruta de acceso de b├║squeda "{RawFileName}".
             Esta referencia no es "CopyLocal" porque existe al menos un elemento de origen con "Private" establecido en "false" y ning├║n elemento de origen con "Private" establecido en "true".
         Referencia principal "System.Transactions, Version=4.0.0.0, Culture=neutral, PublicKeyToken=b77a5c561934e089".
             La ruta de acceso del archivo resuelta es "C:\Program Files\dotnet\packs\Microsoft.NETCore.App.Ref\8.0.14\ref\net8.0\System.Transactions.dll".
             Se encontr├│ una referencia en la ubicaci├│n de ruta de acceso de b├║squeda "{RawFileName}".
             Esta referencia no es "CopyLocal" porque existe al menos un elemento de origen con "Private" establecido en "false" y ning├║n elemento de origen con "Private" establecido en "true".
         Referencia principal "System.ValueTuple, Version=8.0.0.0, Culture=neutral, PublicKeyToken=cc7b13ffcd2ddd51".
             La ruta de acceso del archivo resuelta es "C:\Program Files\dotnet\packs\Microsoft.NETCore.App.Ref\8.0.14\ref\net8.0\System.ValueTuple.dll".
             Se encontr├│ una referencia en la ubicaci├│n de ruta de acceso de b├║squeda "{RawFileName}".
             Esta referencia no es "CopyLocal" porque existe al menos un elemento de origen con "Private" establecido en "false" y ning├║n elemento de origen con "Private" establecido en "true".
         Referencia principal "System.Web.HttpUtility, Version=8.0.0.0, Culture=neutral, PublicKeyToken=cc7b13ffcd2ddd51".
             La ruta de acceso del archivo resuelta es "C:\Program Files\dotnet\packs\Microsoft.NETCore.App.Ref\8.0.14\ref\net8.0\System.Web.HttpUtility.dll".
             Se encontr├│ una referencia en la ubicaci├│n de ruta de acceso de b├║squeda "{RawFileName}".
             Esta referencia no es "CopyLocal" porque existe al menos un elemento de origen con "Private" establecido en "false" y ning├║n elemento de origen con "Private" establecido en "true".
         Referencia principal "System.Web, Version=4.0.0.0, Culture=neutral, PublicKeyToken=b03f5f7f11d50a3a".
             La ruta de acceso del archivo resuelta es "C:\Program Files\dotnet\packs\Microsoft.NETCore.App.Ref\8.0.14\ref\net8.0\System.Web.dll".
             Se encontr├│ una referencia en la ubicaci├│n de ruta de acceso de b├║squeda "{RawFileName}".
             Esta referencia no es "CopyLocal" porque existe al menos un elemento de origen con "Private" establecido en "false" y ning├║n elemento de origen con "Private" establecido en "true".
         Referencia principal "System.Windows, Version=4.0.0.0, Culture=neutral, PublicKeyToken=b03f5f7f11d50a3a".
             La ruta de acceso del archivo resuelta es "C:\Program Files\dotnet\packs\Microsoft.NETCore.App.Ref\8.0.14\ref\net8.0\System.Windows.dll".
             Se encontr├│ una referencia en la ubicaci├│n de ruta de acceso de b├║squeda "{RawFileName}".
             Esta referencia no es "CopyLocal" porque existe al menos un elemento de origen con "Private" establecido en "false" y ning├║n elemento de origen con "Private" establecido en "true".
         Referencia principal "System.Xml.Linq, Version=4.0.0.0, Culture=neutral, PublicKeyToken=b77a5c561934e089".
             La ruta de acceso del archivo resuelta es "C:\Program Files\dotnet\packs\Microsoft.NETCore.App.Ref\8.0.14\ref\net8.0\System.Xml.Linq.dll".
             Se encontr├│ una referencia en la ubicaci├│n de ruta de acceso de b├║squeda "{RawFileName}".
             Esta referencia no es "CopyLocal" porque existe al menos un elemento de origen con "Private" establecido en "false" y ning├║n elemento de origen con "Private" establecido en "true".
         Referencia principal "System.Xml.ReaderWriter, Version=8.0.0.0, Culture=neutral, PublicKeyToken=b03f5f7f11d50a3a".
             La ruta de acceso del archivo resuelta es "C:\Program Files\dotnet\packs\Microsoft.NETCore.App.Ref\8.0.14\ref\net8.0\System.Xml.ReaderWriter.dll".
             Se encontr├│ una referencia en la ubicaci├│n de ruta de acceso de b├║squeda "{RawFileName}".
             Esta referencia no es "CopyLocal" porque existe al menos un elemento de origen con "Private" establecido en "false" y ning├║n elemento de origen con "Private" establecido en "true".
         Referencia principal "System.Xml.Serialization, Version=4.0.0.0, Culture=neutral, PublicKeyToken=b77a5c561934e089".
             La ruta de acceso del archivo resuelta es "C:\Program Files\dotnet\packs\Microsoft.NETCore.App.Ref\8.0.14\ref\net8.0\System.Xml.Serialization.dll".
             Se encontr├│ una referencia en la ubicaci├│n de ruta de acceso de b├║squeda "{RawFileName}".
             Esta referencia no es "CopyLocal" porque existe al menos un elemento de origen con "Private" establecido en "false" y ning├║n elemento de origen con "Private" establecido en "true".
         Referencia principal "System.Xml.XDocument, Version=8.0.0.0, Culture=neutral, PublicKeyToken=b03f5f7f11d50a3a".
             La ruta de acceso del archivo resuelta es "C:\Program Files\dotnet\packs\Microsoft.NETCore.App.Ref\8.0.14\ref\net8.0\System.Xml.XDocument.dll".
             Se encontr├│ una referencia en la ubicaci├│n de ruta de acceso de b├║squeda "{RawFileName}".
             Esta referencia no es "CopyLocal" porque existe al menos un elemento de origen con "Private" establecido en "false" y ning├║n elemento de origen con "Private" establecido en "true".
         Referencia principal "System.Xml.XPath.XDocument, Version=8.0.0.0, Culture=neutral, PublicKeyToken=b03f5f7f11d50a3a".
             La ruta de acceso del archivo resuelta es "C:\Program Files\dotnet\packs\Microsoft.NETCore.App.Ref\8.0.14\ref\net8.0\System.Xml.XPath.XDocument.dll".
             Se encontr├│ una referencia en la ubicaci├│n de ruta de acceso de b├║squeda "{RawFileName}".
             Esta referencia no es "CopyLocal" porque existe al menos un elemento de origen con "Private" establecido en "false" y ning├║n elemento de origen con "Private" establecido en "true".
         Referencia principal "System.Xml.XPath, Version=8.0.0.0, Culture=neutral, PublicKeyToken=b03f5f7f11d50a3a".
             La ruta de acceso del archivo resuelta es "C:\Program Files\dotnet\packs\Microsoft.NETCore.App.Ref\8.0.14\ref\net8.0\System.Xml.XPath.dll".
             Se encontr├│ una referencia en la ubicaci├│n de ruta de acceso de b├║squeda "{RawFileName}".
             Esta referencia no es "CopyLocal" porque existe al menos un elemento de origen con "Private" establecido en "false" y ning├║n elemento de origen con "Private" establecido en "true".
         Referencia principal "System.Xml.XmlDocument, Version=8.0.0.0, Culture=neutral, PublicKeyToken=b03f5f7f11d50a3a".
             La ruta de acceso del archivo resuelta es "C:\Program Files\dotnet\packs\Microsoft.NETCore.App.Ref\8.0.14\ref\net8.0\System.Xml.XmlDocument.dll".
             Se encontr├│ una referencia en la ubicaci├│n de ruta de acceso de b├║squeda "{RawFileName}".
             Esta referencia no es "CopyLocal" porque existe al menos un elemento de origen con "Private" establecido en "false" y ning├║n elemento de origen con "Private" establecido en "true".
         Referencia principal "System.Xml.XmlSerializer, Version=8.0.0.0, Culture=neutral, PublicKeyToken=b03f5f7f11d50a3a".
             La ruta de acceso del archivo resuelta es "C:\Program Files\dotnet\packs\Microsoft.NETCore.App.Ref\8.0.14\ref\net8.0\System.Xml.XmlSerializer.dll".
             Se encontr├│ una referencia en la ubicaci├│n de ruta de acceso de b├║squeda "{RawFileName}".
             Esta referencia no es "CopyLocal" porque existe al menos un elemento de origen con "Private" establecido en "false" y ning├║n elemento de origen con "Private" establecido en "true".
         Referencia principal "System.Xml, Version=4.0.0.0, Culture=neutral, PublicKeyToken=b77a5c561934e089".
             La ruta de acceso del archivo resuelta es "C:\Program Files\dotnet\packs\Microsoft.NETCore.App.Ref\8.0.14\ref\net8.0\System.Xml.dll".
             Se encontr├│ una referencia en la ubicaci├│n de ruta de acceso de b├║squeda "{RawFileName}".
             Esta referencia no es "CopyLocal" porque existe al menos un elemento de origen con "Private" establecido en "false" y ning├║n elemento de origen con "Private" establecido en "true".
         Referencia principal "System, Version=4.0.0.0, Culture=neutral, PublicKeyToken=b77a5c561934e089".
             La ruta de acceso del archivo resuelta es "C:\Program Files\dotnet\packs\Microsoft.NETCore.App.Ref\8.0.14\ref\net8.0\System.dll".
             Se encontr├│ una referencia en la ubicaci├│n de ruta de acceso de b├║squeda "{RawFileName}".
             Esta referencia no es "CopyLocal" porque existe al menos un elemento de origen con "Private" establecido en "false" y ning├║n elemento de origen con "Private" establecido en "true".
         Referencia principal "WindowsBase, Version=4.0.0.0, Culture=neutral, PublicKeyToken=31bf3856ad364e35".
             La ruta de acceso del archivo resuelta es "C:\Program Files\dotnet\packs\Microsoft.NETCore.App.Ref\8.0.14\ref\net8.0\WindowsBase.dll".
             Se encontr├│ una referencia en la ubicaci├│n de ruta de acceso de b├║squeda "{RawFileName}".
             Esta referencia no es "CopyLocal" porque existe al menos un elemento de origen con "Private" establecido en "false" y ning├║n elemento de origen con "Private" establecido en "true".
         Referencia principal "mscorlib, Version=4.0.0.0, Culture=neutral, PublicKeyToken=b77a5c561934e089".
             La ruta de acceso del archivo resuelta es "C:\Program Files\dotnet\packs\Microsoft.NETCore.App.Ref\8.0.14\ref\net8.0\mscorlib.dll".
             Se encontr├│ una referencia en la ubicaci├│n de ruta de acceso de b├║squeda "{RawFileName}".
             Esta referencia no es "CopyLocal" porque existe al menos un elemento de origen con "Private" establecido en "false" y ning├║n elemento de origen con "Private" establecido en "true".
         Referencia principal "netstandard, Version=2.1.0.0, Culture=neutral, PublicKeyToken=cc7b13ffcd2ddd51".
             La ruta de acceso del archivo resuelta es "C:\Program Files\dotnet\packs\Microsoft.NETCore.App.Ref\8.0.14\ref\net8.0\netstandard.dll".
             Se encontr├│ una referencia en la ubicaci├│n de ruta de acceso de b├║squeda "{RawFileName}".
             Esta referencia no es "CopyLocal" porque existe al menos un elemento de origen con "Private" establecido en "false" y ning├║n elemento de origen con "Private" establecido en "true".
       Ejecuci├│n de la tarea "ResolveAssemblyReference" terminada.
  2:10>Compilaci├│n terminada del destino "ResolveAssemblyReferences" en el proyecto "AuthSystem.Application.csproj".
       Se omiti├│ el destino "GenerateBindingRedirects" debido a una condici├│n falsa (False); ('$(AutoGenerateBindingRedirects)' == 'true' and '$(GenerateBindingRedirectsOutputType)' == 'true' and '@(SuggestedBindingRedirects)' != '' and '$(DesignTimeBuild)' != 'true' and '$(BuildingProject)' == 'true') se evalu├│ como ('' == 'true' and '' == 'true' and '' != '' and '' != 'true' and 'true' == 'true').
       Se omiti├│ el destino "GenerateSupportedRuntime" debido a una condici├│n falsa (False); ('$(GenerateSupportedRuntime)' != 'false' and '$(TargetFrameworkIdentifier)' == '.NETFramework' and '$(HasRuntimeOutput)' == 'true') se evalu├│ como ('' != 'false' and '.NETCoreApp' == '.NETFramework' and '' == 'true').
       Se omiti├│ el destino "GenerateBindingRedirectsUpdateAppConfig" debido a una condici├│n falsa (False); ('$(AutoGenerateBindingRedirects)' == 'true' and '$(GenerateBindingRedirectsOutputType)' == 'true') se evalu├│ como ('' == 'true' and '' == 'true').
       Se omiti├│ el destino "ResolveComReferences" debido a una condici├│n falsa (False); ('@(COMReference)'!='' or '@(COMFileReference)'!='') se evalu├│ como (''!='' or ''!='').
  2:10>Destino "AfterResolveReferences" en el archivo "C:\Program Files\dotnet\sdk\9.0.201\Microsoft.Common.CurrentVersion.targets" del proyecto "D:\Users\Jhon\Documentos\Mintrabajo\Modulo General usuarios\AuthSystemNew\AuthSystem.Application\AuthSystem.Application.csproj" (el destino "ResolveReferences" depende de ├®l):
  2:10>Compilaci├│n terminada del destino "AfterResolveReferences" en el proyecto "AuthSystem.Application.csproj".
  2:10>Destino "ResolveReferences" en el archivo "C:\Program Files\dotnet\sdk\9.0.201\Microsoft.Common.CurrentVersion.targets" del proyecto "D:\Users\Jhon\Documentos\Mintrabajo\Modulo General usuarios\AuthSystemNew\AuthSystem.Application\AuthSystem.Application.csproj" (el destino "_BlockWinMDsOnUnsupportedTFMs" depende de ├®l):
  2:10>Compilaci├│n terminada del destino "ResolveReferences" en el proyecto "AuthSystem.Application.csproj".
  2:10>Destino "_BlockWinMDsOnUnsupportedTFMs" en el archivo "C:\Program Files\dotnet\sdk\9.0.201\Sdks\Microsoft.NET.Sdk\targets\Microsoft.NET.Sdk.targets" del proyecto "D:\Users\Jhon\Documentos\Mintrabajo\Modulo General usuarios\AuthSystemNew\AuthSystem.Application\AuthSystem.Application.csproj" (el destino "CoreBuild" depende de ├®l):
       Usando la tarea "CheckForUnsupportedWinMDReferences" del ensamblado "C:\Program Files\dotnet\sdk\9.0.201\Sdks\Microsoft.NET.Sdk\targets\..\tools\net9.0\Microsoft.NET.Build.Tasks.dll".
       Tarea "CheckForUnsupportedWinMDReferences"
       Ejecuci├│n de la tarea "CheckForUnsupportedWinMDReferences" terminada.
       Se omiti├│ la tarea "NETSdkError" debido a una condici├│n falsa (False); ('$(OutputType)' == 'winmdobj') se evalu├│ como ('Library' == 'winmdobj').
  2:10>Compilaci├│n terminada del destino "_BlockWinMDsOnUnsupportedTFMs" en el proyecto "AuthSystem.Application.csproj".
   7:7>Ejecuci├│n de la tarea "ProcessFrameworkReferences" terminada.
  2:10>Se omiti├│ el destino "ResolveReferences". Compilado previamente de forma correcta.
       Se omiti├│ el destino "ResolvePackageDependenciesForBuild". Compilado previamente de forma correcta.
       Se omiti├│ el destino "_HandlePackageFileConflicts". Compilado previamente de forma correcta.
   7:7>ProcessFrameworkReferences:
       Usando la tarea "ResolveAppHosts" del ensamblado "C:\Program Files\dotnet\sdk\9.0.201\Sdks\Microsoft.NET.Sdk\targets\..\tools\net9.0\Microsoft.NET.Build.Tasks.dll".
       Tarea "ResolveAppHosts"
  2:10>Destino "CopyAdditionalFiles" en el archivo "C:\Program Files\dotnet\sdk\9.0.201\Roslyn\Microsoft.Managed.Core.targets" del proyecto "D:\Users\Jhon\Documentos\Mintrabajo\Modulo General usuarios\AuthSystemNew\AuthSystem.Application\AuthSystem.Application.csproj" (el destino "AssignTargetPaths" depende de ├®l):
  2:10>Compilaci├│n terminada del destino "CopyAdditionalFiles" en el proyecto "AuthSystem.Application.csproj".
       Se omiti├│ el destino "_GetAppHostPaths" debido a una condici├│n falsa (False); ('$(UseAppHost)' == 'true' and '$(_IsExecutable)' == 'true') se evalu├│ como ('' == 'true' and '' == 'true').
       Se omiti├│ el destino "_GetAppHostCreationConfiguration" debido a una condici├│n falsa (False); ('$(UseAppHost)' == 'true' and '$(_IsExecutable)' == 'true') se evalu├│ como ('' == 'true' and '' == 'true').
       Se omiti├│ el destino "_GetComHostPaths" debido a una condici├│n falsa (False); ('$(EnableComHosting)' == 'true' and '$(_IsExecutable)' != 'true') se evalu├│ como ('' == 'true' and '' != 'true').
       Se omiti├│ el destino "_GetIjwHostPaths" debido a una condici├│n falsa (False); ('$(UseIJWHost)' == 'true') se evalu├│ como ('' == 'true').
  2:10>Destino "_ComputeNETCoreBuildOutputFiles" en el archivo "C:\Program Files\dotnet\sdk\9.0.201\Sdks\Microsoft.NET.Sdk\targets\Microsoft.NET.Sdk.targets" del proyecto "D:\Users\Jhon\Documentos\Mintrabajo\Modulo General usuarios\AuthSystemNew\AuthSystem.Application\AuthSystem.Application.csproj" (el destino "AssignTargetPaths" depende de ├®l):
  2:10>Compilaci├│n terminada del destino "_ComputeNETCoreBuildOutputFiles" en el proyecto "AuthSystem.Application.csproj".
  2:10>Destino "AssignTargetPaths" en el archivo "C:\Program Files\dotnet\sdk\9.0.201\Microsoft.Common.CurrentVersion.targets" del proyecto "D:\Users\Jhon\Documentos\Mintrabajo\Modulo General usuarios\AuthSystemNew\AuthSystem.Application\AuthSystem.Application.csproj" (el destino "PrepareResourceNames" depende de ├®l):
       Usando la tarea "AssignTargetPath" del ensamblado "Microsoft.Build.Tasks.Core, Version=15.1.0.0, Culture=neutral, PublicKeyToken=b03f5f7f11d50a3a".
       Tarea "AssignTargetPath"
       Ejecuci├│n de la tarea "AssignTargetPath" terminada.
       Tarea "AssignTargetPath"
       Ejecuci├│n de la tarea "AssignTargetPath" terminada.
       Tarea "AssignTargetPath"
       Ejecuci├│n de la tarea "AssignTargetPath" terminada.
       Tarea "AssignTargetPath"
       Ejecuci├│n de la tarea "AssignTargetPath" terminada.
       Se omiti├│ la tarea "AssignTargetPath" debido a una condici├│n falsa (False); ('@(_DeploymentBaseManifestWithTargetPath)'=='' and '%(None.Extension)'=='.manifest') se evalu├│ como (''=='' and ''=='.manifest').
  2:10>Compilaci├│n terminada del destino "AssignTargetPaths" en el proyecto "AuthSystem.Application.csproj".
       Se omiti├│ el destino "AssignTargetPaths". Compilado previamente de forma correcta.
  2:10>Destino "SplitResourcesByCulture" en el archivo "C:\Program Files\dotnet\sdk\9.0.201\Microsoft.Common.CurrentVersion.targets" del proyecto "D:\Users\Jhon\Documentos\Mintrabajo\Modulo General usuarios\AuthSystemNew\AuthSystem.Application\AuthSystem.Application.csproj" (el destino "PrepareResourceNames" depende de ├®l):
       Se omiti├│ la tarea "MSBuildInternalMessage" debido a una condici├│n falsa (False); ('@(ResxWithNoCulture)'!='') se evalu├│ como (''!='').
       Se omiti├│ la tarea "MSBuildInternalMessage" debido a una condici├│n falsa (False); ('@(ResxWithCulture)'!='') se evalu├│ como (''!='').
       Se omiti├│ la tarea "MSBuildInternalMessage" debido a una condici├│n falsa (False); ('@(NonResxWithCulture)'!='') se evalu├│ como (''!='').
       Se omiti├│ la tarea "MSBuildInternalMessage" debido a una condici├│n falsa (False); ('@(NonResxWithNoCulture)'!='') se evalu├│ como (''!='').
       Usando la tarea "AssignCulture" del ensamblado "Microsoft.Build.Tasks.Core, Version=15.1.0.0, Culture=neutral, PublicKeyToken=b03f5f7f11d50a3a".
       Tarea "AssignCulture"
       Ejecuci├│n de la tarea "AssignCulture" terminada.
  2:10>Compilaci├│n terminada del destino "SplitResourcesByCulture" en el proyecto "AuthSystem.Application.csproj".
       Se omiti├│ el destino "CreateManifestResourceNames" debido a una condici├│n falsa (False); ('@(EmbeddedResource)' != '') se evalu├│ como ('' != '').
  2:10>Destino "CreateCustomManifestResourceNames" en el archivo "C:\Program Files\dotnet\sdk\9.0.201\Microsoft.Common.CurrentVersion.targets" del proyecto "D:\Users\Jhon\Documentos\Mintrabajo\Modulo General usuarios\AuthSystemNew\AuthSystem.Application\AuthSystem.Application.csproj" (el destino "PrepareResourceNames" depende de ├®l):
  2:10>Compilaci├│n terminada del destino "CreateCustomManifestResourceNames" en el proyecto "AuthSystem.Application.csproj".
  2:10>Destino "PrepareResourceNames" en el archivo "C:\Program Files\dotnet\sdk\9.0.201\Microsoft.Common.CurrentVersion.targets" del proyecto "D:\Users\Jhon\Documentos\Mintrabajo\Modulo General usuarios\AuthSystemNew\AuthSystem.Application\AuthSystem.Application.csproj" (el destino "PrepareResources" depende de ├®l):
  2:10>Compilaci├│n terminada del destino "PrepareResourceNames" en el proyecto "AuthSystem.Application.csproj".
       Se omiti├│ el destino "ResolveAssemblyReferences". Compilado previamente de forma correcta.
       Se omiti├│ el destino "SplitResourcesByCulture". Compilado previamente de forma correcta.
  2:10>Destino "BeforeResGen" en el archivo "C:\Program Files\dotnet\sdk\9.0.201\Microsoft.Common.CurrentVersion.targets" del proyecto "D:\Users\Jhon\Documentos\Mintrabajo\Modulo General usuarios\AuthSystemNew\AuthSystem.Application\AuthSystem.Application.csproj" (el destino "ResGen" depende de ├®l):
  2:10>Compilaci├│n terminada del destino "BeforeResGen" en el proyecto "AuthSystem.Application.csproj".
       Se omiti├│ el destino "ResolveReferences". Compilado previamente de forma correcta.
  2:10>Destino "FindReferenceAssembliesForReferences" en el archivo "C:\Program Files\dotnet\sdk\9.0.201\Microsoft.Common.CurrentVersion.targets" del proyecto "D:\Users\Jhon\Documentos\Mintrabajo\Modulo General usuarios\AuthSystemNew\AuthSystem.Application\AuthSystem.Application.csproj" (el destino "CoreResGen" depende de ├®l):
  2:10>Compilaci├│n terminada del destino "FindReferenceAssembliesForReferences" en el proyecto "AuthSystem.Application.csproj".
  2:10>Destino "CoreResGen" en el archivo "C:\Program Files\dotnet\sdk\9.0.201\Microsoft.Common.CurrentVersion.targets" del proyecto "D:\Users\Jhon\Documentos\Mintrabajo\Modulo General usuarios\AuthSystemNew\AuthSystem.Application\AuthSystem.Application.csproj" (el destino "ResGen" depende de ├®l):
       Se omiti├│ la tarea "GenerateResource" debido a una condici├│n falsa (False); ('%(EmbeddedResource.Type)' == 'Resx' and '%(EmbeddedResource.GenerateResource)' != 'false' and '$(GenerateResourceMSBuildRuntime)' != 'CLR2') se evalu├│ como ('' == 'Resx' and '' != 'false' and 'CurrentRuntime' != 'CLR2').
       Se omiti├│ la tarea "GenerateResource" debido a una condici├│n falsa (False); ('%(EmbeddedResource.Type)' == 'Resx' and '%(EmbeddedResource.GenerateResource)' != 'false' and '$(GenerateResourceMSBuildRuntime)' == 'CLR2') se evalu├│ como ('' == 'Resx' and '' != 'false' and 'CurrentRuntime' == 'CLR2').
  2:10>Compilaci├│n terminada del destino "CoreResGen" en el proyecto "AuthSystem.Application.csproj".
  2:10>Destino "AfterResGen" en el archivo "C:\Program Files\dotnet\sdk\9.0.201\Microsoft.Common.CurrentVersion.targets" del proyecto "D:\Users\Jhon\Documentos\Mintrabajo\Modulo General usuarios\AuthSystemNew\AuthSystem.Application\AuthSystem.Application.csproj" (el destino "ResGen" depende de ├®l):
  2:10>Compilaci├│n terminada del destino "AfterResGen" en el proyecto "AuthSystem.Application.csproj".
  2:10>Destino "ResGen" en el archivo "C:\Program Files\dotnet\sdk\9.0.201\Microsoft.Common.CurrentVersion.targets" del proyecto "D:\Users\Jhon\Documentos\Mintrabajo\Modulo General usuarios\AuthSystemNew\AuthSystem.Application\AuthSystem.Application.csproj" (el destino "PrepareResources" depende de ├®l):
  2:10>Compilaci├│n terminada del destino "ResGen" en el proyecto "AuthSystem.Application.csproj".
       Se omiti├│ el destino "CompileLicxFiles" debido a una condici├│n falsa (False); ('@(_LicxFile)'!='') se evalu├│ como (''!='').
  2:10>Destino "PrepareResources" en el archivo "C:\Program Files\dotnet\sdk\9.0.201\Microsoft.Common.CurrentVersion.targets" del proyecto "D:\Users\Jhon\Documentos\Mintrabajo\Modulo General usuarios\AuthSystemNew\AuthSystem.Application\AuthSystem.Application.csproj" (el destino "CoreBuild" depende de ├®l):
  2:10>Compilaci├│n terminada del destino "PrepareResources" en el proyecto "AuthSystem.Application.csproj".
       Se omiti├│ el destino "ResolveKeySource" debido a una condici├│n falsa (False); ($(SignManifests) == 'true' or $(SignAssembly) == 'true') se evalu├│ como ( == 'true' or false == 'true').
   7:7>Ejecuci├│n de la tarea "ResolveAppHosts" terminada.
  2:10>Se omiti├│ el destino "ResolveReferences". Compilado previamente de forma correcta.
       Se omiti├│ el destino "ResolveKeySource" debido a una condici├│n falsa (False); ($(SignManifests) == 'true' or $(SignAssembly) == 'true') se evalu├│ como ( == 'true' or false == 'true').
       Se omiti├│ el destino "ResolveComReferences" debido a una condici├│n falsa (False); ('@(COMReference)'!='' or '@(COMFileReference)'!='') se evalu├│ como (''!='' or ''!='').
       Se omiti├│ el destino "ResolveNativeReferences" debido a una condici├│n falsa (False); ('@(NativeReference)'!='') se evalu├│ como (''!='').
       Se omiti├│ el destino "_SetExternalWin32ManifestProperties" debido a una condici├│n falsa (False); ('$(GenerateClickOnceManifests)'=='true' or '@(NativeReference)'!='' or '@(ResolvedIsolatedComModules)'!='') se evalu├│ como (''=='true' or ''!='' or ''!='').
   7:7>Compilaci├│n terminada del destino "ProcessFrameworkReferences" en el proyecto "AuthSystem.API.csproj".
       Se omiti├│ el destino "IncludeTargetingPackReference" debido a una condici├│n falsa (False); ('$(TargetFrameworkMoniker)' != '' and '$(TargetFrameworkIdentifier)' == '.NETFramework' and '$(AutomaticallyUseReferenceAssemblyPackages)' == 'true') se evalu├│ como ('.NETCoreApp,Version=v8.0' != '' and '.NETCoreApp' == '.NETFramework' and 'true' == 'true').
  2:10>Destino "_SetEmbeddedWin32ManifestProperties" en el archivo "C:\Program Files\dotnet\sdk\9.0.201\Microsoft.Common.CurrentVersion.targets" del proyecto "D:\Users\Jhon\Documentos\Mintrabajo\Modulo General usuarios\AuthSystemNew\AuthSystem.Application\AuthSystem.Application.csproj" (el destino "SetWin32ManifestProperties" depende de ├®l):
  2:10>Usando la tarea "GetFrameworkPath" del ensamblado "Microsoft.Build.Tasks.Core, Version=15.1.0.0, Culture=neutral, PublicKeyToken=b03f5f7f11d50a3a".
   7:7>Se omiti├│ el destino "_CheckMicrosoftNetCompilersToolsetFrameworkPackageReference" debido a una condici├│n falsa (False); ('$(MSBuildRuntimeType)' == 'Full') se evalu├│ como ('Core' == 'Full').
  2:10>Tarea "GetFrameworkPath"
   7:7>Destino "_CheckForObsoleteDotNetCliToolReferences" en el archivo "C:\Program Files\dotnet\sdk\9.0.201\Sdks\Microsoft.NET.Sdk\targets\Microsoft.NET.ObsoleteReferences.targets" del proyecto "D:\Users\Jhon\Documentos\Mintrabajo\Modulo General usuarios\AuthSystemNew\AuthSystem.API\AuthSystem.API.csproj" (el destino "CollectPackageReferences" depende de ├®l):
   7:7>Se omiti├│ la tarea "NETSdkWarning" debido a una condici├│n falsa (False); ( '%(_ReferenceToObsoleteDotNetCliTool.Identity)' != '' ) se evalu├│ como ( '' != '' ).
  2:10>Ejecuci├│n de la tarea "GetFrameworkPath" terminada.
   7:7>Compilaci├│n terminada del destino "_CheckForObsoleteDotNetCliToolReferences" en el proyecto "AuthSystem.API.csproj".
  2:10>Compilaci├│n terminada del destino "_SetEmbeddedWin32ManifestProperties" en el proyecto "AuthSystem.Application.csproj".
  2:10>Destino "SetWin32ManifestProperties" en el archivo "C:\Program Files\dotnet\sdk\9.0.201\Microsoft.Common.CurrentVersion.targets" del proyecto "D:\Users\Jhon\Documentos\Mintrabajo\Modulo General usuarios\AuthSystemNew\AuthSystem.Application\AuthSystem.Application.csproj" (el destino "Compile" depende de ├®l):
  2:10>Compilaci├│n terminada del destino "SetWin32ManifestProperties" en el proyecto "AuthSystem.Application.csproj".
       Se omiti├│ el destino "_SetPreferNativeArm64Win32ManifestProperties" debido a una condici├│n falsa (False); ( '$(PreferNativeArm64)'=='true' and '$(NoWin32Manifest)'!='true') se evalu├│ como ( 'false'=='true' and ''!='true').
   7:7>Destino "CollectPackageReferences" en el archivo "C:\Program Files\dotnet\sdk\9.0.201\NuGet.targets" del proyecto "D:\Users\Jhon\Documentos\Mintrabajo\Modulo General usuarios\AuthSystemNew\AuthSystem.API\AuthSystem.API.csproj" (el destino "_GetRestoreProjectStyle" depende de ├®l):
   7:7>Usando la tarea "CheckForDuplicateNuGetItemsTask" del ensamblado "C:\Program Files\dotnet\sdk\9.0.201\NuGet.Build.Tasks.dll".
  2:10>Se omiti├│ el destino "FindReferenceAssembliesForReferences". Compilado previamente de forma correcta.
   7:7>Tarea "CheckForDuplicateNuGetItemsTask"
  2:10>Destino "_GenerateCompileInputs" en el archivo "C:\Program Files\dotnet\sdk\9.0.201\Microsoft.Common.CurrentVersion.targets" del proyecto "D:\Users\Jhon\Documentos\Mintrabajo\Modulo General usuarios\AuthSystemNew\AuthSystem.Application\AuthSystem.Application.csproj" (el destino "Compile" depende de ├®l):
  2:10>Se omiti├│ la tarea "MSBuildInternalMessage" debido a una condici├│n falsa (False); ('@(ManifestResourceWithNoCulture)'!='' and '%(ManifestResourceWithNoCulture.EmittedForCompatibilityOnly)'=='') se evalu├│ como (''!='' and ''=='').
       Se omiti├│ la tarea "MSBuildInternalMessage" debido a una condici├│n falsa (False); ('@(ManifestNonResxWithNoCultureOnDisk)'!='' and '%(ManifestNonResxWithNoCultureOnDisk.EmittedForCompatibilityOnly)'=='') se evalu├│ como (''!='' and ''=='').
  2:10>Compilaci├│n terminada del destino "_GenerateCompileInputs" en el proyecto "AuthSystem.Application.csproj".
       Se omiti├│ el destino "GenerateTargetPlatformDefineConstants" debido a una condici├│n falsa (False); ( '$(DisableImplicitFrameworkDefines)' != 'true' and '$(TargetPlatformIdentifier)' != '' and '$(TargetFrameworkIdentifier)' == '.NETCoreApp' and $([MSBuild]::VersionGreaterThanOrEquals($(TargetFrameworkVersion), 5.0)) ) se evalu├│ como ( '' != 'true' and '' != '' and '.NETCoreApp' == '.NETCoreApp' and True ).
   7:7>Ejecuci├│n de la tarea "CheckForDuplicateNuGetItemsTask" terminada.
   7:7>Compilaci├│n terminada del destino "CollectPackageReferences" en el proyecto "AuthSystem.API.csproj".
  2:10>Destino "GenerateNETCompatibleDefineConstants" en el archivo "C:\Program Files\dotnet\sdk\9.0.201\Sdks\Microsoft.NET.Sdk\targets\Microsoft.NET.Sdk.BeforeCommon.targets" del proyecto "D:\Users\Jhon\Documentos\Mintrabajo\Modulo General usuarios\AuthSystemNew\AuthSystem.Application\AuthSystem.Application.csproj" (el destino "AddImplicitDefineConstants" depende de ├®l):
  2:10>Compilaci├│n terminada del destino "GenerateNETCompatibleDefineConstants" en el proyecto "AuthSystem.Application.csproj".
       Se omiti├│ el destino "GeneratePlatformCompatibleDefineConstants" debido a una condici├│n falsa (False); ( '$(DisableImplicitFrameworkDefines)' != 'true' and '$(TargetPlatformIdentifier)' != '' and '$(TargetFrameworkIdentifier)' == '.NETCoreApp' and $([MSBuild]::VersionGreaterThanOrEquals($(TargetFrameworkVersion), 5.0)) ) se evalu├│ como ( '' != 'true' and '' != '' and '.NETCoreApp' == '.NETCoreApp' and True ).
       Se omiti├│ el destino "_DisableDiagnosticTracing" debido a una condici├│n falsa (False); ('$(DisableDiagnosticTracing)' == 'true') se evalu├│ como ('' == 'true').
   7:7>Destino "_GetRestoreProjectStyle" en el archivo "C:\Program Files\dotnet\sdk\9.0.201\NuGet.targets" del proyecto "D:\Users\Jhon\Documentos\Mintrabajo\Modulo General usuarios\AuthSystemNew\AuthSystem.API\AuthSystem.API.csproj" (el destino "EnableIntermediateOutputPathMismatchWarning" depende de ├®l):
   7:7>Usando la tarea "GetRestoreProjectStyleTask" del ensamblado "C:\Program Files\dotnet\sdk\9.0.201\NuGet.Build.Tasks.dll".
       Tarea "GetRestoreProjectStyleTask"
  2:10>Destino "AddImplicitDefineConstants" en el archivo "C:\Program Files\dotnet\sdk\9.0.201\Sdks\Microsoft.NET.Sdk\targets\Microsoft.NET.Sdk.BeforeCommon.targets" del proyecto "D:\Users\Jhon\Documentos\Mintrabajo\Modulo General usuarios\AuthSystemNew\AuthSystem.Application\AuthSystem.Application.csproj" (el destino "BeforeCompile" depende de ├®l):
  2:10>Compilaci├│n terminada del destino "AddImplicitDefineConstants" en el proyecto "AuthSystem.Application.csproj".
       Se omiti├│ el destino "PrepareForBuild". Compilado previamente de forma correcta.
  2:10>Destino "GenerateMSBuildEditorConfigFileShouldRun" en el archivo "C:\Program Files\dotnet\sdk\9.0.201\Roslyn\Microsoft.Managed.Core.targets" del proyecto "D:\Users\Jhon\Documentos\Mintrabajo\Modulo General usuarios\AuthSystemNew\AuthSystem.Application\AuthSystem.Application.csproj" (el destino "GenerateMSBuildEditorConfigFile" depende de ├®l):
  2:10>Compilaci├│n terminada del destino "GenerateMSBuildEditorConfigFileShouldRun" en el proyecto "AuthSystem.Application.csproj".
  2:10>Destino "AddGlobalAnalyzerConfigForPackage_MicrosoftCodeAnalysisCSharpCodeStyle" en el archivo "C:\Program Files\dotnet\sdk\9.0.201\Sdks\Microsoft.NET.Sdk\codestyle\cs\build\Microsoft.CodeAnalysis.CSharp.CodeStyle.targets" del proyecto "D:\Users\Jhon\Documentos\Mintrabajo\Modulo General usuarios\AuthSystemNew\AuthSystem.Application\AuthSystem.Application.csproj" (el destino "GenerateMSBuildEditorConfigFileCore" depende de ├®l):
  2:10>Compilaci├│n terminada del destino "AddGlobalAnalyzerConfigForPackage_MicrosoftCodeAnalysisCSharpCodeStyle" en el proyecto "AuthSystem.Application.csproj".
  2:10>Destino "GenerateMSBuildEditorConfigFileCore" en el archivo "C:\Program Files\dotnet\sdk\9.0.201\Roslyn\Microsoft.Managed.Core.targets" del proyecto "D:\Users\Jhon\Documentos\Mintrabajo\Modulo General usuarios\AuthSystemNew\AuthSystem.Application\AuthSystem.Application.csproj" (el destino "GenerateMSBuildEditorConfigFile" depende de ├®l):
       Compilando completamente el destino "GenerateMSBuildEditorConfigFileCore".
       No se especificaron archivos de entrada.
       Usando la tarea "GenerateMSBuildEditorConfig" del ensamblado "C:\Program Files\dotnet\sdk\9.0.201\Roslyn\Microsoft.Build.Tasks.CodeAnalysis.dll".
       Tarea "GenerateMSBuildEditorConfig"
       Ejecuci├│n de la tarea "GenerateMSBuildEditorConfig" terminada.
  2:10>Compilaci├│n terminada del destino "GenerateMSBuildEditorConfigFileCore" en el proyecto "AuthSystem.Application.csproj".
  2:10>Destino "GenerateMSBuildEditorConfigFile" en el archivo "C:\Program Files\dotnet\sdk\9.0.201\Roslyn\Microsoft.Managed.Core.targets" del proyecto "D:\Users\Jhon\Documentos\Mintrabajo\Modulo General usuarios\AuthSystemNew\AuthSystem.Application\AuthSystem.Application.csproj" (el destino "BeforeCompile" depende de ├®l):
  2:10>Compilaci├│n terminada del destino "GenerateMSBuildEditorConfigFile" en el proyecto "AuthSystem.Application.csproj".
       Se omiti├│ el destino "PrepareForBuild". Compilado previamente de forma correcta.
       Se omiti├│ el destino "GetReferenceAssemblyPaths". Compilado previamente de forma correcta.
   7:7>Ejecuci├│n de la tarea "GetRestoreProjectStyleTask" terminada.
  2:10>Destino "_SetTargetFrameworkMonikerAttribute" en el archivo "C:\Program Files\dotnet\sdk\9.0.201\Microsoft.CSharp.CurrentVersion.targets" del proyecto "D:\Users\Jhon\Documentos\Mintrabajo\Modulo General usuarios\AuthSystemNew\AuthSystem.Application\AuthSystem.Application.csproj" (el destino "GenerateTargetFrameworkMonikerAttribute" depende de ├®l):
  2:10>Compilaci├│n terminada del destino "_SetTargetFrameworkMonikerAttribute" en el proyecto "AuthSystem.Application.csproj".
   7:7>Compilaci├│n terminada del destino "_GetRestoreProjectStyle" en el proyecto "AuthSystem.API.csproj".
   7:7>Destino "EnableIntermediateOutputPathMismatchWarning" en el archivo "C:\Program Files\dotnet\sdk\9.0.201\NuGet.targets" del proyecto "D:\Users\Jhon\Documentos\Mintrabajo\Modulo General usuarios\AuthSystemNew\AuthSystem.API\AuthSystem.API.csproj" (el destino "_CheckForInvalidConfigurationAndPlatform" depende de ├®l):
   7:7>Compilaci├│n terminada del destino "EnableIntermediateOutputPathMismatchWarning" en el proyecto "AuthSystem.API.csproj".
       Se omiti├│ el destino "ApplyImplicitVersions". Compilado previamente de forma correcta.
       Se omiti├│ el destino "CheckForImplicitPackageReferenceOverrides". Compilado previamente de forma correcta.
  2:10>Destino "GenerateTargetFrameworkMonikerAttribute" en el archivo "C:\Program Files\dotnet\sdk\9.0.201\Microsoft.Common.CurrentVersion.targets" del proyecto "D:\Users\Jhon\Documentos\Mintrabajo\Modulo General usuarios\AuthSystemNew\AuthSystem.Application\AuthSystem.Application.csproj" (el destino "BeforeCompile" depende de ├®l):
  2:10>Se omitir├í el destino "GenerateTargetFrameworkMonikerAttribute" porque todos los archivos de salida est├ín actualizados respecto a los archivos de entrada.
       Archivos de entrada: C:\Program Files\dotnet\sdk\9.0.201\Microsoft.Common.targets
   7:7>Destino "CheckForDuplicateItems" en el archivo "C:\Program Files\dotnet\sdk\9.0.201\Sdks\Microsoft.NET.Sdk\targets\Microsoft.NET.Sdk.DefaultItems.Shared.targets" del proyecto "D:\Users\Jhon\Documentos\Mintrabajo\Modulo General usuarios\AuthSystemNew\AuthSystem.API\AuthSystem.API.csproj" (el destino "_CheckForInvalidConfigurationAndPlatform" depende de ├®l):
   7:7>Usando la tarea "CheckForDuplicateItems" del ensamblado "C:\Program Files\dotnet\sdk\9.0.201\Sdks\Microsoft.NET.Sdk\targets\..\tools\net9.0\Microsoft.NET.Build.Tasks.dll".
       Tarea "CheckForDuplicateItems"
  2:10>GenerateTargetFrameworkMonikerAttribute:
       Archivos de salida: obj\Debug\net8.0\.NETCoreApp,Version=v8.0.AssemblyAttributes.cs
  2:10>Compilaci├│n terminada del destino "GenerateTargetFrameworkMonikerAttribute" en el proyecto "AuthSystem.Application.csproj".
       Se omiti├│ el destino "GenerateAdditionalSources" debido a una condici├│n falsa (False); ('@(AssemblyAttributes)' != '' and '$(GenerateAdditionalSources)' == 'true') se evalu├│ como ('' != '' and '' == 'true').
       Se omiti├│ el destino "PrepareForBuild". Compilado previamente de forma correcta.
  2:10>Destino "GetAssemblyVersion" en el archivo "C:\Program Files\dotnet\sdk\9.0.201\Sdks\Microsoft.NET.Sdk\targets\Microsoft.NET.GenerateAssemblyInfo.targets" del proyecto "D:\Users\Jhon\Documentos\Mintrabajo\Modulo General usuarios\AuthSystemNew\AuthSystem.Application\AuthSystem.Application.csproj" (el destino "GetAssemblyAttributes" depende de ├®l):
       Usando la tarea "GetAssemblyVersion" del ensamblado "C:\Program Files\dotnet\sdk\9.0.201\Sdks\Microsoft.NET.Sdk\targets\..\tools\net9.0\Microsoft.NET.Build.Tasks.dll".
       Tarea "GetAssemblyVersion"
       Ejecuci├│n de la tarea "GetAssemblyVersion" terminada.
   7:7>Ejecuci├│n de la tarea "CheckForDuplicateItems" terminada.
  2:10>Compilaci├│n terminada del destino "GetAssemblyVersion" en el proyecto "AuthSystem.Application.csproj".
   7:7>Tarea "CheckForDuplicateItems"
  2:10>Se omiti├│ el destino "GetAssemblyVersion". Compilado previamente de forma correcta.
  2:10>Destino "InitializeSourceControlInformationFromSourceControlManager" en el archivo "C:\Program Files\dotnet\sdk\9.0.201\Sdks\Microsoft.Build.Tasks.Git\build\Microsoft.Build.Tasks.Git.targets" del proyecto "D:\Users\Jhon\Documentos\Mintrabajo\Modulo General usuarios\AuthSystemNew\AuthSystem.Application\AuthSystem.Application.csproj" (el destino "_InitializeSourceControlInformationFromSourceControlManager" depende de ├®l):
       Usando la tarea "Microsoft.Build.Tasks.Git.LocateRepository" del ensamblado "C:\Program Files\dotnet\sdk\9.0.201\Sdks\Microsoft.Build.Tasks.Git\build\..\tools\net\Microsoft.Build.Tasks.Git.dll".
       Tarea "Microsoft.Build.Tasks.Git.LocateRepository"
         SourceLink: Repository instance not found in cache: '*:D:\Users\Jhon\Documentos\Mintrabajo\Modulo General usuarios\AuthSystemNew\.git'
       Ejecuci├│n de la tarea "Microsoft.Build.Tasks.Git.LocateRepository" terminada.
  2:10>Compilaci├│n terminada del destino "InitializeSourceControlInformationFromSourceControlManager" en el proyecto "AuthSystem.Application.csproj".
  2:10>Destino "_SourceLinkHasSingleProvider" en el archivo "C:\Program Files\dotnet\sdk\9.0.201\Sdks\Microsoft.SourceLink.Common\build\InitializeSourceControlInformation.targets" del proyecto "D:\Users\Jhon\Documentos\Mintrabajo\Modulo General usuarios\AuthSystemNew\AuthSystem.Application\AuthSystem.Application.csproj" (el destino "_InitializeSourceControlInformationFromSourceControlManager" depende de ├®l):
       Usando la tarea "Microsoft.SourceLink.Common.SourceLinkHasSingleProvider" del ensamblado "C:\Program Files\dotnet\sdk\9.0.201\Sdks\Microsoft.SourceLink.Common\build\..\tools\net\Microsoft.SourceLink.Common.dll".
       Tarea "Microsoft.SourceLink.Common.SourceLinkHasSingleProvider"
       Ejecuci├│n de la tarea "Microsoft.SourceLink.Common.SourceLinkHasSingleProvider" terminada.
  2:10>Compilaci├│n terminada del destino "_SourceLinkHasSingleProvider" en el proyecto "AuthSystem.Application.csproj".
  2:10>Destino "TranslateGitHubUrlsInSourceControlInformation" en el archivo "C:\Program Files\dotnet\sdk\9.0.201\Sdks\Microsoft.SourceLink.GitHub\build\Microsoft.SourceLink.GitHub.targets" del proyecto "D:\Users\Jhon\Documentos\Mintrabajo\Modulo General usuarios\AuthSystemNew\AuthSystem.Application\AuthSystem.Application.csproj" (el destino "_InitializeSourceControlInformationFromSourceControlManager" depende de ├®l):
       Usando la tarea "Microsoft.SourceLink.GitHub.TranslateRepositoryUrls" del ensamblado "C:\Program Files\dotnet\sdk\9.0.201\Sdks\Microsoft.SourceLink.GitHub\build\..\tools\net\Microsoft.SourceLink.GitHub.dll".
       Tarea "Microsoft.SourceLink.GitHub.TranslateRepositoryUrls"
       Ejecuci├│n de la tarea "Microsoft.SourceLink.GitHub.TranslateRepositoryUrls" terminada.
  2:10>Compilaci├│n terminada del destino "TranslateGitHubUrlsInSourceControlInformation" en el proyecto "AuthSystem.Application.csproj".
   7:7>Ejecuci├│n de la tarea "CheckForDuplicateItems" terminada.
  2:10>Destino "TranslateGitLabUrlsInSourceControlInformation" en el archivo "C:\Program Files\dotnet\sdk\9.0.201\Sdks\Microsoft.SourceLink.GitLab\build\Microsoft.SourceLink.GitLab.targets" del proyecto "D:\Users\Jhon\Documentos\Mintrabajo\Modulo General usuarios\AuthSystemNew\AuthSystem.Application\AuthSystem.Application.csproj" (el destino "_InitializeSourceControlInformationFromSourceControlManager" depende de ├®l):
  2:10>Usando la tarea "Microsoft.SourceLink.GitLab.TranslateRepositoryUrls" del ensamblado "C:\Program Files\dotnet\sdk\9.0.201\Sdks\Microsoft.SourceLink.GitLab\build\..\tools\net\Microsoft.SourceLink.GitLab.dll".
   7:7>Tarea "CheckForDuplicateItems"
  2:10>Tarea "Microsoft.SourceLink.GitLab.TranslateRepositoryUrls"
       Ejecuci├│n de la tarea "Microsoft.SourceLink.GitLab.TranslateRepositoryUrls" terminada.
  2:10>Compilaci├│n terminada del destino "TranslateGitLabUrlsInSourceControlInformation" en el proyecto "AuthSystem.Application.csproj".
  2:10>Destino "TranslateAzureReposGitUrlsInSourceControlInformation" en el archivo "C:\Program Files\dotnet\sdk\9.0.201\Sdks\Microsoft.SourceLink.AzureRepos.Git\build\Microsoft.SourceLink.AzureRepos.Git.targets" del proyecto "D:\Users\Jhon\Documentos\Mintrabajo\Modulo General usuarios\AuthSystemNew\AuthSystem.Application\AuthSystem.Application.csproj" (el destino "_InitializeSourceControlInformationFromSourceControlManager" depende de ├®l):
       Usando la tarea "Microsoft.SourceLink.AzureRepos.Git.TranslateRepositoryUrls" del ensamblado "C:\Program Files\dotnet\sdk\9.0.201\Sdks\Microsoft.SourceLink.AzureRepos.Git\build\..\tools\net\Microsoft.SourceLink.AzureRepos.Git.dll".
       Tarea "Microsoft.SourceLink.AzureRepos.Git.TranslateRepositoryUrls"
       Ejecuci├│n de la tarea "Microsoft.SourceLink.AzureRepos.Git.TranslateRepositoryUrls" terminada.
  2:10>Compilaci├│n terminada del destino "TranslateAzureReposGitUrlsInSourceControlInformation" en el proyecto "AuthSystem.Application.csproj".
  2:10>Destino "TranslateBitbucketGitUrlsInSourceControlInformation" en el archivo "C:\Program Files\dotnet\sdk\9.0.201\Sdks\Microsoft.SourceLink.Bitbucket.Git\build\Microsoft.SourceLink.Bitbucket.Git.targets" del proyecto "D:\Users\Jhon\Documentos\Mintrabajo\Modulo General usuarios\AuthSystemNew\AuthSystem.Application\AuthSystem.Application.csproj" (el destino "_InitializeSourceControlInformationFromSourceControlManager" depende de ├®l):
       Usando la tarea "Microsoft.SourceLink.Bitbucket.Git.TranslateRepositoryUrls" del ensamblado "C:\Program Files\dotnet\sdk\9.0.201\Sdks\Microsoft.SourceLink.Bitbucket.Git\build\..\tools\net\Microsoft.SourceLink.Bitbucket.Git.dll".
       Tarea "Microsoft.SourceLink.Bitbucket.Git.TranslateRepositoryUrls"
       Ejecuci├│n de la tarea "Microsoft.SourceLink.Bitbucket.Git.TranslateRepositoryUrls" terminada.
  2:10>Compilaci├│n terminada del destino "TranslateBitbucketGitUrlsInSourceControlInformation" en el proyecto "AuthSystem.Application.csproj".
  2:10>Destino "SourceControlManagerPublishTranslatedUrls" en el archivo "C:\Program Files\dotnet\sdk\9.0.201\Sdks\Microsoft.SourceLink.Common\build\InitializeSourceControlInformation.targets" del proyecto "D:\Users\Jhon\Documentos\Mintrabajo\Modulo General usuarios\AuthSystemNew\AuthSystem.Application\AuthSystem.Application.csproj" (el destino "_InitializeSourceControlInformationFromSourceControlManager" depende de ├®l):
  2:10>Compilaci├│n terminada del destino "SourceControlManagerPublishTranslatedUrls" en el proyecto "AuthSystem.Application.csproj".
   7:7>Ejecuci├│n de la tarea "CheckForDuplicateItems" terminada.
   7:7>Compilaci├│n terminada del destino "CheckForDuplicateItems" en el proyecto "AuthSystem.API.csproj".
  2:10>Destino "_InitializeSourceControlInformationFromSourceControlManager" en el archivo "C:\Program Files\dotnet\sdk\9.0.201\Sdks\Microsoft.SourceLink.Common\build\InitializeSourceControlInformation.targets" del proyecto "D:\Users\Jhon\Documentos\Mintrabajo\Modulo General usuarios\AuthSystemNew\AuthSystem.Application\AuthSystem.Application.csproj" (el destino "InitializeSourceControlInformation" depende de ├®l):
  2:10>Compilaci├│n terminada del destino "_InitializeSourceControlInformationFromSourceControlManager" en el proyecto "AuthSystem.Application.csproj".
   7:7>Se omiti├│ el destino "WarnForExplicitVersions" debido a una condici├│n falsa (False); ('@(SdkBuildWarning)' != '') se evalu├│ como ('' != '').
       Se omiti├│ el destino "_CheckForFailedSDKResolution" debido a una condici├│n falsa (False); ('$(SdkResolverHonoredGlobalJson)' == 'false') se evalu├│ como ('' == 'false').
  2:10>Destino "InitializeSourceControlInformation" en el archivo "C:\Program Files\dotnet\sdk\9.0.201\Microsoft.Common.CurrentVersion.targets" del proyecto "D:\Users\Jhon\Documentos\Mintrabajo\Modulo General usuarios\AuthSystemNew\AuthSystem.Application\AuthSystem.Application.csproj" (el destino "AddSourceRevisionToInformationalVersion" depende de ├®l):
  2:10>Compilaci├│n terminada del destino "InitializeSourceControlInformation" en el proyecto "AuthSystem.Application.csproj".
   7:7>Se omiti├│ el destino "_WarnWhenUsingNET9AndVSPriorTo1712" debido a una condici├│n falsa (False); ($([MSBuild]::VersionLessThan($(MSBuildVersion), '17.12.0')) and '$(TargetFrameworkIdentifier)' == '.NETCoreApp' and $([MSBuild]::VersionGreaterThanOrEquals($(_TargetFrameworkVersionWithoutV), '9.0'))) se evalu├│ como (False and '.NETCoreApp' == '.NETCoreApp' and False).
       Se omiti├│ el destino "_CheckForInvalidWindowsDesktopTargetingConfiguration" debido a una condici├│n falsa (False); ('$(TargetFrameworkIdentifier)' == '.NETCoreApp' and $([MSBuild]::VersionGreaterThanOrEquals($(_TargetFrameworkVersionWithoutV), '5.0')) and ('$(UseWindowsForms)' == 'true' or '$(UseWPF)' == 'true')) se evalu├│ como ('.NETCoreApp' == '.NETCoreApp' and True and ('' == 'true' or '' == 'true')).
  2:10>Destino "AddSourceRevisionToInformationalVersion" en el archivo "C:\Program Files\dotnet\sdk\9.0.201\Sdks\Microsoft.NET.Sdk\targets\Microsoft.NET.GenerateAssemblyInfo.targets" del proyecto "D:\Users\Jhon\Documentos\Mintrabajo\Modulo General usuarios\AuthSystemNew\AuthSystem.Application\AuthSystem.Application.csproj" (el destino "GetAssemblyAttributes" depende de ├®l):
  2:10>Compilaci├│n terminada del destino "AddSourceRevisionToInformationalVersion" en el proyecto "AuthSystem.Application.csproj".
       Se omiti├│ el destino "_GetUserSecretsAssemblyAttribute" debido a una condici├│n falsa (False); ( '$(UserSecretsId)' != '' AND '$(GenerateUserSecretsAttribute)' != 'false' AND '$(GeneratedUserSecretsAttributeFile)' == '' ) se evalu├│ como ( '' != '' AND '' != 'false' AND '' == '' ).
   7:7>Se omiti├│ el destino "_CheckForUnnecessaryWindowsDesktopSDK" debido a una condici├│n falsa (False); ('$(TargetFrameworkIdentifier)' == '.NETCoreApp' and $([MSBuild]::VersionGreaterThanOrEquals($(_TargetFrameworkVersionWithoutV), '5.0')) and '$(_MicrosoftWindowsDesktopSdkImported)' == 'true' and '$(TargetFrameworks)' == '') se evalu├│ como ('.NETCoreApp' == '.NETCoreApp' and True and '' == 'true' and '' == '').
       Se omiti├│ el destino "ProcessFrameworkReferences". Compilado previamente de forma correcta.
  2:10>Destino "GetAssemblyAttributes" en el archivo "C:\Program Files\dotnet\sdk\9.0.201\Sdks\Microsoft.NET.Sdk\targets\Microsoft.NET.GenerateAssemblyInfo.targets" del proyecto "D:\Users\Jhon\Documentos\Mintrabajo\Modulo General usuarios\AuthSystemNew\AuthSystem.Application\AuthSystem.Application.csproj" (el destino "CreateGeneratedAssemblyInfoInputsCacheFile" depende de ├®l):
  2:10>Compilaci├│n terminada del destino "GetAssemblyAttributes" en el proyecto "AuthSystem.Application.csproj".
   7:7>Se omiti├│ el destino "IncludeTargetingPackReference" debido a una condici├│n falsa (False); ('$(TargetFrameworkMoniker)' != '' and '$(TargetFrameworkIdentifier)' == '.NETFramework' and '$(AutomaticallyUseReferenceAssemblyPackages)' == 'true') se evalu├│ como ('.NETCoreApp,Version=v8.0' != '' and '.NETCoreApp' == '.NETFramework' and 'true' == 'true').
   7:7>Destino "_CheckForInvalidConfigurationAndPlatform" en el archivo "C:\Program Files\dotnet\sdk\9.0.201\Microsoft.Common.CurrentVersion.targets" del proyecto "D:\Users\Jhon\Documentos\Mintrabajo\Modulo General usuarios\AuthSystemNew\AuthSystem.API\AuthSystem.API.csproj" (el destino "BeforeBuild" depende de ├®l):
       Se omiti├│ la tarea "MSBuildInternalMessage" debido a una condici├│n falsa (False); ('$(_InvalidConfigurationMessageSeverity)' != '') se evalu├│ como ('' != '').
  2:10>Destino "CreateGeneratedAssemblyInfoInputsCacheFile" en el archivo "C:\Program Files\dotnet\sdk\9.0.201\Sdks\Microsoft.NET.Sdk\targets\Microsoft.NET.GenerateAssemblyInfo.targets" del proyecto "D:\Users\Jhon\Documentos\Mintrabajo\Modulo General usuarios\AuthSystemNew\AuthSystem.Application\AuthSystem.Application.csproj" (el destino "CoreGenerateAssemblyInfo" depende de ├®l):
  2:10>Usando la tarea "Hash" del ensamblado "Microsoft.Build.Tasks.Core, Version=15.1.0.0, Culture=neutral, PublicKeyToken=b03f5f7f11d50a3a".
   7:7>Tarea "Message"
  2:10>Tarea "Hash"
       Ejecuci├│n de la tarea "Hash" terminada.
   7:7>_CheckForInvalidConfigurationAndPlatform:
         Configuration=Debug
  2:10>Tarea "WriteLinesToFile"
   7:7>Ejecuci├│n de la tarea "Message" terminada.
       Tarea "Message"
  2:10>CreateGeneratedAssemblyInfoInputsCacheFile:
         Omitiendo la escritura en el archivo "obj\Debug\net8.0\AuthSystem.Application.AssemblyInfoInputs.cache" porque el contenido no cambiar├í.
   7:7>_CheckForInvalidConfigurationAndPlatform:
         Platform=AnyCPU
       Ejecuci├│n de la tarea "Message" terminada.
  2:10>Ejecuci├│n de la tarea "WriteLinesToFile" terminada.
   7:7>_CheckForInvalidConfigurationAndPlatform:
       Se omiti├│ la tarea "MSBuildInternalMessage" debido a una condici├│n falsa (False); ('$(OutDir)' != '' and !HasTrailingSlash('$(OutDir)')) se evalu├│ como ('bin\Debug\net8.0\' != '' and !HasTrailingSlash('bin\Debug\net8.0\')).
  2:10>Compilaci├│n terminada del destino "CreateGeneratedAssemblyInfoInputsCacheFile" en el proyecto "AuthSystem.Application.csproj".
   7:7>_CheckForInvalidConfigurationAndPlatform:
       Se omiti├│ la tarea "MSBuildInternalMessage" debido a una condici├│n falsa (False); ('$(IntermediateOutputPath)' != '' and !HasTrailingSlash('$(IntermediateOutputPath)')) se evalu├│ como ('obj\Debug\net8.0\' != '' and !HasTrailingSlash('obj\Debug\net8.0\')).
       Se omiti├│ la tarea "MSBuildInternalMessage" debido a una condici├│n falsa (False); ('$(BaseIntermediateOutputPath)' != '' and !HasTrailingSlash('$(BaseIntermediateOutputPath)')) se evalu├│ como ('D:\Users\Jhon\Documentos\Mintrabajo\Modulo General usuarios\AuthSystemNew\AuthSystem.API\obj\' != '' and !HasTrailingSlash('D:\Users\Jhon\Documentos\Mintrabajo\Modulo General usuarios\AuthSystemNew\AuthSystem.API\obj\')).
  2:10>Destino "CoreGenerateAssemblyInfo" en el archivo "C:\Program Files\dotnet\sdk\9.0.201\Sdks\Microsoft.NET.Sdk\targets\Microsoft.NET.GenerateAssemblyInfo.targets" del proyecto "D:\Users\Jhon\Documentos\Mintrabajo\Modulo General usuarios\AuthSystemNew\AuthSystem.Application\AuthSystem.Application.csproj" (el destino "GenerateAssemblyInfo" depende de ├®l):
  2:10>Se omitir├í el destino "CoreGenerateAssemblyInfo" porque todos los archivos de salida est├ín actualizados respecto a los archivos de entrada.
   7:7>_CheckForInvalidConfigurationAndPlatform:
       Se omiti├│ la tarea "MSBuildInternalMessage" debido a una condici├│n falsa (False); ( '$(Prefer32Bit)' == 'true' and '$(PreferNativeArm64)' == 'true' ) se evalu├│ como ( 'false' == 'true' and 'false' == 'true' ).
  2:10>CoreGenerateAssemblyInfo:
       Archivos de entrada: obj\Debug\net8.0\AuthSystem.Application.AssemblyInfoInputs.cache
   7:7>_CheckForInvalidConfigurationAndPlatform:
       Se omiti├│ la tarea "MSBuildInternalMessage" debido a una condici├│n falsa (False); ( '$(NoWin32Manifest)' == 'true' and '$(PreferNativeArm64)' == 'true' ) se evalu├│ como ( '' == 'true' and 'false' == 'true' ).
       Se omiti├│ la tarea "MSBuildInternalMessage" debido a una condici├│n falsa (False); ( '$(PreferNativeArm64)' == 'true' and '$(Platform)' != 'AnyCPU' ) se evalu├│ como ( 'false' == 'true' and 'AnyCPU' != 'AnyCPU' ).
  2:10>CoreGenerateAssemblyInfo:
       Archivos de salida: obj\Debug\net8.0\AuthSystem.Application.AssemblyInfo.cs
   7:7>_CheckForInvalidConfigurationAndPlatform:
       Se omiti├│ la tarea "MSBuildInternalMessage" debido a una condici├│n falsa (False); ( '$(_InitialMSBuildProjectExtensionsPath)' != '' And '$(MSBuildProjectExtensionsPath)' != '$(_InitialMSBuildProjectExtensionsPath)' ) se evalu├│ como ( 'D:\Users\Jhon\Documentos\Mintrabajo\Modulo General usuarios\AuthSystemNew\AuthSystem.API\obj\' != '' And 'D:\Users\Jhon\Documentos\Mintrabajo\Modulo General usuarios\AuthSystemNew\AuthSystem.API\obj\' != 'D:\Users\Jhon\Documentos\Mintrabajo\Modulo General usuarios\AuthSystemNew\AuthSystem.API\obj\' ).
       Se omiti├│ la tarea "MSBuildInternalMessage" debido a una condici├│n falsa (False); ( '$(EnableBaseIntermediateOutputPathMismatchWarning)' == 'true' And '$(_InitialBaseIntermediateOutputPath)' != '$(BaseIntermediateOutputPath)' And '$(BaseIntermediateOutputPath)' != '$(MSBuildProjectExtensionsPath)' ) se evalu├│ como ( 'true' == 'true' And 'obj\' != 'D:\Users\Jhon\Documentos\Mintrabajo\Modulo General usuarios\AuthSystemNew\AuthSystem.API\obj\' And 'D:\Users\Jhon\Documentos\Mintrabajo\Modulo General usuarios\AuthSystemNew\AuthSystem.API\obj\' != 'D:\Users\Jhon\Documentos\Mintrabajo\Modulo General usuarios\AuthSystemNew\AuthSystem.API\obj\' ).
   7:7>Compilaci├│n terminada del destino "_CheckForInvalidConfigurationAndPlatform" en el proyecto "AuthSystem.API.csproj".
  2:10>Compilaci├│n terminada del destino "CoreGenerateAssemblyInfo" en el proyecto "AuthSystem.Application.csproj".
   7:7>Destino "ValidateCommandLineProperties" en el archivo "C:\Program Files\dotnet\sdk\9.0.201\Sdks\Microsoft.NET.Sdk\targets\Microsoft.NET.Sdk.targets" del proyecto "D:\Users\Jhon\Documentos\Mintrabajo\Modulo General usuarios\AuthSystemNew\AuthSystem.API\AuthSystem.API.csproj" (el destino "BeforeBuild" depende de ├®l):
   7:7>Compilaci├│n terminada del destino "ValidateCommandLineProperties" en el proyecto "AuthSystem.API.csproj".
   7:7>Destino "BeforeBuild" en el archivo "C:\Program Files\dotnet\sdk\9.0.201\Microsoft.Common.CurrentVersion.targets" del proyecto "D:\Users\Jhon\Documentos\Mintrabajo\Modulo General usuarios\AuthSystemNew\AuthSystem.API\AuthSystem.API.csproj" (el destino "Build" depende de ├®l):
   7:7>Compilaci├│n terminada del destino "BeforeBuild" en el proyecto "AuthSystem.API.csproj".
       Se omiti├│ el destino "_CheckForBuildWithNoBuild" debido a una condici├│n falsa (False); ('$(NoBuild)' == 'true' and '$(GeneratePackageOnBuild)' != 'true') se evalu├│ como ('' == 'true' and 'false' != 'true').
  2:10>Destino "GenerateAssemblyInfo" en el archivo "C:\Program Files\dotnet\sdk\9.0.201\Sdks\Microsoft.NET.Sdk\targets\Microsoft.NET.GenerateAssemblyInfo.targets" del proyecto "D:\Users\Jhon\Documentos\Mintrabajo\Modulo General usuarios\AuthSystemNew\AuthSystem.Application\AuthSystem.Application.csproj" (el destino "BeforeCompile" depende de ├®l):
  2:10>Compilaci├│n terminada del destino "GenerateAssemblyInfo" en el proyecto "AuthSystem.Application.csproj".
   7:7>Destino "BuildOnlySettings" en el archivo "C:\Program Files\dotnet\sdk\9.0.201\Microsoft.Common.CurrentVersion.targets" del proyecto "D:\Users\Jhon\Documentos\Mintrabajo\Modulo General usuarios\AuthSystemNew\AuthSystem.API\AuthSystem.API.csproj" (el destino "CoreBuild" depende de ├®l):
   7:7>Compilaci├│n terminada del destino "BuildOnlySettings" en el proyecto "AuthSystem.API.csproj".
       Se omiti├│ el destino "_CheckForUnsupportedTargetFramework" debido a una condici├│n falsa (False); ('$(_UnsupportedTargetFrameworkError)' == 'true') se evalu├│ como ('' == 'true').
  2:10>Destino "BeforeCompile" en el archivo "C:\Program Files\dotnet\sdk\9.0.201\Microsoft.Common.CurrentVersion.targets" del proyecto "D:\Users\Jhon\Documentos\Mintrabajo\Modulo General usuarios\AuthSystemNew\AuthSystem.Application\AuthSystem.Application.csproj" (el destino "Compile" depende de ├®l):
  2:10>Compilaci├│n terminada del destino "BeforeCompile" en el proyecto "AuthSystem.Application.csproj".
   7:7>Se omiti├│ el destino "_CheckForUnsupportedTargetPlatformIdentifier" debido a una condici├│n falsa (False); ('$(TargetPlatformIdentifier)' != '' and '$(TargetFrameworkIdentifier)' == '.NETCoreApp' and $([MSBuild]::VersionGreaterThanOrEquals($(TargetFrameworkVersion), 5.0)) And ('$(DesignTimeBuild)' != 'true' Or '@(MissingWorkloadPack)' == '')) se evalu├│ como ('' != '' and '.NETCoreApp' == '.NETCoreApp' and True And ('' != 'true' Or '' == '')).
  2:10>Se omiti├│ el destino "_TimeStampBeforeCompile" debido a una condici├│n falsa (False); ('$(RunPostBuildEvent)'=='OnOutputUpdated' or ('$(RegisterForComInterop)'=='true' and '$(OutputType)'=='library')) se evalu├│ como (''=='OnOutputUpdated' or (''=='true' and 'Library'=='library')).
   7:7>Se omiti├│ el destino "_CheckForMissingWorkload" debido a una condici├│n falsa (False); ('@(MissingWorkloadPack)' != '' And '$(DesignTimeBuild)' != 'true') se evalu├│ como ('' != '' And '' != 'true').
   7:7>Destino "GetFrameworkPaths" en el archivo "C:\Program Files\dotnet\sdk\9.0.201\Sdks\Microsoft.NET.Sdk\targets\Microsoft.NET.DisableStandardFrameworkResolution.targets" del proyecto "D:\Users\Jhon\Documentos\Mintrabajo\Modulo General usuarios\AuthSystemNew\AuthSystem.API\AuthSystem.API.csproj" (el destino "PrepareForBuild" depende de ├®l):
   7:7>Compilaci├│n terminada del destino "GetFrameworkPaths" en el proyecto "AuthSystem.API.csproj".
  2:10>Se omiti├│ el destino "ResolveAssemblyReferences". Compilado previamente de forma correcta.
   7:7>Se omiti├│ el destino "_CheckForUnsupportedTargetFramework" debido a una condici├│n falsa (False); ('$(_UnsupportedTargetFrameworkError)' == 'true') se evalu├│ como ('' == 'true').
       Se omiti├│ el destino "_CheckForUnsupportedTargetPlatformIdentifier" debido a una condici├│n falsa (False); ('$(TargetPlatformIdentifier)' != '' and '$(TargetFrameworkIdentifier)' == '.NETCoreApp' and $([MSBuild]::VersionGreaterThanOrEquals($(TargetFrameworkVersion), 5.0)) And ('$(DesignTimeBuild)' != 'true' Or '@(MissingWorkloadPack)' == '')) se evalu├│ como ('' != '' and '.NETCoreApp' == '.NETCoreApp' and True And ('' != 'true' Or '' == '')).
  2:10>Destino "_GenerateCompileDependencyCache" en el archivo "C:\Program Files\dotnet\sdk\9.0.201\Microsoft.Common.CurrentVersion.targets" del proyecto "D:\Users\Jhon\Documentos\Mintrabajo\Modulo General usuarios\AuthSystemNew\AuthSystem.Application\AuthSystem.Application.csproj" (el destino "Compile" depende de ├®l):
  2:10>Tarea "Hash"
   7:7>Se omiti├│ el destino "_CheckForMissingWorkload" debido a una condici├│n falsa (False); ('@(MissingWorkloadPack)' != '' And '$(DesignTimeBuild)' != 'true') se evalu├│ como ('' != '' And '' != 'true').
   7:7>Destino "GetReferenceAssemblyPaths" en el archivo "C:\Program Files\dotnet\sdk\9.0.201\Sdks\Microsoft.NET.Sdk\targets\Microsoft.NET.DisableStandardFrameworkResolution.targets" del proyecto "D:\Users\Jhon\Documentos\Mintrabajo\Modulo General usuarios\AuthSystemNew\AuthSystem.API\AuthSystem.API.csproj" (el destino "PrepareForBuild" depende de ├®l):
   7:7>Compilaci├│n terminada del destino "GetReferenceAssemblyPaths" en el proyecto "AuthSystem.API.csproj".
  2:10>Ejecuci├│n de la tarea "Hash" terminada.
   7:7>Se omiti├│ el destino "AssignLinkMetadata" debido a una condici├│n falsa (False); ( '$(SynthesizeLinkMetadata)' == 'true' ) se evalu├│ como ( '' == 'true' ).
  2:10>Tarea "WriteLinesToFile"
         Omitiendo la escritura en el archivo "obj\Debug\net8.0\AuthSystem.Application.csproj.CoreCompileInputs.cache" porque el contenido no cambiar├í.
       Ejecuci├│n de la tarea "WriteLinesToFile" terminada.
  2:10>Compilaci├│n terminada del destino "_GenerateCompileDependencyCache" en el proyecto "AuthSystem.Application.csproj".
       Se omiti├│ el destino "_ComputeNonExistentFileProperty" debido a una condici├│n falsa (False); (('$(BuildingInsideVisualStudio)' == 'true') and ('$(BuildingOutOfProcess)' != 'true') and (('$(BuildingProject)' == 'false') or ('$(UseHostCompilerIfAvailable)' == 'true'))) se evalu├│ como (('' == 'true') and ('' != 'true') and (('true' == 'false') or ('true' == 'true'))).
       Se omiti├│ el destino "ResolveCodeAnalysisRuleSet" debido a una condici├│n falsa (False); ('$(CodeAnalysisRuleSet)' != '') se evalu├│ como ('' != '').
       Se omiti├│ el destino "ShimReferencePathsWhenCommonTargetsDoesNotUnderstandReferenceAssemblies" debido a una condici├│n falsa (False); ('@(ReferencePathWithRefAssemblies)' == '') se evalu├│ como ('D:\Users\Jhon\Documentos\Mintrabajo\Modulo General usuarios\AuthSystemNew\AuthSystem.Domain\obj\Debug\net8.0\ref\AuthSystem.Domain.dll;C:\Users\JHON\.nuget\packages\fluentvalidation\11.5.2\lib\net7.0\FluentValidation.dll;C:\Users\JHON\.nuget\packages\mediatr.contracts\2.0.1\lib\netstandard2.0\MediatR.Contracts.dll;...' == '').
   7:7>Destino "ResolveRazorGenerateInputs" en el archivo "C:\Program Files\dotnet\sdk\9.0.201\Sdks\Microsoft.NET.Sdk.Razor\targets\Sdk.Razor.CurrentVersion.targets" del proyecto "D:\Users\Jhon\Documentos\Mintrabajo\Modulo General usuarios\AuthSystemNew\AuthSystem.API\AuthSystem.API.csproj" (el destino "PrepareForBuild" depende de ├®l):
   7:7>Compilaci├│n terminada del destino "ResolveRazorGenerateInputs" en el proyecto "AuthSystem.API.csproj".
       Se omiti├│ el destino "_VerifyPackReleaseConfigurations" debido a una condici├│n falsa (False); ('$(_IsPacking)' == 'true' and '$(DOTNET_CLI_DISABLE_PUBLISH_AND_PACK_RELEASE)' != 'true' and '$(DOTNET_CLI_LAZY_PUBLISH_AND_PACK_RELEASE_FOR_SOLUTIONS)' == 'true') se evalu├│ como ('' == 'true' and '' != 'true' and '' == 'true').
  2:10>Destino "_BeforeVBCSCoreCompile" en el archivo "C:\Program Files\dotnet\sdk\9.0.201\Roslyn\Microsoft.Managed.Core.targets" del proyecto "D:\Users\Jhon\Documentos\Mintrabajo\Modulo General usuarios\AuthSystemNew\AuthSystem.Application\AuthSystem.Application.csproj" (el destino "CoreCompile" depende de ├®l):
  2:10>Compilaci├│n terminada del destino "_BeforeVBCSCoreCompile" en el proyecto "AuthSystem.Application.csproj".
       Se omiti├│ el destino "AdjustDefaultPlatformTargetForNetFrameworkExeWithNoNativeCopyLocalItems" debido a una condici├│n falsa (False); ('$(_UsingDefaultPlatformTarget)' == 'true' and
                            '$(_UsingDefaultRuntimeIdentifier)' == 'true') se evalu├│ como ('true' == 'true' and
                            '' == 'true').
       Se omiti├│ el destino "_DisableDiagnosticTracing" debido a una condici├│n falsa (False); ('$(DisableDiagnosticTracing)' == 'true') se evalu├│ como ('' == 'true').
       Se omiti├│ el destino "ShimReferencePathsWhenCommonTargetsDoesNotUnderstandReferenceAssemblies" debido a una condici├│n falsa (False); ('@(ReferencePathWithRefAssemblies)' == '') se evalu├│ como ('D:\Users\Jhon\Documentos\Mintrabajo\Modulo General usuarios\AuthSystemNew\AuthSystem.Domain\obj\Debug\net8.0\ref\AuthSystem.Domain.dll;C:\Users\JHON\.nuget\packages\fluentvalidation\11.5.2\lib\net7.0\FluentValidation.dll;C:\Users\JHON\.nuget\packages\mediatr.contracts\2.0.1\lib\netstandard2.0\MediatR.Contracts.dll;...' == '').
  2:10>Destino "_ComputeSkipAnalyzers" en el archivo "C:\Program Files\dotnet\sdk\9.0.201\Roslyn\Microsoft.Managed.Core.targets" del proyecto "D:\Users\Jhon\Documentos\Mintrabajo\Modulo General usuarios\AuthSystemNew\AuthSystem.Application\AuthSystem.Application.csproj" (el destino "CoreCompile" depende de ├®l):
       Se omiti├│ la tarea "ShowMessageForImplicitlySkipAnalyzers" debido a una condici├│n falsa (False); ('$(_ImplicitlySkipAnalyzers)' == 'true') se evalu├│ como ('' == 'true').
  2:10>Compilaci├│n terminada del destino "_ComputeSkipAnalyzers" en el proyecto "AuthSystem.Application.csproj".
   7:7>Destino "PrepareForBuild" en el archivo "C:\Program Files\dotnet\sdk\9.0.201\Microsoft.Common.CurrentVersion.targets" del proyecto "D:\Users\Jhon\Documentos\Mintrabajo\Modulo General usuarios\AuthSystemNew\AuthSystem.API\AuthSystem.API.csproj" (el destino "CoreBuild" depende de ├®l):
   7:7>Usando la tarea "FindAppConfigFile" del ensamblado "Microsoft.Build.Tasks.Core, Version=15.1.0.0, Culture=neutral, PublicKeyToken=b03f5f7f11d50a3a".
       Tarea "FindAppConfigFile"
  2:10>Se omiti├│ el destino "_SetPathMapFromSourceRoots" debido a una condici├│n falsa (False); ('$(DeterministicSourcePaths)' == 'true') se evalu├│ como ('' == 'true').
       Se omiti├│ el destino "CreateCompilerGeneratedFilesOutputPath" debido a una condici├│n falsa (False); ('$(EmitCompilerGeneratedFiles)' == 'true' and !('$(DesignTimeBuild)' == 'true' OR '$(BuildingProject)' != 'true')) se evalu├│ como ('false' == 'true' and !('' == 'true' OR 'true' != 'true')).
       Se omiti├│ el destino "_CheckMicrosoftNetSdkCompilersToolsetPackageExists" debido a una condici├│n falsa (False); ('$(_NeedToDownloadMicrosoftNetSdkCompilersToolsetPackage)' == 'true' and '$(DesignTimeBuild)' != 'true') se evalu├│ como ('' == 'true' and '' != 'true').
       Se omiti├│ el destino "BeforeCompile". Compilado previamente de forma correcta.
       Se omiti├│ el destino "InitializeSourceControlInformationFromSourceControlManager". Compilado previamente de forma correcta.
   7:7>Ejecuci├│n de la tarea "FindAppConfigFile" terminada.
  2:10>Destino "SetEmbeddedFilesFromSourceControlManagerUntrackedFiles" en el archivo "C:\Program Files\dotnet\sdk\9.0.201\Sdks\Microsoft.Build.Tasks.Git\build\Microsoft.Build.Tasks.Git.targets" del proyecto "D:\Users\Jhon\Documentos\Mintrabajo\Modulo General usuarios\AuthSystemNew\AuthSystem.Application\AuthSystem.Application.csproj" (el destino "_SetEmbeddedFilesFromSourceControlManagerUntrackedFiles" depende de ├®l):
  2:10>Usando la tarea "Microsoft.Build.Tasks.Git.GetUntrackedFiles" del ensamblado "C:\Program Files\dotnet\sdk\9.0.201\Sdks\Microsoft.Build.Tasks.Git\build\..\tools\net\Microsoft.Build.Tasks.Git.dll".
       Tarea "Microsoft.Build.Tasks.Git.GetUntrackedFiles"
         SourceLink: Reusing cached git repository information.
   7:7>PrepareForBuild:
       Usando la tarea "MakeDir" del ensamblado "Microsoft.Build.Tasks.Core, Version=15.1.0.0, Culture=neutral, PublicKeyToken=b03f5f7f11d50a3a".
  2:10>Ejecuci├│n de la tarea "Microsoft.Build.Tasks.Git.GetUntrackedFiles" terminada.
   7:7>Tarea "MakeDir"
  2:10>Compilaci├│n terminada del destino "SetEmbeddedFilesFromSourceControlManagerUntrackedFiles" en el proyecto "AuthSystem.Application.csproj".
  2:10>Destino "_SetEmbeddedFilesFromSourceControlManagerUntrackedFiles" en el archivo "C:\Program Files\dotnet\sdk\9.0.201\Sdks\Microsoft.SourceLink.Common\build\Microsoft.SourceLink.Common.targets" del proyecto "D:\Users\Jhon\Documentos\Mintrabajo\Modulo General usuarios\AuthSystemNew\AuthSystem.Application\AuthSystem.Application.csproj" (el destino "CoreCompile" depende de ├®l):
  2:10>Compilaci├│n terminada del destino "_SetEmbeddedFilesFromSourceControlManagerUntrackedFiles" en el proyecto "AuthSystem.Application.csproj".
       Se omiti├│ el destino "InitializeSourceControlInformation". Compilado previamente de forma correcta.
  2:10>Destino "_SetSourceLinkFilePath" en el archivo "C:\Program Files\dotnet\sdk\9.0.201\Sdks\Microsoft.SourceLink.Common\build\Microsoft.SourceLink.Common.targets" del proyecto "D:\Users\Jhon\Documentos\Mintrabajo\Modulo General usuarios\AuthSystemNew\AuthSystem.Application\AuthSystem.Application.csproj" (el destino "_GenerateSourceLinkFile" depende de ├®l):
  2:10>Compilaci├│n terminada del destino "_SetSourceLinkFilePath" en el proyecto "AuthSystem.Application.csproj".
       Se omiti├│ el destino "InitializeSourceControlInformation". Compilado previamente de forma correcta.
  2:10>Destino "_InitializeSourceRootMappedPathsFromSourceControl" en el archivo "C:\Program Files\dotnet\sdk\9.0.201\Roslyn\Microsoft.Managed.Core.targets" del proyecto "D:\Users\Jhon\Documentos\Mintrabajo\Modulo General usuarios\AuthSystemNew\AuthSystem.Application\AuthSystem.Application.csproj" (el destino "InitializeSourceRootMappedPaths" depende de ├®l):
  2:10>Compilaci├│n terminada del destino "_InitializeSourceRootMappedPathsFromSourceControl" en el proyecto "AuthSystem.Application.csproj".
  2:10>Destino "InitializeSourceRootMappedPaths" en el archivo "C:\Program Files\dotnet\sdk\9.0.201\Roslyn\Microsoft.Managed.Core.targets" del proyecto "D:\Users\Jhon\Documentos\Mintrabajo\Modulo General usuarios\AuthSystemNew\AuthSystem.Application\AuthSystem.Application.csproj" (el destino "_InitializeSourceRootMappedPathsOpt" depende de ├®l):
       Usando la tarea "Microsoft.CodeAnalysis.BuildTasks.MapSourceRoots" del ensamblado "C:\Program Files\dotnet\sdk\9.0.201\Roslyn\Microsoft.Build.Tasks.CodeAnalysis.dll".
       Tarea "Microsoft.CodeAnalysis.BuildTasks.MapSourceRoots"
       Ejecuci├│n de la tarea "Microsoft.CodeAnalysis.BuildTasks.MapSourceRoots" terminada.
  2:10>Compilaci├│n terminada del destino "InitializeSourceRootMappedPaths" en el proyecto "AuthSystem.Application.csproj".
  2:10>Destino "_InitializeSourceRootMappedPathsOpt" en el archivo "C:\Program Files\dotnet\sdk\9.0.201\Sdks\Microsoft.SourceLink.Common\build\Microsoft.SourceLink.Common.targets" del proyecto "D:\Users\Jhon\Documentos\Mintrabajo\Modulo General usuarios\AuthSystemNew\AuthSystem.Application\AuthSystem.Application.csproj" (el destino "_GenerateSourceLinkFile" depende de ├®l):
  2:10>Compilaci├│n terminada del destino "_InitializeSourceRootMappedPathsOpt" en el proyecto "AuthSystem.Application.csproj".
  2:10>Destino "_InitializeGitHubSourceLinkUrl" en el archivo "C:\Program Files\dotnet\sdk\9.0.201\Sdks\Microsoft.SourceLink.GitHub\build\Microsoft.SourceLink.GitHub.targets" del proyecto "D:\Users\Jhon\Documentos\Mintrabajo\Modulo General usuarios\AuthSystemNew\AuthSystem.Application\AuthSystem.Application.csproj" (el destino "_GenerateSourceLinkFile" depende de ├®l):
       Compilando completamente el destino "_InitializeGitHubSourceLinkUrl".
       No se especificaron archivos de entrada.
       Usando la tarea "Microsoft.SourceLink.GitHub.GetSourceLinkUrl" del ensamblado "C:\Program Files\dotnet\sdk\9.0.201\Sdks\Microsoft.SourceLink.GitHub\build\..\tools\net\Microsoft.SourceLink.GitHub.dll".
       Tarea "Microsoft.SourceLink.GitHub.GetSourceLinkUrl"
       Ejecuci├│n de la tarea "Microsoft.SourceLink.GitHub.GetSourceLinkUrl" terminada.
  2:10>Compilaci├│n terminada del destino "_InitializeGitHubSourceLinkUrl" en el proyecto "AuthSystem.Application.csproj".
  2:10>Destino "_InitializeGitHubSourceLinkUrl" en el archivo "C:\Program Files\dotnet\sdk\9.0.201\Sdks\Microsoft.SourceLink.GitHub\build\Microsoft.SourceLink.GitHub.targets" del proyecto "D:\Users\Jhon\Documentos\Mintrabajo\Modulo General usuarios\AuthSystemNew\AuthSystem.Application\AuthSystem.Application.csproj" (el destino "_GenerateSourceLinkFile" depende de ├®l):
       Compilando completamente el destino "_InitializeGitHubSourceLinkUrl".
       No se especificaron archivos de entrada.
       Tarea "Microsoft.SourceLink.GitHub.GetSourceLinkUrl"
       Ejecuci├│n de la tarea "Microsoft.SourceLink.GitHub.GetSourceLinkUrl" terminada.
  2:10>Compilaci├│n terminada del destino "_InitializeGitHubSourceLinkUrl" en el proyecto "AuthSystem.Application.csproj".
  2:10>Destino "_InitializeGitHubSourceLinkUrl" en el archivo "C:\Program Files\dotnet\sdk\9.0.201\Sdks\Microsoft.SourceLink.GitHub\build\Microsoft.SourceLink.GitHub.targets" del proyecto "D:\Users\Jhon\Documentos\Mintrabajo\Modulo General usuarios\AuthSystemNew\AuthSystem.Application\AuthSystem.Application.csproj" (el destino "_GenerateSourceLinkFile" depende de ├®l):
       Compilando completamente el destino "_InitializeGitHubSourceLinkUrl".
       No se especificaron archivos de entrada.
       Tarea "Microsoft.SourceLink.GitHub.GetSourceLinkUrl"
       Ejecuci├│n de la tarea "Microsoft.SourceLink.GitHub.GetSourceLinkUrl" terminada.
  2:10>Compilaci├│n terminada del destino "_InitializeGitHubSourceLinkUrl" en el proyecto "AuthSystem.Application.csproj".
  2:10>Destino "_InitializeGitLabSourceLinkUrl" en el archivo "C:\Program Files\dotnet\sdk\9.0.201\Sdks\Microsoft.SourceLink.GitLab\build\Microsoft.SourceLink.GitLab.targets" del proyecto "D:\Users\Jhon\Documentos\Mintrabajo\Modulo General usuarios\AuthSystemNew\AuthSystem.Application\AuthSystem.Application.csproj" (el destino "_GenerateSourceLinkFile" depende de ├®l):
       Compilando completamente el destino "_InitializeGitLabSourceLinkUrl".
       No se especificaron archivos de entrada.
       Usando la tarea "Microsoft.SourceLink.GitLab.GetSourceLinkUrl" del ensamblado "C:\Program Files\dotnet\sdk\9.0.201\Sdks\Microsoft.SourceLink.GitLab\build\..\tools\net\Microsoft.SourceLink.GitLab.dll".
       Tarea "Microsoft.SourceLink.GitLab.GetSourceLinkUrl"
       Ejecuci├│n de la tarea "Microsoft.SourceLink.GitLab.GetSourceLinkUrl" terminada.
  2:10>Compilaci├│n terminada del destino "_InitializeGitLabSourceLinkUrl" en el proyecto "AuthSystem.Application.csproj".
  2:10>Destino "_InitializeGitLabSourceLinkUrl" en el archivo "C:\Program Files\dotnet\sdk\9.0.201\Sdks\Microsoft.SourceLink.GitLab\build\Microsoft.SourceLink.GitLab.targets" del proyecto "D:\Users\Jhon\Documentos\Mintrabajo\Modulo General usuarios\AuthSystemNew\AuthSystem.Application\AuthSystem.Application.csproj" (el destino "_GenerateSourceLinkFile" depende de ├®l):
       Compilando completamente el destino "_InitializeGitLabSourceLinkUrl".
       No se especificaron archivos de entrada.
       Tarea "Microsoft.SourceLink.GitLab.GetSourceLinkUrl"
       Ejecuci├│n de la tarea "Microsoft.SourceLink.GitLab.GetSourceLinkUrl" terminada.
  2:10>Compilaci├│n terminada del destino "_InitializeGitLabSourceLinkUrl" en el proyecto "AuthSystem.Application.csproj".
  2:10>Destino "_InitializeGitLabSourceLinkUrl" en el archivo "C:\Program Files\dotnet\sdk\9.0.201\Sdks\Microsoft.SourceLink.GitLab\build\Microsoft.SourceLink.GitLab.targets" del proyecto "D:\Users\Jhon\Documentos\Mintrabajo\Modulo General usuarios\AuthSystemNew\AuthSystem.Application\AuthSystem.Application.csproj" (el destino "_GenerateSourceLinkFile" depende de ├®l):
       Compilando completamente el destino "_InitializeGitLabSourceLinkUrl".
       No se especificaron archivos de entrada.
       Tarea "Microsoft.SourceLink.GitLab.GetSourceLinkUrl"
       Ejecuci├│n de la tarea "Microsoft.SourceLink.GitLab.GetSourceLinkUrl" terminada.
  2:10>Compilaci├│n terminada del destino "_InitializeGitLabSourceLinkUrl" en el proyecto "AuthSystem.Application.csproj".
  2:10>Destino "_InitializeAzureReposGitSourceLinkUrl" en el archivo "C:\Program Files\dotnet\sdk\9.0.201\Sdks\Microsoft.SourceLink.AzureRepos.Git\build\Microsoft.SourceLink.AzureRepos.Git.targets" del proyecto "D:\Users\Jhon\Documentos\Mintrabajo\Modulo General usuarios\AuthSystemNew\AuthSystem.Application\AuthSystem.Application.csproj" (el destino "_GenerateSourceLinkFile" depende de ├®l):
       Compilando completamente el destino "_InitializeAzureReposGitSourceLinkUrl".
       No se especificaron archivos de entrada.
       Usando la tarea "Microsoft.SourceLink.AzureRepos.Git.GetSourceLinkUrl" del ensamblado "C:\Program Files\dotnet\sdk\9.0.201\Sdks\Microsoft.SourceLink.AzureRepos.Git\build\..\tools\net\Microsoft.SourceLink.AzureRepos.Git.dll".
       Tarea "Microsoft.SourceLink.AzureRepos.Git.GetSourceLinkUrl"
       Ejecuci├│n de la tarea "Microsoft.SourceLink.AzureRepos.Git.GetSourceLinkUrl" terminada.
  2:10>Compilaci├│n terminada del destino "_InitializeAzureReposGitSourceLinkUrl" en el proyecto "AuthSystem.Application.csproj".
  2:10>Destino "_InitializeAzureReposGitSourceLinkUrl" en el archivo "C:\Program Files\dotnet\sdk\9.0.201\Sdks\Microsoft.SourceLink.AzureRepos.Git\build\Microsoft.SourceLink.AzureRepos.Git.targets" del proyecto "D:\Users\Jhon\Documentos\Mintrabajo\Modulo General usuarios\AuthSystemNew\AuthSystem.Application\AuthSystem.Application.csproj" (el destino "_GenerateSourceLinkFile" depende de ├®l):
       Compilando completamente el destino "_InitializeAzureReposGitSourceLinkUrl".
       No se especificaron archivos de entrada.
       Tarea "Microsoft.SourceLink.AzureRepos.Git.GetSourceLinkUrl"
   7:7>Ejecuci├│n de la tarea "MakeDir" terminada.
  2:10>Ejecuci├│n de la tarea "Microsoft.SourceLink.AzureRepos.Git.GetSourceLinkUrl" terminada.
   7:7>Compilaci├│n terminada del destino "PrepareForBuild" en el proyecto "AuthSystem.API.csproj".
  2:10>Compilaci├│n terminada del destino "_InitializeAzureReposGitSourceLinkUrl" en el proyecto "AuthSystem.Application.csproj".
  2:10>Destino "_InitializeAzureReposGitSourceLinkUrl" en el archivo "C:\Program Files\dotnet\sdk\9.0.201\Sdks\Microsoft.SourceLink.AzureRepos.Git\build\Microsoft.SourceLink.AzureRepos.Git.targets" del proyecto "D:\Users\Jhon\Documentos\Mintrabajo\Modulo General usuarios\AuthSystemNew\AuthSystem.Application\AuthSystem.Application.csproj" (el destino "_GenerateSourceLinkFile" depende de ├®l):
       Compilando completamente el destino "_InitializeAzureReposGitSourceLinkUrl".
       No se especificaron archivos de entrada.
   7:7>Destino "GenerateGlobalUsings" en el archivo "C:\Program Files\dotnet\sdk\9.0.201\Sdks\Microsoft.NET.Sdk\targets\Microsoft.NET.GenerateGlobalUsings.targets" del proyecto "D:\Users\Jhon\Documentos\Mintrabajo\Modulo General usuarios\AuthSystemNew\AuthSystem.API\AuthSystem.API.csproj" (el destino "CoreBuild" depende de ├®l):
   7:7>Usando la tarea "GenerateGlobalUsings" del ensamblado "C:\Program Files\dotnet\sdk\9.0.201\Sdks\Microsoft.NET.Sdk\targets\..\tools\net9.0\Microsoft.NET.Build.Tasks.dll".
       Tarea "GenerateGlobalUsings"
  2:10>Tarea "Microsoft.SourceLink.AzureRepos.Git.GetSourceLinkUrl"
       Ejecuci├│n de la tarea "Microsoft.SourceLink.AzureRepos.Git.GetSourceLinkUrl" terminada.
  2:10>Compilaci├│n terminada del destino "_InitializeAzureReposGitSourceLinkUrl" en el proyecto "AuthSystem.Application.csproj".
  2:10>Destino "_InitializeBitbucketGitSourceLinkUrl" en el archivo "C:\Program Files\dotnet\sdk\9.0.201\Sdks\Microsoft.SourceLink.Bitbucket.Git\build\Microsoft.SourceLink.Bitbucket.Git.targets" del proyecto "D:\Users\Jhon\Documentos\Mintrabajo\Modulo General usuarios\AuthSystemNew\AuthSystem.Application\AuthSystem.Application.csproj" (el destino "_GenerateSourceLinkFile" depende de ├®l):
       Compilando completamente el destino "_InitializeBitbucketGitSourceLinkUrl".
       No se especificaron archivos de entrada.
       Usando la tarea "Microsoft.SourceLink.Bitbucket.Git.GetSourceLinkUrl" del ensamblado "C:\Program Files\dotnet\sdk\9.0.201\Sdks\Microsoft.SourceLink.Bitbucket.Git\build\..\tools\net\Microsoft.SourceLink.Bitbucket.Git.dll".
       Tarea "Microsoft.SourceLink.Bitbucket.Git.GetSourceLinkUrl"
       Ejecuci├│n de la tarea "Microsoft.SourceLink.Bitbucket.Git.GetSourceLinkUrl" terminada.
  2:10>Compilaci├│n terminada del destino "_InitializeBitbucketGitSourceLinkUrl" en el proyecto "AuthSystem.Application.csproj".
  2:10>Destino "_InitializeBitbucketGitSourceLinkUrl" en el archivo "C:\Program Files\dotnet\sdk\9.0.201\Sdks\Microsoft.SourceLink.Bitbucket.Git\build\Microsoft.SourceLink.Bitbucket.Git.targets" del proyecto "D:\Users\Jhon\Documentos\Mintrabajo\Modulo General usuarios\AuthSystemNew\AuthSystem.Application\AuthSystem.Application.csproj" (el destino "_GenerateSourceLinkFile" depende de ├®l):
       Compilando completamente el destino "_InitializeBitbucketGitSourceLinkUrl".
       No se especificaron archivos de entrada.
       Tarea "Microsoft.SourceLink.Bitbucket.Git.GetSourceLinkUrl"
       Ejecuci├│n de la tarea "Microsoft.SourceLink.Bitbucket.Git.GetSourceLinkUrl" terminada.
  2:10>Compilaci├│n terminada del destino "_InitializeBitbucketGitSourceLinkUrl" en el proyecto "AuthSystem.Application.csproj".
  2:10>Destino "_InitializeBitbucketGitSourceLinkUrl" en el archivo "C:\Program Files\dotnet\sdk\9.0.201\Sdks\Microsoft.SourceLink.Bitbucket.Git\build\Microsoft.SourceLink.Bitbucket.Git.targets" del proyecto "D:\Users\Jhon\Documentos\Mintrabajo\Modulo General usuarios\AuthSystemNew\AuthSystem.Application\AuthSystem.Application.csproj" (el destino "_GenerateSourceLinkFile" depende de ├®l):
       Compilando completamente el destino "_InitializeBitbucketGitSourceLinkUrl".
       No se especificaron archivos de entrada.
       Tarea "Microsoft.SourceLink.Bitbucket.Git.GetSourceLinkUrl"
       Ejecuci├│n de la tarea "Microsoft.SourceLink.Bitbucket.Git.GetSourceLinkUrl" terminada.
  2:10>Compilaci├│n terminada del destino "_InitializeBitbucketGitSourceLinkUrl" en el proyecto "AuthSystem.Application.csproj".
  2:10>Destino "_GenerateSourceLinkFile" en el archivo "C:\Program Files\dotnet\sdk\9.0.201\Sdks\Microsoft.SourceLink.Common\build\Microsoft.SourceLink.Common.targets" del proyecto "D:\Users\Jhon\Documentos\Mintrabajo\Modulo General usuarios\AuthSystemNew\AuthSystem.Application\AuthSystem.Application.csproj" (el destino "GenerateSourceLinkFile" depende de ├®l):
       Compilando completamente el destino "_GenerateSourceLinkFile".
       No se especificaron archivos de entrada.
       Usando la tarea "Microsoft.SourceLink.Common.GenerateSourceLinkFile" del ensamblado "C:\Program Files\dotnet\sdk\9.0.201\Sdks\Microsoft.SourceLink.Common\build\..\tools\net\Microsoft.SourceLink.Common.dll".
       Tarea "Microsoft.SourceLink.Common.GenerateSourceLinkFile"
         El archivo de Source Link 'obj\Debug\net8.0\AuthSystem.Application.sourcelink.json' est├í actualizado.
       Ejecuci├│n de la tarea "Microsoft.SourceLink.Common.GenerateSourceLinkFile" terminada.
  2:10>Compilaci├│n terminada del destino "_GenerateSourceLinkFile" en el proyecto "AuthSystem.Application.csproj".
  2:10>Destino "GenerateSourceLinkFile" en el archivo "C:\Program Files\dotnet\sdk\9.0.201\Sdks\Microsoft.SourceLink.Common\build\Microsoft.SourceLink.Common.targets" del proyecto "D:\Users\Jhon\Documentos\Mintrabajo\Modulo General usuarios\AuthSystemNew\AuthSystem.Application\AuthSystem.Application.csproj" (el destino "CoreCompile" depende de ├®l):
  2:10>Compilaci├│n terminada del destino "GenerateSourceLinkFile" en el proyecto "AuthSystem.Application.csproj".
  2:10>Destino "AddGlobalAnalyzerConfigForPackage_MicrosoftCodeAnalysisNetAnalyzers" en el archivo "C:\Program Files\dotnet\sdk\9.0.201\Sdks\Microsoft.NET.Sdk\analyzers\build\Microsoft.CodeAnalysis.NetAnalyzers.targets" del proyecto "D:\Users\Jhon\Documentos\Mintrabajo\Modulo General usuarios\AuthSystemNew\AuthSystem.Application\AuthSystem.Application.csproj" (el destino "CoreCompile" depende de ├®l):
  2:10>Compilaci├│n terminada del destino "AddGlobalAnalyzerConfigForPackage_MicrosoftCodeAnalysisNetAnalyzers" en el proyecto "AuthSystem.Application.csproj".
       Se omiti├│ el destino "AddGlobalAnalyzerConfigForPackage_MicrosoftCodeAnalysisNetAnalyzersDesign" debido a una condici├│n falsa (False); ('$(SkipGlobalAnalyzerConfigForPackage)' != 'true' and ('$(AnalysisLevelDesign)' != '' or '$(AnalysisModeDesign)' != '')) se evalu├│ como ('' != 'true' and ('' != '' or '' != '')).
       Se omiti├│ el destino "AddGlobalAnalyzerConfigForPackage_MicrosoftCodeAnalysisNetAnalyzersDocumentation" debido a una condici├│n falsa (False); ('$(SkipGlobalAnalyzerConfigForPackage)' != 'true' and ('$(AnalysisLevelDocumentation)' != '' or '$(AnalysisModeDocumentation)' != '')) se evalu├│ como ('' != 'true' and ('' != '' or '' != '')).
       Se omiti├│ el destino "AddGlobalAnalyzerConfigForPackage_MicrosoftCodeAnalysisNetAnalyzersGlobalization" debido a una condici├│n falsa (False); ('$(SkipGlobalAnalyzerConfigForPackage)' != 'true' and ('$(AnalysisLevelGlobalization)' != '' or '$(AnalysisModeGlobalization)' != '')) se evalu├│ como ('' != 'true' and ('' != '' or '' != '')).
       Se omiti├│ el destino "AddGlobalAnalyzerConfigForPackage_MicrosoftCodeAnalysisNetAnalyzersInteroperability" debido a una condici├│n falsa (False); ('$(SkipGlobalAnalyzerConfigForPackage)' != 'true' and ('$(AnalysisLevelInteroperability)' != '' or '$(AnalysisModeInteroperability)' != '')) se evalu├│ como ('' != 'true' and ('' != '' or '' != '')).
       Se omiti├│ el destino "AddGlobalAnalyzerConfigForPackage_MicrosoftCodeAnalysisNetAnalyzersMaintainability" debido a una condici├│n falsa (False); ('$(SkipGlobalAnalyzerConfigForPackage)' != 'true' and ('$(AnalysisLevelMaintainability)' != '' or '$(AnalysisModeMaintainability)' != '')) se evalu├│ como ('' != 'true' and ('' != '' or '' != '')).
       Se omiti├│ el destino "AddGlobalAnalyzerConfigForPackage_MicrosoftCodeAnalysisNetAnalyzersNaming" debido a una condici├│n falsa (False); ('$(SkipGlobalAnalyzerConfigForPackage)' != 'true' and ('$(AnalysisLevelNaming)' != '' or '$(AnalysisModeNaming)' != '')) se evalu├│ como ('' != 'true' and ('' != '' or '' != '')).
       Se omiti├│ el destino "AddGlobalAnalyzerConfigForPackage_MicrosoftCodeAnalysisNetAnalyzersPerformance" debido a una condici├│n falsa (False); ('$(SkipGlobalAnalyzerConfigForPackage)' != 'true' and ('$(AnalysisLevelPerformance)' != '' or '$(AnalysisModePerformance)' != '')) se evalu├│ como ('' != 'true' and ('' != '' or '' != '')).
       Se omiti├│ el destino "AddGlobalAnalyzerConfigForPackage_MicrosoftCodeAnalysisNetAnalyzersReliability" debido a una condici├│n falsa (False); ('$(SkipGlobalAnalyzerConfigForPackage)' != 'true' and ('$(AnalysisLevelReliability)' != '' or '$(AnalysisModeReliability)' != '')) se evalu├│ como ('' != 'true' and ('' != '' or '' != '')).
       Se omiti├│ el destino "AddGlobalAnalyzerConfigForPackage_MicrosoftCodeAnalysisNetAnalyzersSecurity" debido a una condici├│n falsa (False); ('$(SkipGlobalAnalyzerConfigForPackage)' != 'true' and ('$(AnalysisLevelSecurity)' != '' or '$(AnalysisModeSecurity)' != '')) se evalu├│ como ('' != 'true' and ('' != '' or '' != '')).
       Se omiti├│ el destino "AddGlobalAnalyzerConfigForPackage_MicrosoftCodeAnalysisNetAnalyzersUsage" debido a una condici├│n falsa (False); ('$(SkipGlobalAnalyzerConfigForPackage)' != 'true' and ('$(AnalysisLevelUsage)' != '' or '$(AnalysisModeUsage)' != '')) se evalu├│ como ('' != 'true' and ('' != '' or '' != '')).
       Se omiti├│ el destino "_CodeAnalysisTreatWarningsAsErrors" debido a una condici├│n falsa (False); ('$(DesignTimeBuild)' == 'true' OR '$(BuildingProject)' != 'true') se evalu├│ como ('' == 'true' OR 'true' != 'true').
  2:10>Destino "CoreCompile" en el archivo "C:\Program Files\dotnet\sdk\9.0.201\Roslyn\Microsoft.CSharp.Core.targets" del proyecto "D:\Users\Jhon\Documentos\Mintrabajo\Modulo General usuarios\AuthSystemNew\AuthSystem.Application\AuthSystem.Application.csproj" (el destino "Compile" depende de ├®l):
       Se omitir├í el destino "CoreCompile" porque todos los archivos de salida est├ín actualizados respecto a los archivos de entrada.
       Archivos de entrada: 
           Class1.cs
           obj\Debug\net8.0\AuthSystem.Application.GlobalUsings.g.cs
           obj\Debug\net8.0\.NETCoreApp,Version=v8.0.AssemblyAttributes.cs
           obj\Debug\net8.0\AuthSystem.Application.AssemblyInfo.cs
           D:\Users\Jhon\Documentos\Mintrabajo\Modulo General usuarios\AuthSystemNew\AuthSystem.Domain\obj\Debug\net8.0\ref\AuthSystem.Domain.dll
           C:\Users\JHON\.nuget\packages\fluentvalidation\11.5.2\lib\net7.0\FluentValidation.dll
           C:\Users\JHON\.nuget\packages\mediatr.contracts\2.0.1\lib\netstandard2.0\MediatR.Contracts.dll
           C:\Users\JHON\.nuget\packages\mediatr\12.0.1\lib\net6.0\MediatR.dll
           C:\Program Files\dotnet\packs\Microsoft.NETCore.App.Ref\8.0.14\ref\net8.0\Microsoft.CSharp.dll
           C:\Users\JHON\.nuget\packages\microsoft.extensions.dependencyinjection.abstractions\8.0.0\lib\net8.0\Microsoft.Extensions.DependencyInjection.Abstractions.dll
           C:\Program Files\dotnet\packs\Microsoft.NETCore.App.Ref\8.0.14\ref\net8.0\Microsoft.VisualBasic.Core.dll
           C:\Program Files\dotnet\packs\Microsoft.NETCore.App.Ref\8.0.14\ref\net8.0\Microsoft.VisualBasic.dll
           C:\Program Files\dotnet\packs\Microsoft.NETCore.App.Ref\8.0.14\ref\net8.0\Microsoft.Win32.Primitives.dll
           C:\Program Files\dotnet\packs\Microsoft.NETCore.App.Ref\8.0.14\ref\net8.0\Microsoft.Win32.Registry.dll
           C:\Program Files\dotnet\packs\Microsoft.NETCore.App.Ref\8.0.14\ref\net8.0\mscorlib.dll
           C:\Program Files\dotnet\packs\Microsoft.NETCore.App.Ref\8.0.14\ref\net8.0\netstandard.dll
           C:\Program Files\dotnet\packs\Microsoft.NETCore.App.Ref\8.0.14\ref\net8.0\System.AppContext.dll
           C:\Program Files\dotnet\packs\Microsoft.NETCore.App.Ref\8.0.14\ref\net8.0\System.Buffers.dll
           C:\Program Files\dotnet\packs\Microsoft.NETCore.App.Ref\8.0.14\ref\net8.0\System.Collections.Concurrent.dll
           C:\Program Files\dotnet\packs\Microsoft.NETCore.App.Ref\8.0.14\ref\net8.0\System.Collections.dll
           C:\Program Files\dotnet\packs\Microsoft.NETCore.App.Ref\8.0.14\ref\net8.0\System.Collections.Immutable.dll
           C:\Program Files\dotnet\packs\Microsoft.NETCore.App.Ref\8.0.14\ref\net8.0\System.Collections.NonGeneric.dll
           C:\Program Files\dotnet\packs\Microsoft.NETCore.App.Ref\8.0.14\ref\net8.0\System.Collections.Specialized.dll
           C:\Program Files\dotnet\packs\Microsoft.NETCore.App.Ref\8.0.14\ref\net8.0\System.ComponentModel.Annotations.dll
           C:\Program Files\dotnet\packs\Microsoft.NETCore.App.Ref\8.0.14\ref\net8.0\System.ComponentModel.DataAnnotations.dll
           C:\Program Files\dotnet\packs\Microsoft.NETCore.App.Ref\8.0.14\ref\net8.0\System.ComponentModel.dll
           C:\Program Files\dotnet\packs\Microsoft.NETCore.App.Ref\8.0.14\ref\net8.0\System.ComponentModel.EventBasedAsync.dll
           C:\Program Files\dotnet\packs\Microsoft.NETCore.App.Ref\8.0.14\ref\net8.0\System.ComponentModel.Primitives.dll
           C:\Program Files\dotnet\packs\Microsoft.NETCore.App.Ref\8.0.14\ref\net8.0\System.ComponentModel.TypeConverter.dll
           C:\Program Files\dotnet\packs\Microsoft.NETCore.App.Ref\8.0.14\ref\net8.0\System.Configuration.dll
           C:\Program Files\dotnet\packs\Microsoft.NETCore.App.Ref\8.0.14\ref\net8.0\System.Console.dll
           C:\Program Files\dotnet\packs\Microsoft.NETCore.App.Ref\8.0.14\ref\net8.0\System.Core.dll
           C:\Program Files\dotnet\packs\Microsoft.NETCore.App.Ref\8.0.14\ref\net8.0\System.Data.Common.dll
           C:\Program Files\dotnet\packs\Microsoft.NETCore.App.Ref\8.0.14\ref\net8.0\System.Data.DataSetExtensions.dll
           C:\Program Files\dotnet\packs\Microsoft.NETCore.App.Ref\8.0.14\ref\net8.0\System.Data.dll
           C:\Program Files\dotnet\packs\Microsoft.NETCore.App.Ref\8.0.14\ref\net8.0\System.Diagnostics.Contracts.dll
           C:\Program Files\dotnet\packs\Microsoft.NETCore.App.Ref\8.0.14\ref\net8.0\System.Diagnostics.Debug.dll
           C:\Program Files\dotnet\packs\Microsoft.NETCore.App.Ref\8.0.14\ref\net8.0\System.Diagnostics.DiagnosticSource.dll
           C:\Program Files\dotnet\packs\Microsoft.NETCore.App.Ref\8.0.14\ref\net8.0\System.Diagnostics.FileVersionInfo.dll
           C:\Program Files\dotnet\packs\Microsoft.NETCore.App.Ref\8.0.14\ref\net8.0\System.Diagnostics.Process.dll
           C:\Program Files\dotnet\packs\Microsoft.NETCore.App.Ref\8.0.14\ref\net8.0\System.Diagnostics.StackTrace.dll
           C:\Program Files\dotnet\packs\Microsoft.NETCore.App.Ref\8.0.14\ref\net8.0\System.Diagnostics.TextWriterTraceListener.dll
           C:\Program Files\dotnet\packs\Microsoft.NETCore.App.Ref\8.0.14\ref\net8.0\System.Diagnostics.Tools.dll
           C:\Program Files\dotnet\packs\Microsoft.NETCore.App.Ref\8.0.14\ref\net8.0\System.Diagnostics.TraceSource.dll
           C:\Program Files\dotnet\packs\Microsoft.NETCore.App.Ref\8.0.14\ref\net8.0\System.Diagnostics.Tracing.dll
           C:\Program Files\dotnet\packs\Microsoft.NETCore.App.Ref\8.0.14\ref\net8.0\System.dll
           C:\Program Files\dotnet\packs\Microsoft.NETCore.App.Ref\8.0.14\ref\net8.0\System.Drawing.dll
           C:\Program Files\dotnet\packs\Microsoft.NETCore.App.Ref\8.0.14\ref\net8.0\System.Drawing.Primitives.dll
           C:\Program Files\dotnet\packs\Microsoft.NETCore.App.Ref\8.0.14\ref\net8.0\System.Dynamic.Runtime.dll
           C:\Program Files\dotnet\packs\Microsoft.NETCore.App.Ref\8.0.14\ref\net8.0\System.Formats.Asn1.dll
           C:\Program Files\dotnet\packs\Microsoft.NETCore.App.Ref\8.0.14\ref\net8.0\System.Formats.Tar.dll
           C:\Program Files\dotnet\packs\Microsoft.NETCore.App.Ref\8.0.14\ref\net8.0\System.Globalization.Calendars.dll
           C:\Program Files\dotnet\packs\Microsoft.NETCore.App.Ref\8.0.14\ref\net8.0\System.Globalization.dll
           C:\Program Files\dotnet\packs\Microsoft.NETCore.App.Ref\8.0.14\ref\net8.0\System.Globalization.Extensions.dll
           C:\Program Files\dotnet\packs\Microsoft.NETCore.App.Ref\8.0.14\ref\net8.0\System.IO.Compression.Brotli.dll
           C:\Program Files\dotnet\packs\Microsoft.NETCore.App.Ref\8.0.14\ref\net8.0\System.IO.Compression.dll
           C:\Program Files\dotnet\packs\Microsoft.NETCore.App.Ref\8.0.14\ref\net8.0\System.IO.Compression.FileSystem.dll
           C:\Program Files\dotnet\packs\Microsoft.NETCore.App.Ref\8.0.14\ref\net8.0\System.IO.Compression.ZipFile.dll
           C:\Program Files\dotnet\packs\Microsoft.NETCore.App.Ref\8.0.14\ref\net8.0\System.IO.dll
           C:\Program Files\dotnet\packs\Microsoft.NETCore.App.Ref\8.0.14\ref\net8.0\System.IO.FileSystem.AccessControl.dll
           C:\Program Files\dotnet\packs\Microsoft.NETCore.App.Ref\8.0.14\ref\net8.0\System.IO.FileSystem.dll
           C:\Program Files\dotnet\packs\Microsoft.NETCore.App.Ref\8.0.14\ref\net8.0\System.IO.FileSystem.DriveInfo.dll
           C:\Program Files\dotnet\packs\Microsoft.NETCore.App.Ref\8.0.14\ref\net8.0\System.IO.FileSystem.Primitives.dll
           C:\Program Files\dotnet\packs\Microsoft.NETCore.App.Ref\8.0.14\ref\net8.0\System.IO.FileSystem.Watcher.dll
           C:\Program Files\dotnet\packs\Microsoft.NETCore.App.Ref\8.0.14\ref\net8.0\System.IO.IsolatedStorage.dll
           C:\Program Files\dotnet\packs\Microsoft.NETCore.App.Ref\8.0.14\ref\net8.0\System.IO.MemoryMappedFiles.dll
           C:\Program Files\dotnet\packs\Microsoft.NETCore.App.Ref\8.0.14\ref\net8.0\System.IO.Pipes.AccessControl.dll
           C:\Program Files\dotnet\packs\Microsoft.NETCore.App.Ref\8.0.14\ref\net8.0\System.IO.Pipes.dll
           C:\Program Files\dotnet\packs\Microsoft.NETCore.App.Ref\8.0.14\ref\net8.0\System.IO.UnmanagedMemoryStream.dll
           C:\Program Files\dotnet\packs\Microsoft.NETCore.App.Ref\8.0.14\ref\net8.0\System.Linq.dll
           C:\Program Files\dotnet\packs\Microsoft.NETCore.App.Ref\8.0.14\ref\net8.0\System.Linq.Expressions.dll
           C:\Program Files\dotnet\packs\Microsoft.NETCore.App.Ref\8.0.14\ref\net8.0\System.Linq.Parallel.dll
           C:\Program Files\dotnet\packs\Microsoft.NETCore.App.Ref\8.0.14\ref\net8.0\System.Linq.Queryable.dll
           C:\Program Files\dotnet\packs\Microsoft.NETCore.App.Ref\8.0.14\ref\net8.0\System.Memory.dll
           C:\Program Files\dotnet\packs\Microsoft.NETCore.App.Ref\8.0.14\ref\net8.0\System.Net.dll
           C:\Program Files\dotnet\packs\Microsoft.NETCore.App.Ref\8.0.14\ref\net8.0\System.Net.Http.dll
           C:\Program Files\dotnet\packs\Microsoft.NETCore.App.Ref\8.0.14\ref\net8.0\System.Net.Http.Json.dll
           C:\Program Files\dotnet\packs\Microsoft.NETCore.App.Ref\8.0.14\ref\net8.0\System.Net.HttpListener.dll
           C:\Program Files\dotnet\packs\Microsoft.NETCore.App.Ref\8.0.14\ref\net8.0\System.Net.Mail.dll
           C:\Program Files\dotnet\packs\Microsoft.NETCore.App.Ref\8.0.14\ref\net8.0\System.Net.NameResolution.dll
           C:\Program Files\dotnet\packs\Microsoft.NETCore.App.Ref\8.0.14\ref\net8.0\System.Net.NetworkInformation.dll
           C:\Program Files\dotnet\packs\Microsoft.NETCore.App.Ref\8.0.14\ref\net8.0\System.Net.Ping.dll
           C:\Program Files\dotnet\packs\Microsoft.NETCore.App.Ref\8.0.14\ref\net8.0\System.Net.Primitives.dll
           C:\Program Files\dotnet\packs\Microsoft.NETCore.App.Ref\8.0.14\ref\net8.0\System.Net.Quic.dll
           C:\Program Files\dotnet\packs\Microsoft.NETCore.App.Ref\8.0.14\ref\net8.0\System.Net.Requests.dll
           C:\Program Files\dotnet\packs\Microsoft.NETCore.App.Ref\8.0.14\ref\net8.0\System.Net.Security.dll
           C:\Program Files\dotnet\packs\Microsoft.NETCore.App.Ref\8.0.14\ref\net8.0\System.Net.ServicePoint.dll
           C:\Program Files\dotnet\packs\Microsoft.NETCore.App.Ref\8.0.14\ref\net8.0\System.Net.Sockets.dll
           C:\Program Files\dotnet\packs\Microsoft.NETCore.App.Ref\8.0.14\ref\net8.0\System.Net.WebClient.dll
           C:\Program Files\dotnet\packs\Microsoft.NETCore.App.Ref\8.0.14\ref\net8.0\System.Net.WebHeaderCollection.dll
           C:\Program Files\dotnet\packs\Microsoft.NETCore.App.Ref\8.0.14\ref\net8.0\System.Net.WebProxy.dll
           C:\Program Files\dotnet\packs\Microsoft.NETCore.App.Ref\8.0.14\ref\net8.0\System.Net.WebSockets.Client.dll
           C:\Program Files\dotnet\packs\Microsoft.NETCore.App.Ref\8.0.14\ref\net8.0\System.Net.WebSockets.dll
           C:\Program Files\dotnet\packs\Microsoft.NETCore.App.Ref\8.0.14\ref\net8.0\System.Numerics.dll
           C:\Program Files\dotnet\packs\Microsoft.NETCore.App.Ref\8.0.14\ref\net8.0\System.Numerics.Vectors.dll
           C:\Program Files\dotnet\packs\Microsoft.NETCore.App.Ref\8.0.14\ref\net8.0\System.ObjectModel.dll
           C:\Program Files\dotnet\packs\Microsoft.NETCore.App.Ref\8.0.14\ref\net8.0\System.Reflection.DispatchProxy.dll
           C:\Program Files\dotnet\packs\Microsoft.NETCore.App.Ref\8.0.14\ref\net8.0\System.Reflection.dll
           C:\Program Files\dotnet\packs\Microsoft.NETCore.App.Ref\8.0.14\ref\net8.0\System.Reflection.Emit.dll
           C:\Program Files\dotnet\packs\Microsoft.NETCore.App.Ref\8.0.14\ref\net8.0\System.Reflection.Emit.ILGeneration.dll
           C:\Program Files\dotnet\packs\Microsoft.NETCore.App.Ref\8.0.14\ref\net8.0\System.Reflection.Emit.Lightweight.dll
           C:\Program Files\dotnet\packs\Microsoft.NETCore.App.Ref\8.0.14\ref\net8.0\System.Reflection.Extensions.dll
           C:\Program Files\dotnet\packs\Microsoft.NETCore.App.Ref\8.0.14\ref\net8.0\System.Reflection.Metadata.dll
           C:\Program Files\dotnet\packs\Microsoft.NETCore.App.Ref\8.0.14\ref\net8.0\System.Reflection.Primitives.dll
           C:\Program Files\dotnet\packs\Microsoft.NETCore.App.Ref\8.0.14\ref\net8.0\System.Reflection.TypeExtensions.dll
           C:\Program Files\dotnet\packs\Microsoft.NETCore.App.Ref\8.0.14\ref\net8.0\System.Resources.Reader.dll
           C:\Program Files\dotnet\packs\Microsoft.NETCore.App.Ref\8.0.14\ref\net8.0\System.Resources.ResourceManager.dll
           C:\Program Files\dotnet\packs\Microsoft.NETCore.App.Ref\8.0.14\ref\net8.0\System.Resources.Writer.dll
           C:\Program Files\dotnet\packs\Microsoft.NETCore.App.Ref\8.0.14\ref\net8.0\System.Runtime.CompilerServices.Unsafe.dll
           C:\Program Files\dotnet\packs\Microsoft.NETCore.App.Ref\8.0.14\ref\net8.0\System.Runtime.CompilerServices.VisualC.dll
           C:\Program Files\dotnet\packs\Microsoft.NETCore.App.Ref\8.0.14\ref\net8.0\System.Runtime.dll
           C:\Program Files\dotnet\packs\Microsoft.NETCore.App.Ref\8.0.14\ref\net8.0\System.Runtime.Extensions.dll
           C:\Program Files\dotnet\packs\Microsoft.NETCore.App.Ref\8.0.14\ref\net8.0\System.Runtime.Handles.dll
           C:\Program Files\dotnet\packs\Microsoft.NETCore.App.Ref\8.0.14\ref\net8.0\System.Runtime.InteropServices.dll
           C:\Program Files\dotnet\packs\Microsoft.NETCore.App.Ref\8.0.14\ref\net8.0\System.Runtime.InteropServices.JavaScript.dll
           C:\Program Files\dotnet\packs\Microsoft.NETCore.App.Ref\8.0.14\ref\net8.0\System.Runtime.InteropServices.RuntimeInformation.dll
           C:\Program Files\dotnet\packs\Microsoft.NETCore.App.Ref\8.0.14\ref\net8.0\System.Runtime.Intrinsics.dll
           C:\Program Files\dotnet\packs\Microsoft.NETCore.App.Ref\8.0.14\ref\net8.0\System.Runtime.Loader.dll
           C:\Program Files\dotnet\packs\Microsoft.NETCore.App.Ref\8.0.14\ref\net8.0\System.Runtime.Numerics.dll
           C:\Program Files\dotnet\packs\Microsoft.NETCore.App.Ref\8.0.14\ref\net8.0\System.Runtime.Serialization.dll
           C:\Program Files\dotnet\packs\Microsoft.NETCore.App.Ref\8.0.14\ref\net8.0\System.Runtime.Serialization.Formatters.dll
           C:\Program Files\dotnet\packs\Microsoft.NETCore.App.Ref\8.0.14\ref\net8.0\System.Runtime.Serialization.Json.dll
           C:\Program Files\dotnet\packs\Microsoft.NETCore.App.Ref\8.0.14\ref\net8.0\System.Runtime.Serialization.Primitives.dll
           C:\Program Files\dotnet\packs\Microsoft.NETCore.App.Ref\8.0.14\ref\net8.0\System.Runtime.Serialization.Xml.dll
           C:\Program Files\dotnet\packs\Microsoft.NETCore.App.Ref\8.0.14\ref\net8.0\System.Security.AccessControl.dll
           C:\Program Files\dotnet\packs\Microsoft.NETCore.App.Ref\8.0.14\ref\net8.0\System.Security.Claims.dll
           C:\Program Files\dotnet\packs\Microsoft.NETCore.App.Ref\8.0.14\ref\net8.0\System.Security.Cryptography.Algorithms.dll
           C:\Program Files\dotnet\packs\Microsoft.NETCore.App.Ref\8.0.14\ref\net8.0\System.Security.Cryptography.Cng.dll
           C:\Program Files\dotnet\packs\Microsoft.NETCore.App.Ref\8.0.14\ref\net8.0\System.Security.Cryptography.Csp.dll
           C:\Program Files\dotnet\packs\Microsoft.NETCore.App.Ref\8.0.14\ref\net8.0\System.Security.Cryptography.dll
           C:\Program Files\dotnet\packs\Microsoft.NETCore.App.Ref\8.0.14\ref\net8.0\System.Security.Cryptography.Encoding.dll
           C:\Program Files\dotnet\packs\Microsoft.NETCore.App.Ref\8.0.14\ref\net8.0\System.Security.Cryptography.OpenSsl.dll
           C:\Program Files\dotnet\packs\Microsoft.NETCore.App.Ref\8.0.14\ref\net8.0\System.Security.Cryptography.Primitives.dll
           C:\Program Files\dotnet\packs\Microsoft.NETCore.App.Ref\8.0.14\ref\net8.0\System.Security.Cryptography.X509Certificates.dll
           C:\Program Files\dotnet\packs\Microsoft.NETCore.App.Ref\8.0.14\ref\net8.0\System.Security.dll
           C:\Program Files\dotnet\packs\Microsoft.NETCore.App.Ref\8.0.14\ref\net8.0\System.Security.Principal.dll
           C:\Program Files\dotnet\packs\Microsoft.NETCore.App.Ref\8.0.14\ref\net8.0\System.Security.Principal.Windows.dll
           C:\Program Files\dotnet\packs\Microsoft.NETCore.App.Ref\8.0.14\ref\net8.0\System.Security.SecureString.dll
           C:\Program Files\dotnet\packs\Microsoft.NETCore.App.Ref\8.0.14\ref\net8.0\System.ServiceModel.Web.dll
           C:\Program Files\dotnet\packs\Microsoft.NETCore.App.Ref\8.0.14\ref\net8.0\System.ServiceProcess.dll
           C:\Program Files\dotnet\packs\Microsoft.NETCore.App.Ref\8.0.14\ref\net8.0\System.Text.Encoding.CodePages.dll
           C:\Program Files\dotnet\packs\Microsoft.NETCore.App.Ref\8.0.14\ref\net8.0\System.Text.Encoding.dll
           C:\Program Files\dotnet\packs\Microsoft.NETCore.App.Ref\8.0.14\ref\net8.0\System.Text.Encoding.Extensions.dll
           C:\Program Files\dotnet\packs\Microsoft.NETCore.App.Ref\8.0.14\ref\net8.0\System.Text.Encodings.Web.dll
           C:\Program Files\dotnet\packs\Microsoft.NETCore.App.Ref\8.0.14\ref\net8.0\System.Text.Json.dll
           C:\Program Files\dotnet\packs\Microsoft.NETCore.App.Ref\8.0.14\ref\net8.0\System.Text.RegularExpressions.dll
           C:\Program Files\dotnet\packs\Microsoft.NETCore.App.Ref\8.0.14\ref\net8.0\System.Threading.Channels.dll
           C:\Program Files\dotnet\packs\Microsoft.NETCore.App.Ref\8.0.14\ref\net8.0\System.Threading.dll
           C:\Program Files\dotnet\packs\Microsoft.NETCore.App.Ref\8.0.14\ref\net8.0\System.Threading.Overlapped.dll
           C:\Program Files\dotnet\packs\Microsoft.NETCore.App.Ref\8.0.14\ref\net8.0\System.Threading.Tasks.Dataflow.dll
           C:\Program Files\dotnet\packs\Microsoft.NETCore.App.Ref\8.0.14\ref\net8.0\System.Threading.Tasks.dll
           C:\Program Files\dotnet\packs\Microsoft.NETCore.App.Ref\8.0.14\ref\net8.0\System.Threading.Tasks.Extensions.dll
           C:\Program Files\dotnet\packs\Microsoft.NETCore.App.Ref\8.0.14\ref\net8.0\System.Threading.Tasks.Parallel.dll
           C:\Program Files\dotnet\packs\Microsoft.NETCore.App.Ref\8.0.14\ref\net8.0\System.Threading.Thread.dll
           C:\Program Files\dotnet\packs\Microsoft.NETCore.App.Ref\8.0.14\ref\net8.0\System.Threading.ThreadPool.dll
           C:\Program Files\dotnet\packs\Microsoft.NETCore.App.Ref\8.0.14\ref\net8.0\System.Threading.Timer.dll
           C:\Program Files\dotnet\packs\Microsoft.NETCore.App.Ref\8.0.14\ref\net8.0\System.Transactions.dll
           C:\Program Files\dotnet\packs\Microsoft.NETCore.App.Ref\8.0.14\ref\net8.0\System.Transactions.Local.dll
           C:\Program Files\dotnet\packs\Microsoft.NETCore.App.Ref\8.0.14\ref\net8.0\System.ValueTuple.dll
           C:\Program Files\dotnet\packs\Microsoft.NETCore.App.Ref\8.0.14\ref\net8.0\System.Web.dll
           C:\Program Files\dotnet\packs\Microsoft.NETCore.App.Ref\8.0.14\ref\net8.0\System.Web.HttpUtility.dll
           C:\Program Files\dotnet\packs\Microsoft.NETCore.App.Ref\8.0.14\ref\net8.0\System.Windows.dll
           C:\Program Files\dotnet\packs\Microsoft.NETCore.App.Ref\8.0.14\ref\net8.0\System.Xml.dll
           C:\Program Files\dotnet\packs\Microsoft.NETCore.App.Ref\8.0.14\ref\net8.0\System.Xml.Linq.dll
           C:\Program Files\dotnet\packs\Microsoft.NETCore.App.Ref\8.0.14\ref\net8.0\System.Xml.ReaderWriter.dll
           C:\Program Files\dotnet\packs\Microsoft.NETCore.App.Ref\8.0.14\ref\net8.0\System.Xml.Serialization.dll
           C:\Program Files\dotnet\packs\Microsoft.NETCore.App.Ref\8.0.14\ref\net8.0\System.Xml.XDocument.dll
           C:\Program Files\dotnet\packs\Microsoft.NETCore.App.Ref\8.0.14\ref\net8.0\System.Xml.XmlDocument.dll
           C:\Program Files\dotnet\packs\Microsoft.NETCore.App.Ref\8.0.14\ref\net8.0\System.Xml.XmlSerializer.dll
           C:\Program Files\dotnet\packs\Microsoft.NETCore.App.Ref\8.0.14\ref\net8.0\System.Xml.XPath.dll
           C:\Program Files\dotnet\packs\Microsoft.NETCore.App.Ref\8.0.14\ref\net8.0\System.Xml.XPath.XDocument.dll
           C:\Program Files\dotnet\packs\Microsoft.NETCore.App.Ref\8.0.14\ref\net8.0\WindowsBase.dll
           obj\Debug\net8.0\AuthSystem.Application.csproj.CoreCompileInputs.cache
           C:\Program Files\dotnet\sdk\9.0.201\Sdks\Microsoft.NET.Sdk\targets\..\analyzers\Microsoft.CodeAnalysis.CSharp.NetAnalyzers.dll
           C:\Program Files\dotnet\sdk\9.0.201\Sdks\Microsoft.NET.Sdk\targets\..\analyzers\Microsoft.CodeAnalysis.NetAnalyzers.dll
           C:\Program Files\dotnet\packs\Microsoft.NETCore.App.Ref\8.0.14\analyzers/dotnet/cs/Microsoft.Interop.ComInterfaceGenerator.dll
           C:\Program Files\dotnet\packs\Microsoft.NETCore.App.Ref\8.0.14\analyzers/dotnet/cs/Microsoft.Interop.JavaScript.JSImportGenerator.dll
           C:\Program Files\dotnet\packs\Microsoft.NETCore.App.Ref\8.0.14\analyzers/dotnet/cs/Microsoft.Interop.LibraryImportGenerator.dll
           C:\Program Files\dotnet\packs\Microsoft.NETCore.App.Ref\8.0.14\analyzers/dotnet/cs/Microsoft.Interop.SourceGeneration.dll
           C:\Program Files\dotnet\packs\Microsoft.NETCore.App.Ref\8.0.14\analyzers/dotnet/cs/System.Text.Json.SourceGeneration.dll
           C:\Program Files\dotnet\packs\Microsoft.NETCore.App.Ref\8.0.14\analyzers/dotnet/cs/System.Text.RegularExpressions.Generator.dll
           obj\Debug\net8.0\AuthSystem.Application.GeneratedMSBuildEditorConfig.editorconfig
           C:\Program Files\dotnet\sdk\9.0.201\Sdks\Microsoft.NET.Sdk\analyzers\build\config\analysislevel_8_default.globalconfig
           D:\Users\Jhon\Documentos\Mintrabajo\Modulo General usuarios\AuthSystemNew\AuthSystem.Application\AuthSystem.Application.csproj
           C:\Program Files\dotnet\sdk\9.0.201\Current\Microsoft.Common.targets\ImportAfter\Microsoft.TestPlatform.ImportAfter.targets
           obj\Debug\net8.0\AuthSystem.Application.sourcelink.json
       Archivos de salida: 
           obj\Debug\net8.0\AuthSystem.Application.dll
           obj\Debug\net8.0\refint\AuthSystem.Application.dll
           obj\Debug\net8.0\AuthSystem.Application.pdb
  2:10>Compilaci├│n terminada del destino "CoreCompile" en el proyecto "AuthSystem.Application.csproj".
       Se omiti├│ el destino "_TouchLastBuildWithSkipAnalyzers" debido a una condici├│n falsa (False); ('$(_SkipAnalyzers)' == 'true') se evalu├│ como ('' == 'true').
       Se omiti├│ el destino "_TimeStampAfterCompile" debido a una condici├│n falsa (False); ('$(RunPostBuildEvent)'=='OnOutputUpdated' or ('$(RegisterForComInterop)'=='true' and '$(OutputType)'=='library')) se evalu├│ como (''=='OnOutputUpdated' or (''=='true' and 'Library'=='library')).
  2:10>Destino "AfterCompile" en el archivo "C:\Program Files\dotnet\sdk\9.0.201\Microsoft.Common.CurrentVersion.targets" del proyecto "D:\Users\Jhon\Documentos\Mintrabajo\Modulo General usuarios\AuthSystemNew\AuthSystem.Application\AuthSystem.Application.csproj" (el destino "Compile" depende de ├®l):
  2:10>Compilaci├│n terminada del destino "AfterCompile" en el proyecto "AuthSystem.Application.csproj".
       Se omiti├│ el destino "_CreateAppHost" debido a una condici├│n falsa (False); ('$(ComputeNETCoreBuildOutputFiles)' == 'true' and
                            '$(AppHostSourcePath)' != '' and
                            Exists('@(IntermediateAssembly)') and
                            Exists('$(AppHostSourcePath)')) se evalu├│ como ('true' == 'true' and
                            '' != '' and
                            Exists('obj\Debug\net8.0\AuthSystem.Application.dll') and
                            Exists('')).
       Se omiti├│ el destino "_CreateComHost" debido a una condici├│n falsa (False); ('$(ComputeNETCoreBuildOutputFiles)' == 'true' and
                            '$(ComHostIntermediatePath)' != '' and
                            Exists('@(IntermediateAssembly)') and
                            Exists('$(ComHostSourcePath)')) se evalu├│ como ('true' == 'true' and
                            '' != '' and
                            Exists('obj\Debug\net8.0\AuthSystem.Application.dll') and
                            Exists('')).
       Se omiti├│ el destino "_GetIjwHostPaths" debido a una condici├│n falsa (False); ('$(UseIJWHost)' == 'true') se evalu├│ como ('' == 'true').
  2:10>Destino "Compile" en el archivo "C:\Program Files\dotnet\sdk\9.0.201\Microsoft.Common.CurrentVersion.targets" del proyecto "D:\Users\Jhon\Documentos\Mintrabajo\Modulo General usuarios\AuthSystemNew\AuthSystem.Application\AuthSystem.Application.csproj" (el destino "CoreBuild" depende de ├®l):
  2:10>Compilaci├│n terminada del destino "Compile" en el proyecto "AuthSystem.Application.csproj".
       Se omiti├│ el destino "ExportWindowsMDFile" debido a una condici├│n falsa (False); ('$(ExportWinMDFile)' == 'true') se evalu├│ como ('' == 'true').
       Se omiti├│ el destino "UnmanagedUnregistration" debido a una condici├│n falsa (False); ((('$(_AssemblyTimestampBeforeCompile)' != '$(_AssemblyTimestampAfterCompile)' or '$(RegisterForComInterop)' != 'true' or '$(OutputType)' != 'library') or
                           ('$(_AssemblyTimestampBeforeCompile)' == '')) and
                          Exists('@(_UnmanagedRegistrationCache)')) se evalu├│ como ((('' != '' or '' != 'true' or 'Library' != 'library') or
                           ('' == '')) and
                          Exists('obj\AuthSystem.Application.csproj.UnmanagedRegistration.cache')).
       Se omiti├│ el destino "GenerateSerializationAssemblies" debido a una condici├│n falsa (False); ('$(_SGenGenerateSerializationAssembliesConfig)' == 'On' or ('@(WebReferenceUrl)'!='' and '$(_SGenGenerateSerializationAssembliesConfig)' == 'Auto')) se evalu├│ como ('Off' == 'On' or (''!='' and 'Off' == 'Auto')).
  2:10>Destino "_GenerateSatelliteAssemblyInputs" en el archivo "C:\Program Files\dotnet\sdk\9.0.201\Microsoft.Common.CurrentVersion.targets" del proyecto "D:\Users\Jhon\Documentos\Mintrabajo\Modulo General usuarios\AuthSystemNew\AuthSystem.Application\AuthSystem.Application.csproj" (el destino "CreateSatelliteAssemblies" depende de ├®l):
       Se omiti├│ la tarea "MSBuildInternalMessage" debido a una condici├│n falsa (False); ('@(ManifestResourceWithCulture)'!='' and '%(ManifestResourceWithCulture.EmittedForCompatibilityOnly)'=='') se evalu├│ como (''!='' and ''=='').
       Se omiti├│ la tarea "MSBuildInternalMessage" debido a una condici├│n falsa (False); ('@(ManifestNonResxWithCultureOnDisk)'!='' and '%(ManifestNonResxWithCultureOnDisk.EmittedForCompatibilityOnly)'=='') se evalu├│ como (''!='' and ''=='').
  2:10>Compilaci├│n terminada del destino "_GenerateSatelliteAssemblyInputs" en el proyecto "AuthSystem.Application.csproj".
       Se omiti├│ el destino "ComputeIntermediateSatelliteAssemblies" debido a una condici├│n falsa (False); (@(EmbeddedResource->'%(WithCulture)') != '') se evalu├│ como ( != '').
       Se omiti├│ el destino "GenerateSatelliteAssemblies" debido a una condici├│n falsa (False); ('@(_SatelliteAssemblyResourceInputs)' != '' and '$(GenerateSatelliteAssembliesForCore)' != 'true') se evalu├│ como ('' != '' and 'true' != 'true').
       Se omiti├│ el destino "CoreGenerateSatelliteAssemblies" debido a una condici├│n falsa (False); ('@(_SatelliteAssemblyResourceInputs)' != ''  and '$(GenerateSatelliteAssembliesForCore)' == 'true' ) se evalu├│ como ('' != ''  and 'true' == 'true' ).
  2:10>Destino "CreateSatelliteAssemblies" en el archivo "C:\Program Files\dotnet\sdk\9.0.201\Microsoft.Common.CurrentVersion.targets" del proyecto "D:\Users\Jhon\Documentos\Mintrabajo\Modulo General usuarios\AuthSystemNew\AuthSystem.Application\AuthSystem.Application.csproj" (el destino "CoreBuild" depende de ├®l):
  2:10>Compilaci├│n terminada del destino "CreateSatelliteAssemblies" en el proyecto "AuthSystem.Application.csproj".
       Se omiti├│ el destino "GenerateManifests" debido a una condici├│n falsa (False); ('$(GenerateClickOnceManifests)'=='true' or '@(NativeReference)'!='' or '@(ResolvedIsolatedComModules)'!='' or '$(GenerateAppxManifest)' == 'true') se evalu├│ como (''=='true' or ''!='' or ''!='' or '' == 'true').
  2:10>Destino "GetTargetPathWithTargetPlatformMoniker" en el archivo "C:\Program Files\dotnet\sdk\9.0.201\Microsoft.Common.CurrentVersion.targets" del proyecto "D:\Users\Jhon\Documentos\Mintrabajo\Modulo General usuarios\AuthSystemNew\AuthSystem.Application\AuthSystem.Application.csproj" (el destino "GetTargetPath" depende de ├®l):
  2:10>Compilaci├│n terminada del destino "GetTargetPathWithTargetPlatformMoniker" en el proyecto "AuthSystem.Application.csproj".
  2:10>Destino "GetTargetPath" en el archivo "C:\Program Files\dotnet\sdk\9.0.201\Microsoft.Common.CurrentVersion.targets" del proyecto "D:\Users\Jhon\Documentos\Mintrabajo\Modulo General usuarios\AuthSystemNew\AuthSystem.Application\AuthSystem.Application.csproj" (el destino "CoreBuild" depende de ├®l):
  2:10>Compilaci├│n terminada del destino "GetTargetPath" en el proyecto "AuthSystem.Application.csproj".
       Se omiti├│ el destino "ComputeIntermediateSatelliteAssemblies" debido a una condici├│n falsa (False); (@(EmbeddedResource->'%(WithCulture)') != '') se evalu├│ como ( != '').
  2:10>Destino "_CopyFilesMarkedCopyLocal" en el archivo "C:\Program Files\dotnet\sdk\9.0.201\Microsoft.Common.CurrentVersion.targets" del proyecto "D:\Users\Jhon\Documentos\Mintrabajo\Modulo General usuarios\AuthSystemNew\AuthSystem.Application\AuthSystem.Application.csproj" (el destino "CopyFilesToOutputDirectory" depende de ├®l):
       Usando la tarea "Copy" del ensamblado "Microsoft.Build.Tasks.Core, Version=15.1.0.0, Culture=neutral, PublicKeyToken=b03f5f7f11d50a3a".
       Tarea "Copy"
         No se copi├│ del archivo "D:\Users\Jhon\Documentos\Mintrabajo\Modulo General usuarios\AuthSystemNew\AuthSystem.Domain\bin\Debug\net8.0\AuthSystem.Domain.pdb" en el archivo "bin\Debug\net8.0\AuthSystem.Domain.pdb" porque el par├ímetro "SkipUnchangedFiles" se estableci├│ como "true" en el proyecto y los tama├▒os y las marcas de tiempo de los archivos coinciden.
         No se copi├│ del archivo "D:\Users\Jhon\Documentos\Mintrabajo\Modulo General usuarios\AuthSystemNew\AuthSystem.Domain\bin\Debug\net8.0\AuthSystem.Domain.dll" en el archivo "bin\Debug\net8.0\AuthSystem.Domain.dll" porque el par├ímetro "SkipUnchangedFiles" se estableci├│ como "true" en el proyecto y los tama├▒os y las marcas de tiempo de los archivos coinciden.
       Ejecuci├│n de la tarea "Copy" terminada.
       Se omiti├│ la tarea "Touch" debido a una condici├│n falsa (False); ('@(ReferencesCopiedInThisBuild)' != '' and '$(WroteAtLeastOneFile)' == 'true') se evalu├│ como ('bin\Debug\net8.0\AuthSystem.Domain.dll;bin\Debug\net8.0\AuthSystem.Domain.pdb' != '' and 'False' == 'true').
  2:10>Compilaci├│n terminada del destino "_CopyFilesMarkedCopyLocal" en el proyecto "AuthSystem.Application.csproj".
       Se omiti├│ el destino "AssignTargetPaths". Compilado previamente de forma correcta.
       Se omiti├│ el destino "AssignProjectConfiguration". Compilado previamente de forma correcta.
       Se omiti├│ el destino "_SplitProjectReferencesByFileExistence". Compilado previamente de forma correcta.
       Se omiti├│ el destino "_GetProjectReferenceTargetFrameworkProperties". Compilado previamente de forma correcta.
  2:10>Destino "_PopulateCommonStateForGetCopyToOutputDirectoryItems" en el archivo "C:\Program Files\dotnet\sdk\9.0.201\Microsoft.Common.CurrentVersion.targets" del proyecto "D:\Users\Jhon\Documentos\Mintrabajo\Modulo General usuarios\AuthSystemNew\AuthSystem.Application\AuthSystem.Application.csproj" (el destino "GetCopyToOutputDirectoryItems" depende de ├®l):
  2:10>Compilaci├│n terminada del destino "_PopulateCommonStateForGetCopyToOutputDirectoryItems" en el proyecto "AuthSystem.Application.csproj".
       Se omiti├│ el destino "AddDepsJsonAndRuntimeConfigToCopyItemsForReferencingProjects" debido a una condici├│n falsa (False); ('$(HasRuntimeOutput)' == 'true') se evalu├│ como ('' == 'true').
  2:10>Destino "GetCopyToOutputDirectoryItems" en el archivo "C:\Program Files\dotnet\sdk\9.0.201\Microsoft.Common.CurrentVersion.targets" del proyecto "D:\Users\Jhon\Documentos\Mintrabajo\Modulo General usuarios\AuthSystemNew\AuthSystem.Application\AuthSystem.Application.csproj" (el destino "_CopySourceItemsToOutputDirectory" depende de ├®l):
       Usando la tarea "CallTarget" del ensamblado "Microsoft.Build.Tasks.Core, Version=15.1.0.0, Culture=neutral, PublicKeyToken=b03f5f7f11d50a3a".
       Tarea "CallTarget"
       Se omiti├│ el destino "_PopulateCommonStateForGetCopyToOutputDirectoryItems". Compilado previamente de forma correcta.
       Se omiti├│ el destino "_AddOutputPathToGlobalPropertiesToRemove". Compilado previamente de forma correcta.
  2:10>Destino "_GetCopyToOutputDirectoryItemsFromTransitiveProjectReferences" en el archivo "C:\Program Files\dotnet\sdk\9.0.201\Microsoft.Common.CurrentVersion.targets" del proyecto "D:\Users\Jhon\Documentos\Mintrabajo\Modulo General usuarios\AuthSystemNew\AuthSystem.Application\AuthSystem.Application.csproj" (el destino "GetCopyToOutputDirectoryItems" depende de ├®l):
       Tarea "MSBuild"
         Propiedades globales:
           Configuration=Debug
           Platform=AnyCPU
         Quitando propiedades del proyecto "..\AuthSystem.Domain\AuthSystem.Domain.csproj":
           TargetFramework
           RuntimeIdentifier
           SelfContained
  2:10>El proyecto "D:\Users\Jhon\Documentos\Mintrabajo\Modulo General usuarios\AuthSystemNew\AuthSystem.Application\AuthSystem.Application.csproj" (2:10) est├í compilando "D:\Users\Jhon\Documentos\Mintrabajo\Modulo General usuarios\AuthSystemNew\AuthSystem.Domain\AuthSystem.Domain.csproj" (6:20) en el nodo 6 (GetCopyToOutputDirectoryItems destinos).
  6:20>Se omiti├│ el destino "GetCopyToOutputDirectoryItems". Compilado previamente de forma correcta.
  6:20>Compilaci├│n del proyecto terminada "D:\Users\Jhon\Documentos\Mintrabajo\Modulo General usuarios\AuthSystemNew\AuthSystem.Domain\AuthSystem.Domain.csproj" (GetCopyToOutputDirectoryItems destinos).
   7:7>Ejecuci├│n de la tarea "GenerateGlobalUsings" terminada.
       Usando la tarea "WriteLinesToFile" del ensamblado "Microsoft.Build.Tasks.Core, Version=15.1.0.0, Culture=neutral, PublicKeyToken=b03f5f7f11d50a3a".
       Tarea "WriteLinesToFile"
  2:10>Ejecuci├│n de la tarea "MSBuild" terminada.
       Tarea "AssignTargetPath"
       Ejecuci├│n de la tarea "AssignTargetPath" terminada.
  2:10>Compilaci├│n terminada del destino "_GetCopyToOutputDirectoryItemsFromTransitiveProjectReferences" en el proyecto "AuthSystem.Application.csproj".
   7:7>GenerateGlobalUsings:
         Omitiendo la escritura en el archivo "obj\Debug\net8.0\AuthSystem.API.GlobalUsings.g.cs" porque el contenido no cambiar├í.
       Ejecuci├│n de la tarea "WriteLinesToFile" terminada.
   7:7>Compilaci├│n terminada del destino "GenerateGlobalUsings" en el proyecto "AuthSystem.API.csproj".
       Se omiti├│ el destino "PreBuildEvent" debido a una condici├│n falsa (False); ('$(PreBuildEvent)'!='') se evalu├│ como (''!='').
   7:7>Destino "BeforeResolveReferences" en el archivo "C:\Program Files\dotnet\sdk\9.0.201\Microsoft.Common.CurrentVersion.targets" del proyecto "D:\Users\Jhon\Documentos\Mintrabajo\Modulo General usuarios\AuthSystemNew\AuthSystem.API\AuthSystem.API.csproj" (el destino "ResolveReferences" depende de ├®l):
   7:7>Compilaci├│n terminada del destino "BeforeResolveReferences" en el proyecto "AuthSystem.API.csproj".
   7:7>Destino "IgnoreJavaScriptOutputAssembly" en el archivo "C:\Program Files\dotnet\sdk\9.0.201\Microsoft.Common.CurrentVersion.targets" del proyecto "D:\Users\Jhon\Documentos\Mintrabajo\Modulo General usuarios\AuthSystemNew\AuthSystem.API\AuthSystem.API.csproj" (el destino "AssignProjectConfiguration" depende de ├®l):
   7:7>Compilaci├│n terminada del destino "IgnoreJavaScriptOutputAssembly" en el proyecto "AuthSystem.API.csproj".
       Se omiti├│ el destino "ProcessFrameworkReferences". Compilado previamente de forma correcta.
  2:10>Ejecuci├│n de la tarea "CallTarget" terminada.
   7:7>Destino "_DefaultMicrosoftNETPlatformLibrary" en el archivo "C:\Program Files\dotnet\sdk\9.0.201\Sdks\Microsoft.NET.Sdk\targets\Microsoft.NET.Sdk.Shared.targets" del proyecto "D:\Users\Jhon\Documentos\Mintrabajo\Modulo General usuarios\AuthSystemNew\AuthSystem.API\AuthSystem.API.csproj" (el destino "ResolvePackageAssets" depende de ├®l):
   7:7>Compilaci├│n terminada del destino "_DefaultMicrosoftNETPlatformLibrary" en el proyecto "AuthSystem.API.csproj".
  2:10>Tarea "CallTarget"
       Se omiti├│ el destino "AssignTargetPaths". Compilado previamente de forma correcta.
       Se omiti├│ el destino "_PopulateCommonStateForGetCopyToOutputDirectoryItems". Compilado previamente de forma correcta.
       Se omiti├│ el destino "AddDepsJsonAndRuntimeConfigToCopyItemsForReferencingProjects" debido a una condici├│n falsa (False); ('$(HasRuntimeOutput)' == 'true') se evalu├│ como ('' == 'true').
  2:10>Destino "_GetCopyToOutputDirectoryItemsFromThisProject" en el archivo "C:\Program Files\dotnet\sdk\9.0.201\Microsoft.Common.CurrentVersion.targets" del proyecto "D:\Users\Jhon\Documentos\Mintrabajo\Modulo General usuarios\AuthSystemNew\AuthSystem.Application\AuthSystem.Application.csproj" (el destino "GetCopyToOutputDirectoryItems" depende de ├®l):
       Tarea "AssignTargetPath"
       Ejecuci├│n de la tarea "AssignTargetPath" terminada.
  2:10>Compilaci├│n terminada del destino "_GetCopyToOutputDirectoryItemsFromThisProject" en el proyecto "AuthSystem.Application.csproj".
       Ejecuci├│n de la tarea "CallTarget" terminada.
  2:10>Compilaci├│n terminada del destino "GetCopyToOutputDirectoryItems" en el proyecto "AuthSystem.Application.csproj".
       Se omiti├│ el destino "_CopyOutOfDateSourceItemsToOutputDirectory" debido a una condici├│n falsa (False); ( '@(_SourceItemsToCopyToOutputDirectory)' != '' ) se evalu├│ como ( '' != '' ).
       Se omiti├│ el destino "_CopyOutOfDateSourceItemsToOutputDirectoryAlways" debido a una condici├│n falsa (False); ( '@(_SourceItemsToCopyToOutputDirectoryAlways)' != '' ) se evalu├│ como ( '' != '' ).
   7:7>Destino "_ComputePackageReferencePublish" en el archivo "C:\Program Files\dotnet\sdk\9.0.201\Sdks\Microsoft.NET.Sdk\targets\Microsoft.NET.Sdk.Shared.targets" del proyecto "D:\Users\Jhon\Documentos\Mintrabajo\Modulo General usuarios\AuthSystemNew\AuthSystem.API\AuthSystem.API.csproj" (el destino "ResolvePackageAssets" depende de ├®l):
   7:7>Compilaci├│n terminada del destino "_ComputePackageReferencePublish" en el proyecto "AuthSystem.API.csproj".
  2:10>Se omiti├│ el destino "_CopyDifferingSourceItemsToOutputDirectory" debido a una condici├│n falsa (False); ( '@(_SourceItemsToCopyToOutputDirectoryIfDifferent)' != '' ) se evalu├│ como ( '' != '' ).
   7:7>Se omiti├│ el destino "_ResolveCompilerVersion" debido a una condici├│n falsa (False); ('$(CompilerApiVersion)' == '' And
                     ('$(Language)' == 'C#' Or '$(Language)' == 'VB') And
                     Exists('$(RoslynTargetsPath)\Microsoft.Build.Tasks.CodeAnalysis.dll')) se evalu├│ como ('roslyn4.13' == '' And
                     ('C#' == 'C#' Or 'C#' == 'VB') And
                     Exists('C:\Program Files\dotnet\sdk\9.0.201\Roslyn\Microsoft.Build.Tasks.CodeAnalysis.dll')).
  2:10>Destino "_CopySourceItemsToOutputDirectory" en el archivo "C:\Program Files\dotnet\sdk\9.0.201\Microsoft.Common.CurrentVersion.targets" del proyecto "D:\Users\Jhon\Documentos\Mintrabajo\Modulo General usuarios\AuthSystemNew\AuthSystem.Application\AuthSystem.Application.csproj" (el destino "CopyFilesToOutputDirectory" depende de ├®l):
  2:10>Compilaci├│n terminada del destino "_CopySourceItemsToOutputDirectory" en el proyecto "AuthSystem.Application.csproj".
       Se omiti├│ el destino "_CopyAppConfigFile" debido a una condici├│n falsa (False); ( '@(AppConfigWithTargetPath)' != '' ) se evalu├│ como ( '' != '' ).
       Se omiti├│ el destino "_CopyManifestFiles" debido a una condici├│n falsa (False); ( '$(_DeploymentCopyApplicationManifest)'=='true' or '$(GenerateClickOnceManifests)'=='true' ) se evalu├│ como ( ''=='true' or ''=='true' ).
  2:10>Destino "_CheckForCompileOutputs" en el archivo "C:\Program Files\dotnet\sdk\9.0.201\Microsoft.Common.CurrentVersion.targets" del proyecto "D:\Users\Jhon\Documentos\Mintrabajo\Modulo General usuarios\AuthSystemNew\AuthSystem.Application\AuthSystem.Application.csproj" (el destino "CopyFilesToOutputDirectory" depende de ├®l):
  2:10>Compilaci├│n terminada del destino "_CheckForCompileOutputs" en el proyecto "AuthSystem.Application.csproj".
       Se omiti├│ el destino "_SGenCheckForOutputs" debido a una condici├│n falsa (False); ('$(_SGenGenerateSerializationAssembliesConfig)' == 'On' or ('@(WebReferenceUrl)'!='' and '$(_SGenGenerateSerializationAssembliesConfig)' == 'Auto')) se evalu├│ como ('Off' == 'On' or (''!='' and 'Off' == 'Auto')).
       Se omiti├│ el destino "_DefaultMicrosoftNETPlatformLibrary". Compilado previamente de forma correcta.
       Se omiti├│ el destino "_HandlePackageFileConflicts". Compilado previamente de forma correcta.
       Se omiti├│ el destino "ResolveAssemblyReferences". Compilado previamente de forma correcta.
  2:10>Destino "_ComputeReferenceAssemblies" en el archivo "C:\Program Files\dotnet\sdk\9.0.201\Sdks\Microsoft.NET.Sdk\targets\Microsoft.NET.Sdk.targets" del proyecto "D:\Users\Jhon\Documentos\Mintrabajo\Modulo General usuarios\AuthSystemNew\AuthSystem.Application\AuthSystem.Application.csproj" (el destino "GenerateBuildDependencyFile" depende de ├®l):
  2:10>Compilaci├│n terminada del destino "_ComputeReferenceAssemblies" en el proyecto "AuthSystem.Application.csproj".
  2:10>Destino "_ComputeUserRuntimeAssemblies" en el archivo "C:\Program Files\dotnet\sdk\9.0.201\Sdks\Microsoft.NET.Sdk\targets\Microsoft.NET.Sdk.targets" del proyecto "D:\Users\Jhon\Documentos\Mintrabajo\Modulo General usuarios\AuthSystemNew\AuthSystem.Application\AuthSystem.Application.csproj" (el destino "GenerateBuildDependencyFile" depende de ├®l):
  2:10>Compilaci├│n terminada del destino "_ComputeUserRuntimeAssemblies" en el proyecto "AuthSystem.Application.csproj".
       Se omiti├│ el destino "ResolveRuntimePackAssets" debido a una condici├│n falsa (False); ('@(RuntimePack)' != '') se evalu├│ como ('' != '').
       Se omiti├│ el destino "_ComputePackageReferencePublish". Compilado previamente de forma correcta.
   7:7>Destino "ResolvePackageAssets" en el archivo "C:\Program Files\dotnet\sdk\9.0.201\Sdks\Microsoft.NET.Sdk\targets\Microsoft.PackageDependencyResolution.targets" del proyecto "D:\Users\Jhon\Documentos\Mintrabajo\Modulo General usuarios\AuthSystemNew\AuthSystem.API\AuthSystem.API.csproj" (el destino "ResolveLockFileReferences" depende de ├®l):
   7:7>Usando la tarea "ResolvePackageAssets" del ensamblado "C:\Program Files\dotnet\sdk\9.0.201\Sdks\Microsoft.NET.Sdk\targets\..\tools\net9.0\Microsoft.NET.Build.Tasks.dll".
       Tarea "ResolvePackageAssets"
  2:10>Se omiti├│ el destino "ComputeDependencyFileCompilerOptions" debido a una condici├│n falsa (False); ('$(PreserveCompilationContext)' == 'true') se evalu├│ como ('' == 'true').
  2:10>Destino "GenerateBuildDependencyFile" en el archivo "C:\Program Files\dotnet\sdk\9.0.201\Sdks\Microsoft.NET.Sdk\targets\Microsoft.NET.Sdk.targets" del proyecto "D:\Users\Jhon\Documentos\Mintrabajo\Modulo General usuarios\AuthSystemNew\AuthSystem.Application\AuthSystem.Application.csproj" (el destino "CopyFilesToOutputDirectory" depende de ├®l):
       Se omitir├í el destino "GenerateBuildDependencyFile" porque todos los archivos de salida est├ín actualizados respecto a los archivos de entrada.
       Archivos de entrada: 
           D:\Users\Jhon\Documentos\Mintrabajo\Modulo General usuarios\AuthSystemNew\AuthSystem.Application\obj\project.assets.json
           D:\Users\Jhon\Documentos\Mintrabajo\Modulo General usuarios\AuthSystemNew\AuthSystem.Application\obj\Debug\net8.0\AuthSystem.Application.assets.cache
           D:\Users\Jhon\Documentos\Mintrabajo\Modulo General usuarios\AuthSystemNew\AuthSystem.Application\AuthSystem.Application.csproj
           C:\Program Files\dotnet\sdk\9.0.201\Current\Microsoft.Common.targets\ImportAfter\Microsoft.TestPlatform.ImportAfter.targets
       Archivos de salida: D:\Users\Jhon\Documentos\Mintrabajo\Modulo General usuarios\AuthSystemNew\AuthSystem.Application\bin\Debug\net8.0\AuthSystem.Application.deps.json
  2:10>Compilaci├│n terminada del destino "GenerateBuildDependencyFile" en el proyecto "AuthSystem.Application.csproj".
       Se omiti├│ el destino "GenerateBuildRuntimeConfigurationFiles" debido a una condici├│n falsa (False); ( '$(GenerateRuntimeConfigurationFiles)' == 'true') se evalu├│ como ( '' == 'true').
       Se omiti├│ el destino "GenerateShimsAssets" debido a una condici├│n falsa (False); ('$(PackAsTool)' == 'true' and $(PackAsToolShimRuntimeIdentifiers) != '' ) se evalu├│ como ('' == 'true' and  != '' ).
  2:10>Destino "CopyFilesToOutputDirectory" en el archivo "C:\Program Files\dotnet\sdk\9.0.201\Microsoft.Common.CurrentVersion.targets" del proyecto "D:\Users\Jhon\Documentos\Mintrabajo\Modulo General usuarios\AuthSystemNew\AuthSystem.Application\AuthSystem.Application.csproj" (el destino "PrepareForRun" depende de ├®l):
       Tarea "Copy"
         No se copi├│ del archivo "obj\Debug\net8.0\AuthSystem.Application.dll" en el archivo "bin\Debug\net8.0\AuthSystem.Application.dll" porque el par├ímetro "SkipUnchangedFiles" se estableci├│ como "true" en el proyecto y los tama├▒os y las marcas de tiempo de los archivos coinciden.
       Ejecuci├│n de la tarea "Copy" terminada.
       Usando la tarea "CopyRefAssembly" del ensamblado "C:\Program Files\dotnet\sdk\9.0.201\Roslyn\Microsoft.Build.Tasks.CodeAnalysis.dll".
       Tarea "CopyRefAssembly"
         El ensamblado de referencia "D:\Users\Jhon\Documentos\Mintrabajo\Modulo General usuarios\AuthSystemNew\AuthSystem.Application\obj\Debug\net8.0\ref\AuthSystem.Application.dll" ya tiene la informaci├│n m├ís reciente. Se dejar├í como est├í.
       Ejecuci├│n de la tarea "CopyRefAssembly" terminada.
       Tarea "Message"
         AuthSystem.Application -> D:\Users\Jhon\Documentos\Mintrabajo\Modulo General usuarios\AuthSystemNew\AuthSystem.Application\bin\Debug\net8.0\AuthSystem.Application.dll
       Ejecuci├│n de la tarea "Message" terminada.
       Se omiti├│ la tarea "Copy" debido a una condici├│n falsa (False); ('@(AddModules)' != '') se evalu├│ como ('' != '').
       Se omiti├│ la tarea "Copy" debido a una condici├│n falsa (False); ('$(_SGenDllCreated)'=='true') se evalu├│ como ('false'=='true').
       Tarea "Copy"
         No se copi├│ del archivo "obj\Debug\net8.0\AuthSystem.Application.pdb" en el archivo "bin\Debug\net8.0\AuthSystem.Application.pdb" porque el par├ímetro "SkipUnchangedFiles" se estableci├│ como "true" en el proyecto y los tama├▒os y las marcas de tiempo de los archivos coinciden.
       Ejecuci├│n de la tarea "Copy" terminada.
       Se omiti├│ la tarea "Copy" debido a una condici├│n falsa (False); ('$(_DocumentationFileProduced)'=='true' and '$(CopyDocumentationFileToOutputDirectory)'=='true') se evalu├│ como ('false'=='true' and 'true'=='true').
       Se omiti├│ la tarea "Copy" debido a una condici├│n falsa (False); ('@(IntermediateSatelliteAssembliesWithTargetPath)' != '') se evalu├│ como ('' != '').
       Se omiti├│ la tarea "Copy" debido a una condici├│n falsa (False); ('@(ReferenceComWrappersToCopyLocal)' != '' or '@(ResolvedIsolatedComModules)' != '' or '@(_DeploymentLooseManifestFile)' != '' or '@(NativeReferenceFile)' != '' ) se evalu├│ como ('' != '' or '' != '' or '' != '' or '' != '' ).
       Se omiti├│ la tarea "Copy" debido a una condici├│n falsa (False); ('$(SkipCopyWinMDArtifact)' != 'true' and '@(WinMDExpArtifacts)' != '') se evalu├│ como ('' != 'true' and '' != '').
       Se omiti├│ la tarea "Message" debido a una condici├│n falsa (False); ('$(SkipCopyWinMDArtifact)' != 'true' and '$(_WindowsMetadataOutputPath)' != '') se evalu├│ como ('' != 'true' and '' != '').
  2:10>Compilaci├│n terminada del destino "CopyFilesToOutputDirectory" en el proyecto "AuthSystem.Application.csproj".
       Se omiti├│ el destino "_CopyReferenceOnlyAssembliesForBuild" debido a una condici├│n falsa (False); ('$(PreserveCompilationReferences)' == 'true') se evalu├│ como ('' == 'true').
  2:10>Destino "PrepareForRun" en el archivo "C:\Program Files\dotnet\sdk\9.0.201\Microsoft.Common.CurrentVersion.targets" del proyecto "D:\Users\Jhon\Documentos\Mintrabajo\Modulo General usuarios\AuthSystemNew\AuthSystem.Application\AuthSystem.Application.csproj" (el destino "CoreBuild" depende de ├®l):
  2:10>Compilaci├│n terminada del destino "PrepareForRun" en el proyecto "AuthSystem.Application.csproj".
       Se omiti├│ el destino "UnmanagedRegistration" debido a una condici├│n falsa (False); ('$(RegisterForComInterop)'=='true' and '$(OutputType)'=='library') se evalu├│ como (''=='true' and 'Library'=='library').
       Se omiti├│ el destino "_CheckForCompileOutputs". Compilado previamente de forma correcta.
       Se omiti├│ el destino "_SGenCheckForOutputs" debido a una condici├│n falsa (False); ('$(_SGenGenerateSerializationAssembliesConfig)' == 'On' or ('@(WebReferenceUrl)'!='' and '$(_SGenGenerateSerializationAssembliesConfig)' == 'Auto')) se evalu├│ como ('Off' == 'On' or (''!='' and 'Off' == 'Auto')).
  2:10>Destino "_CleanGetCurrentAndPriorFileWrites" en el archivo "C:\Program Files\dotnet\sdk\9.0.201\Microsoft.Common.CurrentVersion.targets" del proyecto "D:\Users\Jhon\Documentos\Mintrabajo\Modulo General usuarios\AuthSystemNew\AuthSystem.Application\AuthSystem.Application.csproj" (el destino "IncrementalClean" depende de ├®l):
       Usando la tarea "ReadLinesFromFile" del ensamblado "Microsoft.Build.Tasks.Core, Version=15.1.0.0, Culture=neutral, PublicKeyToken=b03f5f7f11d50a3a".
       Tarea "ReadLinesFromFile"
       Ejecuci├│n de la tarea "ReadLinesFromFile" terminada.
       Tarea "ConvertToAbsolutePath"
       Ejecuci├│n de la tarea "ConvertToAbsolutePath" terminada.
       Usando la tarea "FindUnderPath" del ensamblado "Microsoft.Build.Tasks.Core, Version=15.1.0.0, Culture=neutral, PublicKeyToken=b03f5f7f11d50a3a".
       Tarea "FindUnderPath"
         La ruta de comparaci├│n es "D:\Users\Jhon\Documentos\Mintrabajo\Modulo General usuarios\AuthSystemNew\AuthSystem.Application".
       Ejecuci├│n de la tarea "FindUnderPath" terminada.
       Tarea "FindUnderPath"
         La ruta de comparaci├│n es "bin\Debug\net8.0\".
       Ejecuci├│n de la tarea "FindUnderPath" terminada.
       Tarea "FindUnderPath"
         La ruta de comparaci├│n es "obj\Debug\net8.0\".
       Ejecuci├│n de la tarea "FindUnderPath" terminada.
       Tarea "RemoveDuplicates"
       Ejecuci├│n de la tarea "RemoveDuplicates" terminada.
  2:10>Compilaci├│n terminada del destino "_CleanGetCurrentAndPriorFileWrites" en el proyecto "AuthSystem.Application.csproj".
  2:10>Destino "IncrementalClean" en el archivo "C:\Program Files\dotnet\sdk\9.0.201\Microsoft.Common.CurrentVersion.targets" del proyecto "D:\Users\Jhon\Documentos\Mintrabajo\Modulo General usuarios\AuthSystemNew\AuthSystem.Application\AuthSystem.Application.csproj" (el destino "CoreBuild" depende de ├®l):
       Tarea "FindUnderPath"
         La ruta de comparaci├│n es "bin\Debug\net8.0\".
       Ejecuci├│n de la tarea "FindUnderPath" terminada.
       Tarea "FindUnderPath"
         La ruta de comparaci├│n es "obj\Debug\net8.0\".
       Ejecuci├│n de la tarea "FindUnderPath" terminada.
       Usando la tarea "Delete" del ensamblado "Microsoft.Build.Tasks.Core, Version=15.1.0.0, Culture=neutral, PublicKeyToken=b03f5f7f11d50a3a".
       Tarea "Delete"
       Ejecuci├│n de la tarea "Delete" terminada.
       Tarea "RemoveDuplicates"
       Ejecuci├│n de la tarea "RemoveDuplicates" terminada.
       Se omiti├│ la tarea "WriteLinesToFile" debido a una condici├│n falsa (False); ('@(_CleanUnfilteredPriorFileWrites)'!='@(_CleanUniqueRemainingFileWritesAfterIncrementalClean)') se evalu├│ como ('D:\Users\Jhon\Documentos\Mintrabajo\Modulo General usuarios\AuthSystemNew\AuthSystem.Application\bin\Debug\net8.0\AuthSystem.Application.deps.json;D:\Users\Jhon\Documentos\Mintrabajo\Modulo General usuarios\AuthSystemNew\AuthSystem.Application\bin\Debug\net8.0\AuthSystem.Application.dll;D:\Users\Jhon\Documentos\Mintrabajo\Modulo General usuarios\AuthSystemNew\AuthSystem.Application\bin\Debug\net8.0\AuthSystem.Application.pdb;...'!='D:\Users\Jhon\Documentos\Mintrabajo\Modulo General usuarios\AuthSystemNew\AuthSystem.Application\bin\Debug\net8.0\AuthSystem.Application.deps.json;D:\Users\Jhon\Documentos\Mintrabajo\Modulo General usuarios\AuthSystemNew\AuthSystem.Application\bin\Debug\net8.0\AuthSystem.Application.dll;D:\Users\Jhon\Documentos\Mintrabajo\Modulo General usuarios\AuthSystemNew\AuthSystem.Application\bin\Debug\net8.0\AuthSystem.Application.pdb;...').
  2:10>Compilaci├│n terminada del destino "IncrementalClean" en el proyecto "AuthSystem.Application.csproj".
       Se omiti├│ el destino "PostBuildEvent" debido a una condici├│n falsa (False); ('$(PostBuildEvent)' != '' and ('$(RunPostBuildEvent)' != 'OnOutputUpdated' or '$(_AssemblyTimestampBeforeCompile)' != '$(_AssemblyTimestampAfterCompile)')) se evalu├│ como ('' != '' and ('' != 'OnOutputUpdated' or '' != '')).
       Se omiti├│ el destino "GenerateBuildDependencyFile". Compilado previamente de forma correcta.
       Se omiti├│ el destino "GenerateBuildRuntimeConfigurationFiles" debido a una condici├│n falsa (False); ( '$(GenerateRuntimeConfigurationFiles)' == 'true') se evalu├│ como ( '' == 'true').
  2:10>Destino "CoreBuild" en el archivo "C:\Program Files\dotnet\sdk\9.0.201\Microsoft.Common.CurrentVersion.targets" del proyecto "D:\Users\Jhon\Documentos\Mintrabajo\Modulo General usuarios\AuthSystemNew\AuthSystem.Application\AuthSystem.Application.csproj" (el destino "Build" depende de ├®l):
  2:10>Compilaci├│n terminada del destino "CoreBuild" en el proyecto "AuthSystem.Application.csproj".
  2:10>Destino "AfterBuild" en el archivo "C:\Program Files\dotnet\sdk\9.0.201\Microsoft.Common.CurrentVersion.targets" del proyecto "D:\Users\Jhon\Documentos\Mintrabajo\Modulo General usuarios\AuthSystemNew\AuthSystem.Application\AuthSystem.Application.csproj" (el destino "Build" depende de ├®l):
  2:10>Compilaci├│n terminada del destino "AfterBuild" en el proyecto "AuthSystem.Application.csproj".
       Se omiti├│ el destino "_CheckBrowserWorkloadNeededButNotAvailable" debido a una condici├│n falsa (False); ('$(RuntimeIdentifier)' == 'browser-wasm' and '$(_BrowserWorkloadDisabled)' != 'true' and '$(WasmNativeWorkloadAvailable)' != 'true') se evalu├│ como ('' == 'browser-wasm' and '' != 'true' and '' != 'true').
       Se omiti├│ el destino "_ErrorWorkloadDisabledForTFMLessThan6" debido a una condici├│n falsa (False); ('$(_BrowserWorkloadNotSupportedForTFM)' == 'true') se evalu├│ como ('' == 'true').
       Se omiti├│ el destino "_ErrorDualWasmThreadPropsOn7" debido a una condici├│n falsa (False); ('$(TargetsNet7)' == 'true' and '$(RuntimeIdentifier)' == 'browser-wasm' and
           '$(BrowserWorkloadDisabled)' != 'true' and '$(WasmEnableThreads)' == 'true' and '$(WasmEnablePerfTrace)' == 'true') se evalu├│ como ('' == 'true' and '' == 'browser-wasm' and
           '' != 'true' and '' == 'true' and '' == 'true').
       Se omiti├│ el destino "_CheckForInvalidConfigurationAndPlatform". Compilado previamente de forma correcta.
       Se omiti├│ el destino "_CheckForInvalidConfigurationAndPlatform". Compilado previamente de forma correcta.
  2:10>Destino "Build" en el archivo "C:\Program Files\dotnet\sdk\9.0.201\Microsoft.Common.CurrentVersion.targets" del proyecto "D:\Users\Jhon\Documentos\Mintrabajo\Modulo General usuarios\AuthSystemNew\AuthSystem.Application\AuthSystem.Application.csproj" (punto de entrada):
  2:10>Compilaci├│n terminada del destino "Build" en el proyecto "AuthSystem.Application.csproj".
       Se omiti├│ el destino "_PackAsBuildAfterTarget" debido a una condici├│n falsa (False); ('$(GeneratePackageOnBuild)' == 'true' AND '$(IsInnerBuild)' != 'true') se evalu├│ como ('false' == 'true' AND '' != 'true').
  2:10>Destino "_CheckContainersPackage" en el archivo "C:\Program Files\dotnet\sdk\9.0.201\Containers\build\Microsoft.NET.Build.Containers.targets" del proyecto "D:\Users\Jhon\Documentos\Mintrabajo\Modulo General usuarios\AuthSystemNew\AuthSystem.Application\AuthSystem.Application.csproj" (punto de entrada):
       Se omiti├│ la tarea "Warning" debido a una condici├│n falsa (False); ($(_ContainerPackageIsPresent)
               and (
                 ($(_SdkCanPublishWeb) and $(_IsWebProject)) or
                 ($(_SdkCanPublishWorker) and $(_IsWorkerProject)) or
                 ($(_SdkCanPublishConsole) and '$(EnableSdkContainerSupport)' == 'true')
               )) se evalu├│ como (false
               and (
                 (True and false) or
                 (True and false) or
                 (True and '' == 'true')
               )).
  2:10>Compilaci├│n terminada del destino "_CheckContainersPackage" en el proyecto "AuthSystem.Application.csproj".
  2:10>Compilaci├│n del proyecto terminada "D:\Users\Jhon\Documentos\Mintrabajo\Modulo General usuarios\AuthSystemNew\AuthSystem.Application\AuthSystem.Application.csproj" (destinos predeterminados).
   7:7>Ejecuci├│n de la tarea "ResolvePackageAssets" terminada.
   7:7>Compilaci├│n terminada del destino "ResolvePackageAssets" en el proyecto "AuthSystem.API.csproj".
       Se omiti├│ el destino "AdjustDefaultPlatformTargetForNetFrameworkExeWithNoNativeCopyLocalItems" debido a una condici├│n falsa (False); ('$(_UsingDefaultPlatformTarget)' == 'true' and
                            '$(_UsingDefaultRuntimeIdentifier)' == 'true') se evalu├│ como ('true' == 'true' and
                            '' == 'true').
   5:9>El proyecto "D:\Users\Jhon\Documentos\Mintrabajo\Modulo General usuarios\AuthSystemNew\AuthSystem.Infrastructure\AuthSystem.Infrastructure.csproj" (5:9) est├í compilando "D:\Users\Jhon\Documentos\Mintrabajo\Modulo General usuarios\AuthSystemNew\AuthSystem.Application\AuthSystem.Application.csproj" (2:14) en el nodo 2 (destinos predeterminados).
  2:14>Se omiti├│ el destino "Build". Compilado previamente de forma correcta.
  2:14>Compilaci├│n del proyecto terminada "D:\Users\Jhon\Documentos\Mintrabajo\Modulo General usuarios\AuthSystemNew\AuthSystem.Application\AuthSystem.Application.csproj" (destinos predeterminados).
   4:6>El proyecto "D:\Users\Jhon\Documentos\Mintrabajo\Modulo General usuarios\AuthSystemNew\AuthSystem.UnitTests\AuthSystem.UnitTests.csproj" (4:6) est├í compilando "D:\Users\Jhon\Documentos\Mintrabajo\Modulo General usuarios\AuthSystemNew\AuthSystem.Application\AuthSystem.Application.csproj" (2:15) en el nodo 2 (destinos predeterminados).
  2:15>Se omiti├│ el destino "Build". Compilado previamente de forma correcta.
  2:15>Compilaci├│n del proyecto terminada "D:\Users\Jhon\Documentos\Mintrabajo\Modulo General usuarios\AuthSystemNew\AuthSystem.Application\AuthSystem.Application.csproj" (destinos predeterminados).
   7:7>Destino "_CheckForTransitiveWindowsDesktopDependencies" en el archivo "C:\Program Files\dotnet\sdk\9.0.201\Sdks\Microsoft.NET.Sdk\targets\Microsoft.NET.Sdk.DefaultItems.Shared.targets" del proyecto "D:\Users\Jhon\Documentos\Mintrabajo\Modulo General usuarios\AuthSystemNew\AuthSystem.API\AuthSystem.API.csproj" (el destino "ResolveLockFileReferences" depende de ├®l):
   7:7>Se omiti├│ la tarea "NetSdkError" debido a una condici├│n falsa (False); ('@(_WindowsDesktopTransitiveFrameworkReference)' != '') se evalu├│ como ('' != '').
   7:7>Compilaci├│n terminada del destino "_CheckForTransitiveWindowsDesktopDependencies" en el proyecto "AuthSystem.API.csproj".
   7:7>Destino "AddTransitiveFrameworkReferences" en el archivo "C:\Program Files\dotnet\sdk\9.0.201\Sdks\Microsoft.NET.Sdk\targets\Microsoft.NET.Sdk.FrameworkReferenceResolution.targets" del proyecto "D:\Users\Jhon\Documentos\Mintrabajo\Modulo General usuarios\AuthSystemNew\AuthSystem.API\AuthSystem.API.csproj" (el destino "ResolveLockFileReferences" depende de ├®l):
   7:7>Compilaci├│n terminada del destino "AddTransitiveFrameworkReferences" en el proyecto "AuthSystem.API.csproj".
   7:7>Destino "ResolveLockFileReferences" en el archivo "C:\Program Files\dotnet\sdk\9.0.201\Sdks\Microsoft.NET.Sdk\targets\Microsoft.PackageDependencyResolution.targets" del proyecto "D:\Users\Jhon\Documentos\Mintrabajo\Modulo General usuarios\AuthSystemNew\AuthSystem.API\AuthSystem.API.csproj" (el destino "ResolvePackageDependenciesForBuild" depende de ├®l):
       Usando la tarea "JoinItems" del ensamblado "C:\Program Files\dotnet\sdk\9.0.201\Sdks\Microsoft.NET.Sdk\targets\..\tools\net9.0\Microsoft.NET.Build.Tasks.dll".
       Tarea "JoinItems"
   5:9>Ejecuci├│n de la tarea "MSBuild" terminada.
       Tarea "MSBuild"
         Propiedades globales:
           Configuration=Debug
           Platform=AnyCPU
         Quitando propiedades del proyecto "..\AuthSystem.Domain\AuthSystem.Domain.csproj":
           TargetFramework
   7:7>Ejecuci├│n de la tarea "JoinItems" terminada.
   5:9>ResolveProjectReferences:
           RuntimeIdentifier
           SelfContained
         Quitando propiedades del proyecto "..\AuthSystem.Application\AuthSystem.Application.csproj":
           TargetFramework
           RuntimeIdentifier
           SelfContained
   7:7>Compilaci├│n terminada del destino "ResolveLockFileReferences" en el proyecto "AuthSystem.API.csproj".
       Se omiti├│ el destino "ResolvePackageAssets". Compilado previamente de forma correcta.
   7:7>Destino "ResolveLockFileAnalyzers" en el archivo "C:\Program Files\dotnet\sdk\9.0.201\Sdks\Microsoft.NET.Sdk\targets\Microsoft.PackageDependencyResolution.targets" del proyecto "D:\Users\Jhon\Documentos\Mintrabajo\Modulo General usuarios\AuthSystemNew\AuthSystem.API\AuthSystem.API.csproj" (el destino "ResolvePackageDependenciesForBuild" depende de ├®l):
   7:7>Compilaci├│n terminada del destino "ResolveLockFileAnalyzers" en el proyecto "AuthSystem.API.csproj".
       Se omiti├│ el destino "ResolvePackageAssets". Compilado previamente de forma correcta.
       Se omiti├│ el destino "RunProduceContentAssets" debido a una condici├│n falsa (False); ('@(_ContentFilesToPreprocess)' != '' and '$(_CleaningWithoutRebuilding)' != 'true') se evalu├│ como ('' != '' and '' != 'true').
   5:9>El proyecto "D:\Users\Jhon\Documentos\Mintrabajo\Modulo General usuarios\AuthSystemNew\AuthSystem.Infrastructure\AuthSystem.Infrastructure.csproj" (5:9) est├í compilando "D:\Users\Jhon\Documentos\Mintrabajo\Modulo General usuarios\AuthSystemNew\AuthSystem.Domain\AuthSystem.Domain.csproj" (6:21) en el nodo 6 (GetNativeManifest destinos).
  6:21>Se omiti├│ el destino "GetNativeManifest". Compilado previamente de forma correcta.
  6:21>Compilaci├│n del proyecto terminada "D:\Users\Jhon\Documentos\Mintrabajo\Modulo General usuarios\AuthSystemNew\AuthSystem.Domain\AuthSystem.Domain.csproj" (GetNativeManifest destinos).
   7:7>Destino "ResolveLockFileCopyLocalFiles" en el archivo "C:\Program Files\dotnet\sdk\9.0.201\Sdks\Microsoft.NET.Sdk\targets\Microsoft.PackageDependencyResolution.targets" del proyecto "D:\Users\Jhon\Documentos\Mintrabajo\Modulo General usuarios\AuthSystemNew\AuthSystem.API\AuthSystem.API.csproj" (el destino "ResolvePackageDependenciesForBuild" depende de ├®l):
   7:7>Compilaci├│n terminada del destino "ResolveLockFileCopyLocalFiles" en el proyecto "AuthSystem.API.csproj".
       Se omiti├│ el destino "ResolveRuntimePackAssets" debido a una condici├│n falsa (False); ('@(RuntimePack)' != '') se evalu├│ como ('' != '').
       Se omiti├│ el destino "RunProduceContentAssets" debido a una condici├│n falsa (False); ('@(_ContentFilesToPreprocess)' != '' and '$(_CleaningWithoutRebuilding)' != 'true') se evalu├│ como ('' != '' and '' != 'true').
       Se omiti├│ el destino "ResolvePackageAssets". Compilado previamente de forma correcta.
   5:9>El proyecto "D:\Users\Jhon\Documentos\Mintrabajo\Modulo General usuarios\AuthSystemNew\AuthSystem.Infrastructure\AuthSystem.Infrastructure.csproj" (5:9) est├í compilando "D:\Users\Jhon\Documentos\Mintrabajo\Modulo General usuarios\AuthSystemNew\AuthSystem.Application\AuthSystem.Application.csproj" (2:16) en el nodo 2 (GetNativeManifest destinos).
  2:16>Destino "GetNativeManifest" en el archivo "C:\Program Files\dotnet\sdk\9.0.201\Microsoft.Common.CurrentVersion.targets" del proyecto "D:\Users\Jhon\Documentos\Mintrabajo\Modulo General usuarios\AuthSystemNew\AuthSystem.Application\AuthSystem.Application.csproj" (punto de entrada):
  2:16>Compilaci├│n terminada del destino "GetNativeManifest" en el proyecto "AuthSystem.Application.csproj".
   7:7>Destino "IncludeTransitiveProjectReferences" en el archivo "C:\Program Files\dotnet\sdk\9.0.201\Sdks\Microsoft.NET.Sdk\targets\Microsoft.PackageDependencyResolution.targets" del proyecto "D:\Users\Jhon\Documentos\Mintrabajo\Modulo General usuarios\AuthSystemNew\AuthSystem.API\AuthSystem.API.csproj" (el destino "ResolvePackageDependenciesForBuild" depende de ├®l):
   7:7>Compilaci├│n terminada del destino "IncludeTransitiveProjectReferences" en el proyecto "AuthSystem.API.csproj".
   7:7>Destino "ResolvePackageDependenciesForBuild" en el archivo "C:\Program Files\dotnet\sdk\9.0.201\Sdks\Microsoft.NET.Sdk\targets\Microsoft.PackageDependencyResolution.targets" del proyecto "D:\Users\Jhon\Documentos\Mintrabajo\Modulo General usuarios\AuthSystemNew\AuthSystem.API\AuthSystem.API.csproj" (el destino "AssignProjectConfiguration" depende de ├®l):
   7:7>Compilaci├│n terminada del destino "ResolvePackageDependenciesForBuild" en el proyecto "AuthSystem.API.csproj".
       Se omiti├│ el destino "_System_Text_JsonAnalyzerMultiTargeting" debido a una condici├│n falsa (False); ('$(SupportsRoslynComponentVersioning)' != 'true') se evalu├│ como ('true' != 'true').
       Se omiti├│ el destino "_System_Text_JsonRemoveAnalyzers" debido a una condici├│n falsa (False); ('$(DisableSystemTextJsonSourceGenerator)' == 'true') se evalu├│ como ('' == 'true').
       Se omiti├│ el destino "_Microsoft_Extensions_OptionsAnalyzerMultiTargeting" debido a una condici├│n falsa (False); ('$(SupportsRoslynComponentVersioning)' != 'true') se evalu├│ como ('true' != 'true').
  2:16>Compilaci├│n del proyecto terminada "D:\Users\Jhon\Documentos\Mintrabajo\Modulo General usuarios\AuthSystemNew\AuthSystem.Application\AuthSystem.Application.csproj" (GetNativeManifest destinos).
   7:7>Se omiti├│ el destino "_Microsoft_Extensions_OptionsRemoveAnalyzers" debido a una condici├│n falsa (False); ('$(DisableMicrosoftExtensionsOptionsSourceGenerator)' == 'true') se evalu├│ como ('' == 'true').
       Se omiti├│ el destino "_Microsoft_Extensions_Logging_AbstractionsAnalyzerMultiTargeting" debido a una condici├│n falsa (False); ('$(SupportsRoslynComponentVersioning)' != 'true') se evalu├│ como ('true' != 'true').
       Se omiti├│ el destino "_Microsoft_Extensions_Logging_AbstractionsRemoveAnalyzers" debido a una condici├│n falsa (False); ('$(DisableMicrosoftExtensionsLoggingSourceGenerator)' == 'true') se evalu├│ como ('' == 'true').
   7:7>Destino "AssignProjectConfiguration" en el archivo "C:\Program Files\dotnet\sdk\9.0.201\Microsoft.Common.CurrentVersion.targets" del proyecto "D:\Users\Jhon\Documentos\Mintrabajo\Modulo General usuarios\AuthSystemNew\AuthSystem.API\AuthSystem.API.csproj" (el destino "ResolveReferences" depende de ├®l):
       Usando la tarea "AssignProjectConfiguration" del ensamblado "Microsoft.Build.Tasks.Core, Version=15.1.0.0, Culture=neutral, PublicKeyToken=b03f5f7f11d50a3a".
       Tarea "AssignProjectConfiguration"
   5:9>Ejecuci├│n de la tarea "MSBuild" terminada.
       Se omiti├│ la tarea "MSBuildInternalMessage" debido a una condici├│n falsa (False); ('$(_NonExistentProjectReferenceSeverity)' != '') se evalu├│ como ('' != '').
   7:7>AssignProjectConfiguration:
         Se asign├│ la configuraci├│n "Debug|AnyCPU" a la referencia de proyecto "..\AuthSystem.Domain\AuthSystem.Domain.csproj".
         Se asign├│ la configuraci├│n "Debug|AnyCPU" a la referencia de proyecto "..\AuthSystem.Application\AuthSystem.Application.csproj".
   5:9>Compilaci├│n terminada del destino "ResolveProjectReferences" en el proyecto "AuthSystem.Infrastructure.csproj".
   7:7>AssignProjectConfiguration:
         Se asign├│ la configuraci├│n "Debug|AnyCPU" a la referencia de proyecto "..\AuthSystem.Infrastructure\AuthSystem.Infrastructure.csproj".
   5:9>Se omiti├│ el destino "FindInvalidProjectReferences" debido a una condici├│n falsa (False); ('$(FindInvalidProjectReferences)' == 'true') se evalu├│ como ('' == 'true').
       Se omiti├│ el destino "ResolveNativeReferences" debido a una condici├│n falsa (False); ('@(NativeReference)'!='') se evalu├│ como (''!='').
       Se omiti├│ el destino "ResolveProjectReferences". Compilado previamente de forma correcta.
       Se omiti├│ el destino "FindInvalidProjectReferences" debido a una condici├│n falsa (False); ('$(FindInvalidProjectReferences)' == 'true') se evalu├│ como ('' == 'true').
   7:7>Ejecuci├│n de la tarea "AssignProjectConfiguration" terminada.
   5:9>Se omiti├│ el destino "GetFrameworkPaths". Compilado previamente de forma correcta.
       Se omiti├│ el destino "GetReferenceAssemblyPaths". Compilado previamente de forma correcta.
       Se omiti├│ el destino "PrepareForBuild". Compilado previamente de forma correcta.
       Se omiti├│ el destino "GetInstalledSDKLocations" debido a una condici├│n falsa (False); ('@(SDKReference)' != '') se evalu├│ como ('' != '').
   7:7>Compilaci├│n terminada del destino "AssignProjectConfiguration" en el proyecto "AuthSystem.API.csproj".
       Se omiti├│ el destino "AssignProjectConfiguration". Compilado previamente de forma correcta.
   5:9>Destino "ResolveSDKReferences" en el archivo "C:\Program Files\dotnet\sdk\9.0.201\Microsoft.Common.CurrentVersion.targets" del proyecto "D:\Users\Jhon\Documentos\Mintrabajo\Modulo General usuarios\AuthSystemNew\AuthSystem.Infrastructure\AuthSystem.Infrastructure.csproj" (el destino "ResolveAssemblyReferences" depende de ├®l):
   5:9>Se omiti├│ la tarea "ResolveSDKReference" debido a una condici├│n falsa (False); ('@(SDKReference)'!='') se evalu├│ como (''!='').
   7:7>Destino "_SplitProjectReferencesByFileExistence" en el archivo "C:\Program Files\dotnet\sdk\9.0.201\Microsoft.Common.CurrentVersion.targets" del proyecto "D:\Users\Jhon\Documentos\Mintrabajo\Modulo General usuarios\AuthSystemNew\AuthSystem.API\AuthSystem.API.csproj" (el destino "PrepareProjectReferences" depende de ├®l):
   7:7>Se omiti├│ la tarea "ResolveNonMSBuildProjectOutput" debido a una condici├│n falsa (False); ('$(BuildingInsideVisualStudio)'=='true' and '@(ProjectReferenceWithConfiguration)'!='') se evalu├│ como (''=='true' and '..\AuthSystem.Domain\AuthSystem.Domain.csproj;..\AuthSystem.Application\AuthSystem.Application.csproj;..\AuthSystem.Infrastructure\AuthSystem.Infrastructure.csproj'!='').
   5:9>Compilaci├│n terminada del destino "ResolveSDKReferences" en el proyecto "AuthSystem.Infrastructure.csproj".
       Se omiti├│ el destino "ResolveSDKReferences". Compilado previamente de forma correcta.
   5:9>Destino "ExpandSDKReferences" en el archivo "C:\Program Files\dotnet\sdk\9.0.201\Microsoft.Common.CurrentVersion.targets" del proyecto "D:\Users\Jhon\Documentos\Mintrabajo\Modulo General usuarios\AuthSystemNew\AuthSystem.Infrastructure\AuthSystem.Infrastructure.csproj" (el destino "ResolveAssemblyReferences" depende de ├®l):
       Se omiti├│ la tarea "GetSDKReferenceFiles" debido a una condici├│n falsa (False); ('@(ResolvedSDKReference)'!='') se evalu├│ como (''!='').
   5:9>Compilaci├│n terminada del destino "ExpandSDKReferences" en el proyecto "AuthSystem.Infrastructure.csproj".
       Se omiti├│ el destino "ResolvePackageDependenciesForBuild". Compilado previamente de forma correcta.
       Se omiti├│ el destino "GetFrameworkPaths". Compilado previamente de forma correcta.
       Se omiti├│ el destino "GetReferenceAssemblyPaths". Compilado previamente de forma correcta.
       Se omiti├│ el destino "ProcessFrameworkReferences". Compilado previamente de forma correcta.
   7:7>Compilaci├│n terminada del destino "_SplitProjectReferencesByFileExistence" en el proyecto "AuthSystem.API.csproj".
   5:9>Se omiti├│ el destino "ResolvePackageAssets". Compilado previamente de forma correcta.
   7:7>Destino "_AddOutputPathToGlobalPropertiesToRemove" en el archivo "C:\Program Files\dotnet\sdk\9.0.201\Microsoft.Common.CurrentVersion.targets" del proyecto "D:\Users\Jhon\Documentos\Mintrabajo\Modulo General usuarios\AuthSystemNew\AuthSystem.API\AuthSystem.API.csproj" (el destino "_GetProjectReferenceTargetFrameworkProperties" depende de ├®l):
   7:7>Compilaci├│n terminada del destino "_AddOutputPathToGlobalPropertiesToRemove" en el proyecto "AuthSystem.API.csproj".
   5:9>Destino "ResolveFrameworkReferences" en el archivo "C:\Program Files\dotnet\sdk\9.0.201\Sdks\Microsoft.NET.Sdk\targets\Microsoft.NET.Sdk.FrameworkReferenceResolution.targets" del proyecto "D:\Users\Jhon\Documentos\Mintrabajo\Modulo General usuarios\AuthSystemNew\AuthSystem.Infrastructure\AuthSystem.Infrastructure.csproj" (el destino "ResolveTargetingPackAssets" depende de ├®l):
   5:9>Usando la tarea "GetPackageDirectory" del ensamblado "C:\Program Files\dotnet\sdk\9.0.201\Sdks\Microsoft.NET.Sdk\targets\..\tools\net9.0\Microsoft.NET.Build.Tasks.dll".
       Tarea "GetPackageDirectory"
       Ejecuci├│n de la tarea "GetPackageDirectory" terminada.
       Tarea "GetPackageDirectory"
       Ejecuci├│n de la tarea "GetPackageDirectory" terminada.
       Tarea "GetPackageDirectory"
       Ejecuci├│n de la tarea "GetPackageDirectory" terminada.
       Tarea "GetPackageDirectory"
       Ejecuci├│n de la tarea "GetPackageDirectory" terminada.
       Tarea "GetPackageDirectory"
   7:7>Destino "_GetProjectReferenceTargetFrameworkProperties" en el archivo "C:\Program Files\dotnet\sdk\9.0.201\Microsoft.Common.CurrentVersion.targets" del proyecto "D:\Users\Jhon\Documentos\Mintrabajo\Modulo General usuarios\AuthSystemNew\AuthSystem.API\AuthSystem.API.csproj" (el destino "PrepareProjectReferences" depende de ├®l):
   7:7>Tarea "MSBuild"
   5:9>Ejecuci├│n de la tarea "GetPackageDirectory" terminada.
       Tarea "GetPackageDirectory"
       Ejecuci├│n de la tarea "GetPackageDirectory" terminada.
       Tarea "GetPackageDirectory"
       Ejecuci├│n de la tarea "GetPackageDirectory" terminada.
       Tarea "GetPackageDirectory"
   7:7>_GetProjectReferenceTargetFrameworkProperties:
         Propiedades globales:
           Configuration=Debug
           Platform=AnyCPU
         Quitando propiedades:
   5:9>Ejecuci├│n de la tarea "GetPackageDirectory" terminada.
   7:7>_GetProjectReferenceTargetFrameworkProperties:
           WebPublishProfileFile
           TargetFramework
           RuntimeIdentifier
           SelfContained
   5:9>Tarea "GetPackageDirectory"
       Ejecuci├│n de la tarea "GetPackageDirectory" terminada.
       Tarea "GetPackageDirectory"
       Ejecuci├│n de la tarea "GetPackageDirectory" terminada.
       Usando la tarea "ResolveFrameworkReferences" del ensamblado "C:\Program Files\dotnet\sdk\9.0.201\Sdks\Microsoft.NET.Sdk\targets\..\tools\net9.0\Microsoft.NET.Build.Tasks.dll".
       Tarea "ResolveFrameworkReferences"
       Ejecuci├│n de la tarea "ResolveFrameworkReferences" terminada.
   7:7>El proyecto "D:\Users\Jhon\Documentos\Mintrabajo\Modulo General usuarios\AuthSystemNew\AuthSystem.API\AuthSystem.API.csproj" (7:7) est├í compilando "D:\Users\Jhon\Documentos\Mintrabajo\Modulo General usuarios\AuthSystemNew\AuthSystem.Domain\AuthSystem.Domain.csproj" (6:22) en el nodo 1 (GetTargetFrameworks destinos).
  6:22>Se omiti├│ el destino "GetTargetFrameworks". Compilado previamente de forma correcta.
  6:22>Compilaci├│n del proyecto terminada "D:\Users\Jhon\Documentos\Mintrabajo\Modulo General usuarios\AuthSystemNew\AuthSystem.Domain\AuthSystem.Domain.csproj" (GetTargetFrameworks destinos).
   7:7>El proyecto "D:\Users\Jhon\Documentos\Mintrabajo\Modulo General usuarios\AuthSystemNew\AuthSystem.API\AuthSystem.API.csproj" (7:7) est├í compilando "D:\Users\Jhon\Documentos\Mintrabajo\Modulo General usuarios\AuthSystemNew\AuthSystem.Application\AuthSystem.Application.csproj" (2:17) en el nodo 1 (GetTargetFrameworks destinos).
  2:17>Se omiti├│ el destino "GetTargetFrameworks". Compilado previamente de forma correcta.
  2:17>Compilaci├│n del proyecto terminada "D:\Users\Jhon\Documentos\Mintrabajo\Modulo General usuarios\AuthSystemNew\AuthSystem.Application\AuthSystem.Application.csproj" (GetTargetFrameworks destinos).
   5:9>Compilaci├│n terminada del destino "ResolveFrameworkReferences" en el proyecto "AuthSystem.Infrastructure.csproj".
   7:7>El proyecto "D:\Users\Jhon\Documentos\Mintrabajo\Modulo General usuarios\AuthSystemNew\AuthSystem.API\AuthSystem.API.csproj" (7:7) est├í compilando "D:\Users\Jhon\Documentos\Mintrabajo\Modulo General usuarios\AuthSystemNew\AuthSystem.Infrastructure\AuthSystem.Infrastructure.csproj" (5:12) en el nodo 1 (GetTargetFrameworks destinos).
  5:12>Se omiti├│ el destino "GetTargetFrameworks". Compilado previamente de forma correcta.
  5:12>Compilaci├│n del proyecto terminada "D:\Users\Jhon\Documentos\Mintrabajo\Modulo General usuarios\AuthSystemNew\AuthSystem.Infrastructure\AuthSystem.Infrastructure.csproj" (GetTargetFrameworks destinos).
   5:9>Destino "ResolveTargetingPackAssets" en el archivo "C:\Program Files\dotnet\sdk\9.0.201\Sdks\Microsoft.NET.Sdk\targets\Microsoft.NET.Sdk.FrameworkReferenceResolution.targets" del proyecto "D:\Users\Jhon\Documentos\Mintrabajo\Modulo General usuarios\AuthSystemNew\AuthSystem.Infrastructure\AuthSystem.Infrastructure.csproj" (el destino "_HandlePackageFileConflicts" depende de ├®l):
   5:9>Usando la tarea "ResolveTargetingPackAssets" del ensamblado "C:\Program Files\dotnet\sdk\9.0.201\Sdks\Microsoft.NET.Sdk\targets\..\tools\net9.0\Microsoft.NET.Build.Tasks.dll".
       Tarea "ResolveTargetingPackAssets"
       Ejecuci├│n de la tarea "ResolveTargetingPackAssets" terminada.
   5:9>Compilaci├│n terminada del destino "ResolveTargetingPackAssets" en el proyecto "AuthSystem.Infrastructure.csproj".
   7:7>Ejecuci├│n de la tarea "MSBuild" terminada.
   5:9>Destino "ResolveOffByDefaultAnalyzers" en el archivo "C:\Program Files\dotnet\sdk\9.0.201\Sdks\Microsoft.NET.Sdk\targets\Microsoft.NET.Sdk.FrameworkReferenceResolution.targets" del proyecto "D:\Users\Jhon\Documentos\Mintrabajo\Modulo General usuarios\AuthSystemNew\AuthSystem.Infrastructure\AuthSystem.Infrastructure.csproj" (el destino "_HandlePackageFileConflicts" depende de ├®l):
   5:9>Compilaci├│n terminada del destino "ResolveOffByDefaultAnalyzers" en el proyecto "AuthSystem.Infrastructure.csproj".
   7:7>_GetProjectReferenceTargetFrameworkProperties:
       Se omiti├│ la tarea "MSBuild" debido a una condici├│n falsa (False); ('%(_MSBuildProjectReferenceExistent.SkipGetTargetFrameworkProperties)' != 'true' and '$(EnableDynamicPlatformResolution)' == 'true') se evalu├│ como ('' != 'true' and '' == 'true').
   5:9>Destino "_HandlePackageFileConflicts" en el archivo "C:\Program Files\dotnet\sdk\9.0.201\Sdks\Microsoft.NET.Sdk\targets\Microsoft.NET.ConflictResolution.targets" del proyecto "D:\Users\Jhon\Documentos\Mintrabajo\Modulo General usuarios\AuthSystemNew\AuthSystem.Infrastructure\AuthSystem.Infrastructure.csproj" (el destino "ResolveAssemblyReferences" depende de ├®l):
   5:9>Usando la tarea "ResolvePackageFileConflicts" del ensamblado "C:\Program Files\dotnet\sdk\9.0.201\Sdks\Microsoft.NET.Sdk\targets\..\tools\net9.0\Microsoft.NET.Build.Tasks.dll".
       Tarea "ResolvePackageFileConflicts"
   7:7>_GetProjectReferenceTargetFrameworkProperties:
       Usando la tarea "GetReferenceNearestTargetFrameworkTask" del ensamblado "C:\Program Files\dotnet\sdk\9.0.201\NuGet.Build.Tasks.dll".
       Tarea "GetReferenceNearestTargetFrameworkTask"
   5:9>_HandlePackageFileConflicts:
         Se encontr├│ un conflicto entre "Reference:C:\Users\JHON\.nuget\packages\system.componentmodel.annotations\5.0.0\ref\netstandard2.1\System.ComponentModel.Annotations.dll" y "Reference:C:\Program Files\dotnet\packs\Microsoft.NETCore.App.Ref\8.0.14\ref/net8.0/System.ComponentModel.Annotations.dll". Se elegir├í "Reference:C:\Program Files\dotnet\packs\Microsoft.NETCore.App.Ref\8.0.14\ref/net8.0/System.ComponentModel.Annotations.dll" porque AssemblyVersion "8.0.0.0" es mayor que "5.0.0.0".
         Se encontr├│ un conflicto entre "Reference:C:\Users\JHON\.nuget\packages\system.diagnostics.diagnosticsource\6.0.0\lib\net6.0\System.Diagnostics.DiagnosticSource.dll" y "Reference:C:\Program Files\dotnet\packs\Microsoft.NETCore.App.Ref\8.0.14\ref/net8.0/System.Diagnostics.DiagnosticSource.dll". Se elegir├í "Reference:C:\Program Files\dotnet\packs\Microsoft.NETCore.App.Ref\8.0.14\ref/net8.0/System.Diagnostics.DiagnosticSource.dll" porque AssemblyVersion "8.0.0.0" es mayor que "6.0.0.0".
         Se encontr├│ un conflicto entre "Reference:C:\Users\JHON\.nuget\packages\system.runtime.compilerservices.unsafe\6.0.0\lib\net6.0\System.Runtime.CompilerServices.Unsafe.dll" y "Reference:C:\Program Files\dotnet\packs\Microsoft.NETCore.App.Ref\8.0.14\ref/net8.0/System.Runtime.CompilerServices.Unsafe.dll". Se elegir├í "Reference:C:\Program Files\dotnet\packs\Microsoft.NETCore.App.Ref\8.0.14\ref/net8.0/System.Runtime.CompilerServices.Unsafe.dll" porque AssemblyVersion "8.0.0.0" es mayor que "6.0.0.0".
         Se encontr├│ un conflicto entre "Reference:C:\Users\JHON\.nuget\packages\system.security.cryptography.cng\5.0.0\ref\netcoreapp3.0\System.Security.Cryptography.Cng.dll" y "Reference:C:\Program Files\dotnet\packs\Microsoft.NETCore.App.Ref\8.0.14\ref/net8.0/System.Security.Cryptography.Cng.dll". Se elegir├í "Reference:C:\Program Files\dotnet\packs\Microsoft.NETCore.App.Ref\8.0.14\ref/net8.0/System.Security.Cryptography.Cng.dll" porque AssemblyVersion "8.0.0.0" es mayor que "5.0.0.0".
         Se encontr├│ un conflicto entre "Reference:C:\Users\JHON\.nuget\packages\system.text.encodings.web\8.0.0\lib\net8.0\System.Text.Encodings.Web.dll" y "Reference:C:\Program Files\dotnet\packs\Microsoft.NETCore.App.Ref\8.0.14\ref/net8.0/System.Text.Encodings.Web.dll". Se elegir├í "Reference:C:\Program Files\dotnet\packs\Microsoft.NETCore.App.Ref\8.0.14\ref/net8.0/System.Text.Encodings.Web.dll" porque la versi├│n del archivo "8.0.1425.11118" es mayor que "8.0.23.53103".
         Se encontr├│ un conflicto entre "Reference:C:\Users\JHON\.nuget\packages\system.text.json\8.0.0\lib\net8.0\System.Text.Json.dll" y "Reference:C:\Program Files\dotnet\packs\Microsoft.NETCore.App.Ref\8.0.14\ref/net8.0/System.Text.Json.dll". Se elegir├í "Reference:C:\Program Files\dotnet\packs\Microsoft.NETCore.App.Ref\8.0.14\ref/net8.0/System.Text.Json.dll" porque la versi├│n del archivo "8.0.1425.11118" es mayor que "8.0.23.53103".
         Se encontr├│ un conflicto entre "Analyzer:C:\Users\JHON\.nuget\packages\system.text.json\8.0.0\analyzers\dotnet\roslyn4.4\cs\System.Text.Json.SourceGeneration.dll" y "Analyzer:C:\Program Files\dotnet\packs\Microsoft.NETCore.App.Ref\8.0.14\analyzers/dotnet/cs/System.Text.Json.SourceGeneration.dll". Se elegir├í "Analyzer:C:\Program Files\dotnet\packs\Microsoft.NETCore.App.Ref\8.0.14\analyzers/dotnet/cs/System.Text.Json.SourceGeneration.dll" porque AssemblyVersion "8.0.12.11118" es mayor que "8.0.9.3103".
         Se encontr├│ un conflicto entre "Platform:System.Collections.Immutable.dll" y "Runtime:C:\Users\JHON\.nuget\packages\system.collections.immutable\6.0.0\lib\net6.0\System.Collections.Immutable.dll". Se elegir├í "Platform:System.Collections.Immutable.dll" porque AssemblyVersion "8.0.0.0" es mayor que "6.0.0.0".
         Se encontr├│ un conflicto entre "Platform:System.ComponentModel.Annotations.dll" y "Runtime:C:\Users\JHON\.nuget\packages\system.componentmodel.annotations\5.0.0\lib\netstandard2.1\System.ComponentModel.Annotations.dll". Se elegir├í "Platform:System.ComponentModel.Annotations.dll" porque AssemblyVersion "8.0.0.0" es mayor que "5.0.0.0".
         Se encontr├│ un conflicto entre "Platform:System.Diagnostics.DiagnosticSource.dll" y "Runtime:C:\Users\JHON\.nuget\packages\system.diagnostics.diagnosticsource\6.0.0\lib\net6.0\System.Diagnostics.DiagnosticSource.dll". Se elegir├í "Platform:System.Diagnostics.DiagnosticSource.dll" porque AssemblyVersion "8.0.0.0" es mayor que "6.0.0.0".
         Se encontr├│ un conflicto entre "Platform:System.Formats.Asn1.dll" y "Runtime:C:\Users\JHON\.nuget\packages\system.formats.asn1\5.0.0\lib\netstandard2.0\System.Formats.Asn1.dll". Se elegir├í "Platform:System.Formats.Asn1.dll" porque AssemblyVersion "8.0.0.0" es mayor que "5.0.0.0".
         Se encontr├│ un conflicto entre "Platform:System.Reflection.Metadata.dll" y "Runtime:C:\Users\JHON\.nuget\packages\system.reflection.metadata\6.0.1\lib\net6.0\System.Reflection.Metadata.dll". Se elegir├í "Platform:System.Reflection.Metadata.dll" porque AssemblyVersion "8.0.0.0" es mayor que "6.0.0.0".
         Se encontr├│ un conflicto entre "Platform:System.Runtime.CompilerServices.Unsafe.dll" y "Runtime:C:\Users\JHON\.nuget\packages\system.runtime.compilerservices.unsafe\6.0.0\lib\net6.0\System.Runtime.CompilerServices.Unsafe.dll". Se elegir├í "Platform:System.Runtime.CompilerServices.Unsafe.dll" porque AssemblyVersion "8.0.0.0" es mayor que "6.0.0.0".
         Se encontr├│ un conflicto entre "Platform:System.Security.AccessControl.dll" y "Runtime:C:\Users\JHON\.nuget\packages\system.security.accesscontrol\6.0.0\lib\net6.0\System.Security.AccessControl.dll". Se elegir├í "Platform:System.Security.AccessControl.dll" porque AssemblyVersion "8.0.0.0" es mayor que "6.0.0.0".
   7:7>Ejecuci├│n de la tarea "GetReferenceNearestTargetFrameworkTask" terminada.
   5:9>_HandlePackageFileConflicts:
         Se encontr├│ un conflicto entre "Platform:System.Security.Cryptography.Cng.dll" y "Runtime:C:\Users\JHON\.nuget\packages\system.security.cryptography.cng\5.0.0\lib\netcoreapp3.0\System.Security.Cryptography.Cng.dll". Se elegir├í "Platform:System.Security.Cryptography.Cng.dll" porque AssemblyVersion "8.0.0.0" es mayor que "5.0.0.0".
         Se encontr├│ un conflicto entre "Platform:System.Security.Principal.Windows.dll" y "Runtime:C:\Users\JHON\.nuget\packages\system.security.principal.windows\5.0.0\lib\netstandard2.0\System.Security.Principal.Windows.dll". Se elegir├í "Platform:System.Security.Principal.Windows.dll" porque AssemblyVersion "8.0.0.0" es mayor que "5.0.0.0".
         Se encontr├│ un conflicto entre "Platform:System.Text.Encoding.CodePages.dll" y "Runtime:C:\Users\JHON\.nuget\packages\system.text.encoding.codepages\6.0.0\lib\net6.0\System.Text.Encoding.CodePages.dll". Se elegir├í "Platform:System.Text.Encoding.CodePages.dll" porque AssemblyVersion "8.0.0.0" es mayor que "6.0.0.0".
         Se encontr├│ un conflicto entre "Platform:System.Text.Encodings.Web.dll" y "Runtime:C:\Users\JHON\.nuget\packages\system.text.encodings.web\8.0.0\lib\net8.0\System.Text.Encodings.Web.dll". Se elegir├í "Platform:System.Text.Encodings.Web.dll" porque la versi├│n del archivo "8.0.1425.11118" es mayor que "8.0.23.53103".
         Se encontr├│ un conflicto entre "Platform:System.Text.Json.dll" y "Runtime:C:\Users\JHON\.nuget\packages\system.text.json\8.0.0\lib\net8.0\System.Text.Json.dll". Se elegir├í "Platform:System.Text.Json.dll" porque la versi├│n del archivo "8.0.1425.11118" es mayor que "8.0.23.53103".
         Se encontr├│ un conflicto entre "Platform:System.Threading.Channels.dll" y "Runtime:C:\Users\JHON\.nuget\packages\system.threading.channels\6.0.0\lib\net6.0\System.Threading.Channels.dll". Se elegir├í "Platform:System.Threading.Channels.dll" porque AssemblyVersion "8.0.0.0" es mayor que "6.0.0.0".
         Se encontr├│ un conflicto entre "Platform:System.Security.AccessControl.dll" y "Runtime:C:\Users\JHON\.nuget\packages\system.security.accesscontrol\6.0.0\runtimes\win\lib\net6.0\System.Security.AccessControl.dll". Se elegir├í "Platform:System.Security.AccessControl.dll" porque AssemblyVersion "8.0.0.0" es mayor que "6.0.0.0".
         Se encontr├│ un conflicto entre "Platform:System.Security.Cryptography.Cng.dll" y "Runtime:C:\Users\JHON\.nuget\packages\system.security.cryptography.cng\5.0.0\runtimes\win\lib\netcoreapp3.0\System.Security.Cryptography.Cng.dll". Se elegir├í "Platform:System.Security.Cryptography.Cng.dll" porque AssemblyVersion "8.0.0.0" es mayor que "5.0.0.0".
         Se encontr├│ un conflicto entre "Platform:System.Security.Principal.Windows.dll" y "Runtime:C:\Users\JHON\.nuget\packages\system.security.principal.windows\5.0.0\runtimes\unix\lib\netcoreapp2.1\System.Security.Principal.Windows.dll". Se elegir├í "Platform:System.Security.Principal.Windows.dll" porque AssemblyVersion "8.0.0.0" es mayor que "5.0.0.0".
         Se encontr├│ un conflicto entre "Platform:System.Security.Principal.Windows.dll" y "Runtime:C:\Users\JHON\.nuget\packages\system.security.principal.windows\5.0.0\runtimes\win\lib\netcoreapp2.1\System.Security.Principal.Windows.dll". Se elegir├í "Platform:System.Security.Principal.Windows.dll" porque AssemblyVersion "8.0.0.0" es mayor que "5.0.0.0".
         Se encontr├│ un conflicto entre "Platform:System.Text.Encoding.CodePages.dll" y "Runtime:C:\Users\JHON\.nuget\packages\system.text.encoding.codepages\6.0.0\runtimes\win\lib\net6.0\System.Text.Encoding.CodePages.dll". Se elegir├í "Platform:System.Text.Encoding.CodePages.dll" porque AssemblyVersion "8.0.0.0" es mayor que "6.0.0.0".
         Se encontr├│ un conflicto entre "Platform:System.Text.Encodings.Web.dll" y "Runtime:C:\Users\JHON\.nuget\packages\system.text.encodings.web\8.0.0\runtimes\browser\lib\net8.0\System.Text.Encodings.Web.dll". Se elegir├í "Platform:System.Text.Encodings.Web.dll" porque la versi├│n del archivo "8.0.1425.11118" es mayor que "8.0.23.53103".
         Se encontr├│ un conflicto entre "Platform:mscorlib.dll" y "Platform:mscorlib.dll". No se pudo determinar el ganador porque las versiones de archivo y ensamblado son iguales.
         Se encontr├│ un conflicto entre "Platform:Microsoft.VisualBasic.dll" y "Platform:Microsoft.VisualBasic.dll". No se pudo determinar el ganador porque las versiones de archivo y ensamblado son iguales.
         Se encontr├│ un conflicto entre "Platform:System.dll" y "Platform:System.dll". No se pudo determinar el ganador porque las versiones de archivo y ensamblado son iguales.
         Se encontr├│ un conflicto entre "Platform:System.ComponentModel.DataAnnotations.dll" y "Platform:System.ComponentModel.DataAnnotations.dll". No se pudo determinar el ganador porque las versiones de archivo y ensamblado son iguales.
         Se encontr├│ un conflicto entre "Platform:System.Configuration.dll" y "Platform:System.Configuration.dll". No se pudo determinar el ganador porque las versiones de archivo y ensamblado son iguales.
         Se encontr├│ un conflicto entre "Platform:System.Core.dll" y "Platform:System.Core.dll". No se pudo determinar el ganador porque las versiones de archivo y ensamblado son iguales.
         Se encontr├│ un conflicto entre "Platform:System.Data.dll" y "Platform:System.Data.dll". No se pudo determinar el ganador porque las versiones de archivo y ensamblado son iguales.
         Se encontr├│ un conflicto entre "Platform:System.Drawing.dll" y "Platform:System.Drawing.dll". No se pudo determinar el ganador porque las versiones de archivo y ensamblado son iguales.
         Se encontr├│ un conflicto entre "Platform:System.IO.Compression.FileSystem.dll" y "Platform:System.IO.Compression.FileSystem.dll". No se pudo determinar el ganador porque las versiones de archivo y ensamblado son iguales.
         Se encontr├│ un conflicto entre "Platform:System.Net.dll" y "Platform:System.Net.dll". No se pudo determinar el ganador porque las versiones de archivo y ensamblado son iguales.
         Se encontr├│ un conflicto entre "Platform:System.Numerics.dll" y "Platform:System.Numerics.dll". No se pudo determinar el ganador porque las versiones de archivo y ensamblado son iguales.
         Se encontr├│ un conflicto entre "Platform:System.Runtime.Serialization.dll" y "Platform:System.Runtime.Serialization.dll". No se pudo determinar el ganador porque las versiones de archivo y ensamblado son iguales.
         Se encontr├│ un conflicto entre "Platform:System.Security.dll" y "Platform:System.Security.dll". No se pudo determinar el ganador porque las versiones de archivo y ensamblado son iguales.
         Se encontr├│ un conflicto entre "Platform:System.ServiceProcess.dll" y "Platform:System.ServiceProcess.dll". No se pudo determinar el ganador porque las versiones de archivo y ensamblado son iguales.
         Se encontr├│ un conflicto entre "Platform:System.ServiceModel.Web.dll" y "Platform:System.ServiceModel.Web.dll". No se pudo determinar el ganador porque las versiones de archivo y ensamblado son iguales.
         Se encontr├│ un conflicto entre "Platform:System.Transactions.dll" y "Platform:System.Transactions.dll". No se pudo determinar el ganador porque las versiones de archivo y ensamblado son iguales.
         Se encontr├│ un conflicto entre "Platform:System.Web.dll" y "Platform:System.Web.dll". No se pudo determinar el ganador porque las versiones de archivo y ensamblado son iguales.
         Se encontr├│ un conflicto entre "Platform:System.Windows.dll" y "Platform:System.Windows.dll". No se pudo determinar el ganador porque las versiones de archivo y ensamblado son iguales.
         Se encontr├│ un conflicto entre "Platform:System.Xml.dll" y "Platform:System.Xml.dll". No se pudo determinar el ganador porque las versiones de archivo y ensamblado son iguales.
         Se encontr├│ un conflicto entre "Platform:System.Xml.Serialization.dll" y "Platform:System.Xml.Serialization.dll". No se pudo determinar el ganador porque las versiones de archivo y ensamblado son iguales.
         Se encontr├│ un conflicto entre "Platform:System.Xml.Linq.dll" y "Platform:System.Xml.Linq.dll". No se pudo determinar el ganador porque las versiones de archivo y ensamblado son iguales.
         Se encontr├│ un conflicto entre "Platform:WindowsBase.dll" y "Platform:WindowsBase.dll". No se pudo determinar el ganador porque las versiones de archivo y ensamblado son iguales.
         Se encontr├│ un conflicto entre "Platform:netstandard.dll" y "Platform:netstandard.dll". No se pudo determinar el ganador porque las versiones de archivo y ensamblado son iguales.
         Se encontr├│ un conflicto entre "Platform:System.Private.CoreLib.dll" y "Platform:System.Private.CoreLib.dll". No se pudo determinar el ganador porque las versiones de archivo y ensamblado son iguales.
         Se encontr├│ un conflicto entre "Platform:System.Private.DataContractSerialization.dll" y "Platform:System.Private.DataContractSerialization.dll". No se pudo determinar el ganador porque las versiones de archivo y ensamblado son iguales.
         Se encontr├│ un conflicto entre "Platform:System.Private.Uri.dll" y "Platform:System.Private.Uri.dll". No se pudo determinar el ganador porque las versiones de archivo y ensamblado son iguales.
         Se encontr├│ un conflicto entre "Platform:System.Private.Xml.dll" y "Platform:System.Private.Xml.dll". No se pudo determinar el ganador porque las versiones de archivo y ensamblado son iguales.
         Se encontr├│ un conflicto entre "Platform:System.Private.Xml.Linq.dll" y "Platform:System.Private.Xml.Linq.dll". No se pudo determinar el ganador porque las versiones de archivo y ensamblado son iguales.
         Se encontr├│ un conflicto entre "Platform:mscordaccore_amd64_amd64_8.0.1425.11118.dll" y "Platform:mscordaccore_amd64_amd64_8.0.1425.11118.dll". No se pudo determinar el ganador porque las versiones de archivo y ensamblado son iguales.
       Ejecuci├│n de la tarea "ResolvePackageFileConflicts" terminada.
   5:9>Compilaci├│n terminada del destino "_HandlePackageFileConflicts" en el proyecto "AuthSystem.Infrastructure.csproj".
       Se omiti├│ el destino "ResolveTargetingPackAssets". Compilado previamente de forma correcta.
   5:9>Destino "ResolveAssemblyReferences" en el archivo "C:\Program Files\dotnet\sdk\9.0.201\Microsoft.Common.CurrentVersion.targets" del proyecto "D:\Users\Jhon\Documentos\Mintrabajo\Modulo General usuarios\AuthSystemNew\AuthSystem.Infrastructure\AuthSystem.Infrastructure.csproj" (el destino "ResolveReferences" depende de ├®l):
       Usando la tarea "ResolveAssemblyReference" del ensamblado "Microsoft.Build.Tasks.Core, Version=15.1.0.0, Culture=neutral, PublicKeyToken=b03f5f7f11d50a3a".
       Tarea "ResolveAssemblyReference"
         TargetFrameworkMoniker:
             .NETCoreApp,Version=v8.0
         TargetFrameworkMonikerDisplayName:
             .NET 8.0
         TargetedRuntimeVersion:
             
         Assemblies:
             C:\Users\JHON\.nuget\packages\azure.core\1.25.0\lib\net5.0\Azure.Core.dll
                 Private = 'false'
                 HintPath = 'C:\Users\JHON\.nuget\packages\azure.core\1.25.0\lib\net5.0\Azure.Core.dll'
             C:\Users\JHON\.nuget\packages\azure.identity\1.7.0\lib\netstandard2.0\Azure.Identity.dll
                 Private = 'false'
                 HintPath = 'C:\Users\JHON\.nuget\packages\azure.identity\1.7.0\lib\netstandard2.0\Azure.Identity.dll'
             C:\Users\JHON\.nuget\packages\bcrypt.net-next\4.0.3\lib\net6.0\BCrypt.Net-Next.dll
                 Private = 'false'
                 HintPath = 'C:\Users\JHON\.nuget\packages\bcrypt.net-next\4.0.3\lib\net6.0\BCrypt.Net-Next.dll'
             C:\Users\JHON\.nuget\packages\fluentvalidation\11.5.2\lib\net7.0\FluentValidation.dll
                 Private = 'false'
                 HintPath = 'C:\Users\JHON\.nuget\packages\fluentvalidation\11.5.2\lib\net7.0\FluentValidation.dll'
             C:\Users\JHON\.nuget\packages\mediatr\12.0.1\lib\net6.0\MediatR.dll
                 Private = 'false'
                 HintPath = 'C:\Users\JHON\.nuget\packages\mediatr\12.0.1\lib\net6.0\MediatR.dll'
             C:\Users\JHON\.nuget\packages\mediatr.contracts\2.0.1\lib\netstandard2.0\MediatR.Contracts.dll
                 Private = 'false'
                 HintPath = 'C:\Users\JHON\.nuget\packages\mediatr.contracts\2.0.1\lib\netstandard2.0\MediatR.Contracts.dll'
             C:\Users\JHON\.nuget\packages\microsoft.bcl.asyncinterfaces\6.0.0\lib\netstandard2.1\Microsoft.Bcl.AsyncInterfaces.dll
                 Private = 'false'
                 HintPath = 'C:\Users\JHON\.nuget\packages\microsoft.bcl.asyncinterfaces\6.0.0\lib\netstandard2.1\Microsoft.Bcl.AsyncInterfaces.dll'
             C:\Users\JHON\.nuget\packages\microsoft.data.sqlclient\5.1.1\ref\net6.0\Microsoft.Data.SqlClient.dll
                 Private = 'false'
                 HintPath = 'C:\Users\JHON\.nuget\packages\microsoft.data.sqlclient\5.1.1\ref\net6.0\Microsoft.Data.SqlClient.dll'
             C:\Users\JHON\.nuget\packages\microsoft.entityframeworkcore\8.0.0\lib\net8.0\Microsoft.EntityFrameworkCore.dll
                 Private = 'false'
                 HintPath = 'C:\Users\JHON\.nuget\packages\microsoft.entityframeworkcore\8.0.0\lib\net8.0\Microsoft.EntityFrameworkCore.dll'
             C:\Users\JHON\.nuget\packages\microsoft.entityframeworkcore.abstractions\8.0.0\lib\net8.0\Microsoft.EntityFrameworkCore.Abstractions.dll
                 Private = 'false'
                 HintPath = 'C:\Users\JHON\.nuget\packages\microsoft.entityframeworkcore.abstractions\8.0.0\lib\net8.0\Microsoft.EntityFrameworkCore.Abstractions.dll'
             C:\Users\JHON\.nuget\packages\microsoft.entityframeworkcore.relational\8.0.0\lib\net8.0\Microsoft.EntityFrameworkCore.Relational.dll
                 Private = 'false'
                 HintPath = 'C:\Users\JHON\.nuget\packages\microsoft.entityframeworkcore.relational\8.0.0\lib\net8.0\Microsoft.EntityFrameworkCore.Relational.dll'
             C:\Users\JHON\.nuget\packages\microsoft.entityframeworkcore.sqlserver\8.0.0\lib\net8.0\Microsoft.EntityFrameworkCore.SqlServer.dll
                 Private = 'false'
                 HintPath = 'C:\Users\JHON\.nuget\packages\microsoft.entityframeworkcore.sqlserver\8.0.0\lib\net8.0\Microsoft.EntityFrameworkCore.SqlServer.dll'
             C:\Users\JHON\.nuget\packages\microsoft.extensions.caching.abstractions\8.0.0\lib\net8.0\Microsoft.Extensions.Caching.Abstractions.dll
                 Private = 'false'
                 HintPath = 'C:\Users\JHON\.nuget\packages\microsoft.extensions.caching.abstractions\8.0.0\lib\net8.0\Microsoft.Extensions.Caching.Abstractions.dll'
             C:\Users\JHON\.nuget\packages\microsoft.extensions.caching.memory\8.0.0\lib\net8.0\Microsoft.Extensions.Caching.Memory.dll
                 Private = 'false'
                 HintPath = 'C:\Users\JHON\.nuget\packages\microsoft.extensions.caching.memory\8.0.0\lib\net8.0\Microsoft.Extensions.Caching.Memory.dll'
             C:\Users\JHON\.nuget\packages\microsoft.extensions.configuration.abstractions\8.0.0\lib\net8.0\Microsoft.Extensions.Configuration.Abstractions.dll
                 Private = 'false'
                 HintPath = 'C:\Users\JHON\.nuget\packages\microsoft.extensions.configuration.abstractions\8.0.0\lib\net8.0\Microsoft.Extensions.Configuration.Abstractions.dll'
             C:\Users\JHON\.nuget\packages\microsoft.extensions.dependencyinjection\8.0.0\lib\net8.0\Microsoft.Extensions.DependencyInjection.dll
                 Private = 'false'
                 HintPath = 'C:\Users\JHON\.nuget\packages\microsoft.extensions.dependencyinjection\8.0.0\lib\net8.0\Microsoft.Extensions.DependencyInjection.dll'
             C:\Users\JHON\.nuget\packages\microsoft.extensions.dependencyinjection.abstractions\8.0.0\lib\net8.0\Microsoft.Extensions.DependencyInjection.Abstractions.dll
                 Private = 'false'
                 HintPath = 'C:\Users\JHON\.nuget\packages\microsoft.extensions.dependencyinjection.abstractions\8.0.0\lib\net8.0\Microsoft.Extensions.DependencyInjection.Abstractions.dll'
             C:\Users\JHON\.nuget\packages\microsoft.extensions.logging\8.0.0\lib\net8.0\Microsoft.Extensions.Logging.dll
                 Private = 'false'
                 HintPath = 'C:\Users\JHON\.nuget\packages\microsoft.extensions.logging\8.0.0\lib\net8.0\Microsoft.Extensions.Logging.dll'
             C:\Users\JHON\.nuget\packages\microsoft.extensions.logging.abstractions\8.0.0\lib\net8.0\Microsoft.Extensions.Logging.Abstractions.dll
                 Private = 'false'
                 HintPath = 'C:\Users\JHON\.nuget\packages\microsoft.extensions.logging.abstractions\8.0.0\lib\net8.0\Microsoft.Extensions.Logging.Abstractions.dll'
             C:\Users\JHON\.nuget\packages\microsoft.extensions.options\8.0.0\lib\net8.0\Microsoft.Extensions.Options.dll
                 Private = 'false'
                 HintPath = 'C:\Users\JHON\.nuget\packages\microsoft.extensions.options\8.0.0\lib\net8.0\Microsoft.Extensions.Options.dll'
             C:\Users\JHON\.nuget\packages\microsoft.extensions.primitives\8.0.0\lib\net8.0\Microsoft.Extensions.Primitives.dll
                 Private = 'false'
                 HintPath = 'C:\Users\JHON\.nuget\packages\microsoft.extensions.primitives\8.0.0\lib\net8.0\Microsoft.Extensions.Primitives.dll'
             C:\Users\JHON\.nuget\packages\microsoft.identity.client\4.47.2\lib\netcoreapp2.1\Microsoft.Identity.Client.dll
                 Private = 'false'
                 HintPath = 'C:\Users\JHON\.nuget\packages\microsoft.identity.client\4.47.2\lib\netcoreapp2.1\Microsoft.Identity.Client.dll'
             C:\Users\JHON\.nuget\packages\microsoft.identity.client.extensions.msal\2.19.3\lib\netcoreapp2.1\Microsoft.Identity.Client.Extensions.Msal.dll
                 Private = 'false'
                 HintPath = 'C:\Users\JHON\.nuget\packages\microsoft.identity.client.extensions.msal\2.19.3\lib\netcoreapp2.1\Microsoft.Identity.Client.Extensions.Msal.dll'
             C:\Users\JHON\.nuget\packages\microsoft.identitymodel.abstractions\7.0.3\lib\net8.0\Microsoft.IdentityModel.Abstractions.dll
                 Private = 'false'
                 HintPath = 'C:\Users\JHON\.nuget\packages\microsoft.identitymodel.abstractions\7.0.3\lib\net8.0\Microsoft.IdentityModel.Abstractions.dll'
             C:\Users\JHON\.nuget\packages\microsoft.identitymodel.jsonwebtokens\7.0.3\lib\net8.0\Microsoft.IdentityModel.JsonWebTokens.dll
                 Private = 'false'
                 HintPath = 'C:\Users\JHON\.nuget\packages\microsoft.identitymodel.jsonwebtokens\7.0.3\lib\net8.0\Microsoft.IdentityModel.JsonWebTokens.dll'
             C:\Users\JHON\.nuget\packages\microsoft.identitymodel.logging\7.0.3\lib\net8.0\Microsoft.IdentityModel.Logging.dll
                 Private = 'false'
                 HintPath = 'C:\Users\JHON\.nuget\packages\microsoft.identitymodel.logging\7.0.3\lib\net8.0\Microsoft.IdentityModel.Logging.dll'
             C:\Users\JHON\.nuget\packages\microsoft.identitymodel.protocols\6.24.0\lib\net6.0\Microsoft.IdentityModel.Protocols.dll
                 Private = 'false'
                 HintPath = 'C:\Users\JHON\.nuget\packages\microsoft.identitymodel.protocols\6.24.0\lib\net6.0\Microsoft.IdentityModel.Protocols.dll'
             C:\Users\JHON\.nuget\packages\microsoft.identitymodel.protocols.openidconnect\6.24.0\lib\net6.0\Microsoft.IdentityModel.Protocols.OpenIdConnect.dll
                 Private = 'false'
                 HintPath = 'C:\Users\JHON\.nuget\packages\microsoft.identitymodel.protocols.openidconnect\6.24.0\lib\net6.0\Microsoft.IdentityModel.Protocols.OpenIdConnect.dll'
             C:\Users\JHON\.nuget\packages\microsoft.identitymodel.tokens\7.0.3\lib\net8.0\Microsoft.IdentityModel.Tokens.dll
                 Private = 'false'
                 HintPath = 'C:\Users\JHON\.nuget\packages\microsoft.identitymodel.tokens\7.0.3\lib\net8.0\Microsoft.IdentityModel.Tokens.dll'
             C:\Users\JHON\.nuget\packages\microsoft.sqlserver.server\1.0.0\lib\netstandard2.0\Microsoft.SqlServer.Server.dll
                 Private = 'false'
                 HintPath = 'C:\Users\JHON\.nuget\packages\microsoft.sqlserver.server\1.0.0\lib\netstandard2.0\Microsoft.SqlServer.Server.dll'
             C:\Users\JHON\.nuget\packages\newtonsoft.json\13.0.3\lib\net6.0\Newtonsoft.Json.dll
                 Private = 'false'
                 HintPath = 'C:\Users\JHON\.nuget\packages\newtonsoft.json\13.0.3\lib\net6.0\Newtonsoft.Json.dll'
             C:\Users\JHON\.nuget\packages\sixlabors.fonts\2.0.1\lib\net6.0\SixLabors.Fonts.dll
                 Private = 'false'
                 HintPath = 'C:\Users\JHON\.nuget\packages\sixlabors.fonts\2.0.1\lib\net6.0\SixLabors.Fonts.dll'
             C:\Users\JHON\.nuget\packages\sixlabors.imagesharp\3.0.2\lib\net6.0\SixLabors.ImageSharp.dll
                 Private = 'false'
                 HintPath = 'C:\Users\JHON\.nuget\packages\sixlabors.imagesharp\3.0.2\lib\net6.0\SixLabors.ImageSharp.dll'
             C:\Users\JHON\.nuget\packages\sixlabors.imagesharp.drawing\2.0.1\lib\net6.0\SixLabors.ImageSharp.Drawing.dll
                 Private = 'false'
                 HintPath = 'C:\Users\JHON\.nuget\packages\sixlabors.imagesharp.drawing\2.0.1\lib\net6.0\SixLabors.ImageSharp.Drawing.dll'
             C:\Users\JHON\.nuget\packages\system.identitymodel.tokens.jwt\7.0.3\lib\net8.0\System.IdentityModel.Tokens.Jwt.dll
                 Private = 'false'
                 HintPath = 'C:\Users\JHON\.nuget\packages\system.identitymodel.tokens.jwt\7.0.3\lib\net8.0\System.IdentityModel.Tokens.Jwt.dll'
             C:\Users\JHON\.nuget\packages\system.memory.data\1.0.2\lib\netstandard2.0\System.Memory.Data.dll
                 Private = 'false'
                 HintPath = 'C:\Users\JHON\.nuget\packages\system.memory.data\1.0.2\lib\netstandard2.0\System.Memory.Data.dll'
             C:\Users\JHON\.nuget\packages\system.security.cryptography.protecteddata\6.0.0\lib\net6.0\System.Security.Cryptography.ProtectedData.dll
                 Private = 'false'
                 HintPath = 'C:\Users\JHON\.nuget\packages\system.security.cryptography.protecteddata\6.0.0\lib\net6.0\System.Security.Cryptography.ProtectedData.dll'
             C:\Program Files\dotnet\packs\Microsoft.NETCore.App.Ref\8.0.14\ref/net8.0/Microsoft.CSharp.dll
                 Private = 'false'
             C:\Program Files\dotnet\packs\Microsoft.NETCore.App.Ref\8.0.14\ref/net8.0/Microsoft.VisualBasic.Core.dll
                 Private = 'false'
             C:\Program Files\dotnet\packs\Microsoft.NETCore.App.Ref\8.0.14\ref/net8.0/Microsoft.VisualBasic.dll
                 Private = 'false'
             C:\Program Files\dotnet\packs\Microsoft.NETCore.App.Ref\8.0.14\ref/net8.0/Microsoft.Win32.Primitives.dll
                 Private = 'false'
             C:\Program Files\dotnet\packs\Microsoft.NETCore.App.Ref\8.0.14\ref/net8.0/Microsoft.Win32.Registry.dll
                 Private = 'false'
             C:\Program Files\dotnet\packs\Microsoft.NETCore.App.Ref\8.0.14\ref/net8.0/System.AppContext.dll
                 Private = 'false'
             C:\Program Files\dotnet\packs\Microsoft.NETCore.App.Ref\8.0.14\ref/net8.0/System.Buffers.dll
                 Private = 'false'
             C:\Program Files\dotnet\packs\Microsoft.NETCore.App.Ref\8.0.14\ref/net8.0/System.Collections.Concurrent.dll
                 Private = 'false'
             C:\Program Files\dotnet\packs\Microsoft.NETCore.App.Ref\8.0.14\ref/net8.0/System.Collections.Immutable.dll
                 Private = 'false'
             C:\Program Files\dotnet\packs\Microsoft.NETCore.App.Ref\8.0.14\ref/net8.0/System.Collections.NonGeneric.dll
                 Private = 'false'
             C:\Program Files\dotnet\packs\Microsoft.NETCore.App.Ref\8.0.14\ref/net8.0/System.Collections.Specialized.dll
                 Private = 'false'
             C:\Program Files\dotnet\packs\Microsoft.NETCore.App.Ref\8.0.14\ref/net8.0/System.Collections.dll
                 Private = 'false'
             C:\Program Files\dotnet\packs\Microsoft.NETCore.App.Ref\8.0.14\ref/net8.0/System.ComponentModel.Annotations.dll
                 Private = 'false'
             C:\Program Files\dotnet\packs\Microsoft.NETCore.App.Ref\8.0.14\ref/net8.0/System.ComponentModel.DataAnnotations.dll
                 Private = 'false'
             C:\Program Files\dotnet\packs\Microsoft.NETCore.App.Ref\8.0.14\ref/net8.0/System.ComponentModel.EventBasedAsync.dll
                 Private = 'false'
             C:\Program Files\dotnet\packs\Microsoft.NETCore.App.Ref\8.0.14\ref/net8.0/System.ComponentModel.Primitives.dll
                 Private = 'false'
             C:\Program Files\dotnet\packs\Microsoft.NETCore.App.Ref\8.0.14\ref/net8.0/System.ComponentModel.TypeConverter.dll
                 Private = 'false'
             C:\Program Files\dotnet\packs\Microsoft.NETCore.App.Ref\8.0.14\ref/net8.0/System.ComponentModel.dll
                 Private = 'false'
             C:\Program Files\dotnet\packs\Microsoft.NETCore.App.Ref\8.0.14\ref/net8.0/System.Configuration.dll
                 Private = 'false'
             C:\Program Files\dotnet\packs\Microsoft.NETCore.App.Ref\8.0.14\ref/net8.0/System.Console.dll
                 Private = 'false'
             C:\Program Files\dotnet\packs\Microsoft.NETCore.App.Ref\8.0.14\ref/net8.0/System.Core.dll
                 Private = 'false'
             C:\Program Files\dotnet\packs\Microsoft.NETCore.App.Ref\8.0.14\ref/net8.0/System.Data.Common.dll
                 Private = 'false'
             C:\Program Files\dotnet\packs\Microsoft.NETCore.App.Ref\8.0.14\ref/net8.0/System.Data.DataSetExtensions.dll
                 Private = 'false'
             C:\Program Files\dotnet\packs\Microsoft.NETCore.App.Ref\8.0.14\ref/net8.0/System.Data.dll
                 Private = 'false'
             C:\Program Files\dotnet\packs\Microsoft.NETCore.App.Ref\8.0.14\ref/net8.0/System.Diagnostics.Contracts.dll
                 Private = 'false'
             C:\Program Files\dotnet\packs\Microsoft.NETCore.App.Ref\8.0.14\ref/net8.0/System.Diagnostics.Debug.dll
                 Private = 'false'
             C:\Program Files\dotnet\packs\Microsoft.NETCore.App.Ref\8.0.14\ref/net8.0/System.Diagnostics.DiagnosticSource.dll
                 Private = 'false'
             C:\Program Files\dotnet\packs\Microsoft.NETCore.App.Ref\8.0.14\ref/net8.0/System.Diagnostics.FileVersionInfo.dll
                 Private = 'false'
             C:\Program Files\dotnet\packs\Microsoft.NETCore.App.Ref\8.0.14\ref/net8.0/System.Diagnostics.Process.dll
                 Private = 'false'
             C:\Program Files\dotnet\packs\Microsoft.NETCore.App.Ref\8.0.14\ref/net8.0/System.Diagnostics.StackTrace.dll
                 Private = 'false'
             C:\Program Files\dotnet\packs\Microsoft.NETCore.App.Ref\8.0.14\ref/net8.0/System.Diagnostics.TextWriterTraceListener.dll
                 Private = 'false'
             C:\Program Files\dotnet\packs\Microsoft.NETCore.App.Ref\8.0.14\ref/net8.0/System.Diagnostics.Tools.dll
                 Private = 'false'
             C:\Program Files\dotnet\packs\Microsoft.NETCore.App.Ref\8.0.14\ref/net8.0/System.Diagnostics.TraceSource.dll
                 Private = 'false'
             C:\Program Files\dotnet\packs\Microsoft.NETCore.App.Ref\8.0.14\ref/net8.0/System.Diagnostics.Tracing.dll
                 Private = 'false'
             C:\Program Files\dotnet\packs\Microsoft.NETCore.App.Ref\8.0.14\ref/net8.0/System.Drawing.Primitives.dll
                 Private = 'false'
             C:\Program Files\dotnet\packs\Microsoft.NETCore.App.Ref\8.0.14\ref/net8.0/System.Drawing.dll
                 Private = 'false'
             C:\Program Files\dotnet\packs\Microsoft.NETCore.App.Ref\8.0.14\ref/net8.0/System.Dynamic.Runtime.dll
                 Private = 'false'
             C:\Program Files\dotnet\packs\Microsoft.NETCore.App.Ref\8.0.14\ref/net8.0/System.Formats.Asn1.dll
                 Private = 'false'
             C:\Program Files\dotnet\packs\Microsoft.NETCore.App.Ref\8.0.14\ref/net8.0/System.Formats.Tar.dll
                 Private = 'false'
             C:\Program Files\dotnet\packs\Microsoft.NETCore.App.Ref\8.0.14\ref/net8.0/System.Globalization.Calendars.dll
                 Private = 'false'
             C:\Program Files\dotnet\packs\Microsoft.NETCore.App.Ref\8.0.14\ref/net8.0/System.Globalization.Extensions.dll
                 Private = 'false'
             C:\Program Files\dotnet\packs\Microsoft.NETCore.App.Ref\8.0.14\ref/net8.0/System.Globalization.dll
                 Private = 'false'
             C:\Program Files\dotnet\packs\Microsoft.NETCore.App.Ref\8.0.14\ref/net8.0/System.IO.Compression.Brotli.dll
                 Private = 'false'
             C:\Program Files\dotnet\packs\Microsoft.NETCore.App.Ref\8.0.14\ref/net8.0/System.IO.Compression.FileSystem.dll
                 Private = 'false'
             C:\Program Files\dotnet\packs\Microsoft.NETCore.App.Ref\8.0.14\ref/net8.0/System.IO.Compression.ZipFile.dll
                 Private = 'false'
             C:\Program Files\dotnet\packs\Microsoft.NETCore.App.Ref\8.0.14\ref/net8.0/System.IO.Compression.dll
                 Private = 'false'
             C:\Program Files\dotnet\packs\Microsoft.NETCore.App.Ref\8.0.14\ref/net8.0/System.IO.FileSystem.AccessControl.dll
                 Private = 'false'
             C:\Program Files\dotnet\packs\Microsoft.NETCore.App.Ref\8.0.14\ref/net8.0/System.IO.FileSystem.DriveInfo.dll
                 Private = 'false'
             C:\Program Files\dotnet\packs\Microsoft.NETCore.App.Ref\8.0.14\ref/net8.0/System.IO.FileSystem.Primitives.dll
                 Private = 'false'
             C:\Program Files\dotnet\packs\Microsoft.NETCore.App.Ref\8.0.14\ref/net8.0/System.IO.FileSystem.Watcher.dll
                 Private = 'false'
             C:\Program Files\dotnet\packs\Microsoft.NETCore.App.Ref\8.0.14\ref/net8.0/System.IO.FileSystem.dll
                 Private = 'false'
             C:\Program Files\dotnet\packs\Microsoft.NETCore.App.Ref\8.0.14\ref/net8.0/System.IO.IsolatedStorage.dll
                 Private = 'false'
             C:\Program Files\dotnet\packs\Microsoft.NETCore.App.Ref\8.0.14\ref/net8.0/System.IO.MemoryMappedFiles.dll
                 Private = 'false'
             C:\Program Files\dotnet\packs\Microsoft.NETCore.App.Ref\8.0.14\ref/net8.0/System.IO.Pipes.AccessControl.dll
                 Private = 'false'
             C:\Program Files\dotnet\packs\Microsoft.NETCore.App.Ref\8.0.14\ref/net8.0/System.IO.Pipes.dll
                 Private = 'false'
             C:\Program Files\dotnet\packs\Microsoft.NETCore.App.Ref\8.0.14\ref/net8.0/System.IO.UnmanagedMemoryStream.dll
                 Private = 'false'
             C:\Program Files\dotnet\packs\Microsoft.NETCore.App.Ref\8.0.14\ref/net8.0/System.IO.dll
                 Private = 'false'
             C:\Program Files\dotnet\packs\Microsoft.NETCore.App.Ref\8.0.14\ref/net8.0/System.Linq.Expressions.dll
                 Private = 'false'
             C:\Program Files\dotnet\packs\Microsoft.NETCore.App.Ref\8.0.14\ref/net8.0/System.Linq.Parallel.dll
                 Private = 'false'
             C:\Program Files\dotnet\packs\Microsoft.NETCore.App.Ref\8.0.14\ref/net8.0/System.Linq.Queryable.dll
                 Private = 'false'
             C:\Program Files\dotnet\packs\Microsoft.NETCore.App.Ref\8.0.14\ref/net8.0/System.Linq.dll
                 Private = 'false'
             C:\Program Files\dotnet\packs\Microsoft.NETCore.App.Ref\8.0.14\ref/net8.0/System.Memory.dll
                 Private = 'false'
             C:\Program Files\dotnet\packs\Microsoft.NETCore.App.Ref\8.0.14\ref/net8.0/System.Net.Http.Json.dll
                 Private = 'false'
             C:\Program Files\dotnet\packs\Microsoft.NETCore.App.Ref\8.0.14\ref/net8.0/System.Net.Http.dll
                 Private = 'false'
             C:\Program Files\dotnet\packs\Microsoft.NETCore.App.Ref\8.0.14\ref/net8.0/System.Net.HttpListener.dll
                 Private = 'false'
             C:\Program Files\dotnet\packs\Microsoft.NETCore.App.Ref\8.0.14\ref/net8.0/System.Net.Mail.dll
                 Private = 'false'
             C:\Program Files\dotnet\packs\Microsoft.NETCore.App.Ref\8.0.14\ref/net8.0/System.Net.NameResolution.dll
                 Private = 'false'
             C:\Program Files\dotnet\packs\Microsoft.NETCore.App.Ref\8.0.14\ref/net8.0/System.Net.NetworkInformation.dll
                 Private = 'false'
             C:\Program Files\dotnet\packs\Microsoft.NETCore.App.Ref\8.0.14\ref/net8.0/System.Net.Ping.dll
                 Private = 'false'
             C:\Program Files\dotnet\packs\Microsoft.NETCore.App.Ref\8.0.14\ref/net8.0/System.Net.Primitives.dll
                 Private = 'false'
             C:\Program Files\dotnet\packs\Microsoft.NETCore.App.Ref\8.0.14\ref/net8.0/System.Net.Quic.dll
                 Private = 'false'
             C:\Program Files\dotnet\packs\Microsoft.NETCore.App.Ref\8.0.14\ref/net8.0/System.Net.Requests.dll
                 Private = 'false'
             C:\Program Files\dotnet\packs\Microsoft.NETCore.App.Ref\8.0.14\ref/net8.0/System.Net.Security.dll
                 Private = 'false'
             C:\Program Files\dotnet\packs\Microsoft.NETCore.App.Ref\8.0.14\ref/net8.0/System.Net.ServicePoint.dll
                 Private = 'false'
             C:\Program Files\dotnet\packs\Microsoft.NETCore.App.Ref\8.0.14\ref/net8.0/System.Net.Sockets.dll
                 Private = 'false'
             C:\Program Files\dotnet\packs\Microsoft.NETCore.App.Ref\8.0.14\ref/net8.0/System.Net.WebClient.dll
                 Private = 'false'
             C:\Program Files\dotnet\packs\Microsoft.NETCore.App.Ref\8.0.14\ref/net8.0/System.Net.WebHeaderCollection.dll
                 Private = 'false'
             C:\Program Files\dotnet\packs\Microsoft.NETCore.App.Ref\8.0.14\ref/net8.0/System.Net.WebProxy.dll
                 Private = 'false'
             C:\Program Files\dotnet\packs\Microsoft.NETCore.App.Ref\8.0.14\ref/net8.0/System.Net.WebSockets.Client.dll
                 Private = 'false'
             C:\Program Files\dotnet\packs\Microsoft.NETCore.App.Ref\8.0.14\ref/net8.0/System.Net.WebSockets.dll
                 Private = 'false'
             C:\Program Files\dotnet\packs\Microsoft.NETCore.App.Ref\8.0.14\ref/net8.0/System.Net.dll
                 Private = 'false'
             C:\Program Files\dotnet\packs\Microsoft.NETCore.App.Ref\8.0.14\ref/net8.0/System.Numerics.Vectors.dll
                 Private = 'false'
             C:\Program Files\dotnet\packs\Microsoft.NETCore.App.Ref\8.0.14\ref/net8.0/System.Numerics.dll
                 Private = 'false'
             C:\Program Files\dotnet\packs\Microsoft.NETCore.App.Ref\8.0.14\ref/net8.0/System.ObjectModel.dll
                 Private = 'false'
             C:\Program Files\dotnet\packs\Microsoft.NETCore.App.Ref\8.0.14\ref/net8.0/System.Reflection.DispatchProxy.dll
                 Private = 'false'
             C:\Program Files\dotnet\packs\Microsoft.NETCore.App.Ref\8.0.14\ref/net8.0/System.Reflection.Emit.ILGeneration.dll
                 Private = 'false'
             C:\Program Files\dotnet\packs\Microsoft.NETCore.App.Ref\8.0.14\ref/net8.0/System.Reflection.Emit.Lightweight.dll
                 Private = 'false'
             C:\Program Files\dotnet\packs\Microsoft.NETCore.App.Ref\8.0.14\ref/net8.0/System.Reflection.Emit.dll
                 Private = 'false'
             C:\Program Files\dotnet\packs\Microsoft.NETCore.App.Ref\8.0.14\ref/net8.0/System.Reflection.Extensions.dll
                 Private = 'false'
             C:\Program Files\dotnet\packs\Microsoft.NETCore.App.Ref\8.0.14\ref/net8.0/System.Reflection.Metadata.dll
   7:7>_GetProjectReferenceTargetFrameworkProperties:
       Se omiti├│ la tarea "GetReferenceNearestTargetFrameworkTask" debido a una condici├│n falsa (False); ('@(_ProjectReferenceTargetFrameworkPossibilities)' != '' and '$(ReferringTargetFrameworkForProjectReferences)' != ''
                                                               And '$(GetReferenceNearestTargetFrameworkTaskSupportsTargetPlatformParameter)' != 'true' and '%(_ProjectReferenceTargetFrameworkPossibilities.IsVcxOrNativeProj)' != 'true') se evalu├│ como ('..\AuthSystem.Domain\AuthSystem.Domain.csproj;..\AuthSystem.Application\AuthSystem.Application.csproj;..\AuthSystem.Infrastructure\AuthSystem.Infrastructure.csproj' != '' and '.NETCoreApp,Version=v8.0' != ''
                                                               And 'true' != 'true' and '' != 'true').
   5:9>ResolveAssemblyReferences:
                 Private = 'false'
             C:\Program Files\dotnet\packs\Microsoft.NETCore.App.Ref\8.0.14\ref/net8.0/System.Reflection.Primitives.dll
                 Private = 'false'
             C:\Program Files\dotnet\packs\Microsoft.NETCore.App.Ref\8.0.14\ref/net8.0/System.Reflection.TypeExtensions.dll
                 Private = 'false'
             C:\Program Files\dotnet\packs\Microsoft.NETCore.App.Ref\8.0.14\ref/net8.0/System.Reflection.dll
                 Private = 'false'
             C:\Program Files\dotnet\packs\Microsoft.NETCore.App.Ref\8.0.14\ref/net8.0/System.Resources.Reader.dll
                 Private = 'false'
             C:\Program Files\dotnet\packs\Microsoft.NETCore.App.Ref\8.0.14\ref/net8.0/System.Resources.ResourceManager.dll
   7:7>_GetProjectReferenceTargetFrameworkProperties:
       Usando la tarea "SetRidAgnosticValueForProjects" del ensamblado "Microsoft.Build.Tasks.Core, Version=15.1.0.0, Culture=neutral, PublicKeyToken=b03f5f7f11d50a3a".
       Tarea "SetRidAgnosticValueForProjects"
   5:9>ResolveAssemblyReferences:
                 Private = 'false'
             C:\Program Files\dotnet\packs\Microsoft.NETCore.App.Ref\8.0.14\ref/net8.0/System.Resources.Writer.dll
                 Private = 'false'
             C:\Program Files\dotnet\packs\Microsoft.NETCore.App.Ref\8.0.14\ref/net8.0/System.Runtime.CompilerServices.Unsafe.dll
                 Private = 'false'
             C:\Program Files\dotnet\packs\Microsoft.NETCore.App.Ref\8.0.14\ref/net8.0/System.Runtime.CompilerServices.VisualC.dll
                 Private = 'false'
   7:7>Ejecuci├│n de la tarea "SetRidAgnosticValueForProjects" terminada.
   5:9>ResolveAssemblyReferences:
             C:\Program Files\dotnet\packs\Microsoft.NETCore.App.Ref\8.0.14\ref/net8.0/System.Runtime.Extensions.dll
                 Private = 'false'
             C:\Program Files\dotnet\packs\Microsoft.NETCore.App.Ref\8.0.14\ref/net8.0/System.Runtime.Handles.dll
                 Private = 'false'
             C:\Program Files\dotnet\packs\Microsoft.NETCore.App.Ref\8.0.14\ref/net8.0/System.Runtime.InteropServices.JavaScript.dll
                 Private = 'false'
             C:\Program Files\dotnet\packs\Microsoft.NETCore.App.Ref\8.0.14\ref/net8.0/System.Runtime.InteropServices.RuntimeInformation.dll
                 Private = 'false'
             C:\Program Files\dotnet\packs\Microsoft.NETCore.App.Ref\8.0.14\ref/net8.0/System.Runtime.InteropServices.dll
                 Private = 'false'
             C:\Program Files\dotnet\packs\Microsoft.NETCore.App.Ref\8.0.14\ref/net8.0/System.Runtime.Intrinsics.dll
                 Private = 'false'
   7:7>Compilaci├│n terminada del destino "_GetProjectReferenceTargetFrameworkProperties" en el proyecto "AuthSystem.API.csproj".
   5:9>ResolveAssemblyReferences:
             C:\Program Files\dotnet\packs\Microsoft.NETCore.App.Ref\8.0.14\ref/net8.0/System.Runtime.Loader.dll
                 Private = 'false'
             C:\Program Files\dotnet\packs\Microsoft.NETCore.App.Ref\8.0.14\ref/net8.0/System.Runtime.Numerics.dll
                 Private = 'false'
   7:7>Destino "ValidateExecutableReferences" en el archivo "C:\Program Files\dotnet\sdk\9.0.201\Sdks\Microsoft.NET.Sdk\targets\Microsoft.NET.Sdk.targets" del proyecto "D:\Users\Jhon\Documentos\Mintrabajo\Modulo General usuarios\AuthSystemNew\AuthSystem.API\AuthSystem.API.csproj" (el destino "PrepareProjectReferences" depende de ├®l):
   7:7>Usando la tarea "ValidateExecutableReferences" del ensamblado "C:\Program Files\dotnet\sdk\9.0.201\Sdks\Microsoft.NET.Sdk\targets\..\tools\net9.0\Microsoft.NET.Build.Tasks.dll".
       Tarea "ValidateExecutableReferences"
   5:9>ResolveAssemblyReferences:
             C:\Program Files\dotnet\packs\Microsoft.NETCore.App.Ref\8.0.14\ref/net8.0/System.Runtime.Serialization.Formatters.dll
                 Private = 'false'
             C:\Program Files\dotnet\packs\Microsoft.NETCore.App.Ref\8.0.14\ref/net8.0/System.Runtime.Serialization.Json.dll
                 Private = 'false'
             C:\Program Files\dotnet\packs\Microsoft.NETCore.App.Ref\8.0.14\ref/net8.0/System.Runtime.Serialization.Primitives.dll
                 Private = 'false'
             C:\Program Files\dotnet\packs\Microsoft.NETCore.App.Ref\8.0.14\ref/net8.0/System.Runtime.Serialization.Xml.dll
                 Private = 'false'
             C:\Program Files\dotnet\packs\Microsoft.NETCore.App.Ref\8.0.14\ref/net8.0/System.Runtime.Serialization.dll
                 Private = 'false'
             C:\Program Files\dotnet\packs\Microsoft.NETCore.App.Ref\8.0.14\ref/net8.0/System.Runtime.dll
                 Private = 'false'
             C:\Program Files\dotnet\packs\Microsoft.NETCore.App.Ref\8.0.14\ref/net8.0/System.Security.AccessControl.dll
                 Private = 'false'
   7:7>Ejecuci├│n de la tarea "ValidateExecutableReferences" terminada.
   7:7>Compilaci├│n terminada del destino "ValidateExecutableReferences" en el proyecto "AuthSystem.API.csproj".
   5:9>ResolveAssemblyReferences:
             C:\Program Files\dotnet\packs\Microsoft.NETCore.App.Ref\8.0.14\ref/net8.0/System.Security.Claims.dll
   7:7>Se omiti├│ el destino "_GetProjectReferencePlatformProperties" debido a una condici├│n falsa (False); ('$(EnableDynamicPlatformResolution)' == 'true'
                     and '@(_MSBuildProjectReferenceExistent)' != '') se evalu├│ como ('' == 'true'
                     and '..\AuthSystem.Domain\AuthSystem.Domain.csproj;..\AuthSystem.Application\AuthSystem.Application.csproj;..\AuthSystem.Infrastructure\AuthSystem.Infrastructure.csproj' != '').
   5:9>ResolveAssemblyReferences:
                 Private = 'false'
   7:7>Destino "PrepareProjectReferences" en el archivo "C:\Program Files\dotnet\sdk\9.0.201\Microsoft.Common.CurrentVersion.targets" del proyecto "D:\Users\Jhon\Documentos\Mintrabajo\Modulo General usuarios\AuthSystemNew\AuthSystem.API\AuthSystem.API.csproj" (el destino "ResolveProjectReferences" depende de ├®l):
   7:7>Compilaci├│n terminada del destino "PrepareProjectReferences" en el proyecto "AuthSystem.API.csproj".
   5:9>ResolveAssemblyReferences:
             C:\Program Files\dotnet\packs\Microsoft.NETCore.App.Ref\8.0.14\ref/net8.0/System.Security.Cryptography.Algorithms.dll
                 Private = 'false'
             C:\Program Files\dotnet\packs\Microsoft.NETCore.App.Ref\8.0.14\ref/net8.0/System.Security.Cryptography.Cng.dll
   7:7>Destino "ResolveProjectReferences" en el archivo "C:\Program Files\dotnet\sdk\9.0.201\Microsoft.Common.CurrentVersion.targets" del proyecto "D:\Users\Jhon\Documentos\Mintrabajo\Modulo General usuarios\AuthSystemNew\AuthSystem.API\AuthSystem.API.csproj" (el destino "ResolveReferences" depende de ├®l):
   7:7>Se omiti├│ la tarea "MSBuild" debido a una condici├│n falsa (False); ('%(_MSBuildProjectReferenceExistent.BuildReference)' == 'true' and '@(ProjectReferenceWithConfiguration)' != '' and ('$(BuildingInsideVisualStudio)' == 'true' or '$(BuildProjectReferences)' != 'true') and '$(VisualStudioVersion)' != '10.0' and '@(_MSBuildProjectReferenceExistent)' != '') se evalu├│ como ('true' == 'true' and '..\AuthSystem.Domain\AuthSystem.Domain.csproj;..\AuthSystem.Application\AuthSystem.Application.csproj;..\AuthSystem.Infrastructure\AuthSystem.Infrastructure.csproj' != '' and ('' == 'true' or 'true' != 'true') and '17.0' != '10.0' and '..\AuthSystem.Domain\AuthSystem.Domain.csproj;..\AuthSystem.Application\AuthSystem.Application.csproj;..\AuthSystem.Infrastructure\AuthSystem.Infrastructure.csproj' != '').
   5:9>ResolveAssemblyReferences:
                 Private = 'false'
             C:\Program Files\dotnet\packs\Microsoft.NETCore.App.Ref\8.0.14\ref/net8.0/System.Security.Cryptography.Csp.dll
   7:7>Tarea "MSBuild"
   5:9>ResolveAssemblyReferences:
                 Private = 'false'
             C:\Program Files\dotnet\packs\Microsoft.NETCore.App.Ref\8.0.14\ref/net8.0/System.Security.Cryptography.Encoding.dll
                 Private = 'false'
             C:\Program Files\dotnet\packs\Microsoft.NETCore.App.Ref\8.0.14\ref/net8.0/System.Security.Cryptography.OpenSsl.dll
   7:7>ResolveProjectReferences:
         Propiedades globales:
           Configuration=Debug
           Platform=AnyCPU
   5:9>ResolveAssemblyReferences:
                 Private = 'false'
   7:7>ResolveProjectReferences:
         Quitando propiedades:
           WebPublishProfileFile
         Quitando propiedades del proyecto "..\AuthSystem.Domain\AuthSystem.Domain.csproj":
           TargetFramework
           RuntimeIdentifier
   5:9>ResolveAssemblyReferences:
             C:\Program Files\dotnet\packs\Microsoft.NETCore.App.Ref\8.0.14\ref/net8.0/System.Security.Cryptography.Primitives.dll
   7:7>ResolveProjectReferences:
           SelfContained
         Quitando propiedades del proyecto "..\AuthSystem.Application\AuthSystem.Application.csproj":
           TargetFramework
           RuntimeIdentifier
           SelfContained
         Quitando propiedades del proyecto "..\AuthSystem.Infrastructure\AuthSystem.Infrastructure.csproj":
           TargetFramework
           RuntimeIdentifier
           SelfContained
   5:9>ResolveAssemblyReferences:
                 Private = 'false'
             C:\Program Files\dotnet\packs\Microsoft.NETCore.App.Ref\8.0.14\ref/net8.0/System.Security.Cryptography.X509Certificates.dll
   7:7>El proyecto "D:\Users\Jhon\Documentos\Mintrabajo\Modulo General usuarios\AuthSystemNew\AuthSystem.API\AuthSystem.API.csproj" (7:7) est├í compilando "D:\Users\Jhon\Documentos\Mintrabajo\Modulo General usuarios\AuthSystemNew\AuthSystem.Domain\AuthSystem.Domain.csproj" (6:23) en el nodo 1 (destinos predeterminados).
  6:23>Se omiti├│ el destino "Build". Compilado previamente de forma correcta.
  6:23>Compilaci├│n del proyecto terminada "D:\Users\Jhon\Documentos\Mintrabajo\Modulo General usuarios\AuthSystemNew\AuthSystem.Domain\AuthSystem.Domain.csproj" (destinos predeterminados).
   5:9>ResolveAssemblyReferences:
                 Private = 'false'
   7:7>El proyecto "D:\Users\Jhon\Documentos\Mintrabajo\Modulo General usuarios\AuthSystemNew\AuthSystem.API\AuthSystem.API.csproj" (7:7) est├í compilando "D:\Users\Jhon\Documentos\Mintrabajo\Modulo General usuarios\AuthSystemNew\AuthSystem.Application\AuthSystem.Application.csproj" (2:18) en el nodo 1 (destinos predeterminados).
  2:18>Se omiti├│ el destino "Build". Compilado previamente de forma correcta.
  2:18>Compilaci├│n del proyecto terminada "D:\Users\Jhon\Documentos\Mintrabajo\Modulo General usuarios\AuthSystemNew\AuthSystem.Application\AuthSystem.Application.csproj" (destinos predeterminados).
   5:9>ResolveAssemblyReferences:
             C:\Program Files\dotnet\packs\Microsoft.NETCore.App.Ref\8.0.14\ref/net8.0/System.Security.Cryptography.dll
                 Private = 'false'
             C:\Program Files\dotnet\packs\Microsoft.NETCore.App.Ref\8.0.14\ref/net8.0/System.Security.Principal.Windows.dll
                 Private = 'false'
             C:\Program Files\dotnet\packs\Microsoft.NETCore.App.Ref\8.0.14\ref/net8.0/System.Security.Principal.dll
                 Private = 'false'
             C:\Program Files\dotnet\packs\Microsoft.NETCore.App.Ref\8.0.14\ref/net8.0/System.Security.SecureString.dll
                 Private = 'false'
             C:\Program Files\dotnet\packs\Microsoft.NETCore.App.Ref\8.0.14\ref/net8.0/System.Security.dll
                 Private = 'false'
             C:\Program Files\dotnet\packs\Microsoft.NETCore.App.Ref\8.0.14\ref/net8.0/System.ServiceModel.Web.dll
                 Private = 'false'
             C:\Program Files\dotnet\packs\Microsoft.NETCore.App.Ref\8.0.14\ref/net8.0/System.ServiceProcess.dll
                 Private = 'false'
             C:\Program Files\dotnet\packs\Microsoft.NETCore.App.Ref\8.0.14\ref/net8.0/System.Text.Encoding.CodePages.dll
                 Private = 'false'
             C:\Program Files\dotnet\packs\Microsoft.NETCore.App.Ref\8.0.14\ref/net8.0/System.Text.Encoding.Extensions.dll
                 Private = 'false'
             C:\Program Files\dotnet\packs\Microsoft.NETCore.App.Ref\8.0.14\ref/net8.0/System.Text.Encoding.dll
                 Private = 'false'
             C:\Program Files\dotnet\packs\Microsoft.NETCore.App.Ref\8.0.14\ref/net8.0/System.Text.Encodings.Web.dll
                 Private = 'false'
             C:\Program Files\dotnet\packs\Microsoft.NETCore.App.Ref\8.0.14\ref/net8.0/System.Text.Json.dll
                 Private = 'false'
   3:6>El proyecto "D:\Users\Jhon\Documentos\Mintrabajo\Modulo General usuarios\AuthSystemNew\AuthSystem.IntegrationTests\AuthSystem.IntegrationTests.csproj" (3:6) est├í compilando "D:\Users\Jhon\Documentos\Mintrabajo\Modulo General usuarios\AuthSystemNew\AuthSystem.API\AuthSystem.API.csproj" (7:8) en el nodo 1 (GetTargetFrameworks destinos).
   7:8>Destino "GetTargetFrameworksWithPlatformForSingleTargetFramework" en el archivo "C:\Program Files\dotnet\sdk\9.0.201\Microsoft.Common.CurrentVersion.targets" del proyecto "D:\Users\Jhon\Documentos\Mintrabajo\Modulo General usuarios\AuthSystemNew\AuthSystem.API\AuthSystem.API.csproj" (el destino "GetTargetFrameworks" depende de ├®l):
   7:8>Usando la tarea "CombineTargetFrameworkInfoProperties" del ensamblado "Microsoft.Build.Tasks.Core, Version=15.1.0.0, Culture=neutral, PublicKeyToken=b03f5f7f11d50a3a".
       Tarea "CombineTargetFrameworkInfoProperties"
   5:9>ResolveAssemblyReferences:
             C:\Program Files\dotnet\packs\Microsoft.NETCore.App.Ref\8.0.14\ref/net8.0/System.Text.RegularExpressions.dll
                 Private = 'false'
             C:\Program Files\dotnet\packs\Microsoft.NETCore.App.Ref\8.0.14\ref/net8.0/System.Threading.Channels.dll
                 Private = 'false'
             C:\Program Files\dotnet\packs\Microsoft.NETCore.App.Ref\8.0.14\ref/net8.0/System.Threading.Overlapped.dll
                 Private = 'false'
             C:\Program Files\dotnet\packs\Microsoft.NETCore.App.Ref\8.0.14\ref/net8.0/System.Threading.Tasks.Dataflow.dll
                 Private = 'false'
             C:\Program Files\dotnet\packs\Microsoft.NETCore.App.Ref\8.0.14\ref/net8.0/System.Threading.Tasks.Extensions.dll
                 Private = 'false'
             C:\Program Files\dotnet\packs\Microsoft.NETCore.App.Ref\8.0.14\ref/net8.0/System.Threading.Tasks.Parallel.dll
                 Private = 'false'
   7:8>Ejecuci├│n de la tarea "CombineTargetFrameworkInfoProperties" terminada.
   5:9>ResolveAssemblyReferences:
             C:\Program Files\dotnet\packs\Microsoft.NETCore.App.Ref\8.0.14\ref/net8.0/System.Threading.Tasks.dll
                 Private = 'false'
             C:\Program Files\dotnet\packs\Microsoft.NETCore.App.Ref\8.0.14\ref/net8.0/System.Threading.Thread.dll
   7:8>Compilaci├│n terminada del destino "GetTargetFrameworksWithPlatformForSingleTargetFramework" en el proyecto "AuthSystem.API.csproj".
   5:9>ResolveAssemblyReferences:
                 Private = 'false'
   7:8>Destino "GetTargetFrameworks" en el archivo "C:\Program Files\dotnet\sdk\9.0.201\Microsoft.Common.CurrentVersion.targets" del proyecto "D:\Users\Jhon\Documentos\Mintrabajo\Modulo General usuarios\AuthSystemNew\AuthSystem.API\AuthSystem.API.csproj" (punto de entrada):
   7:8>Se omiti├│ la tarea "MSBuildInternalMessage" debido a una condici├│n falsa (False); ('$(IsCrossTargetingBuild)' == 'true') se evalu├│ como ('' == 'true').
   5:9>ResolveAssemblyReferences:
             C:\Program Files\dotnet\packs\Microsoft.NETCore.App.Ref\8.0.14\ref/net8.0/System.Threading.ThreadPool.dll
                 Private = 'false'
             C:\Program Files\dotnet\packs\Microsoft.NETCore.App.Ref\8.0.14\ref/net8.0/System.Threading.Timer.dll
                 Private = 'false'
             C:\Program Files\dotnet\packs\Microsoft.NETCore.App.Ref\8.0.14\ref/net8.0/System.Threading.dll
   7:8>GetTargetFrameworks:
       Usando la tarea "CombineXmlElements" del ensamblado "Microsoft.Build.Tasks.Core, Version=15.1.0.0, Culture=neutral, PublicKeyToken=b03f5f7f11d50a3a".
       Tarea "CombineXmlElements"
   5:9>ResolveAssemblyReferences:
                 Private = 'false'
             C:\Program Files\dotnet\packs\Microsoft.NETCore.App.Ref\8.0.14\ref/net8.0/System.Transactions.Local.dll
                 Private = 'false'
             C:\Program Files\dotnet\packs\Microsoft.NETCore.App.Ref\8.0.14\ref/net8.0/System.Transactions.dll
   7:8>Ejecuci├│n de la tarea "CombineXmlElements" terminada.
   5:9>ResolveAssemblyReferences:
                 Private = 'false'
             C:\Program Files\dotnet\packs\Microsoft.NETCore.App.Ref\8.0.14\ref/net8.0/System.ValueTuple.dll
                 Private = 'false'
             C:\Program Files\dotnet\packs\Microsoft.NETCore.App.Ref\8.0.14\ref/net8.0/System.Web.HttpUtility.dll
   7:8>Compilaci├│n terminada del destino "GetTargetFrameworks" en el proyecto "AuthSystem.API.csproj".
   5:9>ResolveAssemblyReferences:
                 Private = 'false'
   7:8>Compilaci├│n del proyecto terminada "D:\Users\Jhon\Documentos\Mintrabajo\Modulo General usuarios\AuthSystemNew\AuthSystem.API\AuthSystem.API.csproj" (GetTargetFrameworks destinos).
   5:9>ResolveAssemblyReferences:
             C:\Program Files\dotnet\packs\Microsoft.NETCore.App.Ref\8.0.14\ref/net8.0/System.Web.dll
                 Private = 'false'
             C:\Program Files\dotnet\packs\Microsoft.NETCore.App.Ref\8.0.14\ref/net8.0/System.Windows.dll
                 Private = 'false'
             C:\Program Files\dotnet\packs\Microsoft.NETCore.App.Ref\8.0.14\ref/net8.0/System.Xml.Linq.dll
                 Private = 'false'
             C:\Program Files\dotnet\packs\Microsoft.NETCore.App.Ref\8.0.14\ref/net8.0/System.Xml.ReaderWriter.dll
                 Private = 'false'
             C:\Program Files\dotnet\packs\Microsoft.NETCore.App.Ref\8.0.14\ref/net8.0/System.Xml.Serialization.dll
                 Private = 'false'
             C:\Program Files\dotnet\packs\Microsoft.NETCore.App.Ref\8.0.14\ref/net8.0/System.Xml.XDocument.dll
                 Private = 'false'
             C:\Program Files\dotnet\packs\Microsoft.NETCore.App.Ref\8.0.14\ref/net8.0/System.Xml.XPath.XDocument.dll
                 Private = 'false'
             C:\Program Files\dotnet\packs\Microsoft.NETCore.App.Ref\8.0.14\ref/net8.0/System.Xml.XPath.dll
                 Private = 'false'
             C:\Program Files\dotnet\packs\Microsoft.NETCore.App.Ref\8.0.14\ref/net8.0/System.Xml.XmlDocument.dll
                 Private = 'false'
   3:6>Ejecuci├│n de la tarea "MSBuild" terminada.
   5:9>ResolveAssemblyReferences:
             C:\Program Files\dotnet\packs\Microsoft.NETCore.App.Ref\8.0.14\ref/net8.0/System.Xml.XmlSerializer.dll
                 Private = 'false'
   3:6>_GetProjectReferenceTargetFrameworkProperties:
       Se omiti├│ la tarea "MSBuild" debido a una condici├│n falsa (False); ('%(_MSBuildProjectReferenceExistent.SkipGetTargetFrameworkProperties)' != 'true' and '$(EnableDynamicPlatformResolution)' == 'true') se evalu├│ como ('' != 'true' and '' == 'true').
   5:9>ResolveAssemblyReferences:
             C:\Program Files\dotnet\packs\Microsoft.NETCore.App.Ref\8.0.14\ref/net8.0/System.Xml.dll
                 Private = 'false'
             C:\Program Files\dotnet\packs\Microsoft.NETCore.App.Ref\8.0.14\ref/net8.0/System.dll
                 Private = 'false'
             C:\Program Files\dotnet\packs\Microsoft.NETCore.App.Ref\8.0.14\ref/net8.0/WindowsBase.dll
                 Private = 'false'
   3:6>_GetProjectReferenceTargetFrameworkProperties:
       Usando la tarea "GetReferenceNearestTargetFrameworkTask" del ensamblado "C:\Program Files\dotnet\sdk\9.0.201\NuGet.Build.Tasks.dll".
   5:9>ResolveAssemblyReferences:
             C:\Program Files\dotnet\packs\Microsoft.NETCore.App.Ref\8.0.14\ref/net8.0/mscorlib.dll
   3:6>Tarea "GetReferenceNearestTargetFrameworkTask"
   5:9>ResolveAssemblyReferences:
                 Private = 'false'
             C:\Program Files\dotnet\packs\Microsoft.NETCore.App.Ref\8.0.14\ref/net8.0/netstandard.dll
                 Private = 'false'
         AssemblyFiles:
             D:\Users\Jhon\Documentos\Mintrabajo\Modulo General usuarios\AuthSystemNew\AuthSystem.Domain\bin\Debug\net8.0\AuthSystem.Domain.dll
             D:\Users\Jhon\Documentos\Mintrabajo\Modulo General usuarios\AuthSystemNew\AuthSystem.Application\bin\Debug\net8.0\AuthSystem.Application.dll
         CandidateAssemblyFiles:
         TargetFrameworkDirectories:
             
   3:6>Ejecuci├│n de la tarea "GetReferenceNearestTargetFrameworkTask" terminada.
   5:9>ResolveAssemblyReferences:
         InstalledAssemblyTables:
   3:6>_GetProjectReferenceTargetFrameworkProperties:
       Se omiti├│ la tarea "GetReferenceNearestTargetFrameworkTask" debido a una condici├│n falsa (False); ('@(_ProjectReferenceTargetFrameworkPossibilities)' != '' and '$(ReferringTargetFrameworkForProjectReferences)' != ''
                                                               And '$(GetReferenceNearestTargetFrameworkTaskSupportsTargetPlatformParameter)' != 'true' and '%(_ProjectReferenceTargetFrameworkPossibilities.IsVcxOrNativeProj)' != 'true') se evalu├│ como ('..\AuthSystem.API\AuthSystem.API.csproj;..\AuthSystem.Domain\AuthSystem.Domain.csproj;..\AuthSystem.Application\AuthSystem.Application.csproj;...' != '' and '.NETCoreApp,Version=v8.0' != ''
                                                               And 'true' != 'true' and '' != 'true').
   5:9>ResolveAssemblyReferences:
         IgnoreInstalledAssemblyTable:
             False
   3:6>_GetProjectReferenceTargetFrameworkProperties:
       Usando la tarea "SetRidAgnosticValueForProjects" del ensamblado "Microsoft.Build.Tasks.Core, Version=15.1.0.0, Culture=neutral, PublicKeyToken=b03f5f7f11d50a3a".
   5:9>ResolveAssemblyReferences:
         SearchPaths:
             {CandidateAssemblyFiles}
   3:6>Tarea "SetRidAgnosticValueForProjects"
   5:9>ResolveAssemblyReferences:
             {HintPathFromItem}
   3:6>Ejecuci├│n de la tarea "SetRidAgnosticValueForProjects" terminada.
   5:9>ResolveAssemblyReferences:
             {TargetFrameworkDirectory}
             {RawFileName}
         AllowedAssemblyExtensions:
             .winmd
             .dll
   3:6>Compilaci├│n terminada del destino "_GetProjectReferenceTargetFrameworkProperties" en el proyecto "AuthSystem.IntegrationTests.csproj".
   5:9>ResolveAssemblyReferences:
             .exe
   3:6>Se omiti├│ el destino "ValidateExecutableReferences" debido a una condici├│n falsa (False); ('$(ValidateExecutableReferencesMatchSelfContained)' != 'false') se evalu├│ como ('false' != 'false').
   5:9>ResolveAssemblyReferences:
         AllowedRelatedFileExtensions:
   3:6>Se omiti├│ el destino "_GetProjectReferencePlatformProperties" debido a una condici├│n falsa (False); ('$(EnableDynamicPlatformResolution)' == 'true'
                     and '@(_MSBuildProjectReferenceExistent)' != '') se evalu├│ como ('' == 'true'
                     and '..\AuthSystem.API\AuthSystem.API.csproj;..\AuthSystem.Domain\AuthSystem.Domain.csproj;..\AuthSystem.Application\AuthSystem.Application.csproj;...' != '').
   5:9>ResolveAssemblyReferences:
             .pdb
             .xml
   3:6>Destino "PrepareProjectReferences" en el archivo "C:\Program Files\dotnet\sdk\9.0.201\Microsoft.Common.CurrentVersion.targets" del proyecto "D:\Users\Jhon\Documentos\Mintrabajo\Modulo General usuarios\AuthSystemNew\AuthSystem.IntegrationTests\AuthSystem.IntegrationTests.csproj" (el destino "ResolveProjectReferences" depende de ├®l):
   3:6>Compilaci├│n terminada del destino "PrepareProjectReferences" en el proyecto "AuthSystem.IntegrationTests.csproj".
   5:9>ResolveAssemblyReferences:
             .pri
             .dll.config
   3:6>Destino "ResolveProjectReferences" en el archivo "C:\Program Files\dotnet\sdk\9.0.201\Microsoft.Common.CurrentVersion.targets" del proyecto "D:\Users\Jhon\Documentos\Mintrabajo\Modulo General usuarios\AuthSystemNew\AuthSystem.IntegrationTests\AuthSystem.IntegrationTests.csproj" (el destino "ResolveReferences" depende de ├®l):
   3:6>Se omiti├│ la tarea "MSBuild" debido a una condici├│n falsa (False); ('%(_MSBuildProjectReferenceExistent.BuildReference)' == 'true' and '@(ProjectReferenceWithConfiguration)' != '' and ('$(BuildingInsideVisualStudio)' == 'true' or '$(BuildProjectReferences)' != 'true') and '$(VisualStudioVersion)' != '10.0' and '@(_MSBuildProjectReferenceExistent)' != '') se evalu├│ como ('true' == 'true' and '..\AuthSystem.API\AuthSystem.API.csproj;..\AuthSystem.Domain\AuthSystem.Domain.csproj;..\AuthSystem.Application\AuthSystem.Application.csproj;...' != '' and ('' == 'true' or 'true' != 'true') and '17.0' != '10.0' and '..\AuthSystem.API\AuthSystem.API.csproj;..\AuthSystem.Domain\AuthSystem.Domain.csproj;..\AuthSystem.Application\AuthSystem.Application.csproj;...' != '').
   5:9>ResolveAssemblyReferences:
             .exe.config
   3:6>Tarea "MSBuild"
         Propiedades globales:
   5:9>ResolveAssemblyReferences:
         AppConfigFile:
   3:6>ResolveProjectReferences:
           Configuration=Debug
   5:9>ResolveAssemblyReferences:
             
   3:6>ResolveProjectReferences:
           Platform=AnyCPU
   5:9>ResolveAssemblyReferences:
         AutoUnify:
   3:6>ResolveProjectReferences:
         Quitando propiedades del proyecto "..\AuthSystem.API\AuthSystem.API.csproj":
   5:9>ResolveAssemblyReferences:
             True
   3:6>ResolveProjectReferences:
           TargetFramework
   5:9>ResolveAssemblyReferences:
         CopyLocalDependenciesWhenParentReferenceInGac:
   3:6>ResolveProjectReferences:
         Quitando propiedades del proyecto "..\AuthSystem.Domain\AuthSystem.Domain.csproj":
   5:9>ResolveAssemblyReferences:
             True
   3:6>ResolveProjectReferences:
           TargetFramework
   5:9>ResolveAssemblyReferences:
         FindDependencies:
   3:6>ResolveProjectReferences:
           RuntimeIdentifier
   5:9>ResolveAssemblyReferences:
             True
   3:6>ResolveProjectReferences:
           SelfContained
   5:9>ResolveAssemblyReferences:
         TargetProcessorArchitecture:
   3:6>ResolveProjectReferences:
         Quitando propiedades del proyecto "..\AuthSystem.Application\AuthSystem.Application.csproj":
   5:9>ResolveAssemblyReferences:
             msil
   3:6>ResolveProjectReferences:
           TargetFramework
   5:9>ResolveAssemblyReferences:
         StateFile:
   3:6>ResolveProjectReferences:
           RuntimeIdentifier
   5:9>ResolveAssemblyReferences:
             obj\Debug\net8.0\AuthSystem.Infrastructure.csproj.AssemblyReference.cache
   3:6>ResolveProjectReferences:
           SelfContained
   5:9>ResolveAssemblyReferences:
         InstalledAssemblySubsetTables:
   3:6>ResolveProjectReferences:
         Quitando propiedades del proyecto "..\AuthSystem.Infrastructure\AuthSystem.Infrastructure.csproj":
   5:9>ResolveAssemblyReferences:
         IgnoreInstalledAssemblySubsetTable:
   3:6>ResolveProjectReferences:
           TargetFramework
   5:9>ResolveAssemblyReferences:
             False
   3:6>ResolveProjectReferences:
           RuntimeIdentifier
           SelfContained
   5:9>ResolveAssemblyReferences:
         TargetFrameworkSubsets:
         FullTargetFrameworkSubsetNames:
   3:6>El proyecto "D:\Users\Jhon\Documentos\Mintrabajo\Modulo General usuarios\AuthSystemNew\AuthSystem.IntegrationTests\AuthSystem.IntegrationTests.csproj" (3:6) est├í compilando "D:\Users\Jhon\Documentos\Mintrabajo\Modulo General usuarios\AuthSystemNew\AuthSystem.Domain\AuthSystem.Domain.csproj" (6:24) en el nodo 6 (destinos predeterminados).
  6:24>Se omiti├│ el destino "Build". Compilado previamente de forma correcta.
  6:24>Compilaci├│n del proyecto terminada "D:\Users\Jhon\Documentos\Mintrabajo\Modulo General usuarios\AuthSystemNew\AuthSystem.Domain\AuthSystem.Domain.csproj" (destinos predeterminados).
   5:9>ResolveAssemblyReferences:
             Full
   3:6>El proyecto "D:\Users\Jhon\Documentos\Mintrabajo\Modulo General usuarios\AuthSystemNew\AuthSystem.IntegrationTests\AuthSystem.IntegrationTests.csproj" (3:6) est├í compilando "D:\Users\Jhon\Documentos\Mintrabajo\Modulo General usuarios\AuthSystemNew\AuthSystem.Application\AuthSystem.Application.csproj" (2:19) en el nodo 2 (destinos predeterminados).
  2:19>Se omiti├│ el destino "Build". Compilado previamente de forma correcta.
  2:19>Compilaci├│n del proyecto terminada "D:\Users\Jhon\Documentos\Mintrabajo\Modulo General usuarios\AuthSystemNew\AuthSystem.Application\AuthSystem.Application.csproj" (destinos predeterminados).
   5:9>ResolveAssemblyReferences:
         ProfileName:
             
         FullFrameworkFolders:
         LatestTargetFrameworkDirectories:
         ProfileTablesLocation:
         Referencia principal "AuthSystem.Domain, Version=1.0.0.0, Culture=neutral, PublicKeyToken=null".
             La ruta de acceso del archivo resuelta es "D:\Users\Jhon\Documentos\Mintrabajo\Modulo General usuarios\AuthSystemNew\AuthSystem.Domain\bin\Debug\net8.0\AuthSystem.Domain.dll".
             Se encontr├│ una referencia en la ubicaci├│n de ruta de acceso de b├║squeda "D:\Users\Jhon\Documentos\Mintrabajo\Modulo General usuarios\AuthSystemNew\AuthSystem.Domain\bin\Debug\net8.0\AuthSystem.Domain.dll".
             Se encontr├│ el archivo "D:\Users\Jhon\Documentos\Mintrabajo\Modulo General usuarios\AuthSystemNew\AuthSystem.Domain\bin\Debug\net8.0\AuthSystem.Domain.pdb" relacionado.
         Referencia principal "AuthSystem.Application, Version=1.0.0.0, Culture=neutral, PublicKeyToken=null".
             La ruta de acceso del archivo resuelta es "D:\Users\Jhon\Documentos\Mintrabajo\Modulo General usuarios\AuthSystemNew\AuthSystem.Application\bin\Debug\net8.0\AuthSystem.Application.dll".
             Se encontr├│ una referencia en la ubicaci├│n de ruta de acceso de b├║squeda "D:\Users\Jhon\Documentos\Mintrabajo\Modulo General usuarios\AuthSystemNew\AuthSystem.Application\bin\Debug\net8.0\AuthSystem.Application.dll".
             Se encontr├│ el archivo "D:\Users\Jhon\Documentos\Mintrabajo\Modulo General usuarios\AuthSystemNew\AuthSystem.Application\bin\Debug\net8.0\AuthSystem.Application.pdb" relacionado.
         Referencia principal "Azure.Core, Version=1.25.0.0, Culture=neutral, PublicKeyToken=92742159e12e44c8".
             La ruta de acceso del archivo resuelta es "C:\Users\JHON\.nuget\packages\azure.core\1.25.0\lib\net5.0\Azure.Core.dll".
             Se encontr├│ una referencia en la ubicaci├│n de ruta de acceso de b├║squeda "{HintPathFromItem}".
             Esta referencia no es "CopyLocal" porque existe al menos un elemento de origen con "Private" establecido en "false" y ning├║n elemento de origen con "Private" establecido en "true".
         Referencia principal "Azure.Identity, Version=1.7.0.0, Culture=neutral, PublicKeyToken=92742159e12e44c8".
             La ruta de acceso del archivo resuelta es "C:\Users\JHON\.nuget\packages\azure.identity\1.7.0\lib\netstandard2.0\Azure.Identity.dll".
             Se encontr├│ una referencia en la ubicaci├│n de ruta de acceso de b├║squeda "{HintPathFromItem}".
             Esta referencia no es "CopyLocal" porque existe al menos un elemento de origen con "Private" establecido en "false" y ning├║n elemento de origen con "Private" establecido en "true".
         Referencia principal "BCrypt.Net-Next, Version=4.0.3.0, Culture=neutral, PublicKeyToken=1e11be04b6288443".
             La ruta de acceso del archivo resuelta es "C:\Users\JHON\.nuget\packages\bcrypt.net-next\4.0.3\lib\net6.0\BCrypt.Net-Next.dll".
             Se encontr├│ una referencia en la ubicaci├│n de ruta de acceso de b├║squeda "{HintPathFromItem}".
             Esta referencia no es "CopyLocal" porque existe al menos un elemento de origen con "Private" establecido en "false" y ning├║n elemento de origen con "Private" establecido en "true".
         Referencia principal "FluentValidation, Version=11.0.0.0, Culture=neutral, PublicKeyToken=7de548da2fbae0f0".
             La ruta de acceso del archivo resuelta es "C:\Users\JHON\.nuget\packages\fluentvalidation\11.5.2\lib\net7.0\FluentValidation.dll".
             Se encontr├│ una referencia en la ubicaci├│n de ruta de acceso de b├║squeda "{HintPathFromItem}".
             Esta referencia no es "CopyLocal" porque existe al menos un elemento de origen con "Private" establecido en "false" y ning├║n elemento de origen con "Private" establecido en "true".
         Referencia principal "MediatR, Version=12.0.0.0, Culture=neutral, PublicKeyToken=bb9a41a5e8aaa7e2".
             La ruta de acceso del archivo resuelta es "C:\Users\JHON\.nuget\packages\mediatr\12.0.1\lib\net6.0\MediatR.dll".
             Se encontr├│ una referencia en la ubicaci├│n de ruta de acceso de b├║squeda "{HintPathFromItem}".
             Esta referencia no es "CopyLocal" porque existe al menos un elemento de origen con "Private" establecido en "false" y ning├║n elemento de origen con "Private" establecido en "true".
         Referencia principal "MediatR.Contracts, Version=2.0.1.0, Culture=neutral, PublicKeyToken=bb9a41a5e8aaa7e2".
             La ruta de acceso del archivo resuelta es "C:\Users\JHON\.nuget\packages\mediatr.contracts\2.0.1\lib\netstandard2.0\MediatR.Contracts.dll".
             Se encontr├│ una referencia en la ubicaci├│n de ruta de acceso de b├║squeda "{HintPathFromItem}".
             Esta referencia no es "CopyLocal" porque existe al menos un elemento de origen con "Private" establecido en "false" y ning├║n elemento de origen con "Private" establecido en "true".
         Referencia principal "Microsoft.Bcl.AsyncInterfaces, Version=6.0.0.0, Culture=neutral, PublicKeyToken=cc7b13ffcd2ddd51".
             La ruta de acceso del archivo resuelta es "C:\Users\JHON\.nuget\packages\microsoft.bcl.asyncinterfaces\6.0.0\lib\netstandard2.1\Microsoft.Bcl.AsyncInterfaces.dll".
             Se encontr├│ una referencia en la ubicaci├│n de ruta de acceso de b├║squeda "{HintPathFromItem}".
             Esta referencia no es "CopyLocal" porque existe al menos un elemento de origen con "Private" establecido en "false" y ning├║n elemento de origen con "Private" establecido en "true".
         Referencia principal "Microsoft.Data.SqlClient, Version=5.0.0.0, Culture=neutral, PublicKeyToken=23ec7fc2d6eaa4a5".
             La ruta de acceso del archivo resuelta es "C:\Users\JHON\.nuget\packages\microsoft.data.sqlclient\5.1.1\ref\net6.0\Microsoft.Data.SqlClient.dll".
             Se encontr├│ una referencia en la ubicaci├│n de ruta de acceso de b├║squeda "{HintPathFromItem}".
             Esta referencia no es "CopyLocal" porque existe al menos un elemento de origen con "Private" establecido en "false" y ning├║n elemento de origen con "Private" establecido en "true".
         Referencia principal "Microsoft.EntityFrameworkCore, Version=8.0.0.0, Culture=neutral, PublicKeyToken=adb9793829ddae60".
             La ruta de acceso del archivo resuelta es "C:\Users\JHON\.nuget\packages\microsoft.entityframeworkcore\8.0.0\lib\net8.0\Microsoft.EntityFrameworkCore.dll".
             Se encontr├│ una referencia en la ubicaci├│n de ruta de acceso de b├║squeda "{HintPathFromItem}".
             Esta referencia no es "CopyLocal" porque existe al menos un elemento de origen con "Private" establecido en "false" y ning├║n elemento de origen con "Private" establecido en "true".
         Referencia principal "Microsoft.EntityFrameworkCore.Abstractions, Version=8.0.0.0, Culture=neutral, PublicKeyToken=adb9793829ddae60".
             La ruta de acceso del archivo resuelta es "C:\Users\JHON\.nuget\packages\microsoft.entityframeworkcore.abstractions\8.0.0\lib\net8.0\Microsoft.EntityFrameworkCore.Abstractions.dll".
             Se encontr├│ una referencia en la ubicaci├│n de ruta de acceso de b├║squeda "{HintPathFromItem}".
             Esta referencia no es "CopyLocal" porque existe al menos un elemento de origen con "Private" establecido en "false" y ning├║n elemento de origen con "Private" establecido en "true".
         Referencia principal "Microsoft.EntityFrameworkCore.Relational, Version=8.0.0.0, Culture=neutral, PublicKeyToken=adb9793829ddae60".
             La ruta de acceso del archivo resuelta es "C:\Users\JHON\.nuget\packages\microsoft.entityframeworkcore.relational\8.0.0\lib\net8.0\Microsoft.EntityFrameworkCore.Relational.dll".
             Se encontr├│ una referencia en la ubicaci├│n de ruta de acceso de b├║squeda "{HintPathFromItem}".
             Esta referencia no es "CopyLocal" porque existe al menos un elemento de origen con "Private" establecido en "false" y ning├║n elemento de origen con "Private" establecido en "true".
         Referencia principal "Microsoft.EntityFrameworkCore.SqlServer, Version=8.0.0.0, Culture=neutral, PublicKeyToken=adb9793829ddae60".
             La ruta de acceso del archivo resuelta es "C:\Users\JHON\.nuget\packages\microsoft.entityframeworkcore.sqlserver\8.0.0\lib\net8.0\Microsoft.EntityFrameworkCore.SqlServer.dll".
             Se encontr├│ una referencia en la ubicaci├│n de ruta de acceso de b├║squeda "{HintPathFromItem}".
             Esta referencia no es "CopyLocal" porque existe al menos un elemento de origen con "Private" establecido en "false" y ning├║n elemento de origen con "Private" establecido en "true".
         Referencia principal "Microsoft.Extensions.Caching.Abstractions, Version=8.0.0.0, Culture=neutral, PublicKeyToken=adb9793829ddae60".
             La ruta de acceso del archivo resuelta es "C:\Users\JHON\.nuget\packages\microsoft.extensions.caching.abstractions\8.0.0\lib\net8.0\Microsoft.Extensions.Caching.Abstractions.dll".
             Se encontr├│ una referencia en la ubicaci├│n de ruta de acceso de b├║squeda "{HintPathFromItem}".
             Esta referencia no es "CopyLocal" porque existe al menos un elemento de origen con "Private" establecido en "false" y ning├║n elemento de origen con "Private" establecido en "true".
         Referencia principal "Microsoft.Extensions.Caching.Memory, Version=8.0.0.0, Culture=neutral, PublicKeyToken=adb9793829ddae60".
             La ruta de acceso del archivo resuelta es "C:\Users\JHON\.nuget\packages\microsoft.extensions.caching.memory\8.0.0\lib\net8.0\Microsoft.Extensions.Caching.Memory.dll".
             Se encontr├│ una referencia en la ubicaci├│n de ruta de acceso de b├║squeda "{HintPathFromItem}".
             Esta referencia no es "CopyLocal" porque existe al menos un elemento de origen con "Private" establecido en "false" y ning├║n elemento de origen con "Private" establecido en "true".
         Referencia principal "Microsoft.Extensions.Configuration.Abstractions, Version=8.0.0.0, Culture=neutral, PublicKeyToken=adb9793829ddae60".
             La ruta de acceso del archivo resuelta es "C:\Users\JHON\.nuget\packages\microsoft.extensions.configuration.abstractions\8.0.0\lib\net8.0\Microsoft.Extensions.Configuration.Abstractions.dll".
             Se encontr├│ una referencia en la ubicaci├│n de ruta de acceso de b├║squeda "{HintPathFromItem}".
             Esta referencia no es "CopyLocal" porque existe al menos un elemento de origen con "Private" establecido en "false" y ning├║n elemento de origen con "Private" establecido en "true".
         Referencia principal "Microsoft.Extensions.DependencyInjection, Version=8.0.0.0, Culture=neutral, PublicKeyToken=adb9793829ddae60".
             La ruta de acceso del archivo resuelta es "C:\Users\JHON\.nuget\packages\microsoft.extensions.dependencyinjection\8.0.0\lib\net8.0\Microsoft.Extensions.DependencyInjection.dll".
             Se encontr├│ una referencia en la ubicaci├│n de ruta de acceso de b├║squeda "{HintPathFromItem}".
             Esta referencia no es "CopyLocal" porque existe al menos un elemento de origen con "Private" establecido en "false" y ning├║n elemento de origen con "Private" establecido en "true".
         Referencia principal "Microsoft.Extensions.DependencyInjection.Abstractions, Version=8.0.0.0, Culture=neutral, PublicKeyToken=adb9793829ddae60".
             La ruta de acceso del archivo resuelta es "C:\Users\JHON\.nuget\packages\microsoft.extensions.dependencyinjection.abstractions\8.0.0\lib\net8.0\Microsoft.Extensions.DependencyInjection.Abstractions.dll".
             Se encontr├│ una referencia en la ubicaci├│n de ruta de acceso de b├║squeda "{HintPathFromItem}".
             Esta referencia no es "CopyLocal" porque existe al menos un elemento de origen con "Private" establecido en "false" y ning├║n elemento de origen con "Private" establecido en "true".
         Referencia principal "Microsoft.Extensions.Logging, Version=8.0.0.0, Culture=neutral, PublicKeyToken=adb9793829ddae60".
             La ruta de acceso del archivo resuelta es "C:\Users\JHON\.nuget\packages\microsoft.extensions.logging\8.0.0\lib\net8.0\Microsoft.Extensions.Logging.dll".
             Se encontr├│ una referencia en la ubicaci├│n de ruta de acceso de b├║squeda "{HintPathFromItem}".
             Esta referencia no es "CopyLocal" porque existe al menos un elemento de origen con "Private" establecido en "false" y ning├║n elemento de origen con "Private" establecido en "true".
         Referencia principal "Microsoft.Extensions.Logging.Abstractions, Version=8.0.0.0, Culture=neutral, PublicKeyToken=adb9793829ddae60".
             La ruta de acceso del archivo resuelta es "C:\Users\JHON\.nuget\packages\microsoft.extensions.logging.abstractions\8.0.0\lib\net8.0\Microsoft.Extensions.Logging.Abstractions.dll".
             Se encontr├│ una referencia en la ubicaci├│n de ruta de acceso de b├║squeda "{HintPathFromItem}".
             Esta referencia no es "CopyLocal" porque existe al menos un elemento de origen con "Private" establecido en "false" y ning├║n elemento de origen con "Private" establecido en "true".
         Referencia principal "Microsoft.Extensions.Options, Version=8.0.0.0, Culture=neutral, PublicKeyToken=adb9793829ddae60".
             La ruta de acceso del archivo resuelta es "C:\Users\JHON\.nuget\packages\microsoft.extensions.options\8.0.0\lib\net8.0\Microsoft.Extensions.Options.dll".
             Se encontr├│ una referencia en la ubicaci├│n de ruta de acceso de b├║squeda "{HintPathFromItem}".
             Esta referencia no es "CopyLocal" porque existe al menos un elemento de origen con "Private" establecido en "false" y ning├║n elemento de origen con "Private" establecido en "true".
         Referencia principal "Microsoft.Extensions.Primitives, Version=8.0.0.0, Culture=neutral, PublicKeyToken=adb9793829ddae60".
             La ruta de acceso del archivo resuelta es "C:\Users\JHON\.nuget\packages\microsoft.extensions.primitives\8.0.0\lib\net8.0\Microsoft.Extensions.Primitives.dll".
             Se encontr├│ una referencia en la ubicaci├│n de ruta de acceso de b├║squeda "{HintPathFromItem}".
             Esta referencia no es "CopyLocal" porque existe al menos un elemento de origen con "Private" establecido en "false" y ning├║n elemento de origen con "Private" establecido en "true".
         Referencia principal "Microsoft.Identity.Client, Version=4.47.2.0, Culture=neutral, PublicKeyToken=0a613f4dd989e8ae".
             La ruta de acceso del archivo resuelta es "C:\Users\JHON\.nuget\packages\microsoft.identity.client\4.47.2\lib\netcoreapp2.1\Microsoft.Identity.Client.dll".
             Se encontr├│ una referencia en la ubicaci├│n de ruta de acceso de b├║squeda "{HintPathFromItem}".
             Esta referencia no es "CopyLocal" porque existe al menos un elemento de origen con "Private" establecido en "false" y ning├║n elemento de origen con "Private" establecido en "true".
         Referencia principal "Microsoft.Identity.Client.Extensions.Msal, Version=2.19.3.0, Culture=neutral, PublicKeyToken=0a613f4dd989e8ae".
             La ruta de acceso del archivo resuelta es "C:\Users\JHON\.nuget\packages\microsoft.identity.client.extensions.msal\2.19.3\lib\netcoreapp2.1\Microsoft.Identity.Client.Extensions.Msal.dll".
             Se encontr├│ una referencia en la ubicaci├│n de ruta de acceso de b├║squeda "{HintPathFromItem}".
             Esta referencia no es "CopyLocal" porque existe al menos un elemento de origen con "Private" establecido en "false" y ning├║n elemento de origen con "Private" establecido en "true".
         Referencia principal "Microsoft.IdentityModel.Abstractions, Version=7.0.3.0, Culture=neutral, PublicKeyToken=31bf3856ad364e35".
             La ruta de acceso del archivo resuelta es "C:\Users\JHON\.nuget\packages\microsoft.identitymodel.abstractions\7.0.3\lib\net8.0\Microsoft.IdentityModel.Abstractions.dll".
             Se encontr├│ una referencia en la ubicaci├│n de ruta de acceso de b├║squeda "{HintPathFromItem}".
             Esta referencia no es "CopyLocal" porque existe al menos un elemento de origen con "Private" establecido en "false" y ning├║n elemento de origen con "Private" establecido en "true".
         Referencia principal "Microsoft.IdentityModel.JsonWebTokens, Version=7.0.3.0, Culture=neutral, PublicKeyToken=31bf3856ad364e35".
             La ruta de acceso del archivo resuelta es "C:\Users\JHON\.nuget\packages\microsoft.identitymodel.jsonwebtokens\7.0.3\lib\net8.0\Microsoft.IdentityModel.JsonWebTokens.dll".
             Se encontr├│ una referencia en la ubicaci├│n de ruta de acceso de b├║squeda "{HintPathFromItem}".
             Esta referencia no es "CopyLocal" porque existe al menos un elemento de origen con "Private" establecido en "false" y ning├║n elemento de origen con "Private" establecido en "true".
         Referencia principal "Microsoft.IdentityModel.Logging, Version=7.0.3.0, Culture=neutral, PublicKeyToken=31bf3856ad364e35".
             La ruta de acceso del archivo resuelta es "C:\Users\JHON\.nuget\packages\microsoft.identitymodel.logging\7.0.3\lib\net8.0\Microsoft.IdentityModel.Logging.dll".
             Se encontr├│ una referencia en la ubicaci├│n de ruta de acceso de b├║squeda "{HintPathFromItem}".
             Esta referencia no es "CopyLocal" porque existe al menos un elemento de origen con "Private" establecido en "false" y ning├║n elemento de origen con "Private" establecido en "true".
         Referencia principal "Microsoft.IdentityModel.Protocols, Version=6.24.0.0, Culture=neutral, PublicKeyToken=31bf3856ad364e35".
             La ruta de acceso del archivo resuelta es "C:\Users\JHON\.nuget\packages\microsoft.identitymodel.protocols\6.24.0\lib\net6.0\Microsoft.IdentityModel.Protocols.dll".
             Se encontr├│ una referencia en la ubicaci├│n de ruta de acceso de b├║squeda "{HintPathFromItem}".
             Esta referencia no es "CopyLocal" porque existe al menos un elemento de origen con "Private" establecido en "false" y ning├║n elemento de origen con "Private" establecido en "true".
         Referencia principal "Microsoft.IdentityModel.Protocols.OpenIdConnect, Version=6.24.0.0, Culture=neutral, PublicKeyToken=31bf3856ad364e35".
             La ruta de acceso del archivo resuelta es "C:\Users\JHON\.nuget\packages\microsoft.identitymodel.protocols.openidconnect\6.24.0\lib\net6.0\Microsoft.IdentityModel.Protocols.OpenIdConnect.dll".
             Se encontr├│ una referencia en la ubicaci├│n de ruta de acceso de b├║squeda "{HintPathFromItem}".
             Esta referencia no es "CopyLocal" porque existe al menos un elemento de origen con "Private" establecido en "false" y ning├║n elemento de origen con "Private" establecido en "true".
         Referencia principal "Microsoft.IdentityModel.Tokens, Version=7.0.3.0, Culture=neutral, PublicKeyToken=31bf3856ad364e35".
             La ruta de acceso del archivo resuelta es "C:\Users\JHON\.nuget\packages\microsoft.identitymodel.tokens\7.0.3\lib\net8.0\Microsoft.IdentityModel.Tokens.dll".
             Se encontr├│ una referencia en la ubicaci├│n de ruta de acceso de b├║squeda "{HintPathFromItem}".
             Esta referencia no es "CopyLocal" porque existe al menos un elemento de origen con "Private" establecido en "false" y ning├║n elemento de origen con "Private" establecido en "true".
         Referencia principal "Microsoft.SqlServer.Server, Version=1.0.0.0, Culture=neutral, PublicKeyToken=23ec7fc2d6eaa4a5".
             La ruta de acceso del archivo resuelta es "C:\Users\JHON\.nuget\packages\microsoft.sqlserver.server\1.0.0\lib\netstandard2.0\Microsoft.SqlServer.Server.dll".
             Se encontr├│ una referencia en la ubicaci├│n de ruta de acceso de b├║squeda "{HintPathFromItem}".
             Esta referencia no es "CopyLocal" porque existe al menos un elemento de origen con "Private" establecido en "false" y ning├║n elemento de origen con "Private" establecido en "true".
         Referencia principal "Newtonsoft.Json, Version=13.0.0.0, Culture=neutral, PublicKeyToken=30ad4fe6b2a6aeed".
             La ruta de acceso del archivo resuelta es "C:\Users\JHON\.nuget\packages\newtonsoft.json\13.0.3\lib\net6.0\Newtonsoft.Json.dll".
             Se encontr├│ una referencia en la ubicaci├│n de ruta de acceso de b├║squeda "{HintPathFromItem}".
             Esta referencia no es "CopyLocal" porque existe al menos un elemento de origen con "Private" establecido en "false" y ning├║n elemento de origen con "Private" establecido en "true".
         Referencia principal "SixLabors.Fonts, Version=2.0.0.0, Culture=neutral, PublicKeyToken=d998eea7b14cab13".
             La ruta de acceso del archivo resuelta es "C:\Users\JHON\.nuget\packages\sixlabors.fonts\2.0.1\lib\net6.0\SixLabors.Fonts.dll".
             Se encontr├│ una referencia en la ubicaci├│n de ruta de acceso de b├║squeda "{HintPathFromItem}".
             Esta referencia no es "CopyLocal" porque existe al menos un elemento de origen con "Private" establecido en "false" y ning├║n elemento de origen con "Private" establecido en "true".
         Referencia principal "SixLabors.ImageSharp, Version=3.0.0.0, Culture=neutral, PublicKeyToken=d998eea7b14cab13".
             La ruta de acceso del archivo resuelta es "C:\Users\JHON\.nuget\packages\sixlabors.imagesharp\3.0.2\lib\net6.0\SixLabors.ImageSharp.dll".
             Se encontr├│ una referencia en la ubicaci├│n de ruta de acceso de b├║squeda "{HintPathFromItem}".
             Esta referencia no es "CopyLocal" porque existe al menos un elemento de origen con "Private" establecido en "false" y ning├║n elemento de origen con "Private" establecido en "true".
         Referencia principal "SixLabors.ImageSharp.Drawing, Version=2.0.0.0, Culture=neutral, PublicKeyToken=d998eea7b14cab13".
             La ruta de acceso del archivo resuelta es "C:\Users\JHON\.nuget\packages\sixlabors.imagesharp.drawing\2.0.1\lib\net6.0\SixLabors.ImageSharp.Drawing.dll".
             Se encontr├│ una referencia en la ubicaci├│n de ruta de acceso de b├║squeda "{HintPathFromItem}".
             Esta referencia no es "CopyLocal" porque existe al menos un elemento de origen con "Private" establecido en "false" y ning├║n elemento de origen con "Private" establecido en "true".
         Referencia principal "System.IdentityModel.Tokens.Jwt, Version=7.0.3.0, Culture=neutral, PublicKeyToken=31bf3856ad364e35".
             La ruta de acceso del archivo resuelta es "C:\Users\JHON\.nuget\packages\system.identitymodel.tokens.jwt\7.0.3\lib\net8.0\System.IdentityModel.Tokens.Jwt.dll".
             Se encontr├│ una referencia en la ubicaci├│n de ruta de acceso de b├║squeda "{HintPathFromItem}".
             Esta referencia no es "CopyLocal" porque existe al menos un elemento de origen con "Private" establecido en "false" y ning├║n elemento de origen con "Private" establecido en "true".
         Referencia principal "System.Memory.Data, Version=1.0.2.0, Culture=neutral, PublicKeyToken=cc7b13ffcd2ddd51".
             La ruta de acceso del archivo resuelta es "C:\Users\JHON\.nuget\packages\system.memory.data\1.0.2\lib\netstandard2.0\System.Memory.Data.dll".
             Se encontr├│ una referencia en la ubicaci├│n de ruta de acceso de b├║squeda "{HintPathFromItem}".
             Esta referencia no es "CopyLocal" porque existe al menos un elemento de origen con "Private" establecido en "false" y ning├║n elemento de origen con "Private" establecido en "true".
         Referencia principal "System.Security.Cryptography.ProtectedData, Version=6.0.0.0, Culture=neutral, PublicKeyToken=b03f5f7f11d50a3a".
             La ruta de acceso del archivo resuelta es "C:\Users\JHON\.nuget\packages\system.security.cryptography.protecteddata\6.0.0\lib\net6.0\System.Security.Cryptography.ProtectedData.dll".
             Se encontr├│ una referencia en la ubicaci├│n de ruta de acceso de b├║squeda "{HintPathFromItem}".
             Esta referencia no es "CopyLocal" porque existe al menos un elemento de origen con "Private" establecido en "false" y ning├║n elemento de origen con "Private" establecido en "true".
         Referencia principal "Microsoft.CSharp, Version=8.0.0.0, Culture=neutral, PublicKeyToken=b03f5f7f11d50a3a".
             La ruta de acceso del archivo resuelta es "C:\Program Files\dotnet\packs\Microsoft.NETCore.App.Ref\8.0.14\ref\net8.0\Microsoft.CSharp.dll".
             Se encontr├│ una referencia en la ubicaci├│n de ruta de acceso de b├║squeda "{RawFileName}".
             Esta referencia no es "CopyLocal" porque existe al menos un elemento de origen con "Private" establecido en "false" y ning├║n elemento de origen con "Private" establecido en "true".
         Referencia principal "Microsoft.VisualBasic.Core, Version=13.0.0.0, Culture=neutral, PublicKeyToken=b03f5f7f11d50a3a".
             La ruta de acceso del archivo resuelta es "C:\Program Files\dotnet\packs\Microsoft.NETCore.App.Ref\8.0.14\ref\net8.0\Microsoft.VisualBasic.Core.dll".
             Se encontr├│ una referencia en la ubicaci├│n de ruta de acceso de b├║squeda "{RawFileName}".
             Esta referencia no es "CopyLocal" porque existe al menos un elemento de origen con "Private" establecido en "false" y ning├║n elemento de origen con "Private" establecido en "true".
         Referencia principal "Microsoft.VisualBasic, Version=10.0.0.0, Culture=neutral, PublicKeyToken=b03f5f7f11d50a3a".
             La ruta de acceso del archivo resuelta es "C:\Program Files\dotnet\packs\Microsoft.NETCore.App.Ref\8.0.14\ref\net8.0\Microsoft.VisualBasic.dll".
             Se encontr├│ una referencia en la ubicaci├│n de ruta de acceso de b├║squeda "{RawFileName}".
             Esta referencia no es "CopyLocal" porque existe al menos un elemento de origen con "Private" establecido en "false" y ning├║n elemento de origen con "Private" establecido en "true".
         Referencia principal "Microsoft.Win32.Primitives, Version=8.0.0.0, Culture=neutral, PublicKeyToken=b03f5f7f11d50a3a".
             La ruta de acceso del archivo resuelta es "C:\Program Files\dotnet\packs\Microsoft.NETCore.App.Ref\8.0.14\ref\net8.0\Microsoft.Win32.Primitives.dll".
             Se encontr├│ una referencia en la ubicaci├│n de ruta de acceso de b├║squeda "{RawFileName}".
             Esta referencia no es "CopyLocal" porque existe al menos un elemento de origen con "Private" establecido en "false" y ning├║n elemento de origen con "Private" establecido en "true".
         Referencia principal "Microsoft.Win32.Registry, Version=8.0.0.0, Culture=neutral, PublicKeyToken=b03f5f7f11d50a3a".
             La ruta de acceso del archivo resuelta es "C:\Program Files\dotnet\packs\Microsoft.NETCore.App.Ref\8.0.14\ref\net8.0\Microsoft.Win32.Registry.dll".
             Se encontr├│ una referencia en la ubicaci├│n de ruta de acceso de b├║squeda "{RawFileName}".
             Esta referencia no es "CopyLocal" porque existe al menos un elemento de origen con "Private" establecido en "false" y ning├║n elemento de origen con "Private" establecido en "true".
         Referencia principal "System.AppContext, Version=8.0.0.0, Culture=neutral, PublicKeyToken=b03f5f7f11d50a3a".
             La ruta de acceso del archivo resuelta es "C:\Program Files\dotnet\packs\Microsoft.NETCore.App.Ref\8.0.14\ref\net8.0\System.AppContext.dll".
             Se encontr├│ una referencia en la ubicaci├│n de ruta de acceso de b├║squeda "{RawFileName}".
             Esta referencia no es "CopyLocal" porque existe al menos un elemento de origen con "Private" establecido en "false" y ning├║n elemento de origen con "Private" establecido en "true".
         Referencia principal "System.Buffers, Version=8.0.0.0, Culture=neutral, PublicKeyToken=cc7b13ffcd2ddd51".
             La ruta de acceso del archivo resuelta es "C:\Program Files\dotnet\packs\Microsoft.NETCore.App.Ref\8.0.14\ref\net8.0\System.Buffers.dll".
             Se encontr├│ una referencia en la ubicaci├│n de ruta de acceso de b├║squeda "{RawFileName}".
             Esta referencia no es "CopyLocal" porque existe al menos un elemento de origen con "Private" establecido en "false" y ning├║n elemento de origen con "Private" establecido en "true".
         Referencia principal "System.Collections.Concurrent, Version=8.0.0.0, Culture=neutral, PublicKeyToken=b03f5f7f11d50a3a".
             La ruta de acceso del archivo resuelta es "C:\Program Files\dotnet\packs\Microsoft.NETCore.App.Ref\8.0.14\ref\net8.0\System.Collections.Concurrent.dll".
             Se encontr├│ una referencia en la ubicaci├│n de ruta de acceso de b├║squeda "{RawFileName}".
             Esta referencia no es "CopyLocal" porque existe al menos un elemento de origen con "Private" establecido en "false" y ning├║n elemento de origen con "Private" establecido en "true".
         Referencia principal "System.Collections.Immutable, Version=8.0.0.0, Culture=neutral, PublicKeyToken=b03f5f7f11d50a3a".
             La ruta de acceso del archivo resuelta es "C:\Program Files\dotnet\packs\Microsoft.NETCore.App.Ref\8.0.14\ref\net8.0\System.Collections.Immutable.dll".
             Se encontr├│ una referencia en la ubicaci├│n de ruta de acceso de b├║squeda "{RawFileName}".
             Esta referencia no es "CopyLocal" porque existe al menos un elemento de origen con "Private" establecido en "false" y ning├║n elemento de origen con "Private" establecido en "true".
         Referencia principal "System.Collections.NonGeneric, Version=8.0.0.0, Culture=neutral, PublicKeyToken=b03f5f7f11d50a3a".
             La ruta de acceso del archivo resuelta es "C:\Program Files\dotnet\packs\Microsoft.NETCore.App.Ref\8.0.14\ref\net8.0\System.Collections.NonGeneric.dll".
             Se encontr├│ una referencia en la ubicaci├│n de ruta de acceso de b├║squeda "{RawFileName}".
             Esta referencia no es "CopyLocal" porque existe al menos un elemento de origen con "Private" establecido en "false" y ning├║n elemento de origen con "Private" establecido en "true".
         Referencia principal "System.Collections.Specialized, Version=8.0.0.0, Culture=neutral, PublicKeyToken=b03f5f7f11d50a3a".
             La ruta de acceso del archivo resuelta es "C:\Program Files\dotnet\packs\Microsoft.NETCore.App.Ref\8.0.14\ref\net8.0\System.Collections.Specialized.dll".
             Se encontr├│ una referencia en la ubicaci├│n de ruta de acceso de b├║squeda "{RawFileName}".
             Esta referencia no es "CopyLocal" porque existe al menos un elemento de origen con "Private" establecido en "false" y ning├║n elemento de origen con "Private" establecido en "true".
         Referencia principal "System.Collections, Version=8.0.0.0, Culture=neutral, PublicKeyToken=b03f5f7f11d50a3a".
             La ruta de acceso del archivo resuelta es "C:\Program Files\dotnet\packs\Microsoft.NETCore.App.Ref\8.0.14\ref\net8.0\System.Collections.dll".
             Se encontr├│ una referencia en la ubicaci├│n de ruta de acceso de b├║squeda "{RawFileName}".
             Esta referencia no es "CopyLocal" porque existe al menos un elemento de origen con "Private" establecido en "false" y ning├║n elemento de origen con "Private" establecido en "true".
         Referencia principal "System.ComponentModel.Annotations, Version=8.0.0.0, Culture=neutral, PublicKeyToken=b03f5f7f11d50a3a".
             La ruta de acceso del archivo resuelta es "C:\Program Files\dotnet\packs\Microsoft.NETCore.App.Ref\8.0.14\ref\net8.0\System.ComponentModel.Annotations.dll".
             Se encontr├│ una referencia en la ubicaci├│n de ruta de acceso de b├║squeda "{RawFileName}".
             Esta referencia no es "CopyLocal" porque existe al menos un elemento de origen con "Private" establecido en "false" y ning├║n elemento de origen con "Private" establecido en "true".
         Referencia principal "System.ComponentModel.DataAnnotations, Version=4.0.0.0, Culture=neutral, PublicKeyToken=31bf3856ad364e35".
             La ruta de acceso del archivo resuelta es "C:\Program Files\dotnet\packs\Microsoft.NETCore.App.Ref\8.0.14\ref\net8.0\System.ComponentModel.DataAnnotations.dll".
             Se encontr├│ una referencia en la ubicaci├│n de ruta de acceso de b├║squeda "{RawFileName}".
             Esta referencia no es "CopyLocal" porque existe al menos un elemento de origen con "Private" establecido en "false" y ning├║n elemento de origen con "Private" establecido en "true".
         Referencia principal "System.ComponentModel.EventBasedAsync, Version=8.0.0.0, Culture=neutral, PublicKeyToken=b03f5f7f11d50a3a".
             La ruta de acceso del archivo resuelta es "C:\Program Files\dotnet\packs\Microsoft.NETCore.App.Ref\8.0.14\ref\net8.0\System.ComponentModel.EventBasedAsync.dll".
             Se encontr├│ una referencia en la ubicaci├│n de ruta de acceso de b├║squeda "{RawFileName}".
             Esta referencia no es "CopyLocal" porque existe al menos un elemento de origen con "Private" establecido en "false" y ning├║n elemento de origen con "Private" establecido en "true".
         Referencia principal "System.ComponentModel.Primitives, Version=8.0.0.0, Culture=neutral, PublicKeyToken=b03f5f7f11d50a3a".
             La ruta de acceso del archivo resuelta es "C:\Program Files\dotnet\packs\Microsoft.NETCore.App.Ref\8.0.14\ref\net8.0\System.ComponentModel.Primitives.dll".
             Se encontr├│ una referencia en la ubicaci├│n de ruta de acceso de b├║squeda "{RawFileName}".
             Esta referencia no es "CopyLocal" porque existe al menos un elemento de origen con "Private" establecido en "false" y ning├║n elemento de origen con "Private" establecido en "true".
         Referencia principal "System.ComponentModel.TypeConverter, Version=8.0.0.0, Culture=neutral, PublicKeyToken=b03f5f7f11d50a3a".
             La ruta de acceso del archivo resuelta es "C:\Program Files\dotnet\packs\Microsoft.NETCore.App.Ref\8.0.14\ref\net8.0\System.ComponentModel.TypeConverter.dll".
             Se encontr├│ una referencia en la ubicaci├│n de ruta de acceso de b├║squeda "{RawFileName}".
             Esta referencia no es "CopyLocal" porque existe al menos un elemento de origen con "Private" establecido en "false" y ning├║n elemento de origen con "Private" establecido en "true".
         Referencia principal "System.ComponentModel, Version=8.0.0.0, Culture=neutral, PublicKeyToken=b03f5f7f11d50a3a".
             La ruta de acceso del archivo resuelta es "C:\Program Files\dotnet\packs\Microsoft.NETCore.App.Ref\8.0.14\ref\net8.0\System.ComponentModel.dll".
             Se encontr├│ una referencia en la ubicaci├│n de ruta de acceso de b├║squeda "{RawFileName}".
             Esta referencia no es "CopyLocal" porque existe al menos un elemento de origen con "Private" establecido en "false" y ning├║n elemento de origen con "Private" establecido en "true".
         Referencia principal "System.Configuration, Version=4.0.0.0, Culture=neutral, PublicKeyToken=b03f5f7f11d50a3a".
             La ruta de acceso del archivo resuelta es "C:\Program Files\dotnet\packs\Microsoft.NETCore.App.Ref\8.0.14\ref\net8.0\System.Configuration.dll".
             Se encontr├│ una referencia en la ubicaci├│n de ruta de acceso de b├║squeda "{RawFileName}".
             Esta referencia no es "CopyLocal" porque existe al menos un elemento de origen con "Private" establecido en "false" y ning├║n elemento de origen con "Private" establecido en "true".
         Referencia principal "System.Console, Version=8.0.0.0, Culture=neutral, PublicKeyToken=b03f5f7f11d50a3a".
             La ruta de acceso del archivo resuelta es "C:\Program Files\dotnet\packs\Microsoft.NETCore.App.Ref\8.0.14\ref\net8.0\System.Console.dll".
             Se encontr├│ una referencia en la ubicaci├│n de ruta de acceso de b├║squeda "{RawFileName}".
             Esta referencia no es "CopyLocal" porque existe al menos un elemento de origen con "Private" establecido en "false" y ning├║n elemento de origen con "Private" establecido en "true".
         Referencia principal "System.Core, Version=4.0.0.0, Culture=neutral, PublicKeyToken=b77a5c561934e089".
             La ruta de acceso del archivo resuelta es "C:\Program Files\dotnet\packs\Microsoft.NETCore.App.Ref\8.0.14\ref\net8.0\System.Core.dll".
             Se encontr├│ una referencia en la ubicaci├│n de ruta de acceso de b├║squeda "{RawFileName}".
             Esta referencia no es "CopyLocal" porque existe al menos un elemento de origen con "Private" establecido en "false" y ning├║n elemento de origen con "Private" establecido en "true".
         Referencia principal "System.Data.Common, Version=8.0.0.0, Culture=neutral, PublicKeyToken=b03f5f7f11d50a3a".
             La ruta de acceso del archivo resuelta es "C:\Program Files\dotnet\packs\Microsoft.NETCore.App.Ref\8.0.14\ref\net8.0\System.Data.Common.dll".
             Se encontr├│ una referencia en la ubicaci├│n de ruta de acceso de b├║squeda "{RawFileName}".
             Esta referencia no es "CopyLocal" porque existe al menos un elemento de origen con "Private" establecido en "false" y ning├║n elemento de origen con "Private" establecido en "true".
         Referencia principal "System.Data.DataSetExtensions, Version=8.0.0.0, Culture=neutral, PublicKeyToken=b77a5c561934e089".
             La ruta de acceso del archivo resuelta es "C:\Program Files\dotnet\packs\Microsoft.NETCore.App.Ref\8.0.14\ref\net8.0\System.Data.DataSetExtensions.dll".
             Se encontr├│ una referencia en la ubicaci├│n de ruta de acceso de b├║squeda "{RawFileName}".
             Esta referencia no es "CopyLocal" porque existe al menos un elemento de origen con "Private" establecido en "false" y ning├║n elemento de origen con "Private" establecido en "true".
         Referencia principal "System.Data, Version=4.0.0.0, Culture=neutral, PublicKeyToken=b77a5c561934e089".
             La ruta de acceso del archivo resuelta es "C:\Program Files\dotnet\packs\Microsoft.NETCore.App.Ref\8.0.14\ref\net8.0\System.Data.dll".
             Se encontr├│ una referencia en la ubicaci├│n de ruta de acceso de b├║squeda "{RawFileName}".
             Esta referencia no es "CopyLocal" porque existe al menos un elemento de origen con "Private" establecido en "false" y ning├║n elemento de origen con "Private" establecido en "true".
         Referencia principal "System.Diagnostics.Contracts, Version=8.0.0.0, Culture=neutral, PublicKeyToken=b03f5f7f11d50a3a".
             La ruta de acceso del archivo resuelta es "C:\Program Files\dotnet\packs\Microsoft.NETCore.App.Ref\8.0.14\ref\net8.0\System.Diagnostics.Contracts.dll".
             Se encontr├│ una referencia en la ubicaci├│n de ruta de acceso de b├║squeda "{RawFileName}".
             Esta referencia no es "CopyLocal" porque existe al menos un elemento de origen con "Private" establecido en "false" y ning├║n elemento de origen con "Private" establecido en "true".
         Referencia principal "System.Diagnostics.Debug, Version=8.0.0.0, Culture=neutral, PublicKeyToken=b03f5f7f11d50a3a".
             La ruta de acceso del archivo resuelta es "C:\Program Files\dotnet\packs\Microsoft.NETCore.App.Ref\8.0.14\ref\net8.0\System.Diagnostics.Debug.dll".
             Se encontr├│ una referencia en la ubicaci├│n de ruta de acceso de b├║squeda "{RawFileName}".
             Esta referencia no es "CopyLocal" porque existe al menos un elemento de origen con "Private" establecido en "false" y ning├║n elemento de origen con "Private" establecido en "true".
         Referencia principal "System.Diagnostics.DiagnosticSource, Version=8.0.0.0, Culture=neutral, PublicKeyToken=cc7b13ffcd2ddd51".
             La ruta de acceso del archivo resuelta es "C:\Program Files\dotnet\packs\Microsoft.NETCore.App.Ref\8.0.14\ref\net8.0\System.Diagnostics.DiagnosticSource.dll".
             Se encontr├│ una referencia en la ubicaci├│n de ruta de acceso de b├║squeda "{RawFileName}".
             Esta referencia no es "CopyLocal" porque existe al menos un elemento de origen con "Private" establecido en "false" y ning├║n elemento de origen con "Private" establecido en "true".
         Referencia principal "System.Diagnostics.FileVersionInfo, Version=8.0.0.0, Culture=neutral, PublicKeyToken=b03f5f7f11d50a3a".
             La ruta de acceso del archivo resuelta es "C:\Program Files\dotnet\packs\Microsoft.NETCore.App.Ref\8.0.14\ref\net8.0\System.Diagnostics.FileVersionInfo.dll".
             Se encontr├│ una referencia en la ubicaci├│n de ruta de acceso de b├║squeda "{RawFileName}".
             Esta referencia no es "CopyLocal" porque existe al menos un elemento de origen con "Private" establecido en "false" y ning├║n elemento de origen con "Private" establecido en "true".
         Referencia principal "System.Diagnostics.Process, Version=8.0.0.0, Culture=neutral, PublicKeyToken=b03f5f7f11d50a3a".
             La ruta de acceso del archivo resuelta es "C:\Program Files\dotnet\packs\Microsoft.NETCore.App.Ref\8.0.14\ref\net8.0\System.Diagnostics.Process.dll".
             Se encontr├│ una referencia en la ubicaci├│n de ruta de acceso de b├║squeda "{RawFileName}".
             Esta referencia no es "CopyLocal" porque existe al menos un elemento de origen con "Private" establecido en "false" y ning├║n elemento de origen con "Private" establecido en "true".
         Referencia principal "System.Diagnostics.StackTrace, Version=8.0.0.0, Culture=neutral, PublicKeyToken=b03f5f7f11d50a3a".
             La ruta de acceso del archivo resuelta es "C:\Program Files\dotnet\packs\Microsoft.NETCore.App.Ref\8.0.14\ref\net8.0\System.Diagnostics.StackTrace.dll".
             Se encontr├│ una referencia en la ubicaci├│n de ruta de acceso de b├║squeda "{RawFileName}".
             Esta referencia no es "CopyLocal" porque existe al menos un elemento de origen con "Private" establecido en "false" y ning├║n elemento de origen con "Private" establecido en "true".
         Referencia principal "System.Diagnostics.TextWriterTraceListener, Version=8.0.0.0, Culture=neutral, PublicKeyToken=b03f5f7f11d50a3a".
             La ruta de acceso del archivo resuelta es "C:\Program Files\dotnet\packs\Microsoft.NETCore.App.Ref\8.0.14\ref\net8.0\System.Diagnostics.TextWriterTraceListener.dll".
             Se encontr├│ una referencia en la ubicaci├│n de ruta de acceso de b├║squeda "{RawFileName}".
             Esta referencia no es "CopyLocal" porque existe al menos un elemento de origen con "Private" establecido en "false" y ning├║n elemento de origen con "Private" establecido en "true".
         Referencia principal "System.Diagnostics.Tools, Version=8.0.0.0, Culture=neutral, PublicKeyToken=b03f5f7f11d50a3a".
             La ruta de acceso del archivo resuelta es "C:\Program Files\dotnet\packs\Microsoft.NETCore.App.Ref\8.0.14\ref\net8.0\System.Diagnostics.Tools.dll".
             Se encontr├│ una referencia en la ubicaci├│n de ruta de acceso de b├║squeda "{RawFileName}".
             Esta referencia no es "CopyLocal" porque existe al menos un elemento de origen con "Private" establecido en "false" y ning├║n elemento de origen con "Private" establecido en "true".
         Referencia principal "System.Diagnostics.TraceSource, Version=8.0.0.0, Culture=neutral, PublicKeyToken=b03f5f7f11d50a3a".
             La ruta de acceso del archivo resuelta es "C:\Program Files\dotnet\packs\Microsoft.NETCore.App.Ref\8.0.14\ref\net8.0\System.Diagnostics.TraceSource.dll".
             Se encontr├│ una referencia en la ubicaci├│n de ruta de acceso de b├║squeda "{RawFileName}".
             Esta referencia no es "CopyLocal" porque existe al menos un elemento de origen con "Private" establecido en "false" y ning├║n elemento de origen con "Private" establecido en "true".
         Referencia principal "System.Diagnostics.Tracing, Version=8.0.0.0, Culture=neutral, PublicKeyToken=b03f5f7f11d50a3a".
             La ruta de acceso del archivo resuelta es "C:\Program Files\dotnet\packs\Microsoft.NETCore.App.Ref\8.0.14\ref\net8.0\System.Diagnostics.Tracing.dll".
             Se encontr├│ una referencia en la ubicaci├│n de ruta de acceso de b├║squeda "{RawFileName}".
             Esta referencia no es "CopyLocal" porque existe al menos un elemento de origen con "Private" establecido en "false" y ning├║n elemento de origen con "Private" establecido en "true".
         Referencia principal "System.Drawing.Primitives, Version=8.0.0.0, Culture=neutral, PublicKeyToken=b03f5f7f11d50a3a".
             La ruta de acceso del archivo resuelta es "C:\Program Files\dotnet\packs\Microsoft.NETCore.App.Ref\8.0.14\ref\net8.0\System.Drawing.Primitives.dll".
             Se encontr├│ una referencia en la ubicaci├│n de ruta de acceso de b├║squeda "{RawFileName}".
             Esta referencia no es "CopyLocal" porque existe al menos un elemento de origen con "Private" establecido en "false" y ning├║n elemento de origen con "Private" establecido en "true".
         Referencia principal "System.Drawing, Version=4.0.0.0, Culture=neutral, PublicKeyToken=b03f5f7f11d50a3a".
             La ruta de acceso del archivo resuelta es "C:\Program Files\dotnet\packs\Microsoft.NETCore.App.Ref\8.0.14\ref\net8.0\System.Drawing.dll".
             Se encontr├│ una referencia en la ubicaci├│n de ruta de acceso de b├║squeda "{RawFileName}".
             Esta referencia no es "CopyLocal" porque existe al menos un elemento de origen con "Private" establecido en "false" y ning├║n elemento de origen con "Private" establecido en "true".
         Referencia principal "System.Dynamic.Runtime, Version=8.0.0.0, Culture=neutral, PublicKeyToken=b03f5f7f11d50a3a".
             La ruta de acceso del archivo resuelta es "C:\Program Files\dotnet\packs\Microsoft.NETCore.App.Ref\8.0.14\ref\net8.0\System.Dynamic.Runtime.dll".
             Se encontr├│ una referencia en la ubicaci├│n de ruta de acceso de b├║squeda "{RawFileName}".
             Esta referencia no es "CopyLocal" porque existe al menos un elemento de origen con "Private" establecido en "false" y ning├║n elemento de origen con "Private" establecido en "true".
         Referencia principal "System.Formats.Asn1, Version=8.0.0.0, Culture=neutral, PublicKeyToken=cc7b13ffcd2ddd51".
             La ruta de acceso del archivo resuelta es "C:\Program Files\dotnet\packs\Microsoft.NETCore.App.Ref\8.0.14\ref\net8.0\System.Formats.Asn1.dll".
             Se encontr├│ una referencia en la ubicaci├│n de ruta de acceso de b├║squeda "{RawFileName}".
             Esta referencia no es "CopyLocal" porque existe al menos un elemento de origen con "Private" establecido en "false" y ning├║n elemento de origen con "Private" establecido en "true".
         Referencia principal "System.Formats.Tar, Version=8.0.0.0, Culture=neutral, PublicKeyToken=cc7b13ffcd2ddd51".
             La ruta de acceso del archivo resuelta es "C:\Program Files\dotnet\packs\Microsoft.NETCore.App.Ref\8.0.14\ref\net8.0\System.Formats.Tar.dll".
             Se encontr├│ una referencia en la ubicaci├│n de ruta de acceso de b├║squeda "{RawFileName}".
             Esta referencia no es "CopyLocal" porque existe al menos un elemento de origen con "Private" establecido en "false" y ning├║n elemento de origen con "Private" establecido en "true".
         Referencia principal "System.Globalization.Calendars, Version=8.0.0.0, Culture=neutral, PublicKeyToken=b03f5f7f11d50a3a".
             La ruta de acceso del archivo resuelta es "C:\Program Files\dotnet\packs\Microsoft.NETCore.App.Ref\8.0.14\ref\net8.0\System.Globalization.Calendars.dll".
             Se encontr├│ una referencia en la ubicaci├│n de ruta de acceso de b├║squeda "{RawFileName}".
             Esta referencia no es "CopyLocal" porque existe al menos un elemento de origen con "Private" establecido en "false" y ning├║n elemento de origen con "Private" establecido en "true".
         Referencia principal "System.Globalization.Extensions, Version=8.0.0.0, Culture=neutral, PublicKeyToken=b03f5f7f11d50a3a".
             La ruta de acceso del archivo resuelta es "C:\Program Files\dotnet\packs\Microsoft.NETCore.App.Ref\8.0.14\ref\net8.0\System.Globalization.Extensions.dll".
             Se encontr├│ una referencia en la ubicaci├│n de ruta de acceso de b├║squeda "{RawFileName}".
             Esta referencia no es "CopyLocal" porque existe al menos un elemento de origen con "Private" establecido en "false" y ning├║n elemento de origen con "Private" establecido en "true".
         Referencia principal "System.Globalization, Version=8.0.0.0, Culture=neutral, PublicKeyToken=b03f5f7f11d50a3a".
             La ruta de acceso del archivo resuelta es "C:\Program Files\dotnet\packs\Microsoft.NETCore.App.Ref\8.0.14\ref\net8.0\System.Globalization.dll".
             Se encontr├│ una referencia en la ubicaci├│n de ruta de acceso de b├║squeda "{RawFileName}".
             Esta referencia no es "CopyLocal" porque existe al menos un elemento de origen con "Private" establecido en "false" y ning├║n elemento de origen con "Private" establecido en "true".
         Referencia principal "System.IO.Compression.Brotli, Version=8.0.0.0, Culture=neutral, PublicKeyToken=b77a5c561934e089".
             La ruta de acceso del archivo resuelta es "C:\Program Files\dotnet\packs\Microsoft.NETCore.App.Ref\8.0.14\ref\net8.0\System.IO.Compression.Brotli.dll".
             Se encontr├│ una referencia en la ubicaci├│n de ruta de acceso de b├║squeda "{RawFileName}".
             Esta referencia no es "CopyLocal" porque existe al menos un elemento de origen con "Private" establecido en "false" y ning├║n elemento de origen con "Private" establecido en "true".
         Referencia principal "System.IO.Compression.FileSystem, Version=4.0.0.0, Culture=neutral, PublicKeyToken=b77a5c561934e089".
             La ruta de acceso del archivo resuelta es "C:\Program Files\dotnet\packs\Microsoft.NETCore.App.Ref\8.0.14\ref\net8.0\System.IO.Compression.FileSystem.dll".
             Se encontr├│ una referencia en la ubicaci├│n de ruta de acceso de b├║squeda "{RawFileName}".
             Esta referencia no es "CopyLocal" porque existe al menos un elemento de origen con "Private" establecido en "false" y ning├║n elemento de origen con "Private" establecido en "true".
         Referencia principal "System.IO.Compression.ZipFile, Version=8.0.0.0, Culture=neutral, PublicKeyToken=b77a5c561934e089".
             La ruta de acceso del archivo resuelta es "C:\Program Files\dotnet\packs\Microsoft.NETCore.App.Ref\8.0.14\ref\net8.0\System.IO.Compression.ZipFile.dll".
             Se encontr├│ una referencia en la ubicaci├│n de ruta de acceso de b├║squeda "{RawFileName}".
             Esta referencia no es "CopyLocal" porque existe al menos un elemento de origen con "Private" establecido en "false" y ning├║n elemento de origen con "Private" establecido en "true".
         Referencia principal "System.IO.Compression, Version=8.0.0.0, Culture=neutral, PublicKeyToken=b77a5c561934e089".
             La ruta de acceso del archivo resuelta es "C:\Program Files\dotnet\packs\Microsoft.NETCore.App.Ref\8.0.14\ref\net8.0\System.IO.Compression.dll".
             Se encontr├│ una referencia en la ubicaci├│n de ruta de acceso de b├║squeda "{RawFileName}".
             Esta referencia no es "CopyLocal" porque existe al menos un elemento de origen con "Private" establecido en "false" y ning├║n elemento de origen con "Private" establecido en "true".
         Referencia principal "System.IO.FileSystem.AccessControl, Version=8.0.0.0, Culture=neutral, PublicKeyToken=b03f5f7f11d50a3a".
             La ruta de acceso del archivo resuelta es "C:\Program Files\dotnet\packs\Microsoft.NETCore.App.Ref\8.0.14\ref\net8.0\System.IO.FileSystem.AccessControl.dll".
             Se encontr├│ una referencia en la ubicaci├│n de ruta de acceso de b├║squeda "{RawFileName}".
             Esta referencia no es "CopyLocal" porque existe al menos un elemento de origen con "Private" establecido en "false" y ning├║n elemento de origen con "Private" establecido en "true".
         Referencia principal "System.IO.FileSystem.DriveInfo, Version=8.0.0.0, Culture=neutral, PublicKeyToken=b03f5f7f11d50a3a".
             La ruta de acceso del archivo resuelta es "C:\Program Files\dotnet\packs\Microsoft.NETCore.App.Ref\8.0.14\ref\net8.0\System.IO.FileSystem.DriveInfo.dll".
             Se encontr├│ una referencia en la ubicaci├│n de ruta de acceso de b├║squeda "{RawFileName}".
             Esta referencia no es "CopyLocal" porque existe al menos un elemento de origen con "Private" establecido en "false" y ning├║n elemento de origen con "Private" establecido en "true".
         Referencia principal "System.IO.FileSystem.Primitives, Version=8.0.0.0, Culture=neutral, PublicKeyToken=b03f5f7f11d50a3a".
             La ruta de acceso del archivo resuelta es "C:\Program Files\dotnet\packs\Microsoft.NETCore.App.Ref\8.0.14\ref\net8.0\System.IO.FileSystem.Primitives.dll".
             Se encontr├│ una referencia en la ubicaci├│n de ruta de acceso de b├║squeda "{RawFileName}".
             Esta referencia no es "CopyLocal" porque existe al menos un elemento de origen con "Private" establecido en "false" y ning├║n elemento de origen con "Private" establecido en "true".
         Referencia principal "System.IO.FileSystem.Watcher, Version=8.0.0.0, Culture=neutral, PublicKeyToken=b03f5f7f11d50a3a".
             La ruta de acceso del archivo resuelta es "C:\Program Files\dotnet\packs\Microsoft.NETCore.App.Ref\8.0.14\ref\net8.0\System.IO.FileSystem.Watcher.dll".
             Se encontr├│ una referencia en la ubicaci├│n de ruta de acceso de b├║squeda "{RawFileName}".
             Esta referencia no es "CopyLocal" porque existe al menos un elemento de origen con "Private" establecido en "false" y ning├║n elemento de origen con "Private" establecido en "true".
         Referencia principal "System.IO.FileSystem, Version=8.0.0.0, Culture=neutral, PublicKeyToken=b03f5f7f11d50a3a".
             La ruta de acceso del archivo resuelta es "C:\Program Files\dotnet\packs\Microsoft.NETCore.App.Ref\8.0.14\ref\net8.0\System.IO.FileSystem.dll".
             Se encontr├│ una referencia en la ubicaci├│n de ruta de acceso de b├║squeda "{RawFileName}".
             Esta referencia no es "CopyLocal" porque existe al menos un elemento de origen con "Private" establecido en "false" y ning├║n elemento de origen con "Private" establecido en "true".
         Referencia principal "System.IO.IsolatedStorage, Version=8.0.0.0, Culture=neutral, PublicKeyToken=b03f5f7f11d50a3a".
             La ruta de acceso del archivo resuelta es "C:\Program Files\dotnet\packs\Microsoft.NETCore.App.Ref\8.0.14\ref\net8.0\System.IO.IsolatedStorage.dll".
             Se encontr├│ una referencia en la ubicaci├│n de ruta de acceso de b├║squeda "{RawFileName}".
             Esta referencia no es "CopyLocal" porque existe al menos un elemento de origen con "Private" establecido en "false" y ning├║n elemento de origen con "Private" establecido en "true".
         Referencia principal "System.IO.MemoryMappedFiles, Version=8.0.0.0, Culture=neutral, PublicKeyToken=b03f5f7f11d50a3a".
             La ruta de acceso del archivo resuelta es "C:\Program Files\dotnet\packs\Microsoft.NETCore.App.Ref\8.0.14\ref\net8.0\System.IO.MemoryMappedFiles.dll".
             Se encontr├│ una referencia en la ubicaci├│n de ruta de acceso de b├║squeda "{RawFileName}".
             Esta referencia no es "CopyLocal" porque existe al menos un elemento de origen con "Private" establecido en "false" y ning├║n elemento de origen con "Private" establecido en "true".
         Referencia principal "System.IO.Pipes.AccessControl, Version=8.0.0.0, Culture=neutral, PublicKeyToken=b03f5f7f11d50a3a".
             La ruta de acceso del archivo resuelta es "C:\Program Files\dotnet\packs\Microsoft.NETCore.App.Ref\8.0.14\ref\net8.0\System.IO.Pipes.AccessControl.dll".
             Se encontr├│ una referencia en la ubicaci├│n de ruta de acceso de b├║squeda "{RawFileName}".
             Esta referencia no es "CopyLocal" porque existe al menos un elemento de origen con "Private" establecido en "false" y ning├║n elemento de origen con "Private" establecido en "true".
         Referencia principal "System.IO.Pipes, Version=8.0.0.0, Culture=neutral, PublicKeyToken=b03f5f7f11d50a3a".
             La ruta de acceso del archivo resuelta es "C:\Program Files\dotnet\packs\Microsoft.NETCore.App.Ref\8.0.14\ref\net8.0\System.IO.Pipes.dll".
             Se encontr├│ una referencia en la ubicaci├│n de ruta de acceso de b├║squeda "{RawFileName}".
             Esta referencia no es "CopyLocal" porque existe al menos un elemento de origen con "Private" establecido en "false" y ning├║n elemento de origen con "Private" establecido en "true".
         Referencia principal "System.IO.UnmanagedMemoryStream, Version=8.0.0.0, Culture=neutral, PublicKeyToken=b03f5f7f11d50a3a".
             La ruta de acceso del archivo resuelta es "C:\Program Files\dotnet\packs\Microsoft.NETCore.App.Ref\8.0.14\ref\net8.0\System.IO.UnmanagedMemoryStream.dll".
             Se encontr├│ una referencia en la ubicaci├│n de ruta de acceso de b├║squeda "{RawFileName}".
             Esta referencia no es "CopyLocal" porque existe al menos un elemento de origen con "Private" establecido en "false" y ning├║n elemento de origen con "Private" establecido en "true".
         Referencia principal "System.IO, Version=8.0.0.0, Culture=neutral, PublicKeyToken=b03f5f7f11d50a3a".
             La ruta de acceso del archivo resuelta es "C:\Program Files\dotnet\packs\Microsoft.NETCore.App.Ref\8.0.14\ref\net8.0\System.IO.dll".
             Se encontr├│ una referencia en la ubicaci├│n de ruta de acceso de b├║squeda "{RawFileName}".
             Esta referencia no es "CopyLocal" porque existe al menos un elemento de origen con "Private" establecido en "false" y ning├║n elemento de origen con "Private" establecido en "true".
         Referencia principal "System.Linq.Expressions, Version=8.0.0.0, Culture=neutral, PublicKeyToken=b03f5f7f11d50a3a".
             La ruta de acceso del archivo resuelta es "C:\Program Files\dotnet\packs\Microsoft.NETCore.App.Ref\8.0.14\ref\net8.0\System.Linq.Expressions.dll".
             Se encontr├│ una referencia en la ubicaci├│n de ruta de acceso de b├║squeda "{RawFileName}".
             Esta referencia no es "CopyLocal" porque existe al menos un elemento de origen con "Private" establecido en "false" y ning├║n elemento de origen con "Private" establecido en "true".
         Referencia principal "System.Linq.Parallel, Version=8.0.0.0, Culture=neutral, PublicKeyToken=b03f5f7f11d50a3a".
             La ruta de acceso del archivo resuelta es "C:\Program Files\dotnet\packs\Microsoft.NETCore.App.Ref\8.0.14\ref\net8.0\System.Linq.Parallel.dll".
             Se encontr├│ una referencia en la ubicaci├│n de ruta de acceso de b├║squeda "{RawFileName}".
             Esta referencia no es "CopyLocal" porque existe al menos un elemento de origen con "Private" establecido en "false" y ning├║n elemento de origen con "Private" establecido en "true".
         Referencia principal "System.Linq.Queryable, Version=8.0.0.0, Culture=neutral, PublicKeyToken=b03f5f7f11d50a3a".
             La ruta de acceso del archivo resuelta es "C:\Program Files\dotnet\packs\Microsoft.NETCore.App.Ref\8.0.14\ref\net8.0\System.Linq.Queryable.dll".
             Se encontr├│ una referencia en la ubicaci├│n de ruta de acceso de b├║squeda "{RawFileName}".
             Esta referencia no es "CopyLocal" porque existe al menos un elemento de origen con "Private" establecido en "false" y ning├║n elemento de origen con "Private" establecido en "true".
         Referencia principal "System.Linq, Version=8.0.0.0, Culture=neutral, PublicKeyToken=b03f5f7f11d50a3a".
             La ruta de acceso del archivo resuelta es "C:\Program Files\dotnet\packs\Microsoft.NETCore.App.Ref\8.0.14\ref\net8.0\System.Linq.dll".
             Se encontr├│ una referencia en la ubicaci├│n de ruta de acceso de b├║squeda "{RawFileName}".
             Esta referencia no es "CopyLocal" porque existe al menos un elemento de origen con "Private" establecido en "false" y ning├║n elemento de origen con "Private" establecido en "true".
         Referencia principal "System.Memory, Version=8.0.0.0, Culture=neutral, PublicKeyToken=cc7b13ffcd2ddd51".
             La ruta de acceso del archivo resuelta es "C:\Program Files\dotnet\packs\Microsoft.NETCore.App.Ref\8.0.14\ref\net8.0\System.Memory.dll".
             Se encontr├│ una referencia en la ubicaci├│n de ruta de acceso de b├║squeda "{RawFileName}".
             Esta referencia no es "CopyLocal" porque existe al menos un elemento de origen con "Private" establecido en "false" y ning├║n elemento de origen con "Private" establecido en "true".
         Referencia principal "System.Net.Http.Json, Version=8.0.0.0, Culture=neutral, PublicKeyToken=cc7b13ffcd2ddd51".
             La ruta de acceso del archivo resuelta es "C:\Program Files\dotnet\packs\Microsoft.NETCore.App.Ref\8.0.14\ref\net8.0\System.Net.Http.Json.dll".
             Se encontr├│ una referencia en la ubicaci├│n de ruta de acceso de b├║squeda "{RawFileName}".
             Esta referencia no es "CopyLocal" porque existe al menos un elemento de origen con "Private" establecido en "false" y ning├║n elemento de origen con "Private" establecido en "true".
         Referencia principal "System.Net.Http, Version=8.0.0.0, Culture=neutral, PublicKeyToken=b03f5f7f11d50a3a".
             La ruta de acceso del archivo resuelta es "C:\Program Files\dotnet\packs\Microsoft.NETCore.App.Ref\8.0.14\ref\net8.0\System.Net.Http.dll".
             Se encontr├│ una referencia en la ubicaci├│n de ruta de acceso de b├║squeda "{RawFileName}".
             Esta referencia no es "CopyLocal" porque existe al menos un elemento de origen con "Private" establecido en "false" y ning├║n elemento de origen con "Private" establecido en "true".
         Referencia principal "System.Net.HttpListener, Version=8.0.0.0, Culture=neutral, PublicKeyToken=cc7b13ffcd2ddd51".
             La ruta de acceso del archivo resuelta es "C:\Program Files\dotnet\packs\Microsoft.NETCore.App.Ref\8.0.14\ref\net8.0\System.Net.HttpListener.dll".
             Se encontr├│ una referencia en la ubicaci├│n de ruta de acceso de b├║squeda "{RawFileName}".
             Esta referencia no es "CopyLocal" porque existe al menos un elemento de origen con "Private" establecido en "false" y ning├║n elemento de origen con "Private" establecido en "true".
         Referencia principal "System.Net.Mail, Version=8.0.0.0, Culture=neutral, PublicKeyToken=cc7b13ffcd2ddd51".
             La ruta de acceso del archivo resuelta es "C:\Program Files\dotnet\packs\Microsoft.NETCore.App.Ref\8.0.14\ref\net8.0\System.Net.Mail.dll".
             Se encontr├│ una referencia en la ubicaci├│n de ruta de acceso de b├║squeda "{RawFileName}".
             Esta referencia no es "CopyLocal" porque existe al menos un elemento de origen con "Private" establecido en "false" y ning├║n elemento de origen con "Private" establecido en "true".
         Referencia principal "System.Net.NameResolution, Version=8.0.0.0, Culture=neutral, PublicKeyToken=b03f5f7f11d50a3a".
             La ruta de acceso del archivo resuelta es "C:\Program Files\dotnet\packs\Microsoft.NETCore.App.Ref\8.0.14\ref\net8.0\System.Net.NameResolution.dll".
             Se encontr├│ una referencia en la ubicaci├│n de ruta de acceso de b├║squeda "{RawFileName}".
             Esta referencia no es "CopyLocal" porque existe al menos un elemento de origen con "Private" establecido en "false" y ning├║n elemento de origen con "Private" establecido en "true".
         Referencia principal "System.Net.NetworkInformation, Version=8.0.0.0, Culture=neutral, PublicKeyToken=b03f5f7f11d50a3a".
             La ruta de acceso del archivo resuelta es "C:\Program Files\dotnet\packs\Microsoft.NETCore.App.Ref\8.0.14\ref\net8.0\System.Net.NetworkInformation.dll".
             Se encontr├│ una referencia en la ubicaci├│n de ruta de acceso de b├║squeda "{RawFileName}".
             Esta referencia no es "CopyLocal" porque existe al menos un elemento de origen con "Private" establecido en "false" y ning├║n elemento de origen con "Private" establecido en "true".
         Referencia principal "System.Net.Ping, Version=8.0.0.0, Culture=neutral, PublicKeyToken=b03f5f7f11d50a3a".
             La ruta de acceso del archivo resuelta es "C:\Program Files\dotnet\packs\Microsoft.NETCore.App.Ref\8.0.14\ref\net8.0\System.Net.Ping.dll".
             Se encontr├│ una referencia en la ubicaci├│n de ruta de acceso de b├║squeda "{RawFileName}".
             Esta referencia no es "CopyLocal" porque existe al menos un elemento de origen con "Private" establecido en "false" y ning├║n elemento de origen con "Private" establecido en "true".
         Referencia principal "System.Net.Primitives, Version=8.0.0.0, Culture=neutral, PublicKeyToken=b03f5f7f11d50a3a".
             La ruta de acceso del archivo resuelta es "C:\Program Files\dotnet\packs\Microsoft.NETCore.App.Ref\8.0.14\ref\net8.0\System.Net.Primitives.dll".
             Se encontr├│ una referencia en la ubicaci├│n de ruta de acceso de b├║squeda "{RawFileName}".
             Esta referencia no es "CopyLocal" porque existe al menos un elemento de origen con "Private" establecido en "false" y ning├║n elemento de origen con "Private" establecido en "true".
         Referencia principal "System.Net.Quic, Version=8.0.0.0, Culture=neutral, PublicKeyToken=b03f5f7f11d50a3a".
             La ruta de acceso del archivo resuelta es "C:\Program Files\dotnet\packs\Microsoft.NETCore.App.Ref\8.0.14\ref\net8.0\System.Net.Quic.dll".
             Se encontr├│ una referencia en la ubicaci├│n de ruta de acceso de b├║squeda "{RawFileName}".
             Esta referencia no es "CopyLocal" porque existe al menos un elemento de origen con "Private" establecido en "false" y ning├║n elemento de origen con "Private" establecido en "true".
         Referencia principal "System.Net.Requests, Version=8.0.0.0, Culture=neutral, PublicKeyToken=b03f5f7f11d50a3a".
             La ruta de acceso del archivo resuelta es "C:\Program Files\dotnet\packs\Microsoft.NETCore.App.Ref\8.0.14\ref\net8.0\System.Net.Requests.dll".
             Se encontr├│ una referencia en la ubicaci├│n de ruta de acceso de b├║squeda "{RawFileName}".
             Esta referencia no es "CopyLocal" porque existe al menos un elemento de origen con "Private" establecido en "false" y ning├║n elemento de origen con "Private" establecido en "true".
         Referencia principal "System.Net.Security, Version=8.0.0.0, Culture=neutral, PublicKeyToken=b03f5f7f11d50a3a".
             La ruta de acceso del archivo resuelta es "C:\Program Files\dotnet\packs\Microsoft.NETCore.App.Ref\8.0.14\ref\net8.0\System.Net.Security.dll".
             Se encontr├│ una referencia en la ubicaci├│n de ruta de acceso de b├║squeda "{RawFileName}".
             Esta referencia no es "CopyLocal" porque existe al menos un elemento de origen con "Private" establecido en "false" y ning├║n elemento de origen con "Private" establecido en "true".
         Referencia principal "System.Net.ServicePoint, Version=8.0.0.0, Culture=neutral, PublicKeyToken=cc7b13ffcd2ddd51".
             La ruta de acceso del archivo resuelta es "C:\Program Files\dotnet\packs\Microsoft.NETCore.App.Ref\8.0.14\ref\net8.0\System.Net.ServicePoint.dll".
             Se encontr├│ una referencia en la ubicaci├│n de ruta de acceso de b├║squeda "{RawFileName}".
             Esta referencia no es "CopyLocal" porque existe al menos un elemento de origen con "Private" establecido en "false" y ning├║n elemento de origen con "Private" establecido en "true".
         Referencia principal "System.Net.Sockets, Version=8.0.0.0, Culture=neutral, PublicKeyToken=b03f5f7f11d50a3a".
             La ruta de acceso del archivo resuelta es "C:\Program Files\dotnet\packs\Microsoft.NETCore.App.Ref\8.0.14\ref\net8.0\System.Net.Sockets.dll".
             Se encontr├│ una referencia en la ubicaci├│n de ruta de acceso de b├║squeda "{RawFileName}".
             Esta referencia no es "CopyLocal" porque existe al menos un elemento de origen con "Private" establecido en "false" y ning├║n elemento de origen con "Private" establecido en "true".
         Referencia principal "System.Net.WebClient, Version=8.0.0.0, Culture=neutral, PublicKeyToken=cc7b13ffcd2ddd51".
             La ruta de acceso del archivo resuelta es "C:\Program Files\dotnet\packs\Microsoft.NETCore.App.Ref\8.0.14\ref\net8.0\System.Net.WebClient.dll".
             Se encontr├│ una referencia en la ubicaci├│n de ruta de acceso de b├║squeda "{RawFileName}".
             Esta referencia no es "CopyLocal" porque existe al menos un elemento de origen con "Private" establecido en "false" y ning├║n elemento de origen con "Private" establecido en "true".
         Referencia principal "System.Net.WebHeaderCollection, Version=8.0.0.0, Culture=neutral, PublicKeyToken=b03f5f7f11d50a3a".
             La ruta de acceso del archivo resuelta es "C:\Program Files\dotnet\packs\Microsoft.NETCore.App.Ref\8.0.14\ref\net8.0\System.Net.WebHeaderCollection.dll".
             Se encontr├│ una referencia en la ubicaci├│n de ruta de acceso de b├║squeda "{RawFileName}".
             Esta referencia no es "CopyLocal" porque existe al menos un elemento de origen con "Private" establecido en "false" y ning├║n elemento de origen con "Private" establecido en "true".
         Referencia principal "System.Net.WebProxy, Version=8.0.0.0, Culture=neutral, PublicKeyToken=cc7b13ffcd2ddd51".
             La ruta de acceso del archivo resuelta es "C:\Program Files\dotnet\packs\Microsoft.NETCore.App.Ref\8.0.14\ref\net8.0\System.Net.WebProxy.dll".
             Se encontr├│ una referencia en la ubicaci├│n de ruta de acceso de b├║squeda "{RawFileName}".
             Esta referencia no es "CopyLocal" porque existe al menos un elemento de origen con "Private" establecido en "false" y ning├║n elemento de origen con "Private" establecido en "true".
         Referencia principal "System.Net.WebSockets.Client, Version=8.0.0.0, Culture=neutral, PublicKeyToken=b03f5f7f11d50a3a".
             La ruta de acceso del archivo resuelta es "C:\Program Files\dotnet\packs\Microsoft.NETCore.App.Ref\8.0.14\ref\net8.0\System.Net.WebSockets.Client.dll".
             Se encontr├│ una referencia en la ubicaci├│n de ruta de acceso de b├║squeda "{RawFileName}".
             Esta referencia no es "CopyLocal" porque existe al menos un elemento de origen con "Private" establecido en "false" y ning├║n elemento de origen con "Private" establecido en "true".
         Referencia principal "System.Net.WebSockets, Version=8.0.0.0, Culture=neutral, PublicKeyToken=b03f5f7f11d50a3a".
             La ruta de acceso del archivo resuelta es "C:\Program Files\dotnet\packs\Microsoft.NETCore.App.Ref\8.0.14\ref\net8.0\System.Net.WebSockets.dll".
             Se encontr├│ una referencia en la ubicaci├│n de ruta de acceso de b├║squeda "{RawFileName}".
             Esta referencia no es "CopyLocal" porque existe al menos un elemento de origen con "Private" establecido en "false" y ning├║n elemento de origen con "Private" establecido en "true".
         Referencia principal "System.Net, Version=4.0.0.0, Culture=neutral, PublicKeyToken=b03f5f7f11d50a3a".
             La ruta de acceso del archivo resuelta es "C:\Program Files\dotnet\packs\Microsoft.NETCore.App.Ref\8.0.14\ref\net8.0\System.Net.dll".
             Se encontr├│ una referencia en la ubicaci├│n de ruta de acceso de b├║squeda "{RawFileName}".
             Esta referencia no es "CopyLocal" porque existe al menos un elemento de origen con "Private" establecido en "false" y ning├║n elemento de origen con "Private" establecido en "true".
         Referencia principal "System.Numerics.Vectors, Version=8.0.0.0, Culture=neutral, PublicKeyToken=b03f5f7f11d50a3a".
             La ruta de acceso del archivo resuelta es "C:\Program Files\dotnet\packs\Microsoft.NETCore.App.Ref\8.0.14\ref\net8.0\System.Numerics.Vectors.dll".
             Se encontr├│ una referencia en la ubicaci├│n de ruta de acceso de b├║squeda "{RawFileName}".
             Esta referencia no es "CopyLocal" porque existe al menos un elemento de origen con "Private" establecido en "false" y ning├║n elemento de origen con "Private" establecido en "true".
         Referencia principal "System.Numerics, Version=4.0.0.0, Culture=neutral, PublicKeyToken=b77a5c561934e089".
             La ruta de acceso del archivo resuelta es "C:\Program Files\dotnet\packs\Microsoft.NETCore.App.Ref\8.0.14\ref\net8.0\System.Numerics.dll".
             Se encontr├│ una referencia en la ubicaci├│n de ruta de acceso de b├║squeda "{RawFileName}".
             Esta referencia no es "CopyLocal" porque existe al menos un elemento de origen con "Private" establecido en "false" y ning├║n elemento de origen con "Private" establecido en "true".
         Referencia principal "System.ObjectModel, Version=8.0.0.0, Culture=neutral, PublicKeyToken=b03f5f7f11d50a3a".
             La ruta de acceso del archivo resuelta es "C:\Program Files\dotnet\packs\Microsoft.NETCore.App.Ref\8.0.14\ref\net8.0\System.ObjectModel.dll".
             Se encontr├│ una referencia en la ubicaci├│n de ruta de acceso de b├║squeda "{RawFileName}".
             Esta referencia no es "CopyLocal" porque existe al menos un elemento de origen con "Private" establecido en "false" y ning├║n elemento de origen con "Private" establecido en "true".
         Referencia principal "System.Reflection.DispatchProxy, Version=8.0.0.0, Culture=neutral, PublicKeyToken=b03f5f7f11d50a3a".
             La ruta de acceso del archivo resuelta es "C:\Program Files\dotnet\packs\Microsoft.NETCore.App.Ref\8.0.14\ref\net8.0\System.Reflection.DispatchProxy.dll".
             Se encontr├│ una referencia en la ubicaci├│n de ruta de acceso de b├║squeda "{RawFileName}".
             Esta referencia no es "CopyLocal" porque existe al menos un elemento de origen con "Private" establecido en "false" y ning├║n elemento de origen con "Private" establecido en "true".
         Referencia principal "System.Reflection.Emit.ILGeneration, Version=8.0.0.0, Culture=neutral, PublicKeyToken=b03f5f7f11d50a3a".
             La ruta de acceso del archivo resuelta es "C:\Program Files\dotnet\packs\Microsoft.NETCore.App.Ref\8.0.14\ref\net8.0\System.Reflection.Emit.ILGeneration.dll".
             Se encontr├│ una referencia en la ubicaci├│n de ruta de acceso de b├║squeda "{RawFileName}".
             Esta referencia no es "CopyLocal" porque existe al menos un elemento de origen con "Private" establecido en "false" y ning├║n elemento de origen con "Private" establecido en "true".
         Referencia principal "System.Reflection.Emit.Lightweight, Version=8.0.0.0, Culture=neutral, PublicKeyToken=b03f5f7f11d50a3a".
             La ruta de acceso del archivo resuelta es "C:\Program Files\dotnet\packs\Microsoft.NETCore.App.Ref\8.0.14\ref\net8.0\System.Reflection.Emit.Lightweight.dll".
             Se encontr├│ una referencia en la ubicaci├│n de ruta de acceso de b├║squeda "{RawFileName}".
             Esta referencia no es "CopyLocal" porque existe al menos un elemento de origen con "Private" establecido en "false" y ning├║n elemento de origen con "Private" establecido en "true".
         Referencia principal "System.Reflection.Emit, Version=8.0.0.0, Culture=neutral, PublicKeyToken=b03f5f7f11d50a3a".
             La ruta de acceso del archivo resuelta es "C:\Program Files\dotnet\packs\Microsoft.NETCore.App.Ref\8.0.14\ref\net8.0\System.Reflection.Emit.dll".
             Se encontr├│ una referencia en la ubicaci├│n de ruta de acceso de b├║squeda "{RawFileName}".
             Esta referencia no es "CopyLocal" porque existe al menos un elemento de origen con "Private" establecido en "false" y ning├║n elemento de origen con "Private" establecido en "true".
         Referencia principal "System.Reflection.Extensions, Version=8.0.0.0, Culture=neutral, PublicKeyToken=b03f5f7f11d50a3a".
             La ruta de acceso del archivo resuelta es "C:\Program Files\dotnet\packs\Microsoft.NETCore.App.Ref\8.0.14\ref\net8.0\System.Reflection.Extensions.dll".
             Se encontr├│ una referencia en la ubicaci├│n de ruta de acceso de b├║squeda "{RawFileName}".
             Esta referencia no es "CopyLocal" porque existe al menos un elemento de origen con "Private" establecido en "false" y ning├║n elemento de origen con "Private" establecido en "true".
         Referencia principal "System.Reflection.Metadata, Version=8.0.0.0, Culture=neutral, PublicKeyToken=b03f5f7f11d50a3a".
             La ruta de acceso del archivo resuelta es "C:\Program Files\dotnet\packs\Microsoft.NETCore.App.Ref\8.0.14\ref\net8.0\System.Reflection.Metadata.dll".
             Se encontr├│ una referencia en la ubicaci├│n de ruta de acceso de b├║squeda "{RawFileName}".
             Esta referencia no es "CopyLocal" porque existe al menos un elemento de origen con "Private" establecido en "false" y ning├║n elemento de origen con "Private" establecido en "true".
         Referencia principal "System.Reflection.Primitives, Version=8.0.0.0, Culture=neutral, PublicKeyToken=b03f5f7f11d50a3a".
             La ruta de acceso del archivo resuelta es "C:\Program Files\dotnet\packs\Microsoft.NETCore.App.Ref\8.0.14\ref\net8.0\System.Reflection.Primitives.dll".
             Se encontr├│ una referencia en la ubicaci├│n de ruta de acceso de b├║squeda "{RawFileName}".
             Esta referencia no es "CopyLocal" porque existe al menos un elemento de origen con "Private" establecido en "false" y ning├║n elemento de origen con "Private" establecido en "true".
         Referencia principal "System.Reflection.TypeExtensions, Version=8.0.0.0, Culture=neutral, PublicKeyToken=b03f5f7f11d50a3a".
             La ruta de acceso del archivo resuelta es "C:\Program Files\dotnet\packs\Microsoft.NETCore.App.Ref\8.0.14\ref\net8.0\System.Reflection.TypeExtensions.dll".
             Se encontr├│ una referencia en la ubicaci├│n de ruta de acceso de b├║squeda "{RawFileName}".
             Esta referencia no es "CopyLocal" porque existe al menos un elemento de origen con "Private" establecido en "false" y ning├║n elemento de origen con "Private" establecido en "true".
         Referencia principal "System.Reflection, Version=8.0.0.0, Culture=neutral, PublicKeyToken=b03f5f7f11d50a3a".
             La ruta de acceso del archivo resuelta es "C:\Program Files\dotnet\packs\Microsoft.NETCore.App.Ref\8.0.14\ref\net8.0\System.Reflection.dll".
             Se encontr├│ una referencia en la ubicaci├│n de ruta de acceso de b├║squeda "{RawFileName}".
             Esta referencia no es "CopyLocal" porque existe al menos un elemento de origen con "Private" establecido en "false" y ning├║n elemento de origen con "Private" establecido en "true".
         Referencia principal "System.Resources.Reader, Version=8.0.0.0, Culture=neutral, PublicKeyToken=b03f5f7f11d50a3a".
             La ruta de acceso del archivo resuelta es "C:\Program Files\dotnet\packs\Microsoft.NETCore.App.Ref\8.0.14\ref\net8.0\System.Resources.Reader.dll".
             Se encontr├│ una referencia en la ubicaci├│n de ruta de acceso de b├║squeda "{RawFileName}".
             Esta referencia no es "CopyLocal" porque existe al menos un elemento de origen con "Private" establecido en "false" y ning├║n elemento de origen con "Private" establecido en "true".
         Referencia principal "System.Resources.ResourceManager, Version=8.0.0.0, Culture=neutral, PublicKeyToken=b03f5f7f11d50a3a".
             La ruta de acceso del archivo resuelta es "C:\Program Files\dotnet\packs\Microsoft.NETCore.App.Ref\8.0.14\ref\net8.0\System.Resources.ResourceManager.dll".
             Se encontr├│ una referencia en la ubicaci├│n de ruta de acceso de b├║squeda "{RawFileName}".
             Esta referencia no es "CopyLocal" porque existe al menos un elemento de origen con "Private" establecido en "false" y ning├║n elemento de origen con "Private" establecido en "true".
         Referencia principal "System.Resources.Writer, Version=8.0.0.0, Culture=neutral, PublicKeyToken=b03f5f7f11d50a3a".
             La ruta de acceso del archivo resuelta es "C:\Program Files\dotnet\packs\Microsoft.NETCore.App.Ref\8.0.14\ref\net8.0\System.Resources.Writer.dll".
             Se encontr├│ una referencia en la ubicaci├│n de ruta de acceso de b├║squeda "{RawFileName}".
             Esta referencia no es "CopyLocal" porque existe al menos un elemento de origen con "Private" establecido en "false" y ning├║n elemento de origen con "Private" establecido en "true".
         Referencia principal "System.Runtime.CompilerServices.Unsafe, Version=8.0.0.0, Culture=neutral, PublicKeyToken=b03f5f7f11d50a3a".
             La ruta de acceso del archivo resuelta es "C:\Program Files\dotnet\packs\Microsoft.NETCore.App.Ref\8.0.14\ref\net8.0\System.Runtime.CompilerServices.Unsafe.dll".
             Se encontr├│ una referencia en la ubicaci├│n de ruta de acceso de b├║squeda "{RawFileName}".
             Esta referencia no es "CopyLocal" porque existe al menos un elemento de origen con "Private" establecido en "false" y ning├║n elemento de origen con "Private" establecido en "true".
         Referencia principal "System.Runtime.CompilerServices.VisualC, Version=8.0.0.0, Culture=neutral, PublicKeyToken=b03f5f7f11d50a3a".
             La ruta de acceso del archivo resuelta es "C:\Program Files\dotnet\packs\Microsoft.NETCore.App.Ref\8.0.14\ref\net8.0\System.Runtime.CompilerServices.VisualC.dll".
             Se encontr├│ una referencia en la ubicaci├│n de ruta de acceso de b├║squeda "{RawFileName}".
             Esta referencia no es "CopyLocal" porque existe al menos un elemento de origen con "Private" establecido en "false" y ning├║n elemento de origen con "Private" establecido en "true".
         Referencia principal "System.Runtime.Extensions, Version=8.0.0.0, Culture=neutral, PublicKeyToken=b03f5f7f11d50a3a".
             La ruta de acceso del archivo resuelta es "C:\Program Files\dotnet\packs\Microsoft.NETCore.App.Ref\8.0.14\ref\net8.0\System.Runtime.Extensions.dll".
             Se encontr├│ una referencia en la ubicaci├│n de ruta de acceso de b├║squeda "{RawFileName}".
             Esta referencia no es "CopyLocal" porque existe al menos un elemento de origen con "Private" establecido en "false" y ning├║n elemento de origen con "Private" establecido en "true".
         Referencia principal "System.Runtime.Handles, Version=8.0.0.0, Culture=neutral, PublicKeyToken=b03f5f7f11d50a3a".
             La ruta de acceso del archivo resuelta es "C:\Program Files\dotnet\packs\Microsoft.NETCore.App.Ref\8.0.14\ref\net8.0\System.Runtime.Handles.dll".
             Se encontr├│ una referencia en la ubicaci├│n de ruta de acceso de b├║squeda "{RawFileName}".
             Esta referencia no es "CopyLocal" porque existe al menos un elemento de origen con "Private" establecido en "false" y ning├║n elemento de origen con "Private" establecido en "true".
         Referencia principal "System.Runtime.InteropServices.JavaScript, Version=8.0.0.0, Culture=neutral, PublicKeyToken=b03f5f7f11d50a3a".
             La ruta de acceso del archivo resuelta es "C:\Program Files\dotnet\packs\Microsoft.NETCore.App.Ref\8.0.14\ref\net8.0\System.Runtime.InteropServices.JavaScript.dll".
             Se encontr├│ una referencia en la ubicaci├│n de ruta de acceso de b├║squeda "{RawFileName}".
             Esta referencia no es "CopyLocal" porque existe al menos un elemento de origen con "Private" establecido en "false" y ning├║n elemento de origen con "Private" establecido en "true".
         Referencia principal "System.Runtime.InteropServices.RuntimeInformation, Version=8.0.0.0, Culture=neutral, PublicKeyToken=b03f5f7f11d50a3a".
             La ruta de acceso del archivo resuelta es "C:\Program Files\dotnet\packs\Microsoft.NETCore.App.Ref\8.0.14\ref\net8.0\System.Runtime.InteropServices.RuntimeInformation.dll".
             Se encontr├│ una referencia en la ubicaci├│n de ruta de acceso de b├║squeda "{RawFileName}".
             Esta referencia no es "CopyLocal" porque existe al menos un elemento de origen con "Private" establecido en "false" y ning├║n elemento de origen con "Private" establecido en "true".
         Referencia principal "System.Runtime.InteropServices, Version=8.0.0.0, Culture=neutral, PublicKeyToken=b03f5f7f11d50a3a".
             La ruta de acceso del archivo resuelta es "C:\Program Files\dotnet\packs\Microsoft.NETCore.App.Ref\8.0.14\ref\net8.0\System.Runtime.InteropServices.dll".
             Se encontr├│ una referencia en la ubicaci├│n de ruta de acceso de b├║squeda "{RawFileName}".
             Esta referencia no es "CopyLocal" porque existe al menos un elemento de origen con "Private" establecido en "false" y ning├║n elemento de origen con "Private" establecido en "true".
         Referencia principal "System.Runtime.Intrinsics, Version=8.0.0.0, Culture=neutral, PublicKeyToken=cc7b13ffcd2ddd51".
             La ruta de acceso del archivo resuelta es "C:\Program Files\dotnet\packs\Microsoft.NETCore.App.Ref\8.0.14\ref\net8.0\System.Runtime.Intrinsics.dll".
             Se encontr├│ una referencia en la ubicaci├│n de ruta de acceso de b├║squeda "{RawFileName}".
             Esta referencia no es "CopyLocal" porque existe al menos un elemento de origen con "Private" establecido en "false" y ning├║n elemento de origen con "Private" establecido en "true".
         Referencia principal "System.Runtime.Loader, Version=8.0.0.0, Culture=neutral, PublicKeyToken=b03f5f7f11d50a3a".
             La ruta de acceso del archivo resuelta es "C:\Program Files\dotnet\packs\Microsoft.NETCore.App.Ref\8.0.14\ref\net8.0\System.Runtime.Loader.dll".
             Se encontr├│ una referencia en la ubicaci├│n de ruta de acceso de b├║squeda "{RawFileName}".
             Esta referencia no es "CopyLocal" porque existe al menos un elemento de origen con "Private" establecido en "false" y ning├║n elemento de origen con "Private" establecido en "true".
         Referencia principal "System.Runtime.Numerics, Version=8.0.0.0, Culture=neutral, PublicKeyToken=b03f5f7f11d50a3a".
             La ruta de acceso del archivo resuelta es "C:\Program Files\dotnet\packs\Microsoft.NETCore.App.Ref\8.0.14\ref\net8.0\System.Runtime.Numerics.dll".
             Se encontr├│ una referencia en la ubicaci├│n de ruta de acceso de b├║squeda "{RawFileName}".
             Esta referencia no es "CopyLocal" porque existe al menos un elemento de origen con "Private" establecido en "false" y ning├║n elemento de origen con "Private" establecido en "true".
         Referencia principal "System.Runtime.Serialization.Formatters, Version=8.0.0.0, Culture=neutral, PublicKeyToken=b03f5f7f11d50a3a".
             La ruta de acceso del archivo resuelta es "C:\Program Files\dotnet\packs\Microsoft.NETCore.App.Ref\8.0.14\ref\net8.0\System.Runtime.Serialization.Formatters.dll".
             Se encontr├│ una referencia en la ubicaci├│n de ruta de acceso de b├║squeda "{RawFileName}".
             Esta referencia no es "CopyLocal" porque existe al menos un elemento de origen con "Private" establecido en "false" y ning├║n elemento de origen con "Private" establecido en "true".
         Referencia principal "System.Runtime.Serialization.Json, Version=8.0.0.0, Culture=neutral, PublicKeyToken=b03f5f7f11d50a3a".
             La ruta de acceso del archivo resuelta es "C:\Program Files\dotnet\packs\Microsoft.NETCore.App.Ref\8.0.14\ref\net8.0\System.Runtime.Serialization.Json.dll".
             Se encontr├│ una referencia en la ubicaci├│n de ruta de acceso de b├║squeda "{RawFileName}".
             Esta referencia no es "CopyLocal" porque existe al menos un elemento de origen con "Private" establecido en "false" y ning├║n elemento de origen con "Private" establecido en "true".
         Referencia principal "System.Runtime.Serialization.Primitives, Version=8.0.0.0, Culture=neutral, PublicKeyToken=b03f5f7f11d50a3a".
             La ruta de acceso del archivo resuelta es "C:\Program Files\dotnet\packs\Microsoft.NETCore.App.Ref\8.0.14\ref\net8.0\System.Runtime.Serialization.Primitives.dll".
             Se encontr├│ una referencia en la ubicaci├│n de ruta de acceso de b├║squeda "{RawFileName}".
             Esta referencia no es "CopyLocal" porque existe al menos un elemento de origen con "Private" establecido en "false" y ning├║n elemento de origen con "Private" establecido en "true".
         Referencia principal "System.Runtime.Serialization.Xml, Version=8.0.0.0, Culture=neutral, PublicKeyToken=b03f5f7f11d50a3a".
             La ruta de acceso del archivo resuelta es "C:\Program Files\dotnet\packs\Microsoft.NETCore.App.Ref\8.0.14\ref\net8.0\System.Runtime.Serialization.Xml.dll".
             Se encontr├│ una referencia en la ubicaci├│n de ruta de acceso de b├║squeda "{RawFileName}".
             Esta referencia no es "CopyLocal" porque existe al menos un elemento de origen con "Private" establecido en "false" y ning├║n elemento de origen con "Private" establecido en "true".
         Referencia principal "System.Runtime.Serialization, Version=4.0.0.0, Culture=neutral, PublicKeyToken=b77a5c561934e089".
             La ruta de acceso del archivo resuelta es "C:\Program Files\dotnet\packs\Microsoft.NETCore.App.Ref\8.0.14\ref\net8.0\System.Runtime.Serialization.dll".
             Se encontr├│ una referencia en la ubicaci├│n de ruta de acceso de b├║squeda "{RawFileName}".
             Esta referencia no es "CopyLocal" porque existe al menos un elemento de origen con "Private" establecido en "false" y ning├║n elemento de origen con "Private" establecido en "true".
         Referencia principal "System.Runtime, Version=8.0.0.0, Culture=neutral, PublicKeyToken=b03f5f7f11d50a3a".
             La ruta de acceso del archivo resuelta es "C:\Program Files\dotnet\packs\Microsoft.NETCore.App.Ref\8.0.14\ref\net8.0\System.Runtime.dll".
             Se encontr├│ una referencia en la ubicaci├│n de ruta de acceso de b├║squeda "{RawFileName}".
             Esta referencia no es "CopyLocal" porque existe al menos un elemento de origen con "Private" establecido en "false" y ning├║n elemento de origen con "Private" establecido en "true".
         Referencia principal "System.Security.AccessControl, Version=8.0.0.0, Culture=neutral, PublicKeyToken=b03f5f7f11d50a3a".
             La ruta de acceso del archivo resuelta es "C:\Program Files\dotnet\packs\Microsoft.NETCore.App.Ref\8.0.14\ref\net8.0\System.Security.AccessControl.dll".
             Se encontr├│ una referencia en la ubicaci├│n de ruta de acceso de b├║squeda "{RawFileName}".
             Esta referencia no es "CopyLocal" porque existe al menos un elemento de origen con "Private" establecido en "false" y ning├║n elemento de origen con "Private" establecido en "true".
         Referencia principal "System.Security.Claims, Version=8.0.0.0, Culture=neutral, PublicKeyToken=b03f5f7f11d50a3a".
             La ruta de acceso del archivo resuelta es "C:\Program Files\dotnet\packs\Microsoft.NETCore.App.Ref\8.0.14\ref\net8.0\System.Security.Claims.dll".
             Se encontr├│ una referencia en la ubicaci├│n de ruta de acceso de b├║squeda "{RawFileName}".
             Esta referencia no es "CopyLocal" porque existe al menos un elemento de origen con "Private" establecido en "false" y ning├║n elemento de origen con "Private" establecido en "true".
         Referencia principal "System.Security.Cryptography.Algorithms, Version=8.0.0.0, Culture=neutral, PublicKeyToken=b03f5f7f11d50a3a".
             La ruta de acceso del archivo resuelta es "C:\Program Files\dotnet\packs\Microsoft.NETCore.App.Ref\8.0.14\ref\net8.0\System.Security.Cryptography.Algorithms.dll".
             Se encontr├│ una referencia en la ubicaci├│n de ruta de acceso de b├║squeda "{RawFileName}".
             Esta referencia no es "CopyLocal" porque existe al menos un elemento de origen con "Private" establecido en "false" y ning├║n elemento de origen con "Private" establecido en "true".
         Referencia principal "System.Security.Cryptography.Cng, Version=8.0.0.0, Culture=neutral, PublicKeyToken=b03f5f7f11d50a3a".
             La ruta de acceso del archivo resuelta es "C:\Program Files\dotnet\packs\Microsoft.NETCore.App.Ref\8.0.14\ref\net8.0\System.Security.Cryptography.Cng.dll".
             Se encontr├│ una referencia en la ubicaci├│n de ruta de acceso de b├║squeda "{RawFileName}".
             Esta referencia no es "CopyLocal" porque existe al menos un elemento de origen con "Private" establecido en "false" y ning├║n elemento de origen con "Private" establecido en "true".
         Referencia principal "System.Security.Cryptography.Csp, Version=8.0.0.0, Culture=neutral, PublicKeyToken=b03f5f7f11d50a3a".
             La ruta de acceso del archivo resuelta es "C:\Program Files\dotnet\packs\Microsoft.NETCore.App.Ref\8.0.14\ref\net8.0\System.Security.Cryptography.Csp.dll".
             Se encontr├│ una referencia en la ubicaci├│n de ruta de acceso de b├║squeda "{RawFileName}".
             Esta referencia no es "CopyLocal" porque existe al menos un elemento de origen con "Private" establecido en "false" y ning├║n elemento de origen con "Private" establecido en "true".
         Referencia principal "System.Security.Cryptography.Encoding, Version=8.0.0.0, Culture=neutral, PublicKeyToken=b03f5f7f11d50a3a".
             La ruta de acceso del archivo resuelta es "C:\Program Files\dotnet\packs\Microsoft.NETCore.App.Ref\8.0.14\ref\net8.0\System.Security.Cryptography.Encoding.dll".
             Se encontr├│ una referencia en la ubicaci├│n de ruta de acceso de b├║squeda "{RawFileName}".
             Esta referencia no es "CopyLocal" porque existe al menos un elemento de origen con "Private" establecido en "false" y ning├║n elemento de origen con "Private" establecido en "true".
         Referencia principal "System.Security.Cryptography.OpenSsl, Version=8.0.0.0, Culture=neutral, PublicKeyToken=b03f5f7f11d50a3a".
             La ruta de acceso del archivo resuelta es "C:\Program Files\dotnet\packs\Microsoft.NETCore.App.Ref\8.0.14\ref\net8.0\System.Security.Cryptography.OpenSsl.dll".
             Se encontr├│ una referencia en la ubicaci├│n de ruta de acceso de b├║squeda "{RawFileName}".
             Esta referencia no es "CopyLocal" porque existe al menos un elemento de origen con "Private" establecido en "false" y ning├║n elemento de origen con "Private" establecido en "true".
         Referencia principal "System.Security.Cryptography.Primitives, Version=8.0.0.0, Culture=neutral, PublicKeyToken=b03f5f7f11d50a3a".
             La ruta de acceso del archivo resuelta es "C:\Program Files\dotnet\packs\Microsoft.NETCore.App.Ref\8.0.14\ref\net8.0\System.Security.Cryptography.Primitives.dll".
             Se encontr├│ una referencia en la ubicaci├│n de ruta de acceso de b├║squeda "{RawFileName}".
             Esta referencia no es "CopyLocal" porque existe al menos un elemento de origen con "Private" establecido en "false" y ning├║n elemento de origen con "Private" establecido en "true".
         Referencia principal "System.Security.Cryptography.X509Certificates, Version=8.0.0.0, Culture=neutral, PublicKeyToken=b03f5f7f11d50a3a".
             La ruta de acceso del archivo resuelta es "C:\Program Files\dotnet\packs\Microsoft.NETCore.App.Ref\8.0.14\ref\net8.0\System.Security.Cryptography.X509Certificates.dll".
             Se encontr├│ una referencia en la ubicaci├│n de ruta de acceso de b├║squeda "{RawFileName}".
             Esta referencia no es "CopyLocal" porque existe al menos un elemento de origen con "Private" establecido en "false" y ning├║n elemento de origen con "Private" establecido en "true".
         Referencia principal "System.Security.Cryptography, Version=8.0.0.0, Culture=neutral, PublicKeyToken=b03f5f7f11d50a3a".
             La ruta de acceso del archivo resuelta es "C:\Program Files\dotnet\packs\Microsoft.NETCore.App.Ref\8.0.14\ref\net8.0\System.Security.Cryptography.dll".
             Se encontr├│ una referencia en la ubicaci├│n de ruta de acceso de b├║squeda "{RawFileName}".
             Esta referencia no es "CopyLocal" porque existe al menos un elemento de origen con "Private" establecido en "false" y ning├║n elemento de origen con "Private" establecido en "true".
         Referencia principal "System.Security.Principal.Windows, Version=8.0.0.0, Culture=neutral, PublicKeyToken=b03f5f7f11d50a3a".
             La ruta de acceso del archivo resuelta es "C:\Program Files\dotnet\packs\Microsoft.NETCore.App.Ref\8.0.14\ref\net8.0\System.Security.Principal.Windows.dll".
             Se encontr├│ una referencia en la ubicaci├│n de ruta de acceso de b├║squeda "{RawFileName}".
             Esta referencia no es "CopyLocal" porque existe al menos un elemento de origen con "Private" establecido en "false" y ning├║n elemento de origen con "Private" establecido en "true".
         Referencia principal "System.Security.Principal, Version=8.0.0.0, Culture=neutral, PublicKeyToken=b03f5f7f11d50a3a".
             La ruta de acceso del archivo resuelta es "C:\Program Files\dotnet\packs\Microsoft.NETCore.App.Ref\8.0.14\ref\net8.0\System.Security.Principal.dll".
             Se encontr├│ una referencia en la ubicaci├│n de ruta de acceso de b├║squeda "{RawFileName}".
             Esta referencia no es "CopyLocal" porque existe al menos un elemento de origen con "Private" establecido en "false" y ning├║n elemento de origen con "Private" establecido en "true".
         Referencia principal "System.Security.SecureString, Version=8.0.0.0, Culture=neutral, PublicKeyToken=b03f5f7f11d50a3a".
             La ruta de acceso del archivo resuelta es "C:\Program Files\dotnet\packs\Microsoft.NETCore.App.Ref\8.0.14\ref\net8.0\System.Security.SecureString.dll".
             Se encontr├│ una referencia en la ubicaci├│n de ruta de acceso de b├║squeda "{RawFileName}".
             Esta referencia no es "CopyLocal" porque existe al menos un elemento de origen con "Private" establecido en "false" y ning├║n elemento de origen con "Private" establecido en "true".
         Referencia principal "System.Security, Version=4.0.0.0, Culture=neutral, PublicKeyToken=b03f5f7f11d50a3a".
             La ruta de acceso del archivo resuelta es "C:\Program Files\dotnet\packs\Microsoft.NETCore.App.Ref\8.0.14\ref\net8.0\System.Security.dll".
             Se encontr├│ una referencia en la ubicaci├│n de ruta de acceso de b├║squeda "{RawFileName}".
             Esta referencia no es "CopyLocal" porque existe al menos un elemento de origen con "Private" establecido en "false" y ning├║n elemento de origen con "Private" establecido en "true".
         Referencia principal "System.ServiceModel.Web, Version=4.0.0.0, Culture=neutral, PublicKeyToken=31bf3856ad364e35".
             La ruta de acceso del archivo resuelta es "C:\Program Files\dotnet\packs\Microsoft.NETCore.App.Ref\8.0.14\ref\net8.0\System.ServiceModel.Web.dll".
             Se encontr├│ una referencia en la ubicaci├│n de ruta de acceso de b├║squeda "{RawFileName}".
             Esta referencia no es "CopyLocal" porque existe al menos un elemento de origen con "Private" establecido en "false" y ning├║n elemento de origen con "Private" establecido en "true".
         Referencia principal "System.ServiceProcess, Version=4.0.0.0, Culture=neutral, PublicKeyToken=b03f5f7f11d50a3a".
             La ruta de acceso del archivo resuelta es "C:\Program Files\dotnet\packs\Microsoft.NETCore.App.Ref\8.0.14\ref\net8.0\System.ServiceProcess.dll".
             Se encontr├│ una referencia en la ubicaci├│n de ruta de acceso de b├║squeda "{RawFileName}".
             Esta referencia no es "CopyLocal" porque existe al menos un elemento de origen con "Private" establecido en "false" y ning├║n elemento de origen con "Private" establecido en "true".
         Referencia principal "System.Text.Encoding.CodePages, Version=8.0.0.0, Culture=neutral, PublicKeyToken=b03f5f7f11d50a3a".
             La ruta de acceso del archivo resuelta es "C:\Program Files\dotnet\packs\Microsoft.NETCore.App.Ref\8.0.14\ref\net8.0\System.Text.Encoding.CodePages.dll".
             Se encontr├│ una referencia en la ubicaci├│n de ruta de acceso de b├║squeda "{RawFileName}".
             Esta referencia no es "CopyLocal" porque existe al menos un elemento de origen con "Private" establecido en "false" y ning├║n elemento de origen con "Private" establecido en "true".
         Referencia principal "System.Text.Encoding.Extensions, Version=8.0.0.0, Culture=neutral, PublicKeyToken=b03f5f7f11d50a3a".
             La ruta de acceso del archivo resuelta es "C:\Program Files\dotnet\packs\Microsoft.NETCore.App.Ref\8.0.14\ref\net8.0\System.Text.Encoding.Extensions.dll".
             Se encontr├│ una referencia en la ubicaci├│n de ruta de acceso de b├║squeda "{RawFileName}".
             Esta referencia no es "CopyLocal" porque existe al menos un elemento de origen con "Private" establecido en "false" y ning├║n elemento de origen con "Private" establecido en "true".
         Referencia principal "System.Text.Encoding, Version=8.0.0.0, Culture=neutral, PublicKeyToken=b03f5f7f11d50a3a".
             La ruta de acceso del archivo resuelta es "C:\Program Files\dotnet\packs\Microsoft.NETCore.App.Ref\8.0.14\ref\net8.0\System.Text.Encoding.dll".
             Se encontr├│ una referencia en la ubicaci├│n de ruta de acceso de b├║squeda "{RawFileName}".
             Esta referencia no es "CopyLocal" porque existe al menos un elemento de origen con "Private" establecido en "false" y ning├║n elemento de origen con "Private" establecido en "true".
         Referencia principal "System.Text.Encodings.Web, Version=8.0.0.0, Culture=neutral, PublicKeyToken=cc7b13ffcd2ddd51".
             La ruta de acceso del archivo resuelta es "C:\Program Files\dotnet\packs\Microsoft.NETCore.App.Ref\8.0.14\ref\net8.0\System.Text.Encodings.Web.dll".
             Se encontr├│ una referencia en la ubicaci├│n de ruta de acceso de b├║squeda "{RawFileName}".
             Esta referencia no es "CopyLocal" porque existe al menos un elemento de origen con "Private" establecido en "false" y ning├║n elemento de origen con "Private" establecido en "true".
         Referencia principal "System.Text.Json, Version=8.0.0.0, Culture=neutral, PublicKeyToken=cc7b13ffcd2ddd51".
             La ruta de acceso del archivo resuelta es "C:\Program Files\dotnet\packs\Microsoft.NETCore.App.Ref\8.0.14\ref\net8.0\System.Text.Json.dll".
             Se encontr├│ una referencia en la ubicaci├│n de ruta de acceso de b├║squeda "{RawFileName}".
             Esta referencia no es "CopyLocal" porque existe al menos un elemento de origen con "Private" establecido en "false" y ning├║n elemento de origen con "Private" establecido en "true".
         Referencia principal "System.Text.RegularExpressions, Version=8.0.0.0, Culture=neutral, PublicKeyToken=b03f5f7f11d50a3a".
             La ruta de acceso del archivo resuelta es "C:\Program Files\dotnet\packs\Microsoft.NETCore.App.Ref\8.0.14\ref\net8.0\System.Text.RegularExpressions.dll".
             Se encontr├│ una referencia en la ubicaci├│n de ruta de acceso de b├║squeda "{RawFileName}".
             Esta referencia no es "CopyLocal" porque existe al menos un elemento de origen con "Private" establecido en "false" y ning├║n elemento de origen con "Private" establecido en "true".
         Referencia principal "System.Threading.Channels, Version=8.0.0.0, Culture=neutral, PublicKeyToken=cc7b13ffcd2ddd51".
             La ruta de acceso del archivo resuelta es "C:\Program Files\dotnet\packs\Microsoft.NETCore.App.Ref\8.0.14\ref\net8.0\System.Threading.Channels.dll".
             Se encontr├│ una referencia en la ubicaci├│n de ruta de acceso de b├║squeda "{RawFileName}".
             Esta referencia no es "CopyLocal" porque existe al menos un elemento de origen con "Private" establecido en "false" y ning├║n elemento de origen con "Private" establecido en "true".
         Referencia principal "System.Threading.Overlapped, Version=8.0.0.0, Culture=neutral, PublicKeyToken=b03f5f7f11d50a3a".
             La ruta de acceso del archivo resuelta es "C:\Program Files\dotnet\packs\Microsoft.NETCore.App.Ref\8.0.14\ref\net8.0\System.Threading.Overlapped.dll".
             Se encontr├│ una referencia en la ubicaci├│n de ruta de acceso de b├║squeda "{RawFileName}".
             Esta referencia no es "CopyLocal" porque existe al menos un elemento de origen con "Private" establecido en "false" y ning├║n elemento de origen con "Private" establecido en "true".
         Referencia principal "System.Threading.Tasks.Dataflow, Version=8.0.0.0, Culture=neutral, PublicKeyToken=b03f5f7f11d50a3a".
             La ruta de acceso del archivo resuelta es "C:\Program Files\dotnet\packs\Microsoft.NETCore.App.Ref\8.0.14\ref\net8.0\System.Threading.Tasks.Dataflow.dll".
             Se encontr├│ una referencia en la ubicaci├│n de ruta de acceso de b├║squeda "{RawFileName}".
             Esta referencia no es "CopyLocal" porque existe al menos un elemento de origen con "Private" establecido en "false" y ning├║n elemento de origen con "Private" establecido en "true".
         Referencia principal "System.Threading.Tasks.Extensions, Version=8.0.0.0, Culture=neutral, PublicKeyToken=cc7b13ffcd2ddd51".
             La ruta de acceso del archivo resuelta es "C:\Program Files\dotnet\packs\Microsoft.NETCore.App.Ref\8.0.14\ref\net8.0\System.Threading.Tasks.Extensions.dll".
             Se encontr├│ una referencia en la ubicaci├│n de ruta de acceso de b├║squeda "{RawFileName}".
             Esta referencia no es "CopyLocal" porque existe al menos un elemento de origen con "Private" establecido en "false" y ning├║n elemento de origen con "Private" establecido en "true".
         Referencia principal "System.Threading.Tasks.Parallel, Version=8.0.0.0, Culture=neutral, PublicKeyToken=b03f5f7f11d50a3a".
             La ruta de acceso del archivo resuelta es "C:\Program Files\dotnet\packs\Microsoft.NETCore.App.Ref\8.0.14\ref\net8.0\System.Threading.Tasks.Parallel.dll".
             Se encontr├│ una referencia en la ubicaci├│n de ruta de acceso de b├║squeda "{RawFileName}".
             Esta referencia no es "CopyLocal" porque existe al menos un elemento de origen con "Private" establecido en "false" y ning├║n elemento de origen con "Private" establecido en "true".
         Referencia principal "System.Threading.Tasks, Version=8.0.0.0, Culture=neutral, PublicKeyToken=b03f5f7f11d50a3a".
             La ruta de acceso del archivo resuelta es "C:\Program Files\dotnet\packs\Microsoft.NETCore.App.Ref\8.0.14\ref\net8.0\System.Threading.Tasks.dll".
             Se encontr├│ una referencia en la ubicaci├│n de ruta de acceso de b├║squeda "{RawFileName}".
             Esta referencia no es "CopyLocal" porque existe al menos un elemento de origen con "Private" establecido en "false" y ning├║n elemento de origen con "Private" establecido en "true".
         Referencia principal "System.Threading.Thread, Version=8.0.0.0, Culture=neutral, PublicKeyToken=b03f5f7f11d50a3a".
             La ruta de acceso del archivo resuelta es "C:\Program Files\dotnet\packs\Microsoft.NETCore.App.Ref\8.0.14\ref\net8.0\System.Threading.Thread.dll".
             Se encontr├│ una referencia en la ubicaci├│n de ruta de acceso de b├║squeda "{RawFileName}".
             Esta referencia no es "CopyLocal" porque existe al menos un elemento de origen con "Private" establecido en "false" y ning├║n elemento de origen con "Private" establecido en "true".
         Referencia principal "System.Threading.ThreadPool, Version=8.0.0.0, Culture=neutral, PublicKeyToken=b03f5f7f11d50a3a".
             La ruta de acceso del archivo resuelta es "C:\Program Files\dotnet\packs\Microsoft.NETCore.App.Ref\8.0.14\ref\net8.0\System.Threading.ThreadPool.dll".
             Se encontr├│ una referencia en la ubicaci├│n de ruta de acceso de b├║squeda "{RawFileName}".
             Esta referencia no es "CopyLocal" porque existe al menos un elemento de origen con "Private" establecido en "false" y ning├║n elemento de origen con "Private" establecido en "true".
         Referencia principal "System.Threading.Timer, Version=8.0.0.0, Culture=neutral, PublicKeyToken=b03f5f7f11d50a3a".
             La ruta de acceso del archivo resuelta es "C:\Program Files\dotnet\packs\Microsoft.NETCore.App.Ref\8.0.14\ref\net8.0\System.Threading.Timer.dll".
             Se encontr├│ una referencia en la ubicaci├│n de ruta de acceso de b├║squeda "{RawFileName}".
             Esta referencia no es "CopyLocal" porque existe al menos un elemento de origen con "Private" establecido en "false" y ning├║n elemento de origen con "Private" establecido en "true".
         Referencia principal "System.Threading, Version=8.0.0.0, Culture=neutral, PublicKeyToken=b03f5f7f11d50a3a".
             La ruta de acceso del archivo resuelta es "C:\Program Files\dotnet\packs\Microsoft.NETCore.App.Ref\8.0.14\ref\net8.0\System.Threading.dll".
             Se encontr├│ una referencia en la ubicaci├│n de ruta de acceso de b├║squeda "{RawFileName}".
             Esta referencia no es "CopyLocal" porque existe al menos un elemento de origen con "Private" establecido en "false" y ning├║n elemento de origen con "Private" establecido en "true".
         Referencia principal "System.Transactions.Local, Version=8.0.0.0, Culture=neutral, PublicKeyToken=cc7b13ffcd2ddd51".
             La ruta de acceso del archivo resuelta es "C:\Program Files\dotnet\packs\Microsoft.NETCore.App.Ref\8.0.14\ref\net8.0\System.Transactions.Local.dll".
             Se encontr├│ una referencia en la ubicaci├│n de ruta de acceso de b├║squeda "{RawFileName}".
             Esta referencia no es "CopyLocal" porque existe al menos un elemento de origen con "Private" establecido en "false" y ning├║n elemento de origen con "Private" establecido en "true".
         Referencia principal "System.Transactions, Version=4.0.0.0, Culture=neutral, PublicKeyToken=b77a5c561934e089".
             La ruta de acceso del archivo resuelta es "C:\Program Files\dotnet\packs\Microsoft.NETCore.App.Ref\8.0.14\ref\net8.0\System.Transactions.dll".
             Se encontr├│ una referencia en la ubicaci├│n de ruta de acceso de b├║squeda "{RawFileName}".
             Esta referencia no es "CopyLocal" porque existe al menos un elemento de origen con "Private" establecido en "false" y ning├║n elemento de origen con "Private" establecido en "true".
         Referencia principal "System.ValueTuple, Version=8.0.0.0, Culture=neutral, PublicKeyToken=cc7b13ffcd2ddd51".
             La ruta de acceso del archivo resuelta es "C:\Program Files\dotnet\packs\Microsoft.NETCore.App.Ref\8.0.14\ref\net8.0\System.ValueTuple.dll".
             Se encontr├│ una referencia en la ubicaci├│n de ruta de acceso de b├║squeda "{RawFileName}".
             Esta referencia no es "CopyLocal" porque existe al menos un elemento de origen con "Private" establecido en "false" y ning├║n elemento de origen con "Private" establecido en "true".
         Referencia principal "System.Web.HttpUtility, Version=8.0.0.0, Culture=neutral, PublicKeyToken=cc7b13ffcd2ddd51".
             La ruta de acceso del archivo resuelta es "C:\Program Files\dotnet\packs\Microsoft.NETCore.App.Ref\8.0.14\ref\net8.0\System.Web.HttpUtility.dll".
             Se encontr├│ una referencia en la ubicaci├│n de ruta de acceso de b├║squeda "{RawFileName}".
             Esta referencia no es "CopyLocal" porque existe al menos un elemento de origen con "Private" establecido en "false" y ning├║n elemento de origen con "Private" establecido en "true".
         Referencia principal "System.Web, Version=4.0.0.0, Culture=neutral, PublicKeyToken=b03f5f7f11d50a3a".
             La ruta de acceso del archivo resuelta es "C:\Program Files\dotnet\packs\Microsoft.NETCore.App.Ref\8.0.14\ref\net8.0\System.Web.dll".
             Se encontr├│ una referencia en la ubicaci├│n de ruta de acceso de b├║squeda "{RawFileName}".
             Esta referencia no es "CopyLocal" porque existe al menos un elemento de origen con "Private" establecido en "false" y ning├║n elemento de origen con "Private" establecido en "true".
         Referencia principal "System.Windows, Version=4.0.0.0, Culture=neutral, PublicKeyToken=b03f5f7f11d50a3a".
             La ruta de acceso del archivo resuelta es "C:\Program Files\dotnet\packs\Microsoft.NETCore.App.Ref\8.0.14\ref\net8.0\System.Windows.dll".
             Se encontr├│ una referencia en la ubicaci├│n de ruta de acceso de b├║squeda "{RawFileName}".
             Esta referencia no es "CopyLocal" porque existe al menos un elemento de origen con "Private" establecido en "false" y ning├║n elemento de origen con "Private" establecido en "true".
         Referencia principal "System.Xml.Linq, Version=4.0.0.0, Culture=neutral, PublicKeyToken=b77a5c561934e089".
             La ruta de acceso del archivo resuelta es "C:\Program Files\dotnet\packs\Microsoft.NETCore.App.Ref\8.0.14\ref\net8.0\System.Xml.Linq.dll".
             Se encontr├│ una referencia en la ubicaci├│n de ruta de acceso de b├║squeda "{RawFileName}".
             Esta referencia no es "CopyLocal" porque existe al menos un elemento de origen con "Private" establecido en "false" y ning├║n elemento de origen con "Private" establecido en "true".
         Referencia principal "System.Xml.ReaderWriter, Version=8.0.0.0, Culture=neutral, PublicKeyToken=b03f5f7f11d50a3a".
             La ruta de acceso del archivo resuelta es "C:\Program Files\dotnet\packs\Microsoft.NETCore.App.Ref\8.0.14\ref\net8.0\System.Xml.ReaderWriter.dll".
             Se encontr├│ una referencia en la ubicaci├│n de ruta de acceso de b├║squeda "{RawFileName}".
             Esta referencia no es "CopyLocal" porque existe al menos un elemento de origen con "Private" establecido en "false" y ning├║n elemento de origen con "Private" establecido en "true".
         Referencia principal "System.Xml.Serialization, Version=4.0.0.0, Culture=neutral, PublicKeyToken=b77a5c561934e089".
             La ruta de acceso del archivo resuelta es "C:\Program Files\dotnet\packs\Microsoft.NETCore.App.Ref\8.0.14\ref\net8.0\System.Xml.Serialization.dll".
             Se encontr├│ una referencia en la ubicaci├│n de ruta de acceso de b├║squeda "{RawFileName}".
             Esta referencia no es "CopyLocal" porque existe al menos un elemento de origen con "Private" establecido en "false" y ning├║n elemento de origen con "Private" establecido en "true".
         Referencia principal "System.Xml.XDocument, Version=8.0.0.0, Culture=neutral, PublicKeyToken=b03f5f7f11d50a3a".
             La ruta de acceso del archivo resuelta es "C:\Program Files\dotnet\packs\Microsoft.NETCore.App.Ref\8.0.14\ref\net8.0\System.Xml.XDocument.dll".
             Se encontr├│ una referencia en la ubicaci├│n de ruta de acceso de b├║squeda "{RawFileName}".
             Esta referencia no es "CopyLocal" porque existe al menos un elemento de origen con "Private" establecido en "false" y ning├║n elemento de origen con "Private" establecido en "true".
         Referencia principal "System.Xml.XPath.XDocument, Version=8.0.0.0, Culture=neutral, PublicKeyToken=b03f5f7f11d50a3a".
             La ruta de acceso del archivo resuelta es "C:\Program Files\dotnet\packs\Microsoft.NETCore.App.Ref\8.0.14\ref\net8.0\System.Xml.XPath.XDocument.dll".
             Se encontr├│ una referencia en la ubicaci├│n de ruta de acceso de b├║squeda "{RawFileName}".
             Esta referencia no es "CopyLocal" porque existe al menos un elemento de origen con "Private" establecido en "false" y ning├║n elemento de origen con "Private" establecido en "true".
         Referencia principal "System.Xml.XPath, Version=8.0.0.0, Culture=neutral, PublicKeyToken=b03f5f7f11d50a3a".
             La ruta de acceso del archivo resuelta es "C:\Program Files\dotnet\packs\Microsoft.NETCore.App.Ref\8.0.14\ref\net8.0\System.Xml.XPath.dll".
             Se encontr├│ una referencia en la ubicaci├│n de ruta de acceso de b├║squeda "{RawFileName}".
             Esta referencia no es "CopyLocal" porque existe al menos un elemento de origen con "Private" establecido en "false" y ning├║n elemento de origen con "Private" establecido en "true".
         Referencia principal "System.Xml.XmlDocument, Version=8.0.0.0, Culture=neutral, PublicKeyToken=b03f5f7f11d50a3a".
             La ruta de acceso del archivo resuelta es "C:\Program Files\dotnet\packs\Microsoft.NETCore.App.Ref\8.0.14\ref\net8.0\System.Xml.XmlDocument.dll".
             Se encontr├│ una referencia en la ubicaci├│n de ruta de acceso de b├║squeda "{RawFileName}".
             Esta referencia no es "CopyLocal" porque existe al menos un elemento de origen con "Private" establecido en "false" y ning├║n elemento de origen con "Private" establecido en "true".
         Referencia principal "System.Xml.XmlSerializer, Version=8.0.0.0, Culture=neutral, PublicKeyToken=b03f5f7f11d50a3a".
             La ruta de acceso del archivo resuelta es "C:\Program Files\dotnet\packs\Microsoft.NETCore.App.Ref\8.0.14\ref\net8.0\System.Xml.XmlSerializer.dll".
             Se encontr├│ una referencia en la ubicaci├│n de ruta de acceso de b├║squeda "{RawFileName}".
             Esta referencia no es "CopyLocal" porque existe al menos un elemento de origen con "Private" establecido en "false" y ning├║n elemento de origen con "Private" establecido en "true".
         Referencia principal "System.Xml, Version=4.0.0.0, Culture=neutral, PublicKeyToken=b77a5c561934e089".
             La ruta de acceso del archivo resuelta es "C:\Program Files\dotnet\packs\Microsoft.NETCore.App.Ref\8.0.14\ref\net8.0\System.Xml.dll".
             Se encontr├│ una referencia en la ubicaci├│n de ruta de acceso de b├║squeda "{RawFileName}".
             Esta referencia no es "CopyLocal" porque existe al menos un elemento de origen con "Private" establecido en "false" y ning├║n elemento de origen con "Private" establecido en "true".
         Referencia principal "System, Version=4.0.0.0, Culture=neutral, PublicKeyToken=b77a5c561934e089".
             La ruta de acceso del archivo resuelta es "C:\Program Files\dotnet\packs\Microsoft.NETCore.App.Ref\8.0.14\ref\net8.0\System.dll".
             Se encontr├│ una referencia en la ubicaci├│n de ruta de acceso de b├║squeda "{RawFileName}".
             Esta referencia no es "CopyLocal" porque existe al menos un elemento de origen con "Private" establecido en "false" y ning├║n elemento de origen con "Private" establecido en "true".
         Referencia principal "WindowsBase, Version=4.0.0.0, Culture=neutral, PublicKeyToken=31bf3856ad364e35".
             La ruta de acceso del archivo resuelta es "C:\Program Files\dotnet\packs\Microsoft.NETCore.App.Ref\8.0.14\ref\net8.0\WindowsBase.dll".
             Se encontr├│ una referencia en la ubicaci├│n de ruta de acceso de b├║squeda "{RawFileName}".
             Esta referencia no es "CopyLocal" porque existe al menos un elemento de origen con "Private" establecido en "false" y ning├║n elemento de origen con "Private" establecido en "true".
         Referencia principal "mscorlib, Version=4.0.0.0, Culture=neutral, PublicKeyToken=b77a5c561934e089".
             La ruta de acceso del archivo resuelta es "C:\Program Files\dotnet\packs\Microsoft.NETCore.App.Ref\8.0.14\ref\net8.0\mscorlib.dll".
             Se encontr├│ una referencia en la ubicaci├│n de ruta de acceso de b├║squeda "{RawFileName}".
             Esta referencia no es "CopyLocal" porque existe al menos un elemento de origen con "Private" establecido en "false" y ning├║n elemento de origen con "Private" establecido en "true".
         Referencia principal "netstandard, Version=2.1.0.0, Culture=neutral, PublicKeyToken=cc7b13ffcd2ddd51".
             La ruta de acceso del archivo resuelta es "C:\Program Files\dotnet\packs\Microsoft.NETCore.App.Ref\8.0.14\ref\net8.0\netstandard.dll".
             Se encontr├│ una referencia en la ubicaci├│n de ruta de acceso de b├║squeda "{RawFileName}".
             Esta referencia no es "CopyLocal" porque existe al menos un elemento de origen con "Private" establecido en "false" y ning├║n elemento de origen con "Private" establecido en "true".
       Ejecuci├│n de la tarea "ResolveAssemblyReference" terminada.
   5:9>Compilaci├│n terminada del destino "ResolveAssemblyReferences" en el proyecto "AuthSystem.Infrastructure.csproj".
       Se omiti├│ el destino "GenerateBindingRedirects" debido a una condici├│n falsa (False); ('$(AutoGenerateBindingRedirects)' == 'true' and '$(GenerateBindingRedirectsOutputType)' == 'true' and '@(SuggestedBindingRedirects)' != '' and '$(DesignTimeBuild)' != 'true' and '$(BuildingProject)' == 'true') se evalu├│ como ('' == 'true' and '' == 'true' and '' != '' and '' != 'true' and 'true' == 'true').
       Se omiti├│ el destino "GenerateSupportedRuntime" debido a una condici├│n falsa (False); ('$(GenerateSupportedRuntime)' != 'false' and '$(TargetFrameworkIdentifier)' == '.NETFramework' and '$(HasRuntimeOutput)' == 'true') se evalu├│ como ('' != 'false' and '.NETCoreApp' == '.NETFramework' and '' == 'true').
       Se omiti├│ el destino "GenerateBindingRedirectsUpdateAppConfig" debido a una condici├│n falsa (False); ('$(AutoGenerateBindingRedirects)' == 'true' and '$(GenerateBindingRedirectsOutputType)' == 'true') se evalu├│ como ('' == 'true' and '' == 'true').
       Se omiti├│ el destino "ResolveComReferences" debido a una condici├│n falsa (False); ('@(COMReference)'!='' or '@(COMFileReference)'!='') se evalu├│ como (''!='' or ''!='').
   5:9>Destino "AfterResolveReferences" en el archivo "C:\Program Files\dotnet\sdk\9.0.201\Microsoft.Common.CurrentVersion.targets" del proyecto "D:\Users\Jhon\Documentos\Mintrabajo\Modulo General usuarios\AuthSystemNew\AuthSystem.Infrastructure\AuthSystem.Infrastructure.csproj" (el destino "ResolveReferences" depende de ├®l):
   5:9>Compilaci├│n terminada del destino "AfterResolveReferences" en el proyecto "AuthSystem.Infrastructure.csproj".
   5:9>Destino "ResolveReferences" en el archivo "C:\Program Files\dotnet\sdk\9.0.201\Microsoft.Common.CurrentVersion.targets" del proyecto "D:\Users\Jhon\Documentos\Mintrabajo\Modulo General usuarios\AuthSystemNew\AuthSystem.Infrastructure\AuthSystem.Infrastructure.csproj" (el destino "_BlockWinMDsOnUnsupportedTFMs" depende de ├®l):
   5:9>Compilaci├│n terminada del destino "ResolveReferences" en el proyecto "AuthSystem.Infrastructure.csproj".
   5:9>Destino "_BlockWinMDsOnUnsupportedTFMs" en el archivo "C:\Program Files\dotnet\sdk\9.0.201\Sdks\Microsoft.NET.Sdk\targets\Microsoft.NET.Sdk.targets" del proyecto "D:\Users\Jhon\Documentos\Mintrabajo\Modulo General usuarios\AuthSystemNew\AuthSystem.Infrastructure\AuthSystem.Infrastructure.csproj" (el destino "CoreBuild" depende de ├®l):
       Usando la tarea "CheckForUnsupportedWinMDReferences" del ensamblado "C:\Program Files\dotnet\sdk\9.0.201\Sdks\Microsoft.NET.Sdk\targets\..\tools\net9.0\Microsoft.NET.Build.Tasks.dll".
       Tarea "CheckForUnsupportedWinMDReferences"
       Ejecuci├│n de la tarea "CheckForUnsupportedWinMDReferences" terminada.
       Se omiti├│ la tarea "NETSdkError" debido a una condici├│n falsa (False); ('$(OutputType)' == 'winmdobj') se evalu├│ como ('Library' == 'winmdobj').
   5:9>Compilaci├│n terminada del destino "_BlockWinMDsOnUnsupportedTFMs" en el proyecto "AuthSystem.Infrastructure.csproj".
       Se omiti├│ el destino "ResolveReferences". Compilado previamente de forma correcta.
       Se omiti├│ el destino "ResolvePackageDependenciesForBuild". Compilado previamente de forma correcta.
       Se omiti├│ el destino "_HandlePackageFileConflicts". Compilado previamente de forma correcta.
   5:9>Destino "CopyAdditionalFiles" en el archivo "C:\Program Files\dotnet\sdk\9.0.201\Roslyn\Microsoft.Managed.Core.targets" del proyecto "D:\Users\Jhon\Documentos\Mintrabajo\Modulo General usuarios\AuthSystemNew\AuthSystem.Infrastructure\AuthSystem.Infrastructure.csproj" (el destino "AssignTargetPaths" depende de ├®l):
   5:9>Compilaci├│n terminada del destino "CopyAdditionalFiles" en el proyecto "AuthSystem.Infrastructure.csproj".
       Se omiti├│ el destino "_GetAppHostPaths" debido a una condici├│n falsa (False); ('$(UseAppHost)' == 'true' and '$(_IsExecutable)' == 'true') se evalu├│ como ('' == 'true' and '' == 'true').
       Se omiti├│ el destino "_GetAppHostCreationConfiguration" debido a una condici├│n falsa (False); ('$(UseAppHost)' == 'true' and '$(_IsExecutable)' == 'true') se evalu├│ como ('' == 'true' and '' == 'true').
       Se omiti├│ el destino "_GetComHostPaths" debido a una condici├│n falsa (False); ('$(EnableComHosting)' == 'true' and '$(_IsExecutable)' != 'true') se evalu├│ como ('' == 'true' and '' != 'true').
       Se omiti├│ el destino "_GetIjwHostPaths" debido a una condici├│n falsa (False); ('$(UseIJWHost)' == 'true') se evalu├│ como ('' == 'true').
   5:9>Destino "_ComputeNETCoreBuildOutputFiles" en el archivo "C:\Program Files\dotnet\sdk\9.0.201\Sdks\Microsoft.NET.Sdk\targets\Microsoft.NET.Sdk.targets" del proyecto "D:\Users\Jhon\Documentos\Mintrabajo\Modulo General usuarios\AuthSystemNew\AuthSystem.Infrastructure\AuthSystem.Infrastructure.csproj" (el destino "AssignTargetPaths" depende de ├®l):
   5:9>Compilaci├│n terminada del destino "_ComputeNETCoreBuildOutputFiles" en el proyecto "AuthSystem.Infrastructure.csproj".
   5:9>Destino "AssignTargetPaths" en el archivo "C:\Program Files\dotnet\sdk\9.0.201\Microsoft.Common.CurrentVersion.targets" del proyecto "D:\Users\Jhon\Documentos\Mintrabajo\Modulo General usuarios\AuthSystemNew\AuthSystem.Infrastructure\AuthSystem.Infrastructure.csproj" (el destino "PrepareResourceNames" depende de ├®l):
       Usando la tarea "AssignTargetPath" del ensamblado "Microsoft.Build.Tasks.Core, Version=15.1.0.0, Culture=neutral, PublicKeyToken=b03f5f7f11d50a3a".
       Tarea "AssignTargetPath"
       Ejecuci├│n de la tarea "AssignTargetPath" terminada.
       Tarea "AssignTargetPath"
       Ejecuci├│n de la tarea "AssignTargetPath" terminada.
       Tarea "AssignTargetPath"
       Ejecuci├│n de la tarea "AssignTargetPath" terminada.
       Tarea "AssignTargetPath"
       Ejecuci├│n de la tarea "AssignTargetPath" terminada.
       Se omiti├│ la tarea "AssignTargetPath" debido a una condici├│n falsa (False); ('@(_DeploymentBaseManifestWithTargetPath)'=='' and '%(None.Extension)'=='.manifest') se evalu├│ como (''=='' and ''=='.manifest').
   5:9>Compilaci├│n terminada del destino "AssignTargetPaths" en el proyecto "AuthSystem.Infrastructure.csproj".
       Se omiti├│ el destino "AssignTargetPaths". Compilado previamente de forma correcta.
   5:9>Destino "SplitResourcesByCulture" en el archivo "C:\Program Files\dotnet\sdk\9.0.201\Microsoft.Common.CurrentVersion.targets" del proyecto "D:\Users\Jhon\Documentos\Mintrabajo\Modulo General usuarios\AuthSystemNew\AuthSystem.Infrastructure\AuthSystem.Infrastructure.csproj" (el destino "PrepareResourceNames" depende de ├®l):
       Se omiti├│ la tarea "MSBuildInternalMessage" debido a una condici├│n falsa (False); ('@(ResxWithNoCulture)'!='') se evalu├│ como (''!='').
       Se omiti├│ la tarea "MSBuildInternalMessage" debido a una condici├│n falsa (False); ('@(ResxWithCulture)'!='') se evalu├│ como (''!='').
       Se omiti├│ la tarea "MSBuildInternalMessage" debido a una condici├│n falsa (False); ('@(NonResxWithCulture)'!='') se evalu├│ como (''!='').
       Se omiti├│ la tarea "MSBuildInternalMessage" debido a una condici├│n falsa (False); ('@(NonResxWithNoCulture)'!='') se evalu├│ como (''!='').
       Usando la tarea "AssignCulture" del ensamblado "Microsoft.Build.Tasks.Core, Version=15.1.0.0, Culture=neutral, PublicKeyToken=b03f5f7f11d50a3a".
       Tarea "AssignCulture"
       Ejecuci├│n de la tarea "AssignCulture" terminada.
   5:9>Compilaci├│n terminada del destino "SplitResourcesByCulture" en el proyecto "AuthSystem.Infrastructure.csproj".
       Se omiti├│ el destino "CreateManifestResourceNames" debido a una condici├│n falsa (False); ('@(EmbeddedResource)' != '') se evalu├│ como ('' != '').
   5:9>Destino "CreateCustomManifestResourceNames" en el archivo "C:\Program Files\dotnet\sdk\9.0.201\Microsoft.Common.CurrentVersion.targets" del proyecto "D:\Users\Jhon\Documentos\Mintrabajo\Modulo General usuarios\AuthSystemNew\AuthSystem.Infrastructure\AuthSystem.Infrastructure.csproj" (el destino "PrepareResourceNames" depende de ├®l):
   5:9>Compilaci├│n terminada del destino "CreateCustomManifestResourceNames" en el proyecto "AuthSystem.Infrastructure.csproj".
   5:9>Destino "PrepareResourceNames" en el archivo "C:\Program Files\dotnet\sdk\9.0.201\Microsoft.Common.CurrentVersion.targets" del proyecto "D:\Users\Jhon\Documentos\Mintrabajo\Modulo General usuarios\AuthSystemNew\AuthSystem.Infrastructure\AuthSystem.Infrastructure.csproj" (el destino "PrepareResources" depende de ├®l):
   5:9>Compilaci├│n terminada del destino "PrepareResourceNames" en el proyecto "AuthSystem.Infrastructure.csproj".
       Se omiti├│ el destino "ResolveAssemblyReferences". Compilado previamente de forma correcta.
       Se omiti├│ el destino "SplitResourcesByCulture". Compilado previamente de forma correcta.
   5:9>Destino "BeforeResGen" en el archivo "C:\Program Files\dotnet\sdk\9.0.201\Microsoft.Common.CurrentVersion.targets" del proyecto "D:\Users\Jhon\Documentos\Mintrabajo\Modulo General usuarios\AuthSystemNew\AuthSystem.Infrastructure\AuthSystem.Infrastructure.csproj" (el destino "ResGen" depende de ├®l):
   5:9>Compilaci├│n terminada del destino "BeforeResGen" en el proyecto "AuthSystem.Infrastructure.csproj".
       Se omiti├│ el destino "ResolveReferences". Compilado previamente de forma correcta.
   5:9>Destino "FindReferenceAssembliesForReferences" en el archivo "C:\Program Files\dotnet\sdk\9.0.201\Microsoft.Common.CurrentVersion.targets" del proyecto "D:\Users\Jhon\Documentos\Mintrabajo\Modulo General usuarios\AuthSystemNew\AuthSystem.Infrastructure\AuthSystem.Infrastructure.csproj" (el destino "CoreResGen" depende de ├®l):
   5:9>Compilaci├│n terminada del destino "FindReferenceAssembliesForReferences" en el proyecto "AuthSystem.Infrastructure.csproj".
   5:9>Destino "CoreResGen" en el archivo "C:\Program Files\dotnet\sdk\9.0.201\Microsoft.Common.CurrentVersion.targets" del proyecto "D:\Users\Jhon\Documentos\Mintrabajo\Modulo General usuarios\AuthSystemNew\AuthSystem.Infrastructure\AuthSystem.Infrastructure.csproj" (el destino "ResGen" depende de ├®l):
       Se omiti├│ la tarea "GenerateResource" debido a una condici├│n falsa (False); ('%(EmbeddedResource.Type)' == 'Resx' and '%(EmbeddedResource.GenerateResource)' != 'false' and '$(GenerateResourceMSBuildRuntime)' != 'CLR2') se evalu├│ como ('' == 'Resx' and '' != 'false' and 'CurrentRuntime' != 'CLR2').
       Se omiti├│ la tarea "GenerateResource" debido a una condici├│n falsa (False); ('%(EmbeddedResource.Type)' == 'Resx' and '%(EmbeddedResource.GenerateResource)' != 'false' and '$(GenerateResourceMSBuildRuntime)' == 'CLR2') se evalu├│ como ('' == 'Resx' and '' != 'false' and 'CurrentRuntime' == 'CLR2').
   5:9>Compilaci├│n terminada del destino "CoreResGen" en el proyecto "AuthSystem.Infrastructure.csproj".
   5:9>Destino "AfterResGen" en el archivo "C:\Program Files\dotnet\sdk\9.0.201\Microsoft.Common.CurrentVersion.targets" del proyecto "D:\Users\Jhon\Documentos\Mintrabajo\Modulo General usuarios\AuthSystemNew\AuthSystem.Infrastructure\AuthSystem.Infrastructure.csproj" (el destino "ResGen" depende de ├®l):
   5:9>Compilaci├│n terminada del destino "AfterResGen" en el proyecto "AuthSystem.Infrastructure.csproj".
   5:9>Destino "ResGen" en el archivo "C:\Program Files\dotnet\sdk\9.0.201\Microsoft.Common.CurrentVersion.targets" del proyecto "D:\Users\Jhon\Documentos\Mintrabajo\Modulo General usuarios\AuthSystemNew\AuthSystem.Infrastructure\AuthSystem.Infrastructure.csproj" (el destino "PrepareResources" depende de ├®l):
   5:9>Compilaci├│n terminada del destino "ResGen" en el proyecto "AuthSystem.Infrastructure.csproj".
       Se omiti├│ el destino "CompileLicxFiles" debido a una condici├│n falsa (False); ('@(_LicxFile)'!='') se evalu├│ como (''!='').
   5:9>Destino "PrepareResources" en el archivo "C:\Program Files\dotnet\sdk\9.0.201\Microsoft.Common.CurrentVersion.targets" del proyecto "D:\Users\Jhon\Documentos\Mintrabajo\Modulo General usuarios\AuthSystemNew\AuthSystem.Infrastructure\AuthSystem.Infrastructure.csproj" (el destino "CoreBuild" depende de ├®l):
   5:9>Compilaci├│n terminada del destino "PrepareResources" en el proyecto "AuthSystem.Infrastructure.csproj".
       Se omiti├│ el destino "ResolveKeySource" debido a una condici├│n falsa (False); ($(SignManifests) == 'true' or $(SignAssembly) == 'true') se evalu├│ como ( == 'true' or false == 'true').
       Se omiti├│ el destino "ResolveReferences". Compilado previamente de forma correcta.
       Se omiti├│ el destino "ResolveKeySource" debido a una condici├│n falsa (False); ($(SignManifests) == 'true' or $(SignAssembly) == 'true') se evalu├│ como ( == 'true' or false == 'true').
       Se omiti├│ el destino "ResolveComReferences" debido a una condici├│n falsa (False); ('@(COMReference)'!='' or '@(COMFileReference)'!='') se evalu├│ como (''!='' or ''!='').
       Se omiti├│ el destino "ResolveNativeReferences" debido a una condici├│n falsa (False); ('@(NativeReference)'!='') se evalu├│ como (''!='').
       Se omiti├│ el destino "_SetExternalWin32ManifestProperties" debido a una condici├│n falsa (False); ('$(GenerateClickOnceManifests)'=='true' or '@(NativeReference)'!='' or '@(ResolvedIsolatedComModules)'!='') se evalu├│ como (''=='true' or ''!='' or ''!='').
   5:9>Destino "_SetEmbeddedWin32ManifestProperties" en el archivo "C:\Program Files\dotnet\sdk\9.0.201\Microsoft.Common.CurrentVersion.targets" del proyecto "D:\Users\Jhon\Documentos\Mintrabajo\Modulo General usuarios\AuthSystemNew\AuthSystem.Infrastructure\AuthSystem.Infrastructure.csproj" (el destino "SetWin32ManifestProperties" depende de ├®l):
       Usando la tarea "GetFrameworkPath" del ensamblado "Microsoft.Build.Tasks.Core, Version=15.1.0.0, Culture=neutral, PublicKeyToken=b03f5f7f11d50a3a".
       Tarea "GetFrameworkPath"
       Ejecuci├│n de la tarea "GetFrameworkPath" terminada.
   5:9>Compilaci├│n terminada del destino "_SetEmbeddedWin32ManifestProperties" en el proyecto "AuthSystem.Infrastructure.csproj".
   5:9>Destino "SetWin32ManifestProperties" en el archivo "C:\Program Files\dotnet\sdk\9.0.201\Microsoft.Common.CurrentVersion.targets" del proyecto "D:\Users\Jhon\Documentos\Mintrabajo\Modulo General usuarios\AuthSystemNew\AuthSystem.Infrastructure\AuthSystem.Infrastructure.csproj" (el destino "Compile" depende de ├®l):
   5:9>Compilaci├│n terminada del destino "SetWin32ManifestProperties" en el proyecto "AuthSystem.Infrastructure.csproj".
       Se omiti├│ el destino "_SetPreferNativeArm64Win32ManifestProperties" debido a una condici├│n falsa (False); ( '$(PreferNativeArm64)'=='true' and '$(NoWin32Manifest)'!='true') se evalu├│ como ( 'false'=='true' and ''!='true').
       Se omiti├│ el destino "FindReferenceAssembliesForReferences". Compilado previamente de forma correcta.
   5:9>Destino "_GenerateCompileInputs" en el archivo "C:\Program Files\dotnet\sdk\9.0.201\Microsoft.Common.CurrentVersion.targets" del proyecto "D:\Users\Jhon\Documentos\Mintrabajo\Modulo General usuarios\AuthSystemNew\AuthSystem.Infrastructure\AuthSystem.Infrastructure.csproj" (el destino "Compile" depende de ├®l):
       Se omiti├│ la tarea "MSBuildInternalMessage" debido a una condici├│n falsa (False); ('@(ManifestResourceWithNoCulture)'!='' and '%(ManifestResourceWithNoCulture.EmittedForCompatibilityOnly)'=='') se evalu├│ como (''!='' and ''=='').
       Se omiti├│ la tarea "MSBuildInternalMessage" debido a una condici├│n falsa (False); ('@(ManifestNonResxWithNoCultureOnDisk)'!='' and '%(ManifestNonResxWithNoCultureOnDisk.EmittedForCompatibilityOnly)'=='') se evalu├│ como (''!='' and ''=='').
   5:9>Compilaci├│n terminada del destino "_GenerateCompileInputs" en el proyecto "AuthSystem.Infrastructure.csproj".
       Se omiti├│ el destino "GenerateTargetPlatformDefineConstants" debido a una condici├│n falsa (False); ( '$(DisableImplicitFrameworkDefines)' != 'true' and '$(TargetPlatformIdentifier)' != '' and '$(TargetFrameworkIdentifier)' == '.NETCoreApp' and $([MSBuild]::VersionGreaterThanOrEquals($(TargetFrameworkVersion), 5.0)) ) se evalu├│ como ( '' != 'true' and '' != '' and '.NETCoreApp' == '.NETCoreApp' and True ).
   5:9>Destino "GenerateNETCompatibleDefineConstants" en el archivo "C:\Program Files\dotnet\sdk\9.0.201\Sdks\Microsoft.NET.Sdk\targets\Microsoft.NET.Sdk.BeforeCommon.targets" del proyecto "D:\Users\Jhon\Documentos\Mintrabajo\Modulo General usuarios\AuthSystemNew\AuthSystem.Infrastructure\AuthSystem.Infrastructure.csproj" (el destino "AddImplicitDefineConstants" depende de ├®l):
   5:9>Compilaci├│n terminada del destino "GenerateNETCompatibleDefineConstants" en el proyecto "AuthSystem.Infrastructure.csproj".
       Se omiti├│ el destino "GeneratePlatformCompatibleDefineConstants" debido a una condici├│n falsa (False); ( '$(DisableImplicitFrameworkDefines)' != 'true' and '$(TargetPlatformIdentifier)' != '' and '$(TargetFrameworkIdentifier)' == '.NETCoreApp' and $([MSBuild]::VersionGreaterThanOrEquals($(TargetFrameworkVersion), 5.0)) ) se evalu├│ como ( '' != 'true' and '' != '' and '.NETCoreApp' == '.NETCoreApp' and True ).
       Se omiti├│ el destino "_DisableDiagnosticTracing" debido a una condici├│n falsa (False); ('$(DisableDiagnosticTracing)' == 'true') se evalu├│ como ('' == 'true').
   5:9>Destino "AddImplicitDefineConstants" en el archivo "C:\Program Files\dotnet\sdk\9.0.201\Sdks\Microsoft.NET.Sdk\targets\Microsoft.NET.Sdk.BeforeCommon.targets" del proyecto "D:\Users\Jhon\Documentos\Mintrabajo\Modulo General usuarios\AuthSystemNew\AuthSystem.Infrastructure\AuthSystem.Infrastructure.csproj" (el destino "BeforeCompile" depende de ├®l):
   5:9>Compilaci├│n terminada del destino "AddImplicitDefineConstants" en el proyecto "AuthSystem.Infrastructure.csproj".
       Se omiti├│ el destino "PrepareForBuild". Compilado previamente de forma correcta.
   5:9>Destino "GenerateMSBuildEditorConfigFileShouldRun" en el archivo "C:\Program Files\dotnet\sdk\9.0.201\Roslyn\Microsoft.Managed.Core.targets" del proyecto "D:\Users\Jhon\Documentos\Mintrabajo\Modulo General usuarios\AuthSystemNew\AuthSystem.Infrastructure\AuthSystem.Infrastructure.csproj" (el destino "GenerateMSBuildEditorConfigFile" depende de ├®l):
   5:9>Compilaci├│n terminada del destino "GenerateMSBuildEditorConfigFileShouldRun" en el proyecto "AuthSystem.Infrastructure.csproj".
   5:9>Destino "AddGlobalAnalyzerConfigForPackage_MicrosoftCodeAnalysisCSharpCodeStyle" en el archivo "C:\Program Files\dotnet\sdk\9.0.201\Sdks\Microsoft.NET.Sdk\codestyle\cs\build\Microsoft.CodeAnalysis.CSharp.CodeStyle.targets" del proyecto "D:\Users\Jhon\Documentos\Mintrabajo\Modulo General usuarios\AuthSystemNew\AuthSystem.Infrastructure\AuthSystem.Infrastructure.csproj" (el destino "GenerateMSBuildEditorConfigFileCore" depende de ├®l):
   5:9>Compilaci├│n terminada del destino "AddGlobalAnalyzerConfigForPackage_MicrosoftCodeAnalysisCSharpCodeStyle" en el proyecto "AuthSystem.Infrastructure.csproj".
   5:9>Destino "GenerateMSBuildEditorConfigFileCore" en el archivo "C:\Program Files\dotnet\sdk\9.0.201\Roslyn\Microsoft.Managed.Core.targets" del proyecto "D:\Users\Jhon\Documentos\Mintrabajo\Modulo General usuarios\AuthSystemNew\AuthSystem.Infrastructure\AuthSystem.Infrastructure.csproj" (el destino "GenerateMSBuildEditorConfigFile" depende de ├®l):
       Compilando completamente el destino "GenerateMSBuildEditorConfigFileCore".
       No se especificaron archivos de entrada.
       Usando la tarea "GenerateMSBuildEditorConfig" del ensamblado "C:\Program Files\dotnet\sdk\9.0.201\Roslyn\Microsoft.Build.Tasks.CodeAnalysis.dll".
       Tarea "GenerateMSBuildEditorConfig"
       Ejecuci├│n de la tarea "GenerateMSBuildEditorConfig" terminada.
   5:9>Compilaci├│n terminada del destino "GenerateMSBuildEditorConfigFileCore" en el proyecto "AuthSystem.Infrastructure.csproj".
   5:9>Destino "GenerateMSBuildEditorConfigFile" en el archivo "C:\Program Files\dotnet\sdk\9.0.201\Roslyn\Microsoft.Managed.Core.targets" del proyecto "D:\Users\Jhon\Documentos\Mintrabajo\Modulo General usuarios\AuthSystemNew\AuthSystem.Infrastructure\AuthSystem.Infrastructure.csproj" (el destino "BeforeCompile" depende de ├®l):
   5:9>Compilaci├│n terminada del destino "GenerateMSBuildEditorConfigFile" en el proyecto "AuthSystem.Infrastructure.csproj".
       Se omiti├│ el destino "PrepareForBuild". Compilado previamente de forma correcta.
       Se omiti├│ el destino "GetReferenceAssemblyPaths". Compilado previamente de forma correcta.
   5:9>Destino "_SetTargetFrameworkMonikerAttribute" en el archivo "C:\Program Files\dotnet\sdk\9.0.201\Microsoft.CSharp.CurrentVersion.targets" del proyecto "D:\Users\Jhon\Documentos\Mintrabajo\Modulo General usuarios\AuthSystemNew\AuthSystem.Infrastructure\AuthSystem.Infrastructure.csproj" (el destino "GenerateTargetFrameworkMonikerAttribute" depende de ├®l):
   5:9>Compilaci├│n terminada del destino "_SetTargetFrameworkMonikerAttribute" en el proyecto "AuthSystem.Infrastructure.csproj".
   5:9>Destino "GenerateTargetFrameworkMonikerAttribute" en el archivo "C:\Program Files\dotnet\sdk\9.0.201\Microsoft.Common.CurrentVersion.targets" del proyecto "D:\Users\Jhon\Documentos\Mintrabajo\Modulo General usuarios\AuthSystemNew\AuthSystem.Infrastructure\AuthSystem.Infrastructure.csproj" (el destino "BeforeCompile" depende de ├®l):
       Se omitir├í el destino "GenerateTargetFrameworkMonikerAttribute" porque todos los archivos de salida est├ín actualizados respecto a los archivos de entrada.
       Archivos de entrada: C:\Program Files\dotnet\sdk\9.0.201\Microsoft.Common.targets
       Archivos de salida: obj\Debug\net8.0\.NETCoreApp,Version=v8.0.AssemblyAttributes.cs
   5:9>Compilaci├│n terminada del destino "GenerateTargetFrameworkMonikerAttribute" en el proyecto "AuthSystem.Infrastructure.csproj".
       Se omiti├│ el destino "GenerateAdditionalSources" debido a una condici├│n falsa (False); ('@(AssemblyAttributes)' != '' and '$(GenerateAdditionalSources)' == 'true') se evalu├│ como ('' != '' and '' == 'true').
       Se omiti├│ el destino "PrepareForBuild". Compilado previamente de forma correcta.
   5:9>Destino "GetAssemblyVersion" en el archivo "C:\Program Files\dotnet\sdk\9.0.201\Sdks\Microsoft.NET.Sdk\targets\Microsoft.NET.GenerateAssemblyInfo.targets" del proyecto "D:\Users\Jhon\Documentos\Mintrabajo\Modulo General usuarios\AuthSystemNew\AuthSystem.Infrastructure\AuthSystem.Infrastructure.csproj" (el destino "GetAssemblyAttributes" depende de ├®l):
       Usando la tarea "GetAssemblyVersion" del ensamblado "C:\Program Files\dotnet\sdk\9.0.201\Sdks\Microsoft.NET.Sdk\targets\..\tools\net9.0\Microsoft.NET.Build.Tasks.dll".
       Tarea "GetAssemblyVersion"
       Ejecuci├│n de la tarea "GetAssemblyVersion" terminada.
   5:9>Compilaci├│n terminada del destino "GetAssemblyVersion" en el proyecto "AuthSystem.Infrastructure.csproj".
       Se omiti├│ el destino "GetAssemblyVersion". Compilado previamente de forma correcta.
   5:9>Destino "InitializeSourceControlInformationFromSourceControlManager" en el archivo "C:\Program Files\dotnet\sdk\9.0.201\Sdks\Microsoft.Build.Tasks.Git\build\Microsoft.Build.Tasks.Git.targets" del proyecto "D:\Users\Jhon\Documentos\Mintrabajo\Modulo General usuarios\AuthSystemNew\AuthSystem.Infrastructure\AuthSystem.Infrastructure.csproj" (el destino "_InitializeSourceControlInformationFromSourceControlManager" depende de ├®l):
       Usando la tarea "Microsoft.Build.Tasks.Git.LocateRepository" del ensamblado "C:\Program Files\dotnet\sdk\9.0.201\Sdks\Microsoft.Build.Tasks.Git\build\..\tools\net\Microsoft.Build.Tasks.Git.dll".
       Tarea "Microsoft.Build.Tasks.Git.LocateRepository"
         SourceLink: Repository instance not found in cache: '*:D:\Users\Jhon\Documentos\Mintrabajo\Modulo General usuarios\AuthSystemNew\.git'
       Ejecuci├│n de la tarea "Microsoft.Build.Tasks.Git.LocateRepository" terminada.
   5:9>Compilaci├│n terminada del destino "InitializeSourceControlInformationFromSourceControlManager" en el proyecto "AuthSystem.Infrastructure.csproj".
   5:9>Destino "_SourceLinkHasSingleProvider" en el archivo "C:\Program Files\dotnet\sdk\9.0.201\Sdks\Microsoft.SourceLink.Common\build\InitializeSourceControlInformation.targets" del proyecto "D:\Users\Jhon\Documentos\Mintrabajo\Modulo General usuarios\AuthSystemNew\AuthSystem.Infrastructure\AuthSystem.Infrastructure.csproj" (el destino "_InitializeSourceControlInformationFromSourceControlManager" depende de ├®l):
       Usando la tarea "Microsoft.SourceLink.Common.SourceLinkHasSingleProvider" del ensamblado "C:\Program Files\dotnet\sdk\9.0.201\Sdks\Microsoft.SourceLink.Common\build\..\tools\net\Microsoft.SourceLink.Common.dll".
       Tarea "Microsoft.SourceLink.Common.SourceLinkHasSingleProvider"
       Ejecuci├│n de la tarea "Microsoft.SourceLink.Common.SourceLinkHasSingleProvider" terminada.
   5:9>Compilaci├│n terminada del destino "_SourceLinkHasSingleProvider" en el proyecto "AuthSystem.Infrastructure.csproj".
   5:9>Destino "TranslateGitHubUrlsInSourceControlInformation" en el archivo "C:\Program Files\dotnet\sdk\9.0.201\Sdks\Microsoft.SourceLink.GitHub\build\Microsoft.SourceLink.GitHub.targets" del proyecto "D:\Users\Jhon\Documentos\Mintrabajo\Modulo General usuarios\AuthSystemNew\AuthSystem.Infrastructure\AuthSystem.Infrastructure.csproj" (el destino "_InitializeSourceControlInformationFromSourceControlManager" depende de ├®l):
       Usando la tarea "Microsoft.SourceLink.GitHub.TranslateRepositoryUrls" del ensamblado "C:\Program Files\dotnet\sdk\9.0.201\Sdks\Microsoft.SourceLink.GitHub\build\..\tools\net\Microsoft.SourceLink.GitHub.dll".
       Tarea "Microsoft.SourceLink.GitHub.TranslateRepositoryUrls"
       Ejecuci├│n de la tarea "Microsoft.SourceLink.GitHub.TranslateRepositoryUrls" terminada.
   5:9>Compilaci├│n terminada del destino "TranslateGitHubUrlsInSourceControlInformation" en el proyecto "AuthSystem.Infrastructure.csproj".
   5:9>Destino "TranslateGitLabUrlsInSourceControlInformation" en el archivo "C:\Program Files\dotnet\sdk\9.0.201\Sdks\Microsoft.SourceLink.GitLab\build\Microsoft.SourceLink.GitLab.targets" del proyecto "D:\Users\Jhon\Documentos\Mintrabajo\Modulo General usuarios\AuthSystemNew\AuthSystem.Infrastructure\AuthSystem.Infrastructure.csproj" (el destino "_InitializeSourceControlInformationFromSourceControlManager" depende de ├®l):
       Usando la tarea "Microsoft.SourceLink.GitLab.TranslateRepositoryUrls" del ensamblado "C:\Program Files\dotnet\sdk\9.0.201\Sdks\Microsoft.SourceLink.GitLab\build\..\tools\net\Microsoft.SourceLink.GitLab.dll".
       Tarea "Microsoft.SourceLink.GitLab.TranslateRepositoryUrls"
       Ejecuci├│n de la tarea "Microsoft.SourceLink.GitLab.TranslateRepositoryUrls" terminada.
   5:9>Compilaci├│n terminada del destino "TranslateGitLabUrlsInSourceControlInformation" en el proyecto "AuthSystem.Infrastructure.csproj".
   5:9>Destino "TranslateAzureReposGitUrlsInSourceControlInformation" en el archivo "C:\Program Files\dotnet\sdk\9.0.201\Sdks\Microsoft.SourceLink.AzureRepos.Git\build\Microsoft.SourceLink.AzureRepos.Git.targets" del proyecto "D:\Users\Jhon\Documentos\Mintrabajo\Modulo General usuarios\AuthSystemNew\AuthSystem.Infrastructure\AuthSystem.Infrastructure.csproj" (el destino "_InitializeSourceControlInformationFromSourceControlManager" depende de ├®l):
       Usando la tarea "Microsoft.SourceLink.AzureRepos.Git.TranslateRepositoryUrls" del ensamblado "C:\Program Files\dotnet\sdk\9.0.201\Sdks\Microsoft.SourceLink.AzureRepos.Git\build\..\tools\net\Microsoft.SourceLink.AzureRepos.Git.dll".
       Tarea "Microsoft.SourceLink.AzureRepos.Git.TranslateRepositoryUrls"
       Ejecuci├│n de la tarea "Microsoft.SourceLink.AzureRepos.Git.TranslateRepositoryUrls" terminada.
   5:9>Compilaci├│n terminada del destino "TranslateAzureReposGitUrlsInSourceControlInformation" en el proyecto "AuthSystem.Infrastructure.csproj".
   5:9>Destino "TranslateBitbucketGitUrlsInSourceControlInformation" en el archivo "C:\Program Files\dotnet\sdk\9.0.201\Sdks\Microsoft.SourceLink.Bitbucket.Git\build\Microsoft.SourceLink.Bitbucket.Git.targets" del proyecto "D:\Users\Jhon\Documentos\Mintrabajo\Modulo General usuarios\AuthSystemNew\AuthSystem.Infrastructure\AuthSystem.Infrastructure.csproj" (el destino "_InitializeSourceControlInformationFromSourceControlManager" depende de ├®l):
       Usando la tarea "Microsoft.SourceLink.Bitbucket.Git.TranslateRepositoryUrls" del ensamblado "C:\Program Files\dotnet\sdk\9.0.201\Sdks\Microsoft.SourceLink.Bitbucket.Git\build\..\tools\net\Microsoft.SourceLink.Bitbucket.Git.dll".
       Tarea "Microsoft.SourceLink.Bitbucket.Git.TranslateRepositoryUrls"
       Ejecuci├│n de la tarea "Microsoft.SourceLink.Bitbucket.Git.TranslateRepositoryUrls" terminada.
   5:9>Compilaci├│n terminada del destino "TranslateBitbucketGitUrlsInSourceControlInformation" en el proyecto "AuthSystem.Infrastructure.csproj".
   5:9>Destino "SourceControlManagerPublishTranslatedUrls" en el archivo "C:\Program Files\dotnet\sdk\9.0.201\Sdks\Microsoft.SourceLink.Common\build\InitializeSourceControlInformation.targets" del proyecto "D:\Users\Jhon\Documentos\Mintrabajo\Modulo General usuarios\AuthSystemNew\AuthSystem.Infrastructure\AuthSystem.Infrastructure.csproj" (el destino "_InitializeSourceControlInformationFromSourceControlManager" depende de ├®l):
   5:9>Compilaci├│n terminada del destino "SourceControlManagerPublishTranslatedUrls" en el proyecto "AuthSystem.Infrastructure.csproj".
   5:9>Destino "_InitializeSourceControlInformationFromSourceControlManager" en el archivo "C:\Program Files\dotnet\sdk\9.0.201\Sdks\Microsoft.SourceLink.Common\build\InitializeSourceControlInformation.targets" del proyecto "D:\Users\Jhon\Documentos\Mintrabajo\Modulo General usuarios\AuthSystemNew\AuthSystem.Infrastructure\AuthSystem.Infrastructure.csproj" (el destino "InitializeSourceControlInformation" depende de ├®l):
   5:9>Compilaci├│n terminada del destino "_InitializeSourceControlInformationFromSourceControlManager" en el proyecto "AuthSystem.Infrastructure.csproj".
   5:9>Destino "InitializeSourceControlInformation" en el archivo "C:\Program Files\dotnet\sdk\9.0.201\Microsoft.Common.CurrentVersion.targets" del proyecto "D:\Users\Jhon\Documentos\Mintrabajo\Modulo General usuarios\AuthSystemNew\AuthSystem.Infrastructure\AuthSystem.Infrastructure.csproj" (el destino "AddSourceRevisionToInformationalVersion" depende de ├®l):
   5:9>Compilaci├│n terminada del destino "InitializeSourceControlInformation" en el proyecto "AuthSystem.Infrastructure.csproj".
   5:9>Destino "AddSourceRevisionToInformationalVersion" en el archivo "C:\Program Files\dotnet\sdk\9.0.201\Sdks\Microsoft.NET.Sdk\targets\Microsoft.NET.GenerateAssemblyInfo.targets" del proyecto "D:\Users\Jhon\Documentos\Mintrabajo\Modulo General usuarios\AuthSystemNew\AuthSystem.Infrastructure\AuthSystem.Infrastructure.csproj" (el destino "GetAssemblyAttributes" depende de ├®l):
   5:9>Compilaci├│n terminada del destino "AddSourceRevisionToInformationalVersion" en el proyecto "AuthSystem.Infrastructure.csproj".
       Se omiti├│ el destino "_GetUserSecretsAssemblyAttribute" debido a una condici├│n falsa (False); ( '$(UserSecretsId)' != '' AND '$(GenerateUserSecretsAttribute)' != 'false' AND '$(GeneratedUserSecretsAttributeFile)' == '' ) se evalu├│ como ( '' != '' AND '' != 'false' AND '' == '' ).
   5:9>Destino "GetAssemblyAttributes" en el archivo "C:\Program Files\dotnet\sdk\9.0.201\Sdks\Microsoft.NET.Sdk\targets\Microsoft.NET.GenerateAssemblyInfo.targets" del proyecto "D:\Users\Jhon\Documentos\Mintrabajo\Modulo General usuarios\AuthSystemNew\AuthSystem.Infrastructure\AuthSystem.Infrastructure.csproj" (el destino "CreateGeneratedAssemblyInfoInputsCacheFile" depende de ├®l):
   5:9>Compilaci├│n terminada del destino "GetAssemblyAttributes" en el proyecto "AuthSystem.Infrastructure.csproj".
   5:9>Destino "CreateGeneratedAssemblyInfoInputsCacheFile" en el archivo "C:\Program Files\dotnet\sdk\9.0.201\Sdks\Microsoft.NET.Sdk\targets\Microsoft.NET.GenerateAssemblyInfo.targets" del proyecto "D:\Users\Jhon\Documentos\Mintrabajo\Modulo General usuarios\AuthSystemNew\AuthSystem.Infrastructure\AuthSystem.Infrastructure.csproj" (el destino "CoreGenerateAssemblyInfo" depende de ├®l):
       Usando la tarea "Hash" del ensamblado "Microsoft.Build.Tasks.Core, Version=15.1.0.0, Culture=neutral, PublicKeyToken=b03f5f7f11d50a3a".
       Tarea "Hash"
       Ejecuci├│n de la tarea "Hash" terminada.
       Tarea "WriteLinesToFile"
         Omitiendo la escritura en el archivo "obj\Debug\net8.0\AuthSystem.Infrastructure.AssemblyInfoInputs.cache" porque el contenido no cambiar├í.
       Ejecuci├│n de la tarea "WriteLinesToFile" terminada.
   5:9>Compilaci├│n terminada del destino "CreateGeneratedAssemblyInfoInputsCacheFile" en el proyecto "AuthSystem.Infrastructure.csproj".
   5:9>Destino "CoreGenerateAssemblyInfo" en el archivo "C:\Program Files\dotnet\sdk\9.0.201\Sdks\Microsoft.NET.Sdk\targets\Microsoft.NET.GenerateAssemblyInfo.targets" del proyecto "D:\Users\Jhon\Documentos\Mintrabajo\Modulo General usuarios\AuthSystemNew\AuthSystem.Infrastructure\AuthSystem.Infrastructure.csproj" (el destino "GenerateAssemblyInfo" depende de ├®l):
       Se omitir├í el destino "CoreGenerateAssemblyInfo" porque todos los archivos de salida est├ín actualizados respecto a los archivos de entrada.
       Archivos de entrada: obj\Debug\net8.0\AuthSystem.Infrastructure.AssemblyInfoInputs.cache
       Archivos de salida: obj\Debug\net8.0\AuthSystem.Infrastructure.AssemblyInfo.cs
   5:9>Compilaci├│n terminada del destino "CoreGenerateAssemblyInfo" en el proyecto "AuthSystem.Infrastructure.csproj".
   5:9>Destino "GenerateAssemblyInfo" en el archivo "C:\Program Files\dotnet\sdk\9.0.201\Sdks\Microsoft.NET.Sdk\targets\Microsoft.NET.GenerateAssemblyInfo.targets" del proyecto "D:\Users\Jhon\Documentos\Mintrabajo\Modulo General usuarios\AuthSystemNew\AuthSystem.Infrastructure\AuthSystem.Infrastructure.csproj" (el destino "BeforeCompile" depende de ├®l):
   5:9>Compilaci├│n terminada del destino "GenerateAssemblyInfo" en el proyecto "AuthSystem.Infrastructure.csproj".
   5:9>Destino "BeforeCompile" en el archivo "C:\Program Files\dotnet\sdk\9.0.201\Microsoft.Common.CurrentVersion.targets" del proyecto "D:\Users\Jhon\Documentos\Mintrabajo\Modulo General usuarios\AuthSystemNew\AuthSystem.Infrastructure\AuthSystem.Infrastructure.csproj" (el destino "Compile" depende de ├®l):
   5:9>Compilaci├│n terminada del destino "BeforeCompile" en el proyecto "AuthSystem.Infrastructure.csproj".
       Se omiti├│ el destino "_TimeStampBeforeCompile" debido a una condici├│n falsa (False); ('$(RunPostBuildEvent)'=='OnOutputUpdated' or ('$(RegisterForComInterop)'=='true' and '$(OutputType)'=='library')) se evalu├│ como (''=='OnOutputUpdated' or (''=='true' and 'Library'=='library')).
       Se omiti├│ el destino "ResolveAssemblyReferences". Compilado previamente de forma correcta.
   5:9>Destino "_GenerateCompileDependencyCache" en el archivo "C:\Program Files\dotnet\sdk\9.0.201\Microsoft.Common.CurrentVersion.targets" del proyecto "D:\Users\Jhon\Documentos\Mintrabajo\Modulo General usuarios\AuthSystemNew\AuthSystem.Infrastructure\AuthSystem.Infrastructure.csproj" (el destino "Compile" depende de ├®l):
       Tarea "Hash"
       Ejecuci├│n de la tarea "Hash" terminada.
       Tarea "WriteLinesToFile"
         Omitiendo la escritura en el archivo "obj\Debug\net8.0\AuthSystem.Infrastructure.csproj.CoreCompileInputs.cache" porque el contenido no cambiar├í.
       Ejecuci├│n de la tarea "WriteLinesToFile" terminada.
   5:9>Compilaci├│n terminada del destino "_GenerateCompileDependencyCache" en el proyecto "AuthSystem.Infrastructure.csproj".
       Se omiti├│ el destino "_ComputeNonExistentFileProperty" debido a una condici├│n falsa (False); (('$(BuildingInsideVisualStudio)' == 'true') and ('$(BuildingOutOfProcess)' != 'true') and (('$(BuildingProject)' == 'false') or ('$(UseHostCompilerIfAvailable)' == 'true'))) se evalu├│ como (('' == 'true') and ('' != 'true') and (('true' == 'false') or ('true' == 'true'))).
       Se omiti├│ el destino "ResolveCodeAnalysisRuleSet" debido a una condici├│n falsa (False); ('$(CodeAnalysisRuleSet)' != '') se evalu├│ como ('' != '').
       Se omiti├│ el destino "ShimReferencePathsWhenCommonTargetsDoesNotUnderstandReferenceAssemblies" debido a una condici├│n falsa (False); ('@(ReferencePathWithRefAssemblies)' == '') se evalu├│ como ('D:\Users\Jhon\Documentos\Mintrabajo\Modulo General usuarios\AuthSystemNew\AuthSystem.Application\obj\Debug\net8.0\ref\AuthSystem.Application.dll;D:\Users\Jhon\Documentos\Mintrabajo\Modulo General usuarios\AuthSystemNew\AuthSystem.Domain\obj\Debug\net8.0\ref\AuthSystem.Domain.dll;C:\Users\JHON\.nuget\packages\azure.core\1.25.0\lib\net5.0\Azure.Core.dll;...' == '').
   5:9>Destino "_BeforeVBCSCoreCompile" en el archivo "C:\Program Files\dotnet\sdk\9.0.201\Roslyn\Microsoft.Managed.Core.targets" del proyecto "D:\Users\Jhon\Documentos\Mintrabajo\Modulo General usuarios\AuthSystemNew\AuthSystem.Infrastructure\AuthSystem.Infrastructure.csproj" (el destino "CoreCompile" depende de ├®l):
   5:9>Compilaci├│n terminada del destino "_BeforeVBCSCoreCompile" en el proyecto "AuthSystem.Infrastructure.csproj".
       Se omiti├│ el destino "AdjustDefaultPlatformTargetForNetFrameworkExeWithNoNativeCopyLocalItems" debido a una condici├│n falsa (False); ('$(_UsingDefaultPlatformTarget)' == 'true' and
                            '$(_UsingDefaultRuntimeIdentifier)' == 'true') se evalu├│ como ('true' == 'true' and
                            '' == 'true').
       Se omiti├│ el destino "_DisableDiagnosticTracing" debido a una condici├│n falsa (False); ('$(DisableDiagnosticTracing)' == 'true') se evalu├│ como ('' == 'true').
       Se omiti├│ el destino "ShimReferencePathsWhenCommonTargetsDoesNotUnderstandReferenceAssemblies" debido a una condici├│n falsa (False); ('@(ReferencePathWithRefAssemblies)' == '') se evalu├│ como ('D:\Users\Jhon\Documentos\Mintrabajo\Modulo General usuarios\AuthSystemNew\AuthSystem.Application\obj\Debug\net8.0\ref\AuthSystem.Application.dll;D:\Users\Jhon\Documentos\Mintrabajo\Modulo General usuarios\AuthSystemNew\AuthSystem.Domain\obj\Debug\net8.0\ref\AuthSystem.Domain.dll;C:\Users\JHON\.nuget\packages\azure.core\1.25.0\lib\net5.0\Azure.Core.dll;...' == '').
   5:9>Destino "_ComputeSkipAnalyzers" en el archivo "C:\Program Files\dotnet\sdk\9.0.201\Roslyn\Microsoft.Managed.Core.targets" del proyecto "D:\Users\Jhon\Documentos\Mintrabajo\Modulo General usuarios\AuthSystemNew\AuthSystem.Infrastructure\AuthSystem.Infrastructure.csproj" (el destino "CoreCompile" depende de ├®l):
       Se omiti├│ la tarea "ShowMessageForImplicitlySkipAnalyzers" debido a una condici├│n falsa (False); ('$(_ImplicitlySkipAnalyzers)' == 'true') se evalu├│ como ('' == 'true').
   5:9>Compilaci├│n terminada del destino "_ComputeSkipAnalyzers" en el proyecto "AuthSystem.Infrastructure.csproj".
       Se omiti├│ el destino "_SetPathMapFromSourceRoots" debido a una condici├│n falsa (False); ('$(DeterministicSourcePaths)' == 'true') se evalu├│ como ('' == 'true').
       Se omiti├│ el destino "CreateCompilerGeneratedFilesOutputPath" debido a una condici├│n falsa (False); ('$(EmitCompilerGeneratedFiles)' == 'true' and !('$(DesignTimeBuild)' == 'true' OR '$(BuildingProject)' != 'true')) se evalu├│ como ('false' == 'true' and !('' == 'true' OR 'true' != 'true')).
       Se omiti├│ el destino "_CheckMicrosoftNetSdkCompilersToolsetPackageExists" debido a una condici├│n falsa (False); ('$(_NeedToDownloadMicrosoftNetSdkCompilersToolsetPackage)' == 'true' and '$(DesignTimeBuild)' != 'true') se evalu├│ como ('' == 'true' and '' != 'true').
       Se omiti├│ el destino "BeforeCompile". Compilado previamente de forma correcta.
       Se omiti├│ el destino "InitializeSourceControlInformationFromSourceControlManager". Compilado previamente de forma correcta.
   5:9>Destino "SetEmbeddedFilesFromSourceControlManagerUntrackedFiles" en el archivo "C:\Program Files\dotnet\sdk\9.0.201\Sdks\Microsoft.Build.Tasks.Git\build\Microsoft.Build.Tasks.Git.targets" del proyecto "D:\Users\Jhon\Documentos\Mintrabajo\Modulo General usuarios\AuthSystemNew\AuthSystem.Infrastructure\AuthSystem.Infrastructure.csproj" (el destino "_SetEmbeddedFilesFromSourceControlManagerUntrackedFiles" depende de ├®l):
       Usando la tarea "Microsoft.Build.Tasks.Git.GetUntrackedFiles" del ensamblado "C:\Program Files\dotnet\sdk\9.0.201\Sdks\Microsoft.Build.Tasks.Git\build\..\tools\net\Microsoft.Build.Tasks.Git.dll".
       Tarea "Microsoft.Build.Tasks.Git.GetUntrackedFiles"
         SourceLink: Reusing cached git repository information.
       Ejecuci├│n de la tarea "Microsoft.Build.Tasks.Git.GetUntrackedFiles" terminada.
   5:9>Compilaci├│n terminada del destino "SetEmbeddedFilesFromSourceControlManagerUntrackedFiles" en el proyecto "AuthSystem.Infrastructure.csproj".
   5:9>Destino "_SetEmbeddedFilesFromSourceControlManagerUntrackedFiles" en el archivo "C:\Program Files\dotnet\sdk\9.0.201\Sdks\Microsoft.SourceLink.Common\build\Microsoft.SourceLink.Common.targets" del proyecto "D:\Users\Jhon\Documentos\Mintrabajo\Modulo General usuarios\AuthSystemNew\AuthSystem.Infrastructure\AuthSystem.Infrastructure.csproj" (el destino "CoreCompile" depende de ├®l):
   5:9>Compilaci├│n terminada del destino "_SetEmbeddedFilesFromSourceControlManagerUntrackedFiles" en el proyecto "AuthSystem.Infrastructure.csproj".
       Se omiti├│ el destino "InitializeSourceControlInformation". Compilado previamente de forma correcta.
   5:9>Destino "_SetSourceLinkFilePath" en el archivo "C:\Program Files\dotnet\sdk\9.0.201\Sdks\Microsoft.SourceLink.Common\build\Microsoft.SourceLink.Common.targets" del proyecto "D:\Users\Jhon\Documentos\Mintrabajo\Modulo General usuarios\AuthSystemNew\AuthSystem.Infrastructure\AuthSystem.Infrastructure.csproj" (el destino "_GenerateSourceLinkFile" depende de ├®l):
   5:9>Compilaci├│n terminada del destino "_SetSourceLinkFilePath" en el proyecto "AuthSystem.Infrastructure.csproj".
       Se omiti├│ el destino "InitializeSourceControlInformation". Compilado previamente de forma correcta.
   5:9>Destino "_InitializeSourceRootMappedPathsFromSourceControl" en el archivo "C:\Program Files\dotnet\sdk\9.0.201\Roslyn\Microsoft.Managed.Core.targets" del proyecto "D:\Users\Jhon\Documentos\Mintrabajo\Modulo General usuarios\AuthSystemNew\AuthSystem.Infrastructure\AuthSystem.Infrastructure.csproj" (el destino "InitializeSourceRootMappedPaths" depende de ├®l):
   5:9>Compilaci├│n terminada del destino "_InitializeSourceRootMappedPathsFromSourceControl" en el proyecto "AuthSystem.Infrastructure.csproj".
   5:9>Destino "InitializeSourceRootMappedPaths" en el archivo "C:\Program Files\dotnet\sdk\9.0.201\Roslyn\Microsoft.Managed.Core.targets" del proyecto "D:\Users\Jhon\Documentos\Mintrabajo\Modulo General usuarios\AuthSystemNew\AuthSystem.Infrastructure\AuthSystem.Infrastructure.csproj" (el destino "_InitializeSourceRootMappedPathsOpt" depende de ├®l):
       Usando la tarea "Microsoft.CodeAnalysis.BuildTasks.MapSourceRoots" del ensamblado "C:\Program Files\dotnet\sdk\9.0.201\Roslyn\Microsoft.Build.Tasks.CodeAnalysis.dll".
       Tarea "Microsoft.CodeAnalysis.BuildTasks.MapSourceRoots"
       Ejecuci├│n de la tarea "Microsoft.CodeAnalysis.BuildTasks.MapSourceRoots" terminada.
   5:9>Compilaci├│n terminada del destino "InitializeSourceRootMappedPaths" en el proyecto "AuthSystem.Infrastructure.csproj".
   5:9>Destino "_InitializeSourceRootMappedPathsOpt" en el archivo "C:\Program Files\dotnet\sdk\9.0.201\Sdks\Microsoft.SourceLink.Common\build\Microsoft.SourceLink.Common.targets" del proyecto "D:\Users\Jhon\Documentos\Mintrabajo\Modulo General usuarios\AuthSystemNew\AuthSystem.Infrastructure\AuthSystem.Infrastructure.csproj" (el destino "_GenerateSourceLinkFile" depende de ├®l):
   5:9>Compilaci├│n terminada del destino "_InitializeSourceRootMappedPathsOpt" en el proyecto "AuthSystem.Infrastructure.csproj".
   5:9>Destino "_InitializeGitHubSourceLinkUrl" en el archivo "C:\Program Files\dotnet\sdk\9.0.201\Sdks\Microsoft.SourceLink.GitHub\build\Microsoft.SourceLink.GitHub.targets" del proyecto "D:\Users\Jhon\Documentos\Mintrabajo\Modulo General usuarios\AuthSystemNew\AuthSystem.Infrastructure\AuthSystem.Infrastructure.csproj" (el destino "_GenerateSourceLinkFile" depende de ├®l):
       Compilando completamente el destino "_InitializeGitHubSourceLinkUrl".
       No se especificaron archivos de entrada.
       Usando la tarea "Microsoft.SourceLink.GitHub.GetSourceLinkUrl" del ensamblado "C:\Program Files\dotnet\sdk\9.0.201\Sdks\Microsoft.SourceLink.GitHub\build\..\tools\net\Microsoft.SourceLink.GitHub.dll".
       Tarea "Microsoft.SourceLink.GitHub.GetSourceLinkUrl"
       Ejecuci├│n de la tarea "Microsoft.SourceLink.GitHub.GetSourceLinkUrl" terminada.
   5:9>Compilaci├│n terminada del destino "_InitializeGitHubSourceLinkUrl" en el proyecto "AuthSystem.Infrastructure.csproj".
   5:9>Destino "_InitializeGitHubSourceLinkUrl" en el archivo "C:\Program Files\dotnet\sdk\9.0.201\Sdks\Microsoft.SourceLink.GitHub\build\Microsoft.SourceLink.GitHub.targets" del proyecto "D:\Users\Jhon\Documentos\Mintrabajo\Modulo General usuarios\AuthSystemNew\AuthSystem.Infrastructure\AuthSystem.Infrastructure.csproj" (el destino "_GenerateSourceLinkFile" depende de ├®l):
       Compilando completamente el destino "_InitializeGitHubSourceLinkUrl".
       No se especificaron archivos de entrada.
       Tarea "Microsoft.SourceLink.GitHub.GetSourceLinkUrl"
       Ejecuci├│n de la tarea "Microsoft.SourceLink.GitHub.GetSourceLinkUrl" terminada.
   5:9>Compilaci├│n terminada del destino "_InitializeGitHubSourceLinkUrl" en el proyecto "AuthSystem.Infrastructure.csproj".
   5:9>Destino "_InitializeGitHubSourceLinkUrl" en el archivo "C:\Program Files\dotnet\sdk\9.0.201\Sdks\Microsoft.SourceLink.GitHub\build\Microsoft.SourceLink.GitHub.targets" del proyecto "D:\Users\Jhon\Documentos\Mintrabajo\Modulo General usuarios\AuthSystemNew\AuthSystem.Infrastructure\AuthSystem.Infrastructure.csproj" (el destino "_GenerateSourceLinkFile" depende de ├®l):
       Compilando completamente el destino "_InitializeGitHubSourceLinkUrl".
       No se especificaron archivos de entrada.
       Tarea "Microsoft.SourceLink.GitHub.GetSourceLinkUrl"
       Ejecuci├│n de la tarea "Microsoft.SourceLink.GitHub.GetSourceLinkUrl" terminada.
   5:9>Compilaci├│n terminada del destino "_InitializeGitHubSourceLinkUrl" en el proyecto "AuthSystem.Infrastructure.csproj".
   5:9>Destino "_InitializeGitLabSourceLinkUrl" en el archivo "C:\Program Files\dotnet\sdk\9.0.201\Sdks\Microsoft.SourceLink.GitLab\build\Microsoft.SourceLink.GitLab.targets" del proyecto "D:\Users\Jhon\Documentos\Mintrabajo\Modulo General usuarios\AuthSystemNew\AuthSystem.Infrastructure\AuthSystem.Infrastructure.csproj" (el destino "_GenerateSourceLinkFile" depende de ├®l):
       Compilando completamente el destino "_InitializeGitLabSourceLinkUrl".
       No se especificaron archivos de entrada.
       Usando la tarea "Microsoft.SourceLink.GitLab.GetSourceLinkUrl" del ensamblado "C:\Program Files\dotnet\sdk\9.0.201\Sdks\Microsoft.SourceLink.GitLab\build\..\tools\net\Microsoft.SourceLink.GitLab.dll".
       Tarea "Microsoft.SourceLink.GitLab.GetSourceLinkUrl"
       Ejecuci├│n de la tarea "Microsoft.SourceLink.GitLab.GetSourceLinkUrl" terminada.
   5:9>Compilaci├│n terminada del destino "_InitializeGitLabSourceLinkUrl" en el proyecto "AuthSystem.Infrastructure.csproj".
   5:9>Destino "_InitializeGitLabSourceLinkUrl" en el archivo "C:\Program Files\dotnet\sdk\9.0.201\Sdks\Microsoft.SourceLink.GitLab\build\Microsoft.SourceLink.GitLab.targets" del proyecto "D:\Users\Jhon\Documentos\Mintrabajo\Modulo General usuarios\AuthSystemNew\AuthSystem.Infrastructure\AuthSystem.Infrastructure.csproj" (el destino "_GenerateSourceLinkFile" depende de ├®l):
       Compilando completamente el destino "_InitializeGitLabSourceLinkUrl".
       No se especificaron archivos de entrada.
       Tarea "Microsoft.SourceLink.GitLab.GetSourceLinkUrl"
       Ejecuci├│n de la tarea "Microsoft.SourceLink.GitLab.GetSourceLinkUrl" terminada.
   5:9>Compilaci├│n terminada del destino "_InitializeGitLabSourceLinkUrl" en el proyecto "AuthSystem.Infrastructure.csproj".
   5:9>Destino "_InitializeGitLabSourceLinkUrl" en el archivo "C:\Program Files\dotnet\sdk\9.0.201\Sdks\Microsoft.SourceLink.GitLab\build\Microsoft.SourceLink.GitLab.targets" del proyecto "D:\Users\Jhon\Documentos\Mintrabajo\Modulo General usuarios\AuthSystemNew\AuthSystem.Infrastructure\AuthSystem.Infrastructure.csproj" (el destino "_GenerateSourceLinkFile" depende de ├®l):
       Compilando completamente el destino "_InitializeGitLabSourceLinkUrl".
       No se especificaron archivos de entrada.
       Tarea "Microsoft.SourceLink.GitLab.GetSourceLinkUrl"
       Ejecuci├│n de la tarea "Microsoft.SourceLink.GitLab.GetSourceLinkUrl" terminada.
   5:9>Compilaci├│n terminada del destino "_InitializeGitLabSourceLinkUrl" en el proyecto "AuthSystem.Infrastructure.csproj".
   5:9>Destino "_InitializeAzureReposGitSourceLinkUrl" en el archivo "C:\Program Files\dotnet\sdk\9.0.201\Sdks\Microsoft.SourceLink.AzureRepos.Git\build\Microsoft.SourceLink.AzureRepos.Git.targets" del proyecto "D:\Users\Jhon\Documentos\Mintrabajo\Modulo General usuarios\AuthSystemNew\AuthSystem.Infrastructure\AuthSystem.Infrastructure.csproj" (el destino "_GenerateSourceLinkFile" depende de ├®l):
       Compilando completamente el destino "_InitializeAzureReposGitSourceLinkUrl".
       No se especificaron archivos de entrada.
       Usando la tarea "Microsoft.SourceLink.AzureRepos.Git.GetSourceLinkUrl" del ensamblado "C:\Program Files\dotnet\sdk\9.0.201\Sdks\Microsoft.SourceLink.AzureRepos.Git\build\..\tools\net\Microsoft.SourceLink.AzureRepos.Git.dll".
       Tarea "Microsoft.SourceLink.AzureRepos.Git.GetSourceLinkUrl"
       Ejecuci├│n de la tarea "Microsoft.SourceLink.AzureRepos.Git.GetSourceLinkUrl" terminada.
   5:9>Compilaci├│n terminada del destino "_InitializeAzureReposGitSourceLinkUrl" en el proyecto "AuthSystem.Infrastructure.csproj".
   5:9>Destino "_InitializeAzureReposGitSourceLinkUrl" en el archivo "C:\Program Files\dotnet\sdk\9.0.201\Sdks\Microsoft.SourceLink.AzureRepos.Git\build\Microsoft.SourceLink.AzureRepos.Git.targets" del proyecto "D:\Users\Jhon\Documentos\Mintrabajo\Modulo General usuarios\AuthSystemNew\AuthSystem.Infrastructure\AuthSystem.Infrastructure.csproj" (el destino "_GenerateSourceLinkFile" depende de ├®l):
       Compilando completamente el destino "_InitializeAzureReposGitSourceLinkUrl".
       No se especificaron archivos de entrada.
       Tarea "Microsoft.SourceLink.AzureRepos.Git.GetSourceLinkUrl"
       Ejecuci├│n de la tarea "Microsoft.SourceLink.AzureRepos.Git.GetSourceLinkUrl" terminada.
   5:9>Compilaci├│n terminada del destino "_InitializeAzureReposGitSourceLinkUrl" en el proyecto "AuthSystem.Infrastructure.csproj".
   5:9>Destino "_InitializeAzureReposGitSourceLinkUrl" en el archivo "C:\Program Files\dotnet\sdk\9.0.201\Sdks\Microsoft.SourceLink.AzureRepos.Git\build\Microsoft.SourceLink.AzureRepos.Git.targets" del proyecto "D:\Users\Jhon\Documentos\Mintrabajo\Modulo General usuarios\AuthSystemNew\AuthSystem.Infrastructure\AuthSystem.Infrastructure.csproj" (el destino "_GenerateSourceLinkFile" depende de ├®l):
       Compilando completamente el destino "_InitializeAzureReposGitSourceLinkUrl".
       No se especificaron archivos de entrada.
       Tarea "Microsoft.SourceLink.AzureRepos.Git.GetSourceLinkUrl"
       Ejecuci├│n de la tarea "Microsoft.SourceLink.AzureRepos.Git.GetSourceLinkUrl" terminada.
   5:9>Compilaci├│n terminada del destino "_InitializeAzureReposGitSourceLinkUrl" en el proyecto "AuthSystem.Infrastructure.csproj".
   5:9>Destino "_InitializeBitbucketGitSourceLinkUrl" en el archivo "C:\Program Files\dotnet\sdk\9.0.201\Sdks\Microsoft.SourceLink.Bitbucket.Git\build\Microsoft.SourceLink.Bitbucket.Git.targets" del proyecto "D:\Users\Jhon\Documentos\Mintrabajo\Modulo General usuarios\AuthSystemNew\AuthSystem.Infrastructure\AuthSystem.Infrastructure.csproj" (el destino "_GenerateSourceLinkFile" depende de ├®l):
       Compilando completamente el destino "_InitializeBitbucketGitSourceLinkUrl".
       No se especificaron archivos de entrada.
       Usando la tarea "Microsoft.SourceLink.Bitbucket.Git.GetSourceLinkUrl" del ensamblado "C:\Program Files\dotnet\sdk\9.0.201\Sdks\Microsoft.SourceLink.Bitbucket.Git\build\..\tools\net\Microsoft.SourceLink.Bitbucket.Git.dll".
       Tarea "Microsoft.SourceLink.Bitbucket.Git.GetSourceLinkUrl"
       Ejecuci├│n de la tarea "Microsoft.SourceLink.Bitbucket.Git.GetSourceLinkUrl" terminada.
   5:9>Compilaci├│n terminada del destino "_InitializeBitbucketGitSourceLinkUrl" en el proyecto "AuthSystem.Infrastructure.csproj".
   5:9>Destino "_InitializeBitbucketGitSourceLinkUrl" en el archivo "C:\Program Files\dotnet\sdk\9.0.201\Sdks\Microsoft.SourceLink.Bitbucket.Git\build\Microsoft.SourceLink.Bitbucket.Git.targets" del proyecto "D:\Users\Jhon\Documentos\Mintrabajo\Modulo General usuarios\AuthSystemNew\AuthSystem.Infrastructure\AuthSystem.Infrastructure.csproj" (el destino "_GenerateSourceLinkFile" depende de ├®l):
       Compilando completamente el destino "_InitializeBitbucketGitSourceLinkUrl".
       No se especificaron archivos de entrada.
       Tarea "Microsoft.SourceLink.Bitbucket.Git.GetSourceLinkUrl"
       Ejecuci├│n de la tarea "Microsoft.SourceLink.Bitbucket.Git.GetSourceLinkUrl" terminada.
   5:9>Compilaci├│n terminada del destino "_InitializeBitbucketGitSourceLinkUrl" en el proyecto "AuthSystem.Infrastructure.csproj".
   5:9>Destino "_InitializeBitbucketGitSourceLinkUrl" en el archivo "C:\Program Files\dotnet\sdk\9.0.201\Sdks\Microsoft.SourceLink.Bitbucket.Git\build\Microsoft.SourceLink.Bitbucket.Git.targets" del proyecto "D:\Users\Jhon\Documentos\Mintrabajo\Modulo General usuarios\AuthSystemNew\AuthSystem.Infrastructure\AuthSystem.Infrastructure.csproj" (el destino "_GenerateSourceLinkFile" depende de ├®l):
       Compilando completamente el destino "_InitializeBitbucketGitSourceLinkUrl".
       No se especificaron archivos de entrada.
       Tarea "Microsoft.SourceLink.Bitbucket.Git.GetSourceLinkUrl"
       Ejecuci├│n de la tarea "Microsoft.SourceLink.Bitbucket.Git.GetSourceLinkUrl" terminada.
   5:9>Compilaci├│n terminada del destino "_InitializeBitbucketGitSourceLinkUrl" en el proyecto "AuthSystem.Infrastructure.csproj".
   5:9>Destino "_GenerateSourceLinkFile" en el archivo "C:\Program Files\dotnet\sdk\9.0.201\Sdks\Microsoft.SourceLink.Common\build\Microsoft.SourceLink.Common.targets" del proyecto "D:\Users\Jhon\Documentos\Mintrabajo\Modulo General usuarios\AuthSystemNew\AuthSystem.Infrastructure\AuthSystem.Infrastructure.csproj" (el destino "GenerateSourceLinkFile" depende de ├®l):
       Compilando completamente el destino "_GenerateSourceLinkFile".
       No se especificaron archivos de entrada.
       Usando la tarea "Microsoft.SourceLink.Common.GenerateSourceLinkFile" del ensamblado "C:\Program Files\dotnet\sdk\9.0.201\Sdks\Microsoft.SourceLink.Common\build\..\tools\net\Microsoft.SourceLink.Common.dll".
       Tarea "Microsoft.SourceLink.Common.GenerateSourceLinkFile"
         El archivo de Source Link 'obj\Debug\net8.0\AuthSystem.Infrastructure.sourcelink.json' est├í actualizado.
       Ejecuci├│n de la tarea "Microsoft.SourceLink.Common.GenerateSourceLinkFile" terminada.
   5:9>Compilaci├│n terminada del destino "_GenerateSourceLinkFile" en el proyecto "AuthSystem.Infrastructure.csproj".
   5:9>Destino "GenerateSourceLinkFile" en el archivo "C:\Program Files\dotnet\sdk\9.0.201\Sdks\Microsoft.SourceLink.Common\build\Microsoft.SourceLink.Common.targets" del proyecto "D:\Users\Jhon\Documentos\Mintrabajo\Modulo General usuarios\AuthSystemNew\AuthSystem.Infrastructure\AuthSystem.Infrastructure.csproj" (el destino "CoreCompile" depende de ├®l):
   5:9>Compilaci├│n terminada del destino "GenerateSourceLinkFile" en el proyecto "AuthSystem.Infrastructure.csproj".
   5:9>Destino "AddGlobalAnalyzerConfigForPackage_MicrosoftCodeAnalysisNetAnalyzers" en el archivo "C:\Program Files\dotnet\sdk\9.0.201\Sdks\Microsoft.NET.Sdk\analyzers\build\Microsoft.CodeAnalysis.NetAnalyzers.targets" del proyecto "D:\Users\Jhon\Documentos\Mintrabajo\Modulo General usuarios\AuthSystemNew\AuthSystem.Infrastructure\AuthSystem.Infrastructure.csproj" (el destino "CoreCompile" depende de ├®l):
   5:9>Compilaci├│n terminada del destino "AddGlobalAnalyzerConfigForPackage_MicrosoftCodeAnalysisNetAnalyzers" en el proyecto "AuthSystem.Infrastructure.csproj".
       Se omiti├│ el destino "AddGlobalAnalyzerConfigForPackage_MicrosoftCodeAnalysisNetAnalyzersDesign" debido a una condici├│n falsa (False); ('$(SkipGlobalAnalyzerConfigForPackage)' != 'true' and ('$(AnalysisLevelDesign)' != '' or '$(AnalysisModeDesign)' != '')) se evalu├│ como ('' != 'true' and ('' != '' or '' != '')).
       Se omiti├│ el destino "AddGlobalAnalyzerConfigForPackage_MicrosoftCodeAnalysisNetAnalyzersDocumentation" debido a una condici├│n falsa (False); ('$(SkipGlobalAnalyzerConfigForPackage)' != 'true' and ('$(AnalysisLevelDocumentation)' != '' or '$(AnalysisModeDocumentation)' != '')) se evalu├│ como ('' != 'true' and ('' != '' or '' != '')).
       Se omiti├│ el destino "AddGlobalAnalyzerConfigForPackage_MicrosoftCodeAnalysisNetAnalyzersGlobalization" debido a una condici├│n falsa (False); ('$(SkipGlobalAnalyzerConfigForPackage)' != 'true' and ('$(AnalysisLevelGlobalization)' != '' or '$(AnalysisModeGlobalization)' != '')) se evalu├│ como ('' != 'true' and ('' != '' or '' != '')).
       Se omiti├│ el destino "AddGlobalAnalyzerConfigForPackage_MicrosoftCodeAnalysisNetAnalyzersInteroperability" debido a una condici├│n falsa (False); ('$(SkipGlobalAnalyzerConfigForPackage)' != 'true' and ('$(AnalysisLevelInteroperability)' != '' or '$(AnalysisModeInteroperability)' != '')) se evalu├│ como ('' != 'true' and ('' != '' or '' != '')).
       Se omiti├│ el destino "AddGlobalAnalyzerConfigForPackage_MicrosoftCodeAnalysisNetAnalyzersMaintainability" debido a una condici├│n falsa (False); ('$(SkipGlobalAnalyzerConfigForPackage)' != 'true' and ('$(AnalysisLevelMaintainability)' != '' or '$(AnalysisModeMaintainability)' != '')) se evalu├│ como ('' != 'true' and ('' != '' or '' != '')).
       Se omiti├│ el destino "AddGlobalAnalyzerConfigForPackage_MicrosoftCodeAnalysisNetAnalyzersNaming" debido a una condici├│n falsa (False); ('$(SkipGlobalAnalyzerConfigForPackage)' != 'true' and ('$(AnalysisLevelNaming)' != '' or '$(AnalysisModeNaming)' != '')) se evalu├│ como ('' != 'true' and ('' != '' or '' != '')).
       Se omiti├│ el destino "AddGlobalAnalyzerConfigForPackage_MicrosoftCodeAnalysisNetAnalyzersPerformance" debido a una condici├│n falsa (False); ('$(SkipGlobalAnalyzerConfigForPackage)' != 'true' and ('$(AnalysisLevelPerformance)' != '' or '$(AnalysisModePerformance)' != '')) se evalu├│ como ('' != 'true' and ('' != '' or '' != '')).
       Se omiti├│ el destino "AddGlobalAnalyzerConfigForPackage_MicrosoftCodeAnalysisNetAnalyzersReliability" debido a una condici├│n falsa (False); ('$(SkipGlobalAnalyzerConfigForPackage)' != 'true' and ('$(AnalysisLevelReliability)' != '' or '$(AnalysisModeReliability)' != '')) se evalu├│ como ('' != 'true' and ('' != '' or '' != '')).
       Se omiti├│ el destino "AddGlobalAnalyzerConfigForPackage_MicrosoftCodeAnalysisNetAnalyzersSecurity" debido a una condici├│n falsa (False); ('$(SkipGlobalAnalyzerConfigForPackage)' != 'true' and ('$(AnalysisLevelSecurity)' != '' or '$(AnalysisModeSecurity)' != '')) se evalu├│ como ('' != 'true' and ('' != '' or '' != '')).
       Se omiti├│ el destino "AddGlobalAnalyzerConfigForPackage_MicrosoftCodeAnalysisNetAnalyzersUsage" debido a una condici├│n falsa (False); ('$(SkipGlobalAnalyzerConfigForPackage)' != 'true' and ('$(AnalysisLevelUsage)' != '' or '$(AnalysisModeUsage)' != '')) se evalu├│ como ('' != 'true' and ('' != '' or '' != '')).
       Se omiti├│ el destino "_CodeAnalysisTreatWarningsAsErrors" debido a una condici├│n falsa (False); ('$(DesignTimeBuild)' == 'true' OR '$(BuildingProject)' != 'true') se evalu├│ como ('' == 'true' OR 'true' != 'true').
   5:9>Destino "CoreCompile" en el archivo "C:\Program Files\dotnet\sdk\9.0.201\Roslyn\Microsoft.CSharp.Core.targets" del proyecto "D:\Users\Jhon\Documentos\Mintrabajo\Modulo General usuarios\AuthSystemNew\AuthSystem.Infrastructure\AuthSystem.Infrastructure.csproj" (el destino "Compile" depende de ├®l):
       Compilando completamente el destino "CoreCompile".
       El archivo de salida "obj\Debug\net8.0\AuthSystem.Infrastructure.dll" no existe.
       Usando la tarea "Csc" del ensamblado "C:\Program Files\dotnet\sdk\9.0.201\Roslyn\Microsoft.Build.Tasks.CodeAnalysis.dll".
       Tarea "Csc"
         C:\Program Files\dotnet\dotnet.exe exec "C:\Program Files\dotnet\sdk\9.0.201\Roslyn\bincore\csc.dll" /noconfig /unsafe- /checked- /nowarn:1701,1702,1701,1702 /fullpaths /nostdlib+ /errorreport:prompt /warn:8 /define:TRACE;DEBUG;NET;NET8_0;NETCOREAPP;NET5_0_OR_GREATER;NET6_0_OR_GREATER;NET7_0_OR_GREATER;NET8_0_OR_GREATER;NETCOREAPP1_0_OR_GREATER;NETCOREAPP1_1_OR_GREATER;NETCOREAPP2_0_OR_GREATER;NETCOREAPP2_1_OR_GREATER;NETCOREAPP2_2_OR_GREATER;NETCOREAPP3_0_OR_GREATER;NETCOREAPP3_1_OR_GREATER /highentropyva+ /nullable:enable /reference:"D:\Users\Jhon\Documentos\Mintrabajo\Modulo General usuarios\AuthSystemNew\AuthSystem.Application\obj\Debug\net8.0\ref\AuthSystem.Application.dll" /reference:"D:\Users\Jhon\Documentos\Mintrabajo\Modulo General usuarios\AuthSystemNew\AuthSystem.Domain\obj\Debug\net8.0\ref\AuthSystem.Domain.dll" /reference:C:\Users\JHON\.nuget\packages\azure.core\1.25.0\lib\net5.0\Azure.Core.dll /reference:C:\Users\JHON\.nuget\packages\azure.identity\1.7.0\lib\netstandard2.0\Azure.Identity.dll /reference:C:\Users\JHON\.nuget\packages\bcrypt.net-next\4.0.3\lib\net6.0\BCrypt.Net-Next.dll /reference:C:\Users\JHON\.nuget\packages\fluentvalidation\11.5.2\lib\net7.0\FluentValidation.dll /reference:C:\Users\JHON\.nuget\packages\mediatr.contracts\2.0.1\lib\netstandard2.0\MediatR.Contracts.dll /reference:C:\Users\JHON\.nuget\packages\mediatr\12.0.1\lib\net6.0\MediatR.dll /reference:C:\Users\JHON\.nuget\packages\microsoft.bcl.asyncinterfaces\6.0.0\lib\netstandard2.1\Microsoft.Bcl.AsyncInterfaces.dll /reference:"C:\Program Files\dotnet\packs\Microsoft.NETCore.App.Ref\8.0.14\ref\net8.0\Microsoft.CSharp.dll" /reference:C:\Users\JHON\.nuget\packages\microsoft.data.sqlclient\5.1.1\ref\net6.0\Microsoft.Data.SqlClient.dll /reference:C:\Users\JHON\.nuget\packages\microsoft.entityframeworkcore.abstractions\8.0.0\lib\net8.0\Microsoft.EntityFrameworkCore.Abstractions.dll /reference:C:\Users\JHON\.nuget\packages\microsoft.entityframeworkcore\8.0.0\lib\net8.0\Microsoft.EntityFrameworkCore.dll /reference:C:\Users\JHON\.nuget\packages\microsoft.entityframeworkcore.relational\8.0.0\lib\net8.0\Microsoft.EntityFrameworkCore.Relational.dll /reference:C:\Users\JHON\.nuget\packages\microsoft.entityframeworkcore.sqlserver\8.0.0\lib\net8.0\Microsoft.EntityFrameworkCore.SqlServer.dll /reference:C:\Users\JHON\.nuget\packages\microsoft.extensions.caching.abstractions\8.0.0\lib\net8.0\Microsoft.Extensions.Caching.Abstractions.dll /reference:C:\Users\JHON\.nuget\packages\microsoft.extensions.caching.memory\8.0.0\lib\net8.0\Microsoft.Extensions.Caching.Memory.dll /reference:C:\Users\JHON\.nuget\packages\microsoft.extensions.configuration.abstractions\8.0.0\lib\net8.0\Microsoft.Extensions.Configuration.Abstractions.dll /reference:C:\Users\JHON\.nuget\packages\microsoft.extensions.dependencyinjection.abstractions\8.0.0\lib\net8.0\Microsoft.Extensions.DependencyInjection.Abstractions.dll /reference:C:\Users\JHON\.nuget\packages\microsoft.extensions.dependencyinjection\8.0.0\lib\net8.0\Microsoft.Extensions.DependencyInjection.dll /reference:C:\Users\JHON\.nuget\packages\microsoft.extensions.logging.abstractions\8.0.0\lib\net8.0\Microsoft.Extensions.Logging.Abstractions.dll /reference:C:\Users\JHON\.nuget\packages\microsoft.extensions.logging\8.0.0\lib\net8.0\Microsoft.Extensions.Logging.dll /reference:C:\Users\JHON\.nuget\packages\microsoft.extensions.options\8.0.0\lib\net8.0\Microsoft.Extensions.Options.dll /reference:C:\Users\JHON\.nuget\packages\microsoft.extensions.primitives\8.0.0\lib\net8.0\Microsoft.Extensions.Primitives.dll /reference:C:\Users\JHON\.nuget\packages\microsoft.identity.client\4.47.2\lib\netcoreapp2.1\Microsoft.Identity.Client.dll /reference:C:\Users\JHON\.nuget\packages\microsoft.identity.client.extensions.msal\2.19.3\lib\netcoreapp2.1\Microsoft.Identity.Client.Extensions.Msal.dll /reference:C:\Users\JHON\.nuget\packages\microsoft.identitymodel.abstractions\7.0.3\lib\net8.0\Microsoft.IdentityModel.Abstractions.dll /reference:C:\Users\JHON\.nuget\packages\microsoft.identitymodel.jsonwebtokens\7.0.3\lib\net8.0\Microsoft.IdentityModel.JsonWebTokens.dll /reference:C:\Users\JHON\.nuget\packages\microsoft.identitymodel.logging\7.0.3\lib\net8.0\Microsoft.IdentityModel.Logging.dll /reference:C:\Users\JHON\.nuget\packages\microsoft.identitymodel.protocols\6.24.0\lib\net6.0\Microsoft.IdentityModel.Protocols.dll /reference:C:\Users\JHON\.nuget\packages\microsoft.identitymodel.protocols.openidconnect\6.24.0\lib\net6.0\Microsoft.IdentityModel.Protocols.OpenIdConnect.dll /reference:C:\Users\JHON\.nuget\packages\microsoft.identitymodel.tokens\7.0.3\lib\net8.0\Microsoft.IdentityModel.Tokens.dll /reference:C:\Users\JHON\.nuget\packages\microsoft.sqlserver.server\1.0.0\lib\netstandard2.0\Microsoft.SqlServer.Server.dll /reference:"C:\Program Files\dotnet\packs\Microsoft.NETCore.App.Ref\8.0.14\ref\net8.0\Microsoft.VisualBasic.Core.dll" /reference:"C:\Program Files\dotnet\packs\Microsoft.NETCore.App.Ref\8.0.14\ref\net8.0\Microsoft.VisualBasic.dll" /reference:"C:\Program Files\dotnet\packs\Microsoft.NETCore.App.Ref\8.0.14\ref\net8.0\Microsoft.Win32.Primitives.dll" /reference:"C:\Program Files\dotnet\packs\Microsoft.NETCore.App.Ref\8.0.14\ref\net8.0\Microsoft.Win32.Registry.dll" /reference:"C:\Program Files\dotnet\packs\Microsoft.NETCore.App.Ref\8.0.14\ref\net8.0\mscorlib.dll" /reference:"C:\Program Files\dotnet\packs\Microsoft.NETCore.App.Ref\8.0.14\ref\net8.0\netstandard.dll" /reference:C:\Users\JHON\.nuget\packages\newtonsoft.json\13.0.3\lib\net6.0\Newtonsoft.Json.dll /reference:C:\Users\JHON\.nuget\packages\sixlabors.fonts\2.0.1\lib\net6.0\SixLabors.Fonts.dll /reference:C:\Users\JHON\.nuget\packages\sixlabors.imagesharp\3.0.2\lib\net6.0\SixLabors.ImageSharp.dll /reference:C:\Users\JHON\.nuget\packages\sixlabors.imagesharp.drawing\2.0.1\lib\net6.0\SixLabors.ImageSharp.Drawing.dll /reference:"C:\Program Files\dotnet\packs\Microsoft.NETCore.App.Ref\8.0.14\ref\net8.0\System.AppContext.dll" /reference:"C:\Program Files\dotnet\packs\Microsoft.NETCore.App.Ref\8.0.14\ref\net8.0\System.Buffers.dll" /reference:"C:\Program Files\dotnet\packs\Microsoft.NETCore.App.Ref\8.0.14\ref\net8.0\System.Collections.Concurrent.dll" /reference:"C:\Program Files\dotnet\packs\Microsoft.NETCore.App.Ref\8.0.14\ref\net8.0\System.Collections.dll" /reference:"C:\Program Files\dotnet\packs\Microsoft.NETCore.App.Ref\8.0.14\ref\net8.0\System.Collections.Immutable.dll" /reference:"C:\Program Files\dotnet\packs\Microsoft.NETCore.App.Ref\8.0.14\ref\net8.0\System.Collections.NonGeneric.dll" /reference:"C:\Program Files\dotnet\packs\Microsoft.NETCore.App.Ref\8.0.14\ref\net8.0\System.Collections.Specialized.dll" /reference:"C:\Program Files\dotnet\packs\Microsoft.NETCore.App.Ref\8.0.14\ref\net8.0\System.ComponentModel.Annotations.dll" /reference:"C:\Program Files\dotnet\packs\Microsoft.NETCore.App.Ref\8.0.14\ref\net8.0\System.ComponentModel.DataAnnotations.dll" /reference:"C:\Program Files\dotnet\packs\Microsoft.NETCore.App.Ref\8.0.14\ref\net8.0\System.ComponentModel.dll" /reference:"C:\Program Files\dotnet\packs\Microsoft.NETCore.App.Ref\8.0.14\ref\net8.0\System.ComponentModel.EventBasedAsync.dll" /reference:"C:\Program Files\dotnet\packs\Microsoft.NETCore.App.Ref\8.0.14\ref\net8.0\System.ComponentModel.Primitives.dll" /reference:"C:\Program Files\dotnet\packs\Microsoft.NETCore.App.Ref\8.0.14\ref\net8.0\System.ComponentModel.TypeConverter.dll" /reference:"C:\Program Files\dotnet\packs\Microsoft.NETCore.App.Ref\8.0.14\ref\net8.0\System.Configuration.dll" /reference:"C:\Program Files\dotnet\packs\Microsoft.NETCore.App.Ref\8.0.14\ref\net8.0\System.Console.dll" /reference:"C:\Program Files\dotnet\packs\Microsoft.NETCore.App.Ref\8.0.14\ref\net8.0\System.Core.dll" /reference:"C:\Program Files\dotnet\packs\Microsoft.NETCore.App.Ref\8.0.14\ref\net8.0\System.Data.Common.dll" /reference:"C:\Program Files\dotnet\packs\Microsoft.NETCore.App.Ref\8.0.14\ref\net8.0\System.Data.DataSetExtensions.dll" /reference:"C:\Program Files\dotnet\packs\Microsoft.NETCore.App.Ref\8.0.14\ref\net8.0\System.Data.dll" /reference:"C:\Program Files\dotnet\packs\Microsoft.NETCore.App.Ref\8.0.14\ref\net8.0\System.Diagnostics.Contracts.dll" /reference:"C:\Program Files\dotnet\packs\Microsoft.NETCore.App.Ref\8.0.14\ref\net8.0\System.Diagnostics.Debug.dll" /reference:"C:\Program Files\dotnet\packs\Microsoft.NETCore.App.Ref\8.0.14\ref\net8.0\System.Diagnostics.DiagnosticSource.dll" /reference:"C:\Program Files\dotnet\packs\Microsoft.NETCore.App.Ref\8.0.14\ref\net8.0\System.Diagnostics.FileVersionInfo.dll" /reference:"C:\Program Files\dotnet\packs\Microsoft.NETCore.App.Ref\8.0.14\ref\net8.0\System.Diagnostics.Process.dll" /reference:"C:\Program Files\dotnet\packs\Microsoft.NETCore.App.Ref\8.0.14\ref\net8.0\System.Diagnostics.StackTrace.dll" /reference:"C:\Program Files\dotnet\packs\Microsoft.NETCore.App.Ref\8.0.14\ref\net8.0\System.Diagnostics.TextWriterTraceListener.dll" /reference:"C:\Program Files\dotnet\packs\Microsoft.NETCore.App.Ref\8.0.14\ref\net8.0\System.Diagnostics.Tools.dll" /reference:"C:\Program Files\dotnet\packs\Microsoft.NETCore.App.Ref\8.0.14\ref\net8.0\System.Diagnostics.TraceSource.dll" /reference:"C:\Program Files\dotnet\packs\Microsoft.NETCore.App.Ref\8.0.14\ref\net8.0\System.Diagnostics.Tracing.dll" /reference:"C:\Program Files\dotnet\packs\Microsoft.NETCore.App.Ref\8.0.14\ref\net8.0\System.dll" /reference:"C:\Program Files\dotnet\packs\Microsoft.NETCore.App.Ref\8.0.14\ref\net8.0\System.Drawing.dll" /reference:"C:\Program Files\dotnet\packs\Microsoft.NETCore.App.Ref\8.0.14\ref\net8.0\System.Drawing.Primitives.dll" /reference:"C:\Program Files\dotnet\packs\Microsoft.NETCore.App.Ref\8.0.14\ref\net8.0\System.Dynamic.Runtime.dll" /reference:"C:\Program Files\dotnet\packs\Microsoft.NETCore.App.Ref\8.0.14\ref\net8.0\System.Formats.Asn1.dll" /reference:"C:\Program Files\dotnet\packs\Microsoft.NETCore.App.Ref\8.0.14\ref\net8.0\System.Formats.Tar.dll" /reference:"C:\Program Files\dotnet\packs\Microsoft.NETCore.App.Ref\8.0.14\ref\net8.0\System.Globalization.Calendars.dll" /reference:"C:\Program Files\dotnet\packs\Microsoft.NETCore.App.Ref\8.0.14\ref\net8.0\System.Globalization.dll" /reference:"C:\Program Files\dotnet\packs\Microsoft.NETCore.App.Ref\8.0.14\ref\net8.0\System.Globalization.Extensions.dll" /reference:C:\Users\JHON\.nuget\packages\system.identitymodel.tokens.jwt\7.0.3\lib\net8.0\System.IdentityModel.Tokens.Jwt.dll /reference:"C:\Program Files\dotnet\packs\Microsoft.NETCore.App.Ref\8.0.14\ref\net8.0\System.IO.Compression.Brotli.dll" /reference:"C:\Program Files\dotnet\packs\Microsoft.NETCore.App.Ref\8.0.14\ref\net8.0\System.IO.Compression.dll" /reference:"C:\Program Files\dotnet\packs\Microsoft.NETCore.App.Ref\8.0.14\ref\net8.0\System.IO.Compression.FileSystem.dll" /reference:"C:\Program Files\dotnet\packs\Microsoft.NETCore.App.Ref\8.0.14\ref\net8.0\System.IO.Compression.ZipFile.dll" /reference:"C:\Program Files\dotnet\packs\Microsoft.NETCore.App.Ref\8.0.14\ref\net8.0\System.IO.dll" /reference:"C:\Program Files\dotnet\packs\Microsoft.NETCore.App.Ref\8.0.14\ref\net8.0\System.IO.FileSystem.AccessControl.dll" /reference:"C:\Program Files\dotnet\packs\Microsoft.NETCore.App.Ref\8.0.14\ref\net8.0\System.IO.FileSystem.dll" /reference:"C:\Program Files\dotnet\packs\Microsoft.NETCore.App.Ref\8.0.14\ref\net8.0\System.IO.FileSystem.DriveInfo.dll" /reference:"C:\Program Files\dotnet\packs\Microsoft.NETCore.App.Ref\8.0.14\ref\net8.0\System.IO.FileSystem.Primitives.dll" /reference:"C:\Program Files\dotnet\packs\Microsoft.NETCore.App.Ref\8.0.14\ref\net8.0\System.IO.FileSystem.Watcher.dll" /reference:"C:\Program Files\dotnet\packs\Microsoft.NETCore.App.Ref\8.0.14\ref\net8.0\System.IO.IsolatedStorage.dll" /reference:"C:\Program Files\dotnet\packs\Microsoft.NETCore.App.Ref\8.0.14\ref\net8.0\System.IO.MemoryMappedFiles.dll" /reference:"C:\Program Files\dotnet\packs\Microsoft.NETCore.App.Ref\8.0.14\ref\net8.0\System.IO.Pipes.AccessControl.dll" /reference:"C:\Program Files\dotnet\packs\Microsoft.NETCore.App.Ref\8.0.14\ref\net8.0\System.IO.Pipes.dll" /reference:"C:\Program Files\dotnet\packs\Microsoft.NETCore.App.Ref\8.0.14\ref\net8.0\System.IO.UnmanagedMemoryStream.dll" /reference:"C:\Program Files\dotnet\packs\Microsoft.NETCore.App.Ref\8.0.14\ref\net8.0\System.Linq.dll" /reference:"C:\Program Files\dotnet\packs\Microsoft.NETCore.App.Ref\8.0.14\ref\net8.0\System.Linq.Expressions.dll" /reference:"C:\Program Files\dotnet\packs\Microsoft.NETCore.App.Ref\8.0.14\ref\net8.0\System.Linq.Parallel.dll" /reference:"C:\Program Files\dotnet\packs\Microsoft.NETCore.App.Ref\8.0.14\ref\net8.0\System.Linq.Queryable.dll" /reference:C:\Users\JHON\.nuget\packages\system.memory.data\1.0.2\lib\netstandard2.0\System.Memory.Data.dll /reference:"C:\Program Files\dotnet\packs\Microsoft.NETCore.App.Ref\8.0.14\ref\net8.0\System.Memory.dll" /reference:"C:\Program Files\dotnet\packs\Microsoft.NETCore.App.Ref\8.0.14\ref\net8.0\System.Net.dll" /reference:"C:\Program Files\dotnet\packs\Microsoft.NETCore.App.Ref\8.0.14\ref\net8.0\System.Net.Http.dll" /reference:"C:\Program Files\dotnet\packs\Microsoft.NETCore.App.Ref\8.0.14\ref\net8.0\System.Net.Http.Json.dll" /reference:"C:\Program Files\dotnet\packs\Microsoft.NETCore.App.Ref\8.0.14\ref\net8.0\System.Net.HttpListener.dll" /reference:"C:\Program Files\dotnet\packs\Microsoft.NETCore.App.Ref\8.0.14\ref\net8.0\System.Net.Mail.dll" /reference:"C:\Program Files\dotnet\packs\Microsoft.NETCore.App.Ref\8.0.14\ref\net8.0\System.Net.NameResolution.dll" /reference:"C:\Program Files\dotnet\packs\Microsoft.NETCore.App.Ref\8.0.14\ref\net8.0\System.Net.NetworkInformation.dll" /reference:"C:\Program Files\dotnet\packs\Microsoft.NETCore.App.Ref\8.0.14\ref\net8.0\System.Net.Ping.dll" /reference:"C:\Program Files\dotnet\packs\Microsoft.NETCore.App.Ref\8.0.14\ref\net8.0\System.Net.Primitives.dll" /reference:"C:\Program Files\dotnet\packs\Microsoft.NETCore.App.Ref\8.0.14\ref\net8.0\System.Net.Quic.dll" /reference:"C:\Program Files\dotnet\packs\Microsoft.NETCore.App.Ref\8.0.14\ref\net8.0\System.Net.Requests.dll" /reference:"C:\Program Files\dotnet\packs\Microsoft.NETCore.App.Ref\8.0.14\ref\net8.0\System.Net.Security.dll" /reference:"C:\Program Files\dotnet\packs\Microsoft.NETCore.App.Ref\8.0.14\ref\net8.0\System.Net.ServicePoint.dll" /reference:"C:\Program Files\dotnet\packs\Microsoft.NETCore.App.Ref\8.0.14\ref\net8.0\System.Net.Sockets.dll" /reference:"C:\Program Files\dotnet\packs\Microsoft.NETCore.App.Ref\8.0.14\ref\net8.0\System.Net.WebClient.dll" /reference:"C:\Program Files\dotnet\packs\Microsoft.NETCore.App.Ref\8.0.14\ref\net8.0\System.Net.WebHeaderCollection.dll" /reference:"C:\Program Files\dotnet\packs\Microsoft.NETCore.App.Ref\8.0.14\ref\net8.0\System.Net.WebProxy.dll" /reference:"C:\Program Files\dotnet\packs\Microsoft.NETCore.App.Ref\8.0.14\ref\net8.0\System.Net.WebSockets.Client.dll" /reference:"C:\Program Files\dotnet\packs\Microsoft.NETCore.App.Ref\8.0.14\ref\net8.0\System.Net.WebSockets.dll" /reference:"C:\Program Files\dotnet\packs\Microsoft.NETCore.App.Ref\8.0.14\ref\net8.0\System.Numerics.dll" /reference:"C:\Program Files\dotnet\packs\Microsoft.NETCore.App.Ref\8.0.14\ref\net8.0\System.Numerics.Vectors.dll" /reference:"C:\Program Files\dotnet\packs\Microsoft.NETCore.App.Ref\8.0.14\ref\net8.0\System.ObjectModel.dll" /reference:"C:\Program Files\dotnet\packs\Microsoft.NETCore.App.Ref\8.0.14\ref\net8.0\System.Reflection.DispatchProxy.dll" /reference:"C:\Program Files\dotnet\packs\Microsoft.NETCore.App.Ref\8.0.14\ref\net8.0\System.Reflection.dll" /reference:"C:\Program Files\dotnet\packs\Microsoft.NETCore.App.Ref\8.0.14\ref\net8.0\System.Reflection.Emit.dll" /reference:"C:\Program Files\dotnet\packs\Microsoft.NETCore.App.Ref\8.0.14\ref\net8.0\System.Reflection.Emit.ILGeneration.dll" /reference:"C:\Program Files\dotnet\packs\Microsoft.NETCore.App.Ref\8.0.14\ref\net8.0\System.Reflection.Emit.Lightweight.dll" /reference:"C:\Program Files\dotnet\packs\Microsoft.NETCore.App.Ref\8.0.14\ref\net8.0\System.Reflection.Extensions.dll" /reference:"C:\Program Files\dotnet\packs\Microsoft.NETCore.App.Ref\8.0.14\ref\net8.0\System.Reflection.Metadata.dll" /reference:"C:\Program Files\dotnet\packs\Microsoft.NETCore.App.Ref\8.0.14\ref\net8.0\System.Reflection.Primitives.dll" /reference:"C:\Program Files\dotnet\packs\Microsoft.NETCore.App.Ref\8.0.14\ref\net8.0\System.Reflection.TypeExtensions.dll" /reference:"C:\Program Files\dotnet\packs\Microsoft.NETCore.App.Ref\8.0.14\ref\net8.0\System.Resources.Reader.dll" /reference:"C:\Program Files\dotnet\packs\Microsoft.NETCore.App.Ref\8.0.14\ref\net8.0\System.Resources.ResourceManager.dll" /reference:"C:\Program Files\dotnet\packs\Microsoft.NETCore.App.Ref\8.0.14\ref\net8.0\System.Resources.Writer.dll" /reference:"C:\Program Files\dotnet\packs\Microsoft.NETCore.App.Ref\8.0.14\ref\net8.0\System.Runtime.CompilerServices.Unsafe.dll" /reference:"C:\Program Files\dotnet\packs\Microsoft.NETCore.App.Ref\8.0.14\ref\net8.0\System.Runtime.CompilerServices.VisualC.dll" /reference:"C:\Program Files\dotnet\packs\Microsoft.NETCore.App.Ref\8.0.14\ref\net8.0\System.Runtime.dll" /reference:"C:\Program Files\dotnet\packs\Microsoft.NETCore.App.Ref\8.0.14\ref\net8.0\System.Runtime.Extensions.dll" /reference:"C:\Program Files\dotnet\packs\Microsoft.NETCore.App.Ref\8.0.14\ref\net8.0\System.Runtime.Handles.dll" /reference:"C:\Program Files\dotnet\packs\Microsoft.NETCore.App.Ref\8.0.14\ref\net8.0\System.Runtime.InteropServices.dll" /reference:"C:\Program Files\dotnet\packs\Microsoft.NETCore.App.Ref\8.0.14\ref\net8.0\System.Runtime.InteropServices.JavaScript.dll" /reference:"C:\Program Files\dotnet\packs\Microsoft.NETCore.App.Ref\8.0.14\ref\net8.0\System.Runtime.InteropServices.RuntimeInformation.dll" /reference:"C:\Program Files\dotnet\packs\Microsoft.NETCore.App.Ref\8.0.14\ref\net8.0\System.Runtime.Intrinsics.dll" /reference:"C:\Program Files\dotnet\packs\Microsoft.NETCore.App.Ref\8.0.14\ref\net8.0\System.Runtime.Loader.dll" /reference:"C:\Program Files\dotnet\packs\Microsoft.NETCore.App.Ref\8.0.14\ref\net8.0\System.Runtime.Numerics.dll" /reference:"C:\Program Files\dotnet\packs\Microsoft.NETCore.App.Ref\8.0.14\ref\net8.0\System.Runtime.Serialization.dll" /reference:"C:\Program Files\dotnet\packs\Microsoft.NETCore.App.Ref\8.0.14\ref\net8.0\System.Runtime.Serialization.Formatters.dll" /reference:"C:\Program Files\dotnet\packs\Microsoft.NETCore.App.Ref\8.0.14\ref\net8.0\System.Runtime.Serialization.Json.dll" /reference:"C:\Program Files\dotnet\packs\Microsoft.NETCore.App.Ref\8.0.14\ref\net8.0\System.Runtime.Serialization.Primitives.dll" /reference:"C:\Program Files\dotnet\packs\Microsoft.NETCore.App.Ref\8.0.14\ref\net8.0\System.Runtime.Serialization.Xml.dll" /reference:"C:\Program Files\dotnet\packs\Microsoft.NETCore.App.Ref\8.0.14\ref\net8.0\System.Security.AccessControl.dll" /reference:"C:\Program Files\dotnet\packs\Microsoft.NETCore.App.Ref\8.0.14\ref\net8.0\System.Security.Claims.dll" /reference:"C:\Program Files\dotnet\packs\Microsoft.NETCore.App.Ref\8.0.14\ref\net8.0\System.Security.Cryptography.Algorithms.dll" /reference:"C:\Program Files\dotnet\packs\Microsoft.NETCore.App.Ref\8.0.14\ref\net8.0\System.Security.Cryptography.Cng.dll" /reference:"C:\Program Files\dotnet\packs\Microsoft.NETCore.App.Ref\8.0.14\ref\net8.0\System.Security.Cryptography.Csp.dll" /reference:"C:\Program Files\dotnet\packs\Microsoft.NETCore.App.Ref\8.0.14\ref\net8.0\System.Security.Cryptography.dll" /reference:"C:\Program Files\dotnet\packs\Microsoft.NETCore.App.Ref\8.0.14\ref\net8.0\System.Security.Cryptography.Encoding.dll" /reference:"C:\Program Files\dotnet\packs\Microsoft.NETCore.App.Ref\8.0.14\ref\net8.0\System.Security.Cryptography.OpenSsl.dll" /reference:"C:\Program Files\dotnet\packs\Microsoft.NETCore.App.Ref\8.0.14\ref\net8.0\System.Security.Cryptography.Primitives.dll" /reference:C:\Users\JHON\.nuget\packages\system.security.cryptography.protecteddata\6.0.0\lib\net6.0\System.Security.Cryptography.ProtectedData.dll /reference:"C:\Program Files\dotnet\packs\Microsoft.NETCore.App.Ref\8.0.14\ref\net8.0\System.Security.Cryptography.X509Certificates.dll" /reference:"C:\Program Files\dotnet\packs\Microsoft.NETCore.App.Ref\8.0.14\ref\net8.0\System.Security.dll" /reference:"C:\Program Files\dotnet\packs\Microsoft.NETCore.App.Ref\8.0.14\ref\net8.0\System.Security.Principal.dll" /reference:"C:\Program Files\dotnet\packs\Microsoft.NETCore.App.Ref\8.0.14\ref\net8.0\System.Security.Principal.Windows.dll" /reference:"C:\Program Files\dotnet\packs\Microsoft.NETCore.App.Ref\8.0.14\ref\net8.0\System.Security.SecureString.dll" /reference:"C:\Program Files\dotnet\packs\Microsoft.NETCore.App.Ref\8.0.14\ref\net8.0\System.ServiceModel.Web.dll" /reference:"C:\Program Files\dotnet\packs\Microsoft.NETCore.App.Ref\8.0.14\ref\net8.0\System.ServiceProcess.dll" /reference:"C:\Program Files\dotnet\packs\Microsoft.NETCore.App.Ref\8.0.14\ref\net8.0\System.Text.Encoding.CodePages.dll" /reference:"C:\Program Files\dotnet\packs\Microsoft.NETCore.App.Ref\8.0.14\ref\net8.0\System.Text.Encoding.dll" /reference:"C:\Program Files\dotnet\packs\Microsoft.NETCore.App.Ref\8.0.14\ref\net8.0\System.Text.Encoding.Extensions.dll" /reference:"C:\Program Files\dotnet\packs\Microsoft.NETCore.App.Ref\8.0.14\ref\net8.0\System.Text.Encodings.Web.dll" /reference:"C:\Program Files\dotnet\packs\Microsoft.NETCore.App.Ref\8.0.14\ref\net8.0\System.Text.Json.dll" /reference:"C:\Program Files\dotnet\packs\Microsoft.NETCore.App.Ref\8.0.14\ref\net8.0\System.Text.RegularExpressions.dll" /reference:"C:\Program Files\dotnet\packs\Microsoft.NETCore.App.Ref\8.0.14\ref\net8.0\System.Threading.Channels.dll" /reference:"C:\Program Files\dotnet\packs\Microsoft.NETCore.App.Ref\8.0.14\ref\net8.0\System.Threading.dll" /reference:"C:\Program Files\dotnet\packs\Microsoft.NETCore.App.Ref\8.0.14\ref\net8.0\System.Threading.Overlapped.dll" /reference:"C:\Program Files\dotnet\packs\Microsoft.NETCore.App.Ref\8.0.14\ref\net8.0\System.Threading.Tasks.Dataflow.dll" /reference:"C:\Program Files\dotnet\packs\Microsoft.NETCore.App.Ref\8.0.14\ref\net8.0\System.Threading.Tasks.dll" /reference:"C:\Program Files\dotnet\packs\Microsoft.NETCore.App.Ref\8.0.14\ref\net8.0\System.Threading.Tasks.Extensions.dll" /reference:"C:\Program Files\dotnet\packs\Microsoft.NETCore.App.Ref\8.0.14\ref\net8.0\System.Threading.Tasks.Parallel.dll" /reference:"C:\Program Files\dotnet\packs\Microsoft.NETCore.App.Ref\8.0.14\ref\net8.0\System.Threading.Thread.dll" /reference:"C:\Program Files\dotnet\packs\Microsoft.NETCore.App.Ref\8.0.14\ref\net8.0\System.Threading.ThreadPool.dll" /reference:"C:\Program Files\dotnet\packs\Microsoft.NETCore.App.Ref\8.0.14\ref\net8.0\System.Threading.Timer.dll" /reference:"C:\Program Files\dotnet\packs\Microsoft.NETCore.App.Ref\8.0.14\ref\net8.0\System.Transactions.dll" /reference:"C:\Program Files\dotnet\packs\Microsoft.NETCore.App.Ref\8.0.14\ref\net8.0\System.Transactions.Local.dll" /reference:"C:\Program Files\dotnet\packs\Microsoft.NETCore.App.Ref\8.0.14\ref\net8.0\System.ValueTuple.dll" /reference:"C:\Program Files\dotnet\packs\Microsoft.NETCore.App.Ref\8.0.14\ref\net8.0\System.Web.dll" /reference:"C:\Program Files\dotnet\packs\Microsoft.NETCore.App.Ref\8.0.14\ref\net8.0\System.Web.HttpUtility.dll" /reference:"C:\Program Files\dotnet\packs\Microsoft.NETCore.App.Ref\8.0.14\ref\net8.0\System.Windows.dll" /reference:"C:\Program Files\dotnet\packs\Microsoft.NETCore.App.Ref\8.0.14\ref\net8.0\System.Xml.dll" /reference:"C:\Program Files\dotnet\packs\Microsoft.NETCore.App.Ref\8.0.14\ref\net8.0\System.Xml.Linq.dll" /reference:"C:\Program Files\dotnet\packs\Microsoft.NETCore.App.Ref\8.0.14\ref\net8.0\System.Xml.ReaderWriter.dll" /reference:"C:\Program Files\dotnet\packs\Microsoft.NETCore.App.Ref\8.0.14\ref\net8.0\System.Xml.Serialization.dll" /reference:"C:\Program Files\dotnet\packs\Microsoft.NETCore.App.Ref\8.0.14\ref\net8.0\System.Xml.XDocument.dll" /reference:"C:\Program Files\dotnet\packs\Microsoft.NETCore.App.Ref\8.0.14\ref\net8.0\System.Xml.XmlDocument.dll" /reference:"C:\Program Files\dotnet\packs\Microsoft.NETCore.App.Ref\8.0.14\ref\net8.0\System.Xml.XmlSerializer.dll" /reference:"C:\Program Files\dotnet\packs\Microsoft.NETCore.App.Ref\8.0.14\ref\net8.0\System.Xml.XPath.dll" /reference:"C:\Program Files\dotnet\packs\Microsoft.NETCore.App.Ref\8.0.14\ref\net8.0\System.Xml.XPath.XDocument.dll" /reference:"C:\Program Files\dotnet\packs\Microsoft.NETCore.App.Ref\8.0.14\ref\net8.0\WindowsBase.dll" /debug+ /debug:portable /filealign:512 /optimize- /out:obj\Debug\net8.0\AuthSystem.Infrastructure.dll /refout:obj\Debug\net8.0\refint\AuthSystem.Infrastructure.dll /target:library /warnaserror- /utf8output /deterministic+ /sourcelink:obj\Debug\net8.0\AuthSystem.Infrastructure.sourcelink.json /langversion:12.0 /embed:obj\Debug\net8.0\AuthSystem.Infrastructure.GlobalUsings.g.cs /embed:"obj\Debug\net8.0\.NETCoreApp,Version=v8.0.AssemblyAttributes.cs" /embed:obj\Debug\net8.0\AuthSystem.Infrastructure.AssemblyInfo.cs /analyzerconfig:obj\Debug\net8.0\AuthSystem.Infrastructure.GeneratedMSBuildEditorConfig.editorconfig /analyzerconfig:"C:\Program Files\dotnet\sdk\9.0.201\Sdks\Microsoft.NET.Sdk\analyzers\build\config\analysislevel_8_default.globalconfig" /analyzer:"C:\Program Files\dotnet\sdk\9.0.201\Sdks\Microsoft.NET.Sdk\targets\..\analyzers\Microsoft.CodeAnalysis.CSharp.NetAnalyzers.dll" /analyzer:"C:\Program Files\dotnet\sdk\9.0.201\Sdks\Microsoft.NET.Sdk\targets\..\analyzers\Microsoft.CodeAnalysis.NetAnalyzers.dll" /analyzer:C:\Users\JHON\.nuget\packages\microsoft.codeanalysis.analyzers\3.3.3\analyzers\dotnet\cs\Microsoft.CodeAnalysis.Analyzers.dll /analyzer:C:\Users\JHON\.nuget\packages\microsoft.codeanalysis.analyzers\3.3.3\analyzers\dotnet\cs\Microsoft.CodeAnalysis.CSharp.Analyzers.dll /analyzer:C:\Users\JHON\.nuget\packages\microsoft.entityframeworkcore.analyzers\8.0.0\analyzers\dotnet\cs\Microsoft.EntityFrameworkCore.Analyzers.dll /analyzer:C:\Users\JHON\.nuget\packages\microsoft.extensions.logging.abstractions\8.0.0\analyzers\dotnet\roslyn4.4\cs\Microsoft.Extensions.Logging.Generators.dll /analyzer:C:\Users\JHON\.nuget\packages\microsoft.extensions.options\8.0.0\analyzers\dotnet\roslyn4.4\cs\Microsoft.Extensions.Options.SourceGeneration.dll /analyzer:"C:\Program Files\dotnet\packs\Microsoft.NETCore.App.Ref\8.0.14\analyzers/dotnet/cs/Microsoft.Interop.ComInterfaceGenerator.dll" /analyzer:"C:\Program Files\dotnet\packs\Microsoft.NETCore.App.Ref\8.0.14\analyzers/dotnet/cs/Microsoft.Interop.JavaScript.JSImportGenerator.dll" /analyzer:"C:\Program Files\dotnet\packs\Microsoft.NETCore.App.Ref\8.0.14\analyzers/dotnet/cs/Microsoft.Interop.LibraryImportGenerator.dll" /analyzer:"C:\Program Files\dotnet\packs\Microsoft.NETCore.App.Ref\8.0.14\analyzers/dotnet/cs/Microsoft.Interop.SourceGeneration.dll" /analyzer:"C:\Program Files\dotnet\packs\Microsoft.NETCore.App.Ref\8.0.14\analyzers/dotnet/cs/System.Text.Json.SourceGeneration.dll" /analyzer:"C:\Program Files\dotnet\packs\Microsoft.NETCore.App.Ref\8.0.14\analyzers/dotnet/cs/System.Text.RegularExpressions.Generator.dll" Class1.cs Migrations\20250419051857_InitialCreate.cs Migrations\20250419051857_InitialCreate.Designer.cs Migrations\20250421202649_AddModulesTable.cs Migrations\20250421202649_AddModulesTable.Designer.cs Migrations\20250421204426_SeedModulesData.cs Migrations\20250421204426_SeedModulesData.Designer.cs Migrations\20250421212500_AddRoutesAndRoleRoutes.cs Migrations\ApplicationDbContextModelSnapshot.cs Persistence\ApplicationDbContext.cs Persistence\DatabaseInitializer.cs Persistence\Migrations\AddModulePermissions.cs Persistence\Migrations\AddModuleViewPermission.cs Persistence\Migrations\AddPermissionModulesTable.cs Persistence\Migrations\AddPermissionRoutes.cs Persistence\Migrations\SeedModulesData.cs Persistence\Repositories\GenericRepository.cs Persistence\Repositories\ModuleRepository.cs Persistence\Repositories\PermissionModuleRepository.cs Persistence\Repositories\PermissionRepository.cs Persistence\Repositories\PermissionRouteRepository.cs Persistence\Repositories\Repository.cs Persistence\Repositories\RolePermissionRepository.cs Persistence\Repositories\RoleRepository.cs Persistence\Repositories\RoleRouteRepository.cs Persistence\Repositories\RouteRepository.cs Persistence\Repositories\UserRepository.cs Persistence\Repositories\UserRoleRepository.cs Persistence\Repositories\UserSessionRepository.cs Persistence\UnitOfWork.cs Services\AccountLockoutService.cs Services\CaptchaService.cs Services\JwtService.cs obj\Debug\net8.0\AuthSystem.Infrastructure.GlobalUsings.g.cs "obj\Debug\net8.0\.NETCoreApp,Version=v8.0.AssemblyAttributes.cs" obj\Debug\net8.0\AuthSystem.Infrastructure.AssemblyInfo.cs /warnaserror+:NU1605,SYSLIB0011
         Compilador de Microsoft (R) Visual C# versi├│n 4.13.0-3.25112.7 (afe5bc4a)
         Copyright (C) Microsoft Corporation. Todos los derechos reservados.
   5:9>D:\Users\Jhon\Documentos\Mintrabajo\Modulo General usuarios\AuthSystemNew\AuthSystem.Infrastructure\Services\JwtService.cs(92,29): warning CS8767: La nulabilidad de los tipos de referencia del tipo de par├ímetro"additionalClaims" de "Task<string> JwtService.GenerateTokenAsync(Guid userId, string username, string email, IEnumerable<string> roles, IEnumerable<string> permissions, IDictionary<string, string> additionalClaims = null, int expirationMinutes = 60, CancellationToken cancellationToken = default(CancellationToken))" no coincide con el miembro "Task<string> IJwtService.GenerateTokenAsync(Guid userId, string username, string email, IEnumerable<string> roles, IEnumerable<string> permissions, IDictionary<string, string>? additionalClaims = null, int expirationMinutes = 60, CancellationToken cancellationToken = default(CancellationToken))" implementado de forma impl├¡cita (posiblemente debido a los atributos de nulabilidad). [D:\Users\Jhon\Documentos\Mintrabajo\Modulo General usuarios\AuthSystemNew\AuthSystem.Infrastructure\AuthSystem.Infrastructure.csproj]
   5:9>D:\Users\Jhon\Documentos\Mintrabajo\Modulo General usuarios\AuthSystemNew\AuthSystem.Infrastructure\Services\JwtService.cs(98,60): warning CS8625: No se puede convertir un literal NULL en un tipo de referencia que no acepta valores NULL. [D:\Users\Jhon\Documentos\Mintrabajo\Modulo General usuarios\AuthSystemNew\AuthSystem.Infrastructure\AuthSystem.Infrastructure.csproj]
   5:9>D:\Users\Jhon\Documentos\Mintrabajo\Modulo General usuarios\AuthSystemNew\AuthSystem.Infrastructure\Persistence\ApplicationDbContext.cs(22,16): warning CS8618: El elemento campo "_currentTransaction" que no acepta valores NULL debe contener un valor distinto de NULL al salir del constructor. Considere la posibilidad de agregar el modificador "required'"o declarar el campo como un valor que acepta valores NULL. [D:\Users\Jhon\Documentos\Mintrabajo\Modulo General usuarios\AuthSystemNew\AuthSystem.Infrastructure\AuthSystem.Infrastructure.csproj]
         D:\Users\Jhon\Documentos\Mintrabajo\Modulo General usuarios\AuthSystemNew\AuthSystem.Infrastructure\Persistence\ApplicationDbContext.cs(22,16): info SP0001: Un elemento DiagnosticSuppressor con el identificador de supresi├│n "EFSPR1001" y la justificaci├│n "DbSet properties on DbContext subclasses are automatically populated by the DbContext constructor." ha suprimido mediante programaci├│n el diagn├│stico "CS8618: El elemento propiedad "Users" que no acepta valores NULL debe contener un valor distinto de NULL al salir del constructor. Considere la posibilidad de agregar el modificador "required'"o declarar el propiedad como un valor que acepta valores NULL.".
         D:\Users\Jhon\Documentos\Mintrabajo\Modulo General usuarios\AuthSystemNew\AuthSystem.Infrastructure\Persistence\ApplicationDbContext.cs(22,16): info SP0001: Un elemento DiagnosticSuppressor con el identificador de supresi├│n "EFSPR1001" y la justificaci├│n "DbSet properties on DbContext subclasses are automatically populated by the DbContext constructor." ha suprimido mediante programaci├│n el diagn├│stico "CS8618: El elemento propiedad "Roles" que no acepta valores NULL debe contener un valor distinto de NULL al salir del constructor. Considere la posibilidad de agregar el modificador "required'"o declarar el propiedad como un valor que acepta valores NULL.".
         D:\Users\Jhon\Documentos\Mintrabajo\Modulo General usuarios\AuthSystemNew\AuthSystem.Infrastructure\Persistence\ApplicationDbContext.cs(22,16): info SP0001: Un elemento DiagnosticSuppressor con el identificador de supresi├│n "EFSPR1001" y la justificaci├│n "DbSet properties on DbContext subclasses are automatically populated by the DbContext constructor." ha suprimido mediante programaci├│n el diagn├│stico "CS8618: El elemento propiedad "Permissions" que no acepta valores NULL debe contener un valor distinto de NULL al salir del constructor. Considere la posibilidad de agregar el modificador "required'"o declarar el propiedad como un valor que acepta valores NULL.".
         D:\Users\Jhon\Documentos\Mintrabajo\Modulo General usuarios\AuthSystemNew\AuthSystem.Infrastructure\Persistence\ApplicationDbContext.cs(22,16): info SP0001: Un elemento DiagnosticSuppressor con el identificador de supresi├│n "EFSPR1001" y la justificaci├│n "DbSet properties on DbContext subclasses are automatically populated by the DbContext constructor." ha suprimido mediante programaci├│n el diagn├│stico "CS8618: El elemento propiedad "UserRoles" que no acepta valores NULL debe contener un valor distinto de NULL al salir del constructor. Considere la posibilidad de agregar el modificador "required'"o declarar el propiedad como un valor que acepta valores NULL.".
         D:\Users\Jhon\Documentos\Mintrabajo\Modulo General usuarios\AuthSystemNew\AuthSystem.Infrastructure\Persistence\ApplicationDbContext.cs(22,16): info SP0001: Un elemento DiagnosticSuppressor con el identificador de supresi├│n "EFSPR1001" y la justificaci├│n "DbSet properties on DbContext subclasses are automatically populated by the DbContext constructor." ha suprimido mediante programaci├│n el diagn├│stico "CS8618: El elemento propiedad "RolePermissions" que no acepta valores NULL debe contener un valor distinto de NULL al salir del constructor. Considere la posibilidad de agregar el modificador "required'"o declarar el propiedad como un valor que acepta valores NULL.".
         D:\Users\Jhon\Documentos\Mintrabajo\Modulo General usuarios\AuthSystemNew\AuthSystem.Infrastructure\Persistence\ApplicationDbContext.cs(22,16): info SP0001: Un elemento DiagnosticSuppressor con el identificador de supresi├│n "EFSPR1001" y la justificaci├│n "DbSet properties on DbContext subclasses are automatically populated by the DbContext constructor." ha suprimido mediante programaci├│n el diagn├│stico "CS8618: El elemento propiedad "UserSessions" que no acepta valores NULL debe contener un valor distinto de NULL al salir del constructor. Considere la posibilidad de agregar el modificador "required'"o declarar el propiedad como un valor que acepta valores NULL.".
         D:\Users\Jhon\Documentos\Mintrabajo\Modulo General usuarios\AuthSystemNew\AuthSystem.Infrastructure\Persistence\ApplicationDbContext.cs(22,16): info SP0001: Un elemento DiagnosticSuppressor con el identificador de supresi├│n "EFSPR1001" y la justificaci├│n "DbSet properties on DbContext subclasses are automatically populated by the DbContext constructor." ha suprimido mediante programaci├│n el diagn├│stico "CS8618: El elemento propiedad "Modules" que no acepta valores NULL debe contener un valor distinto de NULL al salir del constructor. Considere la posibilidad de agregar el modificador "required'"o declarar el propiedad como un valor que acepta valores NULL.".
         D:\Users\Jhon\Documentos\Mintrabajo\Modulo General usuarios\AuthSystemNew\AuthSystem.Infrastructure\Persistence\ApplicationDbContext.cs(22,16): info SP0001: Un elemento DiagnosticSuppressor con el identificador de supresi├│n "EFSPR1001" y la justificaci├│n "DbSet properties on DbContext subclasses are automatically populated by the DbContext constructor." ha suprimido mediante programaci├│n el diagn├│stico "CS8618: El elemento propiedad "Routes" que no acepta valores NULL debe contener un valor distinto de NULL al salir del constructor. Considere la posibilidad de agregar el modificador "required'"o declarar el propiedad como un valor que acepta valores NULL.".
         D:\Users\Jhon\Documentos\Mintrabajo\Modulo General usuarios\AuthSystemNew\AuthSystem.Infrastructure\Persistence\ApplicationDbContext.cs(22,16): info SP0001: Un elemento DiagnosticSuppressor con el identificador de supresi├│n "EFSPR1001" y la justificaci├│n "DbSet properties on DbContext subclasses are automatically populated by the DbContext constructor." ha suprimido mediante programaci├│n el diagn├│stico "CS8618: El elemento propiedad "RoleRoutes" que no acepta valores NULL debe contener un valor distinto de NULL al salir del constructor. Considere la posibilidad de agregar el modificador "required'"o declarar el propiedad como un valor que acepta valores NULL.".
         D:\Users\Jhon\Documentos\Mintrabajo\Modulo General usuarios\AuthSystemNew\AuthSystem.Infrastructure\Persistence\ApplicationDbContext.cs(22,16): info SP0001: Un elemento DiagnosticSuppressor con el identificador de supresi├│n "EFSPR1001" y la justificaci├│n "DbSet properties on DbContext subclasses are automatically populated by the DbContext constructor." ha suprimido mediante programaci├│n el diagn├│stico "CS8618: El elemento propiedad "PermissionModules" que no acepta valores NULL debe contener un valor distinto de NULL al salir del constructor. Considere la posibilidad de agregar el modificador "required'"o declarar el propiedad como un valor que acepta valores NULL.".
   5:9>D:\Users\Jhon\Documentos\Mintrabajo\Modulo General usuarios\AuthSystemNew\AuthSystem.Infrastructure\Persistence\UnitOfWork.cs(35,16): warning CS8618: El elemento campo "_userRepository" que no acepta valores NULL debe contener un valor distinto de NULL al salir del constructor. Considere la posibilidad de agregar el modificador "required'"o declarar el campo como un valor que acepta valores NULL. [D:\Users\Jhon\Documentos\Mintrabajo\Modulo General usuarios\AuthSystemNew\AuthSystem.Infrastructure\AuthSystem.Infrastructure.csproj]
   5:9>D:\Users\Jhon\Documentos\Mintrabajo\Modulo General usuarios\AuthSystemNew\AuthSystem.Infrastructure\Persistence\UnitOfWork.cs(35,16): warning CS8618: El elemento campo "_roleRepository" que no acepta valores NULL debe contener un valor distinto de NULL al salir del constructor. Considere la posibilidad de agregar el modificador "required'"o declarar el campo como un valor que acepta valores NULL. [D:\Users\Jhon\Documentos\Mintrabajo\Modulo General usuarios\AuthSystemNew\AuthSystem.Infrastructure\AuthSystem.Infrastructure.csproj]
   5:9>D:\Users\Jhon\Documentos\Mintrabajo\Modulo General usuarios\AuthSystemNew\AuthSystem.Infrastructure\Persistence\UnitOfWork.cs(35,16): warning CS8618: El elemento campo "_permissionRepository" que no acepta valores NULL debe contener un valor distinto de NULL al salir del constructor. Considere la posibilidad de agregar el modificador "required'"o declarar el campo como un valor que acepta valores NULL. [D:\Users\Jhon\Documentos\Mintrabajo\Modulo General usuarios\AuthSystemNew\AuthSystem.Infrastructure\AuthSystem.Infrastructure.csproj]
   5:9>D:\Users\Jhon\Documentos\Mintrabajo\Modulo General usuarios\AuthSystemNew\AuthSystem.Infrastructure\Persistence\UnitOfWork.cs(35,16): warning CS8618: El elemento campo "_userRoleRepository" que no acepta valores NULL debe contener un valor distinto de NULL al salir del constructor. Considere la posibilidad de agregar el modificador "required'"o declarar el campo como un valor que acepta valores NULL. [D:\Users\Jhon\Documentos\Mintrabajo\Modulo General usuarios\AuthSystemNew\AuthSystem.Infrastructure\AuthSystem.Infrastructure.csproj]
   5:9>D:\Users\Jhon\Documentos\Mintrabajo\Modulo General usuarios\AuthSystemNew\AuthSystem.Infrastructure\Persistence\UnitOfWork.cs(35,16): warning CS8618: El elemento campo "_rolePermissionRepository" que no acepta valores NULL debe contener un valor distinto de NULL al salir del constructor. Considere la posibilidad de agregar el modificador "required'"o declarar el campo como un valor que acepta valores NULL. [D:\Users\Jhon\Documentos\Mintrabajo\Modulo General usuarios\AuthSystemNew\AuthSystem.Infrastructure\AuthSystem.Infrastructure.csproj]
   5:9>D:\Users\Jhon\Documentos\Mintrabajo\Modulo General usuarios\AuthSystemNew\AuthSystem.Infrastructure\Persistence\UnitOfWork.cs(35,16): warning CS8618: El elemento campo "_userSessionRepository" que no acepta valores NULL debe contener un valor distinto de NULL al salir del constructor. Considere la posibilidad de agregar el modificador "required'"o declarar el campo como un valor que acepta valores NULL. [D:\Users\Jhon\Documentos\Mintrabajo\Modulo General usuarios\AuthSystemNew\AuthSystem.Infrastructure\AuthSystem.Infrastructure.csproj]
   5:9>D:\Users\Jhon\Documentos\Mintrabajo\Modulo General usuarios\AuthSystemNew\AuthSystem.Infrastructure\Persistence\UnitOfWork.cs(35,16): warning CS8618: El elemento campo "_modules" que no acepta valores NULL debe contener un valor distinto de NULL al salir del constructor. Considere la posibilidad de agregar el modificador "required'"o declarar el campo como un valor que acepta valores NULL. [D:\Users\Jhon\Documentos\Mintrabajo\Modulo General usuarios\AuthSystemNew\AuthSystem.Infrastructure\AuthSystem.Infrastructure.csproj]
   5:9>D:\Users\Jhon\Documentos\Mintrabajo\Modulo General usuarios\AuthSystemNew\AuthSystem.Infrastructure\Persistence\UnitOfWork.cs(35,16): warning CS8618: El elemento campo "_routes" que no acepta valores NULL debe contener un valor distinto de NULL al salir del constructor. Considere la posibilidad de agregar el modificador "required'"o declarar el campo como un valor que acepta valores NULL. [D:\Users\Jhon\Documentos\Mintrabajo\Modulo General usuarios\AuthSystemNew\AuthSystem.Infrastructure\AuthSystem.Infrastructure.csproj]
   5:9>D:\Users\Jhon\Documentos\Mintrabajo\Modulo General usuarios\AuthSystemNew\AuthSystem.Infrastructure\Persistence\UnitOfWork.cs(35,16): warning CS8618: El elemento campo "_roleRoutes" que no acepta valores NULL debe contener un valor distinto de NULL al salir del constructor. Considere la posibilidad de agregar el modificador "required'"o declarar el campo como un valor que acepta valores NULL. [D:\Users\Jhon\Documentos\Mintrabajo\Modulo General usuarios\AuthSystemNew\AuthSystem.Infrastructure\AuthSystem.Infrastructure.csproj]
   5:9>D:\Users\Jhon\Documentos\Mintrabajo\Modulo General usuarios\AuthSystemNew\AuthSystem.Infrastructure\Persistence\Migrations\SeedModulesData.cs(21,21): warning CS8625: No se puede convertir un literal NULL en un tipo de referencia que no acepta valores NULL. [D:\Users\Jhon\Documentos\Mintrabajo\Modulo General usuarios\AuthSystemNew\AuthSystem.Infrastructure\AuthSystem.Infrastructure.csproj]
   5:9>D:\Users\Jhon\Documentos\Mintrabajo\Modulo General usuarios\AuthSystemNew\AuthSystem.Infrastructure\Persistence\Migrations\SeedModulesData.cs(41,21): warning CS8625: No se puede convertir un literal NULL en un tipo de referencia que no acepta valores NULL. [D:\Users\Jhon\Documentos\Mintrabajo\Modulo General usuarios\AuthSystemNew\AuthSystem.Infrastructure\AuthSystem.Infrastructure.csproj]
   5:9>D:\Users\Jhon\Documentos\Mintrabajo\Modulo General usuarios\AuthSystemNew\AuthSystem.Infrastructure\Persistence\Migrations\SeedModulesData.cs(98,21): warning CS8625: No se puede convertir un literal NULL en un tipo de referencia que no acepta valores NULL. [D:\Users\Jhon\Documentos\Mintrabajo\Modulo General usuarios\AuthSystemNew\AuthSystem.Infrastructure\AuthSystem.Infrastructure.csproj]
   5:9>D:\Users\Jhon\Documentos\Mintrabajo\Modulo General usuarios\AuthSystemNew\AuthSystem.Infrastructure\Services\JwtService.cs(60,30): warning CS8619: La nulabilidad de los tipos de referencia en el valor de tipo "List<string>" no coincide con el tipo de destino "List<string?>". [D:\Users\Jhon\Documentos\Mintrabajo\Modulo General usuarios\AuthSystemNew\AuthSystem.Infrastructure\AuthSystem.Infrastructure.csproj]
   5:9>D:\Users\Jhon\Documentos\Mintrabajo\Modulo General usuarios\AuthSystemNew\AuthSystem.Infrastructure\Services\JwtService.cs(67,30): warning CS8619: La nulabilidad de los tipos de referencia en el valor de tipo "List<string>" no coincide con el tipo de destino "List<string?>". [D:\Users\Jhon\Documentos\Mintrabajo\Modulo General usuarios\AuthSystemNew\AuthSystem.Infrastructure\AuthSystem.Infrastructure.csproj]
   5:9>D:\Users\Jhon\Documentos\Mintrabajo\Modulo General usuarios\AuthSystemNew\AuthSystem.Infrastructure\Services\JwtService.cs(73,17): warning CS8620: El argumento de tipo "List<string?>" no se puede usar para el par├ímetro "roles" de tipo "IEnumerable<string>" en "Task<string> JwtService.GenerateTokenAsync(Guid userId, string username, string email, IEnumerable<string> roles, IEnumerable<string> permissions, IDictionary<string, string> additionalClaims = null, int expirationMinutes = 60, CancellationToken cancellationToken = default(CancellationToken))" debido a las diferencias en la nulabilidad de los tipos de referencia. [D:\Users\Jhon\Documentos\Mintrabajo\Modulo General usuarios\AuthSystemNew\AuthSystem.Infrastructure\AuthSystem.Infrastructure.csproj]
   5:9>D:\Users\Jhon\Documentos\Mintrabajo\Modulo General usuarios\AuthSystemNew\AuthSystem.Infrastructure\Services\JwtService.cs(74,17): warning CS8620: El argumento de tipo "List<string?>" no se puede usar para el par├ímetro "permissions" de tipo "IEnumerable<string>" en "Task<string> JwtService.GenerateTokenAsync(Guid userId, string username, string email, IEnumerable<string> roles, IEnumerable<string> permissions, IDictionary<string, string> additionalClaims = null, int expirationMinutes = 60, CancellationToken cancellationToken = default(CancellationToken))" debido a las diferencias en la nulabilidad de los tipos de referencia. [D:\Users\Jhon\Documentos\Mintrabajo\Modulo General usuarios\AuthSystemNew\AuthSystem.Infrastructure\AuthSystem.Infrastructure.csproj]
   5:9>D:\Users\Jhon\Documentos\Mintrabajo\Modulo General usuarios\AuthSystemNew\AuthSystem.Infrastructure\Services\JwtService.cs(75,17): warning CS8625: No se puede convertir un literal NULL en un tipo de referencia que no acepta valores NULL. [D:\Users\Jhon\Documentos\Mintrabajo\Modulo General usuarios\AuthSystemNew\AuthSystem.Infrastructure\AuthSystem.Infrastructure.csproj]
   5:9>D:\Users\Jhon\Documentos\Mintrabajo\Modulo General usuarios\AuthSystemNew\AuthSystem.Infrastructure\Persistence\Repositories\GenericRepository.cs(39,20): warning CS8603: Posible tipo de valor devuelto de referencia nulo. [D:\Users\Jhon\Documentos\Mintrabajo\Modulo General usuarios\AuthSystemNew\AuthSystem.Infrastructure\AuthSystem.Infrastructure.csproj]
   5:9>D:\Users\Jhon\Documentos\Mintrabajo\Modulo General usuarios\AuthSystemNew\AuthSystem.Infrastructure\Persistence\Repositories\UserSessionRepository.cs(59,20): warning CS8603: Posible tipo de valor devuelto de referencia nulo. [D:\Users\Jhon\Documentos\Mintrabajo\Modulo General usuarios\AuthSystemNew\AuthSystem.Infrastructure\AuthSystem.Infrastructure.csproj]
   5:9>D:\Users\Jhon\Documentos\Mintrabajo\Modulo General usuarios\AuthSystemNew\AuthSystem.Infrastructure\Services\JwtService.cs(140,75): warning CS8604: Posible argumento de referencia nulo para el par├ímetro "s" en "byte[] Encoding.GetBytes(string s)". [D:\Users\Jhon\Documentos\Mintrabajo\Modulo General usuarios\AuthSystemNew\AuthSystem.Infrastructure\AuthSystem.Infrastructure.csproj]
   5:9>D:\Users\Jhon\Documentos\Mintrabajo\Modulo General usuarios\AuthSystemNew\AuthSystem.Infrastructure\Services\CaptchaService.cs(243,28): warning CS8603: Posible tipo de valor devuelto de referencia nulo. [D:\Users\Jhon\Documentos\Mintrabajo\Modulo General usuarios\AuthSystemNew\AuthSystem.Infrastructure\AuthSystem.Infrastructure.csproj]
   5:9>D:\Users\Jhon\Documentos\Mintrabajo\Modulo General usuarios\AuthSystemNew\AuthSystem.Infrastructure\Services\CaptchaService.cs(255,24): warning CS8603: Posible tipo de valor devuelto de referencia nulo. [D:\Users\Jhon\Documentos\Mintrabajo\Modulo General usuarios\AuthSystemNew\AuthSystem.Infrastructure\AuthSystem.Infrastructure.csproj]
   5:9>D:\Users\Jhon\Documentos\Mintrabajo\Modulo General usuarios\AuthSystemNew\AuthSystem.Infrastructure\Persistence\Repositories\PermissionRouteRepository.cs(34,35): error CS1061: "ApplicationDbContext" no contiene una definici├│n para "PermissionRoutes" ni un m├®todo de extensi├│n accesible "PermissionRoutes" que acepte un primer argumento del tipo "ApplicationDbContext" (┬┐falta alguna directiva using o una referencia de ensamblado?) [D:\Users\Jhon\Documentos\Mintrabajo\Modulo General usuarios\AuthSystemNew\AuthSystem.Infrastructure\AuthSystem.Infrastructure.csproj]
   5:9>D:\Users\Jhon\Documentos\Mintrabajo\Modulo General usuarios\AuthSystemNew\AuthSystem.Infrastructure\Persistence\Repositories\PermissionRepository.cs(38,20): warning CS8603: Posible tipo de valor devuelto de referencia nulo. [D:\Users\Jhon\Documentos\Mintrabajo\Modulo General usuarios\AuthSystemNew\AuthSystem.Infrastructure\AuthSystem.Infrastructure.csproj]
   5:9>D:\Users\Jhon\Documentos\Mintrabajo\Modulo General usuarios\AuthSystemNew\AuthSystem.Infrastructure\Persistence\Repositories\PermissionRouteRepository.cs(49,35): error CS1061: "ApplicationDbContext" no contiene una definici├│n para "PermissionRoutes" ni un m├®todo de extensi├│n accesible "PermissionRoutes" que acepte un primer argumento del tipo "ApplicationDbContext" (┬┐falta alguna directiva using o una referencia de ensamblado?) [D:\Users\Jhon\Documentos\Mintrabajo\Modulo General usuarios\AuthSystemNew\AuthSystem.Infrastructure\AuthSystem.Infrastructure.csproj]
   5:9>D:\Users\Jhon\Documentos\Mintrabajo\Modulo General usuarios\AuthSystemNew\AuthSystem.Infrastructure\Services\JwtService.cs(305,88): warning CS8604: Posible argumento de referencia nulo para el par├ímetro "s" en "byte[] Encoding.GetBytes(string s)". [D:\Users\Jhon\Documentos\Mintrabajo\Modulo General usuarios\AuthSystemNew\AuthSystem.Infrastructure\AuthSystem.Infrastructure.csproj]
   5:9>D:\Users\Jhon\Documentos\Mintrabajo\Modulo General usuarios\AuthSystemNew\AuthSystem.Infrastructure\Services\JwtService.cs(317,61): warning CS8625: No se puede convertir un literal NULL en un tipo de referencia que no acepta valores NULL. [D:\Users\Jhon\Documentos\Mintrabajo\Modulo General usuarios\AuthSystemNew\AuthSystem.Infrastructure\AuthSystem.Infrastructure.csproj]
   5:9>D:\Users\Jhon\Documentos\Mintrabajo\Modulo General usuarios\AuthSystemNew\AuthSystem.Infrastructure\Services\JwtService.cs(325,57): warning CS8625: No se puede convertir un literal NULL en un tipo de referencia que no acepta valores NULL. [D:\Users\Jhon\Documentos\Mintrabajo\Modulo General usuarios\AuthSystemNew\AuthSystem.Infrastructure\AuthSystem.Infrastructure.csproj]
   5:9>D:\Users\Jhon\Documentos\Mintrabajo\Modulo General usuarios\AuthSystemNew\AuthSystem.Infrastructure\Persistence\Repositories\Repository.cs(57,20): warning CS8603: Posible tipo de valor devuelto de referencia nulo. [D:\Users\Jhon\Documentos\Mintrabajo\Modulo General usuarios\AuthSystemNew\AuthSystem.Infrastructure\AuthSystem.Infrastructure.csproj]
   5:9>D:\Users\Jhon\Documentos\Mintrabajo\Modulo General usuarios\AuthSystemNew\AuthSystem.Infrastructure\Persistence\Repositories\RoleRepository.cs(38,20): warning CS8603: Posible tipo de valor devuelto de referencia nulo. [D:\Users\Jhon\Documentos\Mintrabajo\Modulo General usuarios\AuthSystemNew\AuthSystem.Infrastructure\AuthSystem.Infrastructure.csproj]
   5:9>D:\Users\Jhon\Documentos\Mintrabajo\Modulo General usuarios\AuthSystemNew\AuthSystem.Infrastructure\Persistence\Repositories\PermissionRouteRepository.cs(81,51): error CS1061: "ApplicationDbContext" no contiene una definici├│n para "PermissionRoutes" ni un m├®todo de extensi├│n accesible "PermissionRoutes" que acepte un primer argumento del tipo "ApplicationDbContext" (┬┐falta alguna directiva using o una referencia de ensamblado?) [D:\Users\Jhon\Documentos\Mintrabajo\Modulo General usuarios\AuthSystemNew\AuthSystem.Infrastructure\AuthSystem.Infrastructure.csproj]
   5:9>D:\Users\Jhon\Documentos\Mintrabajo\Modulo General usuarios\AuthSystemNew\AuthSystem.Infrastructure\Persistence\Repositories\PermissionRouteRepository.cs(101,28): error CS1061: "ApplicationDbContext" no contiene una definici├│n para "PermissionRoutes" ni un m├®todo de extensi├│n accesible "PermissionRoutes" que acepte un primer argumento del tipo "ApplicationDbContext" (┬┐falta alguna directiva using o una referencia de ensamblado?) [D:\Users\Jhon\Documentos\Mintrabajo\Modulo General usuarios\AuthSystemNew\AuthSystem.Infrastructure\AuthSystem.Infrastructure.csproj]
   5:9>D:\Users\Jhon\Documentos\Mintrabajo\Modulo General usuarios\AuthSystemNew\AuthSystem.Infrastructure\Persistence\Repositories\PermissionRouteRepository.cs(114,50): error CS1061: "ApplicationDbContext" no contiene una definici├│n para "PermissionRoutes" ni un m├®todo de extensi├│n accesible "PermissionRoutes" que acepte un primer argumento del tipo "ApplicationDbContext" (┬┐falta alguna directiva using o una referencia de ensamblado?) [D:\Users\Jhon\Documentos\Mintrabajo\Modulo General usuarios\AuthSystemNew\AuthSystem.Infrastructure\AuthSystem.Infrastructure.csproj]
   5:9>D:\Users\Jhon\Documentos\Mintrabajo\Modulo General usuarios\AuthSystemNew\AuthSystem.Infrastructure\Persistence\Repositories\PermissionRouteRepository.cs(123,22): error CS1061: "ApplicationDbContext" no contiene una definici├│n para "PermissionRoutes" ni un m├®todo de extensi├│n accesible "PermissionRoutes" que acepte un primer argumento del tipo "ApplicationDbContext" (┬┐falta alguna directiva using o una referencia de ensamblado?) [D:\Users\Jhon\Documentos\Mintrabajo\Modulo General usuarios\AuthSystemNew\AuthSystem.Infrastructure\AuthSystem.Infrastructure.csproj]
   5:9>D:\Users\Jhon\Documentos\Mintrabajo\Modulo General usuarios\AuthSystemNew\AuthSystem.Infrastructure\Persistence\Repositories\PermissionRouteRepository.cs(135,35): error CS1061: "ApplicationDbContext" no contiene una definici├│n para "PermissionRoutes" ni un m├®todo de extensi├│n accesible "PermissionRoutes" que acepte un primer argumento del tipo "ApplicationDbContext" (┬┐falta alguna directiva using o una referencia de ensamblado?) [D:\Users\Jhon\Documentos\Mintrabajo\Modulo General usuarios\AuthSystemNew\AuthSystem.Infrastructure\AuthSystem.Infrastructure.csproj]
   5:9>D:\Users\Jhon\Documentos\Mintrabajo\Modulo General usuarios\AuthSystemNew\AuthSystem.Infrastructure\Persistence\Repositories\UserRoleRepository.cs(62,20): warning CS8603: Posible tipo de valor devuelto de referencia nulo. [D:\Users\Jhon\Documentos\Mintrabajo\Modulo General usuarios\AuthSystemNew\AuthSystem.Infrastructure\AuthSystem.Infrastructure.csproj]
   5:9>D:\Users\Jhon\Documentos\Mintrabajo\Modulo General usuarios\AuthSystemNew\AuthSystem.Infrastructure\Persistence\Repositories\RolePermissionRepository.cs(62,20): warning CS8603: Posible tipo de valor devuelto de referencia nulo. [D:\Users\Jhon\Documentos\Mintrabajo\Modulo General usuarios\AuthSystemNew\AuthSystem.Infrastructure\AuthSystem.Infrastructure.csproj]
   5:9>D:\Users\Jhon\Documentos\Mintrabajo\Modulo General usuarios\AuthSystemNew\AuthSystem.Infrastructure\Persistence\Repositories\UserRepository.cs(38,20): warning CS8603: Posible tipo de valor devuelto de referencia nulo. [D:\Users\Jhon\Documentos\Mintrabajo\Modulo General usuarios\AuthSystemNew\AuthSystem.Infrastructure\AuthSystem.Infrastructure.csproj]
   5:9>D:\Users\Jhon\Documentos\Mintrabajo\Modulo General usuarios\AuthSystemNew\AuthSystem.Infrastructure\Persistence\Repositories\ModuleRepository.cs(102,20): warning CS8603: Posible tipo de valor devuelto de referencia nulo. [D:\Users\Jhon\Documentos\Mintrabajo\Modulo General usuarios\AuthSystemNew\AuthSystem.Infrastructure\AuthSystem.Infrastructure.csproj]
   5:9>D:\Users\Jhon\Documentos\Mintrabajo\Modulo General usuarios\AuthSystemNew\AuthSystem.Infrastructure\Persistence\Repositories\RoleRepository.cs(91,20): warning CS8603: Posible tipo de valor devuelto de referencia nulo. [D:\Users\Jhon\Documentos\Mintrabajo\Modulo General usuarios\AuthSystemNew\AuthSystem.Infrastructure\AuthSystem.Infrastructure.csproj]
   5:9>D:\Users\Jhon\Documentos\Mintrabajo\Modulo General usuarios\AuthSystemNew\AuthSystem.Infrastructure\Persistence\Repositories\UserRepository.cs(57,20): warning CS8603: Posible tipo de valor devuelto de referencia nulo. [D:\Users\Jhon\Documentos\Mintrabajo\Modulo General usuarios\AuthSystemNew\AuthSystem.Infrastructure\AuthSystem.Infrastructure.csproj]
   5:9>D:\Users\Jhon\Documentos\Mintrabajo\Modulo General usuarios\AuthSystemNew\AuthSystem.Infrastructure\Persistence\Repositories\UserRepository.cs(134,20): warning CS8603: Posible tipo de valor devuelto de referencia nulo. [D:\Users\Jhon\Documentos\Mintrabajo\Modulo General usuarios\AuthSystemNew\AuthSystem.Infrastructure\AuthSystem.Infrastructure.csproj]
   5:9>D:\Users\Jhon\Documentos\Mintrabajo\Modulo General usuarios\AuthSystemNew\AuthSystem.Infrastructure\Persistence\Repositories\RouteRepository.cs(158,20): warning CS8603: Posible tipo de valor devuelto de referencia nulo. [D:\Users\Jhon\Documentos\Mintrabajo\Modulo General usuarios\AuthSystemNew\AuthSystem.Infrastructure\AuthSystem.Infrastructure.csproj]
   5:9>D:\Users\Jhon\Documentos\Mintrabajo\Modulo General usuarios\AuthSystemNew\AuthSystem.Infrastructure\Persistence\ApplicationDbContext.cs(752,43): warning CS8625: No se puede convertir un literal NULL en un tipo de referencia que no acepta valores NULL. [D:\Users\Jhon\Documentos\Mintrabajo\Modulo General usuarios\AuthSystemNew\AuthSystem.Infrastructure\AuthSystem.Infrastructure.csproj]
   5:9>D:\Users\Jhon\Documentos\Mintrabajo\Modulo General usuarios\AuthSystemNew\AuthSystem.Infrastructure\Persistence\ApplicationDbContext.cs(773,43): warning CS8625: No se puede convertir un literal NULL en un tipo de referencia que no acepta valores NULL. [D:\Users\Jhon\Documentos\Mintrabajo\Modulo General usuarios\AuthSystemNew\AuthSystem.Infrastructure\AuthSystem.Infrastructure.csproj]
   5:9>D:\Users\Jhon\Documentos\Mintrabajo\Modulo General usuarios\AuthSystemNew\AuthSystem.Infrastructure\Persistence\Migrations\AddModuleViewPermission.cs(39,38): warning EF1002: Method 'ExecuteSqlRaw' inserts interpolated strings directly into the SQL, without any protection against SQL injection. Consider using 'ExecuteSql' instead, which protects against SQL injection, or make sure that the value is sanitized and suppress the warning. [D:\Users\Jhon\Documentos\Mintrabajo\Modulo General usuarios\AuthSystemNew\AuthSystem.Infrastructure\AuthSystem.Infrastructure.csproj]
   5:9>D:\Users\Jhon\Documentos\Mintrabajo\Modulo General usuarios\AuthSystemNew\AuthSystem.Infrastructure\Persistence\Migrations\AddModuleViewPermission.cs(63,38): warning EF1002: Method 'ExecuteSqlRaw' inserts interpolated strings directly into the SQL, without any protection against SQL injection. Consider using 'ExecuteSql' instead, which protects against SQL injection, or make sure that the value is sanitized and suppress the warning. [D:\Users\Jhon\Documentos\Mintrabajo\Modulo General usuarios\AuthSystemNew\AuthSystem.Infrastructure\AuthSystem.Infrastructure.csproj]
         CompilerServer: server - server processed compilation - AuthSystem.Infrastructure (net8.0)
       Ejecuci├│n de la tarea "Csc" terminada -- ERROR.
   5:9>Compilaci├│n terminada del destino "CoreCompile" en el proyecto "AuthSystem.Infrastructure.csproj" -- ERROR.
   5:9>Destino "_CheckForCompileOutputs" en el archivo "C:\Program Files\dotnet\sdk\9.0.201\Microsoft.Common.CurrentVersion.targets" del proyecto "D:\Users\Jhon\Documentos\Mintrabajo\Modulo General usuarios\AuthSystemNew\AuthSystem.Infrastructure\AuthSystem.Infrastructure.csproj" (el destino "_CleanGetCurrentAndPriorFileWrites" depende de ├®l):
   5:9>Compilaci├│n terminada del destino "_CheckForCompileOutputs" en el proyecto "AuthSystem.Infrastructure.csproj".
       Se omiti├│ el destino "_SGenCheckForOutputs" debido a una condici├│n falsa (False); ('$(_SGenGenerateSerializationAssembliesConfig)' == 'On' or ('@(WebReferenceUrl)'!='' and '$(_SGenGenerateSerializationAssembliesConfig)' == 'Auto')) se evalu├│ como ('Off' == 'On' or (''!='' and 'Off' == 'Auto')).
   5:9>Destino "_CleanGetCurrentAndPriorFileWrites" en el archivo "C:\Program Files\dotnet\sdk\9.0.201\Microsoft.Common.CurrentVersion.targets" del proyecto "D:\Users\Jhon\Documentos\Mintrabajo\Modulo General usuarios\AuthSystemNew\AuthSystem.Infrastructure\AuthSystem.Infrastructure.csproj" (el destino "_CleanRecordFileWrites" depende de ├®l):
       Usando la tarea "ReadLinesFromFile" del ensamblado "Microsoft.Build.Tasks.Core, Version=15.1.0.0, Culture=neutral, PublicKeyToken=b03f5f7f11d50a3a".
       Tarea "ReadLinesFromFile"
       Ejecuci├│n de la tarea "ReadLinesFromFile" terminada.
       Tarea "ConvertToAbsolutePath"
       Ejecuci├│n de la tarea "ConvertToAbsolutePath" terminada.
       Usando la tarea "FindUnderPath" del ensamblado "Microsoft.Build.Tasks.Core, Version=15.1.0.0, Culture=neutral, PublicKeyToken=b03f5f7f11d50a3a".
       Tarea "FindUnderPath"
         La ruta de comparaci├│n es "D:\Users\Jhon\Documentos\Mintrabajo\Modulo General usuarios\AuthSystemNew\AuthSystem.Infrastructure".
       Ejecuci├│n de la tarea "FindUnderPath" terminada.
       Tarea "FindUnderPath"
         La ruta de comparaci├│n es "bin\Debug\net8.0\".
       Ejecuci├│n de la tarea "FindUnderPath" terminada.
       Tarea "FindUnderPath"
         La ruta de comparaci├│n es "obj\Debug\net8.0\".
       Ejecuci├│n de la tarea "FindUnderPath" terminada.
       Tarea "RemoveDuplicates"
       Ejecuci├│n de la tarea "RemoveDuplicates" terminada.
   5:9>Compilaci├│n terminada del destino "_CleanGetCurrentAndPriorFileWrites" en el proyecto "AuthSystem.Infrastructure.csproj".
   5:9>Destino "_CleanRecordFileWrites" en el archivo "C:\Program Files\dotnet\sdk\9.0.201\Microsoft.Common.CurrentVersion.targets" del proyecto "D:\Users\Jhon\Documentos\Mintrabajo\Modulo General usuarios\AuthSystemNew\AuthSystem.Infrastructure\AuthSystem.Infrastructure.csproj" (el destino "CoreBuild" depende de ├®l):
       Tarea "RemoveDuplicates"
       Ejecuci├│n de la tarea "RemoveDuplicates" terminada.
       Tarea "MakeDir"
       Ejecuci├│n de la tarea "MakeDir" terminada.
       Tarea "WriteLinesToFile"
         Omitiendo la escritura en el archivo "obj\Debug\net8.0\AuthSystem.Infrastructure.csproj.FileListAbsolute.txt" porque el contenido no cambiar├í.
       Ejecuci├│n de la tarea "WriteLinesToFile" terminada.
   5:9>Compilaci├│n terminada del destino "_CleanRecordFileWrites" en el proyecto "AuthSystem.Infrastructure.csproj".
   5:9>Compilaci├│n del proyecto terminada "D:\Users\Jhon\Documentos\Mintrabajo\Modulo General usuarios\AuthSystemNew\AuthSystem.Infrastructure\AuthSystem.Infrastructure.csproj" (destinos predeterminados) -- ERROR.
   3:6>El proyecto "D:\Users\Jhon\Documentos\Mintrabajo\Modulo General usuarios\AuthSystemNew\AuthSystem.IntegrationTests\AuthSystem.IntegrationTests.csproj" (3:6) est├í compilando "D:\Users\Jhon\Documentos\Mintrabajo\Modulo General usuarios\AuthSystemNew\AuthSystem.Infrastructure\AuthSystem.Infrastructure.csproj" (5:13) en el nodo 3 (destinos predeterminados).
  5:13>Se omiti├│ el destino "Build". Compilado previamente de forma incorrecta.
  5:13>Compilaci├│n del proyecto terminada "D:\Users\Jhon\Documentos\Mintrabajo\Modulo General usuarios\AuthSystemNew\AuthSystem.Infrastructure\AuthSystem.Infrastructure.csproj" (destinos predeterminados) -- ERROR.
   7:7>El proyecto "D:\Users\Jhon\Documentos\Mintrabajo\Modulo General usuarios\AuthSystemNew\AuthSystem.API\AuthSystem.API.csproj" (7:7) est├í compilando "D:\Users\Jhon\Documentos\Mintrabajo\Modulo General usuarios\AuthSystemNew\AuthSystem.Infrastructure\AuthSystem.Infrastructure.csproj" (5:14) en el nodo 3 (destinos predeterminados).
  5:14>Se omiti├│ el destino "Build". Compilado previamente de forma incorrecta.
  5:14>Compilaci├│n del proyecto terminada "D:\Users\Jhon\Documentos\Mintrabajo\Modulo General usuarios\AuthSystemNew\AuthSystem.Infrastructure\AuthSystem.Infrastructure.csproj" (destinos predeterminados) -- ERROR.
   4:6>El proyecto "D:\Users\Jhon\Documentos\Mintrabajo\Modulo General usuarios\AuthSystemNew\AuthSystem.UnitTests\AuthSystem.UnitTests.csproj" (4:6) est├í compilando "D:\Users\Jhon\Documentos\Mintrabajo\Modulo General usuarios\AuthSystemNew\AuthSystem.Infrastructure\AuthSystem.Infrastructure.csproj" (5:15) en el nodo 3 (destinos predeterminados).
  5:15>Se omiti├│ el destino "Build". Compilado previamente de forma incorrecta.
  5:15>Compilaci├│n del proyecto terminada "D:\Users\Jhon\Documentos\Mintrabajo\Modulo General usuarios\AuthSystemNew\AuthSystem.Infrastructure\AuthSystem.Infrastructure.csproj" (destinos predeterminados) -- ERROR.
   7:7>Ejecuci├│n de la tarea "MSBuild" terminada -- ERROR.
   7:7>Compilaci├│n terminada del destino "ResolveProjectReferences" en el proyecto "AuthSystem.API.csproj" -- ERROR.
   4:6>Ejecuci├│n de la tarea "MSBuild" terminada -- ERROR.
   4:6>Compilaci├│n terminada del destino "ResolveProjectReferences" en el proyecto "AuthSystem.UnitTests.csproj" -- ERROR.
   4:6>Destino "_CheckForCompileOutputs" en el archivo "C:\Program Files\dotnet\sdk\9.0.201\Microsoft.Common.CurrentVersion.targets" del proyecto "D:\Users\Jhon\Documentos\Mintrabajo\Modulo General usuarios\AuthSystemNew\AuthSystem.UnitTests\AuthSystem.UnitTests.csproj" (el destino "_CleanGetCurrentAndPriorFileWrites" depende de ├®l):
   4:6>Compilaci├│n terminada del destino "_CheckForCompileOutputs" en el proyecto "AuthSystem.UnitTests.csproj".
   7:7>Destino "_CheckForCompileOutputs" en el archivo "C:\Program Files\dotnet\sdk\9.0.201\Microsoft.Common.CurrentVersion.targets" del proyecto "D:\Users\Jhon\Documentos\Mintrabajo\Modulo General usuarios\AuthSystemNew\AuthSystem.API\AuthSystem.API.csproj" (el destino "_CleanGetCurrentAndPriorFileWrites" depende de ├®l):
   7:7>Compilaci├│n terminada del destino "_CheckForCompileOutputs" en el proyecto "AuthSystem.API.csproj".
   4:6>Se omiti├│ el destino "_SGenCheckForOutputs" debido a una condici├│n falsa (False); ('$(_SGenGenerateSerializationAssembliesConfig)' == 'On' or ('@(WebReferenceUrl)'!='' and '$(_SGenGenerateSerializationAssembliesConfig)' == 'Auto')) se evalu├│ como ('Off' == 'On' or (''!='' and 'Off' == 'Auto')).
   7:7>Se omiti├│ el destino "_SGenCheckForOutputs" debido a una condici├│n falsa (False); ('$(_SGenGenerateSerializationAssembliesConfig)' == 'On' or ('@(WebReferenceUrl)'!='' and '$(_SGenGenerateSerializationAssembliesConfig)' == 'Auto')) se evalu├│ como ('Off' == 'On' or (''!='' and 'Off' == 'Auto')).
   4:6>Destino "_CleanGetCurrentAndPriorFileWrites" en el archivo "C:\Program Files\dotnet\sdk\9.0.201\Microsoft.Common.CurrentVersion.targets" del proyecto "D:\Users\Jhon\Documentos\Mintrabajo\Modulo General usuarios\AuthSystemNew\AuthSystem.UnitTests\AuthSystem.UnitTests.csproj" (el destino "_CleanRecordFileWrites" depende de ├®l):
   4:6>Usando la tarea "ReadLinesFromFile" del ensamblado "Microsoft.Build.Tasks.Core, Version=15.1.0.0, Culture=neutral, PublicKeyToken=b03f5f7f11d50a3a".
       Tarea "ReadLinesFromFile"
       Ejecuci├│n de la tarea "ReadLinesFromFile" terminada.
       Tarea "ConvertToAbsolutePath"
       Ejecuci├│n de la tarea "ConvertToAbsolutePath" terminada.
   7:7>Destino "_CleanGetCurrentAndPriorFileWrites" en el archivo "C:\Program Files\dotnet\sdk\9.0.201\Microsoft.Common.CurrentVersion.targets" del proyecto "D:\Users\Jhon\Documentos\Mintrabajo\Modulo General usuarios\AuthSystemNew\AuthSystem.API\AuthSystem.API.csproj" (el destino "_CleanRecordFileWrites" depende de ├®l):
   7:7>Usando la tarea "ReadLinesFromFile" del ensamblado "Microsoft.Build.Tasks.Core, Version=15.1.0.0, Culture=neutral, PublicKeyToken=b03f5f7f11d50a3a".
       Tarea "ReadLinesFromFile"
   4:6>_CleanGetCurrentAndPriorFileWrites:
       Usando la tarea "FindUnderPath" del ensamblado "Microsoft.Build.Tasks.Core, Version=15.1.0.0, Culture=neutral, PublicKeyToken=b03f5f7f11d50a3a".
       Tarea "FindUnderPath"
         La ruta de comparaci├│n es "D:\Users\Jhon\Documentos\Mintrabajo\Modulo General usuarios\AuthSystemNew\AuthSystem.UnitTests".
       Ejecuci├│n de la tarea "FindUnderPath" terminada.
   7:7>Ejecuci├│n de la tarea "ReadLinesFromFile" terminada.
   4:6>Tarea "FindUnderPath"
         La ruta de comparaci├│n es "bin\Debug\net8.0\".
   7:7>Tarea "ConvertToAbsolutePath"
   4:6>Ejecuci├│n de la tarea "FindUnderPath" terminada.
       Tarea "FindUnderPath"
         La ruta de comparaci├│n es "obj\Debug\net8.0\".
       Ejecuci├│n de la tarea "FindUnderPath" terminada.
   7:7>Ejecuci├│n de la tarea "ConvertToAbsolutePath" terminada.
   4:6>Tarea "RemoveDuplicates"
       Ejecuci├│n de la tarea "RemoveDuplicates" terminada.
   4:6>Compilaci├│n terminada del destino "_CleanGetCurrentAndPriorFileWrites" en el proyecto "AuthSystem.UnitTests.csproj".
   4:6>Destino "_CleanRecordFileWrites" en el archivo "C:\Program Files\dotnet\sdk\9.0.201\Microsoft.Common.CurrentVersion.targets" del proyecto "D:\Users\Jhon\Documentos\Mintrabajo\Modulo General usuarios\AuthSystemNew\AuthSystem.UnitTests\AuthSystem.UnitTests.csproj" (el destino "CoreBuild" depende de ├®l):
       Tarea "RemoveDuplicates"
       Ejecuci├│n de la tarea "RemoveDuplicates" terminada.
   7:7>_CleanGetCurrentAndPriorFileWrites:
       Usando la tarea "FindUnderPath" del ensamblado "Microsoft.Build.Tasks.Core, Version=15.1.0.0, Culture=neutral, PublicKeyToken=b03f5f7f11d50a3a".
       Tarea "FindUnderPath"
   4:6>Tarea "MakeDir"
       Ejecuci├│n de la tarea "MakeDir" terminada.
       Tarea "WriteLinesToFile"
   7:7>_CleanGetCurrentAndPriorFileWrites:
         La ruta de comparaci├│n es "D:\Users\Jhon\Documentos\Mintrabajo\Modulo General usuarios\AuthSystemNew\AuthSystem.API".
   4:6>_CleanRecordFileWrites:
         Omitiendo la escritura en el archivo "obj\Debug\net8.0\AuthSystem.UnitTests.csproj.FileListAbsolute.txt" porque el contenido no cambiar├í.
   7:7>Ejecuci├│n de la tarea "FindUnderPath" terminada.
       Tarea "FindUnderPath"
   4:6>Ejecuci├│n de la tarea "WriteLinesToFile" terminada.
   4:6>Compilaci├│n terminada del destino "_CleanRecordFileWrites" en el proyecto "AuthSystem.UnitTests.csproj".
   4:6>Compilaci├│n del proyecto terminada "D:\Users\Jhon\Documentos\Mintrabajo\Modulo General usuarios\AuthSystemNew\AuthSystem.UnitTests\AuthSystem.UnitTests.csproj" (destinos predeterminados) -- ERROR.
   7:7>_CleanGetCurrentAndPriorFileWrites:
         La ruta de comparaci├│n es "bin\Debug\net8.0\".
       Ejecuci├│n de la tarea "FindUnderPath" terminada.
       Tarea "FindUnderPath"
         La ruta de comparaci├│n es "obj\Debug\net8.0\".
       Ejecuci├│n de la tarea "FindUnderPath" terminada.
       Tarea "RemoveDuplicates"
       Ejecuci├│n de la tarea "RemoveDuplicates" terminada.
   7:7>Compilaci├│n terminada del destino "_CleanGetCurrentAndPriorFileWrites" en el proyecto "AuthSystem.API.csproj".
   7:7>Destino "_CleanRecordFileWrites" en el archivo "C:\Program Files\dotnet\sdk\9.0.201\Microsoft.Common.CurrentVersion.targets" del proyecto "D:\Users\Jhon\Documentos\Mintrabajo\Modulo General usuarios\AuthSystemNew\AuthSystem.API\AuthSystem.API.csproj" (el destino "CoreBuild" depende de ├®l):
       Tarea "RemoveDuplicates"
       Ejecuci├│n de la tarea "RemoveDuplicates" terminada.
       Tarea "MakeDir"
       Ejecuci├│n de la tarea "MakeDir" terminada.
       Tarea "WriteLinesToFile"
         Omitiendo la escritura en el archivo "obj\Debug\net8.0\AuthSystem.API.csproj.FileListAbsolute.txt" porque el contenido no cambiar├í.
       Ejecuci├│n de la tarea "WriteLinesToFile" terminada.
   7:7>Compilaci├│n terminada del destino "_CleanRecordFileWrites" en el proyecto "AuthSystem.API.csproj".
   7:7>Compilaci├│n del proyecto terminada "D:\Users\Jhon\Documentos\Mintrabajo\Modulo General usuarios\AuthSystemNew\AuthSystem.API\AuthSystem.API.csproj" (destinos predeterminados) -- ERROR.
   3:6>El proyecto "D:\Users\Jhon\Documentos\Mintrabajo\Modulo General usuarios\AuthSystemNew\AuthSystem.IntegrationTests\AuthSystem.IntegrationTests.csproj" (3:6) est├í compilando "D:\Users\Jhon\Documentos\Mintrabajo\Modulo General usuarios\AuthSystemNew\AuthSystem.API\AuthSystem.API.csproj" (7:9) en el nodo 1 (destinos predeterminados).
   7:9>Se omiti├│ el destino "Build". Compilado previamente de forma incorrecta.
   7:9>Compilaci├│n del proyecto terminada "D:\Users\Jhon\Documentos\Mintrabajo\Modulo General usuarios\AuthSystemNew\AuthSystem.API\AuthSystem.API.csproj" (destinos predeterminados) -- ERROR.
   3:6>Ejecuci├│n de la tarea "MSBuild" terminada -- ERROR.
   3:6>Compilaci├│n terminada del destino "ResolveProjectReferences" en el proyecto "AuthSystem.IntegrationTests.csproj" -- ERROR.
   3:6>Destino "_CheckForCompileOutputs" en el archivo "C:\Program Files\dotnet\sdk\9.0.201\Microsoft.Common.CurrentVersion.targets" del proyecto "D:\Users\Jhon\Documentos\Mintrabajo\Modulo General usuarios\AuthSystemNew\AuthSystem.IntegrationTests\AuthSystem.IntegrationTests.csproj" (el destino "_CleanGetCurrentAndPriorFileWrites" depende de ├®l):
   3:6>Compilaci├│n terminada del destino "_CheckForCompileOutputs" en el proyecto "AuthSystem.IntegrationTests.csproj".
       Se omiti├│ el destino "_SGenCheckForOutputs" debido a una condici├│n falsa (False); ('$(_SGenGenerateSerializationAssembliesConfig)' == 'On' or ('@(WebReferenceUrl)'!='' and '$(_SGenGenerateSerializationAssembliesConfig)' == 'Auto')) se evalu├│ como ('Off' == 'On' or (''!='' and 'Off' == 'Auto')).
   3:6>Destino "_CleanGetCurrentAndPriorFileWrites" en el archivo "C:\Program Files\dotnet\sdk\9.0.201\Microsoft.Common.CurrentVersion.targets" del proyecto "D:\Users\Jhon\Documentos\Mintrabajo\Modulo General usuarios\AuthSystemNew\AuthSystem.IntegrationTests\AuthSystem.IntegrationTests.csproj" (el destino "_CleanRecordFileWrites" depende de ├®l):
       Usando la tarea "ReadLinesFromFile" del ensamblado "Microsoft.Build.Tasks.Core, Version=15.1.0.0, Culture=neutral, PublicKeyToken=b03f5f7f11d50a3a".
       Tarea "ReadLinesFromFile"
       Ejecuci├│n de la tarea "ReadLinesFromFile" terminada.
       Tarea "ConvertToAbsolutePath"
       Ejecuci├│n de la tarea "ConvertToAbsolutePath" terminada.
       Usando la tarea "FindUnderPath" del ensamblado "Microsoft.Build.Tasks.Core, Version=15.1.0.0, Culture=neutral, PublicKeyToken=b03f5f7f11d50a3a".
       Tarea "FindUnderPath"
         La ruta de comparaci├│n es "D:\Users\Jhon\Documentos\Mintrabajo\Modulo General usuarios\AuthSystemNew\AuthSystem.IntegrationTests".
       Ejecuci├│n de la tarea "FindUnderPath" terminada.
       Tarea "FindUnderPath"
         La ruta de comparaci├│n es "bin\Debug\net8.0\".
       Ejecuci├│n de la tarea "FindUnderPath" terminada.
       Tarea "FindUnderPath"
         La ruta de comparaci├│n es "obj\Debug\net8.0\".
       Ejecuci├│n de la tarea "FindUnderPath" terminada.
       Tarea "RemoveDuplicates"
       Ejecuci├│n de la tarea "RemoveDuplicates" terminada.
   3:6>Compilaci├│n terminada del destino "_CleanGetCurrentAndPriorFileWrites" en el proyecto "AuthSystem.IntegrationTests.csproj".
   3:6>Destino "_CleanRecordFileWrites" en el archivo "C:\Program Files\dotnet\sdk\9.0.201\Microsoft.Common.CurrentVersion.targets" del proyecto "D:\Users\Jhon\Documentos\Mintrabajo\Modulo General usuarios\AuthSystemNew\AuthSystem.IntegrationTests\AuthSystem.IntegrationTests.csproj" (el destino "CoreBuild" depende de ├®l):
       Tarea "RemoveDuplicates"
       Ejecuci├│n de la tarea "RemoveDuplicates" terminada.
       Tarea "MakeDir"
       Ejecuci├│n de la tarea "MakeDir" terminada.
       Tarea "WriteLinesToFile"
         Omitiendo la escritura en el archivo "obj\Debug\net8.0\AuthSystem.IntegrationTests.csproj.FileListAbsolute.txt" porque el contenido no cambiar├í.
       Ejecuci├│n de la tarea "WriteLinesToFile" terminada.
   3:6>Compilaci├│n terminada del destino "_CleanRecordFileWrites" en el proyecto "AuthSystem.IntegrationTests.csproj".
   3:6>Compilaci├│n del proyecto terminada "D:\Users\Jhon\Documentos\Mintrabajo\Modulo General usuarios\AuthSystemNew\AuthSystem.IntegrationTests\AuthSystem.IntegrationTests.csproj" (destinos predeterminados) -- ERROR.
   1:2>Ejecuci├│n de la tarea "MSBuild" terminada -- ERROR.
   1:2>Compilaci├│n terminada del destino "Build" en el proyecto "AuthSystem.sln" -- ERROR.
   1:2>Compilaci├│n del proyecto terminada "D:\Users\Jhon\Documentos\Mintrabajo\Modulo General usuarios\AuthSystemNew\AuthSystem.sln" (destinos predeterminados) -- ERROR.

ERROR al compilar.

       "D:\Users\Jhon\Documentos\Mintrabajo\Modulo General usuarios\AuthSystemNew\AuthSystem.sln" (Restore destino) (1) ->
       (Restore destino) -> 
         D:\Users\Jhon\Documentos\Mintrabajo\Modulo General usuarios\AuthSystemNew\AuthSystem.Infrastructure\AuthSystem.Infrastructure.csproj : warning NU1903: El paquete "SixLabors.ImageSharp" 3.0.2 tiene una vulnerabilidad de gravedad alta conocida, https://github.com/advisories/GHSA-2cmq-823j-5qj8 [D:\Users\Jhon\Documentos\Mintrabajo\Modulo General usuarios\AuthSystemNew\AuthSystem.sln]
         D:\Users\Jhon\Documentos\Mintrabajo\Modulo General usuarios\AuthSystemNew\AuthSystem.Infrastructure\AuthSystem.Infrastructure.csproj : warning NU1902: El paquete "SixLabors.ImageSharp" 3.0.2 tiene una vulnerabilidad de gravedad moderada conocida, https://github.com/advisories/GHSA-5x7m-6737-26cr [D:\Users\Jhon\Documentos\Mintrabajo\Modulo General usuarios\AuthSystemNew\AuthSystem.sln]
         D:\Users\Jhon\Documentos\Mintrabajo\Modulo General usuarios\AuthSystemNew\AuthSystem.Infrastructure\AuthSystem.Infrastructure.csproj : warning NU1903: El paquete "SixLabors.ImageSharp" 3.0.2 tiene una vulnerabilidad de gravedad alta conocida, https://github.com/advisories/GHSA-63p8-c4ww-9cg7 [D:\Users\Jhon\Documentos\Mintrabajo\Modulo General usuarios\AuthSystemNew\AuthSystem.sln]
         D:\Users\Jhon\Documentos\Mintrabajo\Modulo General usuarios\AuthSystemNew\AuthSystem.Infrastructure\AuthSystem.Infrastructure.csproj : warning NU1903: El paquete "SixLabors.ImageSharp" 3.0.2 tiene una vulnerabilidad de gravedad alta conocida, https://github.com/advisories/GHSA-65x7-c272-7g7r [D:\Users\Jhon\Documentos\Mintrabajo\Modulo General usuarios\AuthSystemNew\AuthSystem.sln]
         D:\Users\Jhon\Documentos\Mintrabajo\Modulo General usuarios\AuthSystemNew\AuthSystem.Infrastructure\AuthSystem.Infrastructure.csproj : warning NU1902: El paquete "SixLabors.ImageSharp" 3.0.2 tiene una vulnerabilidad de gravedad moderada conocida, https://github.com/advisories/GHSA-g85r-6x2q-45w7 [D:\Users\Jhon\Documentos\Mintrabajo\Modulo General usuarios\AuthSystemNew\AuthSystem.sln]
         D:\Users\Jhon\Documentos\Mintrabajo\Modulo General usuarios\AuthSystemNew\AuthSystem.Infrastructure\AuthSystem.Infrastructure.csproj : warning NU1902: El paquete "SixLabors.ImageSharp" 3.0.2 tiene una vulnerabilidad de gravedad moderada conocida, https://github.com/advisories/GHSA-qxrv-gp6x-rc23 [D:\Users\Jhon\Documentos\Mintrabajo\Modulo General usuarios\AuthSystemNew\AuthSystem.sln]
         D:\Users\Jhon\Documentos\Mintrabajo\Modulo General usuarios\AuthSystemNew\AuthSystem.Infrastructure\AuthSystem.Infrastructure.csproj : warning NU1902: El paquete "System.IdentityModel.Tokens.Jwt" 7.0.3 tiene una vulnerabilidad de gravedad moderada conocida, https://github.com/advisories/GHSA-59j7-ghrg-fj52 [D:\Users\Jhon\Documentos\Mintrabajo\Modulo General usuarios\AuthSystemNew\AuthSystem.sln]


       "D:\Users\Jhon\Documentos\Mintrabajo\Modulo General usuarios\AuthSystemNew\AuthSystem.sln" (destino predeterminado) (1:2) ->
       "D:\Users\Jhon\Documentos\Mintrabajo\Modulo General usuarios\AuthSystemNew\AuthSystem.Infrastructure\AuthSystem.Infrastructure.csproj" (destino predeterminado) (5:9) ->
       (ResolvePackageAssets destino) -> 
         D:\Users\Jhon\Documentos\Mintrabajo\Modulo General usuarios\AuthSystemNew\AuthSystem.Infrastructure\AuthSystem.Infrastructure.csproj : warning NU1903: El paquete "SixLabors.ImageSharp" 3.0.2 tiene una vulnerabilidad de gravedad alta conocida, https://github.com/advisories/GHSA-2cmq-823j-5qj8
         D:\Users\Jhon\Documentos\Mintrabajo\Modulo General usuarios\AuthSystemNew\AuthSystem.Infrastructure\AuthSystem.Infrastructure.csproj : warning NU1902: El paquete "SixLabors.ImageSharp" 3.0.2 tiene una vulnerabilidad de gravedad moderada conocida, https://github.com/advisories/GHSA-5x7m-6737-26cr
         D:\Users\Jhon\Documentos\Mintrabajo\Modulo General usuarios\AuthSystemNew\AuthSystem.Infrastructure\AuthSystem.Infrastructure.csproj : warning NU1903: El paquete "SixLabors.ImageSharp" 3.0.2 tiene una vulnerabilidad de gravedad alta conocida, https://github.com/advisories/GHSA-63p8-c4ww-9cg7
         D:\Users\Jhon\Documentos\Mintrabajo\Modulo General usuarios\AuthSystemNew\AuthSystem.Infrastructure\AuthSystem.Infrastructure.csproj : warning NU1903: El paquete "SixLabors.ImageSharp" 3.0.2 tiene una vulnerabilidad de gravedad alta conocida, https://github.com/advisories/GHSA-65x7-c272-7g7r
         D:\Users\Jhon\Documentos\Mintrabajo\Modulo General usuarios\AuthSystemNew\AuthSystem.Infrastructure\AuthSystem.Infrastructure.csproj : warning NU1902: El paquete "SixLabors.ImageSharp" 3.0.2 tiene una vulnerabilidad de gravedad moderada conocida, https://github.com/advisories/GHSA-g85r-6x2q-45w7
         D:\Users\Jhon\Documentos\Mintrabajo\Modulo General usuarios\AuthSystemNew\AuthSystem.Infrastructure\AuthSystem.Infrastructure.csproj : warning NU1902: El paquete "SixLabors.ImageSharp" 3.0.2 tiene una vulnerabilidad de gravedad moderada conocida, https://github.com/advisories/GHSA-qxrv-gp6x-rc23
         D:\Users\Jhon\Documentos\Mintrabajo\Modulo General usuarios\AuthSystemNew\AuthSystem.Infrastructure\AuthSystem.Infrastructure.csproj : warning NU1902: El paquete "System.IdentityModel.Tokens.Jwt" 7.0.3 tiene una vulnerabilidad de gravedad moderada conocida, https://github.com/advisories/GHSA-59j7-ghrg-fj52


       "D:\Users\Jhon\Documentos\Mintrabajo\Modulo General usuarios\AuthSystemNew\AuthSystem.sln" (destino predeterminado) (1:2) ->
       "D:\Users\Jhon\Documentos\Mintrabajo\Modulo General usuarios\AuthSystemNew\AuthSystem.Infrastructure\AuthSystem.Infrastructure.csproj" (destino predeterminado) (5:9) ->
       (CoreCompile destino) -> 
         D:\Users\Jhon\Documentos\Mintrabajo\Modulo General usuarios\AuthSystemNew\AuthSystem.Infrastructure\Services\JwtService.cs(92,29): warning CS8767: La nulabilidad de los tipos de referencia del tipo de par├ímetro"additionalClaims" de "Task<string> JwtService.GenerateTokenAsync(Guid userId, string username, string email, IEnumerable<string> roles, IEnumerable<string> permissions, IDictionary<string, string> additionalClaims = null, int expirationMinutes = 60, CancellationToken cancellationToken = default(CancellationToken))" no coincide con el miembro "Task<string> IJwtService.GenerateTokenAsync(Guid userId, string username, string email, IEnumerable<string> roles, IEnumerable<string> permissions, IDictionary<string, string>? additionalClaims = null, int expirationMinutes = 60, CancellationToken cancellationToken = default(CancellationToken))" implementado de forma impl├¡cita (posiblemente debido a los atributos de nulabilidad). [D:\Users\Jhon\Documentos\Mintrabajo\Modulo General usuarios\AuthSystemNew\AuthSystem.Infrastructure\AuthSystem.Infrastructure.csproj]
         D:\Users\Jhon\Documentos\Mintrabajo\Modulo General usuarios\AuthSystemNew\AuthSystem.Infrastructure\Services\JwtService.cs(98,60): warning CS8625: No se puede convertir un literal NULL en un tipo de referencia que no acepta valores NULL. [D:\Users\Jhon\Documentos\Mintrabajo\Modulo General usuarios\AuthSystemNew\AuthSystem.Infrastructure\AuthSystem.Infrastructure.csproj]
         D:\Users\Jhon\Documentos\Mintrabajo\Modulo General usuarios\AuthSystemNew\AuthSystem.Infrastructure\Persistence\ApplicationDbContext.cs(22,16): warning CS8618: El elemento campo "_currentTransaction" que no acepta valores NULL debe contener un valor distinto de NULL al salir del constructor. Considere la posibilidad de agregar el modificador "required'"o declarar el campo como un valor que acepta valores NULL. [D:\Users\Jhon\Documentos\Mintrabajo\Modulo General usuarios\AuthSystemNew\AuthSystem.Infrastructure\AuthSystem.Infrastructure.csproj]
         D:\Users\Jhon\Documentos\Mintrabajo\Modulo General usuarios\AuthSystemNew\AuthSystem.Infrastructure\Persistence\UnitOfWork.cs(35,16): warning CS8618: El elemento campo "_userRepository" que no acepta valores NULL debe contener un valor distinto de NULL al salir del constructor. Considere la posibilidad de agregar el modificador "required'"o declarar el campo como un valor que acepta valores NULL. [D:\Users\Jhon\Documentos\Mintrabajo\Modulo General usuarios\AuthSystemNew\AuthSystem.Infrastructure\AuthSystem.Infrastructure.csproj]
         D:\Users\Jhon\Documentos\Mintrabajo\Modulo General usuarios\AuthSystemNew\AuthSystem.Infrastructure\Persistence\UnitOfWork.cs(35,16): warning CS8618: El elemento campo "_roleRepository" que no acepta valores NULL debe contener un valor distinto de NULL al salir del constructor. Considere la posibilidad de agregar el modificador "required'"o declarar el campo como un valor que acepta valores NULL. [D:\Users\Jhon\Documentos\Mintrabajo\Modulo General usuarios\AuthSystemNew\AuthSystem.Infrastructure\AuthSystem.Infrastructure.csproj]
         D:\Users\Jhon\Documentos\Mintrabajo\Modulo General usuarios\AuthSystemNew\AuthSystem.Infrastructure\Persistence\UnitOfWork.cs(35,16): warning CS8618: El elemento campo "_permissionRepository" que no acepta valores NULL debe contener un valor distinto de NULL al salir del constructor. Considere la posibilidad de agregar el modificador "required'"o declarar el campo como un valor que acepta valores NULL. [D:\Users\Jhon\Documentos\Mintrabajo\Modulo General usuarios\AuthSystemNew\AuthSystem.Infrastructure\AuthSystem.Infrastructure.csproj]
         D:\Users\Jhon\Documentos\Mintrabajo\Modulo General usuarios\AuthSystemNew\AuthSystem.Infrastructure\Persistence\UnitOfWork.cs(35,16): warning CS8618: El elemento campo "_userRoleRepository" que no acepta valores NULL debe contener un valor distinto de NULL al salir del constructor. Considere la posibilidad de agregar el modificador "required'"o declarar el campo como un valor que acepta valores NULL. [D:\Users\Jhon\Documentos\Mintrabajo\Modulo General usuarios\AuthSystemNew\AuthSystem.Infrastructure\AuthSystem.Infrastructure.csproj]
         D:\Users\Jhon\Documentos\Mintrabajo\Modulo General usuarios\AuthSystemNew\AuthSystem.Infrastructure\Persistence\UnitOfWork.cs(35,16): warning CS8618: El elemento campo "_rolePermissionRepository" que no acepta valores NULL debe contener un valor distinto de NULL al salir del constructor. Considere la posibilidad de agregar el modificador "required'"o declarar el campo como un valor que acepta valores NULL. [D:\Users\Jhon\Documentos\Mintrabajo\Modulo General usuarios\AuthSystemNew\AuthSystem.Infrastructure\AuthSystem.Infrastructure.csproj]
         D:\Users\Jhon\Documentos\Mintrabajo\Modulo General usuarios\AuthSystemNew\AuthSystem.Infrastructure\Persistence\UnitOfWork.cs(35,16): warning CS8618: El elemento campo "_userSessionRepository" que no acepta valores NULL debe contener un valor distinto de NULL al salir del constructor. Considere la posibilidad de agregar el modificador "required'"o declarar el campo como un valor que acepta valores NULL. [D:\Users\Jhon\Documentos\Mintrabajo\Modulo General usuarios\AuthSystemNew\AuthSystem.Infrastructure\AuthSystem.Infrastructure.csproj]
         D:\Users\Jhon\Documentos\Mintrabajo\Modulo General usuarios\AuthSystemNew\AuthSystem.Infrastructure\Persistence\UnitOfWork.cs(35,16): warning CS8618: El elemento campo "_modules" que no acepta valores NULL debe contener un valor distinto de NULL al salir del constructor. Considere la posibilidad de agregar el modificador "required'"o declarar el campo como un valor que acepta valores NULL. [D:\Users\Jhon\Documentos\Mintrabajo\Modulo General usuarios\AuthSystemNew\AuthSystem.Infrastructure\AuthSystem.Infrastructure.csproj]
         D:\Users\Jhon\Documentos\Mintrabajo\Modulo General usuarios\AuthSystemNew\AuthSystem.Infrastructure\Persistence\UnitOfWork.cs(35,16): warning CS8618: El elemento campo "_routes" que no acepta valores NULL debe contener un valor distinto de NULL al salir del constructor. Considere la posibilidad de agregar el modificador "required'"o declarar el campo como un valor que acepta valores NULL. [D:\Users\Jhon\Documentos\Mintrabajo\Modulo General usuarios\AuthSystemNew\AuthSystem.Infrastructure\AuthSystem.Infrastructure.csproj]
         D:\Users\Jhon\Documentos\Mintrabajo\Modulo General usuarios\AuthSystemNew\AuthSystem.Infrastructure\Persistence\UnitOfWork.cs(35,16): warning CS8618: El elemento campo "_roleRoutes" que no acepta valores NULL debe contener un valor distinto de NULL al salir del constructor. Considere la posibilidad de agregar el modificador "required'"o declarar el campo como un valor que acepta valores NULL. [D:\Users\Jhon\Documentos\Mintrabajo\Modulo General usuarios\AuthSystemNew\AuthSystem.Infrastructure\AuthSystem.Infrastructure.csproj]
         D:\Users\Jhon\Documentos\Mintrabajo\Modulo General usuarios\AuthSystemNew\AuthSystem.Infrastructure\Persistence\Migrations\SeedModulesData.cs(21,21): warning CS8625: No se puede convertir un literal NULL en un tipo de referencia que no acepta valores NULL. [D:\Users\Jhon\Documentos\Mintrabajo\Modulo General usuarios\AuthSystemNew\AuthSystem.Infrastructure\AuthSystem.Infrastructure.csproj]
         D:\Users\Jhon\Documentos\Mintrabajo\Modulo General usuarios\AuthSystemNew\AuthSystem.Infrastructure\Persistence\Migrations\SeedModulesData.cs(41,21): warning CS8625: No se puede convertir un literal NULL en un tipo de referencia que no acepta valores NULL. [D:\Users\Jhon\Documentos\Mintrabajo\Modulo General usuarios\AuthSystemNew\AuthSystem.Infrastructure\AuthSystem.Infrastructure.csproj]
         D:\Users\Jhon\Documentos\Mintrabajo\Modulo General usuarios\AuthSystemNew\AuthSystem.Infrastructure\Persistence\Migrations\SeedModulesData.cs(98,21): warning CS8625: No se puede convertir un literal NULL en un tipo de referencia que no acepta valores NULL. [D:\Users\Jhon\Documentos\Mintrabajo\Modulo General usuarios\AuthSystemNew\AuthSystem.Infrastructure\AuthSystem.Infrastructure.csproj]
         D:\Users\Jhon\Documentos\Mintrabajo\Modulo General usuarios\AuthSystemNew\AuthSystem.Infrastructure\Services\JwtService.cs(60,30): warning CS8619: La nulabilidad de los tipos de referencia en el valor de tipo "List<string>" no coincide con el tipo de destino "List<string?>". [D:\Users\Jhon\Documentos\Mintrabajo\Modulo General usuarios\AuthSystemNew\AuthSystem.Infrastructure\AuthSystem.Infrastructure.csproj]
         D:\Users\Jhon\Documentos\Mintrabajo\Modulo General usuarios\AuthSystemNew\AuthSystem.Infrastructure\Services\JwtService.cs(67,30): warning CS8619: La nulabilidad de los tipos de referencia en el valor de tipo "List<string>" no coincide con el tipo de destino "List<string?>". [D:\Users\Jhon\Documentos\Mintrabajo\Modulo General usuarios\AuthSystemNew\AuthSystem.Infrastructure\AuthSystem.Infrastructure.csproj]
         D:\Users\Jhon\Documentos\Mintrabajo\Modulo General usuarios\AuthSystemNew\AuthSystem.Infrastructure\Services\JwtService.cs(73,17): warning CS8620: El argumento de tipo "List<string?>" no se puede usar para el par├ímetro "roles" de tipo "IEnumerable<string>" en "Task<string> JwtService.GenerateTokenAsync(Guid userId, string username, string email, IEnumerable<string> roles, IEnumerable<string> permissions, IDictionary<string, string> additionalClaims = null, int expirationMinutes = 60, CancellationToken cancellationToken = default(CancellationToken))" debido a las diferencias en la nulabilidad de los tipos de referencia. [D:\Users\Jhon\Documentos\Mintrabajo\Modulo General usuarios\AuthSystemNew\AuthSystem.Infrastructure\AuthSystem.Infrastructure.csproj]
         D:\Users\Jhon\Documentos\Mintrabajo\Modulo General usuarios\AuthSystemNew\AuthSystem.Infrastructure\Services\JwtService.cs(74,17): warning CS8620: El argumento de tipo "List<string?>" no se puede usar para el par├ímetro "permissions" de tipo "IEnumerable<string>" en "Task<string> JwtService.GenerateTokenAsync(Guid userId, string username, string email, IEnumerable<string> roles, IEnumerable<string> permissions, IDictionary<string, string> additionalClaims = null, int expirationMinutes = 60, CancellationToken cancellationToken = default(CancellationToken))" debido a las diferencias en la nulabilidad de los tipos de referencia. [D:\Users\Jhon\Documentos\Mintrabajo\Modulo General usuarios\AuthSystemNew\AuthSystem.Infrastructure\AuthSystem.Infrastructure.csproj]
         D:\Users\Jhon\Documentos\Mintrabajo\Modulo General usuarios\AuthSystemNew\AuthSystem.Infrastructure\Services\JwtService.cs(75,17): warning CS8625: No se puede convertir un literal NULL en un tipo de referencia que no acepta valores NULL. [D:\Users\Jhon\Documentos\Mintrabajo\Modulo General usuarios\AuthSystemNew\AuthSystem.Infrastructure\AuthSystem.Infrastructure.csproj]
         D:\Users\Jhon\Documentos\Mintrabajo\Modulo General usuarios\AuthSystemNew\AuthSystem.Infrastructure\Persistence\Repositories\GenericRepository.cs(39,20): warning CS8603: Posible tipo de valor devuelto de referencia nulo. [D:\Users\Jhon\Documentos\Mintrabajo\Modulo General usuarios\AuthSystemNew\AuthSystem.Infrastructure\AuthSystem.Infrastructure.csproj]
         D:\Users\Jhon\Documentos\Mintrabajo\Modulo General usuarios\AuthSystemNew\AuthSystem.Infrastructure\Persistence\Repositories\UserSessionRepository.cs(59,20): warning CS8603: Posible tipo de valor devuelto de referencia nulo. [D:\Users\Jhon\Documentos\Mintrabajo\Modulo General usuarios\AuthSystemNew\AuthSystem.Infrastructure\AuthSystem.Infrastructure.csproj]
         D:\Users\Jhon\Documentos\Mintrabajo\Modulo General usuarios\AuthSystemNew\AuthSystem.Infrastructure\Services\JwtService.cs(140,75): warning CS8604: Posible argumento de referencia nulo para el par├ímetro "s" en "byte[] Encoding.GetBytes(string s)". [D:\Users\Jhon\Documentos\Mintrabajo\Modulo General usuarios\AuthSystemNew\AuthSystem.Infrastructure\AuthSystem.Infrastructure.csproj]
         D:\Users\Jhon\Documentos\Mintrabajo\Modulo General usuarios\AuthSystemNew\AuthSystem.Infrastructure\Services\CaptchaService.cs(243,28): warning CS8603: Posible tipo de valor devuelto de referencia nulo. [D:\Users\Jhon\Documentos\Mintrabajo\Modulo General usuarios\AuthSystemNew\AuthSystem.Infrastructure\AuthSystem.Infrastructure.csproj]
         D:\Users\Jhon\Documentos\Mintrabajo\Modulo General usuarios\AuthSystemNew\AuthSystem.Infrastructure\Services\CaptchaService.cs(255,24): warning CS8603: Posible tipo de valor devuelto de referencia nulo. [D:\Users\Jhon\Documentos\Mintrabajo\Modulo General usuarios\AuthSystemNew\AuthSystem.Infrastructure\AuthSystem.Infrastructure.csproj]
         D:\Users\Jhon\Documentos\Mintrabajo\Modulo General usuarios\AuthSystemNew\AuthSystem.Infrastructure\Persistence\Repositories\PermissionRepository.cs(38,20): warning CS8603: Posible tipo de valor devuelto de referencia nulo. [D:\Users\Jhon\Documentos\Mintrabajo\Modulo General usuarios\AuthSystemNew\AuthSystem.Infrastructure\AuthSystem.Infrastructure.csproj]
         D:\Users\Jhon\Documentos\Mintrabajo\Modulo General usuarios\AuthSystemNew\AuthSystem.Infrastructure\Services\JwtService.cs(305,88): warning CS8604: Posible argumento de referencia nulo para el par├ímetro "s" en "byte[] Encoding.GetBytes(string s)". [D:\Users\Jhon\Documentos\Mintrabajo\Modulo General usuarios\AuthSystemNew\AuthSystem.Infrastructure\AuthSystem.Infrastructure.csproj]
         D:\Users\Jhon\Documentos\Mintrabajo\Modulo General usuarios\AuthSystemNew\AuthSystem.Infrastructure\Services\JwtService.cs(317,61): warning CS8625: No se puede convertir un literal NULL en un tipo de referencia que no acepta valores NULL. [D:\Users\Jhon\Documentos\Mintrabajo\Modulo General usuarios\AuthSystemNew\AuthSystem.Infrastructure\AuthSystem.Infrastructure.csproj]
         D:\Users\Jhon\Documentos\Mintrabajo\Modulo General usuarios\AuthSystemNew\AuthSystem.Infrastructure\Services\JwtService.cs(325,57): warning CS8625: No se puede convertir un literal NULL en un tipo de referencia que no acepta valores NULL. [D:\Users\Jhon\Documentos\Mintrabajo\Modulo General usuarios\AuthSystemNew\AuthSystem.Infrastructure\AuthSystem.Infrastructure.csproj]
         D:\Users\Jhon\Documentos\Mintrabajo\Modulo General usuarios\AuthSystemNew\AuthSystem.Infrastructure\Persistence\Repositories\Repository.cs(57,20): warning CS8603: Posible tipo de valor devuelto de referencia nulo. [D:\Users\Jhon\Documentos\Mintrabajo\Modulo General usuarios\AuthSystemNew\AuthSystem.Infrastructure\AuthSystem.Infrastructure.csproj]
         D:\Users\Jhon\Documentos\Mintrabajo\Modulo General usuarios\AuthSystemNew\AuthSystem.Infrastructure\Persistence\Repositories\RoleRepository.cs(38,20): warning CS8603: Posible tipo de valor devuelto de referencia nulo. [D:\Users\Jhon\Documentos\Mintrabajo\Modulo General usuarios\AuthSystemNew\AuthSystem.Infrastructure\AuthSystem.Infrastructure.csproj]
         D:\Users\Jhon\Documentos\Mintrabajo\Modulo General usuarios\AuthSystemNew\AuthSystem.Infrastructure\Persistence\Repositories\UserRoleRepository.cs(62,20): warning CS8603: Posible tipo de valor devuelto de referencia nulo. [D:\Users\Jhon\Documentos\Mintrabajo\Modulo General usuarios\AuthSystemNew\AuthSystem.Infrastructure\AuthSystem.Infrastructure.csproj]
         D:\Users\Jhon\Documentos\Mintrabajo\Modulo General usuarios\AuthSystemNew\AuthSystem.Infrastructure\Persistence\Repositories\RolePermissionRepository.cs(62,20): warning CS8603: Posible tipo de valor devuelto de referencia nulo. [D:\Users\Jhon\Documentos\Mintrabajo\Modulo General usuarios\AuthSystemNew\AuthSystem.Infrastructure\AuthSystem.Infrastructure.csproj]
         D:\Users\Jhon\Documentos\Mintrabajo\Modulo General usuarios\AuthSystemNew\AuthSystem.Infrastructure\Persistence\Repositories\UserRepository.cs(38,20): warning CS8603: Posible tipo de valor devuelto de referencia nulo. [D:\Users\Jhon\Documentos\Mintrabajo\Modulo General usuarios\AuthSystemNew\AuthSystem.Infrastructure\AuthSystem.Infrastructure.csproj]
         D:\Users\Jhon\Documentos\Mintrabajo\Modulo General usuarios\AuthSystemNew\AuthSystem.Infrastructure\Persistence\Repositories\ModuleRepository.cs(102,20): warning CS8603: Posible tipo de valor devuelto de referencia nulo. [D:\Users\Jhon\Documentos\Mintrabajo\Modulo General usuarios\AuthSystemNew\AuthSystem.Infrastructure\AuthSystem.Infrastructure.csproj]
         D:\Users\Jhon\Documentos\Mintrabajo\Modulo General usuarios\AuthSystemNew\AuthSystem.Infrastructure\Persistence\Repositories\RoleRepository.cs(91,20): warning CS8603: Posible tipo de valor devuelto de referencia nulo. [D:\Users\Jhon\Documentos\Mintrabajo\Modulo General usuarios\AuthSystemNew\AuthSystem.Infrastructure\AuthSystem.Infrastructure.csproj]
         D:\Users\Jhon\Documentos\Mintrabajo\Modulo General usuarios\AuthSystemNew\AuthSystem.Infrastructure\Persistence\Repositories\UserRepository.cs(57,20): warning CS8603: Posible tipo de valor devuelto de referencia nulo. [D:\Users\Jhon\Documentos\Mintrabajo\Modulo General usuarios\AuthSystemNew\AuthSystem.Infrastructure\AuthSystem.Infrastructure.csproj]
         D:\Users\Jhon\Documentos\Mintrabajo\Modulo General usuarios\AuthSystemNew\AuthSystem.Infrastructure\Persistence\Repositories\UserRepository.cs(134,20): warning CS8603: Posible tipo de valor devuelto de referencia nulo. [D:\Users\Jhon\Documentos\Mintrabajo\Modulo General usuarios\AuthSystemNew\AuthSystem.Infrastructure\AuthSystem.Infrastructure.csproj]
         D:\Users\Jhon\Documentos\Mintrabajo\Modulo General usuarios\AuthSystemNew\AuthSystem.Infrastructure\Persistence\Repositories\RouteRepository.cs(158,20): warning CS8603: Posible tipo de valor devuelto de referencia nulo. [D:\Users\Jhon\Documentos\Mintrabajo\Modulo General usuarios\AuthSystemNew\AuthSystem.Infrastructure\AuthSystem.Infrastructure.csproj]
         D:\Users\Jhon\Documentos\Mintrabajo\Modulo General usuarios\AuthSystemNew\AuthSystem.Infrastructure\Persistence\ApplicationDbContext.cs(752,43): warning CS8625: No se puede convertir un literal NULL en un tipo de referencia que no acepta valores NULL. [D:\Users\Jhon\Documentos\Mintrabajo\Modulo General usuarios\AuthSystemNew\AuthSystem.Infrastructure\AuthSystem.Infrastructure.csproj]
         D:\Users\Jhon\Documentos\Mintrabajo\Modulo General usuarios\AuthSystemNew\AuthSystem.Infrastructure\Persistence\ApplicationDbContext.cs(773,43): warning CS8625: No se puede convertir un literal NULL en un tipo de referencia que no acepta valores NULL. [D:\Users\Jhon\Documentos\Mintrabajo\Modulo General usuarios\AuthSystemNew\AuthSystem.Infrastructure\AuthSystem.Infrastructure.csproj]
         D:\Users\Jhon\Documentos\Mintrabajo\Modulo General usuarios\AuthSystemNew\AuthSystem.Infrastructure\Persistence\Migrations\AddModuleViewPermission.cs(39,38): warning EF1002: Method 'ExecuteSqlRaw' inserts interpolated strings directly into the SQL, without any protection against SQL injection. Consider using 'ExecuteSql' instead, which protects against SQL injection, or make sure that the value is sanitized and suppress the warning. [D:\Users\Jhon\Documentos\Mintrabajo\Modulo General usuarios\AuthSystemNew\AuthSystem.Infrastructure\AuthSystem.Infrastructure.csproj]
         D:\Users\Jhon\Documentos\Mintrabajo\Modulo General usuarios\AuthSystemNew\AuthSystem.Infrastructure\Persistence\Migrations\AddModuleViewPermission.cs(63,38): warning EF1002: Method 'ExecuteSqlRaw' inserts interpolated strings directly into the SQL, without any protection against SQL injection. Consider using 'ExecuteSql' instead, which protects against SQL injection, or make sure that the value is sanitized and suppress the warning. [D:\Users\Jhon\Documentos\Mintrabajo\Modulo General usuarios\AuthSystemNew\AuthSystem.Infrastructure\AuthSystem.Infrastructure.csproj]


       "D:\Users\Jhon\Documentos\Mintrabajo\Modulo General usuarios\AuthSystemNew\AuthSystem.sln" (destino predeterminado) (1:2) ->
       "D:\Users\Jhon\Documentos\Mintrabajo\Modulo General usuarios\AuthSystemNew\AuthSystem.Infrastructure\AuthSystem.Infrastructure.csproj" (destino predeterminado) (5:9) ->
       (CoreCompile destino) -> 
         D:\Users\Jhon\Documentos\Mintrabajo\Modulo General usuarios\AuthSystemNew\AuthSystem.Infrastructure\Persistence\Repositories\PermissionRouteRepository.cs(34,35): error CS1061: "ApplicationDbContext" no contiene una definici├│n para "PermissionRoutes" ni un m├®todo de extensi├│n accesible "PermissionRoutes" que acepte un primer argumento del tipo "ApplicationDbContext" (┬┐falta alguna directiva using o una referencia de ensamblado?) [D:\Users\Jhon\Documentos\Mintrabajo\Modulo General usuarios\AuthSystemNew\AuthSystem.Infrastructure\AuthSystem.Infrastructure.csproj]
         D:\Users\Jhon\Documentos\Mintrabajo\Modulo General usuarios\AuthSystemNew\AuthSystem.Infrastructure\Persistence\Repositories\PermissionRouteRepository.cs(49,35): error CS1061: "ApplicationDbContext" no contiene una definici├│n para "PermissionRoutes" ni un m├®todo de extensi├│n accesible "PermissionRoutes" que acepte un primer argumento del tipo "ApplicationDbContext" (┬┐falta alguna directiva using o una referencia de ensamblado?) [D:\Users\Jhon\Documentos\Mintrabajo\Modulo General usuarios\AuthSystemNew\AuthSystem.Infrastructure\AuthSystem.Infrastructure.csproj]
         D:\Users\Jhon\Documentos\Mintrabajo\Modulo General usuarios\AuthSystemNew\AuthSystem.Infrastructure\Persistence\Repositories\PermissionRouteRepository.cs(81,51): error CS1061: "ApplicationDbContext" no contiene una definici├│n para "PermissionRoutes" ni un m├®todo de extensi├│n accesible "PermissionRoutes" que acepte un primer argumento del tipo "ApplicationDbContext" (┬┐falta alguna directiva using o una referencia de ensamblado?) [D:\Users\Jhon\Documentos\Mintrabajo\Modulo General usuarios\AuthSystemNew\AuthSystem.Infrastructure\AuthSystem.Infrastructure.csproj]
         D:\Users\Jhon\Documentos\Mintrabajo\Modulo General usuarios\AuthSystemNew\AuthSystem.Infrastructure\Persistence\Repositories\PermissionRouteRepository.cs(101,28): error CS1061: "ApplicationDbContext" no contiene una definici├│n para "PermissionRoutes" ni un m├®todo de extensi├│n accesible "PermissionRoutes" que acepte un primer argumento del tipo "ApplicationDbContext" (┬┐falta alguna directiva using o una referencia de ensamblado?) [D:\Users\Jhon\Documentos\Mintrabajo\Modulo General usuarios\AuthSystemNew\AuthSystem.Infrastructure\AuthSystem.Infrastructure.csproj]
         D:\Users\Jhon\Documentos\Mintrabajo\Modulo General usuarios\AuthSystemNew\AuthSystem.Infrastructure\Persistence\Repositories\PermissionRouteRepository.cs(114,50): error CS1061: "ApplicationDbContext" no contiene una definici├│n para "PermissionRoutes" ni un m├®todo de extensi├│n accesible "PermissionRoutes" que acepte un primer argumento del tipo "ApplicationDbContext" (┬┐falta alguna directiva using o una referencia de ensamblado?) [D:\Users\Jhon\Documentos\Mintrabajo\Modulo General usuarios\AuthSystemNew\AuthSystem.Infrastructure\AuthSystem.Infrastructure.csproj]
         D:\Users\Jhon\Documentos\Mintrabajo\Modulo General usuarios\AuthSystemNew\AuthSystem.Infrastructure\Persistence\Repositories\PermissionRouteRepository.cs(123,22): error CS1061: "ApplicationDbContext" no contiene una definici├│n para "PermissionRoutes" ni un m├®todo de extensi├│n accesible "PermissionRoutes" que acepte un primer argumento del tipo "ApplicationDbContext" (┬┐falta alguna directiva using o una referencia de ensamblado?) [D:\Users\Jhon\Documentos\Mintrabajo\Modulo General usuarios\AuthSystemNew\AuthSystem.Infrastructure\AuthSystem.Infrastructure.csproj]
         D:\Users\Jhon\Documentos\Mintrabajo\Modulo General usuarios\AuthSystemNew\AuthSystem.Infrastructure\Persistence\Repositories\PermissionRouteRepository.cs(135,35): error CS1061: "ApplicationDbContext" no contiene una definici├│n para "PermissionRoutes" ni un m├®todo de extensi├│n accesible "PermissionRoutes" que acepte un primer argumento del tipo "ApplicationDbContext" (┬┐falta alguna directiva using o una referencia de ensamblado?) [D:\Users\Jhon\Documentos\Mintrabajo\Modulo General usuarios\AuthSystemNew\AuthSystem.Infrastructure\AuthSystem.Infrastructure.csproj]

    57 Advertencia(s)
    7 Errores

Tiempo transcurrido 00:00:01.40

Hay actualizaciones de carga de trabajo disponibles. Ejecute "dotnet workload list" para obtener m├ís informaci├│n.
